OpenROAD 843a08803f27d34a8dee7637ed89fc9bb87aebfb 
Features included (+) or not (-): +GPU +GUI +Python
This program is licensed under the BSD-3 license. See the LICENSE file for details.
Components of this program may be licensed under more restrictive licenses which must be honored.
[INFO ORD-0030] Using 32 thread(s).
source /home/lucast/workspace/OR-flow-TCC/flow/platforms/asap7/liberty_suppressions.tcl
read_liberty /home/lucast/workspace/OR-flow-TCC/flow/platforms/asap7/lib/NLDM/asap7sc7p5t_AO_RVT_FF_nldm_211120.lib.gz
read_liberty /home/lucast/workspace/OR-flow-TCC/flow/platforms/asap7/lib/NLDM/asap7sc7p5t_INVBUF_RVT_FF_nldm_220122.lib.gz
read_liberty /home/lucast/workspace/OR-flow-TCC/flow/platforms/asap7/lib/NLDM/asap7sc7p5t_OA_RVT_FF_nldm_211120.lib.gz
read_liberty /home/lucast/workspace/OR-flow-TCC/flow/platforms/asap7/lib/NLDM/asap7sc7p5t_SIMPLE_RVT_FF_nldm_211120.lib.gz
read_liberty /home/lucast/workspace/OR-flow-TCC/flow/platforms/asap7/lib/NLDM/asap7sc7p5t_SEQ_RVT_FF_nldm_220123.lib
read_liberty /home/lucast/workspace/OR-flow-TCC/flow/platforms/asap7/lib/NLDM/asap7sc7p5t_DFFHQNH2V2X_RVT_TT_nldm_FAKE.lib
read_liberty /home/lucast/workspace/OR-flow-TCC/flow/platforms/asap7/lib/NLDM/asap7sc7p5t_DFFHQNV2X_RVT_TT_nldm_FAKE.lib
read_db ./results/asap7/gcd/baseline_alpha_8-beta_0.1-run5/5_1_grt.odb
source /home/lucast/workspace/OR-flow-TCC/flow/platforms/asap7/setRC.tcl
[INFO ORD-0030] Using 16 thread(s).
detailed_route -output_drc ./reports/asap7/gcd/baseline_alpha_8-beta_0.1-run5/5_route_drc.rpt -output_maze ./results/asap7/gcd/baseline_alpha_8-beta_0.1-run5/maze.log -droute_end_iter 64 -verbose 1 -drc_report_iter_step 5
[INFO DRT-0149] Reading tech and libs.

Units:                1000
Number of layers:     21
Number of macros:     230
Number of vias:       14
Number of viarulegen: 11

[INFO DRT-0150] Reading design.

Design:                   gcd
Die area:                 ( 0 0 ) ( 8790 8790 )
Number of track patterns: 32
Number of DEF vias:       0
Number of components:     447
Number of terminals:      56
Number of snets:          2
Number of nets:           464

[INFO DRT-0167] List of default vias:
  Layer V2
    default via: VIA23
  Layer V3
    default via: VIA34
  Layer V4
    default via: VIA45
  Layer V5
    default via: VIA56
  Layer V6
    default via: VIA67
  Layer V7
    default via: VIA78
  Layer V8
    default via: VIA89
  Layer V9
    default via: VIA9Pad
[INFO DRT-0162] Library cell analysis.
[INFO DRT-0163] Instance analysis.
[INFO DRT-0164] Number of unique instances = 97.
[INFO DRT-0168] Init region query.
[INFO DRT-0024]   Complete Active.
[INFO DRT-0024]   Complete V0.
[INFO DRT-0024]   Complete M1.
[INFO DRT-0024]   Complete V1.
[INFO DRT-0024]   Complete M2.
[INFO DRT-0024]   Complete V2.
[INFO DRT-0024]   Complete M3.
[INFO DRT-0024]   Complete V3.
[INFO DRT-0024]   Complete M4.
[INFO DRT-0024]   Complete V4.
[INFO DRT-0024]   Complete M5.
[INFO DRT-0024]   Complete V5.
[INFO DRT-0024]   Complete M6.
[INFO DRT-0024]   Complete V6.
[INFO DRT-0024]   Complete M7.
[INFO DRT-0024]   Complete V7.
[INFO DRT-0024]   Complete M8.
[INFO DRT-0024]   Complete V8.
[INFO DRT-0024]   Complete M9.
[INFO DRT-0024]   Complete V9.
[INFO DRT-0024]   Complete Pad.
[INFO DRT-0033] Active shape region query size = 0.
[INFO DRT-0033] V0 shape region query size = 0.
[INFO DRT-0033] M1 shape region query size = 7166.
[INFO DRT-0033] V1 shape region query size = 6564.
[INFO DRT-0033] M2 shape region query size = 244.
[INFO DRT-0033] V2 shape region query size = 192.
[INFO DRT-0033] M3 shape region query size = 183.
[INFO DRT-0033] V3 shape region query size = 116.
[INFO DRT-0033] M4 shape region query size = 143.
[INFO DRT-0033] V4 shape region query size = 116.
[INFO DRT-0033] M5 shape region query size = 97.
[INFO DRT-0033] V5 shape region query size = 16.
[INFO DRT-0033] M6 shape region query size = 16.
[INFO DRT-0033] V6 shape region query size = 0.
[INFO DRT-0033] M7 shape region query size = 0.
[INFO DRT-0033] V7 shape region query size = 0.
[INFO DRT-0033] M8 shape region query size = 0.
[INFO DRT-0033] V8 shape region query size = 0.
[INFO DRT-0033] M9 shape region query size = 0.
[INFO DRT-0033] V9 shape region query size = 0.
[INFO DRT-0033] Pad shape region query size = 0.
[INFO DRT-0165] Start pin access.
[INFO DRT-0078]   Complete 564 pins.
[INFO DRT-0081]   Complete 97 unique inst patterns.
[INFO DRT-0084]   Complete 195 groups.
#scanned instances     = 447
#unique  instances     = 97
#stdCellGenAp          = 2795
#stdCellValidPlanarAp  = 14
#stdCellValidViaAp     = 2119
#stdCellPinNoAp        = 0
#stdCellPinCnt         = 1364
#instTermValidViaApCnt = 0
#macroGenAp            = 0
#macroValidPlanarAp    = 0
#macroValidViaAp       = 0
#macroNoAp             = 0
[INFO DRT-0166] Complete pin access.
[INFO DRT-0267] cpu time = 00:00:23, elapsed time = 00:00:05, memory = 289.00 (MB), peak = 286.02 (MB)

[INFO DRT-0157] Number of guides:     3363

[INFO DRT-0169] Post process guides.
[INFO DRT-0176] GCELLGRID X 0 DO 15 STEP 570 ;
[INFO DRT-0177] GCELLGRID Y 0 DO 15 STEP 570 ;
[INFO DRT-0028]   Complete Active.
[INFO DRT-0028]   Complete V0.
[INFO DRT-0028]   Complete M1.
[INFO DRT-0028]   Complete V1.
[INFO DRT-0028]   Complete M2.
[INFO DRT-0028]   Complete V2.
[INFO DRT-0028]   Complete M3.
[INFO DRT-0028]   Complete V3.
[INFO DRT-0028]   Complete M4.
[INFO DRT-0028]   Complete V4.
[INFO DRT-0028]   Complete M5.
[INFO DRT-0028]   Complete V5.
[INFO DRT-0028]   Complete M6.
[INFO DRT-0028]   Complete V6.
[INFO DRT-0028]   Complete M7.
[INFO DRT-0028]   Complete V7.
[INFO DRT-0028]   Complete M8.
[INFO DRT-0028]   Complete V8.
[INFO DRT-0028]   Complete M9.
[INFO DRT-0028]   Complete V9.
[INFO DRT-0028]   Complete Pad.
[INFO DRT-0178] Init guide query.
[INFO DRT-0035]   Complete Active (guide).
[INFO DRT-0035]   Complete V0 (guide).
[INFO DRT-0035]   Complete M1 (guide).
[INFO DRT-0035]   Complete V1 (guide).
[INFO DRT-0035]   Complete M2 (guide).
[INFO DRT-0035]   Complete V2 (guide).
[INFO DRT-0035]   Complete M3 (guide).
[INFO DRT-0035]   Complete V3 (guide).
[INFO DRT-0035]   Complete M4 (guide).
[INFO DRT-0035]   Complete V4 (guide).
[INFO DRT-0035]   Complete M5 (guide).
[INFO DRT-0035]   Complete V5 (guide).
[INFO DRT-0035]   Complete M6 (guide).
[INFO DRT-0035]   Complete V6 (guide).
[INFO DRT-0035]   Complete M7 (guide).
[INFO DRT-0035]   Complete V7 (guide).
[INFO DRT-0035]   Complete M8 (guide).
[INFO DRT-0035]   Complete V8 (guide).
[INFO DRT-0035]   Complete M9 (guide).
[INFO DRT-0035]   Complete V9 (guide).
[INFO DRT-0035]   Complete Pad (guide).
[INFO DRT-0036] Active guide region query size = 0.
[INFO DRT-0036] V0 guide region query size = 0.
[INFO DRT-0036] M1 guide region query size = 1174.
[INFO DRT-0036] V1 guide region query size = 0.
[INFO DRT-0036] M2 guide region query size = 996.
[INFO DRT-0036] V2 guide region query size = 0.
[INFO DRT-0036] M3 guide region query size = 498.
[INFO DRT-0036] V3 guide region query size = 0.
[INFO DRT-0036] M4 guide region query size = 64.
[INFO DRT-0036] V4 guide region query size = 0.
[INFO DRT-0036] M5 guide region query size = 30.
[INFO DRT-0036] V5 guide region query size = 0.
[INFO DRT-0036] M6 guide region query size = 0.
[INFO DRT-0036] V6 guide region query size = 0.
[INFO DRT-0036] M7 guide region query size = 0.
[INFO DRT-0036] V7 guide region query size = 0.
[INFO DRT-0036] M8 guide region query size = 0.
[INFO DRT-0036] V8 guide region query size = 0.
[INFO DRT-0036] M9 guide region query size = 0.
[INFO DRT-0036] V9 guide region query size = 0.
[INFO DRT-0036] Pad guide region query size = 0.
[INFO DRT-0179] Init gr pin query.
[INFO DRT-0267] cpu time = 00:00:00, elapsed time = 00:00:00, memory = 289.51 (MB), peak = 286.52 (MB)
[INFO DRT-0245] skipped writing guide updates to database.
[INFO DRT-0185] Post process initialize RPin region query.
[INFO DRT-0181] Start track assignment.
[INFO DRT-0184] Done with 1702 vertical wires in 1 frboxes and 1060 horizontal wires in 1 frboxes.
[INFO DRT-0186] Done with 188 vertical wires in 1 frboxes and 302 horizontal wires in 1 frboxes.
[INFO DRT-0182] Complete track assignment.
[INFO DRT-0267] cpu time = 00:00:00, elapsed time = 00:00:00, memory = 297.47 (MB), peak = 294.27 (MB)
[INFO DRT-0187] Start routing data preparation.
[INFO DRT-0267] cpu time = 00:00:00, elapsed time = 00:00:00, memory = 297.72 (MB), peak = 294.52 (MB)
[INFO DRT-0194] Start detail routing.
[INFO DRT-0195] Start 0th optimization iteration.
    Completing 10% with 0 violations.
    elapsed time = 00:00:00, memory = 298.14 (MB).
    Completing 20% with 0 violations.
    elapsed time = 00:00:00, memory = 456.29 (MB).
    Completing 30% with 0 violations.
    elapsed time = 00:00:00, memory = 415.55 (MB).
    Completing 40% with 0 violations.
    elapsed time = 00:00:01, memory = 347.00 (MB).
    Completing 50% with 26 violations.
    elapsed time = 00:00:01, memory = 458.77 (MB).
    Completing 60% with 26 violations.
    elapsed time = 00:00:02, memory = 388.24 (MB).
    Completing 70% with 59 violations.
    elapsed time = 00:00:02, memory = 485.59 (MB).
    Completing 80% with 59 violations.
    elapsed time = 00:00:04, memory = 404.56 (MB).
    Completing 100% with 91 violations.
    elapsed time = 00:00:06, memory = 408.63 (MB).
[INFO DRT-0199]   Number of violations = 103.
Viol/Layer          M2     M3     V4
CutSpcTbl            0      0      2
EOL                  7      1      0
Metal Spacing        3      3      0
Recheck              8      4      0
Short                6      0      0
eolKeepOut          66      3      0
[INFO DRT-0267] cpu time = 00:00:07, elapsed time = 00:00:06, memory = 914.25 (MB), peak = 922.52 (MB)
Total wire length = 896 um.
Total wire length on LAYER M1 = 0 um.
Total wire length on LAYER M2 = 322 um.
Total wire length on LAYER M3 = 425 um.
Total wire length on LAYER M4 = 124 um.
Total wire length on LAYER M5 = 24 um.
Total wire length on LAYER M6 = 0 um.
Total wire length on LAYER M7 = 0 um.
Total wire length on LAYER M8 = 0 um.
Total wire length on LAYER M9 = 0 um.
Total wire length on LAYER Pad = 0 um.
Total number of vias = 3687.
Up-via summary (total 3687):

---------------
 Active       0
     M1    1360
     M2    1962
     M3     320
     M4      45
     M5       0
     M6       0
     M7       0
     M8       0
     M9       0
---------------
       3687


[INFO DRT-0195] Start 1st optimization iteration.
    Completing 10% with 103 violations.
    elapsed time = 00:00:00, memory = 1062.99 (MB).
    Completing 20% with 103 violations.
    elapsed time = 00:00:00, memory = 1011.81 (MB).
    Completing 30% with 103 violations.
    elapsed time = 00:00:00, memory = 959.55 (MB).
    Completing 40% with 103 violations.
    elapsed time = 00:00:00, memory = 959.55 (MB).
    Completing 50% with 99 violations.
    elapsed time = 00:00:01, memory = 985.18 (MB).
    Completing 60% with 99 violations.
    elapsed time = 00:00:01, memory = 985.18 (MB).
    Completing 70% with 85 violations.
    elapsed time = 00:00:02, memory = 997.85 (MB).
    Completing 80% with 85 violations.
    elapsed time = 00:00:03, memory = 997.85 (MB).
    Completing 100% with 24 violations.
    elapsed time = 00:00:04, memory = 997.85 (MB).
[INFO DRT-0199]   Number of violations = 24.
Viol/Layer          M2     M3
EOL                  3      0
Metal Spacing        1      0
Short                1      1
eolKeepOut          18      0
[INFO DRT-0267] cpu time = 00:00:07, elapsed time = 00:00:04, memory = 1000.98 (MB), peak = 1104.87 (MB)
Total wire length = 887 um.
Total wire length on LAYER M1 = 0 um.
Total wire length on LAYER M2 = 306 um.
Total wire length on LAYER M3 = 416 um.
Total wire length on LAYER M4 = 137 um.
Total wire length on LAYER M5 = 26 um.
Total wire length on LAYER M6 = 0 um.
Total wire length on LAYER M7 = 0 um.
Total wire length on LAYER M8 = 0 um.
Total wire length on LAYER M9 = 0 um.
Total wire length on LAYER Pad = 0 um.
Total number of vias = 3625.
Up-via summary (total 3625):

---------------
 Active       0
     M1    1359
     M2    1913
     M3     312
     M4      41
     M5       0
     M6       0
     M7       0
     M8       0
     M9       0
---------------
       3625


[INFO DRT-0195] Start 2nd optimization iteration.
    Completing 10% with 24 violations.
    elapsed time = 00:00:00, memory = 1000.98 (MB).
    Completing 20% with 24 violations.
    elapsed time = 00:00:00, memory = 1147.50 (MB).
    Completing 30% with 24 violations.
    elapsed time = 00:00:00, memory = 1096.22 (MB).
    Completing 40% with 24 violations.
    elapsed time = 00:00:01, memory = 1023.82 (MB).
    Completing 50% with 15 violations.
    elapsed time = 00:00:01, memory = 1139.01 (MB).
    Completing 60% with 15 violations.
    elapsed time = 00:00:02, memory = 1058.07 (MB).
    Completing 70% with 21 violations.
    elapsed time = 00:00:02, memory = 1058.07 (MB).
    Completing 80% with 21 violations.
    elapsed time = 00:00:02, memory = 1058.07 (MB).
    Completing 100% with 27 violations.
    elapsed time = 00:00:04, memory = 1058.07 (MB).
[INFO DRT-0199]   Number of violations = 27.
Viol/Layer          M2
EOL                  4
Short                2
eolKeepOut          21
[INFO DRT-0267] cpu time = 00:00:05, elapsed time = 00:00:04, memory = 1055.71 (MB), peak = 1193.67 (MB)
Total wire length = 883 um.
Total wire length on LAYER M1 = 0 um.
Total wire length on LAYER M2 = 301 um.
Total wire length on LAYER M3 = 414 um.
Total wire length on LAYER M4 = 140 um.
Total wire length on LAYER M5 = 26 um.
Total wire length on LAYER M6 = 0 um.
Total wire length on LAYER M7 = 0 um.
Total wire length on LAYER M8 = 0 um.
Total wire length on LAYER M9 = 0 um.
Total wire length on LAYER Pad = 0 um.
Total number of vias = 3603.
Up-via summary (total 3603):

---------------
 Active       0
     M1    1359
     M2    1895
     M3     310
     M4      39
     M5       0
     M6       0
     M7       0
     M8       0
     M9       0
---------------
       3603


[INFO DRT-0195] Start 3rd guides tiles iteration.
    Completing 10% with 27 violations.
    elapsed time = 00:00:00, memory = 1055.71 (MB).
    Completing 20% with 17 violations.
    elapsed time = 00:00:00, memory = 1055.71 (MB).
    Completing 40% with 17 violations.
    elapsed time = 00:00:00, memory = 1060.42 (MB).
    Completing 50% with 5 violations.
    elapsed time = 00:00:00, memory = 1060.42 (MB).
    Completing 70% with 5 violations.
    elapsed time = 00:00:01, memory = 1060.42 (MB).
    Completing 80% with 0 violations.
    elapsed time = 00:00:01, memory = 1060.42 (MB).
    Completing 100% with 0 violations.
    elapsed time = 00:00:01, memory = 987.22 (MB).
[INFO DRT-0199]   Number of violations = 0.
[INFO DRT-0267] cpu time = 00:00:02, elapsed time = 00:00:01, memory = 1072.16 (MB), peak = 1193.67 (MB)
Total wire length = 883 um.
Total wire length on LAYER M1 = 0 um.
Total wire length on LAYER M2 = 298 um.
Total wire length on LAYER M3 = 412 um.
Total wire length on LAYER M4 = 143 um.
Total wire length on LAYER M5 = 28 um.
Total wire length on LAYER M6 = 0 um.
Total wire length on LAYER M7 = 0 um.
Total wire length on LAYER M8 = 0 um.
Total wire length on LAYER M9 = 0 um.
Total wire length on LAYER Pad = 0 um.
Total number of vias = 3598.
Up-via summary (total 3598):

---------------
 Active       0
     M1    1359
     M2    1877
     M3     318
     M4      44
     M5       0
     M6       0
     M7       0
     M8       0
     M9       0
---------------
       3598


[INFO DRT-0198] Complete detail routing.
Total wire length = 883 um.
Total wire length on LAYER M1 = 0 um.
Total wire length on LAYER M2 = 298 um.
Total wire length on LAYER M3 = 412 um.
Total wire length on LAYER M4 = 143 um.
Total wire length on LAYER M5 = 28 um.
Total wire length on LAYER M6 = 0 um.
Total wire length on LAYER M7 = 0 um.
Total wire length on LAYER M8 = 0 um.
Total wire length on LAYER M9 = 0 um.
Total wire length on LAYER Pad = 0 um.
Total number of vias = 3598.
Up-via summary (total 3598):

---------------
 Active       0
     M1    1359
     M2    1877
     M3     318
     M4      44
     M5       0
     M6       0
     M7       0
     M8       0
     M9       0
---------------
       3598


[INFO DRT-0267] cpu time = 00:00:23, elapsed time = 00:00:16, memory = 1072.23 (MB), peak = 1193.67 (MB)

[INFO DRT-0180] Post processing.
Took 22 seconds: detailed_route -output_drc ./reports/asap7/gcd/baseline_alpha_8-beta_0.1-run5/5_route_drc.rpt -output_maze ./results/asap7/gcd/baseline_alpha_8-beta_0.1-run5/maze.log -droute_end_iter 64 -verbose 1 -drc_report_iter_step 5
[WARNING GRT-0246] No diode with LEF class CORE ANTENNACELL found.
[INFO ANT-0002] Found 0 net violations.
[INFO ANT-0001] Found 0 pin violations.
[INFO ANT-0002] Found 0 net violations.
[INFO ANT-0001] Found 0 pin violations.
write_db ./results/asap7/gcd/baseline_alpha_8-beta_0.1-run5/5_2_route.odb
[INFO ORD-0030] Using 32 thread(s).
Elapsed time: 0:22.88[h:]min:sec. CPU time: user 47.65 sys 0.40 (210%). Peak memory: 1222316KB.
Log                        Elapsed/s Peak Memory/MB  sha1sum .odb [0:20)
5_2_route                         22           1193 b866b2595824d82f667a
