OpenROAD ee3d65ce03b2656092ed62bf9205c5c11049c575 
Features included (+) or not (-): +GPU +GUI +Python
This program is licensed under the BSD-3 license. See the LICENSE file for details.
Components of this program may be licensed under more restrictive licenses which must be honored.
[INFO ORD-0030] Using 32 thread(s).
source /home/lucast/workspace/OR-flow-TCC/flow/platforms/asap7/liberty_suppressions.tcl
read_liberty /home/lucast/workspace/OR-flow-TCC/flow/platforms/asap7/lib/NLDM/asap7sc7p5t_AO_RVT_FF_nldm_211120.lib.gz
read_liberty /home/lucast/workspace/OR-flow-TCC/flow/platforms/asap7/lib/NLDM/asap7sc7p5t_INVBUF_RVT_FF_nldm_220122.lib.gz
read_liberty /home/lucast/workspace/OR-flow-TCC/flow/platforms/asap7/lib/NLDM/asap7sc7p5t_OA_RVT_FF_nldm_211120.lib.gz
read_liberty /home/lucast/workspace/OR-flow-TCC/flow/platforms/asap7/lib/NLDM/asap7sc7p5t_SIMPLE_RVT_FF_nldm_211120.lib.gz
read_liberty /home/lucast/workspace/OR-flow-TCC/flow/platforms/asap7/lib/NLDM/asap7sc7p5t_SEQ_RVT_FF_nldm_220123.lib
read_liberty /home/lucast/workspace/OR-flow-TCC/flow/platforms/asap7/lib/NLDM/asap7sc7p5t_AO_LVT_FF_nldm_211120.lib.gz
read_liberty /home/lucast/workspace/OR-flow-TCC/flow/platforms/asap7/lib/NLDM/asap7sc7p5t_INVBUF_LVT_FF_nldm_220122.lib.gz
read_liberty /home/lucast/workspace/OR-flow-TCC/flow/platforms/asap7/lib/NLDM/asap7sc7p5t_OA_LVT_FF_nldm_211120.lib.gz
read_liberty /home/lucast/workspace/OR-flow-TCC/flow/platforms/asap7/lib/NLDM/asap7sc7p5t_SIMPLE_LVT_FF_nldm_211120.lib.gz
read_liberty /home/lucast/workspace/OR-flow-TCC/flow/platforms/asap7/lib/NLDM/asap7sc7p5t_SEQ_LVT_FF_nldm_220123.lib
read_liberty /home/lucast/workspace/OR-flow-TCC/flow/platforms/asap7/lib/NLDM/asap7sc7p5t_AO_SLVT_FF_nldm_211120.lib.gz
read_liberty /home/lucast/workspace/OR-flow-TCC/flow/platforms/asap7/lib/NLDM/asap7sc7p5t_INVBUF_SLVT_FF_nldm_220122.lib.gz
read_liberty /home/lucast/workspace/OR-flow-TCC/flow/platforms/asap7/lib/NLDM/asap7sc7p5t_OA_SLVT_FF_nldm_211120.lib.gz
read_liberty /home/lucast/workspace/OR-flow-TCC/flow/platforms/asap7/lib/NLDM/asap7sc7p5t_SIMPLE_SLVT_FF_nldm_211120.lib.gz
read_liberty /home/lucast/workspace/OR-flow-TCC/flow/platforms/asap7/lib/NLDM/asap7sc7p5t_SEQ_SLVT_FF_nldm_220123.lib
read_liberty /home/lucast/workspace/OR-flow-TCC/flow/platforms/asap7/lib/NLDM/fakeram7_64x256.lib
read_liberty /home/lucast/workspace/OR-flow-TCC/flow/platforms/asap7/lib/NLDM/fakeram7_128x64.lib
read_liberty /home/lucast/workspace/OR-flow-TCC/flow/platforms/asap7/lib/NLDM/fakeram7_64x28.lib
read_liberty /home/lucast/workspace/OR-flow-TCC/flow/platforms/asap7/lib/NLDM/fakeram7_64x25.lib
read_liberty /home/lucast/workspace/OR-flow-TCC/flow/platforms/asap7/lib/NLDM/asap7sc7p5t_DFFHQNH2V2X_RVT_TT_nldm_FAKE.lib
read_liberty /home/lucast/workspace/OR-flow-TCC/flow/platforms/asap7/lib/NLDM/asap7sc7p5t_DFFHQNV2X_RVT_TT_nldm_FAKE.lib
read_db ./results/asap7/cva6/baseline_alpha_16-beta_0.1/6_1_fill.odb
source /home/lucast/workspace/OR-flow-TCC/flow/platforms/asap7/setRC.tcl
write_db ./results/asap7/cva6/baseline_alpha_16-beta_0.1/6_final.odb
Deleted 0 routing obstructions
Warning: master DFFHQNH2V2Xx1_ASAP7_75t_L has signal pins but no liberty cell
Warning: master DFFHQNH2V2Xx1_ASAP7_75t_SL has signal pins but no liberty cell
Warning: master DFFHQNH2V2Xx2_ASAP7_75t_L has signal pins but no liberty cell
Warning: master DFFHQNH2V2Xx2_ASAP7_75t_SL has signal pins but no liberty cell
Warning: master DFFHQNH2V2Xx3_ASAP7_75t_L has signal pins but no liberty cell
Warning: master DFFHQNH2V2Xx3_ASAP7_75t_SL has signal pins but no liberty cell
Warning: master DFFHQNV2Xx1_ASAP7_75t_L has signal pins but no liberty cell
Warning: master DFFHQNV2Xx1_ASAP7_75t_SL has signal pins but no liberty cell
Warning: master DFFHQNV2Xx2_ASAP7_75t_L has signal pins but no liberty cell
Warning: master DFFHQNV2Xx2_ASAP7_75t_SL has signal pins but no liberty cell
Warning: master DFFHQNV2Xx3_ASAP7_75t_L has signal pins but no liberty cell
Warning: master DFFHQNV2Xx3_ASAP7_75t_SL has signal pins but no liberty cell
[INFO RCX-0431] Defined process_corner X with ext_model_index 0
[INFO RCX-0029] Defined extraction corner X
[INFO RCX-0435] Reading extraction model file /home/lucast/workspace/OR-flow-TCC/flow/platforms/asap7/rcx_patterns.rules ...
[INFO RCX-0436] RC segment generation cva6 (max_merge_res 50.0) ...
[INFO RCX-0040] Final 1014680 rc segments
[INFO RCX-0439] Coupling Cap extraction cva6 ...
[INFO RCX-0440] Coupling threshhold is 0.1000 fF, coupling capacitance less than 0.1000 fF will be grounded.
[INFO RCX-0442] 11% of 1132700 wires extracted
[INFO RCX-0442] 25% of 1132700 wires extracted
[INFO RCX-0442] 39% of 1132700 wires extracted
[INFO RCX-0442] 54% of 1132700 wires extracted
[INFO RCX-0442] 69% of 1132700 wires extracted
[INFO RCX-0442] 83% of 1132700 wires extracted
[INFO RCX-0442] 100% of 1132700 wires extracted
[INFO RCX-0045] Extract 117592 nets, 1131523 rsegs, 1131523 caps, 1891932 ccs
[INFO RCX-0042] 100000 nets finished
[INFO RCX-0443] 117592 nets finished
[INFO PSM-0040] All shapes on net VDD are connected.
########## IR report #################
Net              : VDD
Corner           : default
Total power      : 1.31e-01 W
Supply voltage   : 7.70e-01 V
Worstcase voltage: 7.61e-01 V
Average voltage  : 7.69e-01 V
Average IR drop  : 1.14e-03 V
Worstcase IR drop: 9.48e-03 V
Percentage drop  : 1.23 %
######################################
[INFO PSM-0040] All shapes on net VSS are connected.
########## IR report #################
Net              : VSS
Corner           : default
Total power      : 1.31e-01 W
Supply voltage   : 0.00e+00 V
Worstcase voltage: 1.51e-02 V
Average voltage  : 1.16e-03 V
Average IR drop  : 1.16e-03 V
Worstcase IR drop: 1.51e-02 V
Percentage drop  : 1.96 %
######################################
Cell type report:                       Count       Area
  Macro                                     8    4167.38
  Fill cell                             85257    4401.50
  Tap cell                               3788     110.46
  Tie cell                               7139     312.26
  Clock buffer                            610     233.45
  Timing Repair Buffer                  12458    1083.83
  Inverter                               7626     334.00
  Clock inverter                          154      24.58
  Sequential cell                        7672    3320.27
  Multi-Input combinational cell        77390    8259.69
  Total                                202102   22247.43
Report metrics stage 6, finish...

==========================================================================
finish report_design_area
--------------------------------------------------------------------------
Design area 17846 um^2 75% utilization.
Elapsed time: 1:34.11[h:]min:sec. CPU time: user 199.75 sys 41.86 (256%). Peak memory: 3053292KB.
Log                        Elapsed/s Peak Memory/MB  sha1sum .odb [0:20)
6_report                          94           2981                  N/A
