OpenROAD ee3d65ce03b2656092ed62bf9205c5c11049c575 
Features included (+) or not (-): +GPU +GUI +Python
This program is licensed under the BSD-3 license. See the LICENSE file for details.
Components of this program may be licensed under more restrictive licenses which must be honored.
[INFO ORD-0030] Using 32 thread(s).
source /home/lucast/workspace/OR-flow-TCC/flow/platforms/asap7/liberty_suppressions.tcl
read_liberty /home/lucast/workspace/OR-flow-TCC/flow/platforms/asap7/lib/NLDM/asap7sc7p5t_AO_RVT_FF_nldm_211120.lib.gz
read_liberty /home/lucast/workspace/OR-flow-TCC/flow/platforms/asap7/lib/NLDM/asap7sc7p5t_INVBUF_RVT_FF_nldm_220122.lib.gz
read_liberty /home/lucast/workspace/OR-flow-TCC/flow/platforms/asap7/lib/NLDM/asap7sc7p5t_OA_RVT_FF_nldm_211120.lib.gz
read_liberty /home/lucast/workspace/OR-flow-TCC/flow/platforms/asap7/lib/NLDM/asap7sc7p5t_SIMPLE_RVT_FF_nldm_211120.lib.gz
read_liberty /home/lucast/workspace/OR-flow-TCC/flow/platforms/asap7/lib/NLDM/asap7sc7p5t_SEQ_RVT_FF_nldm_220123.lib
read_liberty /home/lucast/workspace/OR-flow-TCC/flow/platforms/asap7/lib/NLDM/asap7sc7p5t_DFFHQNH2V2X_RVT_TT_nldm_FAKE.lib
read_liberty /home/lucast/workspace/OR-flow-TCC/flow/platforms/asap7/lib/NLDM/asap7sc7p5t_DFFHQNV2X_RVT_TT_nldm_FAKE.lib
read_db ./results/asap7/aes/modified_alpha_2-beta_0.1/4_cts.odb
source /home/lucast/workspace/OR-flow-TCC/flow/platforms/asap7/setRC.tcl
pin_access
[INFO DRT-0149] Reading tech and libs.

Units:                1000
Number of layers:     21
Number of macros:     230
Number of vias:       14
Number of viarulegen: 11

[INFO DRT-0150] Reading design.

Design:                   aes_cipher_top
Die area:                 ( 0 0 ) ( 52642 52642 )
Number of track patterns: 32
Number of DEF vias:       0
Number of components:     16823
Number of terminals:      390
Number of snets:          2
Number of nets:           16949

[INFO DRT-0167] List of default vias:
  Layer V2
    default via: VIA23
  Layer V3
    default via: VIA34
  Layer V4
    default via: VIA45
  Layer V5
    default via: VIA56
  Layer V6
    default via: VIA67
  Layer V7
    default via: VIA78
  Layer V8
    default via: VIA89
  Layer V9
    default via: VIA9Pad
[INFO DRT-0162] Library cell analysis.
[INFO DRT-0163] Instance analysis.
[INFO DRT-0164] Number of unique instances = 215.
[INFO DRT-0168] Init region query.
[INFO DRT-0024]   Complete Active.
[INFO DRT-0024]   Complete V0.
[INFO DRT-0024]   Complete M1.
[INFO DRT-0024]   Complete V1.
[INFO DRT-0024]   Complete M2.
[INFO DRT-0024]   Complete V2.
[INFO DRT-0024]   Complete M3.
[INFO DRT-0024]   Complete V3.
[INFO DRT-0024]   Complete M4.
[INFO DRT-0024]   Complete V4.
[INFO DRT-0024]   Complete M5.
[INFO DRT-0024]   Complete V5.
[INFO DRT-0024]   Complete M6.
[INFO DRT-0024]   Complete V6.
[INFO DRT-0024]   Complete M7.
[INFO DRT-0024]   Complete V7.
[INFO DRT-0024]   Complete M8.
[INFO DRT-0024]   Complete V8.
[INFO DRT-0024]   Complete M9.
[INFO DRT-0024]   Complete V9.
[INFO DRT-0024]   Complete Pad.
[INFO DRT-0033] Active shape region query size = 0.
[INFO DRT-0033] V0 shape region query size = 0.
[INFO DRT-0033] M1 shape region query size = 247063.
[INFO DRT-0033] V1 shape region query size = 247850.
[INFO DRT-0033] M2 shape region query size = 3763.
[INFO DRT-0033] V2 shape region query size = 4922.
[INFO DRT-0033] M3 shape region query size = 4891.
[INFO DRT-0033] V3 shape region query size = 3240.
[INFO DRT-0033] M4 shape region query size = 3407.
[INFO DRT-0033] V4 shape region query size = 3240.
[INFO DRT-0033] M5 shape region query size = 2021.
[INFO DRT-0033] V5 shape region query size = 324.
[INFO DRT-0033] M6 shape region query size = 198.
[INFO DRT-0033] V6 shape region query size = 0.
[INFO DRT-0033] M7 shape region query size = 0.
[INFO DRT-0033] V7 shape region query size = 0.
[INFO DRT-0033] M8 shape region query size = 0.
[INFO DRT-0033] V8 shape region query size = 0.
[INFO DRT-0033] M9 shape region query size = 0.
[INFO DRT-0033] V9 shape region query size = 0.
[INFO DRT-0033] Pad shape region query size = 0.
[INFO DRT-0165] Start pin access.
[INFO DRT-0076]   Complete 1000 pins.
[INFO DRT-0078]   Complete 1184 pins.
[INFO DRT-0079]   Complete 100 unique inst patterns.
[INFO DRT-0079]   Complete 200 unique inst patterns.
[INFO DRT-0081]   Complete 215 unique inst patterns.
[INFO DRT-0084]   Complete 8523 groups.
#scanned instances     = 16823
#unique  instances     = 215
#stdCellGenAp          = 7453
#stdCellValidPlanarAp  = 43
#stdCellValidViaAp     = 5384
#stdCellPinNoAp        = 0
#stdCellPinCnt         = 53071
#instTermValidViaApCnt = 0
#macroGenAp            = 0
#macroValidPlanarAp    = 0
#macroValidViaAp       = 0
#macroNoAp             = 0
[INFO DRT-0166] Complete pin access.
[INFO DRT-0267] cpu time = 00:05:10, elapsed time = 00:00:13, memory = 286.98 (MB), peak = 281.83 (MB)
Took 14 seconds: pin_access
global_route -congestion_report_file ./reports/asap7/aes/modified_alpha_2-beta_0.1/congestion.rpt -congestion_iterations 30 -congestion_report_iter_step 5 -verbose
[INFO GRT-0020] Min routing layer: M2
[INFO GRT-0021] Max routing layer: M7
[INFO GRT-0022] Global adjustment: 0%
[INFO GRT-0023] Grid origin: (0, 0)
[INFO GRT-0088] Layer M1      Track-Pitch = 0.0360  line-2-Via Pitch: 0.0360
[INFO GRT-0088] Layer M2      Track-Pitch = 0.0390  line-2-Via Pitch: 0.0360
[INFO GRT-0088] Layer M3      Track-Pitch = 0.0360  line-2-Via Pitch: 0.0360
[INFO GRT-0088] Layer M4      Track-Pitch = 0.0480  line-2-Via Pitch: 0.0480
[INFO GRT-0088] Layer M5      Track-Pitch = 0.0480  line-2-Via Pitch: 0.0480
[INFO GRT-0088] Layer M6      Track-Pitch = 0.0640  line-2-Via Pitch: 0.0640
[INFO GRT-0088] Layer M7      Track-Pitch = 0.0640  line-2-Via Pitch: 0.0640
[INFO GRT-0003] Macros: 0
[INFO GRT-0004] Blockages: 1686
[INFO GRT-0019] Found 35 clock nets.
[INFO GRT-0001] Minimum degree: 2
[INFO GRT-0002] Maximum degree: 72

[INFO GRT-0053] Routing resources analysis:
          Routing      Original      Derated      Resource
Layer     Direction    Resources     Resources    Reduction (%)
---------------------------------------------------------------
M1         Vertical            0             0          0.00%
M2         Horizontal     104792         75562          27.89%
M3         Vertical       128224         95237          25.73%
M4         Horizontal      98126         72929          25.68%
M5         Vertical        95038         70597          25.72%
M6         Horizontal      66903         45490          32.01%
M7         Vertical        74893         50505          32.56%
---------------------------------------------------------------

[INFO GRT-0197] Via related to pin nodes: 98694
[INFO GRT-0198] Via related Steiner nodes: 3068
[INFO GRT-0199] Via filling finished.
[INFO GRT-0111] Final number of vias: 127186
[INFO GRT-0112] Final usage 3D: 479808

[INFO GRT-0096] Final congestion report:
Layer         Resource        Demand        Usage (%)    Max H / Max V / Total Overflow
---------------------------------------------------------------------------------------
M1                   0             0            0.00%             0 /  0 /  0
M2               75562         37858           50.10%             0 /  0 /  0
M3               95237         43188           45.35%             0 /  0 /  0
M4               72929         10830           14.85%             0 /  0 /  0
M5               70597          5802            8.22%             0 /  0 /  0
M6               45490           398            0.87%             0 /  0 /  0
M7               50505           174            0.34%             0 /  0 /  0
---------------------------------------------------------------------------------------
Total           410320         98250           23.94%             0 /  0 /  0

[INFO GRT-0018] Total wirelength: 81225 um
[INFO GRT-0014] Routed nets: 16699
[INFO GRT-0303] Global routing runtime = 00:00:00
estimate_parasitics -global_routing
Perform buffer insertion and gate resizing...
repair_design -verbose
Iteration |   Area    | Resized | Buffers | Nets repaired | Remaining
---------------------------------------------------------------------
        0 |     +0.0% |       0 |       0 |             0 |     16976
     1000 |     +0.0% |       0 |       0 |             0 |     15976
     2000 |     +0.0% |       0 |       0 |             0 |     14976
     3000 |     +0.0% |       0 |       0 |             0 |     13976
     4000 |     +0.0% |       0 |       0 |             0 |     12976
     5000 |     +0.0% |       0 |       0 |             0 |     11976
     6000 |     +0.0% |       0 |       0 |             0 |     10976
     7000 |     +0.0% |       0 |       0 |             0 |      9976
     8000 |     +0.0% |       0 |       0 |             0 |      8976
[WARNING RSZ-0104] Net _15531_ only has one pin. Check if it is intended to be dangling.
[WARNING RSZ-0104] Net _15530_ only has one pin. Check if it is intended to be dangling.
[WARNING RSZ-0104] Net _15529_ only has one pin. Check if it is intended to be dangling.
[WARNING RSZ-0104] Net _15528_ only has one pin. Check if it is intended to be dangling.
[WARNING RSZ-0104] Net _15527_ only has one pin. Check if it is intended to be dangling.
[WARNING RSZ-0104] Net _15526_ only has one pin. Check if it is intended to be dangling.
[WARNING RSZ-0104] Net _15525_ only has one pin. Check if it is intended to be dangling.
[WARNING RSZ-0104] Net _15524_ only has one pin. Check if it is intended to be dangling.
[WARNING RSZ-0104] Net _15523_ only has one pin. Check if it is intended to be dangling.
[WARNING RSZ-0104] Net _15518_ only has one pin. Check if it is intended to be dangling.
[WARNING RSZ-0104] Net _15517_ only has one pin. Check if it is intended to be dangling.
[WARNING RSZ-0104] Net _15516_ only has one pin. Check if it is intended to be dangling.
[WARNING RSZ-0104] Net _15515_ only has one pin. Check if it is intended to be dangling.
[WARNING RSZ-0104] Net _15513_ only has one pin. Check if it is intended to be dangling.
[WARNING RSZ-0104] Net _15512_ only has one pin. Check if it is intended to be dangling.
[WARNING RSZ-0104] Net _15463_ only has one pin. Check if it is intended to be dangling.
[WARNING RSZ-0104] Net _15460_ only has one pin. Check if it is intended to be dangling.
[WARNING RSZ-0104] Net _15459_ only has one pin. Check if it is intended to be dangling.
[WARNING RSZ-0104] Net _15438_ only has one pin. Check if it is intended to be dangling.
[WARNING RSZ-0104] Net _15437_ only has one pin. Check if it is intended to be dangling.
[WARNING RSZ-0104] Net _15436_ only has one pin. Check if it is intended to be dangling.
[WARNING RSZ-0104] Net _15435_ only has one pin. Check if it is intended to be dangling.
[WARNING RSZ-0104] Net _15434_ only has one pin. Check if it is intended to be dangling.
[WARNING RSZ-0104] Net _15433_ only has one pin. Check if it is intended to be dangling.
[WARNING RSZ-0104] Net _15340_ only has one pin. Check if it is intended to be dangling.
[WARNING RSZ-0104] Net _15339_ only has one pin. Check if it is intended to be dangling.
[WARNING RSZ-0104] Net _15338_ only has one pin. Check if it is intended to be dangling.
[WARNING RSZ-0104] Net _15337_ only has one pin. Check if it is intended to be dangling.
[WARNING RSZ-0104] Net _15336_ only has one pin. Check if it is intended to be dangling.
[WARNING RSZ-0104] Net _15335_ only has one pin. Check if it is intended to be dangling.
[WARNING RSZ-0104] Net _15303_ only has one pin. Check if it is intended to be dangling.
[WARNING RSZ-0104] Net _15302_ only has one pin. Check if it is intended to be dangling.
[WARNING RSZ-0104] Net _15301_ only has one pin. Check if it is intended to be dangling.
[WARNING RSZ-0104] Net _15300_ only has one pin. Check if it is intended to be dangling.
[WARNING RSZ-0104] Net _15299_ only has one pin. Check if it is intended to be dangling.
[WARNING RSZ-0104] Net _15298_ only has one pin. Check if it is intended to be dangling.
     9000 |     +0.0% |       0 |       0 |             0 |      7976
[WARNING RSZ-0104] Net _15545_ only has one pin. Check if it is intended to be dangling.
[WARNING RSZ-0104] Net _15544_ only has one pin. Check if it is intended to be dangling.
[WARNING RSZ-0104] Net _15541_ only has one pin. Check if it is intended to be dangling.
[WARNING RSZ-0104] Net _15539_ only has one pin. Check if it is intended to be dangling.
[WARNING RSZ-0104] Net _15538_ only has one pin. Check if it is intended to be dangling.
[WARNING RSZ-0104] Net _15536_ only has one pin. Check if it is intended to be dangling.
[WARNING RSZ-0104] Net _15535_ only has one pin. Check if it is intended to be dangling.
[WARNING RSZ-0104] Net _15534_ only has one pin. Check if it is intended to be dangling.
[WARNING RSZ-0104] Net _15533_ only has one pin. Check if it is intended to be dangling.
[WARNING RSZ-0104] Net _15532_ only has one pin. Check if it is intended to be dangling.
[WARNING RSZ-0104] Net _15522_ only has one pin. Check if it is intended to be dangling.
[WARNING RSZ-0104] Net _15521_ only has one pin. Check if it is intended to be dangling.
[WARNING RSZ-0104] Net _15520_ only has one pin. Check if it is intended to be dangling.
[WARNING RSZ-0104] Net _15519_ only has one pin. Check if it is intended to be dangling.
[WARNING RSZ-0104] Net _15514_ only has one pin. Check if it is intended to be dangling.
[WARNING RSZ-0104] Net _15511_ only has one pin. Check if it is intended to be dangling.
[WARNING RSZ-0104] Net _15487_ only has one pin. Check if it is intended to be dangling.
[WARNING RSZ-0104] Net _15468_ only has one pin. Check if it is intended to be dangling.
[WARNING RSZ-0104] Net _15462_ only has one pin. Check if it is intended to be dangling.
[WARNING RSZ-0104] Net _15461_ only has one pin. Check if it is intended to be dangling.
[WARNING RSZ-0104] Net _15458_ only has one pin. Check if it is intended to be dangling.
[WARNING RSZ-0104] Net _15443_ only has one pin. Check if it is intended to be dangling.
[WARNING RSZ-0104] Net _15442_ only has one pin. Check if it is intended to be dangling.
[WARNING RSZ-0104] Net _15439_ only has one pin. Check if it is intended to be dangling.
[WARNING RSZ-0104] Net _15419_ only has one pin. Check if it is intended to be dangling.
[WARNING RSZ-0104] Net _15390_ only has one pin. Check if it is intended to be dangling.
[WARNING RSZ-0104] Net _15388_ only has one pin. Check if it is intended to be dangling.
[WARNING RSZ-0104] Net _15386_ only has one pin. Check if it is intended to be dangling.
[WARNING RSZ-0104] Net _15385_ only has one pin. Check if it is intended to be dangling.
[WARNING RSZ-0104] Net _15384_ only has one pin. Check if it is intended to be dangling.
[WARNING RSZ-0104] Net _15383_ only has one pin. Check if it is intended to be dangling.
[WARNING RSZ-0104] Net _15382_ only has one pin. Check if it is intended to be dangling.
[WARNING RSZ-0104] Net _15381_ only has one pin. Check if it is intended to be dangling.
[WARNING RSZ-0104] Net _15380_ only has one pin. Check if it is intended to be dangling.
[WARNING RSZ-0104] Net _15356_ only has one pin. Check if it is intended to be dangling.
[WARNING RSZ-0104] Net _15355_ only has one pin. Check if it is intended to be dangling.
[WARNING RSZ-0104] Net _15354_ only has one pin. Check if it is intended to be dangling.
[WARNING RSZ-0104] Net _15353_ only has one pin. Check if it is intended to be dangling.
[WARNING RSZ-0104] Net _15352_ only has one pin. Check if it is intended to be dangling.
[WARNING RSZ-0104] Net _15351_ only has one pin. Check if it is intended to be dangling.
[WARNING RSZ-0104] Net _15350_ only has one pin. Check if it is intended to be dangling.
[WARNING RSZ-0104] Net _15349_ only has one pin. Check if it is intended to be dangling.
[WARNING RSZ-0104] Net _15348_ only has one pin. Check if it is intended to be dangling.
[WARNING RSZ-0104] Net _15347_ only has one pin. Check if it is intended to be dangling.
[WARNING RSZ-0104] Net _15346_ only has one pin. Check if it is intended to be dangling.
[WARNING RSZ-0104] Net _15345_ only has one pin. Check if it is intended to be dangling.
[WARNING RSZ-0104] Net _15344_ only has one pin. Check if it is intended to be dangling.
[WARNING RSZ-0104] Net _15341_ only has one pin. Check if it is intended to be dangling.
[WARNING RSZ-0104] Net _15320_ only has one pin. Check if it is intended to be dangling.
[WARNING RSZ-0104] Net _15319_ only has one pin. Check if it is intended to be dangling.
[WARNING RSZ-0104] Net _15318_ only has one pin. Check if it is intended to be dangling.
[WARNING RSZ-0104] Net _15317_ only has one pin. Check if it is intended to be dangling.
[WARNING RSZ-0104] Net _15316_ only has one pin. Check if it is intended to be dangling.
[WARNING RSZ-0104] Net _15315_ only has one pin. Check if it is intended to be dangling.
[WARNING RSZ-0104] Net _15314_ only has one pin. Check if it is intended to be dangling.
[WARNING RSZ-0104] Net _15312_ only has one pin. Check if it is intended to be dangling.
[WARNING RSZ-0104] Net _15311_ only has one pin. Check if it is intended to be dangling.
[WARNING RSZ-0104] Net _15310_ only has one pin. Check if it is intended to be dangling.
[WARNING RSZ-0104] Net _15309_ only has one pin. Check if it is intended to be dangling.
[WARNING RSZ-0104] Net _15308_ only has one pin. Check if it is intended to be dangling.
[WARNING RSZ-0104] Net _15307_ only has one pin. Check if it is intended to be dangling.
[WARNING RSZ-0104] Net _15306_ only has one pin. Check if it is intended to be dangling.
[WARNING RSZ-0104] Net _15305_ only has one pin. Check if it is intended to be dangling.
[WARNING RSZ-0104] Net _15304_ only has one pin. Check if it is intended to be dangling.
    10000 |     +0.0% |       0 |       0 |             0 |      6976
    11000 |     +0.0% |       0 |       0 |             0 |      5976
[WARNING RSZ-0104] Net _15547_ only has one pin. Check if it is intended to be dangling.
[WARNING RSZ-0104] Net _15546_ only has one pin. Check if it is intended to be dangling.
[WARNING RSZ-0104] Net _15543_ only has one pin. Check if it is intended to be dangling.
[WARNING RSZ-0104] Net _15542_ only has one pin. Check if it is intended to be dangling.
[WARNING RSZ-0104] Net _15540_ only has one pin. Check if it is intended to be dangling.
[WARNING RSZ-0104] Net _15537_ only has one pin. Check if it is intended to be dangling.
[WARNING RSZ-0104] Net _15506_ only has one pin. Check if it is intended to be dangling.
[WARNING RSZ-0104] Net _15504_ only has one pin. Check if it is intended to be dangling.
[WARNING RSZ-0104] Net _15503_ only has one pin. Check if it is intended to be dangling.
[WARNING RSZ-0104] Net _15502_ only has one pin. Check if it is intended to be dangling.
[WARNING RSZ-0104] Net _15501_ only has one pin. Check if it is intended to be dangling.
[WARNING RSZ-0104] Net _15500_ only has one pin. Check if it is intended to be dangling.
[WARNING RSZ-0104] Net _15499_ only has one pin. Check if it is intended to be dangling.
[WARNING RSZ-0104] Net _15491_ only has one pin. Check if it is intended to be dangling.
[WARNING RSZ-0104] Net _15490_ only has one pin. Check if it is intended to be dangling.
[WARNING RSZ-0104] Net _15489_ only has one pin. Check if it is intended to be dangling.
[WARNING RSZ-0104] Net _15488_ only has one pin. Check if it is intended to be dangling.
[WARNING RSZ-0104] Net _15470_ only has one pin. Check if it is intended to be dangling.
[WARNING RSZ-0104] Net _15469_ only has one pin. Check if it is intended to be dangling.
[WARNING RSZ-0104] Net _15467_ only has one pin. Check if it is intended to be dangling.
[WARNING RSZ-0104] Net _15466_ only has one pin. Check if it is intended to be dangling.
[WARNING RSZ-0104] Net _15465_ only has one pin. Check if it is intended to be dangling.
[WARNING RSZ-0104] Net _15464_ only has one pin. Check if it is intended to be dangling.
[WARNING RSZ-0104] Net _15445_ only has one pin. Check if it is intended to be dangling.
[WARNING RSZ-0104] Net _15444_ only has one pin. Check if it is intended to be dangling.
[WARNING RSZ-0104] Net _15441_ only has one pin. Check if it is intended to be dangling.
[WARNING RSZ-0104] Net _15440_ only has one pin. Check if it is intended to be dangling.
[WARNING RSZ-0104] Net _15420_ only has one pin. Check if it is intended to be dangling.
[WARNING RSZ-0104] Net _15418_ only has one pin. Check if it is intended to be dangling.
[WARNING RSZ-0104] Net _15417_ only has one pin. Check if it is intended to be dangling.
[WARNING RSZ-0104] Net _15416_ only has one pin. Check if it is intended to be dangling.
[WARNING RSZ-0104] Net _15415_ only has one pin. Check if it is intended to be dangling.
[WARNING RSZ-0104] Net _15414_ only has one pin. Check if it is intended to be dangling.
[WARNING RSZ-0104] Net _15413_ only has one pin. Check if it is intended to be dangling.
[WARNING RSZ-0104] Net _15412_ only has one pin. Check if it is intended to be dangling.
[WARNING RSZ-0104] Net _15411_ only has one pin. Check if it is intended to be dangling.
[WARNING RSZ-0104] Net _15410_ only has one pin. Check if it is intended to be dangling.
[WARNING RSZ-0104] Net _15409_ only has one pin. Check if it is intended to be dangling.
[WARNING RSZ-0104] Net _15397_ only has one pin. Check if it is intended to be dangling.
[WARNING RSZ-0104] Net _15395_ only has one pin. Check if it is intended to be dangling.
[WARNING RSZ-0104] Net _15392_ only has one pin. Check if it is intended to be dangling.
[WARNING RSZ-0104] Net _15391_ only has one pin. Check if it is intended to be dangling.
[WARNING RSZ-0104] Net _15389_ only has one pin. Check if it is intended to be dangling.
[WARNING RSZ-0104] Net _15379_ only has one pin. Check if it is intended to be dangling.
[WARNING RSZ-0104] Net _15378_ only has one pin. Check if it is intended to be dangling.
[WARNING RSZ-0104] Net _15377_ only has one pin. Check if it is intended to be dangling.
[WARNING RSZ-0104] Net _15376_ only has one pin. Check if it is intended to be dangling.
[WARNING RSZ-0104] Net _15375_ only has one pin. Check if it is intended to be dangling.
[WARNING RSZ-0104] Net _15373_ only has one pin. Check if it is intended to be dangling.
[WARNING RSZ-0104] Net _15372_ only has one pin. Check if it is intended to be dangling.
[WARNING RSZ-0104] Net _15371_ only has one pin. Check if it is intended to be dangling.
[WARNING RSZ-0104] Net _15370_ only has one pin. Check if it is intended to be dangling.
[WARNING RSZ-0104] Net _15369_ only has one pin. Check if it is intended to be dangling.
[WARNING RSZ-0104] Net _15368_ only has one pin. Check if it is intended to be dangling.
[WARNING RSZ-0104] Net _15367_ only has one pin. Check if it is intended to be dangling.
[WARNING RSZ-0104] Net _15360_ only has one pin. Check if it is intended to be dangling.
[WARNING RSZ-0104] Net _15359_ only has one pin. Check if it is intended to be dangling.
[WARNING RSZ-0104] Net _15358_ only has one pin. Check if it is intended to be dangling.
[WARNING RSZ-0104] Net _15357_ only has one pin. Check if it is intended to be dangling.
[WARNING RSZ-0104] Net _15343_ only has one pin. Check if it is intended to be dangling.
[WARNING RSZ-0104] Net _15342_ only has one pin. Check if it is intended to be dangling.
[WARNING RSZ-0104] Net _15327_ only has one pin. Check if it is intended to be dangling.
[WARNING RSZ-0104] Net _15326_ only has one pin. Check if it is intended to be dangling.
[WARNING RSZ-0104] Net _15325_ only has one pin. Check if it is intended to be dangling.
[WARNING RSZ-0104] Net _15324_ only has one pin. Check if it is intended to be dangling.
[WARNING RSZ-0104] Net _15323_ only has one pin. Check if it is intended to be dangling.
[WARNING RSZ-0104] Net _15322_ only has one pin. Check if it is intended to be dangling.
[WARNING RSZ-0104] Net _15321_ only has one pin. Check if it is intended to be dangling.
[WARNING RSZ-0104] Net _15313_ only has one pin. Check if it is intended to be dangling.
[WARNING RSZ-0104] Net _15510_ only has one pin. Check if it is intended to be dangling.
[WARNING RSZ-0104] Net _15509_ only has one pin. Check if it is intended to be dangling.
[WARNING RSZ-0104] Net _15508_ only has one pin. Check if it is intended to be dangling.
[WARNING RSZ-0104] Net _15507_ only has one pin. Check if it is intended to be dangling.
[WARNING RSZ-0104] Net _15505_ only has one pin. Check if it is intended to be dangling.
[WARNING RSZ-0104] Net _15496_ only has one pin. Check if it is intended to be dangling.
[WARNING RSZ-0104] Net _15495_ only has one pin. Check if it is intended to be dangling.
[WARNING RSZ-0104] Net _15494_ only has one pin. Check if it is intended to be dangling.
[WARNING RSZ-0104] Net _15493_ only has one pin. Check if it is intended to be dangling.
[WARNING RSZ-0104] Net _15492_ only has one pin. Check if it is intended to be dangling.
[WARNING RSZ-0104] Net _15476_ only has one pin. Check if it is intended to be dangling.
[WARNING RSZ-0104] Net _15472_ only has one pin. Check if it is intended to be dangling.
[WARNING RSZ-0104] Net _15471_ only has one pin. Check if it is intended to be dangling.
[WARNING RSZ-0104] Net _15455_ only has one pin. Check if it is intended to be dangling.
[WARNING RSZ-0104] Net _15454_ only has one pin. Check if it is intended to be dangling.
[WARNING RSZ-0104] Net _15451_ only has one pin. Check if it is intended to be dangling.
[WARNING RSZ-0104] Net _15448_ only has one pin. Check if it is intended to be dangling.
[WARNING RSZ-0104] Net _15447_ only has one pin. Check if it is intended to be dangling.
[WARNING RSZ-0104] Net _15446_ only has one pin. Check if it is intended to be dangling.
[WARNING RSZ-0104] Net _15430_ only has one pin. Check if it is intended to be dangling.
[WARNING RSZ-0104] Net _15429_ only has one pin. Check if it is intended to be dangling.
[WARNING RSZ-0104] Net _15427_ only has one pin. Check if it is intended to be dangling.
[WARNING RSZ-0104] Net _15426_ only has one pin. Check if it is intended to be dangling.
[WARNING RSZ-0104] Net _15423_ only has one pin. Check if it is intended to be dangling.
[WARNING RSZ-0104] Net _15422_ only has one pin. Check if it is intended to be dangling.
[WARNING RSZ-0104] Net _15421_ only has one pin. Check if it is intended to be dangling.
[WARNING RSZ-0104] Net _15398_ only has one pin. Check if it is intended to be dangling.
[WARNING RSZ-0104] Net _15396_ only has one pin. Check if it is intended to be dangling.
[WARNING RSZ-0104] Net _15394_ only has one pin. Check if it is intended to be dangling.
[WARNING RSZ-0104] Net _15393_ only has one pin. Check if it is intended to be dangling.
[WARNING RSZ-0104] Net _15387_ only has one pin. Check if it is intended to be dangling.
[WARNING RSZ-0104] Net _15374_ only has one pin. Check if it is intended to be dangling.
[WARNING RSZ-0104] Net _15366_ only has one pin. Check if it is intended to be dangling.
[WARNING RSZ-0104] Net _15364_ only has one pin. Check if it is intended to be dangling.
[WARNING RSZ-0104] Net _15363_ only has one pin. Check if it is intended to be dangling.
[WARNING RSZ-0104] Net _15362_ only has one pin. Check if it is intended to be dangling.
[WARNING RSZ-0104] Net _15361_ only has one pin. Check if it is intended to be dangling.
[WARNING RSZ-0104] Net _15334_ only has one pin. Check if it is intended to be dangling.
[WARNING RSZ-0104] Net _15333_ only has one pin. Check if it is intended to be dangling.
[WARNING RSZ-0104] Net _15332_ only has one pin. Check if it is intended to be dangling.
[WARNING RSZ-0104] Net _15331_ only has one pin. Check if it is intended to be dangling.
[WARNING RSZ-0104] Net _15330_ only has one pin. Check if it is intended to be dangling.
[WARNING RSZ-0104] Net _15329_ only has one pin. Check if it is intended to be dangling.
[WARNING RSZ-0104] Net _15328_ only has one pin. Check if it is intended to be dangling.
    12000 |     +0.0% |       0 |       0 |             0 |      4976
[WARNING RSZ-0104] Net _15498_ only has one pin. Check if it is intended to be dangling.
[WARNING RSZ-0104] Net _15497_ only has one pin. Check if it is intended to be dangling.
[WARNING RSZ-0104] Net _15482_ only has one pin. Check if it is intended to be dangling.
[WARNING RSZ-0104] Net _15481_ only has one pin. Check if it is intended to be dangling.
[WARNING RSZ-0104] Net _15480_ only has one pin. Check if it is intended to be dangling.
[WARNING RSZ-0104] Net _15479_ only has one pin. Check if it is intended to be dangling.
[WARNING RSZ-0104] Net _15477_ only has one pin. Check if it is intended to be dangling.
[WARNING RSZ-0104] Net _15475_ only has one pin. Check if it is intended to be dangling.
[WARNING RSZ-0104] Net _15474_ only has one pin. Check if it is intended to be dangling.
[WARNING RSZ-0104] Net _15473_ only has one pin. Check if it is intended to be dangling.
[WARNING RSZ-0104] Net _15457_ only has one pin. Check if it is intended to be dangling.
[WARNING RSZ-0104] Net _15456_ only has one pin. Check if it is intended to be dangling.
[WARNING RSZ-0104] Net _15453_ only has one pin. Check if it is intended to be dangling.
[WARNING RSZ-0104] Net _15452_ only has one pin. Check if it is intended to be dangling.
[WARNING RSZ-0104] Net _15450_ only has one pin. Check if it is intended to be dangling.
[WARNING RSZ-0104] Net _15449_ only has one pin. Check if it is intended to be dangling.
[WARNING RSZ-0104] Net _15432_ only has one pin. Check if it is intended to be dangling.
[WARNING RSZ-0104] Net _15431_ only has one pin. Check if it is intended to be dangling.
[WARNING RSZ-0104] Net _15428_ only has one pin. Check if it is intended to be dangling.
[WARNING RSZ-0104] Net _15425_ only has one pin. Check if it is intended to be dangling.
[WARNING RSZ-0104] Net _15424_ only has one pin. Check if it is intended to be dangling.
[WARNING RSZ-0104] Net _15407_ only has one pin. Check if it is intended to be dangling.
[WARNING RSZ-0104] Net _15406_ only has one pin. Check if it is intended to be dangling.
[WARNING RSZ-0104] Net _15405_ only has one pin. Check if it is intended to be dangling.
[WARNING RSZ-0104] Net _15404_ only has one pin. Check if it is intended to be dangling.
[WARNING RSZ-0104] Net _15403_ only has one pin. Check if it is intended to be dangling.
[WARNING RSZ-0104] Net _15402_ only has one pin. Check if it is intended to be dangling.
[WARNING RSZ-0104] Net _15401_ only has one pin. Check if it is intended to be dangling.
[WARNING RSZ-0104] Net _15400_ only has one pin. Check if it is intended to be dangling.
[WARNING RSZ-0104] Net _15399_ only has one pin. Check if it is intended to be dangling.
[WARNING RSZ-0104] Net _15365_ only has one pin. Check if it is intended to be dangling.
[WARNING RSZ-0104] Net _15478_ only has one pin. Check if it is intended to be dangling.
[WARNING RSZ-0104] Net _15408_ only has one pin. Check if it is intended to be dangling.
    13000 |     +0.0% |       0 |       0 |             0 |      3976
    14000 |     +0.0% |       0 |       0 |             0 |      2976
[WARNING RSZ-0104] Net _15486_ only has one pin. Check if it is intended to be dangling.
[WARNING RSZ-0104] Net _15485_ only has one pin. Check if it is intended to be dangling.
[WARNING RSZ-0104] Net _15484_ only has one pin. Check if it is intended to be dangling.
[WARNING RSZ-0104] Net _15483_ only has one pin. Check if it is intended to be dangling.
    15000 |     +0.0% |       0 |       0 |             0 |      1976
    16000 |     +0.0% |       0 |       0 |             0 |       976
    final |     +0.0% |       0 |       0 |             0 |         0
---------------------------------------------------------------------
global_route -start_incremental
detailed_placement
[INFO DPL-0005] Max displacement: +/- 500 sites horizontally, +/- 100 rows vertically.
Movements Summary
---------------------------------------
Total cells:                   16375
Diamond Move Success:          16375 (100.00%)
Diamond Move Failure:              0
Rip-up and replace Success:        0 (  0.00% of diamond failures)
Rip-up and replace Failure:        0
Total Placement Failures:          0
---------------------------------------
Placement Analysis
---------------------------------
total displacement          0.0 u
average displacement        0.0 u
max displacement            0.0 u
original HPWL           48301.4 u
legalized HPWL          48301.4 u
delta HPWL                    0 %

global_route -end_incremental -congestion_report_file ./reports/asap7/aes/modified_alpha_2-beta_0.1/congestion_post_repair_design.rpt
Repair setup and hold violations...
estimate_parasitics -global_routing
repair_timing -setup_margin 0 -hold_margin 0 -repair_tns 100 -verbose
[INFO RSZ-0100] Repair move sequence: UnbufferMove SizeUpMove SwapPinsMove BufferMove CloneMove SplitLoadMove 
[INFO RSZ-0094] Found 154 endpoints with setup violations.
[INFO RSZ-0099] Repairing 154 out of 154 (100.00%) violating endpoints...
   Iter   | Removed | Resized | Inserted | Cloned |  Pin  |   Area   |    WNS   |   TNS      |  Viol  | Worst
          | Buffers |  Gates  | Buffers  |  Gates | Swaps |          |          |            | Endpts | Endpt
--------------------------------------------------------------------------------------------------------------
        0 |       0 |       0 |        0 |      0 |     0 |    +0.0% |  -34.884 |    -2449.8 |    154 | sa21_sr[1]$_DFF_P_/D
       10 |       0 |       2 |       18 |      0 |     4 |    +0.1% |  -28.575 |    -2436.1 |    154 | sa03_sr[3]$_DFF_P_/D
       20 |       0 |       4 |       21 |      0 |     9 |    +0.1% |  -31.931 |    -2380.4 |    154 | sa00_sr[3]$_DFF_P_/D
       30 |       1 |       5 |       23 |      0 |    15 |    +0.1% |  -26.359 |    -2349.0 |    154 | sa10_sr[7]$_DFF_P_/D
       40 |       1 |       7 |       25 |      0 |    21 |    +0.1% |  -25.532 |    -2316.7 |    154 | sa10_sr[7]$_DFF_P_/D
       50 |       1 |       8 |       28 |      0 |    27 |    +0.1% |  -26.166 |    -2338.9 |    154 | sa10_sr[7]$_DFF_P_/D
       53 |       1 |       8 |       26 |      0 |    23 |    +0.1% |  -24.893 |    -2318.0 |    154 | sa10_sr[7]$_DFF_P_/D
       60 |       1 |      10 |       26 |      1 |    26 |    +0.2% |  -24.893 |    -2335.8 |    154 | sa10_sr[7]$_DFF_P_/D
       70 |       1 |      13 |       28 |      2 |    30 |    +0.2% |  -24.893 |    -2329.4 |    154 | sa10_sr[7]$_DFF_P_/D
       80 |       1 |      13 |       31 |      2 |    38 |    +0.2% |  -24.893 |    -2367.6 |    154 | sa10_sr[7]$_DFF_P_/D
       86 |       1 |      13 |       29 |      2 |    31 |    +0.2% |  -24.893 |    -2327.1 |    154 | sa10_sr[7]$_DFF_P_/D
       90 |       1 |      13 |       32 |      2 |    32 |    +0.2% |  -25.860 |    -2333.3 |    154 | sa03_sr[7]$_DFF_P_/D
      100 |       1 |      14 |       34 |      2 |    39 |    +0.2% |  -25.860 |    -2339.5 |    154 | sa03_sr[7]$_DFF_P_/D
      108 |       1 |      13 |       31 |      2 |    31 |    +0.2% |  -24.893 |    -2326.8 |    154 | sa10_sr[7]$_DFF_P_/D
      110 |       1 |      13 |       31 |      2 |    32 |    +0.2% |  -25.343 |    -2327.8 |    154 | sa21_sr[1]$_DFF_P_/D
      120 |       1 |      15 |       31 |      2 |    40 |    +0.2% |  -25.982 |    -2323.1 |    154 | sa21_sr[1]$_DFF_P_/D
      120 |       1 |      13 |       31 |      2 |    31 |    +0.2% |  -24.893 |    -2326.8 |    154 | sa10_sr[7]$_DFF_P_/D
      130 |       1 |      16 |       35 |      3 |    33 |    +0.2% |  -24.893 |    -2314.2 |    154 | sa10_sr[7]$_DFF_P_/D
      138 |       1 |      16 |       40 |      3 |    36 |    +0.3% |  -24.893 |    -2304.3 |    154 | sa10_sr[7]$_DFF_P_/D
      140 |       1 |      16 |       40 |      3 |    37 |    +0.3% |  -24.893 |    -2303.8 |    154 | sa10_sr[7]$_DFF_P_/D
      149 |       1 |      18 |       41 |      3 |    43 |    +0.3% |  -24.893 |    -2291.5 |    154 | sa10_sr[7]$_DFF_P_/D
      150 |       1 |      18 |       41 |      3 |    43 |    +0.3% |  -24.893 |    -2291.5 |    154 | sa10_sr[7]$_DFF_P_/D
      160 |       1 |      18 |       44 |      3 |    50 |    +0.3% |  -24.893 |    -2239.0 |    154 | sa10_sr[7]$_DFF_P_/D
      163 |       1 |      18 |       44 |      3 |    51 |    +0.3% |  -24.893 |    -2238.1 |    154 | sa10_sr[7]$_DFF_P_/D
      168 |       1 |      18 |       44 |      3 |    52 |    +0.3% |  -24.893 |    -2236.6 |    154 | sa10_sr[7]$_DFF_P_/D
      170 |       1 |      19 |       44 |      3 |    52 |    +0.3% |  -24.893 |    -2231.0 |    154 | sa10_sr[7]$_DFF_P_/D
      180 |       1 |      21 |       45 |      3 |    59 |    +0.3% |  -24.893 |    -2235.2 |    154 | sa10_sr[7]$_DFF_P_/D
      181 |       1 |      19 |       45 |      3 |    54 |    +0.3% |  -24.893 |    -2230.5 |    154 | sa10_sr[7]$_DFF_P_/D
      185 |       1 |      19 |       45 |      3 |    55 |    +0.3% |  -24.893 |    -2230.6 |    154 | sa10_sr[7]$_DFF_P_/D
      190 |       1 |      20 |       46 |      3 |    57 |    +0.3% |  -24.893 |    -2230.6 |    154 | sa10_sr[7]$_DFF_P_/D
      192 |       1 |      20 |       46 |      3 |    55 |    +0.3% |  -24.893 |    -2225.7 |    154 | sa10_sr[7]$_DFF_P_/D
      200 |       1 |      23 |       52 |      3 |    57 |    +0.3% |  -25.585 |    -2218.8 |    154 | sa10_sr[7]$_DFF_P_/D
      205 |       1 |      20 |       46 |      3 |    55 |    +0.3% |  -24.893 |    -2225.7 |    154 | sa10_sr[7]$_DFF_P_/D
      210 |       1 |      21 |       47 |      3 |    57 |    +0.3% |  -24.893 |    -2221.2 |    154 | sa10_sr[7]$_DFF_P_/D
      220 |       1 |      23 |       49 |      3 |    63 |    +0.3% |  -24.893 |    -2230.2 |    154 | sa10_sr[7]$_DFF_P_/D
      224 |       1 |      21 |       47 |      3 |    57 |    +0.3% |  -24.893 |    -2221.2 |    154 | sa10_sr[7]$_DFF_P_/D
      230 |       1 |      22 |       50 |      3 |    59 |    +0.3% |  -24.893 |    -2217.6 |    154 | sa10_sr[7]$_DFF_P_/D
      240 |       1 |      24 |       54 |      3 |    64 |    +0.3% |  -24.893 |    -2218.5 |    154 | sa10_sr[7]$_DFF_P_/D
      245 |       1 |      24 |       54 |      3 |    64 |    +0.3% |  -24.893 |    -2218.5 |    154 | sa10_sr[7]$_DFF_P_/D
      250 |       1 |      24 |       55 |      3 |    67 |    +0.4% |  -24.893 |    -2217.4 |    154 | sa10_sr[7]$_DFF_P_/D
      255 |       2 |      25 |       56 |      3 |    69 |    +0.4% |  -24.893 |    -2214.6 |    154 | sa10_sr[7]$_DFF_P_/D
      260 |       2 |      25 |       57 |      3 |    72 |    +0.4% |  -24.893 |    -2210.4 |    154 | sa10_sr[7]$_DFF_P_/D
      268 |       2 |      26 |       58 |      3 |    72 |    +0.4% |  -24.893 |    -2207.1 |    154 | sa10_sr[7]$_DFF_P_/D
      270 |       2 |      26 |       58 |      3 |    73 |    +0.4% |  -24.893 |    -2210.9 |    154 | sa10_sr[7]$_DFF_P_/D
      278 |       2 |      29 |       59 |      3 |    77 |    +0.4% |  -24.893 |    -2201.4 |    154 | sa10_sr[7]$_DFF_P_/D
      280 |       2 |      29 |       59 |      3 |    78 |    +0.4% |  -26.872 |    -2218.8 |    154 | sa12_sr[0]$_DFF_P_/D
      290 |       2 |      30 |       62 |      3 |    84 |    +0.4% |  -25.119 |    -2190.8 |    154 | sa12_sr[6]$_DFF_P_/D
      291 |       2 |      30 |       62 |      3 |    83 |    +0.4% |  -24.893 |    -2187.5 |    154 | sa10_sr[7]$_DFF_P_/D
      300 |       2 |      31 |       65 |      3 |    87 |    +0.4% |  -24.893 |    -2163.6 |    154 | sa10_sr[7]$_DFF_P_/D
      310 |       2 |      33 |       69 |      3 |    93 |    +0.4% |  -24.893 |    -2125.9 |    154 | sa10_sr[7]$_DFF_P_/D
      320 |       2 |      39 |       76 |      3 |    95 |    +0.5% |  -24.893 |    -2135.4 |    154 | sa10_sr[7]$_DFF_P_/D
      325 |       2 |      40 |       76 |      3 |    95 |    +0.5% |  -24.893 |    -2134.4 |    154 | sa10_sr[7]$_DFF_P_/D
      330 |       2 |      40 |       76 |      3 |    99 |    +0.5% |  -24.893 |    -2130.5 |    154 | sa10_sr[7]$_DFF_P_/D
      336 |       2 |      40 |       76 |      3 |    97 |    +0.5% |  -24.893 |    -2129.6 |    154 | sa10_sr[7]$_DFF_P_/D
      340 |       2 |      42 |       77 |      3 |    97 |    +0.5% |  -24.893 |    -2124.8 |    154 | sa10_sr[7]$_DFF_P_/D
      350 |       2 |      45 |       78 |      3 |   103 |    +0.5% |  -24.893 |    -2123.5 |    154 | sa10_sr[7]$_DFF_P_/D
      359 |       2 |      45 |       81 |      3 |   106 |    +0.5% |  -24.893 |    -2121.9 |    154 | sa10_sr[7]$_DFF_P_/D
      360 |       2 |      45 |       81 |      3 |   106 |    +0.5% |  -24.893 |    -2121.9 |    154 | sa10_sr[7]$_DFF_P_/D
      364 |       2 |      45 |       81 |      3 |   107 |    +0.5% |  -24.893 |    -2117.6 |    154 | sa10_sr[7]$_DFF_P_/D
      370 |       2 |      47 |       82 |      3 |   109 |    +0.6% |  -24.893 |    -2110.4 |    154 | sa10_sr[7]$_DFF_P_/D
      377 |       2 |      47 |       81 |      3 |   108 |    +0.5% |  -24.893 |    -2107.7 |    154 | sa10_sr[7]$_DFF_P_/D
      380 |       2 |      49 |       81 |      3 |   108 |    +0.6% |  -24.893 |    -2104.4 |    154 | sa10_sr[7]$_DFF_P_/D
      390 |       2 |      53 |       84 |      3 |   111 |    +0.6% |  -24.893 |    -2097.5 |    154 | sa10_sr[7]$_DFF_P_/D
      400 |       3 |      57 |       88 |      3 |   113 |    +0.6% |  -24.893 |    -2084.7 |    154 | sa10_sr[7]$_DFF_P_/D
      407 |       3 |      57 |       95 |      3 |   113 |    +0.6% |  -24.893 |    -2084.2 |    154 | sa10_sr[7]$_DFF_P_/D
      410 |       3 |      57 |       95 |      3 |   115 |    +0.6% |  -24.893 |    -2085.3 |    154 | sa10_sr[7]$_DFF_P_/D
      420 |       3 |      59 |      100 |      3 |   120 |    +0.7% |  -24.893 |    -2081.9 |    154 | sa10_sr[7]$_DFF_P_/D
      430 |       3 |      60 |      106 |      3 |   125 |    +0.7% |  -24.893 |    -2079.6 |    154 | sa10_sr[7]$_DFF_P_/D
      430 |       3 |      59 |      100 |      3 |   121 |    +0.7% |  -24.893 |    -2081.8 |    154 | sa10_sr[7]$_DFF_P_/D
      439 |       3 |      59 |      104 |      3 |   123 |    +0.7% |  -24.093 |    -2076.6 |    154 | sa10_sr[7]$_DFF_P_/D
      440 |       3 |      59 |      104 |      3 |   123 |    +0.7% |  -24.093 |    -2076.6 |    154 | sa10_sr[7]$_DFF_P_/D
      440 |       3 |      59 |      104 |      3 |   123 |    +0.7% |  -24.093 |    -2076.6 |    154 | sa10_sr[7]$_DFF_P_/D
      446 |       3 |      59 |      104 |      3 |   124 |    +0.7% |  -24.093 |    -2076.2 |    154 | sa10_sr[7]$_DFF_P_/D
      450 |       3 |      59 |      106 |      3 |   126 |    +0.7% |  -24.093 |    -2075.1 |    154 | sa10_sr[7]$_DFF_P_/D
      460 |       3 |      60 |      109 |      3 |   133 |    +0.7% |  -24.093 |    -2072.6 |    154 | sa10_sr[7]$_DFF_P_/D
      462 |       3 |      60 |      109 |      3 |   127 |    +0.7% |  -24.093 |    -2070.9 |    154 | sa10_sr[7]$_DFF_P_/D
      467 |       3 |      60 |      109 |      3 |   127 |    +0.7% |  -24.093 |    -2070.9 |    154 | sa10_sr[7]$_DFF_P_/D
      470 |       3 |      61 |      109 |      3 |   128 |    +0.7% |  -24.093 |    -2067.3 |    154 | sa10_sr[7]$_DFF_P_/D
      475 |       3 |      62 |      110 |      3 |   131 |    +0.7% |  -24.093 |    -2058.7 |    154 | sa10_sr[7]$_DFF_P_/D
      480 |       3 |      62 |      111 |      3 |   134 |    +0.7% |  -26.511 |    -2062.1 |    154 | sa12_sr[4]$_DFF_P_/D
      483 |       3 |      62 |      110 |      3 |   131 |    +0.7% |  -24.093 |    -2058.7 |    154 | sa10_sr[7]$_DFF_P_/D
      490 |       3 |      66 |      111 |      3 |   132 |    +0.7% |  -24.786 |    -2051.7 |    154 | sa10_sr[7]$_DFF_P_/D
      490 |       3 |      64 |      111 |      3 |   131 |    +0.7% |  -24.093 |    -2060.0 |    154 | sa10_sr[7]$_DFF_P_/D
      500 |       3 |      67 |      114 |      3 |   135 |    +0.8% |  -25.295 |    -2183.1 |    154 | sa31_sr[0]$_DFF_P_/D
      507 |       3 |      64 |      111 |      3 |   131 |    +0.7% |  -24.093 |    -2060.0 |    154 | sa10_sr[7]$_DFF_P_/D
      510 |       3 |      66 |      111 |      3 |   131 |    +0.7% |  -24.093 |    -2056.1 |    154 | sa10_sr[7]$_DFF_P_/D
      520 |       3 |      70 |      121 |      4 |   132 |    +0.8% |  -24.085 |    -1971.8 |    154 | sa10_sr[7]$_DFF_P_/D
      530 |       3 |      72 |      126 |      4 |   138 |    +0.8% |  -24.078 |    -1920.9 |    154 | sa10_sr[7]$_DFF_P_/D
      540 |       3 |      74 |      127 |      4 |   145 |    +0.9% |  -24.078 |    -1902.6 |    154 | sa10_sr[7]$_DFF_P_/D
      542 |       3 |      74 |      127 |      4 |   141 |    +0.9% |  -24.078 |    -1896.9 |    154 | sa10_sr[7]$_DFF_P_/D
      550 |       3 |      74 |      128 |      4 |   147 |    +0.9% |  -23.682 |    -1888.7 |    154 | sa12_sr[0]$_DFF_P_/D
      552 |       3 |      74 |      128 |      4 |   147 |    +0.9% |  -23.682 |    -1888.7 |    154 | sa12_sr[0]$_DFF_P_/D
      557 |       3 |      74 |      128 |      4 |   150 |    +0.9% |  -23.682 |    -1885.8 |    154 | sa12_sr[0]$_DFF_P_/D
      560 |       3 |      74 |      128 |      4 |   152 |    +0.9% |  -23.682 |    -1888.9 |    154 | sa12_sr[0]$_DFF_P_/D
      563 |       3 |      74 |      128 |      4 |   150 |    +0.9% |  -23.682 |    -1885.8 |    154 | sa12_sr[0]$_DFF_P_/D
      570 |       3 |      75 |      130 |      4 |   153 |    +0.9% |  -23.682 |    -1871.9 |    154 | sa12_sr[0]$_DFF_P_/D
      571 |       3 |      75 |      129 |      4 |   150 |    +0.9% |  -23.682 |    -1867.2 |    154 | sa12_sr[0]$_DFF_P_/D
      580 |       3 |      78 |      134 |      4 |   151 |    +0.9% |  -23.682 |    -1856.6 |    154 | sa12_sr[0]$_DFF_P_/D
      590 |       3 |      82 |      139 |      4 |   153 |    +0.9% |  -23.682 |    -1856.1 |    154 | sa12_sr[0]$_DFF_P_/D
      600 |       3 |      86 |      143 |      6 |   156 |    +1.0% |  -23.682 |    -1850.3 |    154 | sa12_sr[0]$_DFF_P_/D
      610 |       3 |      88 |      150 |      6 |   162 |    +1.0% |  -23.682 |    -1848.1 |    154 | sa12_sr[0]$_DFF_P_/D
      614 |       3 |      88 |      150 |      6 |   163 |    +1.0% |  -23.682 |    -1848.1 |    154 | sa12_sr[0]$_DFF_P_/D
      620 |       3 |      88 |      151 |      6 |   167 |    +1.0% |  -23.682 |    -1825.7 |    154 | sa12_sr[0]$_DFF_P_/D
      625 |       3 |      88 |      151 |      6 |   166 |    +1.0% |  -23.682 |    -1820.5 |    154 | sa12_sr[0]$_DFF_P_/D
      630 |       3 |      90 |      155 |      6 |   166 |    +1.0% |  -23.668 |    -1801.0 |    154 | sa12_sr[0]$_DFF_P_/D
      634 |       3 |      90 |      155 |      6 |   166 |    +1.0% |  -23.668 |    -1801.0 |    154 | sa12_sr[0]$_DFF_P_/D
      640 |       3 |      90 |      155 |      6 |   171 |    +1.0% |  -23.668 |    -1802.7 |    154 | sa12_sr[0]$_DFF_P_/D
      650 |       3 |      90 |      159 |      6 |   178 |    +1.1% |  -23.668 |    -1798.7 |    154 | sa12_sr[0]$_DFF_P_/D
      652 |       3 |      90 |      158 |      6 |   174 |    +1.1% |  -23.668 |    -1798.1 |    154 | sa12_sr[0]$_DFF_P_/D
      660 |       3 |      92 |      158 |      6 |   179 |    +1.1% |  -23.668 |    -1791.1 |    154 | sa12_sr[0]$_DFF_P_/D
      667 |       3 |      92 |      158 |      6 |   178 |    +1.1% |  -23.668 |    -1789.9 |    154 | sa12_sr[0]$_DFF_P_/D
      670 |       3 |      93 |      158 |      6 |   179 |    +1.1% |  -23.668 |    -1783.3 |    154 | sa12_sr[0]$_DFF_P_/D
      678 |       3 |      96 |      159 |      6 |   179 |    +1.1% |  -23.668 |    -1781.0 |    154 | sa12_sr[0]$_DFF_P_/D
      680 |       3 |      97 |      159 |      6 |   179 |    +1.1% |  -23.668 |    -1780.1 |    154 | sa12_sr[0]$_DFF_P_/D
      689 |       3 |      97 |      159 |      6 |   179 |    +1.1% |  -23.668 |    -1780.1 |    154 | sa12_sr[0]$_DFF_P_/D
      690 |       3 |      97 |      159 |      6 |   179 |    +1.1% |  -23.668 |    -1780.1 |    154 | sa12_sr[0]$_DFF_P_/D
      696 |       3 |      98 |      159 |      6 |   179 |    +1.1% |  -23.668 |    -1779.4 |    154 | sa12_sr[0]$_DFF_P_/D
      700 |       3 |      98 |      159 |      6 |   182 |    +1.1% |  -23.668 |    -1783.7 |    154 | sa12_sr[0]$_DFF_P_/D
      709 |       3 |      98 |      159 |      6 |   179 |    +1.1% |  -23.668 |    -1779.4 |    154 | sa12_sr[0]$_DFF_P_/D
      710 |       3 |      98 |      159 |      6 |   179 |    +1.1% |  -23.668 |    -1779.4 |    154 | sa12_sr[0]$_DFF_P_/D
      720 |       3 |     100 |      160 |      6 |   186 |    +1.1% |  -23.668 |    -1801.6 |    154 | sa12_sr[0]$_DFF_P_/D
      722 |       3 |     100 |      160 |      6 |   186 |    +1.1% |  -23.668 |    -1801.6 |    154 | sa12_sr[0]$_DFF_P_/D
      730 |       3 |     101 |      162 |      6 |   190 |    +1.1% |  -23.668 |    -1795.7 |    154 | sa12_sr[0]$_DFF_P_/D
      740 |       3 |     105 |      171 |      6 |   194 |    +1.2% |  -23.668 |    -1772.8 |    154 | sa12_sr[0]$_DFF_P_/D
      742 |       3 |     105 |      171 |      6 |   193 |    +1.2% |  -23.668 |    -1771.7 |    154 | sa12_sr[0]$_DFF_P_/D
      748 |       3 |     105 |      171 |      6 |   196 |    +1.2% |  -23.668 |    -1768.7 |    154 | sa12_sr[0]$_DFF_P_/D
      750 |       3 |     106 |      171 |      6 |   196 |    +1.2% |  -23.668 |    -1768.6 |    154 | sa12_sr[0]$_DFF_P_/D
      758 |       3 |     106 |      172 |      6 |   197 |    +1.2% |  -23.668 |    -1764.9 |    154 | sa12_sr[0]$_DFF_P_/D
      760 |       3 |     107 |      172 |      6 |   197 |    +1.2% |  -23.668 |    -1766.1 |    154 | sa12_sr[0]$_DFF_P_/D
      766 |       3 |     110 |      173 |      6 |   199 |    +1.2% |  -23.668 |    -1742.7 |    152 | sa12_sr[0]$_DFF_P_/D
      770 |       3 |     113 |      173 |      6 |   199 |    +1.2% |  -23.668 |    -1739.2 |    152 | sa12_sr[0]$_DFF_P_/D
      780 |       3 |     116 |      180 |      6 |   203 |    +1.2% |  -23.668 |    -1745.7 |    152 | sa12_sr[0]$_DFF_P_/D
      790 |       3 |     119 |      183 |      6 |   208 |    +1.3% |  -23.668 |    -1739.0 |    152 | sa12_sr[0]$_DFF_P_/D
      800 |       3 |     123 |      184 |      6 |   213 |    +1.3% |  -23.668 |    -1723.5 |    152 | sa12_sr[0]$_DFF_P_/D
      802 |       3 |     123 |      184 |      6 |   212 |    +1.3% |  -23.668 |    -1722.0 |    152 | sa12_sr[0]$_DFF_P_/D
      806 |       3 |     123 |      184 |      6 |   214 |    +1.3% |  -23.668 |    -1720.5 |    152 | sa12_sr[0]$_DFF_P_/D
      810 |       3 |     124 |      188 |      6 |   215 |    +1.3% |  -23.668 |    -1718.1 |    152 | sa12_sr[0]$_DFF_P_/D
      814 |       3 |     124 |      188 |      6 |   215 |    +1.3% |  -23.668 |    -1718.1 |    152 | sa12_sr[0]$_DFF_P_/D
      820 |       3 |     125 |      188 |      6 |   219 |    +1.3% |  -23.668 |    -1722.1 |    152 | sa12_sr[0]$_DFF_P_/D
      822 |       3 |     125 |      188 |      6 |   216 |    +1.3% |  -23.668 |    -1717.9 |    152 | sa12_sr[0]$_DFF_P_/D
      830 |       3 |     127 |      190 |      6 |   219 |    +1.3% |  -23.668 |    -1711.3 |    152 | sa12_sr[0]$_DFF_P_/D
      840 |       3 |     130 |      195 |      6 |   221 |    +1.4% |  -23.668 |    -1705.3 |    152 | sa12_sr[0]$_DFF_P_/D
      846 |       3 |     131 |      198 |      6 |   224 |    +1.4% |  -23.668 |    -1703.4 |    150 | sa12_sr[0]$_DFF_P_/D
      850 |       3 |     131 |      199 |      6 |   226 |    +1.4% |  -23.668 |    -1704.6 |    150 | sa12_sr[0]$_DFF_P_/D
      853 |       3 |     131 |      199 |      6 |   225 |    +1.4% |  -23.668 |    -1703.0 |    150 | sa12_sr[0]$_DFF_P_/D
      856 |       3 |     131 |      199 |      6 |   227 |    +1.4% |  -23.668 |    -1701.7 |    150 | sa12_sr[0]$_DFF_P_/D
      860 |       3 |     131 |      200 |      6 |   229 |    +1.4% |  -23.668 |    -1697.7 |    150 | sa12_sr[0]$_DFF_P_/D
      870 |       3 |     136 |      202 |      6 |   232 |    +1.4% |  -23.668 |    -1641.9 |    150 | sa12_sr[0]$_DFF_P_/D
      880 |       3 |     139 |      204 |      6 |   237 |    +1.4% |  -23.668 |    -1670.7 |    150 | sa12_sr[0]$_DFF_P_/D
      885 |       3 |     138 |      203 |      6 |   232 |    +1.4% |  -23.668 |    -1621.7 |    150 | sa12_sr[0]$_DFF_P_/D
      890 |       3 |     138 |      204 |      6 |   235 |    +1.4% |  -23.668 |    -1623.9 |    150 | sa12_sr[0]$_DFF_P_/D
      900 |       3 |     140 |      208 |      7 |   238 |    +1.5% |  -23.668 |    -1612.2 |    150 | sa12_sr[0]$_DFF_P_/D
      904 |       3 |     140 |      208 |      7 |   242 |    +1.5% |  -23.668 |    -1611.8 |    150 | sa12_sr[0]$_DFF_P_/D
      910 |       3 |     141 |      210 |      7 |   244 |    +1.5% |  -23.668 |    -1601.3 |    150 | sa12_sr[0]$_DFF_P_/D
      920 |       3 |     146 |      213 |      7 |   246 |    +1.5% |  -23.668 |    -1593.3 |    150 | sa12_sr[0]$_DFF_P_/D
      924 |       3 |     146 |      214 |      7 |   249 |    +1.5% |  -23.668 |    -1585.8 |    148 | sa12_sr[0]$_DFF_P_/D
      930 |       3 |     147 |      214 |      7 |   253 |    +1.5% |  -23.668 |    -1584.3 |    148 | sa12_sr[0]$_DFF_P_/D
      932 |       3 |     147 |      214 |      7 |   253 |    +1.5% |  -23.668 |    -1584.3 |    148 | sa12_sr[0]$_DFF_P_/D
      940 |       3 |     148 |      216 |      7 |   257 |    +1.5% |  -23.668 |    -1581.0 |    148 | sa12_sr[0]$_DFF_P_/D
      950 |       3 |     150 |      217 |      7 |   264 |    +1.5% |  -23.668 |    -1579.3 |    148 | sa12_sr[0]$_DFF_P_/D
      954 |       3 |     151 |      217 |      7 |   266 |    +1.5% |  -23.668 |    -1578.7 |    148 | sa12_sr[0]$_DFF_P_/D
      960 |       3 |     151 |      217 |      7 |   271 |    +1.5% |  -23.668 |    -1586.3 |    148 | sa12_sr[0]$_DFF_P_/D
      960 |       3 |     151 |      217 |      7 |   266 |    +1.5% |  -23.668 |    -1578.7 |    148 | sa12_sr[0]$_DFF_P_/D
      970 |       3 |     152 |      230 |      8 |   269 |    +1.6% |  -23.668 |    -1582.8 |    148 | sa12_sr[0]$_DFF_P_/D
      980 |       3 |     154 |      236 |      8 |   273 |    +1.6% |  -23.668 |    -1545.5 |    148 | sa12_sr[0]$_DFF_P_/D
      990 |       4 |     154 |      238 |      8 |   280 |    +1.6% |  -23.668 |    -1546.7 |    148 | sa12_sr[0]$_DFF_P_/D
      998 |       4 |     156 |      238 |      8 |   281 |    +1.6% |  -23.668 |    -1545.2 |    148 | sa12_sr[0]$_DFF_P_/D
     1000 |       4 |     157 |      238 |      8 |   281 |    +1.6% |  -23.668 |    -1542.5 |    148 | sa12_sr[0]$_DFF_P_/D
     1010 |       4 |     162 |      246 |     10 |   282 |    +1.7% |  -23.668 |    -1494.1 |    148 | sa12_sr[0]$_DFF_P_/D
     1020 |       4 |     166 |      249 |     10 |   285 |    +1.7% |  -23.668 |    -1499.1 |    148 | sa12_sr[0]$_DFF_P_/D
     1030 |       4 |     171 |      252 |     11 |   286 |    +1.8% |  -23.668 |    -1473.3 |    148 | sa12_sr[0]$_DFF_P_/D
     1037 |       4 |     163 |      248 |     10 |   282 |    +1.7% |  -23.668 |    -1491.0 |    148 | sa12_sr[0]$_DFF_P_/D
     1040 |       4 |     163 |      248 |     10 |   284 |    +1.7% |  -23.668 |    -1493.9 |    148 | sa12_sr[0]$_DFF_P_/D
     1044 |       4 |     163 |      248 |     10 |   282 |    +1.7% |  -23.668 |    -1491.0 |    148 | sa12_sr[0]$_DFF_P_/D
     1047 |       4 |     163 |      248 |     10 |   284 |    +1.7% |  -23.668 |    -1490.9 |    148 | sa12_sr[0]$_DFF_P_/D
     1050 |       4 |     163 |      248 |     10 |   286 |    +1.7% |  -23.668 |    -1492.9 |    148 | sa12_sr[0]$_DFF_P_/D
     1054 |       4 |     163 |      248 |     10 |   284 |    +1.7% |  -23.668 |    -1490.9 |    148 | sa12_sr[0]$_DFF_P_/D
     1056 |       4 |     163 |      248 |     10 |   285 |    +1.7% |  -23.668 |    -1488.7 |    146 | sa12_sr[0]$_DFF_P_/D
     1060 |       4 |     164 |      248 |     10 |   287 |    +1.7% |  -23.668 |    -1488.3 |    146 | sa12_sr[0]$_DFF_P_/D
     1064 |       4 |     165 |      248 |     10 |   287 |    +1.7% |  -23.668 |    -1488.1 |    146 | sa12_sr[0]$_DFF_P_/D
     1070 |       4 |     165 |      249 |     11 |   290 |    +1.7% |  -23.668 |    -1492.9 |    146 | sa12_sr[0]$_DFF_P_/D
     1074 |       4 |     165 |      248 |     10 |   288 |    +1.7% |  -23.668 |    -1486.0 |    146 | sa12_sr[0]$_DFF_P_/D
     1076 |       4 |     166 |      248 |     10 |   288 |    +1.7% |  -23.668 |    -1479.9 |    144 | sa12_sr[0]$_DFF_P_/D
     1080 |       4 |     169 |      248 |     10 |   288 |    +1.7% |  -23.668 |    -1476.4 |    144 | sa12_sr[0]$_DFF_P_/D
     1090 |       4 |     173 |      262 |     10 |   292 |    +1.8% |  -23.668 |    -1464.4 |    143 | sa12_sr[0]$_DFF_P_/D
     1090 |       4 |     173 |      262 |     10 |   292 |    +1.8% |  -23.668 |    -1464.4 |    142 | sa12_sr[0]$_DFF_P_/D
     1097 |       4 |     173 |      262 |     10 |   292 |    +1.8% |  -23.668 |    -1464.4 |    142 | sa12_sr[0]$_DFF_P_/D
     1100 |       4 |     173 |      262 |     10 |   294 |    +1.8% |  -23.668 |    -1466.9 |    142 | sa12_sr[0]$_DFF_P_/D
     1103 |       4 |     173 |      262 |     10 |   292 |    +1.8% |  -23.668 |    -1464.4 |    142 | sa12_sr[0]$_DFF_P_/D
     1110 |       4 |     174 |      263 |     10 |   296 |    +1.8% |  -23.668 |    -1462.4 |    142 | sa12_sr[0]$_DFF_P_/D
     1114 |       4 |     175 |      266 |     10 |   297 |    +1.8% |  -23.668 |    -1455.5 |    142 | sa12_sr[0]$_DFF_P_/D
     1120 |       4 |     175 |      268 |     10 |   300 |    +1.8% |  -23.668 |    -1452.1 |    142 | sa12_sr[0]$_DFF_P_/D
     1129 |       4 |     176 |      269 |     10 |   307 |    +1.9% |  -23.668 |    -1447.4 |    140 | sa12_sr[0]$_DFF_P_/D
     1130 |       4 |     176 |      269 |     10 |   307 |    +1.9% |  -23.668 |    -1447.4 |    140 | sa12_sr[0]$_DFF_P_/D
     1140 |       4 |     178 |      275 |     10 |   310 |    +1.9% |  -28.048 |    -1500.6 |    140 | u0.u2.d[1]$_DFF_P_/D
     1150 |       4 |     181 |      279 |     10 |   314 |    +1.9% |  -24.076 |    -1497.8 |    140 | u0.u2.d[1]$_DFF_P_/D
     1160 |       5 |     182 |      282 |     10 |   319 |    +1.9% |  -23.829 |    -1486.3 |    140 | u0.u2.d[1]$_DFF_P_/D
     1168 |       4 |     176 |      271 |     10 |   307 |    +1.9% |  -23.668 |    -1441.8 |    140 | sa12_sr[0]$_DFF_P_/D
     1170 |       4 |     176 |      271 |     10 |   308 |    +1.9% |  -23.668 |    -1445.2 |    140 | sa12_sr[0]$_DFF_P_/D
     1180 |       4 |     181 |      274 |     10 |   310 |    +1.9% |  -23.668 |    -1417.2 |    140 | sa12_sr[0]$_DFF_P_/D
     1187 |       4 |     184 |      276 |     10 |   312 |    +1.9% |  -23.668 |    -1415.2 |    138 | sa12_sr[0]$_DFF_P_/D
     1190 |       4 |     186 |      276 |     10 |   312 |    +1.9% |  -23.668 |    -1423.6 |    138 | sa12_sr[0]$_DFF_P_/D
     1200 |       4 |     190 |      279 |     10 |   315 |    +1.9% |  -23.668 |    -1402.0 |    138 | sa12_sr[0]$_DFF_P_/D
     1208 |       4 |     194 |      282 |     11 |   315 |    +2.0% |  -23.668 |    -1399.3 |    136 | sa12_sr[0]$_DFF_P_/D
     1210 |       4 |     194 |      282 |     11 |   316 |    +2.0% |  -23.668 |    -1401.1 |    136 | sa12_sr[0]$_DFF_P_/D
     1216 |       4 |     194 |      282 |     11 |   315 |    +2.0% |  -23.668 |    -1399.3 |    136 | sa12_sr[0]$_DFF_P_/D
     1220 |       4 |     195 |      282 |     11 |   317 |    +2.0% |  -23.668 |    -1399.7 |    136 | sa12_sr[0]$_DFF_P_/D
     1222 |       4 |     194 |      282 |     11 |   315 |    +2.0% |  -23.668 |    -1399.3 |    136 | sa12_sr[0]$_DFF_P_/D
     1230 |       4 |     197 |      282 |     11 |   319 |    +2.0% |  -23.668 |    -1400.0 |    136 | sa12_sr[0]$_DFF_P_/D
     1238 |       5 |     198 |      285 |     11 |   323 |    +2.0% |  -23.668 |    -1397.2 |    134 | sa12_sr[0]$_DFF_P_/D
     1240 |       5 |     199 |      285 |     11 |   323 |    +2.0% |  -23.668 |    -1389.5 |    134 | sa12_sr[0]$_DFF_P_/D
     1250 |       5 |     203 |      286 |     11 |   328 |    +2.0% |  -23.668 |    -1389.1 |    134 | sa12_sr[0]$_DFF_P_/D
     1250 |       5 |     203 |      286 |     11 |   326 |    +2.0% |  -23.668 |    -1388.1 |    134 | sa12_sr[0]$_DFF_P_/D
     1260 |       5 |     208 |      287 |     11 |   329 |    +2.0% |  -23.668 |    -1393.2 |    134 | sa12_sr[0]$_DFF_P_/D
     1260 |       5 |     208 |      287 |     11 |   329 |    +2.0% |  -23.668 |    -1393.2 |    134 | sa12_sr[0]$_DFF_P_/D
     1270 |       5 |     213 |      288 |     12 |   331 |    +2.0% |  -23.668 |    -1396.2 |    134 | sa12_sr[0]$_DFF_P_/D
     1280 |       6 |     215 |      290 |     12 |   336 |    +2.0% |  -23.668 |    -1374.5 |    133 | sa12_sr[0]$_DFF_P_/D
     1280 |       6 |     215 |      290 |     12 |   336 |    +2.0% |  -23.668 |    -1374.5 |    132 | sa12_sr[0]$_DFF_P_/D
     1284 |       6 |     215 |      290 |     12 |   336 |    +2.0% |  -23.668 |    -1374.5 |    132 | sa12_sr[0]$_DFF_P_/D
     1290 |       6 |     216 |      291 |     12 |   339 |    +2.1% |  -23.668 |    -1368.9 |    132 | sa12_sr[0]$_DFF_P_/D
     1298 |       6 |     218 |      291 |     12 |   339 |    +2.1% |  -23.668 |    -1367.5 |    132 | sa12_sr[0]$_DFF_P_/D
     1300 |       6 |     219 |      291 |     12 |   339 |    +2.1% |  -23.668 |    -1362.7 |    132 | sa12_sr[0]$_DFF_P_/D
     1310 |       6 |     222 |      297 |     12 |   343 |    +2.1% |  -23.668 |    -1323.2 |    132 | sa12_sr[0]$_DFF_P_/D
     1317 |       6 |     222 |      297 |     12 |   342 |    +2.1% |  -23.668 |    -1322.0 |    132 | sa12_sr[0]$_DFF_P_/D
     1320 |       6 |     224 |      297 |     12 |   342 |    +2.1% |  -23.668 |    -1323.1 |    132 | sa12_sr[0]$_DFF_P_/D
     1323 |       6 |     225 |      297 |     12 |   344 |    +2.1% |  -23.668 |    -1323.1 |    130 | sa12_sr[0]$_DFF_P_/D
     1326 |       6 |     225 |      300 |     12 |   345 |    +2.1% |  -23.668 |    -1317.1 |    128 | sa12_sr[0]$_DFF_P_/D
     1328 |       6 |     226 |      300 |     12 |   345 |    +2.1% |  -23.668 |    -1317.1 |    126 | sa12_sr[0]$_DFF_P_/D
     1330 |       6 |     227 |      300 |     12 |   345 |    +2.1% |  -23.668 |    -1302.6 |    126 | sa12_sr[0]$_DFF_P_/D
     1334 |       6 |     230 |      301 |     12 |   345 |    +2.1% |  -23.668 |    -1292.9 |    124 | sa12_sr[0]$_DFF_P_/D
     1340 |       6 |     231 |      302 |     12 |   348 |    +2.1% |  -23.668 |    -1288.9 |    124 | sa12_sr[0]$_DFF_P_/D
     1345 |       6 |     232 |      302 |     12 |   350 |    +2.1% |  -23.668 |    -1288.5 |    124 | sa12_sr[0]$_DFF_P_/D
     1349 |       6 |     233 |      304 |     12 |   351 |    +2.2% |  -23.668 |    -1273.2 |    122 | sa12_sr[0]$_DFF_P_/D
     1350 |       6 |     233 |      304 |     12 |   351 |    +2.2% |  -23.668 |    -1273.2 |    122 | sa12_sr[0]$_DFF_P_/D
     1350 |       6 |     233 |      304 |     12 |   351 |    +2.2% |  -23.668 |    -1273.2 |    121 | sa12_sr[0]$_DFF_P_/D
     1354 |       6 |     233 |      305 |     12 |   352 |    +2.2% |  -23.668 |    -1270.7 |    121 | sa12_sr[0]$_DFF_P_/D
     1360 |       6 |     234 |      306 |     12 |   355 |    +2.2% |  -23.668 |    -1265.0 |    121 | sa12_sr[0]$_DFF_P_/D
     1361 |       6 |     234 |      306 |     12 |   355 |    +2.2% |  -23.668 |    -1265.0 |    121 | sa12_sr[0]$_DFF_P_/D
     1370 |       6 |     237 |      307 |     12 |   359 |    +2.2% |  -23.668 |    -1262.3 |    121 | sa12_sr[0]$_DFF_P_/D
     1372 |       6 |     237 |      307 |     12 |   361 |    +2.2% |  -23.668 |    -1261.9 |    121 | sa12_sr[0]$_DFF_P_/D
     1377 |       6 |     239 |      309 |     12 |   361 |    +2.2% |  -23.668 |    -1255.3 |    119 | sa12_sr[0]$_DFF_P_/D
     1379 |       6 |     239 |      310 |     12 |   361 |    +2.2% |  -23.668 |    -1255.0 |    117 | sa12_sr[0]$_DFF_P_/D
     1380 |       6 |     239 |      310 |     12 |   361 |    +2.2% |  -23.668 |    -1255.0 |    117 | sa12_sr[0]$_DFF_P_/D
     1390 |       6 |     241 |      313 |     12 |   367 |    +2.2% |  -23.862 |    -1251.9 |    117 | sa12_sr[0]$_DFF_P_/D
     1392 |       6 |     240 |      313 |     12 |   364 |    +2.2% |  -23.668 |    -1251.3 |    117 | sa12_sr[0]$_DFF_P_/D
     1400 |       6 |     240 |      313 |     12 |   371 |    +2.2% |  -23.668 |    -1257.5 |    117 | sa12_sr[0]$_DFF_P_/D
     1402 |       6 |     240 |      313 |     12 |   366 |    +2.2% |  -23.668 |    -1251.1 |    117 | sa12_sr[0]$_DFF_P_/D
     1408 |       6 |     240 |      313 |     12 |   366 |    +2.2% |  -23.668 |    -1251.1 |    117 | sa12_sr[0]$_DFF_P_/D
     1410 |       6 |     240 |      314 |     12 |   366 |    +2.2% |  -23.668 |    -1251.0 |    117 | sa12_sr[0]$_DFF_P_/D
     1411 |       6 |     241 |      314 |     12 |   366 |    +2.2% |  -23.668 |    -1249.9 |    115 | sa12_sr[0]$_DFF_P_/D
     1412 |       6 |     241 |      314 |     12 |   366 |    +2.2% |  -23.668 |    -1249.9 |    114 | sa12_sr[0]$_DFF_P_/D
     1420 |       6 |     244 |      317 |     12 |   368 |    +2.2% |  -23.668 |    -1243.4 |    114 | sa12_sr[0]$_DFF_P_/D
     1427 |       6 |     244 |      317 |     12 |   371 |    +2.2% |  -23.668 |    -1242.6 |    114 | sa12_sr[0]$_DFF_P_/D
     1430 |       6 |     244 |      317 |     12 |   373 |    +2.2% |  -23.668 |    -1243.3 |    114 | sa12_sr[0]$_DFF_P_/D
     1440 |       6 |     247 |      329 |     12 |   376 |    +2.3% |  -23.668 |    -1246.1 |    114 | sa12_sr[0]$_DFF_P_/D
     1448 |       6 |     248 |      331 |     12 |   378 |    +2.3% |  -23.668 |    -1236.7 |    114 | sa12_sr[0]$_DFF_P_/D
     1450 |       6 |     249 |      331 |     12 |   378 |    +2.3% |  -23.668 |    -1235.1 |    114 | sa12_sr[0]$_DFF_P_/D
     1454 |       6 |     249 |      331 |     12 |   380 |    +2.3% |  -23.668 |    -1232.6 |    114 | sa12_sr[0]$_DFF_P_/D
     1460 |       6 |     249 |      332 |     12 |   384 |    +2.3% |  -23.668 |    -1236.6 |    114 | sa12_sr[0]$_DFF_P_/D
     1470 |       6 |     253 |      338 |     13 |   385 |    +2.4% |  -23.668 |    -1253.5 |    114 | sa12_sr[0]$_DFF_P_/D
     1480 |       6 |     256 |      342 |     13 |   389 |    +2.4% |  -23.668 |    -1255.6 |    114 | sa12_sr[0]$_DFF_P_/D
     1488 |       6 |     256 |      340 |     13 |   387 |    +2.4% |  -23.668 |    -1252.9 |    114 | sa12_sr[0]$_DFF_P_/D
     1490 |       6 |     256 |      340 |     13 |   388 |    +2.4% |  -23.668 |    -1253.2 |    114 | sa12_sr[0]$_DFF_P_/D
     1494 |       6 |     256 |      340 |     13 |   392 |    +2.4% |  -23.668 |    -1249.9 |    114 | sa12_sr[0]$_DFF_P_/D
     1500 |       6 |     257 |      341 |     13 |   395 |    +2.4% |  -23.668 |    -1252.3 |    114 | sa12_sr[0]$_DFF_P_/D
     1501 |       6 |     257 |      341 |     13 |   393 |    +2.4% |  -23.668 |    -1251.1 |    114 | sa12_sr[0]$_DFF_P_/D
     1508 |       6 |     257 |      341 |     13 |   399 |    +2.4% |  -23.668 |    -1247.8 |    114 | sa12_sr[0]$_DFF_P_/D
     1510 |       6 |     257 |      341 |     13 |   400 |    +2.4% |  -23.668 |    -1246.0 |    114 | sa12_sr[0]$_DFF_P_/D
     1518 |       7 |     258 |      346 |     13 |   403 |    +2.4% |  -23.668 |    -1229.6 |    112 | sa12_sr[0]$_DFF_P_/D
     1520 |       7 |     258 |      346 |     13 |   404 |    +2.4% |  -23.668 |    -1230.5 |    112 | sa12_sr[0]$_DFF_P_/D
     1521 |       7 |     258 |      350 |     13 |   404 |    +2.4% |  -23.668 |    -1226.8 |    110 | sa12_sr[0]$_DFF_P_/D
     1525 |       7 |     260 |      350 |     13 |   404 |    +2.4% |  -23.668 |    -1226.4 |    110 | sa12_sr[0]$_DFF_P_/D
     1527 |       7 |     261 |      350 |     13 |   404 |    +2.4% |  -23.668 |    -1223.8 |    108 | sa12_sr[0]$_DFF_P_/D
     1530 |       7 |     262 |      351 |     13 |   404 |    +2.4% |  -23.668 |    -1220.7 |    108 | sa12_sr[0]$_DFF_P_/D
     1531 |       7 |     263 |      351 |     13 |   404 |    +2.5% |  -23.668 |    -1216.1 |    106 | sa12_sr[0]$_DFF_P_/D
     1532 |       7 |     263 |      351 |     13 |   404 |    +2.5% |  -23.668 |    -1216.1 |    105 | sa12_sr[0]$_DFF_P_/D
     1537 |       7 |     263 |      351 |     13 |   404 |    +2.5% |  -23.668 |    -1216.1 |    105 | sa12_sr[0]$_DFF_P_/D
     1540 |       7 |     263 |      353 |     13 |   405 |    +2.5% |  -23.668 |    -1208.0 |    105 | sa12_sr[0]$_DFF_P_/D
     1541 |       7 |     264 |      353 |     13 |   405 |    +2.5% |  -23.668 |    -1207.2 |    103 | sa12_sr[0]$_DFF_P_/D
     1544 |       7 |     265 |      355 |     13 |   405 |    +2.5% |  -23.668 |    -1204.0 |    101 | sa12_sr[0]$_DFF_P_/D
     1550 |       7 |     268 |      356 |     13 |   406 |    +2.5% |  -23.668 |    -1185.4 |    101 | sa12_sr[0]$_DFF_P_/D
     1551 |       7 |     269 |      356 |     13 |   406 |    +2.5% |  -23.668 |    -1179.6 |     99 | sa12_sr[0]$_DFF_P_/D
     1557 |       7 |     270 |      356 |     13 |   407 |    +2.5% |  -23.668 |    -1177.9 |     99 | sa12_sr[0]$_DFF_P_/D
     1560 |       7 |     271 |      357 |     13 |   407 |    +2.5% |  -23.668 |    -1172.6 |     99 | sa12_sr[0]$_DFF_P_/D
     1568 |       7 |     273 |      358 |     13 |   407 |    +2.5% |  -23.668 |    -1168.4 |     99 | sa12_sr[0]$_DFF_P_/D
     1570 |       7 |     273 |      358 |     13 |   408 |    +2.5% |  -23.668 |    -1168.6 |     99 | sa12_sr[0]$_DFF_P_/D
     1573 |       7 |     273 |      362 |     13 |   409 |    +2.5% |  -23.668 |    -1168.8 |     99 | sa12_sr[0]$_DFF_P_/D
     1579 |       7 |     273 |      362 |     13 |   409 |    +2.5% |  -23.668 |    -1168.8 |     99 | sa12_sr[0]$_DFF_P_/D
     1580 |       7 |     273 |      362 |     13 |   409 |    +2.5% |  -23.668 |    -1168.8 |     99 | sa12_sr[0]$_DFF_P_/D
     1580 |       7 |     273 |      362 |     13 |   409 |    +2.5% |  -23.668 |    -1168.8 |     98 | sa12_sr[0]$_DFF_P_/D
     1582 |       7 |     274 |      362 |     13 |   409 |    +2.5% |  -23.668 |    -1164.8 |     96 | sa12_sr[0]$_DFF_P_/D
     1588 |       7 |     274 |      362 |     13 |   409 |    +2.5% |  -23.668 |    -1164.8 |     96 | sa12_sr[0]$_DFF_P_/D
     1589 |       7 |     274 |      362 |     13 |   409 |    +2.5% |  -23.668 |    -1164.8 |     95 | sa12_sr[0]$_DFF_P_/D
     1590 |       7 |     274 |      362 |     13 |   409 |    +2.5% |  -23.668 |    -1164.8 |     95 | sa12_sr[0]$_DFF_P_/D
     1597 |       7 |     274 |      363 |     13 |   413 |    +2.5% |  -23.668 |    -1163.6 |     95 | sa12_sr[0]$_DFF_P_/D
     1600 |       7 |     274 |      363 |     13 |   415 |    +2.5% |  -23.668 |    -1161.8 |     95 | sa12_sr[0]$_DFF_P_/D
     1605 |       7 |     274 |      363 |     13 |   415 |    +2.5% |  -23.668 |    -1161.8 |     95 | sa12_sr[0]$_DFF_P_/D
     1607 |       7 |     275 |      363 |     13 |   415 |    +2.5% |  -23.668 |    -1153.4 |     93 | sa12_sr[0]$_DFF_P_/D
     1608 |       7 |     275 |      363 |     13 |   415 |    +2.5% |  -23.668 |    -1153.4 |     92 | sa12_sr[0]$_DFF_P_/D
     1609 |       7 |     275 |      363 |     13 |   415 |    +2.5% |  -23.668 |    -1153.4 |     91 | sa12_sr[0]$_DFF_P_/D
     1610 |       7 |     275 |      363 |     13 |   415 |    +2.5% |  -23.668 |    -1153.4 |     91 | sa12_sr[0]$_DFF_P_/D
     1610 |       7 |     275 |      363 |     13 |   415 |    +2.5% |  -23.668 |    -1153.4 |     90 | sa12_sr[0]$_DFF_P_/D
     1611 |       7 |     275 |      363 |     13 |   415 |    +2.5% |  -23.668 |    -1153.4 |     89 | sa12_sr[0]$_DFF_P_/D
     1612 |       7 |     275 |      363 |     13 |   415 |    +2.5% |  -23.668 |    -1153.4 |     88 | sa12_sr[0]$_DFF_P_/D
     1613 |       7 |     275 |      363 |     13 |   415 |    +2.5% |  -23.668 |    -1153.4 |     87 | sa12_sr[0]$_DFF_P_/D
     1614 |       7 |     275 |      363 |     13 |   415 |    +2.5% |  -23.668 |    -1153.4 |     86 | sa12_sr[0]$_DFF_P_/D
     1615 |       7 |     275 |      363 |     13 |   415 |    +2.5% |  -23.668 |    -1153.4 |     85 | sa12_sr[0]$_DFF_P_/D
     1616 |       7 |     275 |      363 |     13 |   415 |    +2.5% |  -23.668 |    -1153.4 |     84 | sa12_sr[0]$_DFF_P_/D
     1617 |       7 |     275 |      363 |     13 |   415 |    +2.5% |  -23.668 |    -1153.4 |     83 | sa12_sr[0]$_DFF_P_/D
     1620 |       7 |     276 |      363 |     13 |   416 |    +2.5% |  -23.668 |    -1152.9 |     83 | sa12_sr[0]$_DFF_P_/D
     1624 |       7 |     277 |      366 |     13 |   417 |    +2.6% |  -23.668 |    -1156.1 |     81 | sa12_sr[0]$_DFF_P_/D
     1630 |       7 |     278 |      366 |     13 |   421 |    +2.6% |  -23.668 |    -1153.0 |     81 | sa12_sr[0]$_DFF_P_/D
     1633 |       7 |     280 |      366 |     13 |   422 |    +2.6% |  -23.668 |    -1152.1 |     81 | sa12_sr[0]$_DFF_P_/D
     1634 |       7 |     280 |      366 |     13 |   422 |    +2.6% |  -23.668 |    -1152.1 |     80 | sa12_sr[0]$_DFF_P_/D
     1635 |       7 |     280 |      366 |     13 |   422 |    +2.6% |  -23.668 |    -1152.1 |     79 | sa12_sr[0]$_DFF_P_/D
     1636 |       7 |     280 |      366 |     13 |   422 |    +2.6% |  -23.668 |    -1152.1 |     78 | sa12_sr[0]$_DFF_P_/D
     1637 |       7 |     280 |      366 |     13 |   422 |    +2.6% |  -23.668 |    -1152.1 |     77 | sa12_sr[0]$_DFF_P_/D
     1638 |       7 |     280 |      366 |     13 |   422 |    +2.6% |  -23.668 |    -1152.1 |     76 | sa12_sr[0]$_DFF_P_/D
    1639* |       7 |     280 |      366 |     13 |   422 |    +2.6% |  -23.668 |    -1152.1 |    115 | sa12_sr[0]$_DFF_P_/D
    1640* |       7 |     280 |      366 |     13 |   422 |    +2.6% |  -23.668 |    -1152.1 |    115 | sa12_sr[0]$_DFF_P_/D
    1641* |       7 |     281 |      366 |     13 |   422 |    +2.6% |  -23.668 |    -1152.0 |    115 | sa12_sr[0]$_DFF_P_/D
    1643* |       7 |     282 |      366 |     13 |   422 |    +2.6% |  -23.668 |    -1149.4 |    115 | sa12_sr[0]$_DFF_P_/D
    1644* |       7 |     282 |      366 |     13 |   422 |    +2.6% |  -23.668 |    -1149.4 |    115 | sa12_sr[0]$_DFF_P_/D
    1645* |       7 |     282 |      366 |     13 |   422 |    +2.6% |  -23.668 |    -1149.4 |    115 | sa12_sr[0]$_DFF_P_/D
    1647* |       7 |     282 |      366 |     13 |   423 |    +2.6% |  -23.668 |    -1148.9 |    115 | sa12_sr[0]$_DFF_P_/D
    1648* |       7 |     282 |      366 |     13 |   423 |    +2.6% |  -23.668 |    -1148.9 |    115 | sa12_sr[0]$_DFF_P_/D
    1649* |       7 |     282 |      366 |     13 |   423 |    +2.6% |  -23.668 |    -1148.9 |    115 | sa12_sr[0]$_DFF_P_/D
    1650* |       7 |     282 |      366 |     13 |   423 |    +2.6% |  -23.668 |    -1148.9 |    115 | sa12_sr[0]$_DFF_P_/D
    1650* |       7 |     282 |      366 |     13 |   423 |    +2.6% |  -23.668 |    -1148.9 |    115 | sa12_sr[0]$_DFF_P_/D
    1651* |       7 |     282 |      366 |     13 |   423 |    +2.6% |  -23.668 |    -1148.9 |    115 | sa12_sr[0]$_DFF_P_/D
    1652* |       7 |     282 |      366 |     13 |   423 |    +2.6% |  -23.668 |    -1148.9 |    115 | sa12_sr[0]$_DFF_P_/D
    1653* |       7 |     282 |      366 |     13 |   423 |    +2.6% |  -23.668 |    -1148.9 |    115 | sa12_sr[0]$_DFF_P_/D
    1654* |       7 |     282 |      366 |     13 |   423 |    +2.6% |  -23.668 |    -1148.9 |    115 | sa12_sr[0]$_DFF_P_/D
    1655* |       7 |     282 |      366 |     13 |   423 |    +2.6% |  -23.668 |    -1148.9 |    115 | sa12_sr[0]$_DFF_P_/D
    1656* |       7 |     282 |      366 |     13 |   423 |    +2.6% |  -23.668 |    -1148.9 |    115 | sa12_sr[0]$_DFF_P_/D
    1657* |       7 |     282 |      366 |     13 |   423 |    +2.6% |  -23.668 |    -1148.9 |    115 | sa12_sr[0]$_DFF_P_/D
    1658* |       7 |     282 |      366 |     13 |   423 |    +2.6% |  -23.668 |    -1148.9 |    115 | sa12_sr[0]$_DFF_P_/D
    1659* |       7 |     282 |      366 |     13 |   423 |    +2.6% |  -23.668 |    -1148.9 |    115 | sa12_sr[0]$_DFF_P_/D
    1660* |       7 |     282 |      366 |     13 |   423 |    +2.6% |  -23.668 |    -1148.9 |    115 | sa12_sr[0]$_DFF_P_/D
    1660* |       7 |     282 |      366 |     13 |   423 |    +2.6% |  -23.668 |    -1148.9 |    115 | sa12_sr[0]$_DFF_P_/D
    1661* |       7 |     282 |      366 |     13 |   423 |    +2.6% |  -23.668 |    -1148.9 |    115 | sa12_sr[0]$_DFF_P_/D
    1662* |       7 |     282 |      366 |     13 |   423 |    +2.6% |  -23.668 |    -1148.9 |    115 | sa12_sr[0]$_DFF_P_/D
    1663* |       7 |     282 |      366 |     13 |   423 |    +2.6% |  -23.668 |    -1148.9 |    115 | sa12_sr[0]$_DFF_P_/D
    1664* |       7 |     282 |      366 |     13 |   423 |    +2.6% |  -23.668 |    -1148.9 |    115 | sa12_sr[0]$_DFF_P_/D
    1665* |       7 |     282 |      366 |     13 |   423 |    +2.6% |  -23.668 |    -1148.9 |    115 | sa12_sr[0]$_DFF_P_/D
    1666* |       7 |     282 |      366 |     13 |   423 |    +2.6% |  -23.668 |    -1148.9 |    115 | sa12_sr[0]$_DFF_P_/D
    1667* |       7 |     282 |      366 |     13 |   423 |    +2.6% |  -23.668 |    -1148.9 |    115 | sa12_sr[0]$_DFF_P_/D
    1669* |       7 |     283 |      366 |     13 |   423 |    +2.6% |  -23.668 |    -1148.4 |    115 | sa12_sr[0]$_DFF_P_/D
    1670* |       7 |     283 |      366 |     13 |   423 |    +2.6% |  -23.668 |    -1148.4 |    115 | sa12_sr[0]$_DFF_P_/D
    1670* |       7 |     283 |      366 |     13 |   423 |    +2.6% |  -23.668 |    -1148.4 |    115 | sa12_sr[0]$_DFF_P_/D
    1671* |       7 |     283 |      366 |     13 |   423 |    +2.6% |  -23.668 |    -1148.4 |    115 | sa12_sr[0]$_DFF_P_/D
    1672* |       7 |     283 |      366 |     13 |   423 |    +2.6% |  -23.668 |    -1148.4 |    115 | sa12_sr[0]$_DFF_P_/D
    1674* |       7 |     283 |      366 |     13 |   424 |    +2.6% |  -23.668 |    -1148.2 |    115 | sa12_sr[0]$_DFF_P_/D
    1675* |       7 |     283 |      366 |     13 |   424 |    +2.6% |  -23.668 |    -1148.2 |    115 | sa12_sr[0]$_DFF_P_/D
    1676* |       7 |     283 |      366 |     13 |   424 |    +2.6% |  -23.668 |    -1148.2 |    115 | sa12_sr[0]$_DFF_P_/D
    1677* |       7 |     283 |      366 |     13 |   424 |    +2.6% |  -23.668 |    -1148.2 |    115 | sa12_sr[0]$_DFF_P_/D
    1678* |       7 |     283 |      366 |     13 |   424 |    +2.6% |  -23.668 |    -1148.2 |    115 | sa12_sr[0]$_DFF_P_/D
    1679* |       7 |     283 |      366 |     13 |   424 |    +2.6% |  -23.668 |    -1148.2 |    115 | sa12_sr[0]$_DFF_P_/D
    1680* |       7 |     283 |      366 |     13 |   424 |    +2.6% |  -23.668 |    -1148.2 |    115 | sa12_sr[0]$_DFF_P_/D
    1680* |       7 |     283 |      366 |     13 |   424 |    +2.6% |  -23.668 |    -1148.2 |    115 | sa12_sr[0]$_DFF_P_/D
    1681* |       7 |     283 |      366 |     13 |   424 |    +2.6% |  -23.668 |    -1148.2 |    115 | sa12_sr[0]$_DFF_P_/D
    1684* |       7 |     284 |      366 |     13 |   425 |    +2.6% |  -23.668 |    -1146.6 |    115 | sa12_sr[0]$_DFF_P_/D
    1685* |       7 |     284 |      366 |     13 |   425 |    +2.6% |  -23.668 |    -1146.6 |    115 | sa12_sr[0]$_DFF_P_/D
    1686* |       7 |     284 |      366 |     13 |   425 |    +2.6% |  -23.668 |    -1146.6 |    115 | sa12_sr[0]$_DFF_P_/D
    1687* |       7 |     284 |      366 |     13 |   425 |    +2.6% |  -23.668 |    -1146.6 |    115 | sa12_sr[0]$_DFF_P_/D
    1690* |       7 |     285 |      366 |     13 |   426 |    +2.6% |  -23.668 |    -1141.5 |    115 | sa12_sr[0]$_DFF_P_/D
    1691* |       7 |     285 |      366 |     13 |   427 |    +2.6% |  -23.668 |    -1139.0 |    115 | sa12_sr[0]$_DFF_P_/D
    1692* |       7 |     285 |      366 |     13 |   427 |    +2.6% |  -23.668 |    -1139.0 |    115 | sa12_sr[0]$_DFF_P_/D
    1693* |       7 |     285 |      366 |     13 |   427 |    +2.6% |  -23.668 |    -1139.0 |    115 | sa12_sr[0]$_DFF_P_/D
    1694* |       7 |     285 |      366 |     13 |   427 |    +2.6% |  -23.668 |    -1139.0 |    115 | sa12_sr[0]$_DFF_P_/D
    1695* |       7 |     285 |      366 |     13 |   427 |    +2.6% |  -23.668 |    -1139.0 |    115 | sa12_sr[0]$_DFF_P_/D
    1696* |       7 |     285 |      366 |     13 |   427 |    +2.6% |  -23.668 |    -1139.0 |    115 | sa12_sr[0]$_DFF_P_/D
    1697* |       7 |     285 |      366 |     13 |   427 |    +2.6% |  -23.668 |    -1139.0 |    115 | sa12_sr[0]$_DFF_P_/D
    1698* |       7 |     285 |      366 |     13 |   427 |    +2.6% |  -23.668 |    -1139.0 |    115 | sa12_sr[0]$_DFF_P_/D
    1699* |       7 |     285 |      366 |     13 |   427 |    +2.6% |  -23.668 |    -1139.0 |    115 | sa12_sr[0]$_DFF_P_/D
    1700* |       7 |     285 |      366 |     13 |   427 |    +2.6% |  -23.668 |    -1139.0 |    115 | sa12_sr[0]$_DFF_P_/D
    1701* |       7 |     285 |      366 |     13 |   427 |    +2.6% |  -23.668 |    -1139.0 |    115 | sa12_sr[0]$_DFF_P_/D
    1702* |       7 |     285 |      366 |     13 |   427 |    +2.6% |  -23.668 |    -1139.0 |    115 | sa12_sr[0]$_DFF_P_/D
    1703* |       7 |     285 |      366 |     13 |   427 |    +2.6% |  -23.668 |    -1139.0 |    115 | sa12_sr[0]$_DFF_P_/D
    1704* |       7 |     285 |      366 |     13 |   427 |    +2.6% |  -23.668 |    -1139.0 |    115 | sa12_sr[0]$_DFF_P_/D
    1705* |       7 |     285 |      366 |     13 |   427 |    +2.6% |  -23.668 |    -1139.0 |    115 | sa12_sr[0]$_DFF_P_/D
    1707* |       7 |     286 |      366 |     13 |   427 |    +2.6% |  -23.668 |    -1138.9 |    115 | sa12_sr[0]$_DFF_P_/D
    1710* |       7 |     288 |      366 |     13 |   427 |    +2.6% |  -23.668 |    -1138.2 |    115 | sa12_sr[0]$_DFF_P_/D
    1710* |       7 |     288 |      366 |     13 |   427 |    +2.6% |  -23.668 |    -1138.2 |    115 | sa12_sr[0]$_DFF_P_/D
    1711* |       7 |     288 |      366 |     13 |   427 |    +2.6% |  -23.668 |    -1138.2 |    115 | sa12_sr[0]$_DFF_P_/D
    1712* |       7 |     288 |      366 |     13 |   427 |    +2.6% |  -23.668 |    -1138.2 |    115 | sa12_sr[0]$_DFF_P_/D
    1713* |       7 |     288 |      366 |     13 |   427 |    +2.6% |  -23.668 |    -1138.2 |    115 | sa12_sr[0]$_DFF_P_/D
    1715* |       7 |     289 |      366 |     13 |   427 |    +2.6% |  -23.668 |    -1136.2 |    115 | sa12_sr[0]$_DFF_P_/D
    1716* |       7 |     289 |      366 |     13 |   427 |    +2.6% |  -23.668 |    -1136.2 |    115 | sa12_sr[0]$_DFF_P_/D
    1720* |       7 |     292 |      366 |     13 |   427 |    +2.6% |  -23.668 |    -1130.9 |    115 | sa12_sr[0]$_DFF_P_/D
    1722* |       7 |     294 |      366 |     13 |   427 |    +2.6% |  -23.668 |    -1130.7 |    115 | sa12_sr[0]$_DFF_P_/D
    1723* |       7 |     294 |      366 |     13 |   427 |    +2.6% |  -23.668 |    -1130.7 |    115 | sa12_sr[0]$_DFF_P_/D
    1724* |       7 |     294 |      366 |     13 |   427 |    +2.6% |  -23.668 |    -1130.7 |    115 | sa12_sr[0]$_DFF_P_/D
    1725* |       7 |     294 |      366 |     13 |   427 |    +2.6% |  -23.668 |    -1130.7 |    115 | sa12_sr[0]$_DFF_P_/D
    1727* |       7 |     295 |      366 |     13 |   427 |    +2.6% |  -23.668 |    -1126.4 |    115 | sa12_sr[0]$_DFF_P_/D
    1730* |       7 |     297 |      366 |     13 |   427 |    +2.6% |  -23.668 |    -1125.7 |    115 | sa12_sr[0]$_DFF_P_/D
    1730* |       7 |     297 |      366 |     13 |   427 |    +2.6% |  -23.668 |    -1125.7 |    115 | sa12_sr[0]$_DFF_P_/D
    1731* |       7 |     297 |      366 |     13 |   427 |    +2.6% |  -23.668 |    -1125.7 |    115 | sa12_sr[0]$_DFF_P_/D
    1732* |       7 |     297 |      366 |     13 |   427 |    +2.6% |  -23.668 |    -1125.7 |    115 | sa12_sr[0]$_DFF_P_/D
    1734* |       7 |     297 |      366 |     13 |   428 |    +2.6% |  -23.668 |    -1124.5 |    115 | sa12_sr[0]$_DFF_P_/D
    1737* |       7 |     299 |      366 |     13 |   428 |    +2.6% |  -23.668 |    -1121.7 |    115 | sa12_sr[0]$_DFF_P_/D
    1738* |       7 |     299 |      366 |     13 |   428 |    +2.6% |  -23.668 |    -1121.7 |    115 | sa12_sr[0]$_DFF_P_/D
    1739* |       7 |     299 |      366 |     13 |   428 |    +2.6% |  -23.668 |    -1121.7 |    115 | sa12_sr[0]$_DFF_P_/D
    1740* |       7 |     299 |      366 |     13 |   428 |    +2.6% |  -23.668 |    -1121.7 |    115 | sa12_sr[0]$_DFF_P_/D
    1742* |       7 |     300 |      366 |     13 |   429 |    +2.6% |  -23.668 |    -1120.3 |    115 | sa12_sr[0]$_DFF_P_/D
    1743* |       7 |     300 |      366 |     13 |   429 |    +2.6% |  -23.668 |    -1120.3 |    115 | sa12_sr[0]$_DFF_P_/D
    1745* |       7 |     301 |      366 |     13 |   429 |    +2.6% |  -23.668 |    -1114.7 |    115 | sa12_sr[0]$_DFF_P_/D
    1746* |       7 |     301 |      366 |     13 |   429 |    +2.6% |  -23.668 |    -1114.7 |    115 | sa12_sr[0]$_DFF_P_/D
    1748* |       7 |     301 |      366 |     13 |   430 |    +2.6% |  -23.668 |    -1114.5 |    115 | sa12_sr[0]$_DFF_P_/D
    1749* |       7 |     301 |      366 |     13 |   430 |    +2.6% |  -23.668 |    -1114.5 |    115 | sa12_sr[0]$_DFF_P_/D
    1750* |       7 |     301 |      366 |     13 |   430 |    +2.6% |  -23.668 |    -1114.5 |    115 | sa12_sr[0]$_DFF_P_/D
    1750* |       7 |     301 |      366 |     13 |   430 |    +2.6% |  -23.668 |    -1114.5 |    115 | sa12_sr[0]$_DFF_P_/D
    1751* |       7 |     301 |      366 |     13 |   430 |    +2.6% |  -23.668 |    -1114.5 |    115 | sa12_sr[0]$_DFF_P_/D
    1753* |       7 |     301 |      366 |     13 |   431 |    +2.6% |  -23.668 |    -1114.2 |    115 | sa12_sr[0]$_DFF_P_/D
    1754* |       7 |     301 |      366 |     13 |   431 |    +2.6% |  -23.668 |    -1114.2 |    115 | sa12_sr[0]$_DFF_P_/D
    1755* |       7 |     301 |      366 |     13 |   431 |    +2.6% |  -23.668 |    -1114.2 |    115 | sa12_sr[0]$_DFF_P_/D
    1756* |       7 |     301 |      366 |     13 |   431 |    +2.6% |  -23.668 |    -1114.2 |    115 | sa12_sr[0]$_DFF_P_/D
    1760* |       7 |     304 |      366 |     13 |   431 |    +2.6% |  -23.668 |    -1113.3 |    115 | sa12_sr[0]$_DFF_P_/D
    1760* |       7 |     304 |      366 |     13 |   431 |    +2.6% |  -23.668 |    -1113.3 |    115 | sa12_sr[0]$_DFF_P_/D
    1761* |       7 |     304 |      366 |     13 |   431 |    +2.6% |  -23.668 |    -1113.3 |    115 | sa12_sr[0]$_DFF_P_/D
    1762* |       7 |     304 |      366 |     13 |   431 |    +2.6% |  -23.668 |    -1113.3 |    115 | sa12_sr[0]$_DFF_P_/D
    1764* |       7 |     304 |      366 |     13 |   432 |    +2.6% |  -23.668 |    -1113.2 |    115 | sa12_sr[0]$_DFF_P_/D
    1766* |       7 |     304 |      366 |     13 |   433 |    +2.6% |  -23.668 |    -1112.5 |    115 | sa12_sr[0]$_DFF_P_/D
    1767* |       7 |     304 |      366 |     13 |   433 |    +2.6% |  -23.668 |    -1112.5 |    115 | sa12_sr[0]$_DFF_P_/D
    1768* |       7 |     304 |      366 |     13 |   433 |    +2.6% |  -23.668 |    -1112.5 |    115 | sa12_sr[0]$_DFF_P_/D
    1769* |       7 |     304 |      366 |     13 |   433 |    +2.6% |  -23.668 |    -1112.5 |    115 | sa12_sr[0]$_DFF_P_/D
    1770* |       7 |     304 |      366 |     13 |   433 |    +2.6% |  -23.668 |    -1112.5 |    115 | sa12_sr[0]$_DFF_P_/D
    1771* |       7 |     305 |      366 |     13 |   433 |    +2.6% |  -23.668 |    -1110.6 |    113 | sa12_sr[0]$_DFF_P_/D
    1772* |       7 |     305 |      366 |     13 |   433 |    +2.6% |  -23.668 |    -1110.6 |    113 | sa12_sr[0]$_DFF_P_/D
    1773* |       7 |     305 |      366 |     13 |   433 |    +2.6% |  -23.668 |    -1110.6 |    113 | sa12_sr[0]$_DFF_P_/D
    1774* |       7 |     305 |      366 |     13 |   433 |    +2.6% |  -23.668 |    -1110.6 |    113 | sa12_sr[0]$_DFF_P_/D
    1775* |       7 |     305 |      366 |     13 |   433 |    +2.6% |  -23.668 |    -1110.6 |    113 | sa12_sr[0]$_DFF_P_/D
    1776* |       7 |     305 |      366 |     13 |   433 |    +2.6% |  -23.668 |    -1110.6 |    113 | sa12_sr[0]$_DFF_P_/D
    1777* |       7 |     305 |      366 |     13 |   433 |    +2.6% |  -23.668 |    -1110.6 |    113 | sa12_sr[0]$_DFF_P_/D
    1779* |       7 |     306 |      366 |     13 |   433 |    +2.6% |  -23.668 |    -1110.5 |    113 | sa12_sr[0]$_DFF_P_/D
    1780* |       7 |     306 |      366 |     13 |   433 |    +2.6% |  -23.668 |    -1110.5 |    113 | sa12_sr[0]$_DFF_P_/D
    1780* |       7 |     306 |      366 |     13 |   433 |    +2.6% |  -23.668 |    -1110.5 |    113 | sa12_sr[0]$_DFF_P_/D
    1782* |       7 |     307 |      366 |     13 |   433 |    +2.6% |  -23.668 |    -1109.7 |    111 | sa12_sr[0]$_DFF_P_/D
    1784* |       7 |     308 |      366 |     13 |   433 |    +2.6% |  -23.668 |    -1109.2 |    111 | sa12_sr[0]$_DFF_P_/D
    1786* |       7 |     309 |      366 |     13 |   433 |    +2.6% |  -23.668 |    -1108.7 |    109 | sa12_sr[0]$_DFF_P_/D
    1787* |       7 |     309 |      366 |     13 |   433 |    +2.6% |  -23.668 |    -1108.7 |    109 | sa12_sr[0]$_DFF_P_/D
    1788* |       7 |     309 |      366 |     13 |   433 |    +2.6% |  -23.668 |    -1108.7 |    109 | sa12_sr[0]$_DFF_P_/D
    1789* |       7 |     309 |      366 |     13 |   433 |    +2.6% |  -23.668 |    -1108.7 |    109 | sa12_sr[0]$_DFF_P_/D
    1790* |       7 |     309 |      366 |     13 |   433 |    +2.6% |  -23.668 |    -1108.7 |    109 | sa12_sr[0]$_DFF_P_/D
    1790* |       7 |     309 |      366 |     13 |   433 |    +2.6% |  -23.668 |    -1108.7 |    109 | sa12_sr[0]$_DFF_P_/D
    1791* |       7 |     309 |      366 |     13 |   433 |    +2.6% |  -23.668 |    -1108.7 |    109 | sa12_sr[0]$_DFF_P_/D
    1792* |       7 |     309 |      366 |     13 |   433 |    +2.6% |  -23.668 |    -1108.7 |    109 | sa12_sr[0]$_DFF_P_/D
    1793* |       7 |     309 |      366 |     13 |   433 |    +2.6% |  -23.668 |    -1108.7 |    109 | sa12_sr[0]$_DFF_P_/D
    final |       7 |     309 |      366 |     13 |   433 |    +2.6% |  -23.668 |    -1108.7 |    109 | sa12_sr[0]$_DFF_P_/D
--------------------------------------------------------------------------------------------------------------
[INFO RSZ-0059] Removed 7 buffers.
[INFO RSZ-0040] Inserted 366 buffers.
[INFO RSZ-0051] Resized 309 instances: 309 up, 0 up match, 0 down, 0 VT
[INFO RSZ-0043] Swapped pins on 433 instances.
[INFO RSZ-0049] Cloned 13 instances.
[WARNING RSZ-0062] Unable to repair all setup violations.
[INFO RSZ-0033] No hold violations found.
Took 38 seconds: repair_timing -setup_margin 0 -hold_margin 0 -repair_tns 100 -verbose
global_route -start_incremental
detailed_placement
[INFO DPL-0005] Max displacement: +/- 500 sites horizontally, +/- 100 rows vertically.
Movements Summary
---------------------------------------
Total cells:                   16747
Diamond Move Success:          16747 (100.00%)
Diamond Move Failure:              0
Rip-up and replace Success:        0 (  0.00% of diamond failures)
Rip-up and replace Failure:        0
Total Placement Failures:          0
---------------------------------------
Placement Analysis
---------------------------------
total displacement       1053.4 u
average displacement        0.1 u
max displacement            1.8 u
original HPWL           48835.6 u
legalized HPWL          49682.2 u
delta HPWL                    2 %

global_route -end_incremental -congestion_report_file ./reports/asap7/aes/modified_alpha_2-beta_0.1/congestion_post_repair_timing.rpt
global_route -start_incremental
global_route -end_incremental -congestion_report_file ./reports/asap7/aes/modified_alpha_2-beta_0.1/congestion_post_recover_power.rpt
Repair antennas...
[WARNING GRT-0246] No diode with LEF class CORE ANTENNACELL found.
[INFO ANT-0002] Found 0 net violations.
[INFO ANT-0001] Found 0 pin violations.
Estimate parasitics...
estimate_parasitics -global_routing
Report metrics stage 5, global route...

==========================================================================
global route report_design_area
--------------------------------------------------------------------------
Design area 1856 um^2 79% utilization.
[INFO FLW-0007] clock clk period 380.000000
[INFO FLW-0008] Clock clk period 384.900
[INFO FLW-0009] Clock clk slack -25.158
[INFO FLW-0011] Path endpoint path count 968
write_db ./results/asap7/aes/modified_alpha_2-beta_0.1/5_1_grt.odb
write_sdc -no_timestamp ./results/asap7/aes/modified_alpha_2-beta_0.1/5_1_grt.sdc
Elapsed time: 1:01.19[h:]min:sec. CPU time: user 1067.32 sys 21.83 (1779%). Peak memory: 594960KB.
Log                        Elapsed/s Peak Memory/MB  sha1sum .odb [0:20)
5_1_grt                           61            581 b2f1966d388a0fa46509
