
==========================================================================
global route report_tns
--------------------------------------------------------------------------
tns max -20913.88

==========================================================================
global route report_wns
--------------------------------------------------------------------------
wns max -336.68

==========================================================================
global route report_worst_slack
--------------------------------------------------------------------------
worst slack max -336.68

==========================================================================
global route report_clock_min_period
--------------------------------------------------------------------------
clock period_min = 636.68 fmax = 1570.65

==========================================================================
global route report_clock_skew
--------------------------------------------------------------------------
Clock clock
  88.45 source latency _tray_size4_2776/CLK ^
 -73.02 target latency _tray_size4_2699/CLK ^
  -1.19 CRPR
--------------
  14.24 setup skew


==========================================================================
global route report_checks -path_delay min
--------------------------------------------------------------------------
Startpoint: multResult_mult.pp_row0_1$_DFF_P_
            (rising edge-triggered flip-flop clocked by clock)
Endpoint: _tray_size4_2479 (rising edge-triggered flip-flop clocked by clock)
Path Group: clock
Path Type: min

Fanout     Cap    Slew   Delay    Time   Description
-----------------------------------------------------------------------------
                          0.00    0.00   clock clock (rise edge)
                          0.00    0.00   clock source latency
     1   11.71    0.00    0.00    0.00 ^ clock (in)
                                         clock (net)
                 16.35    5.16    5.16 ^ clkbuf_0_clock/A (BUFx16f_ASAP7_75t_R)
     2    7.90    8.44   16.98   22.14 ^ clkbuf_0_clock/Y (BUFx16f_ASAP7_75t_R)
                                         clknet_0_clock (net)
                  9.66    1.63   23.76 ^ clkbuf_1_1__f_clock/A (BUFx16f_ASAP7_75t_R)
    12   43.91   28.29   19.12   42.88 ^ clkbuf_1_1__f_clock/Y (BUFx16f_ASAP7_75t_R)
                                         clknet_1_1__leaf_clock (net)
                 34.22    6.56   49.44 ^ clkbuf_leaf_14_clock/A (BUFx24_ASAP7_75t_R)
    10   10.85   10.86   25.31   74.75 ^ clkbuf_leaf_14_clock/Y (BUFx24_ASAP7_75t_R)
                                         clknet_leaf_14_clock (net)
                 11.63    1.38   76.13 ^ multResult_mult.pp_row0_1$_DFF_P_/CLK (DFFHQNx1_ASAP7_75t_R)
     1    0.75   12.50   35.85  111.98 ^ multResult_mult.pp_row0_1$_DFF_P_/QN (DFFHQNx1_ASAP7_75t_R)
                                         _0413_ (net)
                 12.50    0.08  112.06 ^ _5514_/A (INVx1_ASAP7_75t_R)
     1    0.64    6.57    6.02  118.07 v _5514_/Y (INVx1_ASAP7_75t_R)
                                         _2022_ (net)
                  6.57    0.06  118.13 v _tray_size4_2479/D2 (DFFHQNH2V2Xx1_ASAP7_75t_R)
                                118.13   data arrival time

                          0.00    0.00   clock clock (rise edge)
                          0.00    0.00   clock source latency
     1   12.37    0.00    0.00    0.00 ^ clock (in)
                                         clock (net)
                 18.02    5.69    5.69 ^ clkbuf_0_clock/A (BUFx16f_ASAP7_75t_R)
     2    9.22    9.28   17.64   23.32 ^ clkbuf_0_clock/Y (BUFx16f_ASAP7_75t_R)
                                         clknet_0_clock (net)
                 10.83    1.94   25.26 ^ clkbuf_1_1__f_clock/A (BUFx16f_ASAP7_75t_R)
    12   51.12   31.27   20.07   45.33 ^ clkbuf_1_1__f_clock/Y (BUFx16f_ASAP7_75t_R)
                                         clknet_1_1__leaf_clock (net)
                 38.53    7.61   52.94 ^ clkbuf_leaf_14_clock/A (BUFx24_ASAP7_75t_R)
    10   12.90   11.97   26.68   79.62 ^ clkbuf_leaf_14_clock/Y (BUFx24_ASAP7_75t_R)
                                         clknet_leaf_14_clock (net)
                 12.20    0.72   80.34 ^ _tray_size4_2479/CLK (DFFHQNH2V2Xx1_ASAP7_75t_R)
                         -4.87   75.47   clock reconvergence pessimism
                         12.89   88.36   library hold time
                                 88.36   data required time
-----------------------------------------------------------------------------
                                 88.36   data required time
                               -118.13   data arrival time
-----------------------------------------------------------------------------
                                 29.77   slack (MET)



==========================================================================
global route report_checks -path_delay max
--------------------------------------------------------------------------
Startpoint: _tray_size4_2513 (rising edge-triggered flip-flop clocked by clock)
Endpoint: _tray_size4_2488 (rising edge-triggered flip-flop clocked by clock)
Path Group: clock
Path Type: max

Fanout     Cap    Slew   Delay    Time   Description
-----------------------------------------------------------------------------
                          0.00    0.00   clock clock (rise edge)
                          0.00    0.00   clock source latency
     1   12.37    0.00    0.00    0.00 ^ clock (in)
                                         clock (net)
                 18.02    5.69    5.69 ^ clkbuf_0_clock/A (BUFx16f_ASAP7_75t_R)
     2    9.22    9.28   17.64   23.32 ^ clkbuf_0_clock/Y (BUFx16f_ASAP7_75t_R)
                                         clknet_0_clock (net)
                 10.83    1.94   25.26 ^ clkbuf_1_1__f_clock/A (BUFx16f_ASAP7_75t_R)
    12   51.12   31.27   20.07   45.33 ^ clkbuf_1_1__f_clock/Y (BUFx16f_ASAP7_75t_R)
                                         clknet_1_1__leaf_clock (net)
                 40.12    8.49   53.82 ^ clkbuf_leaf_13_clock/A (BUFx24_ASAP7_75t_R)
    17   13.91   12.44   27.24   81.06 ^ clkbuf_leaf_13_clock/Y (BUFx24_ASAP7_75t_R)
                                         clknet_leaf_13_clock (net)
                 12.98    1.20   82.26 ^ _tray_size4_2513/CLK (DFFHQNH2V2Xx1_ASAP7_75t_R)
     4    3.94   43.52   65.92  148.18 v _tray_size4_2513/QN3 (DFFHQNH2V2Xx1_ASAP7_75t_R)
                                         _1100_ (net)
                 43.55    0.68  148.86 v _5706_/B (NOR2x1_ASAP7_75t_R)
     2    1.65   21.35   16.31  165.17 ^ _5706_/Y (NOR2x1_ASAP7_75t_R)
                                         _2214_ (net)
                 21.35    0.18  165.35 ^ _5707_/D (AND4x1_ASAP7_75t_R)
     1    1.40   15.15   25.94  191.30 ^ _5707_/Y (AND4x1_ASAP7_75t_R)
                                         _2215_ (net)
                 15.16    0.18  191.47 ^ _5710_/A (OR2x6_ASAP7_75t_R)
     5   13.76   20.81   21.06  212.53 ^ _5710_/Y (OR2x6_ASAP7_75t_R)
                                         _2218_ (net)
                 29.54    7.04  219.58 ^ place1768/A (BUFx12f_ASAP7_75t_R)
     5    9.12   10.26   18.02  237.60 ^ place1768/Y (BUFx12f_ASAP7_75t_R)
                                         net1766 (net)
                 10.63    1.04  238.64 ^ place1766/A (BUFx6f_ASAP7_75t_R)
     4    5.24    8.94   14.07  252.71 ^ place1766/Y (BUFx6f_ASAP7_75t_R)
                                         net1764 (net)
                  9.13    0.70  253.41 ^ _5766_/B (XNOR2x2_ASAP7_75t_R)
     1    1.43    9.54   25.48  278.89 v _5766_/Y (XNOR2x2_ASAP7_75t_R)
                                         _2274_ (net)
                  9.56    0.20  279.09 v extendedResult\\ALU_64_0_64_0_65_unused_CO_X_HAN_CARLSON/_0655_/B (XOR2x2_ASAP7_75t_R)
     2    2.06   12.04   20.92  300.01 v extendedResult\\ALU_64_0_64_0_65_unused_CO_X_HAN_CARLSON/_0655_/Y (XOR2x2_ASAP7_75t_R)
                                         extendedResult\\ALU_64_0_64_0_65_unused_CO_X_HAN_CARLSON/_0213_ (net)
                 12.05    0.09  300.10 v extendedResult\\ALU_64_0_64_0_65_unused_CO_X_HAN_CARLSON/_0613_/A (HAxp5_ASAP7_75t_R)
     3    2.46   45.56   39.98  340.08 v extendedResult\\ALU_64_0_64_0_65_unused_CO_X_HAN_CARLSON/_0613_/SN (HAxp5_ASAP7_75t_R)
                                         extendedResult\\ALU_64_0_64_0_65_unused_CO_X_HAN_CARLSON/_0153_ (net)
                 45.57    0.24  340.33 v extendedResult\\ALU_64_0_64_0_65_unused_CO_X_HAN_CARLSON/_0661_/B (OR4x1_ASAP7_75t_R)
     3    3.23   23.84   40.10  380.42 v extendedResult\\ALU_64_0_64_0_65_unused_CO_X_HAN_CARLSON/_0661_/Y (OR4x1_ASAP7_75t_R)
                                         extendedResult\\ALU_64_0_64_0_65_unused_CO_X_HAN_CARLSON/_0219_ (net)
                 23.86    0.37  380.80 v extendedResult\\ALU_64_0_64_0_65_unused_CO_X_HAN_CARLSON/_0663_/B (NOR2x1_ASAP7_75t_R)
     3    2.78   22.94   16.77  397.57 ^ extendedResult\\ALU_64_0_64_0_65_unused_CO_X_HAN_CARLSON/_0663_/Y (NOR2x1_ASAP7_75t_R)
                                         extendedResult\\ALU_64_0_64_0_65_unused_CO_X_HAN_CARLSON/_0221_ (net)
                 22.95    0.26  397.82 ^ extendedResult\\ALU_64_0_64_0_65_unused_CO_X_HAN_CARLSON/_0664_/A (AND2x2_ASAP7_75t_R)
     1    0.81    6.76   16.63  414.46 ^ extendedResult\\ALU_64_0_64_0_65_unused_CO_X_HAN_CARLSON/_0664_/Y (AND2x2_ASAP7_75t_R)
                                         extendedResult\\ALU_64_0_64_0_65_unused_CO_X_HAN_CARLSON/_0222_ (net)
                  6.76    0.06  414.52 ^ extendedResult\\ALU_64_0_64_0_65_unused_CO_X_HAN_CARLSON/_0665_/B1 (AO221x1_ASAP7_75t_R)
     2    2.23   18.69   22.33  436.85 ^ extendedResult\\ALU_64_0_64_0_65_unused_CO_X_HAN_CARLSON/_0665_/Y (AO221x1_ASAP7_75t_R)
                                         extendedResult\\ALU_64_0_64_0_65_unused_CO_X_HAN_CARLSON/_0223_ (net)
                 18.72    0.39  437.24 ^ extendedResult\\ALU_64_0_64_0_65_unused_CO_X_HAN_CARLSON/_0757_/B2 (AO221x2_ASAP7_75t_R)
     2    3.78   18.54   27.40  464.64 ^ extendedResult\\ALU_64_0_64_0_65_unused_CO_X_HAN_CARLSON/_0757_/Y (AO221x2_ASAP7_75t_R)
                                         extendedResult\\ALU_64_0_64_0_65_unused_CO_X_HAN_CARLSON/_0315_ (net)
                 18.68    0.87  465.51 ^ extendedResult\\ALU_64_0_64_0_65_unused_CO_X_HAN_CARLSON/_0549_/B (FAx1_ASAP7_75t_R)
     1    1.28   24.17   18.42  483.93 v extendedResult\\ALU_64_0_64_0_65_unused_CO_X_HAN_CARLSON/_0549_/CON (FAx1_ASAP7_75t_R)
                                         extendedResult\\ALU_64_0_64_0_65_unused_CO_X_HAN_CARLSON/_0024_ (net)
     1    1.05   31.86   15.21  499.15 ^ extendedResult\\ALU_64_0_64_0_65_unused_CO_X_HAN_CARLSON/_0549_/SN (FAx1_ASAP7_75t_R)
                                         extendedResult\\ALU_64_0_64_0_65_unused_CO_X_HAN_CARLSON/_0025_ (net)
                 31.86    0.14  499.28 ^ extendedResult\\ALU_64_0_64_0_65_unused_CO_X_HAN_CARLSON/_0968_/A (INVx1_ASAP7_75t_R)
     2    1.69   15.99   12.68  511.96 v extendedResult\\ALU_64_0_64_0_65_unused_CO_X_HAN_CARLSON/_0968_/Y (INVx1_ASAP7_75t_R)
                                         extendedResult[38] (net)
                 16.00    0.16  512.11 v _7090_/A (OR4x1_ASAP7_75t_R)
     1    1.85   16.18   28.44  540.56 v _7090_/Y (OR4x1_ASAP7_75t_R)
                                         _3598_ (net)
                 16.21    0.35  540.90 v _7091_/D (OR4x1_ASAP7_75t_R)
     1    0.96   11.08   28.14  569.04 v _7091_/Y (OR4x1_ASAP7_75t_R)
                                         _3599_ (net)
                 11.08    0.09  569.13 v _7099_/A (OR4x1_ASAP7_75t_R)
     1    1.24   12.65   25.03  594.16 v _7099_/Y (OR4x1_ASAP7_75t_R)
                                         _3607_ (net)
                 12.67    0.20  594.36 v _7114_/E (OR5x1_ASAP7_75t_R)
     3    4.48   33.05   44.94  639.30 v _7114_/Y (OR5x1_ASAP7_75t_R)
                                         _3622_ (net)
                 33.32    1.70  641.00 v place1187/A (BUFx3_ASAP7_75t_R)
     1    1.45    6.84   19.89  660.89 v place1187/Y (BUFx3_ASAP7_75t_R)
                                         net1185 (net)
                  6.87    0.20  661.09 v _7243_/B (NAND2x1_ASAP7_75t_R)
     1    0.86   11.99    7.20  668.30 ^ _7243_/Y (NAND2x1_ASAP7_75t_R)
                                         _3751_ (net)
                 12.00    0.10  668.40 ^ _7244_/A3 (AO32x1_ASAP7_75t_R)
     1    0.73   10.57   18.09  686.49 ^ _7244_/Y (AO32x1_ASAP7_75t_R)
                                         _3752_ (net)
                 10.57    0.05  686.54 ^ _7246_/B1 (AO221x1_ASAP7_75t_R)
     1    0.74    9.97   18.52  705.06 ^ _7246_/Y (AO221x1_ASAP7_75t_R)
                                         _3754_ (net)
                  9.97    0.05  705.11 ^ _tray_size4_2488/D1 (DFFHQNH2V2Xx1_ASAP7_75t_R)
                                705.11   data arrival time

                        300.00  300.00   clock clock (rise edge)
                          0.00  300.00   clock source latency
     1   11.71    0.00    0.00  300.00 ^ clock (in)
                                         clock (net)
                 16.35    5.16  305.16 ^ clkbuf_0_clock/A (BUFx16f_ASAP7_75t_R)
     2    7.90    8.44   16.98  322.14 ^ clkbuf_0_clock/Y (BUFx16f_ASAP7_75t_R)
                                         clknet_0_clock (net)
                  9.66    1.63  323.76 ^ clkbuf_1_1__f_clock/A (BUFx16f_ASAP7_75t_R)
    12   43.91   28.29   19.12  342.88 ^ clkbuf_1_1__f_clock/Y (BUFx16f_ASAP7_75t_R)
                                         clknet_1_1__leaf_clock (net)
                 34.22    6.56  349.44 ^ clkbuf_leaf_14_clock/A (BUFx24_ASAP7_75t_R)
    10   10.85   10.86   25.31  374.75 ^ clkbuf_leaf_14_clock/Y (BUFx24_ASAP7_75t_R)
                                         clknet_leaf_14_clock (net)
                 11.42    1.12  375.87 ^ _tray_size4_2488/CLK (DFFHQNH2V2Xx1_ASAP7_75t_R)
                          2.45  378.32   clock reconvergence pessimism
                         -9.89  368.43   library setup time
                                368.43   data required time
-----------------------------------------------------------------------------
                                368.43   data required time
                               -705.11   data arrival time
-----------------------------------------------------------------------------
                               -336.68   slack (VIOLATED)



==========================================================================
global route report_checks -unconstrained
--------------------------------------------------------------------------
Startpoint: _tray_size4_2513 (rising edge-triggered flip-flop clocked by clock)
Endpoint: _tray_size4_2488 (rising edge-triggered flip-flop clocked by clock)
Path Group: clock
Path Type: max

Fanout     Cap    Slew   Delay    Time   Description
-----------------------------------------------------------------------------
                          0.00    0.00   clock clock (rise edge)
                          0.00    0.00   clock source latency
     1   12.37    0.00    0.00    0.00 ^ clock (in)
                                         clock (net)
                 18.02    5.69    5.69 ^ clkbuf_0_clock/A (BUFx16f_ASAP7_75t_R)
     2    9.22    9.28   17.64   23.32 ^ clkbuf_0_clock/Y (BUFx16f_ASAP7_75t_R)
                                         clknet_0_clock (net)
                 10.83    1.94   25.26 ^ clkbuf_1_1__f_clock/A (BUFx16f_ASAP7_75t_R)
    12   51.12   31.27   20.07   45.33 ^ clkbuf_1_1__f_clock/Y (BUFx16f_ASAP7_75t_R)
                                         clknet_1_1__leaf_clock (net)
                 40.12    8.49   53.82 ^ clkbuf_leaf_13_clock/A (BUFx24_ASAP7_75t_R)
    17   13.91   12.44   27.24   81.06 ^ clkbuf_leaf_13_clock/Y (BUFx24_ASAP7_75t_R)
                                         clknet_leaf_13_clock (net)
                 12.98    1.20   82.26 ^ _tray_size4_2513/CLK (DFFHQNH2V2Xx1_ASAP7_75t_R)
     4    3.94   43.52   65.92  148.18 v _tray_size4_2513/QN3 (DFFHQNH2V2Xx1_ASAP7_75t_R)
                                         _1100_ (net)
                 43.55    0.68  148.86 v _5706_/B (NOR2x1_ASAP7_75t_R)
     2    1.65   21.35   16.31  165.17 ^ _5706_/Y (NOR2x1_ASAP7_75t_R)
                                         _2214_ (net)
                 21.35    0.18  165.35 ^ _5707_/D (AND4x1_ASAP7_75t_R)
     1    1.40   15.15   25.94  191.30 ^ _5707_/Y (AND4x1_ASAP7_75t_R)
                                         _2215_ (net)
                 15.16    0.18  191.47 ^ _5710_/A (OR2x6_ASAP7_75t_R)
     5   13.76   20.81   21.06  212.53 ^ _5710_/Y (OR2x6_ASAP7_75t_R)
                                         _2218_ (net)
                 29.54    7.04  219.58 ^ place1768/A (BUFx12f_ASAP7_75t_R)
     5    9.12   10.26   18.02  237.60 ^ place1768/Y (BUFx12f_ASAP7_75t_R)
                                         net1766 (net)
                 10.63    1.04  238.64 ^ place1766/A (BUFx6f_ASAP7_75t_R)
     4    5.24    8.94   14.07  252.71 ^ place1766/Y (BUFx6f_ASAP7_75t_R)
                                         net1764 (net)
                  9.13    0.70  253.41 ^ _5766_/B (XNOR2x2_ASAP7_75t_R)
     1    1.43    9.54   25.48  278.89 v _5766_/Y (XNOR2x2_ASAP7_75t_R)
                                         _2274_ (net)
                  9.56    0.20  279.09 v extendedResult\\ALU_64_0_64_0_65_unused_CO_X_HAN_CARLSON/_0655_/B (XOR2x2_ASAP7_75t_R)
     2    2.06   12.04   20.92  300.01 v extendedResult\\ALU_64_0_64_0_65_unused_CO_X_HAN_CARLSON/_0655_/Y (XOR2x2_ASAP7_75t_R)
                                         extendedResult\\ALU_64_0_64_0_65_unused_CO_X_HAN_CARLSON/_0213_ (net)
                 12.05    0.09  300.10 v extendedResult\\ALU_64_0_64_0_65_unused_CO_X_HAN_CARLSON/_0613_/A (HAxp5_ASAP7_75t_R)
     3    2.46   45.56   39.98  340.08 v extendedResult\\ALU_64_0_64_0_65_unused_CO_X_HAN_CARLSON/_0613_/SN (HAxp5_ASAP7_75t_R)
                                         extendedResult\\ALU_64_0_64_0_65_unused_CO_X_HAN_CARLSON/_0153_ (net)
                 45.57    0.24  340.33 v extendedResult\\ALU_64_0_64_0_65_unused_CO_X_HAN_CARLSON/_0661_/B (OR4x1_ASAP7_75t_R)
     3    3.23   23.84   40.10  380.42 v extendedResult\\ALU_64_0_64_0_65_unused_CO_X_HAN_CARLSON/_0661_/Y (OR4x1_ASAP7_75t_R)
                                         extendedResult\\ALU_64_0_64_0_65_unused_CO_X_HAN_CARLSON/_0219_ (net)
                 23.86    0.37  380.80 v extendedResult\\ALU_64_0_64_0_65_unused_CO_X_HAN_CARLSON/_0663_/B (NOR2x1_ASAP7_75t_R)
     3    2.78   22.94   16.77  397.57 ^ extendedResult\\ALU_64_0_64_0_65_unused_CO_X_HAN_CARLSON/_0663_/Y (NOR2x1_ASAP7_75t_R)
                                         extendedResult\\ALU_64_0_64_0_65_unused_CO_X_HAN_CARLSON/_0221_ (net)
                 22.95    0.26  397.82 ^ extendedResult\\ALU_64_0_64_0_65_unused_CO_X_HAN_CARLSON/_0664_/A (AND2x2_ASAP7_75t_R)
     1    0.81    6.76   16.63  414.46 ^ extendedResult\\ALU_64_0_64_0_65_unused_CO_X_HAN_CARLSON/_0664_/Y (AND2x2_ASAP7_75t_R)
                                         extendedResult\\ALU_64_0_64_0_65_unused_CO_X_HAN_CARLSON/_0222_ (net)
                  6.76    0.06  414.52 ^ extendedResult\\ALU_64_0_64_0_65_unused_CO_X_HAN_CARLSON/_0665_/B1 (AO221x1_ASAP7_75t_R)
     2    2.23   18.69   22.33  436.85 ^ extendedResult\\ALU_64_0_64_0_65_unused_CO_X_HAN_CARLSON/_0665_/Y (AO221x1_ASAP7_75t_R)
                                         extendedResult\\ALU_64_0_64_0_65_unused_CO_X_HAN_CARLSON/_0223_ (net)
                 18.72    0.39  437.24 ^ extendedResult\\ALU_64_0_64_0_65_unused_CO_X_HAN_CARLSON/_0757_/B2 (AO221x2_ASAP7_75t_R)
     2    3.78   18.54   27.40  464.64 ^ extendedResult\\ALU_64_0_64_0_65_unused_CO_X_HAN_CARLSON/_0757_/Y (AO221x2_ASAP7_75t_R)
                                         extendedResult\\ALU_64_0_64_0_65_unused_CO_X_HAN_CARLSON/_0315_ (net)
                 18.68    0.87  465.51 ^ extendedResult\\ALU_64_0_64_0_65_unused_CO_X_HAN_CARLSON/_0549_/B (FAx1_ASAP7_75t_R)
     1    1.28   24.17   18.42  483.93 v extendedResult\\ALU_64_0_64_0_65_unused_CO_X_HAN_CARLSON/_0549_/CON (FAx1_ASAP7_75t_R)
                                         extendedResult\\ALU_64_0_64_0_65_unused_CO_X_HAN_CARLSON/_0024_ (net)
     1    1.05   31.86   15.21  499.15 ^ extendedResult\\ALU_64_0_64_0_65_unused_CO_X_HAN_CARLSON/_0549_/SN (FAx1_ASAP7_75t_R)
                                         extendedResult\\ALU_64_0_64_0_65_unused_CO_X_HAN_CARLSON/_0025_ (net)
                 31.86    0.14  499.28 ^ extendedResult\\ALU_64_0_64_0_65_unused_CO_X_HAN_CARLSON/_0968_/A (INVx1_ASAP7_75t_R)
     2    1.69   15.99   12.68  511.96 v extendedResult\\ALU_64_0_64_0_65_unused_CO_X_HAN_CARLSON/_0968_/Y (INVx1_ASAP7_75t_R)
                                         extendedResult[38] (net)
                 16.00    0.16  512.11 v _7090_/A (OR4x1_ASAP7_75t_R)
     1    1.85   16.18   28.44  540.56 v _7090_/Y (OR4x1_ASAP7_75t_R)
                                         _3598_ (net)
                 16.21    0.35  540.90 v _7091_/D (OR4x1_ASAP7_75t_R)
     1    0.96   11.08   28.14  569.04 v _7091_/Y (OR4x1_ASAP7_75t_R)
                                         _3599_ (net)
                 11.08    0.09  569.13 v _7099_/A (OR4x1_ASAP7_75t_R)
     1    1.24   12.65   25.03  594.16 v _7099_/Y (OR4x1_ASAP7_75t_R)
                                         _3607_ (net)
                 12.67    0.20  594.36 v _7114_/E (OR5x1_ASAP7_75t_R)
     3    4.48   33.05   44.94  639.30 v _7114_/Y (OR5x1_ASAP7_75t_R)
                                         _3622_ (net)
                 33.32    1.70  641.00 v place1187/A (BUFx3_ASAP7_75t_R)
     1    1.45    6.84   19.89  660.89 v place1187/Y (BUFx3_ASAP7_75t_R)
                                         net1185 (net)
                  6.87    0.20  661.09 v _7243_/B (NAND2x1_ASAP7_75t_R)
     1    0.86   11.99    7.20  668.30 ^ _7243_/Y (NAND2x1_ASAP7_75t_R)
                                         _3751_ (net)
                 12.00    0.10  668.40 ^ _7244_/A3 (AO32x1_ASAP7_75t_R)
     1    0.73   10.57   18.09  686.49 ^ _7244_/Y (AO32x1_ASAP7_75t_R)
                                         _3752_ (net)
                 10.57    0.05  686.54 ^ _7246_/B1 (AO221x1_ASAP7_75t_R)
     1    0.74    9.97   18.52  705.06 ^ _7246_/Y (AO221x1_ASAP7_75t_R)
                                         _3754_ (net)
                  9.97    0.05  705.11 ^ _tray_size4_2488/D1 (DFFHQNH2V2Xx1_ASAP7_75t_R)
                                705.11   data arrival time

                        300.00  300.00   clock clock (rise edge)
                          0.00  300.00   clock source latency
     1   11.71    0.00    0.00  300.00 ^ clock (in)
                                         clock (net)
                 16.35    5.16  305.16 ^ clkbuf_0_clock/A (BUFx16f_ASAP7_75t_R)
     2    7.90    8.44   16.98  322.14 ^ clkbuf_0_clock/Y (BUFx16f_ASAP7_75t_R)
                                         clknet_0_clock (net)
                  9.66    1.63  323.76 ^ clkbuf_1_1__f_clock/A (BUFx16f_ASAP7_75t_R)
    12   43.91   28.29   19.12  342.88 ^ clkbuf_1_1__f_clock/Y (BUFx16f_ASAP7_75t_R)
                                         clknet_1_1__leaf_clock (net)
                 34.22    6.56  349.44 ^ clkbuf_leaf_14_clock/A (BUFx24_ASAP7_75t_R)
    10   10.85   10.86   25.31  374.75 ^ clkbuf_leaf_14_clock/Y (BUFx24_ASAP7_75t_R)
                                         clknet_leaf_14_clock (net)
                 11.42    1.12  375.87 ^ _tray_size4_2488/CLK (DFFHQNH2V2Xx1_ASAP7_75t_R)
                          2.45  378.32   clock reconvergence pessimism
                         -9.89  368.43   library setup time
                                368.43   data required time
-----------------------------------------------------------------------------
                                368.43   data required time
                               -705.11   data arrival time
-----------------------------------------------------------------------------
                               -336.68   slack (VIOLATED)



==========================================================================
global route report_check_types -max_slew -max_cap -max_fanout -violators
--------------------------------------------------------------------------

==========================================================================
global route max_slew_check_slack
--------------------------------------------------------------------------
94.79883575439453

==========================================================================
global route max_slew_check_limit
--------------------------------------------------------------------------
320.0

==========================================================================
global route max_slew_check_slack_limit
--------------------------------------------------------------------------
0.2962

==========================================================================
global route max_fanout_check_slack
--------------------------------------------------------------------------
1.0000000150474662e+30

==========================================================================
global route max_fanout_check_limit
--------------------------------------------------------------------------
1.0000000150474662e+30

==========================================================================
global route max_capacitance_check_slack
--------------------------------------------------------------------------
18.590394973754883

==========================================================================
global route max_capacitance_check_limit
--------------------------------------------------------------------------
23.040000915527344

==========================================================================
global route max_capacitance_check_slack_limit
--------------------------------------------------------------------------
0.8069

==========================================================================
global route max_slew_violation_count
--------------------------------------------------------------------------
max slew violation count 0

==========================================================================
global route max_fanout_violation_count
--------------------------------------------------------------------------
max fanout violation count 0

==========================================================================
global route max_cap_violation_count
--------------------------------------------------------------------------
max cap violation count 0

==========================================================================
global route setup_violation_count
--------------------------------------------------------------------------
setup violation count 541

==========================================================================
global route hold_violation_count
--------------------------------------------------------------------------
hold violation count 0

==========================================================================
global route report_checks -path_delay max reg to reg
--------------------------------------------------------------------------
Startpoint: _tray_size4_2513 (rising edge-triggered flip-flop clocked by clock)
Endpoint: _tray_size4_2488 (rising edge-triggered flip-flop clocked by clock)
Path Group: clock
Path Type: max

  Delay    Time   Description
---------------------------------------------------------
   0.00    0.00   clock clock (rise edge)
   0.00    0.00   clock source latency
   0.00    0.00 ^ clock (in)
  23.32   23.32 ^ clkbuf_0_clock/Y (BUFx16f_ASAP7_75t_R)
  22.00   45.33 ^ clkbuf_1_1__f_clock/Y (BUFx16f_ASAP7_75t_R)
  35.73   81.06 ^ clkbuf_leaf_13_clock/Y (BUFx24_ASAP7_75t_R)
   1.20   82.26 ^ _tray_size4_2513/CLK (DFFHQNH2V2Xx1_ASAP7_75t_R)
  65.92  148.18 v _tray_size4_2513/QN3 (DFFHQNH2V2Xx1_ASAP7_75t_R)
  16.99  165.17 ^ _5706_/Y (NOR2x1_ASAP7_75t_R)
  26.12  191.30 ^ _5707_/Y (AND4x1_ASAP7_75t_R)
  21.24  212.53 ^ _5710_/Y (OR2x6_ASAP7_75t_R)
  25.06  237.60 ^ place1768/Y (BUFx12f_ASAP7_75t_R)
  15.11  252.71 ^ place1766/Y (BUFx6f_ASAP7_75t_R)
  26.18  278.89 v _5766_/Y (XNOR2x2_ASAP7_75t_R)
  21.12  300.01 v extendedResult\\ALU_64_0_64_0_65_unused_CO_X_HAN_CARLSON/_0655_/Y (XOR2x2_ASAP7_75t_R)
  40.07  340.08 v extendedResult\\ALU_64_0_64_0_65_unused_CO_X_HAN_CARLSON/_0613_/SN (HAxp5_ASAP7_75t_R)
  40.34  380.42 v extendedResult\\ALU_64_0_64_0_65_unused_CO_X_HAN_CARLSON/_0661_/Y (OR4x1_ASAP7_75t_R)
  17.14  397.57 ^ extendedResult\\ALU_64_0_64_0_65_unused_CO_X_HAN_CARLSON/_0663_/Y (NOR2x1_ASAP7_75t_R)
  16.89  414.46 ^ extendedResult\\ALU_64_0_64_0_65_unused_CO_X_HAN_CARLSON/_0664_/Y (AND2x2_ASAP7_75t_R)
  22.39  436.85 ^ extendedResult\\ALU_64_0_64_0_65_unused_CO_X_HAN_CARLSON/_0665_/Y (AO221x1_ASAP7_75t_R)
  27.79  464.64 ^ extendedResult\\ALU_64_0_64_0_65_unused_CO_X_HAN_CARLSON/_0757_/Y (AO221x2_ASAP7_75t_R)
  19.29  483.93 v extendedResult\\ALU_64_0_64_0_65_unused_CO_X_HAN_CARLSON/_0549_/CON (FAx1_ASAP7_75t_R)
  15.21  499.15 ^ extendedResult\\ALU_64_0_64_0_65_unused_CO_X_HAN_CARLSON/_0549_/SN (FAx1_ASAP7_75t_R)
  12.81  511.96 v extendedResult\\ALU_64_0_64_0_65_unused_CO_X_HAN_CARLSON/_0968_/Y (INVx1_ASAP7_75t_R)
  28.60  540.56 v _7090_/Y (OR4x1_ASAP7_75t_R)
  28.48  569.04 v _7091_/Y (OR4x1_ASAP7_75t_R)
  25.12  594.16 v _7099_/Y (OR4x1_ASAP7_75t_R)
  45.14  639.30 v _7114_/Y (OR5x1_ASAP7_75t_R)
  21.59  660.89 v place1187/Y (BUFx3_ASAP7_75t_R)
   7.40  668.30 ^ _7243_/Y (NAND2x1_ASAP7_75t_R)
  18.19  686.49 ^ _7244_/Y (AO32x1_ASAP7_75t_R)
  18.57  705.06 ^ _7246_/Y (AO221x1_ASAP7_75t_R)
   0.05  705.11 ^ _tray_size4_2488/D1 (DFFHQNH2V2Xx1_ASAP7_75t_R)
         705.11   data arrival time

 300.00  300.00   clock clock (rise edge)
   0.00  300.00   clock source latency
   0.00  300.00 ^ clock (in)
  22.14  322.14 ^ clkbuf_0_clock/Y (BUFx16f_ASAP7_75t_R)
  20.74  342.88 ^ clkbuf_1_1__f_clock/Y (BUFx16f_ASAP7_75t_R)
  31.87  374.75 ^ clkbuf_leaf_14_clock/Y (BUFx24_ASAP7_75t_R)
   1.12  375.87 ^ _tray_size4_2488/CLK (DFFHQNH2V2Xx1_ASAP7_75t_R)
   2.45  378.32   clock reconvergence pessimism
  -9.89  368.43   library setup time
         368.43   data required time
---------------------------------------------------------
         368.43   data required time
        -705.11   data arrival time
---------------------------------------------------------
        -336.68   slack (VIOLATED)



==========================================================================
global route report_checks -path_delay min reg to reg
--------------------------------------------------------------------------
Startpoint: multResult_mult.pp_row0_1$_DFF_P_
            (rising edge-triggered flip-flop clocked by clock)
Endpoint: _tray_size4_2479 (rising edge-triggered flip-flop clocked by clock)
Path Group: clock
Path Type: min

  Delay    Time   Description
---------------------------------------------------------
   0.00    0.00   clock clock (rise edge)
   0.00    0.00   clock source latency
   0.00    0.00 ^ clock (in)
  22.14   22.14 ^ clkbuf_0_clock/Y (BUFx16f_ASAP7_75t_R)
  20.74   42.88 ^ clkbuf_1_1__f_clock/Y (BUFx16f_ASAP7_75t_R)
  31.87   74.75 ^ clkbuf_leaf_14_clock/Y (BUFx24_ASAP7_75t_R)
   1.38   76.13 ^ multResult_mult.pp_row0_1$_DFF_P_/CLK (DFFHQNx1_ASAP7_75t_R)
  35.85  111.98 ^ multResult_mult.pp_row0_1$_DFF_P_/QN (DFFHQNx1_ASAP7_75t_R)
   6.09  118.07 v _5514_/Y (INVx1_ASAP7_75t_R)
   0.06  118.13 v _tray_size4_2479/D2 (DFFHQNH2V2Xx1_ASAP7_75t_R)
         118.13   data arrival time

   0.00    0.00   clock clock (rise edge)
   0.00    0.00   clock source latency
   0.00    0.00 ^ clock (in)
  23.32   23.32 ^ clkbuf_0_clock/Y (BUFx16f_ASAP7_75t_R)
  22.00   45.33 ^ clkbuf_1_1__f_clock/Y (BUFx16f_ASAP7_75t_R)
  34.29   79.62 ^ clkbuf_leaf_14_clock/Y (BUFx24_ASAP7_75t_R)
   0.72   80.34 ^ _tray_size4_2479/CLK (DFFHQNH2V2Xx1_ASAP7_75t_R)
  -4.87   75.47   clock reconvergence pessimism
  12.89   88.36   library hold time
          88.36   data required time
---------------------------------------------------------
          88.36   data required time
        -118.13   data arrival time
---------------------------------------------------------
          29.77   slack (MET)



==========================================================================
global route critical path target clock latency max path
--------------------------------------------------------------------------
76.3383

==========================================================================
global route critical path target clock latency min path
--------------------------------------------------------------------------
85.1789

==========================================================================
global route critical path source clock latency min path
--------------------------------------------------------------------------
0.0000

==========================================================================
global route critical path delay
--------------------------------------------------------------------------
705.1114

==========================================================================
global route critical path slack
--------------------------------------------------------------------------
-336.6795

==========================================================================
global route slack div critical path delay
--------------------------------------------------------------------------
-47.748413

==========================================================================
global route report_power
--------------------------------------------------------------------------
Group                  Internal  Switching    Leakage      Total
                          Power      Power      Power      Power (Watts)
----------------------------------------------------------------
Sequential             7.39e-03   4.46e-04   1.73e-07   7.84e-03  14.7%
Combinational          1.63e-02   2.69e-02   7.77e-07   4.32e-02  81.0%
Clock                  1.40e-03   9.31e-04   1.46e-08   2.33e-03   4.4%
Macro                  0.00e+00   0.00e+00   0.00e+00   0.00e+00   0.0%
Pad                    0.00e+00   0.00e+00   0.00e+00   0.00e+00   0.0%
----------------------------------------------------------------
Total                  2.51e-02   2.83e-02   9.65e-07   5.34e-02 100.0%
                          47.0%      53.0%       0.0%
