
==========================================================================
global place report_tns
--------------------------------------------------------------------------
tns max -35997.13

==========================================================================
global place report_wns
--------------------------------------------------------------------------
wns max -342.13

==========================================================================
global place report_worst_slack
--------------------------------------------------------------------------
worst slack max -342.13

==========================================================================
global place report_clock_min_period
--------------------------------------------------------------------------
clock period_min = 642.13 fmax = 1557.32

==========================================================================
global place report_checks -path_delay min
--------------------------------------------------------------------------
Startpoint: multResult_mult.pp_row0_1$_DFF_P_
            (rising edge-triggered flip-flop clocked by clock)
Endpoint: _tray_size4_2484 (rising edge-triggered flip-flop clocked by clock)
Path Group: clock
Path Type: min

Fanout     Cap    Slew   Delay    Time   Description
-----------------------------------------------------------------------------
                  0.00    0.00    0.00   clock clock (rise edge)
                          0.00    0.00   clock network delay (ideal)
                  0.00    0.00    0.00 ^ multResult_mult.pp_row0_1$_DFF_P_/CLK (DFFHQNx1_ASAP7_75t_R)
     1    0.53   11.06   31.28   31.28 ^ multResult_mult.pp_row0_1$_DFF_P_/QN (DFFHQNx1_ASAP7_75t_R)
                                         _0413_ (net)
                 11.06    0.02   31.30 ^ _5514_/A (INVx1_ASAP7_75t_R)
     1    0.53    5.79    5.52   36.82 v _5514_/Y (INVx1_ASAP7_75t_R)
                                         _2022_ (net)
                  5.79    0.02   36.83 v _tray_size4_2484/D2 (DFFHQNH2V2Xx1_ASAP7_75t_R)
                                 36.83   data arrival time

                  0.00    0.00    0.00   clock clock (rise edge)
                          0.00    0.00   clock network delay (ideal)
                          0.00    0.00   clock reconvergence pessimism
                                  0.00 ^ _tray_size4_2484/CLK (DFFHQNH2V2Xx1_ASAP7_75t_R)
                          9.42    9.42   library hold time
                                  9.42   data required time
-----------------------------------------------------------------------------
                                  9.42   data required time
                                -36.83   data arrival time
-----------------------------------------------------------------------------
                                 27.42   slack (MET)



==========================================================================
global place report_checks -path_delay max
--------------------------------------------------------------------------
Startpoint: _tray_size4_2496 (rising edge-triggered flip-flop clocked by clock)
Endpoint: _tray_size4_2492 (rising edge-triggered flip-flop clocked by clock)
Path Group: clock
Path Type: max

Fanout     Cap    Slew   Delay    Time   Description
-----------------------------------------------------------------------------
                  0.00    0.00    0.00   clock clock (rise edge)
                          0.00    0.00   clock network delay (ideal)
                  0.00    0.00    0.00 ^ _tray_size4_2496/CLK (DFFHQNH2V2Xx1_ASAP7_75t_R)
     5    3.96   43.26   61.71   61.71 v _tray_size4_2496/QN3 (DFFHQNH2V2Xx1_ASAP7_75t_R)
                                         _0009_ (net)
                 43.26    0.23   61.95 v _5703_/A (NAND2x1_ASAP7_75t_R)
     1    0.96   18.66   18.04   79.99 ^ _5703_/Y (NAND2x1_ASAP7_75t_R)
                                         _2211_ (net)
                 18.66    0.07   80.06 ^ _5707_/C (AND4x1_ASAP7_75t_R)
     1    0.60    9.97   22.72  102.78 ^ _5707_/Y (AND4x1_ASAP7_75t_R)
                                         _2215_ (net)
                  9.97    0.02  102.80 ^ _5710_/A (OR2x2_ASAP7_75t_R)
     4    8.26   30.25   24.05  126.85 ^ _5710_/Y (OR2x2_ASAP7_75t_R)
                                         _2218_ (net)
                 31.92    3.82  130.67 ^ place1768/A (BUFx3_ASAP7_75t_R)
     6    6.51   17.18   22.94  153.61 ^ place1768/Y (BUFx3_ASAP7_75t_R)
                                         net1766 (net)
                 17.34    0.91  154.52 ^ _5817_/B (XNOR2x2_ASAP7_75t_R)
     1    1.11    7.88   26.56  181.08 v _5817_/Y (XNOR2x2_ASAP7_75t_R)
                                         _2325_ (net)
                  7.88    0.04  181.12 v extendedResult\\ALU_64_0_64_0_65_unused_CO_X_HAN_CARLSON/_0759_/B (XOR2x2_ASAP7_75t_R)
     1    1.19    7.77   18.99  200.11 v extendedResult\\ALU_64_0_64_0_65_unused_CO_X_HAN_CARLSON/_0759_/Y (XOR2x2_ASAP7_75t_R)
                                         extendedResult\\ALU_64_0_64_0_65_unused_CO_X_HAN_CARLSON/_0317_ (net)
                  7.78    0.07  200.18 v extendedResult\\ALU_64_0_64_0_65_unused_CO_X_HAN_CARLSON/_0594_/B (HAxp5_ASAP7_75t_R)
     5    4.52   79.15   60.42  260.59 v extendedResult\\ALU_64_0_64_0_65_unused_CO_X_HAN_CARLSON/_0594_/SN (HAxp5_ASAP7_75t_R)
                                         extendedResult\\ALU_64_0_64_0_65_unused_CO_X_HAN_CARLSON/_0115_ (net)
                 79.15    0.11  260.70 v extendedResult\\ALU_64_0_64_0_65_unused_CO_X_HAN_CARLSON/_0777_/A (OR4x1_ASAP7_75t_R)
     2    2.30   19.45   43.18  303.88 v extendedResult\\ALU_64_0_64_0_65_unused_CO_X_HAN_CARLSON/_0777_/Y (OR4x1_ASAP7_75t_R)
                                         extendedResult\\ALU_64_0_64_0_65_unused_CO_X_HAN_CARLSON/_0335_ (net)
                 19.46    0.22  304.10 v extendedResult\\ALU_64_0_64_0_65_unused_CO_X_HAN_CARLSON/_0805_/A (NOR2x1_ASAP7_75t_R)
     3    2.12   19.41   13.86  317.96 ^ extendedResult\\ALU_64_0_64_0_65_unused_CO_X_HAN_CARLSON/_0805_/Y (NOR2x1_ASAP7_75t_R)
                                         extendedResult\\ALU_64_0_64_0_65_unused_CO_X_HAN_CARLSON/_0363_ (net)
                 19.41    0.09  318.05 ^ extendedResult\\ALU_64_0_64_0_65_unused_CO_X_HAN_CARLSON/_0807_/B (AND2x2_ASAP7_75t_R)
     2    1.27    8.02   18.20  336.26 ^ extendedResult\\ALU_64_0_64_0_65_unused_CO_X_HAN_CARLSON/_0807_/Y (AND2x2_ASAP7_75t_R)
                                         extendedResult\\ALU_64_0_64_0_65_unused_CO_X_HAN_CARLSON/_0365_ (net)
                  8.02    0.05  336.31 ^ extendedResult\\ALU_64_0_64_0_65_unused_CO_X_HAN_CARLSON/_0808_/B (AND2x2_ASAP7_75t_R)
     1    0.82    6.47   14.34  350.65 ^ extendedResult\\ALU_64_0_64_0_65_unused_CO_X_HAN_CARLSON/_0808_/Y (AND2x2_ASAP7_75t_R)
                                         extendedResult\\ALU_64_0_64_0_65_unused_CO_X_HAN_CARLSON/_0366_ (net)
                  6.47    0.05  350.70 ^ extendedResult\\ALU_64_0_64_0_65_unused_CO_X_HAN_CARLSON/_0809_/B1 (AO221x1_ASAP7_75t_R)
     2    4.17   30.20   27.73  378.43 ^ extendedResult\\ALU_64_0_64_0_65_unused_CO_X_HAN_CARLSON/_0809_/Y (AO221x1_ASAP7_75t_R)
                                         extendedResult\\ALU_64_0_64_0_65_unused_CO_X_HAN_CARLSON/_0367_ (net)
                 30.23    0.60  379.03 ^ extendedResult\\ALU_64_0_64_0_65_unused_CO_X_HAN_CARLSON/_0545_/B (FAx1_ASAP7_75t_R)
     1    1.13   24.63   20.60  399.63 v extendedResult\\ALU_64_0_64_0_65_unused_CO_X_HAN_CARLSON/_0545_/CON (FAx1_ASAP7_75t_R)
                                         extendedResult\\ALU_64_0_64_0_65_unused_CO_X_HAN_CARLSON/_0016_ (net)
     1    0.95   30.50   14.83  414.46 ^ extendedResult\\ALU_64_0_64_0_65_unused_CO_X_HAN_CARLSON/_0545_/SN (FAx1_ASAP7_75t_R)
                                         extendedResult\\ALU_64_0_64_0_65_unused_CO_X_HAN_CARLSON/_0017_ (net)
                 30.50    0.06  414.52 ^ extendedResult\\ALU_64_0_64_0_65_unused_CO_X_HAN_CARLSON/_0972_/A (INVx1_ASAP7_75t_R)
     2    1.47   14.40   11.73  426.24 v extendedResult\\ALU_64_0_64_0_65_unused_CO_X_HAN_CARLSON/_0972_/Y (INVx1_ASAP7_75t_R)
                                         extendedResult[46] (net)
                 14.40    0.06  426.31 v _7092_/C (OR4x1_ASAP7_75t_R)
     1    0.79   10.11   26.95  453.26 v _7092_/Y (OR4x1_ASAP7_75t_R)
                                         _3600_ (net)
                 10.11    0.05  453.31 v _7094_/E (OR5x1_ASAP7_75t_R)
     1    1.58   16.18   35.94  489.25 v _7094_/Y (OR5x1_ASAP7_75t_R)
                                         _3602_ (net)
                 16.19    0.23  489.48 v _7099_/B (OR4x1_ASAP7_75t_R)
     1    1.16   12.18   27.70  517.18 v _7099_/Y (OR4x1_ASAP7_75t_R)
                                         _3607_ (net)
                 12.19    0.12  517.30 v _7114_/D (OR5x1_ASAP7_75t_R)
     3    4.00   29.83   43.48  560.79 v _7114_/Y (OR5x1_ASAP7_75t_R)
                                         _3622_ (net)
                 29.93    0.98  561.76 v place1187/A (BUFx3_ASAP7_75t_R)
     1    1.28    6.36   18.95  580.71 v place1187/Y (BUFx3_ASAP7_75t_R)
                                         net1185 (net)
                  6.37    0.07  580.78 v _7243_/B (NAND2x1_ASAP7_75t_R)
     1    0.64   10.26    6.42  587.20 ^ _7243_/Y (NAND2x1_ASAP7_75t_R)
                                         _3751_ (net)
                 10.26    0.03  587.23 ^ _7244_/A3 (AO32x1_ASAP7_75t_R)
     1    0.64    9.98   17.57  604.80 ^ _7244_/Y (AO32x1_ASAP7_75t_R)
                                         _3752_ (net)
                  9.98    0.02  604.82 ^ _7246_/B1 (AO221x1_ASAP7_75t_R)
     1    0.67    9.53   18.10  622.92 ^ _7246_/Y (AO221x1_ASAP7_75t_R)
                                         _3754_ (net)
                  9.53    0.03  622.95 ^ _tray_size4_2492/D1 (DFFHQNH2V2Xx1_ASAP7_75t_R)
                                622.95   data arrival time

                  0.00  300.00  300.00   clock clock (rise edge)
                          0.00  300.00   clock network delay (ideal)
                          0.00  300.00   clock reconvergence pessimism
                                300.00 ^ _tray_size4_2492/CLK (DFFHQNH2V2Xx1_ASAP7_75t_R)
                        -19.18  280.82   library setup time
                                280.82   data required time
-----------------------------------------------------------------------------
                                280.82   data required time
                               -622.95   data arrival time
-----------------------------------------------------------------------------
                               -342.13   slack (VIOLATED)



==========================================================================
global place report_checks -unconstrained
--------------------------------------------------------------------------
Startpoint: _tray_size4_2496 (rising edge-triggered flip-flop clocked by clock)
Endpoint: _tray_size4_2492 (rising edge-triggered flip-flop clocked by clock)
Path Group: clock
Path Type: max

Fanout     Cap    Slew   Delay    Time   Description
-----------------------------------------------------------------------------
                  0.00    0.00    0.00   clock clock (rise edge)
                          0.00    0.00   clock network delay (ideal)
                  0.00    0.00    0.00 ^ _tray_size4_2496/CLK (DFFHQNH2V2Xx1_ASAP7_75t_R)
     5    3.96   43.26   61.71   61.71 v _tray_size4_2496/QN3 (DFFHQNH2V2Xx1_ASAP7_75t_R)
                                         _0009_ (net)
                 43.26    0.23   61.95 v _5703_/A (NAND2x1_ASAP7_75t_R)
     1    0.96   18.66   18.04   79.99 ^ _5703_/Y (NAND2x1_ASAP7_75t_R)
                                         _2211_ (net)
                 18.66    0.07   80.06 ^ _5707_/C (AND4x1_ASAP7_75t_R)
     1    0.60    9.97   22.72  102.78 ^ _5707_/Y (AND4x1_ASAP7_75t_R)
                                         _2215_ (net)
                  9.97    0.02  102.80 ^ _5710_/A (OR2x2_ASAP7_75t_R)
     4    8.26   30.25   24.05  126.85 ^ _5710_/Y (OR2x2_ASAP7_75t_R)
                                         _2218_ (net)
                 31.92    3.82  130.67 ^ place1768/A (BUFx3_ASAP7_75t_R)
     6    6.51   17.18   22.94  153.61 ^ place1768/Y (BUFx3_ASAP7_75t_R)
                                         net1766 (net)
                 17.34    0.91  154.52 ^ _5817_/B (XNOR2x2_ASAP7_75t_R)
     1    1.11    7.88   26.56  181.08 v _5817_/Y (XNOR2x2_ASAP7_75t_R)
                                         _2325_ (net)
                  7.88    0.04  181.12 v extendedResult\\ALU_64_0_64_0_65_unused_CO_X_HAN_CARLSON/_0759_/B (XOR2x2_ASAP7_75t_R)
     1    1.19    7.77   18.99  200.11 v extendedResult\\ALU_64_0_64_0_65_unused_CO_X_HAN_CARLSON/_0759_/Y (XOR2x2_ASAP7_75t_R)
                                         extendedResult\\ALU_64_0_64_0_65_unused_CO_X_HAN_CARLSON/_0317_ (net)
                  7.78    0.07  200.18 v extendedResult\\ALU_64_0_64_0_65_unused_CO_X_HAN_CARLSON/_0594_/B (HAxp5_ASAP7_75t_R)
     5    4.52   79.15   60.42  260.59 v extendedResult\\ALU_64_0_64_0_65_unused_CO_X_HAN_CARLSON/_0594_/SN (HAxp5_ASAP7_75t_R)
                                         extendedResult\\ALU_64_0_64_0_65_unused_CO_X_HAN_CARLSON/_0115_ (net)
                 79.15    0.11  260.70 v extendedResult\\ALU_64_0_64_0_65_unused_CO_X_HAN_CARLSON/_0777_/A (OR4x1_ASAP7_75t_R)
     2    2.30   19.45   43.18  303.88 v extendedResult\\ALU_64_0_64_0_65_unused_CO_X_HAN_CARLSON/_0777_/Y (OR4x1_ASAP7_75t_R)
                                         extendedResult\\ALU_64_0_64_0_65_unused_CO_X_HAN_CARLSON/_0335_ (net)
                 19.46    0.22  304.10 v extendedResult\\ALU_64_0_64_0_65_unused_CO_X_HAN_CARLSON/_0805_/A (NOR2x1_ASAP7_75t_R)
     3    2.12   19.41   13.86  317.96 ^ extendedResult\\ALU_64_0_64_0_65_unused_CO_X_HAN_CARLSON/_0805_/Y (NOR2x1_ASAP7_75t_R)
                                         extendedResult\\ALU_64_0_64_0_65_unused_CO_X_HAN_CARLSON/_0363_ (net)
                 19.41    0.09  318.05 ^ extendedResult\\ALU_64_0_64_0_65_unused_CO_X_HAN_CARLSON/_0807_/B (AND2x2_ASAP7_75t_R)
     2    1.27    8.02   18.20  336.26 ^ extendedResult\\ALU_64_0_64_0_65_unused_CO_X_HAN_CARLSON/_0807_/Y (AND2x2_ASAP7_75t_R)
                                         extendedResult\\ALU_64_0_64_0_65_unused_CO_X_HAN_CARLSON/_0365_ (net)
                  8.02    0.05  336.31 ^ extendedResult\\ALU_64_0_64_0_65_unused_CO_X_HAN_CARLSON/_0808_/B (AND2x2_ASAP7_75t_R)
     1    0.82    6.47   14.34  350.65 ^ extendedResult\\ALU_64_0_64_0_65_unused_CO_X_HAN_CARLSON/_0808_/Y (AND2x2_ASAP7_75t_R)
                                         extendedResult\\ALU_64_0_64_0_65_unused_CO_X_HAN_CARLSON/_0366_ (net)
                  6.47    0.05  350.70 ^ extendedResult\\ALU_64_0_64_0_65_unused_CO_X_HAN_CARLSON/_0809_/B1 (AO221x1_ASAP7_75t_R)
     2    4.17   30.20   27.73  378.43 ^ extendedResult\\ALU_64_0_64_0_65_unused_CO_X_HAN_CARLSON/_0809_/Y (AO221x1_ASAP7_75t_R)
                                         extendedResult\\ALU_64_0_64_0_65_unused_CO_X_HAN_CARLSON/_0367_ (net)
                 30.23    0.60  379.03 ^ extendedResult\\ALU_64_0_64_0_65_unused_CO_X_HAN_CARLSON/_0545_/B (FAx1_ASAP7_75t_R)
     1    1.13   24.63   20.60  399.63 v extendedResult\\ALU_64_0_64_0_65_unused_CO_X_HAN_CARLSON/_0545_/CON (FAx1_ASAP7_75t_R)
                                         extendedResult\\ALU_64_0_64_0_65_unused_CO_X_HAN_CARLSON/_0016_ (net)
     1    0.95   30.50   14.83  414.46 ^ extendedResult\\ALU_64_0_64_0_65_unused_CO_X_HAN_CARLSON/_0545_/SN (FAx1_ASAP7_75t_R)
                                         extendedResult\\ALU_64_0_64_0_65_unused_CO_X_HAN_CARLSON/_0017_ (net)
                 30.50    0.06  414.52 ^ extendedResult\\ALU_64_0_64_0_65_unused_CO_X_HAN_CARLSON/_0972_/A (INVx1_ASAP7_75t_R)
     2    1.47   14.40   11.73  426.24 v extendedResult\\ALU_64_0_64_0_65_unused_CO_X_HAN_CARLSON/_0972_/Y (INVx1_ASAP7_75t_R)
                                         extendedResult[46] (net)
                 14.40    0.06  426.31 v _7092_/C (OR4x1_ASAP7_75t_R)
     1    0.79   10.11   26.95  453.26 v _7092_/Y (OR4x1_ASAP7_75t_R)
                                         _3600_ (net)
                 10.11    0.05  453.31 v _7094_/E (OR5x1_ASAP7_75t_R)
     1    1.58   16.18   35.94  489.25 v _7094_/Y (OR5x1_ASAP7_75t_R)
                                         _3602_ (net)
                 16.19    0.23  489.48 v _7099_/B (OR4x1_ASAP7_75t_R)
     1    1.16   12.18   27.70  517.18 v _7099_/Y (OR4x1_ASAP7_75t_R)
                                         _3607_ (net)
                 12.19    0.12  517.30 v _7114_/D (OR5x1_ASAP7_75t_R)
     3    4.00   29.83   43.48  560.79 v _7114_/Y (OR5x1_ASAP7_75t_R)
                                         _3622_ (net)
                 29.93    0.98  561.76 v place1187/A (BUFx3_ASAP7_75t_R)
     1    1.28    6.36   18.95  580.71 v place1187/Y (BUFx3_ASAP7_75t_R)
                                         net1185 (net)
                  6.37    0.07  580.78 v _7243_/B (NAND2x1_ASAP7_75t_R)
     1    0.64   10.26    6.42  587.20 ^ _7243_/Y (NAND2x1_ASAP7_75t_R)
                                         _3751_ (net)
                 10.26    0.03  587.23 ^ _7244_/A3 (AO32x1_ASAP7_75t_R)
     1    0.64    9.98   17.57  604.80 ^ _7244_/Y (AO32x1_ASAP7_75t_R)
                                         _3752_ (net)
                  9.98    0.02  604.82 ^ _7246_/B1 (AO221x1_ASAP7_75t_R)
     1    0.67    9.53   18.10  622.92 ^ _7246_/Y (AO221x1_ASAP7_75t_R)
                                         _3754_ (net)
                  9.53    0.03  622.95 ^ _tray_size4_2492/D1 (DFFHQNH2V2Xx1_ASAP7_75t_R)
                                622.95   data arrival time

                  0.00  300.00  300.00   clock clock (rise edge)
                          0.00  300.00   clock network delay (ideal)
                          0.00  300.00   clock reconvergence pessimism
                                300.00 ^ _tray_size4_2492/CLK (DFFHQNH2V2Xx1_ASAP7_75t_R)
                        -19.18  280.82   library setup time
                                280.82   data required time
-----------------------------------------------------------------------------
                                280.82   data required time
                               -622.95   data arrival time
-----------------------------------------------------------------------------
                               -342.13   slack (VIOLATED)



==========================================================================
global place report_power
--------------------------------------------------------------------------
Group                  Internal  Switching    Leakage      Total
                          Power      Power      Power      Power (Watts)
----------------------------------------------------------------
Sequential             7.68e-03   4.22e-04   1.72e-07   8.11e-03  16.4%
Combinational          1.64e-02   2.48e-02   7.49e-07   4.12e-02  83.6%
Clock                  0.00e+00   0.00e+00   0.00e+00   0.00e+00   0.0%
Macro                  0.00e+00   0.00e+00   0.00e+00   0.00e+00   0.0%
Pad                    0.00e+00   0.00e+00   0.00e+00   0.00e+00   0.0%
----------------------------------------------------------------
Total                  2.41e-02   2.53e-02   9.22e-07   4.93e-02 100.0%
                          48.8%      51.2%       0.0%
