OpenROAD fe1aa0f9d0254fac87b82c886c04ee1544e46885 
Features included (+) or not (-): +GPU +GUI +Python
This program is licensed under the BSD-3 license. See the LICENSE file for details.
Components of this program may be licensed under more restrictive licenses which must be honored.
[INFO ORD-0030] Using 32 thread(s).
source /home/lucast/workspace/OR-flow-TCC/flow/platforms/asap7/liberty_suppressions.tcl
read_liberty /home/lucast/workspace/OR-flow-TCC/flow/platforms/asap7/lib/NLDM/asap7sc7p5t_AO_LVT_FF_nldm_211120.lib.gz
read_liberty /home/lucast/workspace/OR-flow-TCC/flow/platforms/asap7/lib/NLDM/asap7sc7p5t_INVBUF_LVT_FF_nldm_220122.lib.gz
read_liberty /home/lucast/workspace/OR-flow-TCC/flow/platforms/asap7/lib/NLDM/asap7sc7p5t_OA_LVT_FF_nldm_211120.lib.gz
read_liberty /home/lucast/workspace/OR-flow-TCC/flow/platforms/asap7/lib/NLDM/asap7sc7p5t_SIMPLE_LVT_FF_nldm_211120.lib.gz
read_liberty /home/lucast/workspace/OR-flow-TCC/flow/platforms/asap7/lib/NLDM/asap7sc7p5t_SEQ_LVT_FF_nldm_220123.lib
read_liberty /home/lucast/workspace/OR-flow-TCC/flow/platforms/asap7/lib/NLDM/asap7sc7p5t_DFFHQNH2V2X_LVT_TT_nldm_FAKE.lib
read_liberty /home/lucast/workspace/OR-flow-TCC/flow/platforms/asap7/lib/NLDM/asap7sc7p5t_DFFHQNV2X_LVT_TT_nldm_FAKE.lib
read_db ./results/asap7/ethmac_lvt/baseline_alpha_67-beta_0.1/3_3_place_gp.odb
source /home/lucast/workspace/OR-flow-TCC/flow/platforms/asap7/setRC.tcl
estimate_parasitics -placement
Perform buffer insertion and gate resizing...
repair_design -verbose
Iteration |   Area    | Resized | Buffers | Nets repaired | Remaining
---------------------------------------------------------------------
        0 |     +0.0% |       0 |       0 |             0 |     54989
     1000 |     +0.0% |       0 |       0 |             0 |     53989
     2000 |     +0.0% |       0 |       0 |             0 |     52989
     3000 |     +0.0% |       0 |       0 |             0 |     51989
     4000 |     +0.0% |       0 |       0 |             0 |     50989
     5000 |     +0.0% |       0 |       0 |             0 |     49989
     6000 |     +0.0% |       0 |       0 |             0 |     48989
     7000 |     +0.0% |       0 |       0 |             0 |     47989
     8000 |     +0.0% |       0 |       0 |             0 |     46989
     9000 |     +0.0% |       0 |       0 |             0 |     45989
    10000 |     +0.0% |       0 |       0 |             0 |     44989
    11000 |     +0.0% |       0 |       0 |             0 |     43989
    12000 |     +0.0% |       0 |       0 |             0 |     42989
    13000 |     +0.0% |       0 |       0 |             0 |     41989
    14000 |     +0.0% |       0 |       0 |             0 |     40989
    15000 |     +0.0% |       0 |       0 |             0 |     39989
    16000 |     +0.0% |       0 |       0 |             0 |     38989
    17000 |     +0.0% |       0 |       0 |             0 |     37989
    18000 |     +0.0% |       0 |       0 |             0 |     36989
    19000 |     +0.0% |       0 |       0 |             0 |     35989
    20000 |     +0.0% |       0 |       0 |             0 |     34989
    21000 |     +0.0% |       0 |       0 |             0 |     33989
    22000 |     +0.0% |       0 |       0 |             0 |     32989
    23000 |     +0.0% |       0 |       0 |             0 |     31989
    24000 |     +0.0% |       0 |       0 |             0 |     30989
    25000 |     +0.0% |       0 |       0 |             0 |     29989
    26000 |     +0.0% |       0 |       0 |             0 |     28989
    27000 |     +0.0% |       0 |       0 |             0 |     27989
    28000 |     +0.0% |       0 |       0 |             0 |     26989
    29000 |     +0.0% |       0 |       0 |             0 |     25989
    30000 |     +0.0% |       0 |       0 |             0 |     24989
    31000 |     +0.0% |       0 |       0 |             0 |     23989
    32000 |     +0.0% |       0 |       0 |             0 |     22989
    33000 |     +0.0% |       0 |       0 |             0 |     21989
    34000 |     +0.0% |       0 |       0 |             0 |     20989
    35000 |     +0.0% |       0 |       0 |             0 |     19989
    36000 |     +0.0% |       0 |       0 |             0 |     18989
    37000 |     +0.0% |       0 |       0 |             0 |     17989
    38000 |     +0.0% |       0 |       0 |             0 |     16989
    39000 |     +0.0% |       0 |       0 |             0 |     15989
    40000 |     +0.0% |       0 |       0 |             0 |     14989
    41000 |     +0.0% |       0 |       0 |             0 |     13989
    42000 |     +0.0% |       0 |       0 |             0 |     12989
    43000 |     +0.0% |       0 |       0 |             0 |     11989
    44000 |     +0.0% |       0 |       0 |             0 |     10989
    45000 |     +0.0% |       0 |       0 |             0 |      9989
    46000 |     +0.0% |       0 |       0 |             0 |      8989
    47000 |     +0.0% |       0 |       0 |             0 |      7989
    48000 |     +0.0% |       0 |       0 |             0 |      6989
    49000 |     +0.0% |       0 |       0 |             0 |      5989
    50000 |     +0.0% |       0 |       0 |             0 |      4989
    51000 |     +0.0% |       0 |       0 |             0 |      3989
    52000 |     +0.0% |       0 |       0 |             0 |      2989
    53000 |     +0.0% |       0 |       0 |             0 |      1989
    54000 |     +0.0% |       0 |       0 |             0 |       989
    final |     +0.0% |       0 |       0 |             0 |         0
---------------------------------------------------------------------
Floating nets: 
Report metrics stage 3, resizer...

==========================================================================
resizer report_design_area
--------------------------------------------------------------------------
Design area 7259 um^2 39% utilization.
Instance count before 56986, after 56986
Pin count before 186838, after 186838
write_db ./results/asap7/ethmac_lvt/baseline_alpha_67-beta_0.1/3_4_place_resized.odb
Elapsed time: 0:13.09[h:]min:sec. CPU time: user 19.48 sys 14.05 (256%). Peak memory: 579112KB.
Log                        Elapsed/s Peak Memory/MB  sha1sum .odb [0:20)
3_4_place_resized                 13            565 0674f7340f1721292a1a
