
==========================================================================
detailed place report_tns
--------------------------------------------------------------------------
tns max -3601.28

==========================================================================
detailed place report_wns
--------------------------------------------------------------------------
wns max -69.22

==========================================================================
detailed place report_worst_slack
--------------------------------------------------------------------------
worst slack max -69.22

==========================================================================
detailed place report_clock_min_period
--------------------------------------------------------------------------
clk period_min = 519.22 fmax = 1925.95

==========================================================================
detailed place report_checks -path_delay min
--------------------------------------------------------------------------
Startpoint: text_in_r[98]$_DFFE_PP_
            (rising edge-triggered flip-flop clocked by clk)
Endpoint: text_in_r[98]$_DFFE_PP_
          (rising edge-triggered flip-flop clocked by clk)
Path Group: clk
Path Type: min

Fanout     Cap    Slew   Delay    Time   Description
-----------------------------------------------------------------------------
                  0.00    0.00    0.00   clock clk (rise edge)
                          0.00    0.00   clock network delay (ideal)
                  0.00    0.00    0.00 ^ text_in_r[98]$_DFFE_PP_/CLK (DFFHQNx1_ASAP7_75t_R)
     2    1.01   14.29   33.54   33.54 ^ text_in_r[98]$_DFFE_PP_/QN (DFFHQNx1_ASAP7_75t_R)
                                         _0646_ (net)
                 14.29    0.03   33.58 ^ _5021_/B (NOR2x1_ASAP7_75t_R)
     1    0.57    7.20    7.35   40.93 v _5021_/Y (NOR2x1_ASAP7_75t_R)
                                         _2625_ (net)
                  7.20    0.02   40.95 v _5022_/B (AO21x1_ASAP7_75t_R)
     1    0.69    6.44   12.88   53.83 v _5022_/Y (AO21x1_ASAP7_75t_R)
                                         _0743_ (net)
                  6.44    0.03   53.86 v text_in_r[98]$_DFFE_PP_/D (DFFHQNx1_ASAP7_75t_R)
                                 53.86   data arrival time

                  0.00    0.00    0.00   clock clk (rise edge)
                          0.00    0.00   clock network delay (ideal)
                          0.00    0.00   clock reconvergence pessimism
                                  0.00 ^ text_in_r[98]$_DFFE_PP_/CLK (DFFHQNx1_ASAP7_75t_R)
                          8.61    8.61   library hold time
                                  8.61   data required time
-----------------------------------------------------------------------------
                                  8.61   data required time
                                -53.86   data arrival time
-----------------------------------------------------------------------------
                                 45.25   slack (MET)



==========================================================================
detailed place report_checks -path_delay max
--------------------------------------------------------------------------
Startpoint: sa22[1]$_DFF_P_ (rising edge-triggered flip-flop clocked by clk)
Endpoint: sa00[1]$_DFF_P_ (rising edge-triggered flip-flop clocked by clk)
Path Group: clk
Path Type: max

Fanout     Cap    Slew   Delay    Time   Description
-----------------------------------------------------------------------------
                  0.00    0.00    0.00   clock clk (rise edge)
                          0.00    0.00   clock network delay (ideal)
                  0.00    0.00    0.00 ^ sa22[1]$_DFF_P_/CLK (DFFHQNx1_ASAP7_75t_R)
     1    6.56   44.80   49.75   49.75 v sa22[1]$_DFF_P_/QN (DFFHQNx1_ASAP7_75t_R)
                                         _0617_ (net)
                 46.00    3.97   53.72 v _4929_/A (INVx1_ASAP7_75t_R)
     1   10.76   76.17   42.55   96.27 ^ _4929_/Y (INVx1_ASAP7_75t_R)
                                         sa22[1] (net)
                 81.31   10.47  106.74 ^ us22/a[1] (aes_sbox)
     4   21.63   61.93  226.37  333.11 v us22/d[1] (aes_sbox)
                                         sa20_sr[1] (net)
                121.05   34.47  367.58 v _2864_/B (XOR2x2_ASAP7_75t_R)
     3    3.66   17.39   47.88  415.46 ^ _2864_/Y (XOR2x2_ASAP7_75t_R)
                                         _0954_ (net)
                 17.39    0.10  415.56 ^ _2865_/B (XOR2x2_ASAP7_75t_R)
     2    2.59   12.48   29.59  445.15 ^ _2865_/Y (XOR2x2_ASAP7_75t_R)
                                         _0955_ (net)
                 12.49    0.15  445.31 ^ _2866_/B (NAND2x1_ASAP7_75t_R)
     1    1.54   13.42    8.71  454.02 v _2866_/Y (NAND2x1_ASAP7_75t_R)
                                         _0956_ (net)
                 13.43    0.11  454.13 v _2871_/A1 (AOI21x1_ASAP7_75t_R)
     1    1.32   21.73   10.32  464.45 ^ _2871_/Y (AOI21x1_ASAP7_75t_R)
                                         _0961_ (net)
                 21.73    0.08  464.53 ^ _2872_/A2 (OAI21x1_ASAP7_75t_R)
     1    1.24   17.48    9.83  474.36 v _2872_/Y (OAI21x1_ASAP7_75t_R)
                                         _0962_ (net)
                 17.48    0.07  474.43 v _2881_/A (NAND2x1_ASAP7_75t_R)
     1    2.12   19.42   15.69  490.12 ^ _2881_/Y (NAND2x1_ASAP7_75t_R)
                                         _0002_ (net)
                 19.43    0.29  490.42 ^ place680/A (BUFx6f_ASAP7_75t_R)
     1    0.82    4.64   13.92  504.34 ^ place680/Y (BUFx6f_ASAP7_75t_R)
                                         net680 (net)
                  4.65    0.04  504.38 ^ sa00[1]$_DFF_P_/D (DFFHQNx1_ASAP7_75t_R)
                                504.38   data arrival time

                  0.00  450.00  450.00   clock clk (rise edge)
                          0.00  450.00   clock network delay (ideal)
                          0.00  450.00   clock reconvergence pessimism
                                450.00 ^ sa00[1]$_DFF_P_/CLK (DFFHQNx1_ASAP7_75t_R)
                        -14.84  435.16   library setup time
                                435.16   data required time
-----------------------------------------------------------------------------
                                435.16   data required time
                               -504.38   data arrival time
-----------------------------------------------------------------------------
                                -69.22   slack (VIOLATED)



==========================================================================
detailed place report_checks -unconstrained
--------------------------------------------------------------------------
Startpoint: sa22[1]$_DFF_P_ (rising edge-triggered flip-flop clocked by clk)
Endpoint: sa00[1]$_DFF_P_ (rising edge-triggered flip-flop clocked by clk)
Path Group: clk
Path Type: max

Fanout     Cap    Slew   Delay    Time   Description
-----------------------------------------------------------------------------
                  0.00    0.00    0.00   clock clk (rise edge)
                          0.00    0.00   clock network delay (ideal)
                  0.00    0.00    0.00 ^ sa22[1]$_DFF_P_/CLK (DFFHQNx1_ASAP7_75t_R)
     1    6.56   44.80   49.75   49.75 v sa22[1]$_DFF_P_/QN (DFFHQNx1_ASAP7_75t_R)
                                         _0617_ (net)
                 46.00    3.97   53.72 v _4929_/A (INVx1_ASAP7_75t_R)
     1   10.76   76.17   42.55   96.27 ^ _4929_/Y (INVx1_ASAP7_75t_R)
                                         sa22[1] (net)
                 81.31   10.47  106.74 ^ us22/a[1] (aes_sbox)
     4   21.63   61.93  226.37  333.11 v us22/d[1] (aes_sbox)
                                         sa20_sr[1] (net)
                121.05   34.47  367.58 v _2864_/B (XOR2x2_ASAP7_75t_R)
     3    3.66   17.39   47.88  415.46 ^ _2864_/Y (XOR2x2_ASAP7_75t_R)
                                         _0954_ (net)
                 17.39    0.10  415.56 ^ _2865_/B (XOR2x2_ASAP7_75t_R)
     2    2.59   12.48   29.59  445.15 ^ _2865_/Y (XOR2x2_ASAP7_75t_R)
                                         _0955_ (net)
                 12.49    0.15  445.31 ^ _2866_/B (NAND2x1_ASAP7_75t_R)
     1    1.54   13.42    8.71  454.02 v _2866_/Y (NAND2x1_ASAP7_75t_R)
                                         _0956_ (net)
                 13.43    0.11  454.13 v _2871_/A1 (AOI21x1_ASAP7_75t_R)
     1    1.32   21.73   10.32  464.45 ^ _2871_/Y (AOI21x1_ASAP7_75t_R)
                                         _0961_ (net)
                 21.73    0.08  464.53 ^ _2872_/A2 (OAI21x1_ASAP7_75t_R)
     1    1.24   17.48    9.83  474.36 v _2872_/Y (OAI21x1_ASAP7_75t_R)
                                         _0962_ (net)
                 17.48    0.07  474.43 v _2881_/A (NAND2x1_ASAP7_75t_R)
     1    2.12   19.42   15.69  490.12 ^ _2881_/Y (NAND2x1_ASAP7_75t_R)
                                         _0002_ (net)
                 19.43    0.29  490.42 ^ place680/A (BUFx6f_ASAP7_75t_R)
     1    0.82    4.64   13.92  504.34 ^ place680/Y (BUFx6f_ASAP7_75t_R)
                                         net680 (net)
                  4.65    0.04  504.38 ^ sa00[1]$_DFF_P_/D (DFFHQNx1_ASAP7_75t_R)
                                504.38   data arrival time

                  0.00  450.00  450.00   clock clk (rise edge)
                          0.00  450.00   clock network delay (ideal)
                          0.00  450.00   clock reconvergence pessimism
                                450.00 ^ sa00[1]$_DFF_P_/CLK (DFFHQNx1_ASAP7_75t_R)
                        -14.84  435.16   library setup time
                                435.16   data required time
-----------------------------------------------------------------------------
                                435.16   data required time
                               -504.38   data arrival time
-----------------------------------------------------------------------------
                                -69.22   slack (VIOLATED)



==========================================================================
detailed place report_check_types -max_slew -max_cap -max_fanout -violators
--------------------------------------------------------------------------

==========================================================================
detailed place max_slew_check_slack
--------------------------------------------------------------------------
143.22802734375

==========================================================================
detailed place max_slew_check_limit
--------------------------------------------------------------------------
320.0

==========================================================================
detailed place max_slew_check_slack_limit
--------------------------------------------------------------------------
0.4476

==========================================================================
detailed place max_fanout_check_slack
--------------------------------------------------------------------------
1.0000000150474662e+30

==========================================================================
detailed place max_fanout_check_limit
--------------------------------------------------------------------------
1.0000000150474662e+30

==========================================================================
detailed place max_capacitance_check_slack
--------------------------------------------------------------------------
8.413979530334473

==========================================================================
detailed place max_capacitance_check_limit
--------------------------------------------------------------------------
23.040000915527344

==========================================================================
detailed place max_capacitance_check_slack_limit
--------------------------------------------------------------------------
0.3652

==========================================================================
detailed place max_slew_violation_count
--------------------------------------------------------------------------
max slew violation count 0

==========================================================================
detailed place max_fanout_violation_count
--------------------------------------------------------------------------
max fanout violation count 0

==========================================================================
detailed place max_cap_violation_count
--------------------------------------------------------------------------
max cap violation count 0

==========================================================================
detailed place setup_violation_count
--------------------------------------------------------------------------
setup violation count 133

==========================================================================
detailed place hold_violation_count
--------------------------------------------------------------------------
hold violation count 0

==========================================================================
detailed place report_checks -path_delay max reg to reg
--------------------------------------------------------------------------
Startpoint: sa22[1]$_DFF_P_ (rising edge-triggered flip-flop clocked by clk)
Endpoint: sa00[1]$_DFF_P_ (rising edge-triggered flip-flop clocked by clk)
Path Group: clk
Path Type: max

  Delay    Time   Description
---------------------------------------------------------
   0.00    0.00   clock clk (rise edge)
   0.00    0.00   clock network delay (ideal)
   0.00    0.00 ^ sa22[1]$_DFF_P_/CLK (DFFHQNx1_ASAP7_75t_R)
  49.75   49.75 v sa22[1]$_DFF_P_/QN (DFFHQNx1_ASAP7_75t_R)
  46.53   96.27 ^ _4929_/Y (INVx1_ASAP7_75t_R)
 236.83  333.11 v us22/d[1] (aes_sbox)
  82.35  415.46 ^ _2864_/Y (XOR2x2_ASAP7_75t_R)
  29.69  445.15 ^ _2865_/Y (XOR2x2_ASAP7_75t_R)
   8.86  454.02 v _2866_/Y (NAND2x1_ASAP7_75t_R)
  10.43  464.45 ^ _2871_/Y (AOI21x1_ASAP7_75t_R)
   9.91  474.36 v _2872_/Y (OAI21x1_ASAP7_75t_R)
  15.76  490.12 ^ _2881_/Y (NAND2x1_ASAP7_75t_R)
  14.21  504.34 ^ place680/Y (BUFx6f_ASAP7_75t_R)
   0.04  504.38 ^ sa00[1]$_DFF_P_/D (DFFHQNx1_ASAP7_75t_R)
         504.38   data arrival time

 450.00  450.00   clock clk (rise edge)
   0.00  450.00   clock network delay (ideal)
   0.00  450.00   clock reconvergence pessimism
         450.00 ^ sa00[1]$_DFF_P_/CLK (DFFHQNx1_ASAP7_75t_R)
 -14.84  435.16   library setup time
         435.16   data required time
---------------------------------------------------------
         435.16   data required time
        -504.38   data arrival time
---------------------------------------------------------
         -69.22   slack (VIOLATED)



==========================================================================
detailed place report_checks -path_delay min reg to reg
--------------------------------------------------------------------------
Startpoint: text_in_r[98]$_DFFE_PP_
            (rising edge-triggered flip-flop clocked by clk)
Endpoint: text_in_r[98]$_DFFE_PP_
          (rising edge-triggered flip-flop clocked by clk)
Path Group: clk
Path Type: min

  Delay    Time   Description
---------------------------------------------------------
   0.00    0.00   clock clk (rise edge)
   0.00    0.00   clock network delay (ideal)
   0.00    0.00 ^ text_in_r[98]$_DFFE_PP_/CLK (DFFHQNx1_ASAP7_75t_R)
  33.54   33.54 ^ text_in_r[98]$_DFFE_PP_/QN (DFFHQNx1_ASAP7_75t_R)
   7.39   40.93 v _5021_/Y (NOR2x1_ASAP7_75t_R)
  12.90   53.83 v _5022_/Y (AO21x1_ASAP7_75t_R)
   0.03   53.86 v text_in_r[98]$_DFFE_PP_/D (DFFHQNx1_ASAP7_75t_R)
          53.86   data arrival time

   0.00    0.00   clock clk (rise edge)
   0.00    0.00   clock network delay (ideal)
   0.00    0.00   clock reconvergence pessimism
           0.00 ^ text_in_r[98]$_DFFE_PP_/CLK (DFFHQNx1_ASAP7_75t_R)
   8.61    8.61   library hold time
           8.61   data required time
---------------------------------------------------------
           8.61   data required time
         -53.86   data arrival time
---------------------------------------------------------
          45.25   slack (MET)



==========================================================================
detailed place critical path target clock latency max path
--------------------------------------------------------------------------
0.0000

==========================================================================
detailed place critical path target clock latency min path
--------------------------------------------------------------------------
0.0000

==========================================================================
detailed place critical path source clock latency min path
--------------------------------------------------------------------------
0.0000

==========================================================================
detailed place critical path delay
--------------------------------------------------------------------------
504.3803

==========================================================================
detailed place critical path slack
--------------------------------------------------------------------------
-69.2248

==========================================================================
detailed place slack div critical path delay
--------------------------------------------------------------------------
-13.724723

==========================================================================
detailed place report_power
--------------------------------------------------------------------------
Group                  Internal  Switching    Leakage      Total
                          Power      Power      Power      Power (Watts)
----------------------------------------------------------------
Sequential             2.23e-03   3.02e-04   7.74e-08   2.53e-03  48.6%
Combinational          1.11e-03   1.56e-03   3.21e-07   2.68e-03  51.4%
Clock                  0.00e+00   0.00e+00   0.00e+00   0.00e+00   0.0%
Macro                  0.00e+00   0.00e+00   0.00e+00   0.00e+00   0.0%
Pad                    0.00e+00   0.00e+00   0.00e+00   0.00e+00   0.0%
----------------------------------------------------------------
Total                  3.34e-03   1.87e-03   3.98e-07   5.21e-03 100.0%
                          64.2%      35.8%       0.0%
