
==========================================================================
global place report_tns
--------------------------------------------------------------------------
tns max -3782.24

==========================================================================
global place report_wns
--------------------------------------------------------------------------
wns max -72.99

==========================================================================
global place report_worst_slack
--------------------------------------------------------------------------
worst slack max -72.99

==========================================================================
global place report_clock_min_period
--------------------------------------------------------------------------
clk period_min = 522.99 fmax = 1912.08

==========================================================================
global place report_checks -path_delay min
--------------------------------------------------------------------------
Startpoint: text_in_r[98]$_DFFE_PP_
            (rising edge-triggered flip-flop clocked by clk)
Endpoint: text_in_r[98]$_DFFE_PP_
          (rising edge-triggered flip-flop clocked by clk)
Path Group: clk
Path Type: min

Fanout     Cap    Slew   Delay    Time   Description
-----------------------------------------------------------------------------
                  0.00    0.00    0.00   clock clk (rise edge)
                          0.00    0.00   clock network delay (ideal)
                  0.00    0.00    0.00 ^ text_in_r[98]$_DFFE_PP_/CLK (DFFHQNx1_ASAP7_75t_R)
     2    1.10   14.89   33.95   33.95 ^ text_in_r[98]$_DFFE_PP_/QN (DFFHQNx1_ASAP7_75t_R)
                                         _0646_ (net)
                 14.89    0.04   33.99 ^ _5021_/B (NOR2x1_ASAP7_75t_R)
     1    0.51    7.09    7.27   41.26 v _5021_/Y (NOR2x1_ASAP7_75t_R)
                                         _2625_ (net)
                  7.09    0.01   41.27 v _5022_/B (AO21x1_ASAP7_75t_R)
     1    0.65    6.23   12.74   54.00 v _5022_/Y (AO21x1_ASAP7_75t_R)
                                         _0743_ (net)
                  6.23    0.03   54.03 v text_in_r[98]$_DFFE_PP_/D (DFFHQNx1_ASAP7_75t_R)
                                 54.03   data arrival time

                  0.00    0.00    0.00   clock clk (rise edge)
                          0.00    0.00   clock network delay (ideal)
                          0.00    0.00   clock reconvergence pessimism
                                  0.00 ^ text_in_r[98]$_DFFE_PP_/CLK (DFFHQNx1_ASAP7_75t_R)
                          8.63    8.63   library hold time
                                  8.63   data required time
-----------------------------------------------------------------------------
                                  8.63   data required time
                                -54.03   data arrival time
-----------------------------------------------------------------------------
                                 45.40   slack (MET)



==========================================================================
global place report_checks -path_delay max
--------------------------------------------------------------------------
Startpoint: sa22[1]$_DFF_P_ (rising edge-triggered flip-flop clocked by clk)
Endpoint: sa00[1]$_DFF_P_ (rising edge-triggered flip-flop clocked by clk)
Path Group: clk
Path Type: max

Fanout     Cap    Slew   Delay    Time   Description
-----------------------------------------------------------------------------
                  0.00    0.00    0.00   clock clk (rise edge)
                          0.00    0.00   clock network delay (ideal)
                  0.00    0.00    0.00 ^ sa22[1]$_DFF_P_/CLK (DFFHQNx1_ASAP7_75t_R)
     1    6.79   46.13   50.25   50.25 v sa22[1]$_DFF_P_/QN (DFFHQNx1_ASAP7_75t_R)
                                         _0617_ (net)
                 47.47    4.26   54.51 v _4929_/A (INVx1_ASAP7_75t_R)
     1   10.94   77.46   43.41   97.92 ^ _4929_/Y (INVx1_ASAP7_75t_R)
                                         sa22[1] (net)
                 82.85   10.80  108.72 ^ us22/a[1] (aes_sbox)
     4   21.80   62.42  226.41  335.14 v us22/d[1] (aes_sbox)
                                         sa20_sr[1] (net)
                122.64   34.99  370.13 v _2864_/B (XOR2x2_ASAP7_75t_R)
     3    3.79   17.85   48.24  418.37 ^ _2864_/Y (XOR2x2_ASAP7_75t_R)
                                         _0954_ (net)
                 17.85    0.09  418.46 ^ _2865_/B (XOR2x2_ASAP7_75t_R)
     2    2.73   12.88   29.99  448.45 ^ _2865_/Y (XOR2x2_ASAP7_75t_R)
                                         _0955_ (net)
                 12.89    0.18  448.63 ^ _2866_/B (NAND2x1_ASAP7_75t_R)
     1    1.76   14.63    9.26  457.89 v _2866_/Y (NAND2x1_ASAP7_75t_R)
                                         _0956_ (net)
                 14.64    0.18  458.07 v _2871_/A1 (AOI21x1_ASAP7_75t_R)
     1    1.21   20.97   10.19  468.26 ^ _2871_/Y (AOI21x1_ASAP7_75t_R)
                                         _0961_ (net)
                 20.97    0.05  468.32 ^ _2872_/A2 (OAI21x1_ASAP7_75t_R)
     1    1.51   19.06   10.39  478.71 v _2872_/Y (OAI21x1_ASAP7_75t_R)
                                         _0962_ (net)
                 19.06    0.14  478.85 v _2881_/A (NAND2x1_ASAP7_75t_R)
     1    1.82   17.98   15.41  494.26 ^ _2881_/Y (NAND2x1_ASAP7_75t_R)
                                         _0002_ (net)
                 17.99    0.18  494.44 ^ place680/A (BUFx6f_ASAP7_75t_R)
     1    0.96    4.70   13.63  508.07 ^ place680/Y (BUFx6f_ASAP7_75t_R)
                                         net680 (net)
                  4.70    0.07  508.14 ^ sa00[1]$_DFF_P_/D (DFFHQNx1_ASAP7_75t_R)
                                508.14   data arrival time

                  0.00  450.00  450.00   clock clk (rise edge)
                          0.00  450.00   clock network delay (ideal)
                          0.00  450.00   clock reconvergence pessimism
                                450.00 ^ sa00[1]$_DFF_P_/CLK (DFFHQNx1_ASAP7_75t_R)
                        -14.85  435.15   library setup time
                                435.15   data required time
-----------------------------------------------------------------------------
                                435.15   data required time
                               -508.14   data arrival time
-----------------------------------------------------------------------------
                                -72.99   slack (VIOLATED)



==========================================================================
global place report_checks -unconstrained
--------------------------------------------------------------------------
Startpoint: sa22[1]$_DFF_P_ (rising edge-triggered flip-flop clocked by clk)
Endpoint: sa00[1]$_DFF_P_ (rising edge-triggered flip-flop clocked by clk)
Path Group: clk
Path Type: max

Fanout     Cap    Slew   Delay    Time   Description
-----------------------------------------------------------------------------
                  0.00    0.00    0.00   clock clk (rise edge)
                          0.00    0.00   clock network delay (ideal)
                  0.00    0.00    0.00 ^ sa22[1]$_DFF_P_/CLK (DFFHQNx1_ASAP7_75t_R)
     1    6.79   46.13   50.25   50.25 v sa22[1]$_DFF_P_/QN (DFFHQNx1_ASAP7_75t_R)
                                         _0617_ (net)
                 47.47    4.26   54.51 v _4929_/A (INVx1_ASAP7_75t_R)
     1   10.94   77.46   43.41   97.92 ^ _4929_/Y (INVx1_ASAP7_75t_R)
                                         sa22[1] (net)
                 82.85   10.80  108.72 ^ us22/a[1] (aes_sbox)
     4   21.80   62.42  226.41  335.14 v us22/d[1] (aes_sbox)
                                         sa20_sr[1] (net)
                122.64   34.99  370.13 v _2864_/B (XOR2x2_ASAP7_75t_R)
     3    3.79   17.85   48.24  418.37 ^ _2864_/Y (XOR2x2_ASAP7_75t_R)
                                         _0954_ (net)
                 17.85    0.09  418.46 ^ _2865_/B (XOR2x2_ASAP7_75t_R)
     2    2.73   12.88   29.99  448.45 ^ _2865_/Y (XOR2x2_ASAP7_75t_R)
                                         _0955_ (net)
                 12.89    0.18  448.63 ^ _2866_/B (NAND2x1_ASAP7_75t_R)
     1    1.76   14.63    9.26  457.89 v _2866_/Y (NAND2x1_ASAP7_75t_R)
                                         _0956_ (net)
                 14.64    0.18  458.07 v _2871_/A1 (AOI21x1_ASAP7_75t_R)
     1    1.21   20.97   10.19  468.26 ^ _2871_/Y (AOI21x1_ASAP7_75t_R)
                                         _0961_ (net)
                 20.97    0.05  468.32 ^ _2872_/A2 (OAI21x1_ASAP7_75t_R)
     1    1.51   19.06   10.39  478.71 v _2872_/Y (OAI21x1_ASAP7_75t_R)
                                         _0962_ (net)
                 19.06    0.14  478.85 v _2881_/A (NAND2x1_ASAP7_75t_R)
     1    1.82   17.98   15.41  494.26 ^ _2881_/Y (NAND2x1_ASAP7_75t_R)
                                         _0002_ (net)
                 17.99    0.18  494.44 ^ place680/A (BUFx6f_ASAP7_75t_R)
     1    0.96    4.70   13.63  508.07 ^ place680/Y (BUFx6f_ASAP7_75t_R)
                                         net680 (net)
                  4.70    0.07  508.14 ^ sa00[1]$_DFF_P_/D (DFFHQNx1_ASAP7_75t_R)
                                508.14   data arrival time

                  0.00  450.00  450.00   clock clk (rise edge)
                          0.00  450.00   clock network delay (ideal)
                          0.00  450.00   clock reconvergence pessimism
                                450.00 ^ sa00[1]$_DFF_P_/CLK (DFFHQNx1_ASAP7_75t_R)
                        -14.85  435.15   library setup time
                                435.15   data required time
-----------------------------------------------------------------------------
                                435.15   data required time
                               -508.14   data arrival time
-----------------------------------------------------------------------------
                                -72.99   slack (VIOLATED)



==========================================================================
global place report_power
--------------------------------------------------------------------------
Group                  Internal  Switching    Leakage      Total
                          Power      Power      Power      Power (Watts)
----------------------------------------------------------------
Sequential             2.23e-03   3.07e-04   7.74e-08   2.54e-03  48.7%
Combinational          1.11e-03   1.56e-03   3.21e-07   2.68e-03  51.3%
Clock                  0.00e+00   0.00e+00   0.00e+00   0.00e+00   0.0%
Macro                  0.00e+00   0.00e+00   0.00e+00   0.00e+00   0.0%
Pad                    0.00e+00   0.00e+00   0.00e+00   0.00e+00   0.0%
----------------------------------------------------------------
Total                  3.34e-03   1.87e-03   3.98e-07   5.21e-03 100.0%
                          64.1%      35.9%       0.0%
