OpenROAD fe1aa0f9d0254fac87b82c886c04ee1544e46885 
Features included (+) or not (-): +GPU +GUI +Python
This program is licensed under the BSD-3 license. See the LICENSE file for details.
Components of this program may be licensed under more restrictive licenses which must be honored.
[INFO ORD-0030] Using 32 thread(s).
source /home/lucast/workspace/OR-flow-TCC/flow/platforms/asap7/liberty_suppressions.tcl
read_liberty /home/lucast/workspace/OR-flow-TCC/flow/platforms/asap7/lib/NLDM/asap7sc7p5t_AO_RVT_FF_nldm_211120.lib.gz
read_liberty /home/lucast/workspace/OR-flow-TCC/flow/platforms/asap7/lib/NLDM/asap7sc7p5t_INVBUF_RVT_FF_nldm_220122.lib.gz
read_liberty /home/lucast/workspace/OR-flow-TCC/flow/platforms/asap7/lib/NLDM/asap7sc7p5t_OA_RVT_FF_nldm_211120.lib.gz
read_liberty /home/lucast/workspace/OR-flow-TCC/flow/platforms/asap7/lib/NLDM/asap7sc7p5t_SIMPLE_RVT_FF_nldm_211120.lib.gz
read_liberty /home/lucast/workspace/OR-flow-TCC/flow/platforms/asap7/lib/NLDM/asap7sc7p5t_SEQ_RVT_FF_nldm_220123.lib
read_liberty /home/lucast/workspace/OR-flow-TCC/flow/platforms/asap7/lib/NLDM/fakeram7_256x32.lib
read_liberty /home/lucast/workspace/OR-flow-TCC/flow/platforms/asap7/lib/NLDM/asap7sc7p5t_DFFHQNH2V2X_RVT_TT_nldm_FAKE.lib
read_liberty /home/lucast/workspace/OR-flow-TCC/flow/platforms/asap7/lib/NLDM/asap7sc7p5t_DFFHQNV2X_RVT_TT_nldm_FAKE.lib
read_db -hier ./results/asap7/riscv32i/baseline_alpha_2-beta_0.1/5_1_grt.odb
[WARNING ORD-0012] Hierarchical flow (-hier) is currently in development and may cause multiple issues. Do not use in production environments.
source /home/lucast/workspace/OR-flow-TCC/flow/platforms/asap7/setRC.tcl
detailed_route -output_drc ./reports/asap7/riscv32i/baseline_alpha_2-beta_0.1/5_route_drc.rpt -output_maze ./results/asap7/riscv32i/baseline_alpha_2-beta_0.1/maze.log -droute_end_iter 64 -verbose 1 -drc_report_iter_step 5
[INFO DRT-0149] Reading tech and libs.

Units:                1000
Number of layers:     21
Number of macros:     231
Number of vias:       15
Number of viarulegen: 11

[INFO DRT-0150] Reading design.
[WARNING DRT-0120] Large net net2406 has 106 pins which may impact routing performance. Consider optimization.

Design:                   riscv_top
Die area:                 ( 0 0 ) ( 73373 73373 )
Number of track patterns: 32
Number of DEF vias:       0
Number of components:     10816
Number of terminals:      137
Number of snets:          2
Number of nets:           10698

[INFO DRT-0167] List of default vias:
  Layer V2
    default via: VIA23
  Layer V3
    default via: VIA34
  Layer V4
    default via: VIA45
  Layer V5
    default via: VIA56
  Layer V6
    default via: VIA67
  Layer V7
    default via: VIA78
  Layer V8
    default via: VIA89
  Layer V9
    default via: VIA9Pad
[INFO DRT-0162] Library cell analysis.
[INFO DRT-0163] Instance analysis.
[INFO DRT-0164] Number of unique instances = 265.
[INFO DRT-0168] Init region query.
[INFO DRT-0024]   Complete Active.
[INFO DRT-0024]   Complete V0.
[INFO DRT-0024]   Complete M1.
[INFO DRT-0024]   Complete V1.
[INFO DRT-0024]   Complete M2.
[INFO DRT-0024]   Complete V2.
[INFO DRT-0024]   Complete M3.
[INFO DRT-0024]   Complete V3.
[INFO DRT-0024]   Complete M4.
[INFO DRT-0024]   Complete V4.
[INFO DRT-0024]   Complete M5.
[INFO DRT-0024]   Complete V5.
[INFO DRT-0024]   Complete M6.
[INFO DRT-0024]   Complete V6.
[INFO DRT-0024]   Complete M7.
[INFO DRT-0024]   Complete V7.
[INFO DRT-0024]   Complete M8.
[INFO DRT-0024]   Complete V8.
[INFO DRT-0024]   Complete M9.
[INFO DRT-0024]   Complete V9.
[INFO DRT-0024]   Complete Pad.
[INFO DRT-0033] Active shape region query size = 0.
[INFO DRT-0033] V0 shape region query size = 0.
[INFO DRT-0033] M1 shape region query size = 180177.
[INFO DRT-0033] V1 shape region query size = 188833.
[INFO DRT-0033] M2 shape region query size = 5304.
[INFO DRT-0033] V2 shape region query size = 3919.
[INFO DRT-0033] M3 shape region query size = 3885.
[INFO DRT-0033] V3 shape region query size = 2562.
[INFO DRT-0033] M4 shape region query size = 4021.
[INFO DRT-0033] V4 shape region query size = 3937.
[INFO DRT-0033] M5 shape region query size = 2443.
[INFO DRT-0033] V5 shape region query size = 576.
[INFO DRT-0033] M6 shape region query size = 336.
[INFO DRT-0033] V6 shape region query size = 0.
[INFO DRT-0033] M7 shape region query size = 0.
[INFO DRT-0033] V7 shape region query size = 0.
[INFO DRT-0033] M8 shape region query size = 0.
[INFO DRT-0033] V8 shape region query size = 0.
[INFO DRT-0033] M9 shape region query size = 0.
[INFO DRT-0033] V9 shape region query size = 0.
[INFO DRT-0033] Pad shape region query size = 0.
[INFO DRT-0165] Start pin access.
[INFO DRT-0076]   Complete 1000 pins.
[INFO DRT-0078]   Complete 1806 pins.
[INFO DRT-0079]   Complete 100 unique inst patterns.
[INFO DRT-0079]   Complete 200 unique inst patterns.
[INFO DRT-0081]   Complete 262 unique inst patterns.
[INFO DRT-0084]   Complete 5583 groups.
#scanned instances     = 10816
#unique  instances     = 265
#stdCellGenAp          = 8531
#stdCellValidPlanarAp  = 68
#stdCellValidViaAp     = 6746
#stdCellPinNoAp        = 0
#stdCellPinCnt         = 36050
#instTermValidViaApCnt = 0
#macroGenAp            = 225
#macroValidPlanarAp    = 225
#macroValidViaAp       = 0
#macroNoAp             = 0
[INFO DRT-0166] Complete pin access.
[INFO DRT-0267] cpu time = 00:04:27, elapsed time = 00:00:12, memory = 409.18 (MB), peak = 403.88 (MB)

[INFO DRT-0157] Number of guides:     98436

[INFO DRT-0169] Post process guides.
[INFO DRT-0176] GCELLGRID X 0 DO 128 STEP 570 ;
[INFO DRT-0177] GCELLGRID Y 0 DO 128 STEP 570 ;
[INFO DRT-0028]   Complete Active.
[INFO DRT-0028]   Complete V0.
[INFO DRT-0028]   Complete M1.
[INFO DRT-0028]   Complete V1.
[INFO DRT-0028]   Complete M2.
[INFO DRT-0028]   Complete V2.
[INFO DRT-0028]   Complete M3.
[INFO DRT-0028]   Complete V3.
[INFO DRT-0028]   Complete M4.
[INFO DRT-0028]   Complete V4.
[INFO DRT-0028]   Complete M5.
[INFO DRT-0028]   Complete V5.
[INFO DRT-0028]   Complete M6.
[INFO DRT-0028]   Complete V6.
[INFO DRT-0028]   Complete M7.
[INFO DRT-0028]   Complete V7.
[INFO DRT-0028]   Complete M8.
[INFO DRT-0028]   Complete V8.
[INFO DRT-0028]   Complete M9.
[INFO DRT-0028]   Complete V9.
[INFO DRT-0028]   Complete Pad.
[INFO DRT-0178] Init guide query.
[INFO DRT-0035]   Complete Active (guide).
[INFO DRT-0035]   Complete V0 (guide).
[INFO DRT-0035]   Complete M1 (guide).
[INFO DRT-0035]   Complete V1 (guide).
[INFO DRT-0035]   Complete M2 (guide).
[INFO DRT-0035]   Complete V2 (guide).
[INFO DRT-0035]   Complete M3 (guide).
[INFO DRT-0035]   Complete V3 (guide).
[INFO DRT-0035]   Complete M4 (guide).
[INFO DRT-0035]   Complete V4 (guide).
[INFO DRT-0035]   Complete M5 (guide).
[INFO DRT-0035]   Complete V5 (guide).
[INFO DRT-0035]   Complete M6 (guide).
[INFO DRT-0035]   Complete V6 (guide).
[INFO DRT-0035]   Complete M7 (guide).
[INFO DRT-0035]   Complete V7 (guide).
[INFO DRT-0035]   Complete M8 (guide).
[INFO DRT-0035]   Complete V8 (guide).
[INFO DRT-0035]   Complete M9 (guide).
[INFO DRT-0035]   Complete V9 (guide).
[INFO DRT-0035]   Complete Pad (guide).
[INFO DRT-0036] Active guide region query size = 0.
[INFO DRT-0036] V0 guide region query size = 0.
[INFO DRT-0036] M1 guide region query size = 31179.
[INFO DRT-0036] V1 guide region query size = 0.
[INFO DRT-0036] M2 guide region query size = 27982.
[INFO DRT-0036] V2 guide region query size = 0.
[INFO DRT-0036] M3 guide region query size = 15537.
[INFO DRT-0036] V3 guide region query size = 0.
[INFO DRT-0036] M4 guide region query size = 2364.
[INFO DRT-0036] V4 guide region query size = 0.
[INFO DRT-0036] M5 guide region query size = 1090.
[INFO DRT-0036] V5 guide region query size = 0.
[INFO DRT-0036] M6 guide region query size = 278.
[INFO DRT-0036] V6 guide region query size = 0.
[INFO DRT-0036] M7 guide region query size = 18.
[INFO DRT-0036] V7 guide region query size = 0.
[INFO DRT-0036] M8 guide region query size = 0.
[INFO DRT-0036] V8 guide region query size = 0.
[INFO DRT-0036] M9 guide region query size = 0.
[INFO DRT-0036] V9 guide region query size = 0.
[INFO DRT-0036] Pad guide region query size = 0.
[INFO DRT-0179] Init gr pin query.
[INFO DRT-0267] cpu time = 00:00:00, elapsed time = 00:00:00, memory = 437.54 (MB), peak = 432.38 (MB)
[INFO DRT-0245] skipped writing guide updates to database.
[INFO DRT-0185] Post process initialize RPin region query.
[INFO DRT-0181] Start track assignment.
[INFO DRT-0184] Done with 47824 vertical wires in 3 frboxes and 30624 horizontal wires in 3 frboxes.
[INFO DRT-0186] Done with 6291 vertical wires in 3 frboxes and 9998 horizontal wires in 3 frboxes.
[INFO DRT-0182] Complete track assignment.
[INFO DRT-0267] cpu time = 00:00:02, elapsed time = 00:00:01, memory = 654.61 (MB), peak = 649.68 (MB)
[INFO DRT-0187] Start routing data preparation.
[INFO DRT-0267] cpu time = 00:00:00, elapsed time = 00:00:00, memory = 654.67 (MB), peak = 649.68 (MB)
[INFO DRT-0194] Start detail routing.
[INFO DRT-0195] Start 0th optimization iteration.
    Completing 10% with 0 violations.
    elapsed time = 00:00:01, memory = 6755.93 (MB).
    Completing 20% with 0 violations.
    elapsed time = 00:00:02, memory = 6416.41 (MB).
    Completing 30% with 745 violations.
    elapsed time = 00:00:06, memory = 6916.12 (MB).
    Completing 40% with 745 violations.
    elapsed time = 00:00:09, memory = 7756.48 (MB).
    Completing 50% with 745 violations.
    elapsed time = 00:00:11, memory = 4245.16 (MB).
    Completing 60% with 1551 violations.
    elapsed time = 00:00:15, memory = 8702.89 (MB).
    Completing 70% with 1551 violations.
    elapsed time = 00:00:17, memory = 8086.37 (MB).
    Completing 80% with 2278 violations.
    elapsed time = 00:00:26, memory = 9491.02 (MB).
    Completing 90% with 2278 violations.
    elapsed time = 00:00:30, memory = 9941.71 (MB).
    Completing 100% with 2902 violations.
    elapsed time = 00:00:38, memory = 3556.97 (MB).
[INFO DRT-0199]   Number of violations = 3639.
Viol/Layer          M1     M2     V2     M3     V3     M4     V4     M5     V5     M6
Corner Spacing       0      1      0      0      0      0      0      0      0      0
CutSpcTbl            0      0      0      0     26      0     18      0      1      0
EOL                  0    268      0     39      0     22      0      0      0      0
Metal Spacing       76     96      0    186      0     20      0      3      0      0
Recheck              0    395      0    258      0     72      0     11      0      1
Short                3    277      7     61      4     21      2     13      0      0
eolKeepOut           0   1545      0    133      0     80      0      0      0      0
[INFO DRT-0267] cpu time = 00:12:09, elapsed time = 00:00:38, memory = 3989.27 (MB), peak = 10146.31 (MB)
Total wire length = 58240 um.
Total wire length on LAYER M1 = 0 um.
Total wire length on LAYER M2 = 12506 um.
Total wire length on LAYER M3 = 21372 um.
Total wire length on LAYER M4 = 13352 um.
Total wire length on LAYER M5 = 6367 um.
Total wire length on LAYER M6 = 4354 um.
Total wire length on LAYER M7 = 288 um.
Total wire length on LAYER M8 = 0 um.
Total wire length on LAYER M9 = 0 um.
Total wire length on LAYER Pad = 0 um.
Total number of vias = 117796.
Up-via summary (total 117796):

-----------------
 Active         0
     M1     35886
     M2     61971
     M3     16220
     M4      3031
     M5       642
     M6        46
     M7         0
     M8         0
     M9         0
-----------------
       117796


[INFO DRT-0195] Start 1st optimization iteration.
    Completing 10% with 3639 violations.
    elapsed time = 00:00:02, memory = 10754.28 (MB).
    Completing 20% with 3639 violations.
    elapsed time = 00:00:04, memory = 10282.64 (MB).
    Completing 30% with 2620 violations.
    elapsed time = 00:00:14, memory = 9557.81 (MB).
    Completing 40% with 2620 violations.
    elapsed time = 00:00:17, memory = 11023.82 (MB).
    Completing 50% with 2620 violations.
    elapsed time = 00:00:21, memory = 6639.12 (MB).
    Completing 60% with 1790 violations.
    elapsed time = 00:00:28, memory = 10629.37 (MB).
    Completing 70% with 1790 violations.
    elapsed time = 00:00:29, memory = 10485.54 (MB).
    Completing 80% with 1096 violations.
    elapsed time = 00:00:41, memory = 10708.25 (MB).
    Completing 90% with 1096 violations.
    elapsed time = 00:00:43, memory = 10533.01 (MB).
    Completing 100% with 599 violations.
    elapsed time = 00:00:50, memory = 4534.07 (MB).
[INFO DRT-0199]   Number of violations = 605.
Viol/Layer          M1     M2     M3     V3     M4     V4
CutSpcTbl            0      0      0      1      0      2
EOL                  0     64      6      0      3      0
Metal Spacing       29     18    100      0      3      0
Recheck              0      3      3      0      0      0
Short                0     38     22      0      2      0
eolKeepOut           0    282     19      0     10      0
[INFO DRT-0267] cpu time = 00:14:37, elapsed time = 00:00:51, memory = 4519.97 (MB), peak = 11301.68 (MB)
Total wire length = 57862 um.
Total wire length on LAYER M1 = 0 um.
Total wire length on LAYER M2 = 11708 um.
Total wire length on LAYER M3 = 21139 um.
Total wire length on LAYER M4 = 13895 um.
Total wire length on LAYER M5 = 6384 um.
Total wire length on LAYER M6 = 4445 um.
Total wire length on LAYER M7 = 287 um.
Total wire length on LAYER M8 = 0 um.
Total wire length on LAYER M9 = 0 um.
Total wire length on LAYER Pad = 0 um.
Total number of vias = 114117.
Up-via summary (total 114117):

-----------------
 Active         0
     M1     35871
     M2     58831
     M3     15318
     M4      3271
     M5       779
     M6        47
     M7         0
     M8         0
     M9         0
-----------------
       114117


[INFO DRT-0195] Start 2nd optimization iteration.
    Completing 10% with 605 violations.
    elapsed time = 00:00:00, memory = 4519.97 (MB).
    Completing 20% with 605 violations.
    elapsed time = 00:00:01, memory = 10503.81 (MB).
    Completing 30% with 608 violations.
    elapsed time = 00:00:10, memory = 4516.26 (MB).
    Completing 40% with 608 violations.
    elapsed time = 00:00:10, memory = 4516.26 (MB).
    Completing 50% with 608 violations.
    elapsed time = 00:00:17, memory = 6824.95 (MB).
    Completing 60% with 568 violations.
    elapsed time = 00:00:20, memory = 4477.13 (MB).
    Completing 70% with 568 violations.
    elapsed time = 00:00:20, memory = 4477.13 (MB).
    Completing 80% with 547 violations.
    elapsed time = 00:00:30, memory = 4489.17 (MB).
    Completing 90% with 547 violations.
    elapsed time = 00:00:30, memory = 4489.17 (MB).
    Completing 100% with 504 violations.
    elapsed time = 00:00:40, memory = 4494.05 (MB).
[INFO DRT-0199]   Number of violations = 510.
Viol/Layer          M1     M2     V2     M3     V3     M4
CutSpcTbl            0      0      0      0      6      0
EOL                  0     50      0      2      0      4
Metal Spacing       34     10      0     71      0      4
Recheck              0      4      0      2      0      0
Short                2     25      2     19      0      3
eolKeepOut           0    246      0      7      0     19
[INFO DRT-0267] cpu time = 00:09:16, elapsed time = 00:00:40, memory = 4497.05 (MB), peak = 11301.68 (MB)
Total wire length = 57798 um.
Total wire length on LAYER M1 = 0 um.
Total wire length on LAYER M2 = 11685 um.
Total wire length on LAYER M3 = 21090 um.
Total wire length on LAYER M4 = 13811 um.
Total wire length on LAYER M5 = 6452 um.
Total wire length on LAYER M6 = 4472 um.
Total wire length on LAYER M7 = 285 um.
Total wire length on LAYER M8 = 0 um.
Total wire length on LAYER M9 = 0 um.
Total wire length on LAYER Pad = 0 um.
Total number of vias = 113838.
Up-via summary (total 113838):

-----------------
 Active         0
     M1     35871
     M2     58481
     M3     15123
     M4      3539
     M5       779
     M6        45
     M7         0
     M8         0
     M9         0
-----------------
       113838


[INFO DRT-0195] Start 3rd optimization iteration.
    Completing 10% with 510 violations.
    elapsed time = 00:00:00, memory = 4497.05 (MB).
    Completing 20% with 510 violations.
    elapsed time = 00:00:00, memory = 4497.05 (MB).
    Completing 30% with 403 violations.
    elapsed time = 00:00:06, memory = 4509.34 (MB).
    Completing 40% with 403 violations.
    elapsed time = 00:00:06, memory = 4509.34 (MB).
    Completing 50% with 403 violations.
    elapsed time = 00:00:09, memory = 6613.34 (MB).
    Completing 60% with 257 violations.
    elapsed time = 00:00:13, memory = 4524.96 (MB).
    Completing 70% with 257 violations.
    elapsed time = 00:00:13, memory = 4524.96 (MB).
    Completing 80% with 166 violations.
    elapsed time = 00:00:19, memory = 4513.27 (MB).
    Completing 90% with 166 violations.
    elapsed time = 00:00:19, memory = 4513.27 (MB).
    Completing 100% with 26 violations.
    elapsed time = 00:00:23, memory = 4525.26 (MB).
[INFO DRT-0199]   Number of violations = 26.
Viol/Layer          M2     M3     V3
CutSpcTbl            0      0      1
EOL                  2      0      0
Metal Spacing        2      3      0
Short                7      2      0
eolKeepOut           9      0      0
[INFO DRT-0267] cpu time = 00:04:39, elapsed time = 00:00:23, memory = 4525.26 (MB), peak = 11301.68 (MB)
Total wire length = 57815 um.
Total wire length on LAYER M1 = 0 um.
Total wire length on LAYER M2 = 11440 um.
Total wire length on LAYER M3 = 20975 um.
Total wire length on LAYER M4 = 14028 um.
Total wire length on LAYER M5 = 6570 um.
Total wire length on LAYER M6 = 4516 um.
Total wire length on LAYER M7 = 284 um.
Total wire length on LAYER M8 = 0 um.
Total wire length on LAYER M9 = 0 um.
Total wire length on LAYER Pad = 0 um.
Total number of vias = 113934.
Up-via summary (total 113934):

-----------------
 Active         0
     M1     35871
     M2     57846
     M3     15585
     M4      3744
     M5       841
     M6        47
     M7         0
     M8         0
     M9         0
-----------------
       113934


[INFO DRT-0195] Start 4th guides tiles iteration.
    Completing 10% with 26 violations.
    elapsed time = 00:00:00, memory = 4957.66 (MB).
    Completing 20% with 26 violations.
    elapsed time = 00:00:01, memory = 4763.36 (MB).
    Completing 30% with 16 violations.
    elapsed time = 00:00:02, memory = 4525.26 (MB).
    Completing 40% with 16 violations.
    elapsed time = 00:00:02, memory = 4525.26 (MB).
    Completing 50% with 16 violations.
    elapsed time = 00:00:02, memory = 4677.70 (MB).
    Completing 60% with 14 violations.
    elapsed time = 00:00:04, memory = 4525.26 (MB).
    Completing 70% with 14 violations.
    elapsed time = 00:00:04, memory = 4884.75 (MB).
    Completing 80% with 14 violations.
    elapsed time = 00:00:05, memory = 4525.26 (MB).
    Completing 90% with 6 violations.
    elapsed time = 00:00:05, memory = 4525.26 (MB).
    Completing 100% with 5 violations.
    elapsed time = 00:00:06, memory = 4525.26 (MB).
[INFO DRT-0199]   Number of violations = 5.
Viol/Layer          M2     M3
Metal Spacing        0      2
eolKeepOut           3      0
[INFO DRT-0267] cpu time = 00:00:12, elapsed time = 00:00:06, memory = 4525.26 (MB), peak = 11301.68 (MB)
Total wire length = 57816 um.
Total wire length on LAYER M1 = 0 um.
Total wire length on LAYER M2 = 11433 um.
Total wire length on LAYER M3 = 20973 um.
Total wire length on LAYER M4 = 14032 um.
Total wire length on LAYER M5 = 6572 um.
Total wire length on LAYER M6 = 4519 um.
Total wire length on LAYER M7 = 284 um.
Total wire length on LAYER M8 = 0 um.
Total wire length on LAYER M9 = 0 um.
Total wire length on LAYER Pad = 0 um.
Total number of vias = 113915.
Up-via summary (total 113915):

-----------------
 Active         0
     M1     35871
     M2     57822
     M3     15579
     M4      3751
     M5       845
     M6        47
     M7         0
     M8         0
     M9         0
-----------------
       113915


[INFO DRT-0195] Start 5th guides tiles iteration.
    Completing 100% with 2 violations.
    elapsed time = 00:00:00, memory = 4525.26 (MB).
[INFO DRT-0199]   Number of violations = 2.
Viol/Layer          M3
Metal Spacing        2
[INFO DRT-0267] cpu time = 00:00:01, elapsed time = 00:00:00, memory = 4525.50 (MB), peak = 11301.68 (MB)
Total wire length = 57815 um.
Total wire length on LAYER M1 = 0 um.
Total wire length on LAYER M2 = 11433 um.
Total wire length on LAYER M3 = 20974 um.
Total wire length on LAYER M4 = 14032 um.
Total wire length on LAYER M5 = 6571 um.
Total wire length on LAYER M6 = 4519 um.
Total wire length on LAYER M7 = 284 um.
Total wire length on LAYER M8 = 0 um.
Total wire length on LAYER M9 = 0 um.
Total wire length on LAYER Pad = 0 um.
Total number of vias = 113911.
Up-via summary (total 113911):

-----------------
 Active         0
     M1     35871
     M2     57823
     M3     15579
     M4      3748
     M5       843
     M6        47
     M7         0
     M8         0
     M9         0
-----------------
       113911


[INFO DRT-0195] Start 6th guides tiles iteration.
    Completing 100% with 2 violations.
    elapsed time = 00:00:00, memory = 4525.50 (MB).
[INFO DRT-0199]   Number of violations = 2.
Viol/Layer          M3
Metal Spacing        2
[INFO DRT-0267] cpu time = 00:00:00, elapsed time = 00:00:00, memory = 4525.50 (MB), peak = 11301.68 (MB)
Total wire length = 57815 um.
Total wire length on LAYER M1 = 0 um.
Total wire length on LAYER M2 = 11433 um.
Total wire length on LAYER M3 = 20974 um.
Total wire length on LAYER M4 = 14032 um.
Total wire length on LAYER M5 = 6571 um.
Total wire length on LAYER M6 = 4519 um.
Total wire length on LAYER M7 = 284 um.
Total wire length on LAYER M8 = 0 um.
Total wire length on LAYER M9 = 0 um.
Total wire length on LAYER Pad = 0 um.
Total number of vias = 113911.
Up-via summary (total 113911):

-----------------
 Active         0
     M1     35871
     M2     57823
     M3     15579
     M4      3748
     M5       843
     M6        47
     M7         0
     M8         0
     M9         0
-----------------
       113911


[INFO DRT-0195] Start 7th stubborn tiles iteration.
    Completing 10% with 2 violations.
    elapsed time = 00:00:03, memory = 10930.62 (MB).
    Completing 20% with 2 violations.
    elapsed time = 00:00:03, memory = 11226.81 (MB).
    Completing 30% with 2 violations.
    elapsed time = 00:00:04, memory = 10768.82 (MB).
    Completing 40% with 2 violations.
    elapsed time = 00:00:05, memory = 11511.98 (MB).
    Completing 50% with 2 violations.
    elapsed time = 00:00:06, memory = 12236.51 (MB).
    Completing 60% with 2 violations.
    elapsed time = 00:00:06, memory = 12128.80 (MB).
    Completing 70% with 2 violations.
    elapsed time = 00:00:07, memory = 12375.79 (MB).
    Completing 80% with 2 violations.
    elapsed time = 00:00:08, memory = 10905.64 (MB).
    Completing 90% with 2 violations.
    elapsed time = 00:00:08, memory = 8841.70 (MB).
    Completing 100% with 0 violations.
    elapsed time = 00:00:12, memory = 6727.16 (MB).
[INFO DRT-0199]   Number of violations = 0.
[INFO DRT-0267] cpu time = 00:04:36, elapsed time = 00:00:12, memory = 6727.29 (MB), peak = 13240.59 (MB)
Total wire length = 57815 um.
Total wire length on LAYER M1 = 0 um.
Total wire length on LAYER M2 = 11432 um.
Total wire length on LAYER M3 = 20974 um.
Total wire length on LAYER M4 = 14033 um.
Total wire length on LAYER M5 = 6571 um.
Total wire length on LAYER M6 = 4519 um.
Total wire length on LAYER M7 = 284 um.
Total wire length on LAYER M8 = 0 um.
Total wire length on LAYER M9 = 0 um.
Total wire length on LAYER Pad = 0 um.
Total number of vias = 113917.
Up-via summary (total 113917):

-----------------
 Active         0
     M1     35871
     M2     57825
     M3     15583
     M4      3748
     M5       843
     M6        47
     M7         0
     M8         0
     M9         0
-----------------
       113917


[INFO DRT-0198] Complete detail routing.
Total wire length = 57815 um.
Total wire length on LAYER M1 = 0 um.
Total wire length on LAYER M2 = 11432 um.
Total wire length on LAYER M3 = 20974 um.
Total wire length on LAYER M4 = 14033 um.
Total wire length on LAYER M5 = 6571 um.
Total wire length on LAYER M6 = 4519 um.
Total wire length on LAYER M7 = 284 um.
Total wire length on LAYER M8 = 0 um.
Total wire length on LAYER M9 = 0 um.
Total wire length on LAYER Pad = 0 um.
Total number of vias = 113917.
Up-via summary (total 113917):

-----------------
 Active         0
     M1     35871
     M2     57825
     M3     15583
     M4      3748
     M5       843
     M6        47
     M7         0
     M8         0
     M9         0
-----------------
       113917


[INFO DRT-0267] cpu time = 00:45:33, elapsed time = 00:02:53, memory = 6727.29 (MB), peak = 13240.59 (MB)

[INFO DRT-0180] Post processing.
Took 188 seconds: detailed_route -output_drc ./reports/asap7/riscv32i/baseline_alpha_2-beta_0.1/5_route_drc.rpt -output_maze ./results/asap7/riscv32i/baseline_alpha_2-beta_0.1/maze.log -droute_end_iter 64 -verbose 1 -drc_report_iter_step 5
[WARNING GRT-0246] No diode with LEF class CORE ANTENNACELL found.
[INFO ANT-0002] Found 0 net violations.
[INFO ANT-0001] Found 0 pin violations.
[INFO ANT-0002] Found 0 net violations.
[INFO ANT-0001] Found 0 pin violations.
write_db ./results/asap7/riscv32i/baseline_alpha_2-beta_0.1/5_2_route.odb
Elapsed time: 3:10.80[h:]min:sec. CPU time: user 2896.46 sys 132.87 (1587%). Peak memory: 13558364KB.
Log                        Elapsed/s Peak Memory/MB  sha1sum .odb [0:20)
5_2_route                        190          13240 a0531685fcf475c82427
