OpenROAD ee3d65ce03b2656092ed62bf9205c5c11049c575 
Features included (+) or not (-): +GPU +GUI +Python
This program is licensed under the BSD-3 license. See the LICENSE file for details.
Components of this program may be licensed under more restrictive licenses which must be honored.
[INFO ORD-0030] Using 32 thread(s).
source /home/lucast/workspace/OR-flow-TCC/flow/platforms/asap7/liberty_suppressions.tcl
read_liberty /home/lucast/workspace/OR-flow-TCC/flow/platforms/asap7/lib/NLDM/asap7sc7p5t_AO_RVT_FF_nldm_211120.lib.gz
read_liberty /home/lucast/workspace/OR-flow-TCC/flow/platforms/asap7/lib/NLDM/asap7sc7p5t_INVBUF_RVT_FF_nldm_220122.lib.gz
read_liberty /home/lucast/workspace/OR-flow-TCC/flow/platforms/asap7/lib/NLDM/asap7sc7p5t_OA_RVT_FF_nldm_211120.lib.gz
read_liberty /home/lucast/workspace/OR-flow-TCC/flow/platforms/asap7/lib/NLDM/asap7sc7p5t_SIMPLE_RVT_FF_nldm_211120.lib.gz
read_liberty /home/lucast/workspace/OR-flow-TCC/flow/platforms/asap7/lib/NLDM/asap7sc7p5t_SEQ_RVT_FF_nldm_220123.lib
read_liberty /home/lucast/workspace/OR-flow-TCC/flow/platforms/asap7/lib/NLDM/asap7sc7p5t_DFFHQNH2V2X_RVT_TT_nldm_FAKE.lib
read_liberty /home/lucast/workspace/OR-flow-TCC/flow/platforms/asap7/lib/NLDM/asap7sc7p5t_DFFHQNV2X_RVT_TT_nldm_FAKE.lib
read_db ./results/asap7/gcd/modified_alpha_4-beta_0.1/3_place.odb
source /home/lucast/workspace/OR-flow-TCC/flow/platforms/asap7/setRC.tcl
clock_tree_synthesis -sink_clustering_enable -repair_clock_nets
[INFO CTS-0050] Root buffer is BUFx2_ASAP7_75t_R.
[INFO CTS-0051] Sink buffer is BUFx4_ASAP7_75t_R.
[INFO CTS-0052] The following clock buffers will be used for CTS:
                    BUFx2_ASAP7_75t_R
                    BUFx4_ASAP7_75t_R
[INFO CTS-0049] Characterization buffer is BUFx4_ASAP7_75t_R.
[INFO CTS-0007] Net "clk" found for clock "core_clock".
[INFO CTS-0010]  Clock net "clk" has 26 sinks.
[INFO CTS-0008] TritonCTS found 1 clock nets.
[INFO CTS-0097] Characterization used 2 buffer(s) types.
[INFO CTS-0201] 0 blockages from hard placement blockages and placed macros will be used.
[INFO CTS-0027] Generating H-Tree topology for net clk.
[INFO CTS-0028]  Total number of sinks: 26.
[INFO CTS-0090]  Sinks will be clustered based on buffer max cap.
[INFO CTS-0030]  Number of static layers: 0.
[INFO CTS-0020]  Wire segment unit: 1350  dbu (1 um).
[INFO CTS-0023]  Original sink region: [(736, 810), (7171, 7965)].
[INFO CTS-0024]  Normalized sink region: [(0.545185, 0.6), (5.31185, 5.9)].
[INFO CTS-0025]     Width:  4.7667.
[INFO CTS-0026]     Height: 5.3000.
 Level 1
    Direction: Vertical
    Sinks per sub-region: 13
    Sub-region size: 4.7667 X 2.6500
[INFO CTS-0034]     Segment length (rounded): 1.
[INFO CTS-0032]  Stop criterion found. Max number of sinks is 15.
[INFO CTS-0035]  Number of sinks covered: 26.
[INFO CTS-0018]     Created 3 clock buffers.
[INFO CTS-0012]     Minimum number of buffers in the clock path: 2.
[INFO CTS-0013]     Maximum number of buffers in the clock path: 2.
[INFO CTS-0015]     Created 3 clock nets.
[INFO CTS-0016]     Fanout distribution for the current clock = 13:2..
[INFO CTS-0017]     Max level of the clock tree: 1.
[INFO CTS-0098] Clock net "clk"
[INFO CTS-0099]  Sinks 27
[INFO CTS-0100]  Leaf buffers 0
[INFO CTS-0101]  Average sink wire length 11.80 um
[INFO CTS-0102]  Path depth 2 - 2
[INFO CTS-0207]  Dummy loads inserted 1
estimate_parasitics -placement
[INFO DPL-0005] Max displacement: +/- 500 sites horizontally, +/- 100 rows vertically.
Movements Summary
---------------------------------------
Total cells:                     372
Diamond Move Success:            372 (100.00%)
Diamond Move Failure:              0
Rip-up and replace Success:        0 (  0.00% of diamond failures)
Rip-up and replace Failure:        0
Total Placement Failures:          0
---------------------------------------
Placement Analysis
---------------------------------
total displacement          2.5 u
average displacement        0.0 u
max displacement            0.7 u
original HPWL             620.8 u
legalized HPWL            656.7 u
delta HPWL                    6 %

estimate_parasitics -placement
repair_timing -setup_margin 0 -hold_margin 0 -repair_tns 100 -skip_last_gasp -verbose
[INFO RSZ-0100] Repair move sequence: UnbufferMove SizeUpMove SwapPinsMove BufferMove CloneMove SplitLoadMove 
[INFO RSZ-0094] Found 11 endpoints with setup violations.
[INFO RSZ-0099] Repairing 11 out of 11 (100.00%) violating endpoints...
   Iter   | Removed | Resized | Inserted | Cloned |  Pin  |   Area   |    WNS   |   TNS      |  Viol  | Worst
          | Buffers |  Gates  | Buffers  |  Gates | Swaps |          |          |            | Endpts | Endpt
--------------------------------------------------------------------------------------------------------------
        0 |       0 |       0 |        0 |      0 |     0 |    +0.0% |  -64.201 |     -430.8 |     11 | resp_msg[13]
       10 |       0 |       0 |        6 |      0 |     3 |    +1.3% |  -38.162 |     -286.0 |     11 | resp_msg[13]
       20 |       0 |       1 |        7 |      0 |    11 |    +1.5% |  -34.278 |     -268.7 |     11 | resp_msg[9]
       20 |       0 |       1 |        7 |      0 |    11 |    +1.5% |  -34.278 |     -268.7 |     11 | resp_msg[9]
       26 |       0 |       1 |        7 |      0 |    11 |    +1.5% |  -34.278 |     -268.7 |     11 | resp_msg[9]
       30 |       0 |       2 |        7 |      0 |    13 |    +1.5% |  -34.341 |     -266.5 |     11 | resp_msg[9]
       30 |       0 |       1 |        7 |      0 |    11 |    +1.5% |  -34.278 |     -268.7 |     11 | resp_msg[9]
       31 |       0 |       1 |        7 |      0 |    11 |    +1.5% |  -34.278 |     -268.7 |     11 | resp_msg[9]
       40 |       0 |       1 |       12 |      0 |    15 |    +2.5% |  -34.278 |     -250.6 |     11 | resp_msg[9]
       45 |       0 |       1 |       14 |      0 |    15 |    +2.9% |  -34.278 |     -242.6 |     11 | resp_msg[9]
       50 |       0 |       1 |       15 |      0 |    18 |    +3.1% |  -34.278 |     -230.4 |     11 | resp_msg[9]
       54 |       0 |       2 |       18 |      0 |    19 |    +3.7% |  -34.278 |     -237.2 |     11 | resp_msg[9]
       58 |       0 |       2 |       18 |      0 |    19 |    +3.7% |  -34.278 |     -237.2 |     11 | resp_msg[9]
       60 |       0 |       2 |       18 |      0 |    20 |    +3.7% |  -34.278 |     -238.0 |     11 | resp_msg[9]
       63 |       0 |       3 |       19 |      0 |    21 |    +3.9% |  -34.035 |     -234.6 |     11 | resp_msg[9]
       69 |       0 |       3 |       19 |      0 |    21 |    +3.9% |  -34.035 |     -234.6 |     11 | resp_msg[9]
       70 |       0 |       3 |       19 |      0 |    21 |    +3.9% |  -34.035 |     -234.6 |     11 | resp_msg[9]
       72 |       0 |       4 |       19 |      0 |    22 |    +3.9% |  -34.035 |     -233.8 |     11 | resp_msg[9]
       73 |       0 |       4 |       19 |      0 |    22 |    +3.9% |  -34.035 |     -233.8 |     10 | resp_msg[9]
    final |       0 |       4 |       19 |      0 |    22 |    +3.9% |  -34.035 |     -233.8 |     10 | resp_msg[9]
--------------------------------------------------------------------------------------------------------------
[INFO RSZ-0040] Inserted 19 buffers.
[INFO RSZ-0051] Resized 4 instances: 4 up, 0 up match, 0 down, 0 VT
[INFO RSZ-0043] Swapped pins on 22 instances.
[WARNING RSZ-0062] Unable to repair all setup violations.
[INFO RSZ-0033] No hold violations found.
[INFO DPL-0005] Max displacement: +/- 500 sites horizontally, +/- 100 rows vertically.
Movements Summary
---------------------------------------
Total cells:                     391
Diamond Move Success:            391 (100.00%)
Diamond Move Failure:              0
Rip-up and replace Success:        0 (  0.00% of diamond failures)
Rip-up and replace Failure:        0
Total Placement Failures:          0
---------------------------------------
Placement Analysis
---------------------------------
total displacement         20.2 u
average displacement        0.0 u
max displacement            1.0 u
original HPWL             667.7 u
legalized HPWL            689.9 u
delta HPWL                    3 %

Report metrics stage 4, cts final...

==========================================================================
cts final report_design_area
--------------------------------------------------------------------------
Design area 47 um^2 80% utilization.
write_db ./results/asap7/gcd/modified_alpha_4-beta_0.1/4_1_cts.odb
write_sdc -no_timestamp ./results/asap7/gcd/modified_alpha_4-beta_0.1/4_cts.sdc
Elapsed time: 0:01.92[h:]min:sec. CPU time: user 2.04 sys 0.11 (111%). Peak memory: 236996KB.
Log                        Elapsed/s Peak Memory/MB  sha1sum .odb [0:20)
4_1_cts                            1            231 863fb5c0c26717578790
