
==========================================================================
cts final report_tns
--------------------------------------------------------------------------
tns max -2036.46

==========================================================================
cts final report_wns
--------------------------------------------------------------------------
wns max -34.81

==========================================================================
cts final report_worst_slack
--------------------------------------------------------------------------
worst slack max -34.81

==========================================================================
cts final report_clock_min_period
--------------------------------------------------------------------------
clk period_min = 414.81 fmax = 2410.74

==========================================================================
cts final report_clock_skew
--------------------------------------------------------------------------
Clock clk
  89.94 source latency _tray_size4_1008/CLK ^
 -75.06 target latency sa10_sr[7]$_DFF_P_/CLK ^
  -2.06 CRPR
--------------
  12.82 setup skew


==========================================================================
cts final report_checks -path_delay min
--------------------------------------------------------------------------
Startpoint: text_in[82] (input port clocked by clk)
Endpoint: _tray_size4_1074 (rising edge-triggered flip-flop clocked by clk)
Path Group: clk
Path Type: min

Fanout     Cap    Slew   Delay    Time   Description
-----------------------------------------------------------------------------
                          0.00    0.00   clock clk (rise edge)
                          0.00    0.00   clock network delay (propagated)
                         76.00   76.00 v input external delay
     1    0.96    0.00    0.00   76.00 v text_in[82] (in)
                                         text_in[82] (net)
                  0.19    0.06   76.06 v input239/A (BUFx2_ASAP7_75t_R)
     1    0.62    4.93   10.56   86.62 v input239/Y (BUFx2_ASAP7_75t_R)
                                         net239 (net)
                  4.93    0.04   86.65 v _29732_/A2 (AO21x1_ASAP7_75t_R)
     1    0.78    7.21   13.66  100.32 v _29732_/Y (AO21x1_ASAP7_75t_R)
                                         _01464_ (net)
                  7.22    0.05  100.37 v _tray_size4_1074/D1 (DFFHQNH2V2Xx1_ASAP7_75t_R)
                                100.37   data arrival time

                          0.00    0.00   clock clk (rise edge)
                          0.00    0.00   clock source latency
     1    9.55    0.00    0.00    0.00 ^ clk (in)
                                         clk (net)
                 33.35   10.52   10.52 ^ clkbuf_0_clk/A (BUFx16f_ASAP7_75t_R)
     4   20.48   16.59   21.97   32.49 ^ clkbuf_0_clk/Y (BUFx16f_ASAP7_75t_R)
                                         clknet_0_clk (net)
                 23.64    5.54   38.02 ^ clkbuf_2_0_0_clk/A (BUFx24_ASAP7_75t_R)
     4   15.18   11.00   22.68   60.70 ^ clkbuf_2_0_0_clk/Y (BUFx24_ASAP7_75t_R)
                                         clknet_2_0_0_clk (net)
                 22.81    6.27   66.98 ^ clkbuf_4_0__f_clk/A (BUFx16f_ASAP7_75t_R)
    13   11.04   10.26   19.35   86.33 ^ clkbuf_4_0__f_clk/Y (BUFx16f_ASAP7_75t_R)
                                         clknet_4_0__leaf_clk (net)
                 11.07    1.49   87.82 ^ _tray_size4_1074/CLK (DFFHQNH2V2Xx1_ASAP7_75t_R)
                          0.00   87.82   clock reconvergence pessimism
                         12.43  100.24   library hold time
                                100.24   data required time
-----------------------------------------------------------------------------
                                100.24   data required time
                               -100.37   data arrival time
-----------------------------------------------------------------------------
                                  0.12   slack (MET)



==========================================================================
cts final report_checks -path_delay max
--------------------------------------------------------------------------
Startpoint: _tray_size4_1079 (rising edge-triggered flip-flop clocked by clk)
Endpoint: _tray_size4_1122 (rising edge-triggered flip-flop clocked by clk)
Path Group: clk
Path Type: max

Fanout     Cap    Slew   Delay    Time   Description
-----------------------------------------------------------------------------
                          0.00    0.00   clock clk (rise edge)
                          0.00    0.00   clock source latency
     1    9.55    0.00    0.00    0.00 ^ clk (in)
                                         clk (net)
                 33.35   10.52   10.52 ^ clkbuf_0_clk/A (BUFx16f_ASAP7_75t_R)
     4   20.48   16.59   21.97   32.49 ^ clkbuf_0_clk/Y (BUFx16f_ASAP7_75t_R)
                                         clknet_0_clk (net)
                 23.14    5.30   37.79 ^ clkbuf_2_2_0_clk/A (BUFx24_ASAP7_75t_R)
     4   16.48   12.98   22.95   60.74 ^ clkbuf_2_2_0_clk/Y (BUFx24_ASAP7_75t_R)
                                         clknet_2_2_0_clk (net)
                 19.46    4.84   65.58 ^ clkbuf_4_8__f_clk/A (BUFx16f_ASAP7_75t_R)
    13   15.67   12.83   19.21   84.79 ^ clkbuf_4_8__f_clk/Y (BUFx16f_ASAP7_75t_R)
                                         clknet_4_8__leaf_clk (net)
                 13.65    1.68   86.48 ^ _tray_size4_1079/CLK (DFFHQNH2V2Xx2_ASAP7_75t_R)
     2    5.54   41.88   73.63  160.11 v _tray_size4_1079/QN1 (DFFHQNH2V2Xx2_ASAP7_75t_R)
                                         _00505_ (net)
                 42.39    2.51  162.62 v _18118_/A (XOR2x2_ASAP7_75t_R)
     2    2.07   11.34   32.83  195.45 ^ _18118_/Y (XOR2x2_ASAP7_75t_R)
                                         _09947_ (net)
                 11.34    0.07  195.52 ^ place5722/A (BUFx3_ASAP7_75t_R)
     2    1.93    7.31   14.02  209.54 ^ place5722/Y (BUFx3_ASAP7_75t_R)
                                         net5722 (net)
                  7.31    0.08  209.63 ^ _19644_/A (XOR2x2_ASAP7_75t_R)
     1    1.57    9.40   24.35  233.98 ^ _19644_/Y (XOR2x2_ASAP7_75t_R)
                                         _11441_ (net)
                  9.41    0.16  234.14 ^ _19646_/B (XOR2x2_ASAP7_75t_R)
     1    3.76   16.47   28.79  262.93 ^ _19646_/Y (XOR2x2_ASAP7_75t_R)
                                         _11443_ (net)
                 16.79    1.25  264.18 ^ _19648_/A2 (AOI21x1_ASAP7_75t_R)
     2    1.74   17.96   10.21  274.39 v _19648_/Y (AOI21x1_ASAP7_75t_R)
                                         _11445_ (net)
                 17.96    0.04  274.43 v place5661/A (BUFx3_ASAP7_75t_R)
     1    1.24    5.76   16.00  290.43 v place5661/Y (BUFx3_ASAP7_75t_R)
                                         net5661 (net)
                  5.77    0.07  290.50 v _19649_/B (XOR2x2_ASAP7_75t_R)
     6    8.13   26.33   28.28  318.78 v _19649_/Y (XOR2x2_ASAP7_75t_R)
                                         _01217_ (net)
                 26.57    1.41  320.19 v _30252_/A (HAxp5_ASAP7_75t_R)
     3    2.65   34.86   24.72  344.90 ^ _30252_/CON (HAxp5_ASAP7_75t_R)
                                         _01231_ (net)
                 34.86    0.06  344.96 ^ _23390_/A (INVx1_ASAP7_75t_R)
     4    5.18   33.34   23.91  368.87 v _23390_/Y (INVx1_ASAP7_75t_R)
                                         _15096_ (net)
                 33.34    0.24  369.10 v _23685_/A (NAND2x1_ASAP7_75t_R)
     2    3.09   28.22   23.39  392.49 ^ _23685_/Y (NAND2x1_ASAP7_75t_R)
                                         _01655_ (net)
                 28.23    0.08  392.57 ^ _23687_/A1 (AOI21x1_ASAP7_75t_R)
     2    2.81   21.30   16.58  409.15 v _23687_/Y (AOI21x1_ASAP7_75t_R)
                                         _01657_ (net)
                 21.31    0.19  409.34 v _23852_/B (NAND2x1_ASAP7_75t_R)
     1    1.30   14.72   12.55  421.90 ^ _23852_/Y (NAND2x1_ASAP7_75t_R)
                                         _01817_ (net)
                 14.72    0.05  421.95 ^ _23856_/A1 (AOI21x1_ASAP7_75t_R)
     1    1.30   17.29   10.02  431.97 v _23856_/Y (AOI21x1_ASAP7_75t_R)
                                         _01821_ (net)
                 17.29    0.08  432.06 v _23857_/A2 (OAI21x1_ASAP7_75t_R)
     1    2.44   20.96   14.83  446.88 ^ _23857_/Y (OAI21x1_ASAP7_75t_R)
                                         _01822_ (net)
                 21.01    0.50  447.38 ^ _23873_/A (NOR2x1_ASAP7_75t_R)
     1    1.28   13.54   12.70  460.07 v _23873_/Y (NOR2x1_ASAP7_75t_R)
                                         _01838_ (net)
                 13.54    0.07  460.14 v _23900_/B (NOR2x1_ASAP7_75t_R)
     1    3.83   27.15   16.41  476.55 ^ _23900_/Y (NOR2x1_ASAP7_75t_R)
                                         _00081_ (net)
                 27.38    1.38  477.94 ^ _tray_size4_1122/D2 (DFFHQNH2V2Xx1_ASAP7_75t_R)
                                477.94   data arrival time

                        380.00  380.00   clock clk (rise edge)
                          0.00  380.00   clock source latency
     1    8.89    0.00    0.00  380.00 ^ clk (in)
                                         clk (net)
                 29.73    9.38  389.38 ^ clkbuf_0_clk/A (BUFx16f_ASAP7_75t_R)
     4   18.07   14.97   21.05  410.43 ^ clkbuf_0_clk/Y (BUFx16f_ASAP7_75t_R)
                                         clknet_0_clk (net)
                 20.35    4.55  414.98 ^ clkbuf_2_3_0_clk/A (BUFx24_ASAP7_75t_R)
     4   13.82   11.57   22.08  437.06 ^ clkbuf_2_3_0_clk/Y (BUFx24_ASAP7_75t_R)
                                         clknet_2_3_0_clk (net)
                 13.73    2.44  439.50 ^ clkbuf_4_14__f_clk/A (BUFx16f_ASAP7_75t_R)
     7    7.45    7.94   16.38  455.87 ^ clkbuf_4_14__f_clk/Y (BUFx16f_ASAP7_75t_R)
                                         clknet_4_14__leaf_clk (net)
                  8.08    0.52  456.39 ^ _tray_size4_1122/CLK (DFFHQNH2V2Xx1_ASAP7_75t_R)
                          2.06  458.45   clock reconvergence pessimism
                        -15.32  443.13   library setup time
                                443.13   data required time
-----------------------------------------------------------------------------
                                443.13   data required time
                               -477.94   data arrival time
-----------------------------------------------------------------------------
                                -34.81   slack (VIOLATED)



==========================================================================
cts final report_checks -unconstrained
--------------------------------------------------------------------------
Startpoint: _tray_size4_1079 (rising edge-triggered flip-flop clocked by clk)
Endpoint: _tray_size4_1122 (rising edge-triggered flip-flop clocked by clk)
Path Group: clk
Path Type: max

Fanout     Cap    Slew   Delay    Time   Description
-----------------------------------------------------------------------------
                          0.00    0.00   clock clk (rise edge)
                          0.00    0.00   clock source latency
     1    9.55    0.00    0.00    0.00 ^ clk (in)
                                         clk (net)
                 33.35   10.52   10.52 ^ clkbuf_0_clk/A (BUFx16f_ASAP7_75t_R)
     4   20.48   16.59   21.97   32.49 ^ clkbuf_0_clk/Y (BUFx16f_ASAP7_75t_R)
                                         clknet_0_clk (net)
                 23.14    5.30   37.79 ^ clkbuf_2_2_0_clk/A (BUFx24_ASAP7_75t_R)
     4   16.48   12.98   22.95   60.74 ^ clkbuf_2_2_0_clk/Y (BUFx24_ASAP7_75t_R)
                                         clknet_2_2_0_clk (net)
                 19.46    4.84   65.58 ^ clkbuf_4_8__f_clk/A (BUFx16f_ASAP7_75t_R)
    13   15.67   12.83   19.21   84.79 ^ clkbuf_4_8__f_clk/Y (BUFx16f_ASAP7_75t_R)
                                         clknet_4_8__leaf_clk (net)
                 13.65    1.68   86.48 ^ _tray_size4_1079/CLK (DFFHQNH2V2Xx2_ASAP7_75t_R)
     2    5.54   41.88   73.63  160.11 v _tray_size4_1079/QN1 (DFFHQNH2V2Xx2_ASAP7_75t_R)
                                         _00505_ (net)
                 42.39    2.51  162.62 v _18118_/A (XOR2x2_ASAP7_75t_R)
     2    2.07   11.34   32.83  195.45 ^ _18118_/Y (XOR2x2_ASAP7_75t_R)
                                         _09947_ (net)
                 11.34    0.07  195.52 ^ place5722/A (BUFx3_ASAP7_75t_R)
     2    1.93    7.31   14.02  209.54 ^ place5722/Y (BUFx3_ASAP7_75t_R)
                                         net5722 (net)
                  7.31    0.08  209.63 ^ _19644_/A (XOR2x2_ASAP7_75t_R)
     1    1.57    9.40   24.35  233.98 ^ _19644_/Y (XOR2x2_ASAP7_75t_R)
                                         _11441_ (net)
                  9.41    0.16  234.14 ^ _19646_/B (XOR2x2_ASAP7_75t_R)
     1    3.76   16.47   28.79  262.93 ^ _19646_/Y (XOR2x2_ASAP7_75t_R)
                                         _11443_ (net)
                 16.79    1.25  264.18 ^ _19648_/A2 (AOI21x1_ASAP7_75t_R)
     2    1.74   17.96   10.21  274.39 v _19648_/Y (AOI21x1_ASAP7_75t_R)
                                         _11445_ (net)
                 17.96    0.04  274.43 v place5661/A (BUFx3_ASAP7_75t_R)
     1    1.24    5.76   16.00  290.43 v place5661/Y (BUFx3_ASAP7_75t_R)
                                         net5661 (net)
                  5.77    0.07  290.50 v _19649_/B (XOR2x2_ASAP7_75t_R)
     6    8.13   26.33   28.28  318.78 v _19649_/Y (XOR2x2_ASAP7_75t_R)
                                         _01217_ (net)
                 26.57    1.41  320.19 v _30252_/A (HAxp5_ASAP7_75t_R)
     3    2.65   34.86   24.72  344.90 ^ _30252_/CON (HAxp5_ASAP7_75t_R)
                                         _01231_ (net)
                 34.86    0.06  344.96 ^ _23390_/A (INVx1_ASAP7_75t_R)
     4    5.18   33.34   23.91  368.87 v _23390_/Y (INVx1_ASAP7_75t_R)
                                         _15096_ (net)
                 33.34    0.24  369.10 v _23685_/A (NAND2x1_ASAP7_75t_R)
     2    3.09   28.22   23.39  392.49 ^ _23685_/Y (NAND2x1_ASAP7_75t_R)
                                         _01655_ (net)
                 28.23    0.08  392.57 ^ _23687_/A1 (AOI21x1_ASAP7_75t_R)
     2    2.81   21.30   16.58  409.15 v _23687_/Y (AOI21x1_ASAP7_75t_R)
                                         _01657_ (net)
                 21.31    0.19  409.34 v _23852_/B (NAND2x1_ASAP7_75t_R)
     1    1.30   14.72   12.55  421.90 ^ _23852_/Y (NAND2x1_ASAP7_75t_R)
                                         _01817_ (net)
                 14.72    0.05  421.95 ^ _23856_/A1 (AOI21x1_ASAP7_75t_R)
     1    1.30   17.29   10.02  431.97 v _23856_/Y (AOI21x1_ASAP7_75t_R)
                                         _01821_ (net)
                 17.29    0.08  432.06 v _23857_/A2 (OAI21x1_ASAP7_75t_R)
     1    2.44   20.96   14.83  446.88 ^ _23857_/Y (OAI21x1_ASAP7_75t_R)
                                         _01822_ (net)
                 21.01    0.50  447.38 ^ _23873_/A (NOR2x1_ASAP7_75t_R)
     1    1.28   13.54   12.70  460.07 v _23873_/Y (NOR2x1_ASAP7_75t_R)
                                         _01838_ (net)
                 13.54    0.07  460.14 v _23900_/B (NOR2x1_ASAP7_75t_R)
     1    3.83   27.15   16.41  476.55 ^ _23900_/Y (NOR2x1_ASAP7_75t_R)
                                         _00081_ (net)
                 27.38    1.38  477.94 ^ _tray_size4_1122/D2 (DFFHQNH2V2Xx1_ASAP7_75t_R)
                                477.94   data arrival time

                        380.00  380.00   clock clk (rise edge)
                          0.00  380.00   clock source latency
     1    8.89    0.00    0.00  380.00 ^ clk (in)
                                         clk (net)
                 29.73    9.38  389.38 ^ clkbuf_0_clk/A (BUFx16f_ASAP7_75t_R)
     4   18.07   14.97   21.05  410.43 ^ clkbuf_0_clk/Y (BUFx16f_ASAP7_75t_R)
                                         clknet_0_clk (net)
                 20.35    4.55  414.98 ^ clkbuf_2_3_0_clk/A (BUFx24_ASAP7_75t_R)
     4   13.82   11.57   22.08  437.06 ^ clkbuf_2_3_0_clk/Y (BUFx24_ASAP7_75t_R)
                                         clknet_2_3_0_clk (net)
                 13.73    2.44  439.50 ^ clkbuf_4_14__f_clk/A (BUFx16f_ASAP7_75t_R)
     7    7.45    7.94   16.38  455.87 ^ clkbuf_4_14__f_clk/Y (BUFx16f_ASAP7_75t_R)
                                         clknet_4_14__leaf_clk (net)
                  8.08    0.52  456.39 ^ _tray_size4_1122/CLK (DFFHQNH2V2Xx1_ASAP7_75t_R)
                          2.06  458.45   clock reconvergence pessimism
                        -15.32  443.13   library setup time
                                443.13   data required time
-----------------------------------------------------------------------------
                                443.13   data required time
                               -477.94   data arrival time
-----------------------------------------------------------------------------
                                -34.81   slack (VIOLATED)



==========================================================================
cts final report_check_types -max_slew -max_cap -max_fanout -violators
--------------------------------------------------------------------------

==========================================================================
cts final max_slew_check_slack
--------------------------------------------------------------------------
146.30892944335938

==========================================================================
cts final max_slew_check_limit
--------------------------------------------------------------------------
320.0

==========================================================================
cts final max_slew_check_slack_limit
--------------------------------------------------------------------------
0.4572

==========================================================================
cts final max_fanout_check_slack
--------------------------------------------------------------------------
1.0000000150474662e+30

==========================================================================
cts final max_fanout_check_limit
--------------------------------------------------------------------------
1.0000000150474662e+30

==========================================================================
cts final max_capacitance_check_slack
--------------------------------------------------------------------------
13.200591087341309

==========================================================================
cts final max_capacitance_check_limit
--------------------------------------------------------------------------
23.040000915527344

==========================================================================
cts final max_capacitance_check_slack_limit
--------------------------------------------------------------------------
0.5729

==========================================================================
cts final max_slew_violation_count
--------------------------------------------------------------------------
max slew violation count 0

==========================================================================
cts final max_fanout_violation_count
--------------------------------------------------------------------------
max fanout violation count 0

==========================================================================
cts final max_cap_violation_count
--------------------------------------------------------------------------
max cap violation count 0

==========================================================================
cts final setup_violation_count
--------------------------------------------------------------------------
setup violation count 139

==========================================================================
cts final hold_violation_count
--------------------------------------------------------------------------
hold violation count 0

==========================================================================
cts final report_checks -path_delay max reg to reg
--------------------------------------------------------------------------
Startpoint: _tray_size4_1079 (rising edge-triggered flip-flop clocked by clk)
Endpoint: _tray_size4_1122 (rising edge-triggered flip-flop clocked by clk)
Path Group: clk
Path Type: max

  Delay    Time   Description
---------------------------------------------------------
   0.00    0.00   clock clk (rise edge)
   0.00    0.00   clock source latency
   0.00    0.00 ^ clk (in)
  32.49   32.49 ^ clkbuf_0_clk/Y (BUFx16f_ASAP7_75t_R)
  28.25   60.74 ^ clkbuf_2_2_0_clk/Y (BUFx24_ASAP7_75t_R)
  24.05   84.79 ^ clkbuf_4_8__f_clk/Y (BUFx16f_ASAP7_75t_R)
   1.68   86.48 ^ _tray_size4_1079/CLK (DFFHQNH2V2Xx2_ASAP7_75t_R)
  73.63  160.11 v _tray_size4_1079/QN1 (DFFHQNH2V2Xx2_ASAP7_75t_R)
  35.34  195.45 ^ _18118_/Y (XOR2x2_ASAP7_75t_R)
  14.10  209.54 ^ place5722/Y (BUFx3_ASAP7_75t_R)
  24.44  233.98 ^ _19644_/Y (XOR2x2_ASAP7_75t_R)
  28.95  262.93 ^ _19646_/Y (XOR2x2_ASAP7_75t_R)
  11.46  274.39 v _19648_/Y (AOI21x1_ASAP7_75t_R)
  16.05  290.43 v place5661/Y (BUFx3_ASAP7_75t_R)
  28.35  318.78 v _19649_/Y (XOR2x2_ASAP7_75t_R)
  26.13  344.90 ^ _30252_/CON (HAxp5_ASAP7_75t_R)
  23.96  368.87 v _23390_/Y (INVx1_ASAP7_75t_R)
  23.63  392.49 ^ _23685_/Y (NAND2x1_ASAP7_75t_R)
  16.66  409.15 v _23687_/Y (AOI21x1_ASAP7_75t_R)
  12.75  421.90 ^ _23852_/Y (NAND2x1_ASAP7_75t_R)
  10.08  431.97 v _23856_/Y (AOI21x1_ASAP7_75t_R)
  14.91  446.88 ^ _23857_/Y (OAI21x1_ASAP7_75t_R)
  13.19  460.07 v _23873_/Y (NOR2x1_ASAP7_75t_R)
  16.48  476.55 ^ _23900_/Y (NOR2x1_ASAP7_75t_R)
   1.38  477.94 ^ _tray_size4_1122/D2 (DFFHQNH2V2Xx1_ASAP7_75t_R)
         477.94   data arrival time

 380.00  380.00   clock clk (rise edge)
   0.00  380.00   clock source latency
   0.00  380.00 ^ clk (in)
  30.43  410.43 ^ clkbuf_0_clk/Y (BUFx16f_ASAP7_75t_R)
  26.63  437.06 ^ clkbuf_2_3_0_clk/Y (BUFx24_ASAP7_75t_R)
  18.81  455.87 ^ clkbuf_4_14__f_clk/Y (BUFx16f_ASAP7_75t_R)
   0.52  456.39 ^ _tray_size4_1122/CLK (DFFHQNH2V2Xx1_ASAP7_75t_R)
   2.06  458.45   clock reconvergence pessimism
 -15.32  443.13   library setup time
         443.13   data required time
---------------------------------------------------------
         443.13   data required time
        -477.94   data arrival time
---------------------------------------------------------
         -34.81   slack (VIOLATED)



==========================================================================
cts final report_checks -path_delay min reg to reg
--------------------------------------------------------------------------
Startpoint: text_in_r[110]$_DFFE_PP_
            (rising edge-triggered flip-flop clocked by clk)
Endpoint: text_in_r[110]$_DFFE_PP_
          (rising edge-triggered flip-flop clocked by clk)
Path Group: clk
Path Type: min

  Delay    Time   Description
---------------------------------------------------------
   0.00    0.00   clock clk (rise edge)
   0.00    0.00   clock source latency
   0.00    0.00 ^ clk (in)
  30.43   30.43 ^ clkbuf_0_clk/Y (BUFx16f_ASAP7_75t_R)
  26.58   57.01 ^ clkbuf_2_0_0_clk/Y (BUFx24_ASAP7_75t_R)
  20.73   77.74 ^ clkbuf_4_2__f_clk/Y (BUFx16f_ASAP7_75t_R)
   0.78   78.52 ^ text_in_r[110]$_DFFE_PP_/CLK (DFFHQNx1_ASAP7_75t_R)
  39.51  118.03 ^ text_in_r[110]$_DFFE_PP_/QN (DFFHQNx1_ASAP7_75t_R)
  10.58  128.61 v _29670_/Y (NOR2x1_ASAP7_75t_R)
  13.57  142.18 v _29671_/Y (AO21x1_ASAP7_75t_R)
   0.02  142.20 v text_in_r[110]$_DFFE_PP_/D (DFFHQNx1_ASAP7_75t_R)
         142.20   data arrival time

   0.00    0.00   clock clk (rise edge)
   0.00    0.00   clock source latency
   0.00    0.00 ^ clk (in)
  32.49   32.49 ^ clkbuf_0_clk/Y (BUFx16f_ASAP7_75t_R)
  28.22   60.70 ^ clkbuf_2_0_0_clk/Y (BUFx24_ASAP7_75t_R)
  22.42   83.13 ^ clkbuf_4_2__f_clk/Y (BUFx16f_ASAP7_75t_R)
   0.91   84.04 ^ text_in_r[110]$_DFFE_PP_/CLK (DFFHQNx1_ASAP7_75t_R)
  -5.52   78.52   clock reconvergence pessimism
  11.22   89.74   library hold time
          89.74   data required time
---------------------------------------------------------
          89.74   data required time
        -142.20   data arrival time
---------------------------------------------------------
          52.46   slack (MET)



==========================================================================
cts final critical path target clock latency max path
--------------------------------------------------------------------------
76.3052

==========================================================================
cts final critical path target clock latency min path
--------------------------------------------------------------------------
87.8152

==========================================================================
cts final critical path source clock latency min path
--------------------------------------------------------------------------
0.0000

==========================================================================
cts final critical path delay
--------------------------------------------------------------------------
477.9388

==========================================================================
cts final critical path slack
--------------------------------------------------------------------------
-34.8105

==========================================================================
cts final slack div critical path delay
--------------------------------------------------------------------------
-7.283464

==========================================================================
cts final report_power
--------------------------------------------------------------------------
Group                  Internal  Switching    Leakage      Total
                          Power      Power      Power      Power (Watts)
----------------------------------------------------------------
Sequential             3.48e-03   1.10e-03   8.09e-08   4.58e-03   2.7%
Combinational          6.42e-02   9.83e-02   1.13e-06   1.63e-01  96.7%
Clock                  6.02e-04   4.51e-04   8.44e-09   1.05e-03   0.6%
Macro                  0.00e+00   0.00e+00   0.00e+00   0.00e+00   0.0%
Pad                    0.00e+00   0.00e+00   0.00e+00   0.00e+00   0.0%
----------------------------------------------------------------
Total                  6.83e-02   9.99e-02   1.22e-06   1.68e-01 100.0%
                          40.6%      59.4%       0.0%
