OpenROAD fe1aa0f9d0254fac87b82c886c04ee1544e46885 
Features included (+) or not (-): +GPU +GUI +Python
This program is licensed under the BSD-3 license. See the LICENSE file for details.
Components of this program may be licensed under more restrictive licenses which must be honored.
[INFO ORD-0030] Using 32 thread(s).
source /home/lucast/workspace/OR-flow-TCC/flow/platforms/asap7/liberty_suppressions.tcl
read_liberty /home/lucast/workspace/OR-flow-TCC/flow/platforms/asap7/lib/NLDM/asap7sc7p5t_AO_RVT_FF_nldm_211120.lib.gz
read_liberty /home/lucast/workspace/OR-flow-TCC/flow/platforms/asap7/lib/NLDM/asap7sc7p5t_INVBUF_RVT_FF_nldm_220122.lib.gz
read_liberty /home/lucast/workspace/OR-flow-TCC/flow/platforms/asap7/lib/NLDM/asap7sc7p5t_OA_RVT_FF_nldm_211120.lib.gz
read_liberty /home/lucast/workspace/OR-flow-TCC/flow/platforms/asap7/lib/NLDM/asap7sc7p5t_SIMPLE_RVT_FF_nldm_211120.lib.gz
read_liberty /home/lucast/workspace/OR-flow-TCC/flow/platforms/asap7/lib/NLDM/asap7sc7p5t_SEQ_RVT_FF_nldm_220123.lib
read_liberty /home/lucast/workspace/OR-flow-TCC/flow/platforms/asap7/lib/NLDM/asap7sc7p5t_DFFHQNH2V2X_RVT_TT_nldm_FAKE.lib
read_liberty /home/lucast/workspace/OR-flow-TCC/flow/platforms/asap7/lib/NLDM/asap7sc7p5t_DFFHQNV2X_RVT_TT_nldm_FAKE.lib
read_db ./results/asap7/jpeg/baseline_alpha_67-beta_0.1/3_place.odb
source /home/lucast/workspace/OR-flow-TCC/flow/platforms/asap7/setRC.tcl
clock_tree_synthesis -sink_clustering_enable -repair_clock_nets
[INFO CTS-0050] Root buffer is BUFx24_ASAP7_75t_R.
[INFO CTS-0051] Sink buffer is BUFx24_ASAP7_75t_R.
[INFO CTS-0052] The following clock buffers will be used for CTS:
                    BUFx24_ASAP7_75t_R
[INFO CTS-0049] Characterization buffer is BUFx24_ASAP7_75t_R.
[INFO CTS-0007] Net "clk" found for clock "clk".
[INFO CTS-0010]  Clock net "clk" has 1163 sinks.
[INFO CTS-0008] TritonCTS found 1 clock nets.
[INFO CTS-0097] Characterization used 1 buffer(s) types.
[INFO CTS-0201] 0 blockages from hard placement blockages and placed macros will be used.
[INFO CTS-0027] Generating H-Tree topology for net clk.
[INFO CTS-0028]  Total number of sinks: 1163.
[INFO CTS-0090]  Sinks will be clustered based on buffer max cap.
[INFO CTS-0030]  Number of static layers: 0.
[INFO CTS-0020]  Wire segment unit: 1350  dbu (1 um).
[INFO CTS-0206] Best clustering solution was found from clustering size of 10 and clustering diameter of 50.
[INFO CTS-0019]  Total number of sinks after clustering: 80.
[INFO CTS-0024]  Normalized sink region: [(4.34292, 4.10729), (68.6201, 68.8397)].
[INFO CTS-0025]     Width:  64.2772.
[INFO CTS-0026]     Height: 64.7324.
 Level 1
    Direction: Vertical
    Sinks per sub-region: 40
    Sub-region size: 64.2772 X 32.3662
[INFO CTS-0034]     Segment length (rounded): 16.
 Level 2
    Direction: Horizontal
    Sinks per sub-region: 20
    Sub-region size: 32.1386 X 32.3662
[INFO CTS-0034]     Segment length (rounded): 16.
 Level 3
    Direction: Vertical
    Sinks per sub-region: 10
    Sub-region size: 32.1386 X 16.1831
[INFO CTS-0034]     Segment length (rounded): 8.
 Level 4
    Direction: Horizontal
    Sinks per sub-region: 5
    Sub-region size: 16.0693 X 16.1831
[INFO CTS-0034]     Segment length (rounded): 8.
[INFO CTS-0032]  Stop criterion found. Max number of sinks is 10.
[INFO CTS-0035]  Number of sinks covered: 80.
[INFO CTS-0018]     Created 101 clock buffers.
[INFO CTS-0012]     Minimum number of buffers in the clock path: 4.
[INFO CTS-0013]     Maximum number of buffers in the clock path: 4.
[INFO CTS-0015]     Created 101 clock nets.
[INFO CTS-0016]     Fanout distribution for the current clock = 5:16, 10:1, 11:5, 12:9, 13:13, 14:16, 15:11, 16:10, 17:4, 18:7, 19:3, 21:1..
[INFO CTS-0017]     Max level of the clock tree: 4.
[INFO CTS-0098] Clock net "clk"
[INFO CTS-0099]  Sinks 1224
[INFO CTS-0100]  Leaf buffers 80
[INFO CTS-0101]  Average sink wire length 166.50 um
[INFO CTS-0102]  Path depth 4 - 4
[INFO CTS-0207]  Dummy loads inserted 61
estimate_parasitics -placement
[INFO DPL-0005] Max displacement: +/- 500 sites horizontally, +/- 100 rows vertically.
Movements Summary
---------------------------------------
Total cells:                   52502
Diamond Move Success:          52502 (100.00%)
Diamond Move Failure:              0
Rip-up and replace Success:        0 (  0.00% of diamond failures)
Rip-up and replace Failure:        0
Total Placement Failures:          0
---------------------------------------
Placement Analysis
---------------------------------
total displacement        537.1 u
average displacement        0.0 u
max displacement            1.6 u
original HPWL          148292.8 u
legalized HPWL         152342.2 u
delta HPWL                    3 %

estimate_parasitics -placement
repair_timing -setup_margin 0 -hold_margin 0 -repair_tns 100 -verbose
[INFO RSZ-0100] Repair move sequence: UnbufferMove SizeUpMove SwapPinsMove BufferMove CloneMove SplitLoadMove 
[INFO RSZ-0094] Found 31 endpoints with setup violations.
[INFO RSZ-0099] Repairing 31 out of 31 (100.00%) violating endpoints...
   Iter   | Removed | Resized | Inserted | Cloned |  Pin  |   Area   |    WNS   |   TNS      |  Viol  | Worst
          | Buffers |  Gates  | Buffers  |  Gates | Swaps |          |          |            | Endpts | Endpt
--------------------------------------------------------------------------------------------------------------
        0 |       0 |       0 |        0 |      0 |     0 |    +0.0% |  -41.637 |     -467.8 |     31 | _tray_size4_7962/D3
        5 |       0 |       0 |        5 |      0 |     2 |    +0.0% |  -26.754 |     -319.7 |     29 | _tray_size4_7896/D3
        6 |       0 |       0 |        5 |      0 |     2 |    +0.0% |  -26.754 |     -319.7 |     28 | _tray_size4_7896/D3
       10 |       0 |       0 |        7 |      0 |     4 |    +0.0% |  -23.605 |     -312.8 |     28 | _tray_size4_7832/D1
       11 |       0 |       0 |        9 |      0 |     4 |    +0.0% |  -23.605 |     -292.9 |     26 | _tray_size4_7832/D1
       12 |       0 |       0 |        9 |      0 |     4 |    +0.0% |  -23.605 |     -292.9 |     25 | _tray_size4_7832/D1
       15 |       0 |       0 |       11 |      0 |     5 |    +0.0% |  -19.009 |     -259.5 |     23 | _tray_size4_7937/D1
       16 |       0 |       0 |       11 |      0 |     5 |    +0.0% |  -19.009 |     -259.5 |     22 | _tray_size4_7937/D1
       19 |       0 |       0 |       13 |      0 |     6 |    +0.0% |  -18.987 |     -210.5 |     20 | _tray_size4_7895/D2
       20 |       0 |       0 |       13 |      0 |     6 |    +0.0% |  -18.987 |     -210.5 |     20 | _tray_size4_7895/D2
       21 |       0 |       1 |       13 |      0 |     6 |    +0.0% |  -18.786 |     -141.0 |     18 | _tray_size4_7711/D3
       26 |       0 |       1 |       17 |      0 |     8 |    +0.0% |  -17.946 |     -112.8 |     16 | _tray_size4_7821/D0
       30 |       0 |       1 |       19 |      0 |    10 |    +0.0% |  -17.247 |      -94.5 |     15 | _tray_size4_8762/D2
       30 |       0 |       1 |       19 |      0 |    10 |    +0.0% |  -17.247 |      -94.5 |     14 | _tray_size4_8762/D2
       31 |       0 |       1 |       19 |      0 |    10 |    +0.0% |  -17.247 |      -94.5 |     13 | _tray_size4_8762/D2
       33 |       0 |       1 |       21 |      0 |    10 |    +0.0% |  -15.999 |      -68.8 |     11 | _tray_size4_7813/D1
       34 |       0 |       1 |       21 |      0 |    10 |    +0.0% |  -15.999 |      -68.8 |     10 | _tray_size4_7813/D1
       39 |       0 |       1 |       25 |      0 |    12 |    +0.0% |  -11.113 |      -52.8 |      8 | _tray_size4_8552/D2
       40 |       0 |       1 |       25 |      0 |    12 |    +0.0% |  -11.113 |      -52.8 |      8 | _tray_size4_8552/D2
       40 |       0 |       1 |       25 |      0 |    12 |    +0.0% |  -11.113 |      -52.8 |      7 | _tray_size4_8552/D2
       41 |       0 |       1 |       25 |      0 |    12 |    +0.0% |  -11.113 |      -52.8 |      6 | _tray_size4_8552/D2
       42 |       0 |       1 |       25 |      0 |    12 |    +0.0% |  -11.113 |      -52.8 |      5 | _tray_size4_8552/D2
       43 |       0 |       1 |       25 |      0 |    12 |    +0.0% |  -11.113 |      -52.8 |      4 | _tray_size4_8552/D2
       44 |       0 |       1 |       25 |      0 |    12 |    +0.0% |  -11.113 |      -52.8 |      3 | _tray_size4_8552/D2
       47 |       0 |       1 |       26 |      0 |    13 |    +0.0% |   -9.191 |      -41.6 |      1 | _tray_size4_8481/D1
       48 |       0 |       1 |       26 |      0 |    13 |    +0.0% |   -9.191 |      -41.6 |      0 | _tray_size4_8481/D1
       49 |       0 |       1 |       26 |      0 |    13 |    +0.0% |   -9.191 |      -41.6 |      0 | _tray_size4_8481/D1
       50 |       0 |       1 |       26 |      0 |    13 |    +0.0% |   -9.191 |      -41.6 |      0 | _tray_size4_8481/D1
       54 |       0 |       1 |       30 |      0 |    15 |    +0.0% |   -6.200 |      -26.7 |      0 | _tray_size4_7821/D1
       55 |       0 |       1 |       30 |      0 |    15 |    +0.0% |   -6.200 |      -26.7 |      0 | _tray_size4_7821/D1
       58 |       0 |       1 |       31 |      0 |    16 |    +0.0% |   -5.428 |      -15.3 |      0 | _tray_size4_7962/D3
       59 |       0 |       1 |       31 |      0 |    16 |    +0.0% |   -5.428 |      -15.3 |      0 | _tray_size4_7962/D3
       60 |       0 |       1 |       31 |      0 |    16 |    +0.0% |   -5.428 |      -15.3 |      0 | _tray_size4_7962/D3
       60 |       0 |       1 |       31 |      0 |    16 |    +0.0% |   -5.428 |      -15.3 |      0 | _tray_size4_7962/D3
       61 |       0 |       1 |       31 |      0 |    16 |    +0.0% |   -5.428 |      -15.3 |      0 | _tray_size4_7962/D3
       64 |       0 |       1 |       32 |      0 |    17 |    +0.0% |   -5.428 |      -11.6 |      0 | _tray_size4_7962/D3
       67 |       0 |       3 |       32 |      0 |    17 |    +0.0% |   -5.428 |      -10.8 |      0 | _tray_size4_7962/D3
       70 |       0 |       3 |       33 |      0 |    18 |    +0.0% |   -5.428 |       -8.0 |      0 | _tray_size4_7962/D3
       70 |       0 |       3 |       33 |      0 |    18 |    +0.0% |   -5.428 |       -8.0 |      0 | _tray_size4_7962/D3
      70* |       0 |       3 |       33 |      0 |    18 |    +0.0% |   -5.428 |       -8.0 |      3 | _tray_size4_7962/D3
      71* |       0 |       3 |       33 |      0 |    18 |    +0.0% |   -5.428 |       -8.0 |      3 | _tray_size4_7962/D3
      72* |       0 |       3 |       33 |      0 |    18 |    +0.0% |   -5.428 |       -8.0 |      3 | _tray_size4_7962/D3
      74* |       0 |       3 |       33 |      0 |    19 |    +0.0% |   -5.428 |       -7.1 |      1 | _tray_size4_7962/D3
    final |       0 |       3 |       33 |      0 |    19 |    +0.0% |   -5.428 |       -7.1 |      1 | _tray_size4_7962/D3
--------------------------------------------------------------------------------------------------------------
[INFO RSZ-0040] Inserted 33 buffers.
[INFO RSZ-0051] Resized 3 instances: 3 up, 0 up match, 0 down, 0 VT
[INFO RSZ-0043] Swapped pins on 19 instances.
[WARNING RSZ-0062] Unable to repair all setup violations.
[INFO RSZ-0046] Found 11 endpoints with hold violations.
Iteration | Resized | Buffers | Cloned Gates |   Area   |   WNS   |   TNS   | Endpoint
--------------------------------------------------------------------------------------
        0 |       0 |       0 |            0 |    +0.0% | -21.946 | -229.964 | _tray_size4_7854/D3
       10 |       0 |      16 |            0 |    +0.0% | -15.314 | -15.314 | _tray_size4_7855/D1
    final |       0 |      18 |            0 |    +0.0% |   2.118 |   0.000 | _tray_size4_7844/D2
--------------------------------------------------------------------------------------
[INFO RSZ-0032] Inserted 18 hold buffers.
[INFO DPL-0005] Max displacement: +/- 500 sites horizontally, +/- 100 rows vertically.
Movements Summary
---------------------------------------
Total cells:                   52553
Diamond Move Success:          52553 (100.00%)
Diamond Move Failure:              0
Rip-up and replace Success:        0 (  0.00% of diamond failures)
Rip-up and replace Failure:        0
Total Placement Failures:          0
---------------------------------------
Placement Analysis
---------------------------------
total displacement         87.8 u
average displacement        0.0 u
max displacement            2.6 u
original HPWL          152376.6 u
legalized HPWL         152442.7 u
delta HPWL                    0 %

Report metrics stage 4, cts final...

==========================================================================
cts final report_design_area
--------------------------------------------------------------------------
Design area 6333 um^2 72% utilization.
write_db ./results/asap7/jpeg/baseline_alpha_67-beta_0.1/4_1_cts.odb
write_sdc -no_timestamp ./results/asap7/jpeg/baseline_alpha_67-beta_0.1/4_cts.sdc
Elapsed time: 0:14.54[h:]min:sec. CPU time: user 28.53 sys 13.72 (290%). Peak memory: 595364KB.
Log                        Elapsed/s Peak Memory/MB  sha1sum .odb [0:20)
4_1_cts                           14            581 207a40e8542162276f48
