
==========================================================================
finish report_tns
--------------------------------------------------------------------------
tns max -17393.31

==========================================================================
finish report_wns
--------------------------------------------------------------------------
wns max -304.46

==========================================================================
finish report_worst_slack
--------------------------------------------------------------------------
worst slack max -304.46

==========================================================================
finish report_clock_min_period
--------------------------------------------------------------------------
clock period_min = 604.46 fmax = 1654.37

==========================================================================
finish report_clock_skew
--------------------------------------------------------------------------
Clock clock
  80.38 source latency _tray_size4_2603/CLK ^
 -68.74 target latency _tray_size4_2730/CLK ^
  -1.15 CRPR
--------------
  10.50 setup skew


==========================================================================
finish report_checks -path_delay min
--------------------------------------------------------------------------
Startpoint: _tray_size4_2478 (rising edge-triggered flip-flop clocked by clock)
Endpoint: _tray_size4_2478 (rising edge-triggered flip-flop clocked by clock)
Path Group: clock
Path Type: min

Fanout     Cap    Slew   Delay    Time   Description
-----------------------------------------------------------------------------
                          0.00    0.00   clock clock (rise edge)
                          0.00    0.00   clock source latency
     1    6.42    0.00    0.00    0.00 ^ clock (in)
                                         clock (net)
                  9.74    3.07    3.07 ^ clkbuf_0_clock/A (BUFx16f_ASAP7_75t_R)
     2    6.63    7.54   14.92   17.99 ^ clkbuf_0_clock/Y (BUFx16f_ASAP7_75t_R)
                                         clknet_0_clock (net)
                  8.18    1.09   19.08 ^ clkbuf_1_1__f_clock/A (BUFx16f_ASAP7_75t_R)
    11   44.17   28.03   20.16   39.23 ^ clkbuf_1_1__f_clock/Y (BUFx16f_ASAP7_75t_R)
                                         clknet_1_1__leaf_clock (net)
                 29.94    3.91   43.14 ^ clkbuf_leaf_15_clock/A (BUFx24_ASAP7_75t_R)
    14   11.54   10.99   24.39   67.53 ^ clkbuf_leaf_15_clock/Y (BUFx24_ASAP7_75t_R)
                                         clknet_leaf_15_clock (net)
                 11.93    1.58   69.11 ^ _tray_size4_2478/CLK (DFFHQNH2V2Xx1_ASAP7_75t_R)
     1    0.74   17.70   49.37  118.48 ^ _tray_size4_2478/QN2 (DFFHQNH2V2Xx1_ASAP7_75t_R)
                                         _0413_ (net)
                 17.70    0.07  118.55 ^ _5514_/A (INVx1_ASAP7_75t_R)
     1    0.50    6.97    6.31  124.85 v _5514_/Y (INVx1_ASAP7_75t_R)
                                         _2022_ (net)
                  6.97    0.04  124.89 v _tray_size4_2478/D0 (DFFHQNH2V2Xx1_ASAP7_75t_R)
                                124.89   data arrival time

                          0.00    0.00   clock clock (rise edge)
                          0.00    0.00   clock source latency
     1    7.08    0.00    0.00    0.00 ^ clock (in)
                                         clock (net)
                 11.27    3.56    3.56 ^ clkbuf_0_clock/A (BUFx16f_ASAP7_75t_R)
     2    7.95    8.33   15.58   19.14 ^ clkbuf_0_clock/Y (BUFx16f_ASAP7_75t_R)
                                         clknet_0_clock (net)
                  9.18    1.34   20.48 ^ clkbuf_1_1__f_clock/A (BUFx16f_ASAP7_75t_R)
    11   53.25   32.17   21.79   42.27 ^ clkbuf_1_1__f_clock/Y (BUFx16f_ASAP7_75t_R)
                                         clknet_1_1__leaf_clock (net)
                 34.59    4.68   46.95 ^ clkbuf_leaf_15_clock/A (BUFx24_ASAP7_75t_R)
    14   13.74   12.18   25.87   72.82 ^ clkbuf_leaf_15_clock/Y (BUFx24_ASAP7_75t_R)
                                         clknet_leaf_15_clock (net)
                 13.35    1.89   74.71 ^ _tray_size4_2478/CLK (DFFHQNH2V2Xx1_ASAP7_75t_R)
                         -5.60   69.11   clock reconvergence pessimism
                         13.14   82.25   library hold time
                                 82.25   data required time
-----------------------------------------------------------------------------
                                 82.25   data required time
                               -124.89   data arrival time
-----------------------------------------------------------------------------
                                 42.64   slack (MET)



==========================================================================
finish report_checks -path_delay max
--------------------------------------------------------------------------
Startpoint: _tray_size4_2507 (rising edge-triggered flip-flop clocked by clock)
Endpoint: _tray_size4_2486 (rising edge-triggered flip-flop clocked by clock)
Path Group: clock
Path Type: max

Fanout     Cap    Slew   Delay    Time   Description
-----------------------------------------------------------------------------
                          0.00    0.00   clock clock (rise edge)
                          0.00    0.00   clock source latency
     1    7.08    0.00    0.00    0.00 ^ clock (in)
                                         clock (net)
                 11.27    3.56    3.56 ^ clkbuf_0_clock/A (BUFx16f_ASAP7_75t_R)
     2    7.95    8.33   15.58   19.14 ^ clkbuf_0_clock/Y (BUFx16f_ASAP7_75t_R)
                                         clknet_0_clock (net)
                  9.18    1.34   20.48 ^ clkbuf_1_1__f_clock/A (BUFx16f_ASAP7_75t_R)
    11   53.25   32.17   21.79   42.27 ^ clkbuf_1_1__f_clock/Y (BUFx16f_ASAP7_75t_R)
                                         clknet_1_1__leaf_clock (net)
                 35.03    5.04   47.31 ^ clkbuf_leaf_14_clock/A (BUFx24_ASAP7_75t_R)
    15   11.92   11.37   25.72   73.04 ^ clkbuf_leaf_14_clock/Y (BUFx24_ASAP7_75t_R)
                                         clknet_leaf_14_clock (net)
                 11.70    0.90   73.94 ^ _tray_size4_2507/CLK (DFFHQNH2V2Xx1_ASAP7_75t_R)
     1    0.78   18.91   48.14  122.08 v _tray_size4_2507/QN2 (DFFHQNH2V2Xx1_ASAP7_75t_R)
                                         _0009_ (net)
                 18.91    0.06  122.15 v rebuffer2242/A (BUFx3_ASAP7_75t_R)
     5    4.21   10.86   19.29  141.43 v rebuffer2242/Y (BUFx3_ASAP7_75t_R)
                                         net2240 (net)
                 10.88    0.27  141.71 v _5703_/B (NAND2x1_ASAP7_75t_R)
     1    0.79   14.90    8.20  149.91 ^ _5703_/Y (NAND2x1_ASAP7_75t_R)
                                         _2211_ (net)
                 14.90    0.08  149.99 ^ _5707_/B (AND4x1_ASAP7_75t_R)
     1    1.13   13.16   23.83  173.82 ^ _5707_/Y (AND4x1_ASAP7_75t_R)
                                         _2215_ (net)
                 13.16    0.04  173.86 ^ _5710_/A (OR2x6_ASAP7_75t_R)
     6   10.28   15.06   21.59  195.45 ^ _5710_/Y (OR2x6_ASAP7_75t_R)
                                         _2218_ (net)
                 15.06    0.00  195.45 ^ place1765/A (BUFx12f_ASAP7_75t_R)
     5    6.01    7.49   14.45  209.90 ^ place1765/Y (BUFx12f_ASAP7_75t_R)
                                         net1763 (net)
                  7.63    0.54  210.44 ^ rebuffer2598/A (BUFx6f_ASAP7_75t_R)
     2    3.17    6.73   12.00  222.44 ^ rebuffer2598/Y (BUFx6f_ASAP7_75t_R)
                                         net2597 (net)
                  6.79    0.35  222.79 ^ _5733_/B (XNOR2x2_ASAP7_75t_R)
     1    1.08    8.43   24.33  247.12 v _5733_/Y (XNOR2x2_ASAP7_75t_R)
                                         _2241_ (net)
                  8.43    0.00  247.12 v extendedResult\\ALU_64_0_64_0_65_unused_CO_X_HAN_CARLSON/_1004_/B (XOR2x2_ASAP7_75t_R)
     2    2.21   10.61   20.89  268.01 v extendedResult\\ALU_64_0_64_0_65_unused_CO_X_HAN_CARLSON/_1004_/Y (XOR2x2_ASAP7_75t_R)
                                         extendedResult\\ALU_64_0_64_0_65_unused_CO_X_HAN_CARLSON/_0497_ (net)
                 10.62    0.21  268.22 v extendedResult\\ALU_64_0_64_0_65_unused_CO_X_HAN_CARLSON/_0625_/B (HAxp5_ASAP7_75t_R)
     2    1.80   33.73   32.64  300.86 v extendedResult\\ALU_64_0_64_0_65_unused_CO_X_HAN_CARLSON/_0625_/SN (HAxp5_ASAP7_75t_R)
                                         extendedResult\\ALU_64_0_64_0_65_unused_CO_X_HAN_CARLSON/_0177_ (net)
                 33.73    0.15  301.01 v extendedResult\\ALU_64_0_64_0_65_unused_CO_X_HAN_CARLSON/place1353/A (BUFx3_ASAP7_75t_R)
     2    1.85    7.62   20.42  321.42 v extendedResult\\ALU_64_0_64_0_65_unused_CO_X_HAN_CARLSON/place1353/Y (BUFx3_ASAP7_75t_R)
                                         extendedResult\\ALU_64_0_64_0_65_unused_CO_X_HAN_CARLSON/net1351 (net)
                  7.66    0.28  321.70 v extendedResult\\ALU_64_0_64_0_65_unused_CO_X_HAN_CARLSON/_1020_/B (OR4x1_ASAP7_75t_R)
     3    2.64   20.05   30.93  352.63 v extendedResult\\ALU_64_0_64_0_65_unused_CO_X_HAN_CARLSON/_1020_/Y (OR4x1_ASAP7_75t_R)
                                         extendedResult\\ALU_64_0_64_0_65_unused_CO_X_HAN_CARLSON/_0513_ (net)
                 20.06    0.19  352.82 v extendedResult\\ALU_64_0_64_0_65_unused_CO_X_HAN_CARLSON/_1019_/A (INVx1_ASAP7_75t_R)
     1    0.83   10.58    9.09  361.91 ^ extendedResult\\ALU_64_0_64_0_65_unused_CO_X_HAN_CARLSON/_1019_/Y (INVx1_ASAP7_75t_R)
                                         extendedResult\\ALU_64_0_64_0_65_unused_CO_X_HAN_CARLSON/_0512_ (net)
                 10.58    0.07  361.99 ^ extendedResult\\ALU_64_0_64_0_65_unused_CO_X_HAN_CARLSON/_1021_/A2 (AO21x1_ASAP7_75t_R)
     2    1.27   10.96   15.59  377.58 ^ extendedResult\\ALU_64_0_64_0_65_unused_CO_X_HAN_CARLSON/_1021_/Y (AO21x1_ASAP7_75t_R)
                                         extendedResult\\ALU_64_0_64_0_65_unused_CO_X_HAN_CARLSON/_0514_ (net)
                 10.97    0.09  377.66 ^ extendedResult\\ALU_64_0_64_0_65_unused_CO_X_HAN_CARLSON/_0654_/A1 (AO221x2_ASAP7_75t_R)
     2    3.15   16.43   28.62  406.29 ^ extendedResult\\ALU_64_0_64_0_65_unused_CO_X_HAN_CARLSON/_0654_/Y (AO221x2_ASAP7_75t_R)
                                         extendedResult\\ALU_64_0_64_0_65_unused_CO_X_HAN_CARLSON/_0212_ (net)
                 16.52    0.66  406.95 ^ extendedResult\\ALU_64_0_64_0_65_unused_CO_X_HAN_CARLSON/_0746_/B1 (AO221x2_ASAP7_75t_R)
     2    3.24   16.76   27.49  434.44 ^ extendedResult\\ALU_64_0_64_0_65_unused_CO_X_HAN_CARLSON/_0746_/Y (AO221x2_ASAP7_75t_R)
                                         extendedResult\\ALU_64_0_64_0_65_unused_CO_X_HAN_CARLSON/_0304_ (net)
                 16.89    0.79  435.23 ^ extendedResult\\ALU_64_0_64_0_65_unused_CO_X_HAN_CARLSON/_0550_/CI (FAx1_ASAP7_75t_R)
     1    0.96   29.27   31.46  466.69 ^ extendedResult\\ALU_64_0_64_0_65_unused_CO_X_HAN_CARLSON/_0550_/SN (FAx1_ASAP7_75t_R)
                                         extendedResult\\ALU_64_0_64_0_65_unused_CO_X_HAN_CARLSON/_0027_ (net)
                 29.27    0.11  466.80 ^ extendedResult\\ALU_64_0_64_0_65_unused_CO_X_HAN_CARLSON/_0967_/A (INVx1_ASAP7_75t_R)
     2    1.32   13.34   10.98  477.78 v extendedResult\\ALU_64_0_64_0_65_unused_CO_X_HAN_CARLSON/_0967_/Y (INVx1_ASAP7_75t_R)
                                         extendedResult[36] (net)
                 13.34    0.00  477.78 v _7095_/D (OR4x1_ASAP7_75t_R)
     1    0.98   11.19   27.76  505.54 v _7095_/Y (OR4x1_ASAP7_75t_R)
                                         _3603_ (net)
                 11.20    0.13  505.67 v _7096_/D (OR4x1_ASAP7_75t_R)
     1    0.83   10.33   26.84  532.51 v _7096_/Y (OR4x1_ASAP7_75t_R)
                                         _3604_ (net)
                 10.33    0.10  532.61 v _7099_/C (OR4x1_ASAP7_75t_R)
     1    1.16   12.27   27.63  560.24 v _7099_/Y (OR4x1_ASAP7_75t_R)
                                         _3607_ (net)
                 12.28    0.24  560.48 v _7114_/B (OR5x1_ASAP7_75t_R)
     3    4.49   33.05   41.30  601.78 v _7114_/Y (OR5x1_ASAP7_75t_R)
                                         _3622_ (net)
                 33.26    1.55  603.33 v place1187/A (BUFx3_ASAP7_75t_R)
     1    1.13    6.28   19.54  622.87 v place1187/Y (BUFx3_ASAP7_75t_R)
                                         net1185 (net)
                  6.28    0.05  622.91 v _7243_/B (NAND2x1_ASAP7_75t_R)
     1    0.70   10.08    6.54  629.46 ^ _7243_/Y (NAND2x1_ASAP7_75t_R)
                                         _3751_ (net)
                 10.08    0.08  629.54 ^ _7244_/A3 (AO32x1_ASAP7_75t_R)
     1    0.88   11.48   18.36  647.90 ^ _7244_/Y (AO32x1_ASAP7_75t_R)
                                         _3752_ (net)
                 11.49    0.13  648.03 ^ _7246_/B1 (AO221x1_ASAP7_75t_R)
     1    0.63    9.37   18.38  666.41 ^ _7246_/Y (AO221x1_ASAP7_75t_R)
                                         _3754_ (net)
                  9.37    0.05  666.46 ^ _tray_size4_2486/D0 (DFFHQNH2V2Xx1_ASAP7_75t_R)
                                666.46   data arrival time

                        300.00  300.00   clock clock (rise edge)
                          0.00  300.00   clock source latency
     1    6.42    0.00    0.00  300.00 ^ clock (in)
                                         clock (net)
                  9.74    3.07  303.07 ^ clkbuf_0_clock/A (BUFx16f_ASAP7_75t_R)
     2    6.63    7.54   14.92  317.99 ^ clkbuf_0_clock/Y (BUFx16f_ASAP7_75t_R)
                                         clknet_0_clock (net)
                  8.18    1.09  319.08 ^ clkbuf_1_1__f_clock/A (BUFx16f_ASAP7_75t_R)
    11   44.17   28.03   20.16  339.23 ^ clkbuf_1_1__f_clock/Y (BUFx16f_ASAP7_75t_R)
                                         clknet_1_1__leaf_clock (net)
                 29.94    3.91  343.14 ^ clkbuf_leaf_15_clock/A (BUFx24_ASAP7_75t_R)
    14   11.54   10.99   24.39  367.53 ^ clkbuf_leaf_15_clock/Y (BUFx24_ASAP7_75t_R)
                                         clknet_leaf_15_clock (net)
                 11.58    1.20  368.72 ^ _tray_size4_2486/CLK (DFFHQNH2V2Xx1_ASAP7_75t_R)
                          3.04  371.76   clock reconvergence pessimism
                         -9.76  362.00   library setup time
                                362.00   data required time
-----------------------------------------------------------------------------
                                362.00   data required time
                               -666.46   data arrival time
-----------------------------------------------------------------------------
                               -304.46   slack (VIOLATED)



==========================================================================
finish report_checks -unconstrained
--------------------------------------------------------------------------
Startpoint: _tray_size4_2507 (rising edge-triggered flip-flop clocked by clock)
Endpoint: _tray_size4_2486 (rising edge-triggered flip-flop clocked by clock)
Path Group: clock
Path Type: max

Fanout     Cap    Slew   Delay    Time   Description
-----------------------------------------------------------------------------
                          0.00    0.00   clock clock (rise edge)
                          0.00    0.00   clock source latency
     1    7.08    0.00    0.00    0.00 ^ clock (in)
                                         clock (net)
                 11.27    3.56    3.56 ^ clkbuf_0_clock/A (BUFx16f_ASAP7_75t_R)
     2    7.95    8.33   15.58   19.14 ^ clkbuf_0_clock/Y (BUFx16f_ASAP7_75t_R)
                                         clknet_0_clock (net)
                  9.18    1.34   20.48 ^ clkbuf_1_1__f_clock/A (BUFx16f_ASAP7_75t_R)
    11   53.25   32.17   21.79   42.27 ^ clkbuf_1_1__f_clock/Y (BUFx16f_ASAP7_75t_R)
                                         clknet_1_1__leaf_clock (net)
                 35.03    5.04   47.31 ^ clkbuf_leaf_14_clock/A (BUFx24_ASAP7_75t_R)
    15   11.92   11.37   25.72   73.04 ^ clkbuf_leaf_14_clock/Y (BUFx24_ASAP7_75t_R)
                                         clknet_leaf_14_clock (net)
                 11.70    0.90   73.94 ^ _tray_size4_2507/CLK (DFFHQNH2V2Xx1_ASAP7_75t_R)
     1    0.78   18.91   48.14  122.08 v _tray_size4_2507/QN2 (DFFHQNH2V2Xx1_ASAP7_75t_R)
                                         _0009_ (net)
                 18.91    0.06  122.15 v rebuffer2242/A (BUFx3_ASAP7_75t_R)
     5    4.21   10.86   19.29  141.43 v rebuffer2242/Y (BUFx3_ASAP7_75t_R)
                                         net2240 (net)
                 10.88    0.27  141.71 v _5703_/B (NAND2x1_ASAP7_75t_R)
     1    0.79   14.90    8.20  149.91 ^ _5703_/Y (NAND2x1_ASAP7_75t_R)
                                         _2211_ (net)
                 14.90    0.08  149.99 ^ _5707_/B (AND4x1_ASAP7_75t_R)
     1    1.13   13.16   23.83  173.82 ^ _5707_/Y (AND4x1_ASAP7_75t_R)
                                         _2215_ (net)
                 13.16    0.04  173.86 ^ _5710_/A (OR2x6_ASAP7_75t_R)
     6   10.28   15.06   21.59  195.45 ^ _5710_/Y (OR2x6_ASAP7_75t_R)
                                         _2218_ (net)
                 15.06    0.00  195.45 ^ place1765/A (BUFx12f_ASAP7_75t_R)
     5    6.01    7.49   14.45  209.90 ^ place1765/Y (BUFx12f_ASAP7_75t_R)
                                         net1763 (net)
                  7.63    0.54  210.44 ^ rebuffer2598/A (BUFx6f_ASAP7_75t_R)
     2    3.17    6.73   12.00  222.44 ^ rebuffer2598/Y (BUFx6f_ASAP7_75t_R)
                                         net2597 (net)
                  6.79    0.35  222.79 ^ _5733_/B (XNOR2x2_ASAP7_75t_R)
     1    1.08    8.43   24.33  247.12 v _5733_/Y (XNOR2x2_ASAP7_75t_R)
                                         _2241_ (net)
                  8.43    0.00  247.12 v extendedResult\\ALU_64_0_64_0_65_unused_CO_X_HAN_CARLSON/_1004_/B (XOR2x2_ASAP7_75t_R)
     2    2.21   10.61   20.89  268.01 v extendedResult\\ALU_64_0_64_0_65_unused_CO_X_HAN_CARLSON/_1004_/Y (XOR2x2_ASAP7_75t_R)
                                         extendedResult\\ALU_64_0_64_0_65_unused_CO_X_HAN_CARLSON/_0497_ (net)
                 10.62    0.21  268.22 v extendedResult\\ALU_64_0_64_0_65_unused_CO_X_HAN_CARLSON/_0625_/B (HAxp5_ASAP7_75t_R)
     2    1.80   33.73   32.64  300.86 v extendedResult\\ALU_64_0_64_0_65_unused_CO_X_HAN_CARLSON/_0625_/SN (HAxp5_ASAP7_75t_R)
                                         extendedResult\\ALU_64_0_64_0_65_unused_CO_X_HAN_CARLSON/_0177_ (net)
                 33.73    0.15  301.01 v extendedResult\\ALU_64_0_64_0_65_unused_CO_X_HAN_CARLSON/place1353/A (BUFx3_ASAP7_75t_R)
     2    1.85    7.62   20.42  321.42 v extendedResult\\ALU_64_0_64_0_65_unused_CO_X_HAN_CARLSON/place1353/Y (BUFx3_ASAP7_75t_R)
                                         extendedResult\\ALU_64_0_64_0_65_unused_CO_X_HAN_CARLSON/net1351 (net)
                  7.66    0.28  321.70 v extendedResult\\ALU_64_0_64_0_65_unused_CO_X_HAN_CARLSON/_1020_/B (OR4x1_ASAP7_75t_R)
     3    2.64   20.05   30.93  352.63 v extendedResult\\ALU_64_0_64_0_65_unused_CO_X_HAN_CARLSON/_1020_/Y (OR4x1_ASAP7_75t_R)
                                         extendedResult\\ALU_64_0_64_0_65_unused_CO_X_HAN_CARLSON/_0513_ (net)
                 20.06    0.19  352.82 v extendedResult\\ALU_64_0_64_0_65_unused_CO_X_HAN_CARLSON/_1019_/A (INVx1_ASAP7_75t_R)
     1    0.83   10.58    9.09  361.91 ^ extendedResult\\ALU_64_0_64_0_65_unused_CO_X_HAN_CARLSON/_1019_/Y (INVx1_ASAP7_75t_R)
                                         extendedResult\\ALU_64_0_64_0_65_unused_CO_X_HAN_CARLSON/_0512_ (net)
                 10.58    0.07  361.99 ^ extendedResult\\ALU_64_0_64_0_65_unused_CO_X_HAN_CARLSON/_1021_/A2 (AO21x1_ASAP7_75t_R)
     2    1.27   10.96   15.59  377.58 ^ extendedResult\\ALU_64_0_64_0_65_unused_CO_X_HAN_CARLSON/_1021_/Y (AO21x1_ASAP7_75t_R)
                                         extendedResult\\ALU_64_0_64_0_65_unused_CO_X_HAN_CARLSON/_0514_ (net)
                 10.97    0.09  377.66 ^ extendedResult\\ALU_64_0_64_0_65_unused_CO_X_HAN_CARLSON/_0654_/A1 (AO221x2_ASAP7_75t_R)
     2    3.15   16.43   28.62  406.29 ^ extendedResult\\ALU_64_0_64_0_65_unused_CO_X_HAN_CARLSON/_0654_/Y (AO221x2_ASAP7_75t_R)
                                         extendedResult\\ALU_64_0_64_0_65_unused_CO_X_HAN_CARLSON/_0212_ (net)
                 16.52    0.66  406.95 ^ extendedResult\\ALU_64_0_64_0_65_unused_CO_X_HAN_CARLSON/_0746_/B1 (AO221x2_ASAP7_75t_R)
     2    3.24   16.76   27.49  434.44 ^ extendedResult\\ALU_64_0_64_0_65_unused_CO_X_HAN_CARLSON/_0746_/Y (AO221x2_ASAP7_75t_R)
                                         extendedResult\\ALU_64_0_64_0_65_unused_CO_X_HAN_CARLSON/_0304_ (net)
                 16.89    0.79  435.23 ^ extendedResult\\ALU_64_0_64_0_65_unused_CO_X_HAN_CARLSON/_0550_/CI (FAx1_ASAP7_75t_R)
     1    0.96   29.27   31.46  466.69 ^ extendedResult\\ALU_64_0_64_0_65_unused_CO_X_HAN_CARLSON/_0550_/SN (FAx1_ASAP7_75t_R)
                                         extendedResult\\ALU_64_0_64_0_65_unused_CO_X_HAN_CARLSON/_0027_ (net)
                 29.27    0.11  466.80 ^ extendedResult\\ALU_64_0_64_0_65_unused_CO_X_HAN_CARLSON/_0967_/A (INVx1_ASAP7_75t_R)
     2    1.32   13.34   10.98  477.78 v extendedResult\\ALU_64_0_64_0_65_unused_CO_X_HAN_CARLSON/_0967_/Y (INVx1_ASAP7_75t_R)
                                         extendedResult[36] (net)
                 13.34    0.00  477.78 v _7095_/D (OR4x1_ASAP7_75t_R)
     1    0.98   11.19   27.76  505.54 v _7095_/Y (OR4x1_ASAP7_75t_R)
                                         _3603_ (net)
                 11.20    0.13  505.67 v _7096_/D (OR4x1_ASAP7_75t_R)
     1    0.83   10.33   26.84  532.51 v _7096_/Y (OR4x1_ASAP7_75t_R)
                                         _3604_ (net)
                 10.33    0.10  532.61 v _7099_/C (OR4x1_ASAP7_75t_R)
     1    1.16   12.27   27.63  560.24 v _7099_/Y (OR4x1_ASAP7_75t_R)
                                         _3607_ (net)
                 12.28    0.24  560.48 v _7114_/B (OR5x1_ASAP7_75t_R)
     3    4.49   33.05   41.30  601.78 v _7114_/Y (OR5x1_ASAP7_75t_R)
                                         _3622_ (net)
                 33.26    1.55  603.33 v place1187/A (BUFx3_ASAP7_75t_R)
     1    1.13    6.28   19.54  622.87 v place1187/Y (BUFx3_ASAP7_75t_R)
                                         net1185 (net)
                  6.28    0.05  622.91 v _7243_/B (NAND2x1_ASAP7_75t_R)
     1    0.70   10.08    6.54  629.46 ^ _7243_/Y (NAND2x1_ASAP7_75t_R)
                                         _3751_ (net)
                 10.08    0.08  629.54 ^ _7244_/A3 (AO32x1_ASAP7_75t_R)
     1    0.88   11.48   18.36  647.90 ^ _7244_/Y (AO32x1_ASAP7_75t_R)
                                         _3752_ (net)
                 11.49    0.13  648.03 ^ _7246_/B1 (AO221x1_ASAP7_75t_R)
     1    0.63    9.37   18.38  666.41 ^ _7246_/Y (AO221x1_ASAP7_75t_R)
                                         _3754_ (net)
                  9.37    0.05  666.46 ^ _tray_size4_2486/D0 (DFFHQNH2V2Xx1_ASAP7_75t_R)
                                666.46   data arrival time

                        300.00  300.00   clock clock (rise edge)
                          0.00  300.00   clock source latency
     1    6.42    0.00    0.00  300.00 ^ clock (in)
                                         clock (net)
                  9.74    3.07  303.07 ^ clkbuf_0_clock/A (BUFx16f_ASAP7_75t_R)
     2    6.63    7.54   14.92  317.99 ^ clkbuf_0_clock/Y (BUFx16f_ASAP7_75t_R)
                                         clknet_0_clock (net)
                  8.18    1.09  319.08 ^ clkbuf_1_1__f_clock/A (BUFx16f_ASAP7_75t_R)
    11   44.17   28.03   20.16  339.23 ^ clkbuf_1_1__f_clock/Y (BUFx16f_ASAP7_75t_R)
                                         clknet_1_1__leaf_clock (net)
                 29.94    3.91  343.14 ^ clkbuf_leaf_15_clock/A (BUFx24_ASAP7_75t_R)
    14   11.54   10.99   24.39  367.53 ^ clkbuf_leaf_15_clock/Y (BUFx24_ASAP7_75t_R)
                                         clknet_leaf_15_clock (net)
                 11.58    1.20  368.72 ^ _tray_size4_2486/CLK (DFFHQNH2V2Xx1_ASAP7_75t_R)
                          3.04  371.76   clock reconvergence pessimism
                         -9.76  362.00   library setup time
                                362.00   data required time
-----------------------------------------------------------------------------
                                362.00   data required time
                               -666.46   data arrival time
-----------------------------------------------------------------------------
                               -304.46   slack (VIOLATED)



==========================================================================
finish report_check_types -max_slew -max_cap -max_fanout -violators
--------------------------------------------------------------------------

==========================================================================
finish max_slew_check_slack
--------------------------------------------------------------------------
35.72506332397461

==========================================================================
finish max_slew_check_limit
--------------------------------------------------------------------------
320.0

==========================================================================
finish max_slew_check_slack_limit
--------------------------------------------------------------------------
0.1116

==========================================================================
finish max_fanout_check_slack
--------------------------------------------------------------------------
1.0000000150474662e+30

==========================================================================
finish max_fanout_check_limit
--------------------------------------------------------------------------
1.0000000150474662e+30

==========================================================================
finish max_capacitance_check_slack
--------------------------------------------------------------------------
16.4481143951416

==========================================================================
finish max_capacitance_check_limit
--------------------------------------------------------------------------
23.040000915527344

==========================================================================
finish max_capacitance_check_slack_limit
--------------------------------------------------------------------------
0.7139

==========================================================================
finish max_slew_violation_count
--------------------------------------------------------------------------
max slew violation count 0

==========================================================================
finish max_fanout_violation_count
--------------------------------------------------------------------------
max fanout violation count 0

==========================================================================
finish max_cap_violation_count
--------------------------------------------------------------------------
max cap violation count 0

==========================================================================
finish setup_violation_count
--------------------------------------------------------------------------
setup violation count 463

==========================================================================
finish hold_violation_count
--------------------------------------------------------------------------
hold violation count 0

==========================================================================
finish report_checks -path_delay max reg to reg
--------------------------------------------------------------------------
Startpoint: _tray_size4_2507 (rising edge-triggered flip-flop clocked by clock)
Endpoint: _tray_size4_2486 (rising edge-triggered flip-flop clocked by clock)
Path Group: clock
Path Type: max

  Delay    Time   Description
---------------------------------------------------------
   0.00    0.00   clock clock (rise edge)
   0.00    0.00   clock source latency
   0.00    0.00 ^ clock (in)
  19.14   19.14 ^ clkbuf_0_clock/Y (BUFx16f_ASAP7_75t_R)
  23.13   42.27 ^ clkbuf_1_1__f_clock/Y (BUFx16f_ASAP7_75t_R)
  30.76   73.04 ^ clkbuf_leaf_14_clock/Y (BUFx24_ASAP7_75t_R)
   0.90   73.94 ^ _tray_size4_2507/CLK (DFFHQNH2V2Xx1_ASAP7_75t_R)
  48.14  122.08 v _tray_size4_2507/QN2 (DFFHQNH2V2Xx1_ASAP7_75t_R)
  19.35  141.43 v rebuffer2242/Y (BUFx3_ASAP7_75t_R)
   8.47  149.91 ^ _5703_/Y (NAND2x1_ASAP7_75t_R)
  23.91  173.82 ^ _5707_/Y (AND4x1_ASAP7_75t_R)
  21.64  195.45 ^ _5710_/Y (OR2x6_ASAP7_75t_R)
  14.45  209.90 ^ place1765/Y (BUFx12f_ASAP7_75t_R)
  12.54  222.44 ^ rebuffer2598/Y (BUFx6f_ASAP7_75t_R)
  24.68  247.12 v _5733_/Y (XNOR2x2_ASAP7_75t_R)
  20.89  268.01 v extendedResult\\ALU_64_0_64_0_65_unused_CO_X_HAN_CARLSON/_1004_/Y (XOR2x2_ASAP7_75t_R)
  32.85  300.86 v extendedResult\\ALU_64_0_64_0_65_unused_CO_X_HAN_CARLSON/_0625_/SN (HAxp5_ASAP7_75t_R)
  20.56  321.42 v extendedResult\\ALU_64_0_64_0_65_unused_CO_X_HAN_CARLSON/place1353/Y (BUFx3_ASAP7_75t_R)
  31.21  352.63 v extendedResult\\ALU_64_0_64_0_65_unused_CO_X_HAN_CARLSON/_1020_/Y (OR4x1_ASAP7_75t_R)
   9.28  361.91 ^ extendedResult\\ALU_64_0_64_0_65_unused_CO_X_HAN_CARLSON/_1019_/Y (INVx1_ASAP7_75t_R)
  15.66  377.58 ^ extendedResult\\ALU_64_0_64_0_65_unused_CO_X_HAN_CARLSON/_1021_/Y (AO21x1_ASAP7_75t_R)
  28.71  406.29 ^ extendedResult\\ALU_64_0_64_0_65_unused_CO_X_HAN_CARLSON/_0654_/Y (AO221x2_ASAP7_75t_R)
  28.16  434.44 ^ extendedResult\\ALU_64_0_64_0_65_unused_CO_X_HAN_CARLSON/_0746_/Y (AO221x2_ASAP7_75t_R)
  32.25  466.69 ^ extendedResult\\ALU_64_0_64_0_65_unused_CO_X_HAN_CARLSON/_0550_/SN (FAx1_ASAP7_75t_R)
  11.09  477.78 v extendedResult\\ALU_64_0_64_0_65_unused_CO_X_HAN_CARLSON/_0967_/Y (INVx1_ASAP7_75t_R)
  27.76  505.54 v _7095_/Y (OR4x1_ASAP7_75t_R)
  26.98  532.51 v _7096_/Y (OR4x1_ASAP7_75t_R)
  27.72  560.24 v _7099_/Y (OR4x1_ASAP7_75t_R)
  41.55  601.78 v _7114_/Y (OR5x1_ASAP7_75t_R)
  21.08  622.87 v place1187/Y (BUFx3_ASAP7_75t_R)
   6.59  629.46 ^ _7243_/Y (NAND2x1_ASAP7_75t_R)
  18.44  647.90 ^ _7244_/Y (AO32x1_ASAP7_75t_R)
  18.52  666.41 ^ _7246_/Y (AO221x1_ASAP7_75t_R)
   0.05  666.46 ^ _tray_size4_2486/D0 (DFFHQNH2V2Xx1_ASAP7_75t_R)
         666.46   data arrival time

 300.00  300.00   clock clock (rise edge)
   0.00  300.00   clock source latency
   0.00  300.00 ^ clock (in)
  17.99  317.99 ^ clkbuf_0_clock/Y (BUFx16f_ASAP7_75t_R)
  21.24  339.23 ^ clkbuf_1_1__f_clock/Y (BUFx16f_ASAP7_75t_R)
  28.29  367.53 ^ clkbuf_leaf_15_clock/Y (BUFx24_ASAP7_75t_R)
   1.20  368.72 ^ _tray_size4_2486/CLK (DFFHQNH2V2Xx1_ASAP7_75t_R)
   3.04  371.76   clock reconvergence pessimism
  -9.76  362.00   library setup time
         362.00   data required time
---------------------------------------------------------
         362.00   data required time
        -666.46   data arrival time
---------------------------------------------------------
        -304.46   slack (VIOLATED)



==========================================================================
finish report_checks -path_delay min reg to reg
--------------------------------------------------------------------------
Startpoint: _tray_size4_2478 (rising edge-triggered flip-flop clocked by clock)
Endpoint: _tray_size4_2478 (rising edge-triggered flip-flop clocked by clock)
Path Group: clock
Path Type: min

  Delay    Time   Description
---------------------------------------------------------
   0.00    0.00   clock clock (rise edge)
   0.00    0.00   clock source latency
   0.00    0.00 ^ clock (in)
  17.99   17.99 ^ clkbuf_0_clock/Y (BUFx16f_ASAP7_75t_R)
  21.24   39.23 ^ clkbuf_1_1__f_clock/Y (BUFx16f_ASAP7_75t_R)
  28.29   67.53 ^ clkbuf_leaf_15_clock/Y (BUFx24_ASAP7_75t_R)
   1.58   69.11 ^ _tray_size4_2478/CLK (DFFHQNH2V2Xx1_ASAP7_75t_R)
  49.37  118.48 ^ _tray_size4_2478/QN2 (DFFHQNH2V2Xx1_ASAP7_75t_R)
   6.38  124.85 v _5514_/Y (INVx1_ASAP7_75t_R)
   0.04  124.89 v _tray_size4_2478/D0 (DFFHQNH2V2Xx1_ASAP7_75t_R)
         124.89   data arrival time

   0.00    0.00   clock clock (rise edge)
   0.00    0.00   clock source latency
   0.00    0.00 ^ clock (in)
  19.14   19.14 ^ clkbuf_0_clock/Y (BUFx16f_ASAP7_75t_R)
  23.13   42.27 ^ clkbuf_1_1__f_clock/Y (BUFx16f_ASAP7_75t_R)
  30.55   72.82 ^ clkbuf_leaf_15_clock/Y (BUFx24_ASAP7_75t_R)
   1.89   74.71 ^ _tray_size4_2478/CLK (DFFHQNH2V2Xx1_ASAP7_75t_R)
  -5.60   69.11   clock reconvergence pessimism
  13.14   82.25   library hold time
          82.25   data required time
---------------------------------------------------------
          82.25   data required time
        -124.89   data arrival time
---------------------------------------------------------
          42.64   slack (MET)



==========================================================================
finish critical path target clock latency max path
--------------------------------------------------------------------------
69.1025

==========================================================================
finish critical path target clock latency min path
--------------------------------------------------------------------------
79.5891

==========================================================================
finish critical path source clock latency min path
--------------------------------------------------------------------------
0.0000

==========================================================================
finish critical path delay
--------------------------------------------------------------------------
666.4622

==========================================================================
finish critical path slack
--------------------------------------------------------------------------
-304.4610

==========================================================================
finish slack div critical path delay
--------------------------------------------------------------------------
-45.683161

==========================================================================
finish report_power
--------------------------------------------------------------------------
Group                  Internal  Switching    Leakage      Total
                          Power      Power      Power      Power (Watts)
----------------------------------------------------------------
Sequential             7.45e-03   4.05e-04   1.73e-07   7.86e-03  15.2%
Combinational          1.66e-02   2.50e-02   7.82e-07   4.16e-02  80.3%
Clock                  1.47e-03   8.45e-04   1.55e-08   2.32e-03   4.5%
Macro                  0.00e+00   0.00e+00   0.00e+00   0.00e+00   0.0%
Pad                    0.00e+00   0.00e+00   0.00e+00   0.00e+00   0.0%
----------------------------------------------------------------
Total                  2.55e-02   2.62e-02   9.70e-07   5.18e-02 100.0%
                          49.3%      50.7%       0.0%
