OpenROAD 206ac68d3d40c3348b7d5dd95efee7cae4c2eb83 
Features included (+) or not (-): +GPU +GUI +Python
This program is licensed under the BSD-3 license. See the LICENSE file for details.
Components of this program may be licensed under more restrictive licenses which must be honored.
[INFO ORD-0030] Using 32 thread(s).
source /home/lucast/workspace/OR-flow-TCC/flow/platforms/asap7/liberty_suppressions.tcl
read_liberty /home/lucast/workspace/OR-flow-TCC/flow/platforms/asap7/lib/NLDM/asap7sc7p5t_AO_RVT_FF_nldm_211120.lib.gz
read_liberty /home/lucast/workspace/OR-flow-TCC/flow/platforms/asap7/lib/NLDM/asap7sc7p5t_INVBUF_RVT_FF_nldm_220122.lib.gz
read_liberty /home/lucast/workspace/OR-flow-TCC/flow/platforms/asap7/lib/NLDM/asap7sc7p5t_OA_RVT_FF_nldm_211120.lib.gz
read_liberty /home/lucast/workspace/OR-flow-TCC/flow/platforms/asap7/lib/NLDM/asap7sc7p5t_SIMPLE_RVT_FF_nldm_211120.lib.gz
read_liberty /home/lucast/workspace/OR-flow-TCC/flow/platforms/asap7/lib/NLDM/asap7sc7p5t_SEQ_RVT_FF_nldm_220123.lib
read_liberty /home/lucast/workspace/OR-flow-TCC/flow/platforms/asap7/lib/NLDM/asap7sc7p5t_DFFHQNH2V2X_RVT_TT_nldm_FAKE.lib
read_liberty /home/lucast/workspace/OR-flow-TCC/flow/platforms/asap7/lib/NLDM/asap7sc7p5t_DFFHQNV2X_RVT_TT_nldm_FAKE.lib
read_db -hier ./results/asap7/mock-alu/modified_mcf_lp_alpha_8-beta_0.1-run5/5_1_grt.odb
[WARNING ORD-0012] Hierarchical flow (-hier) is currently in development and may cause multiple issues. Do not use in production environments.
source /home/lucast/workspace/OR-flow-TCC/flow/platforms/asap7/setRC.tcl
[INFO ORD-0030] Using 16 thread(s).
detailed_route -output_drc ./reports/asap7/mock-alu/modified_mcf_lp_alpha_8-beta_0.1-run5/5_route_drc.rpt -output_maze ./results/asap7/mock-alu/modified_mcf_lp_alpha_8-beta_0.1-run5/maze.log -droute_end_iter 64 -verbose 1 -drc_report_iter_step 5
[INFO DRT-0149] Reading tech and libs.

Units:                1000
Number of layers:     21
Number of macros:     230
Number of vias:       14
Number of viarulegen: 11

[INFO DRT-0150] Reading design.

Design:                   MockAlu
Die area:                 ( 0 0 ) ( 57354 57354 )
Number of track patterns: 32
Number of DEF vias:       0
Number of components:     12334
Number of terminals:      202
Number of snets:          2
Number of nets:           14155

[INFO DRT-0167] List of default vias:
  Layer V2
    default via: VIA23
  Layer V3
    default via: VIA34
  Layer V4
    default via: VIA45
  Layer V5
    default via: VIA56
  Layer V6
    default via: VIA67
  Layer V7
    default via: VIA78
  Layer V8
    default via: VIA89
  Layer V9
    default via: VIA9Pad
[INFO DRT-0162] Library cell analysis.
[INFO DRT-0163] Instance analysis.
[INFO DRT-0164] Number of unique instances = 224.
[INFO DRT-0168] Init region query.
[INFO DRT-0024]   Complete Active.
[INFO DRT-0024]   Complete V0.
[INFO DRT-0024]   Complete M1.
[INFO DRT-0024]   Complete V1.
[INFO DRT-0024]   Complete M2.
[INFO DRT-0024]   Complete V2.
[INFO DRT-0024]   Complete M3.
[INFO DRT-0024]   Complete V3.
[INFO DRT-0024]   Complete M4.
[INFO DRT-0024]   Complete V4.
[INFO DRT-0024]   Complete M5.
[INFO DRT-0024]   Complete V5.
[INFO DRT-0024]   Complete M6.
[INFO DRT-0024]   Complete V6.
[INFO DRT-0024]   Complete M7.
[INFO DRT-0024]   Complete V7.
[INFO DRT-0024]   Complete M8.
[INFO DRT-0024]   Complete V8.
[INFO DRT-0024]   Complete M9.
[INFO DRT-0024]   Complete V9.
[INFO DRT-0024]   Complete Pad.
[INFO DRT-0033] Active shape region query size = 0.
[INFO DRT-0033] V0 shape region query size = 0.
[INFO DRT-0033] M1 shape region query size = 240738.
[INFO DRT-0033] V1 shape region query size = 322290.
[INFO DRT-0033] M2 shape region query size = 13445.
[INFO DRT-0033] V2 shape region query size = 6630.
[INFO DRT-0033] M3 shape region query size = 6285.
[INFO DRT-0033] V3 shape region query size = 3960.
[INFO DRT-0033] M4 shape region query size = 4088.
[INFO DRT-0033] V4 shape region query size = 3960.
[INFO DRT-0033] M5 shape region query size = 2272.
[INFO DRT-0033] V5 shape region query size = 400.
[INFO DRT-0033] M6 shape region query size = 240.
[INFO DRT-0033] V6 shape region query size = 0.
[INFO DRT-0033] M7 shape region query size = 0.
[INFO DRT-0033] V7 shape region query size = 0.
[INFO DRT-0033] M8 shape region query size = 0.
[INFO DRT-0033] V8 shape region query size = 0.
[INFO DRT-0033] M9 shape region query size = 0.
[INFO DRT-0033] V9 shape region query size = 0.
[INFO DRT-0033] Pad shape region query size = 0.
[INFO DRT-0165] Start pin access.
[INFO DRT-0076]   Complete 1000 pins.
[INFO DRT-0078]   Complete 1288 pins.
[INFO DRT-0079]   Complete 100 unique inst patterns.
[INFO DRT-0079]   Complete 200 unique inst patterns.
[INFO DRT-0081]   Complete 224 unique inst patterns.
[INFO DRT-0084]   Complete 6193 groups.
#scanned instances     = 12334
#unique  instances     = 224
#stdCellGenAp          = 7375
#stdCellValidPlanarAp  = 84
#stdCellValidViaAp     = 5688
#stdCellPinNoAp        = 0
#stdCellPinCnt         = 38741
#instTermValidViaApCnt = 0
#macroGenAp            = 0
#macroValidPlanarAp    = 0
#macroValidViaAp       = 0
#macroNoAp             = 0
[INFO DRT-0166] Complete pin access.
[INFO DRT-0267] cpu time = 00:06:19, elapsed time = 00:00:26, memory = 409.79 (MB), peak = 405.47 (MB)
[INFO DRT-0156] guideIn read 100000 guides.

[INFO DRT-0157] Number of guides:     103927

[INFO DRT-0169] Post process guides.
[INFO DRT-0176] GCELLGRID X 0 DO 100 STEP 570 ;
[INFO DRT-0177] GCELLGRID Y 0 DO 100 STEP 570 ;
[INFO DRT-0026]   Complete 100000 origin guides.
[INFO DRT-0028]   Complete Active.
[INFO DRT-0028]   Complete V0.
[INFO DRT-0028]   Complete M1.
[INFO DRT-0028]   Complete V1.
[INFO DRT-0028]   Complete M2.
[INFO DRT-0028]   Complete V2.
[INFO DRT-0028]   Complete M3.
[INFO DRT-0028]   Complete V3.
[INFO DRT-0028]   Complete M4.
[INFO DRT-0028]   Complete V4.
[INFO DRT-0028]   Complete M5.
[INFO DRT-0028]   Complete V5.
[INFO DRT-0028]   Complete M6.
[INFO DRT-0028]   Complete V6.
[INFO DRT-0028]   Complete M7.
[INFO DRT-0028]   Complete V7.
[INFO DRT-0028]   Complete M8.
[INFO DRT-0028]   Complete V8.
[INFO DRT-0028]   Complete M9.
[INFO DRT-0028]   Complete V9.
[INFO DRT-0028]   Complete Pad.
[INFO DRT-0178] Init guide query.
[INFO DRT-0035]   Complete Active (guide).
[INFO DRT-0035]   Complete V0 (guide).
[INFO DRT-0035]   Complete M1 (guide).
[INFO DRT-0035]   Complete V1 (guide).
[INFO DRT-0035]   Complete M2 (guide).
[INFO DRT-0035]   Complete V2 (guide).
[INFO DRT-0035]   Complete M3 (guide).
[INFO DRT-0035]   Complete V3 (guide).
[INFO DRT-0035]   Complete M4 (guide).
[INFO DRT-0035]   Complete V4 (guide).
[INFO DRT-0035]   Complete M5 (guide).
[INFO DRT-0035]   Complete V5 (guide).
[INFO DRT-0035]   Complete M6 (guide).
[INFO DRT-0035]   Complete V6 (guide).
[INFO DRT-0035]   Complete M7 (guide).
[INFO DRT-0035]   Complete V7 (guide).
[INFO DRT-0035]   Complete M8 (guide).
[INFO DRT-0035]   Complete V8 (guide).
[INFO DRT-0035]   Complete M9 (guide).
[INFO DRT-0035]   Complete V9 (guide).
[INFO DRT-0035]   Complete Pad (guide).
[INFO DRT-0036] Active guide region query size = 0.
[INFO DRT-0036] V0 guide region query size = 0.
[INFO DRT-0036] M1 guide region query size = 29909.
[INFO DRT-0036] V1 guide region query size = 0.
[INFO DRT-0036] M2 guide region query size = 30707.
[INFO DRT-0036] V2 guide region query size = 0.
[INFO DRT-0036] M3 guide region query size = 16633.
[INFO DRT-0036] V3 guide region query size = 0.
[INFO DRT-0036] M4 guide region query size = 2318.
[INFO DRT-0036] V4 guide region query size = 0.
[INFO DRT-0036] M5 guide region query size = 588.
[INFO DRT-0036] V5 guide region query size = 0.
[INFO DRT-0036] M6 guide region query size = 63.
[INFO DRT-0036] V6 guide region query size = 0.
[INFO DRT-0036] M7 guide region query size = 22.
[INFO DRT-0036] V7 guide region query size = 0.
[INFO DRT-0036] M8 guide region query size = 0.
[INFO DRT-0036] V8 guide region query size = 0.
[INFO DRT-0036] M9 guide region query size = 0.
[INFO DRT-0036] V9 guide region query size = 0.
[INFO DRT-0036] Pad guide region query size = 0.
[INFO DRT-0179] Init gr pin query.
[INFO DRT-0267] cpu time = 00:00:00, elapsed time = 00:00:00, memory = 439.37 (MB), peak = 435.47 (MB)
[INFO DRT-0245] skipped writing guide updates to database.
[INFO DRT-0185] Post process initialize RPin region query.
[INFO DRT-0181] Start track assignment.
[INFO DRT-0184] Done with 47152 vertical wires in 2 frboxes and 33088 horizontal wires in 2 frboxes.
[INFO DRT-0186] Done with 7277 vertical wires in 2 frboxes and 9679 horizontal wires in 2 frboxes.
[INFO DRT-0182] Complete track assignment.
[INFO DRT-0267] cpu time = 00:00:03, elapsed time = 00:00:01, memory = 705.08 (MB), peak = 701.22 (MB)
[INFO DRT-0187] Start routing data preparation.
[INFO DRT-0267] cpu time = 00:00:00, elapsed time = 00:00:00, memory = 705.14 (MB), peak = 701.22 (MB)
[INFO DRT-0194] Start detail routing.
[INFO DRT-0195] Start 0th optimization iteration.
    Completing 10% with 0 violations.
    elapsed time = 00:00:02, memory = 3958.52 (MB).
    Completing 20% with 0 violations.
    elapsed time = 00:00:03, memory = 4567.79 (MB).
    Completing 30% with 546 violations.
    elapsed time = 00:00:06, memory = 4662.00 (MB).
    Completing 40% with 546 violations.
    elapsed time = 00:00:09, memory = 5099.42 (MB).
    Completing 50% with 546 violations.
    elapsed time = 00:00:10, memory = 4007.46 (MB).
    Completing 60% with 1097 violations.
    elapsed time = 00:00:15, memory = 5657.29 (MB).
    Completing 70% with 1097 violations.
    elapsed time = 00:00:18, memory = 5893.32 (MB).
    Completing 80% with 1604 violations.
    elapsed time = 00:00:22, memory = 6164.31 (MB).
    Completing 90% with 1604 violations.
    elapsed time = 00:00:27, memory = 6523.88 (MB).
    Completing 100% with 2143 violations.
    elapsed time = 00:00:30, memory = 3530.62 (MB).
[INFO DRT-0199]   Number of violations = 2597.
Viol/Layer          M1     M2     V2     M3     V3     M4     V4     M5     V5
CutSpcTbl            0      0      0      0     16      0      5      0      1
EOL                  0    142      0     35      0      7      0      0      0
Metal Spacing      404     63      0    176      0      4      0      3      0
Recheck              0    258      0    163      0     28      0      5      0
Rect Only            0      4      0      0      0      0      0      0      0
Short              131    178      3     48      2      6      1      8      0
eolKeepOut           0    759      0    113      0     31      0      3      0
[INFO DRT-0267] cpu time = 00:06:05, elapsed time = 00:00:30, memory = 3890.82 (MB), peak = 6767.34 (MB)
Total wire length = 49130 um.
Total wire length on LAYER M1 = 0 um.
Total wire length on LAYER M2 = 12104 um.
Total wire length on LAYER M3 = 22928 um.
Total wire length on LAYER M4 = 10178 um.
Total wire length on LAYER M5 = 3497 um.
Total wire length on LAYER M6 = 230 um.
Total wire length on LAYER M7 = 190 um.
Total wire length on LAYER M8 = 0 um.
Total wire length on LAYER M9 = 0 um.
Total wire length on LAYER Pad = 0 um.
Total number of vias = 111600.
Up-via summary (total 111600):

-----------------
 Active         0
     M1     33235
     M2     61813
     M3     14562
     M4      1834
     M5       115
     M6        41
     M7         0
     M8         0
     M9         0
-----------------
       111600


[INFO DRT-0195] Start 1st optimization iteration.
    Completing 10% with 2597 violations.
    elapsed time = 00:00:02, memory = 6972.47 (MB).
    Completing 20% with 2597 violations.
    elapsed time = 00:00:06, memory = 6860.31 (MB).
    Completing 30% with 1964 violations.
    elapsed time = 00:00:09, memory = 6225.12 (MB).
    Completing 40% with 1964 violations.
    elapsed time = 00:00:13, memory = 6955.32 (MB).
    Completing 50% with 1964 violations.
    elapsed time = 00:00:15, memory = 5367.59 (MB).
    Completing 60% with 1401 violations.
    elapsed time = 00:00:20, memory = 6980.61 (MB).
    Completing 70% with 1401 violations.
    elapsed time = 00:00:23, memory = 6867.25 (MB).
    Completing 80% with 900 violations.
    elapsed time = 00:00:27, memory = 6694.55 (MB).
    Completing 90% with 900 violations.
    elapsed time = 00:00:31, memory = 7095.38 (MB).
    Completing 100% with 431 violations.
    elapsed time = 00:00:35, memory = 3794.52 (MB).
[INFO DRT-0199]   Number of violations = 481.
Viol/Layer          M1     M2     M3     V3     M4     V4     V5
CutSpcTbl            0      0      0      5      0      1      1
EOL                  0     19      1      0      2      0      0
Metal Spacing      148      6     57      0      0      0      0
Recheck              2     17     25      0      6      0      0
Rect Only            0      0      4      0      0      0      0
Short               48     12     14      0      2      0      0
eolKeepOut           0     93      7      0     11      0      0
[INFO DRT-0267] cpu time = 00:07:18, elapsed time = 00:00:35, memory = 4145.62 (MB), peak = 7385.42 (MB)
Total wire length = 48708 um.
Total wire length on LAYER M1 = 0 um.
Total wire length on LAYER M2 = 11407 um.
Total wire length on LAYER M3 = 22670 um.
Total wire length on LAYER M4 = 10653 um.
Total wire length on LAYER M5 = 3537 um.
Total wire length on LAYER M6 = 247 um.
Total wire length on LAYER M7 = 192 um.
Total wire length on LAYER M8 = 0 um.
Total wire length on LAYER M9 = 0 um.
Total wire length on LAYER Pad = 0 um.
Total number of vias = 108102.
Up-via summary (total 108102):

-----------------
 Active         0
     M1     33213
     M2     58560
     M3     14137
     M4      2011
     M5       138
     M6        43
     M7         0
     M8         0
     M9         0
-----------------
       108102


[INFO DRT-0195] Start 2nd optimization iteration.
    Completing 10% with 481 violations.
    elapsed time = 00:00:00, memory = 4145.62 (MB).
    Completing 20% with 481 violations.
    elapsed time = 00:00:02, memory = 7246.26 (MB).
    Completing 30% with 433 violations.
    elapsed time = 00:00:05, memory = 3792.94 (MB).
    Completing 40% with 433 violations.
    elapsed time = 00:00:08, memory = 7117.58 (MB).
    Completing 50% with 433 violations.
    elapsed time = 00:00:10, memory = 5389.54 (MB).
    Completing 60% with 395 violations.
    elapsed time = 00:00:12, memory = 3792.94 (MB).
    Completing 70% with 395 violations.
    elapsed time = 00:00:15, memory = 7194.92 (MB).
    Completing 80% with 337 violations.
    elapsed time = 00:00:18, memory = 3792.94 (MB).
    Completing 90% with 337 violations.
    elapsed time = 00:00:20, memory = 7166.62 (MB).
    Completing 100% with 292 violations.
    elapsed time = 00:00:24, memory = 3792.94 (MB).
[INFO DRT-0199]   Number of violations = 304.
Viol/Layer          M1     M2     M3     V3     M4     V4
CutSpcTbl            0      0      0      1      0      2
EOL                  0     15      1      0      0      0
Metal Spacing      100      6     39      0      0      0
Recheck              1      4      6      0      1      0
Short               33     12      4      0      2      0
eolKeepOut           0     69      8      0      0      0
[INFO DRT-0267] cpu time = 00:04:30, elapsed time = 00:00:24, memory = 4148.24 (MB), peak = 7502.90 (MB)
Total wire length = 48633 um.
Total wire length on LAYER M1 = 0 um.
Total wire length on LAYER M2 = 11365 um.
Total wire length on LAYER M3 = 22639 um.
Total wire length on LAYER M4 = 10651 um.
Total wire length on LAYER M5 = 3538 um.
Total wire length on LAYER M6 = 246 um.
Total wire length on LAYER M7 = 192 um.
Total wire length on LAYER M8 = 0 um.
Total wire length on LAYER M9 = 0 um.
Total wire length on LAYER Pad = 0 um.
Total number of vias = 107740.
Up-via summary (total 107740):

-----------------
 Active         0
     M1     33213
     M2     58318
     M3     13978
     M4      2048
     M5       138
     M6        45
     M7         0
     M8         0
     M9         0
-----------------
       107740


[INFO DRT-0195] Start 3rd optimization iteration.
    Completing 10% with 304 violations.
    elapsed time = 00:00:00, memory = 4148.24 (MB).
    Completing 20% with 304 violations.
    elapsed time = 00:00:01, memory = 7214.31 (MB).
    Completing 30% with 223 violations.
    elapsed time = 00:00:03, memory = 4148.24 (MB).
    Completing 40% with 223 violations.
    elapsed time = 00:00:03, memory = 4148.24 (MB).
    Completing 50% with 223 violations.
    elapsed time = 00:00:06, memory = 5761.82 (MB).
    Completing 60% with 158 violations.
    elapsed time = 00:00:07, memory = 4148.24 (MB).
    Completing 70% with 158 violations.
    elapsed time = 00:00:08, memory = 7481.12 (MB).
    Completing 80% with 85 violations.
    elapsed time = 00:00:09, memory = 4148.24 (MB).
    Completing 90% with 85 violations.
    elapsed time = 00:00:11, memory = 7423.68 (MB).
    Completing 100% with 12 violations.
    elapsed time = 00:00:12, memory = 4148.24 (MB).
[INFO DRT-0199]   Number of violations = 12.
Viol/Layer          M1     M2     M3
Metal Spacing        6      0      3
Short                2      1      0
[INFO DRT-0267] cpu time = 00:02:14, elapsed time = 00:00:12, memory = 4148.37 (MB), peak = 7502.90 (MB)
Total wire length = 48646 um.
Total wire length on LAYER M1 = 0 um.
Total wire length on LAYER M2 = 11269 um.
Total wire length on LAYER M3 = 22613 um.
Total wire length on LAYER M4 = 10743 um.
Total wire length on LAYER M5 = 3564 um.
Total wire length on LAYER M6 = 260 um.
Total wire length on LAYER M7 = 194 um.
Total wire length on LAYER M8 = 0 um.
Total wire length on LAYER M9 = 0 um.
Total wire length on LAYER Pad = 0 um.
Total number of vias = 107835.
Up-via summary (total 107835):

-----------------
 Active         0
     M1     33213
     M2     58125
     M3     14162
     M4      2130
     M5       158
     M6        47
     M7         0
     M8         0
     M9         0
-----------------
       107835


[INFO DRT-0195] Start 4th guides tiles iteration.
    Completing 10% with 12 violations.
    elapsed time = 00:00:00, memory = 4420.41 (MB).
    Completing 20% with 12 violations.
    elapsed time = 00:00:00, memory = 4291.25 (MB).
    Completing 30% with 12 violations.
    elapsed time = 00:00:00, memory = 4291.25 (MB).
    Completing 40% with 12 violations.
    elapsed time = 00:00:01, memory = 4148.37 (MB).
    Completing 50% with 9 violations.
    elapsed time = 00:00:01, memory = 4148.37 (MB).
    Completing 60% with 9 violations.
    elapsed time = 00:00:01, memory = 4418.55 (MB).
    Completing 70% with 9 violations.
    elapsed time = 00:00:01, memory = 4283.29 (MB).
    Completing 80% with 9 violations.
    elapsed time = 00:00:01, memory = 4148.37 (MB).
    Completing 100% with 4 violations.
    elapsed time = 00:00:01, memory = 4063.31 (MB).
[INFO DRT-0199]   Number of violations = 4.
Viol/Layer          M1
Metal Spacing        3
Short                1
[INFO DRT-0267] cpu time = 00:00:05, elapsed time = 00:00:02, memory = 4148.33 (MB), peak = 7502.90 (MB)
Total wire length = 48646 um.
Total wire length on LAYER M1 = 0 um.
Total wire length on LAYER M2 = 11268 um.
Total wire length on LAYER M3 = 22612 um.
Total wire length on LAYER M4 = 10745 um.
Total wire length on LAYER M5 = 3565 um.
Total wire length on LAYER M6 = 260 um.
Total wire length on LAYER M7 = 194 um.
Total wire length on LAYER M8 = 0 um.
Total wire length on LAYER M9 = 0 um.
Total wire length on LAYER Pad = 0 um.
Total number of vias = 107835.
Up-via summary (total 107835):

-----------------
 Active         0
     M1     33213
     M2     58114
     M3     14171
     M4      2132
     M5       158
     M6        47
     M7         0
     M8         0
     M9         0
-----------------
       107835


[INFO DRT-0195] Start 5th guides tiles iteration.
    Completing 100% with 4 violations.
    elapsed time = 00:00:00, memory = 4148.33 (MB).
[INFO DRT-0199]   Number of violations = 4.
Viol/Layer          M1
Metal Spacing        3
Short                1
[INFO DRT-0267] cpu time = 00:00:00, elapsed time = 00:00:00, memory = 4060.33 (MB), peak = 7502.90 (MB)
Total wire length = 48646 um.
Total wire length on LAYER M1 = 0 um.
Total wire length on LAYER M2 = 11268 um.
Total wire length on LAYER M3 = 22612 um.
Total wire length on LAYER M4 = 10745 um.
Total wire length on LAYER M5 = 3565 um.
Total wire length on LAYER M6 = 260 um.
Total wire length on LAYER M7 = 194 um.
Total wire length on LAYER M8 = 0 um.
Total wire length on LAYER M9 = 0 um.
Total wire length on LAYER Pad = 0 um.
Total number of vias = 107835.
Up-via summary (total 107835):

-----------------
 Active         0
     M1     33213
     M2     58114
     M3     14171
     M4      2132
     M5       158
     M6        47
     M7         0
     M8         0
     M9         0
-----------------
       107835


[INFO DRT-0195] Start 6th stubborn tiles iteration.
    Completing 10% with 4 violations.
    elapsed time = 00:00:01, memory = 6753.84 (MB).
    Completing 20% with 4 violations.
    elapsed time = 00:00:01, memory = 6734.85 (MB).
    Completing 30% with 4 violations.
    elapsed time = 00:00:02, memory = 6332.07 (MB).
    Completing 40% with 4 violations.
    elapsed time = 00:00:03, memory = 7288.07 (MB).
    Completing 50% with 4 violations.
    elapsed time = 00:00:03, memory = 7165.15 (MB).
    Completing 60% with 4 violations.
    elapsed time = 00:00:03, memory = 6792.30 (MB).
    Completing 70% with 4 violations.
    elapsed time = 00:00:03, memory = 6414.45 (MB).
    Completing 80% with 4 violations.
    elapsed time = 00:00:05, memory = 6471.25 (MB).
    Completing 90% with 4 violations.
    elapsed time = 00:00:05, memory = 5366.89 (MB).
    Completing 100% with 0 violations.
    elapsed time = 00:00:07, memory = 4403.49 (MB).
[INFO DRT-0199]   Number of violations = 0.
[INFO DRT-0267] cpu time = 00:01:27, elapsed time = 00:00:07, memory = 4571.49 (MB), peak = 7615.98 (MB)
Total wire length = 48647 um.
Total wire length on LAYER M1 = 0 um.
Total wire length on LAYER M2 = 11268 um.
Total wire length on LAYER M3 = 22612 um.
Total wire length on LAYER M4 = 10745 um.
Total wire length on LAYER M5 = 3565 um.
Total wire length on LAYER M6 = 260 um.
Total wire length on LAYER M7 = 194 um.
Total wire length on LAYER M8 = 0 um.
Total wire length on LAYER M9 = 0 um.
Total wire length on LAYER Pad = 0 um.
Total number of vias = 107835.
Up-via summary (total 107835):

-----------------
 Active         0
     M1     33213
     M2     58114
     M3     14171
     M4      2132
     M5       158
     M6        47
     M7         0
     M8         0
     M9         0
-----------------
       107835


[INFO DRT-0198] Complete detail routing.
Total wire length = 48647 um.
Total wire length on LAYER M1 = 0 um.
Total wire length on LAYER M2 = 11268 um.
Total wire length on LAYER M3 = 22612 um.
Total wire length on LAYER M4 = 10745 um.
Total wire length on LAYER M5 = 3565 um.
Total wire length on LAYER M6 = 260 um.
Total wire length on LAYER M7 = 194 um.
Total wire length on LAYER M8 = 0 um.
Total wire length on LAYER M9 = 0 um.
Total wire length on LAYER Pad = 0 um.
Total number of vias = 107835.
Up-via summary (total 107835):

-----------------
 Active         0
     M1     33213
     M2     58114
     M3     14171
     M4      2132
     M5       158
     M6        47
     M7         0
     M8         0
     M9         0
-----------------
       107835


[INFO DRT-0267] cpu time = 00:21:42, elapsed time = 00:01:53, memory = 4571.49 (MB), peak = 7615.98 (MB)

[INFO DRT-0180] Post processing.
Took 142 seconds: detailed_route -output_drc ./reports/asap7/mock-alu/modified_mcf_lp_alpha_8-beta_0.1-run5/5_route_drc.rpt -output_maze ./results/asap7/mock-alu/modified_mcf_lp_alpha_8-beta_0.1-run5/maze.log -droute_end_iter 64 -verbose 1 -drc_report_iter_step 5
[WARNING GRT-0246] No diode with LEF class CORE ANTENNACELL found.
[INFO ANT-0002] Found 0 net violations.
[INFO ANT-0001] Found 0 pin violations.
[INFO ANT-0002] Found 0 net violations.
[INFO ANT-0001] Found 0 pin violations.
write_db ./results/asap7/mock-alu/modified_mcf_lp_alpha_8-beta_0.1-run5/5_2_route.odb
[INFO ORD-0030] Using 32 thread(s).
Elapsed time: 2:24.01[h:]min:sec. CPU time: user 1657.13 sys 41.52 (1179%). Peak memory: 7798760KB.
Log                        Elapsed/s Peak Memory/MB  sha1sum .odb [0:20)
5_2_route                        144           7615 52be5b4eb63873975b12
