OpenROAD fe1aa0f9d0254fac87b82c886c04ee1544e46885 
Features included (+) or not (-): +GPU +GUI +Python
This program is licensed under the BSD-3 license. See the LICENSE file for details.
Components of this program may be licensed under more restrictive licenses which must be honored.
[INFO ORD-0030] Using 32 thread(s).
source /home/lucast/workspace/OR-flow-TCC/flow/platforms/asap7/liberty_suppressions.tcl
read_liberty /home/lucast/workspace/OR-flow-TCC/flow/platforms/asap7/lib/NLDM/asap7sc7p5t_AO_RVT_FF_nldm_211120.lib.gz
read_liberty /home/lucast/workspace/OR-flow-TCC/flow/platforms/asap7/lib/NLDM/asap7sc7p5t_INVBUF_RVT_FF_nldm_220122.lib.gz
read_liberty /home/lucast/workspace/OR-flow-TCC/flow/platforms/asap7/lib/NLDM/asap7sc7p5t_OA_RVT_FF_nldm_211120.lib.gz
read_liberty /home/lucast/workspace/OR-flow-TCC/flow/platforms/asap7/lib/NLDM/asap7sc7p5t_SIMPLE_RVT_FF_nldm_211120.lib.gz
read_liberty /home/lucast/workspace/OR-flow-TCC/flow/platforms/asap7/lib/NLDM/asap7sc7p5t_SEQ_RVT_FF_nldm_220123.lib
read_liberty ./results/asap7/riscv32i-mock-sram_fakeram7_256x32/baseline_alpha_4-beta_0.1/fakeram7_256x32_typ.lib
read_liberty /home/lucast/workspace/OR-flow-TCC/flow/platforms/asap7/lib/NLDM/asap7sc7p5t_DFFHQNH2V2X_RVT_TT_nldm_FAKE.lib
read_liberty /home/lucast/workspace/OR-flow-TCC/flow/platforms/asap7/lib/NLDM/asap7sc7p5t_DFFHQNV2X_RVT_TT_nldm_FAKE.lib
read_db -hier ./results/asap7/riscv32i-mock-sram/baseline_alpha_4-beta_0.1/5_1_grt.odb
[WARNING ORD-0012] Hierarchical flow (-hier) is currently in development and may cause multiple issues. Do not use in production environments.
source /home/lucast/workspace/OR-flow-TCC/flow/platforms/asap7/setRC.tcl
detailed_route -output_drc ./reports/asap7/riscv32i-mock-sram/baseline_alpha_4-beta_0.1/5_route_drc.rpt -output_maze ./results/asap7/riscv32i-mock-sram/baseline_alpha_4-beta_0.1/maze.log -droute_end_iter 64 -verbose 1 -drc_report_iter_step 5
[INFO DRT-0149] Reading tech and libs.

Units:                1000
Number of layers:     21
Number of macros:     231
Number of vias:       21
Number of viarulegen: 11

[INFO DRT-0150] Reading design.

Design:                   riscv_top
Die area:                 ( 0 0 ) ( 64318 64318 )
Number of track patterns: 32
Number of DEF vias:       0
Number of components:     9730
Number of terminals:      137
Number of snets:          2
Number of nets:           10142

[INFO DRT-0167] List of default vias:
  Layer V2
    default via: VIA23
  Layer V3
    default via: VIA34
  Layer V4
    default via: VIA45
  Layer V5
    default via: VIA56
  Layer V6
    default via: VIA67
  Layer V7
    default via: VIA78
  Layer V8
    default via: VIA89
  Layer V9
    default via: VIA9Pad
[INFO DRT-0162] Library cell analysis.
[INFO DRT-0163] Instance analysis.
[INFO DRT-0164] Number of unique instances = 259.
[INFO DRT-0168] Init region query.
[INFO DRT-0024]   Complete Active.
[INFO DRT-0024]   Complete V0.
[INFO DRT-0024]   Complete M1.
[INFO DRT-0024]   Complete V1.
[INFO DRT-0024]   Complete M2.
[INFO DRT-0024]   Complete V2.
[INFO DRT-0024]   Complete M3.
[INFO DRT-0024]   Complete V3.
[INFO DRT-0024]   Complete M4.
[INFO DRT-0024]   Complete V4.
[INFO DRT-0024]   Complete M5.
[INFO DRT-0024]   Complete V5.
[INFO DRT-0024]   Complete M6.
[INFO DRT-0024]   Complete V6.
[INFO DRT-0024]   Complete M7.
[INFO DRT-0024]   Complete V7.
[INFO DRT-0024]   Complete M8.
[INFO DRT-0024]   Complete V8.
[INFO DRT-0024]   Complete M9.
[INFO DRT-0024]   Complete V9.
[INFO DRT-0024]   Complete Pad.
[INFO DRT-0033] Active shape region query size = 0.
[INFO DRT-0033] V0 shape region query size = 0.
[INFO DRT-0033] M1 shape region query size = 173284.
[INFO DRT-0033] V1 shape region query size = 166817.
[INFO DRT-0033] M2 shape region query size = 6886.
[INFO DRT-0033] V2 shape region query size = 8197.
[INFO DRT-0033] M3 shape region query size = 7995.
[INFO DRT-0033] V3 shape region query size = 5190.
[INFO DRT-0033] M4 shape region query size = 5494.
[INFO DRT-0033] V4 shape region query size = 5190.
[INFO DRT-0033] M5 shape region query size = 3536.
[INFO DRT-0033] V5 shape region query size = 3636.
[INFO DRT-0033] M6 shape region query size = 748.
[INFO DRT-0033] V6 shape region query size = 0.
[INFO DRT-0033] M7 shape region query size = 0.
[INFO DRT-0033] V7 shape region query size = 0.
[INFO DRT-0033] M8 shape region query size = 0.
[INFO DRT-0033] V8 shape region query size = 0.
[INFO DRT-0033] M9 shape region query size = 0.
[INFO DRT-0033] V9 shape region query size = 0.
[INFO DRT-0033] Pad shape region query size = 0.
[INFO DRT-0165] Start pin access.
[INFO DRT-0076]   Complete 1000 pins.
[INFO DRT-0078]   Complete 1851 pins.
[INFO DRT-0079]   Complete 100 unique inst patterns.
[INFO DRT-0079]   Complete 200 unique inst patterns.
[INFO DRT-0081]   Complete 253 unique inst patterns.
[INFO DRT-0084]   Complete 4751 groups.
#scanned instances     = 9730
#unique  instances     = 257
#stdCellGenAp          = 8413
#stdCellValidPlanarAp  = 70
#stdCellValidViaAp     = 6503
#stdCellPinNoAp        = 0
#stdCellPinCnt         = 34627
#instTermValidViaApCnt = 0
#macroGenAp            = 1200
#macroValidPlanarAp    = 1200
#macroValidViaAp       = 0
#macroNoAp             = 0
[INFO DRT-0166] Complete pin access.
[INFO DRT-0267] cpu time = 00:06:54, elapsed time = 00:00:16, memory = 409.02 (MB), peak = 404.10 (MB)

[INFO DRT-0157] Number of guides:     96635

[INFO DRT-0169] Post process guides.
[INFO DRT-0176] GCELLGRID X 0 DO 112 STEP 570 ;
[INFO DRT-0177] GCELLGRID Y 0 DO 112 STEP 570 ;
[INFO DRT-0028]   Complete Active.
[INFO DRT-0028]   Complete V0.
[INFO DRT-0028]   Complete M1.
[INFO DRT-0028]   Complete V1.
[INFO DRT-0028]   Complete M2.
[INFO DRT-0028]   Complete V2.
[INFO DRT-0028]   Complete M3.
[INFO DRT-0028]   Complete V3.
[INFO DRT-0028]   Complete M4.
[INFO DRT-0028]   Complete V4.
[INFO DRT-0028]   Complete M5.
[INFO DRT-0028]   Complete V5.
[INFO DRT-0028]   Complete M6.
[INFO DRT-0028]   Complete V6.
[INFO DRT-0028]   Complete M7.
[INFO DRT-0028]   Complete V7.
[INFO DRT-0028]   Complete M8.
[INFO DRT-0028]   Complete V8.
[INFO DRT-0028]   Complete M9.
[INFO DRT-0028]   Complete V9.
[INFO DRT-0028]   Complete Pad.
[INFO DRT-0178] Init guide query.
[INFO DRT-0035]   Complete Active (guide).
[INFO DRT-0035]   Complete V0 (guide).
[INFO DRT-0035]   Complete M1 (guide).
[INFO DRT-0035]   Complete V1 (guide).
[INFO DRT-0035]   Complete M2 (guide).
[INFO DRT-0035]   Complete V2 (guide).
[INFO DRT-0035]   Complete M3 (guide).
[INFO DRT-0035]   Complete V3 (guide).
[INFO DRT-0035]   Complete M4 (guide).
[INFO DRT-0035]   Complete V4 (guide).
[INFO DRT-0035]   Complete M5 (guide).
[INFO DRT-0035]   Complete V5 (guide).
[INFO DRT-0035]   Complete M6 (guide).
[INFO DRT-0035]   Complete V6 (guide).
[INFO DRT-0035]   Complete M7 (guide).
[INFO DRT-0035]   Complete V7 (guide).
[INFO DRT-0035]   Complete M8 (guide).
[INFO DRT-0035]   Complete V8 (guide).
[INFO DRT-0035]   Complete M9 (guide).
[INFO DRT-0035]   Complete V9 (guide).
[INFO DRT-0035]   Complete Pad (guide).
[INFO DRT-0036] Active guide region query size = 0.
[INFO DRT-0036] V0 guide region query size = 0.
[INFO DRT-0036] M1 guide region query size = 30125.
[INFO DRT-0036] V1 guide region query size = 0.
[INFO DRT-0036] M2 guide region query size = 27482.
[INFO DRT-0036] V2 guide region query size = 0.
[INFO DRT-0036] M3 guide region query size = 15584.
[INFO DRT-0036] V3 guide region query size = 0.
[INFO DRT-0036] M4 guide region query size = 3024.
[INFO DRT-0036] V4 guide region query size = 0.
[INFO DRT-0036] M5 guide region query size = 1202.
[INFO DRT-0036] V5 guide region query size = 0.
[INFO DRT-0036] M6 guide region query size = 365.
[INFO DRT-0036] V6 guide region query size = 0.
[INFO DRT-0036] M7 guide region query size = 133.
[INFO DRT-0036] V7 guide region query size = 0.
[INFO DRT-0036] M8 guide region query size = 0.
[INFO DRT-0036] V8 guide region query size = 0.
[INFO DRT-0036] M9 guide region query size = 0.
[INFO DRT-0036] V9 guide region query size = 0.
[INFO DRT-0036] Pad guide region query size = 0.
[INFO DRT-0179] Init gr pin query.
[INFO DRT-0267] cpu time = 00:00:00, elapsed time = 00:00:00, memory = 437.02 (MB), peak = 432.35 (MB)
[INFO DRT-0245] skipped writing guide updates to database.
[INFO DRT-0185] Post process initialize RPin region query.
[INFO DRT-0181] Start track assignment.
[INFO DRT-0184] Done with 47044 vertical wires in 3 frboxes and 30871 horizontal wires in 3 frboxes.
[INFO DRT-0186] Done with 7955 vertical wires in 3 frboxes and 10623 horizontal wires in 3 frboxes.
[INFO DRT-0182] Complete track assignment.
[INFO DRT-0267] cpu time = 00:00:02, elapsed time = 00:00:01, memory = 605.21 (MB), peak = 631.73 (MB)
[INFO DRT-0187] Start routing data preparation.
[INFO DRT-0267] cpu time = 00:00:00, elapsed time = 00:00:00, memory = 605.33 (MB), peak = 631.73 (MB)
[INFO DRT-0194] Start detail routing.
[INFO DRT-0195] Start 0th optimization iteration.
    Completing 10% with 0 violations.
    elapsed time = 00:00:01, memory = 6504.56 (MB).
    Completing 20% with 0 violations.
    elapsed time = 00:00:04, memory = 3964.13 (MB).
    Completing 30% with 1083 violations.
    elapsed time = 00:00:07, memory = 7290.90 (MB).
    Completing 40% with 1083 violations.
    elapsed time = 00:00:10, memory = 6839.02 (MB).
    Completing 50% with 1083 violations.
    elapsed time = 00:00:15, memory = 2487.28 (MB).
    Completing 60% with 2225 violations.
    elapsed time = 00:00:18, memory = 8699.57 (MB).
    Completing 70% with 2225 violations.
    elapsed time = 00:00:23, memory = 5501.97 (MB).
    Completing 80% with 3183 violations.
    elapsed time = 00:00:31, memory = 9337.33 (MB).
    Completing 90% with 3183 violations.
    elapsed time = 00:00:33, memory = 8875.69 (MB).
    Completing 100% with 4148 violations.
    elapsed time = 00:00:44, memory = 3401.20 (MB).
[INFO DRT-0199]   Number of violations = 4845.
Viol/Layer          M1     M2     V2     M3     V3     M4     V4     M5     V5     M6     V6     M7
CutSpcTbl            0      0      0      0     39      0     18      0      2      0      7      0
EOL                  0    378      0     54      0     34      0      1      0      0      0      0
Metal Spacing       41    152      0    440      0     41      0      7      0      7      0      0
Recheck              0    348      0    253      0     86      0     10      0      0      0      0
Rect Only            0      8      0      0      0      0      0      0      0      0      0      0
Short                4    322      7     55      4     81      1     58      0     14      0      2
eolKeepOut           0   2010      0    193      0    162      0      6      0      0      0      0
[INFO DRT-0267] cpu time = 00:12:18, elapsed time = 00:00:44, memory = 3826.37 (MB), peak = 10131.01 (MB)
Total wire length = 57791 um.
Total wire length on LAYER M1 = 0 um.
Total wire length on LAYER M2 = 12062 um.
Total wire length on LAYER M3 = 20958 um.
Total wire length on LAYER M4 = 13247 um.
Total wire length on LAYER M5 = 7560 um.
Total wire length on LAYER M6 = 2395 um.
Total wire length on LAYER M7 = 1566 um.
Total wire length on LAYER M8 = 0 um.
Total wire length on LAYER M9 = 0 um.
Total wire length on LAYER Pad = 0 um.
Total number of vias = 119683.
Up-via summary (total 119683):

-----------------
 Active         0
     M1     34451
     M2     60032
     M3     19618
     M4      4405
     M5       822
     M6       355
     M7         0
     M8         0
     M9         0
-----------------
       119683


[INFO DRT-0195] Start 1st optimization iteration.
    Completing 10% with 4845 violations.
    elapsed time = 00:00:01, memory = 10499.07 (MB).
    Completing 20% with 4845 violations.
    elapsed time = 00:00:05, memory = 9251.45 (MB).
    Completing 30% with 3543 violations.
    elapsed time = 00:00:16, memory = 10051.56 (MB).
    Completing 40% with 3543 violations.
    elapsed time = 00:00:18, memory = 10641.07 (MB).
    Completing 50% with 3543 violations.
    elapsed time = 00:00:25, memory = 6206.21 (MB).
    Completing 60% with 2723 violations.
    elapsed time = 00:00:31, memory = 10857.74 (MB).
    Completing 70% with 2723 violations.
    elapsed time = 00:00:32, memory = 9296.61 (MB).
    Completing 80% with 1730 violations.
    elapsed time = 00:00:45, memory = 9892.96 (MB).
    Completing 90% with 1730 violations.
    elapsed time = 00:00:47, memory = 10374.59 (MB).
    Completing 100% with 980 violations.
    elapsed time = 00:00:56, memory = 4365.80 (MB).
[INFO DRT-0199]   Number of violations = 980.
Viol/Layer          M1     M2     M3     V3     M4     V4     V6
CutSpcTbl            0      0      0     14      0     10      2
EOL                  0     85     17      0     10      0      0
Metal Spacing       26     18    221      0     12      0      0
Rect Only            0      4      0      0      0      0      0
Short                3     38      8      0     21      0      0
eolKeepOut           0    384     53      0     54      0      0
[INFO DRT-0267] cpu time = 00:14:41, elapsed time = 00:00:57, memory = 4342.48 (MB), peak = 11109.29 (MB)
Total wire length = 57460 um.
Total wire length on LAYER M1 = 0 um.
Total wire length on LAYER M2 = 11308 um.
Total wire length on LAYER M3 = 20665 um.
Total wire length on LAYER M4 = 13626 um.
Total wire length on LAYER M5 = 7711 um.
Total wire length on LAYER M6 = 2592 um.
Total wire length on LAYER M7 = 1556 um.
Total wire length on LAYER M8 = 0 um.
Total wire length on LAYER M9 = 0 um.
Total wire length on LAYER Pad = 0 um.
Total number of vias = 117032.
Up-via summary (total 117032):

-----------------
 Active         0
     M1     34447
     M2     57119
     M3     19134
     M4      4917
     M5      1072
     M6       343
     M7         0
     M8         0
     M9         0
-----------------
       117032


[INFO DRT-0195] Start 2nd optimization iteration.
    Completing 10% with 980 violations.
    elapsed time = 00:00:00, memory = 4342.48 (MB).
    Completing 20% with 980 violations.
    elapsed time = 00:00:04, memory = 9632.02 (MB).
    Completing 30% with 928 violations.
    elapsed time = 00:00:12, memory = 4336.86 (MB).
    Completing 40% with 928 violations.
    elapsed time = 00:00:12, memory = 4336.86 (MB).
    Completing 50% with 928 violations.
    elapsed time = 00:00:20, memory = 6419.24 (MB).
    Completing 60% with 917 violations.
    elapsed time = 00:00:24, memory = 4373.37 (MB).
    Completing 70% with 917 violations.
    elapsed time = 00:00:28, memory = 9635.91 (MB).
    Completing 80% with 894 violations.
    elapsed time = 00:00:35, memory = 4394.19 (MB).
    Completing 90% with 894 violations.
    elapsed time = 00:00:35, memory = 4394.19 (MB).
    Completing 100% with 889 violations.
    elapsed time = 00:00:47, memory = 4423.63 (MB).
[INFO DRT-0199]   Number of violations = 889.
Viol/Layer          M1     M2     M3     V3     M4     V4     M5     V6
CutSpcTbl            0      0      0     20      0      6      0      1
EOL                  0     69      9      0      6      0      1      0
Metal Spacing       22     25    218      0     14      0      1      0
Short                3     28      9      0     18      0      0      0
eolKeepOut           0    351     37      0     48      0      3      0
[INFO DRT-0267] cpu time = 00:11:16, elapsed time = 00:00:47, memory = 4388.49 (MB), peak = 11109.29 (MB)
Total wire length = 57359 um.
Total wire length on LAYER M1 = 0 um.
Total wire length on LAYER M2 = 11233 um.
Total wire length on LAYER M3 = 20674 um.
Total wire length on LAYER M4 = 13557 um.
Total wire length on LAYER M5 = 7678 um.
Total wire length on LAYER M6 = 2656 um.
Total wire length on LAYER M7 = 1559 um.
Total wire length on LAYER M8 = 0 um.
Total wire length on LAYER M9 = 0 um.
Total wire length on LAYER Pad = 0 um.
Total number of vias = 116076.
Up-via summary (total 116076):

-----------------
 Active         0
     M1     34448
     M2     56680
     M3     18440
     M4      5033
     M5      1146
     M6       329
     M7         0
     M8         0
     M9         0
-----------------
       116076


[INFO DRT-0195] Start 3rd optimization iteration.
    Completing 10% with 889 violations.
    elapsed time = 00:00:00, memory = 4388.49 (MB).
    Completing 20% with 889 violations.
    elapsed time = 00:00:03, memory = 7178.64 (MB).
    Completing 30% with 649 violations.
    elapsed time = 00:00:07, memory = 4393.62 (MB).
    Completing 40% with 649 violations.
    elapsed time = 00:00:08, memory = 10086.96 (MB).
    Completing 50% with 649 violations.
    elapsed time = 00:00:14, memory = 4412.09 (MB).
    Completing 60% with 415 violations.
    elapsed time = 00:00:14, memory = 4412.09 (MB).
    Completing 70% with 415 violations.
    elapsed time = 00:00:17, memory = 7214.35 (MB).
    Completing 80% with 214 violations.
    elapsed time = 00:00:21, memory = 4426.41 (MB).
    Completing 90% with 214 violations.
    elapsed time = 00:00:21, memory = 4426.41 (MB).
    Completing 100% with 27 violations.
    elapsed time = 00:00:27, memory = 4405.17 (MB).
[INFO DRT-0199]   Number of violations = 27.
Viol/Layer          M1     M2     M3     M4     M5
EOL                  0      1      0      0      0
Metal Spacing        1      1      4      1      2
Short                0      0      0      1      0
eolKeepOut           0     15      0      1      0
[INFO DRT-0267] cpu time = 00:05:43, elapsed time = 00:00:28, memory = 4395.20 (MB), peak = 11109.29 (MB)
Total wire length = 57392 um.
Total wire length on LAYER M1 = 0 um.
Total wire length on LAYER M2 = 10872 um.
Total wire length on LAYER M3 = 20363 um.
Total wire length on LAYER M4 = 13777 um.
Total wire length on LAYER M5 = 7996 um.
Total wire length on LAYER M6 = 2815 um.
Total wire length on LAYER M7 = 1565 um.
Total wire length on LAYER M8 = 0 um.
Total wire length on LAYER M9 = 0 um.
Total wire length on LAYER Pad = 0 um.
Total number of vias = 116217.
Up-via summary (total 116217):

-----------------
 Active         0
     M1     34448
     M2     55493
     M3     18976
     M4      5602
     M5      1357
     M6       341
     M7         0
     M8         0
     M9         0
-----------------
       116217


[INFO DRT-0195] Start 4th guides tiles iteration.
    Completing 10% with 27 violations.
    elapsed time = 00:00:00, memory = 4893.84 (MB).
    Completing 20% with 27 violations.
    elapsed time = 00:00:01, memory = 4893.84 (MB).
    Completing 30% with 27 violations.
    elapsed time = 00:00:02, memory = 4562.79 (MB).
    Completing 40% with 27 violations.
    elapsed time = 00:00:02, memory = 4395.20 (MB).
    Completing 50% with 13 violations.
    elapsed time = 00:00:02, memory = 4395.20 (MB).
    Completing 60% with 13 violations.
    elapsed time = 00:00:02, memory = 4561.44 (MB).
    Completing 70% with 13 violations.
    elapsed time = 00:00:03, memory = 4395.20 (MB).
    Completing 80% with 9 violations.
    elapsed time = 00:00:06, memory = 4387.03 (MB).
    Completing 90% with 9 violations.
    elapsed time = 00:00:07, memory = 4553.80 (MB).
    Completing 100% with 5 violations.
    elapsed time = 00:00:08, memory = 4387.09 (MB).
[INFO DRT-0199]   Number of violations = 5.
Viol/Layer          M2     M3
EOL                  1      0
Metal Spacing        0      1
eolKeepOut           3      0
[INFO DRT-0267] cpu time = 00:00:17, elapsed time = 00:00:08, memory = 4387.09 (MB), peak = 11109.29 (MB)
Total wire length = 57392 um.
Total wire length on LAYER M1 = 0 um.
Total wire length on LAYER M2 = 10873 um.
Total wire length on LAYER M3 = 20362 um.
Total wire length on LAYER M4 = 13775 um.
Total wire length on LAYER M5 = 7997 um.
Total wire length on LAYER M6 = 2818 um.
Total wire length on LAYER M7 = 1565 um.
Total wire length on LAYER M8 = 0 um.
Total wire length on LAYER M9 = 0 um.
Total wire length on LAYER Pad = 0 um.
Total number of vias = 116222.
Up-via summary (total 116222):

-----------------
 Active         0
     M1     34448
     M2     55493
     M3     18979
     M4      5601
     M5      1360
     M6       341
     M7         0
     M8         0
     M9         0
-----------------
       116222


[INFO DRT-0195] Start 5th guides tiles iteration.
    Completing 100% with 5 violations.
    elapsed time = 00:00:00, memory = 4387.09 (MB).
[INFO DRT-0199]   Number of violations = 5.
Viol/Layer          M2     M3
EOL                  1      0
Metal Spacing        0      1
eolKeepOut           3      0
[INFO DRT-0267] cpu time = 00:00:01, elapsed time = 00:00:00, memory = 4387.22 (MB), peak = 11109.29 (MB)
Total wire length = 57392 um.
Total wire length on LAYER M1 = 0 um.
Total wire length on LAYER M2 = 10873 um.
Total wire length on LAYER M3 = 20362 um.
Total wire length on LAYER M4 = 13775 um.
Total wire length on LAYER M5 = 7997 um.
Total wire length on LAYER M6 = 2818 um.
Total wire length on LAYER M7 = 1565 um.
Total wire length on LAYER M8 = 0 um.
Total wire length on LAYER M9 = 0 um.
Total wire length on LAYER Pad = 0 um.
Total number of vias = 116222.
Up-via summary (total 116222):

-----------------
 Active         0
     M1     34448
     M2     55493
     M3     18979
     M4      5601
     M5      1360
     M6       341
     M7         0
     M8         0
     M9         0
-----------------
       116222


[INFO DRT-0195] Start 6th stubborn tiles iteration.
    Completing 10% with 5 violations.
    elapsed time = 00:00:04, memory = 11472.06 (MB).
    Completing 20% with 5 violations.
    elapsed time = 00:00:04, memory = 10802.04 (MB).
    Completing 30% with 5 violations.
    elapsed time = 00:00:04, memory = 11556.64 (MB).
    Completing 40% with 5 violations.
    elapsed time = 00:00:07, memory = 12413.88 (MB).
    Completing 50% with 5 violations.
    elapsed time = 00:00:08, memory = 13813.85 (MB).
    Completing 60% with 5 violations.
    elapsed time = 00:00:09, memory = 14389.91 (MB).
    Completing 70% with 5 violations.
    elapsed time = 00:00:10, memory = 13523.62 (MB).
    Completing 80% with 5 violations.
    elapsed time = 00:00:11, memory = 11850.32 (MB).
    Completing 90% with 5 violations.
    elapsed time = 00:00:11, memory = 9537.28 (MB).
    Completing 100% with 0 violations.
    elapsed time = 00:00:13, memory = 7460.38 (MB).
[INFO DRT-0199]   Number of violations = 0.
[INFO DRT-0267] cpu time = 00:05:56, elapsed time = 00:00:13, memory = 7460.38 (MB), peak = 14611.12 (MB)
Total wire length = 57393 um.
Total wire length on LAYER M1 = 0 um.
Total wire length on LAYER M2 = 10870 um.
Total wire length on LAYER M3 = 20361 um.
Total wire length on LAYER M4 = 13778 um.
Total wire length on LAYER M5 = 7999 um.
Total wire length on LAYER M6 = 2819 um.
Total wire length on LAYER M7 = 1565 um.
Total wire length on LAYER M8 = 0 um.
Total wire length on LAYER M9 = 0 um.
Total wire length on LAYER Pad = 0 um.
Total number of vias = 116222.
Up-via summary (total 116222):

-----------------
 Active         0
     M1     34448
     M2     55480
     M3     18987
     M4      5604
     M5      1362
     M6       341
     M7         0
     M8         0
     M9         0
-----------------
       116222


[INFO DRT-0198] Complete detail routing.
Total wire length = 57393 um.
Total wire length on LAYER M1 = 0 um.
Total wire length on LAYER M2 = 10870 um.
Total wire length on LAYER M3 = 20361 um.
Total wire length on LAYER M4 = 13778 um.
Total wire length on LAYER M5 = 7999 um.
Total wire length on LAYER M6 = 2819 um.
Total wire length on LAYER M7 = 1565 um.
Total wire length on LAYER M8 = 0 um.
Total wire length on LAYER M9 = 0 um.
Total wire length on LAYER Pad = 0 um.
Total number of vias = 116222.
Up-via summary (total 116222):

-----------------
 Active         0
     M1     34448
     M2     55480
     M3     18987
     M4      5604
     M5      1362
     M6       341
     M7         0
     M8         0
     M9         0
-----------------
       116222


[INFO DRT-0267] cpu time = 00:50:15, elapsed time = 00:03:20, memory = 7460.38 (MB), peak = 14611.12 (MB)

[INFO DRT-0180] Post processing.
Took 220 seconds: detailed_route -output_drc ./reports/asap7/riscv32i-mock-sram/baseline_alpha_4-beta_0.1/5_route_drc.rpt -output_maze ./results/asap7/riscv32i-mock-sram/baseline_alpha_4-beta_0.1/maze.log -droute_end_iter 64 -verbose 1 -drc_report_iter_step 5
[WARNING GRT-0246] No diode with LEF class CORE ANTENNACELL found.
[INFO ANT-0002] Found 0 net violations.
[INFO ANT-0001] Found 0 pin violations.
[INFO ANT-0002] Found 0 net violations.
[INFO ANT-0001] Found 0 pin violations.
write_db ./results/asap7/riscv32i-mock-sram/baseline_alpha_4-beta_0.1/5_2_route.odb
Elapsed time: 3:41.62[h:]min:sec. CPU time: user 3343.00 sys 117.56 (1561%). Peak memory: 14961792KB.
Log                        Elapsed/s Peak Memory/MB  sha1sum .odb [0:20)
5_2_route                        221          14611 51d4003b744f1a6f6686
