OpenROAD fe1aa0f9d0254fac87b82c886c04ee1544e46885 
Features included (+) or not (-): +GPU +GUI +Python
This program is licensed under the BSD-3 license. See the LICENSE file for details.
Components of this program may be licensed under more restrictive licenses which must be honored.
[INFO ORD-0030] Using 32 thread(s).
source /home/lucast/workspace/OR-flow-TCC/flow/platforms/asap7/liberty_suppressions.tcl
read_liberty /home/lucast/workspace/OR-flow-TCC/flow/platforms/asap7/lib/NLDM/asap7sc7p5t_AO_RVT_FF_nldm_211120.lib.gz
read_liberty /home/lucast/workspace/OR-flow-TCC/flow/platforms/asap7/lib/NLDM/asap7sc7p5t_INVBUF_RVT_FF_nldm_220122.lib.gz
read_liberty /home/lucast/workspace/OR-flow-TCC/flow/platforms/asap7/lib/NLDM/asap7sc7p5t_OA_RVT_FF_nldm_211120.lib.gz
read_liberty /home/lucast/workspace/OR-flow-TCC/flow/platforms/asap7/lib/NLDM/asap7sc7p5t_SIMPLE_RVT_FF_nldm_211120.lib.gz
read_liberty /home/lucast/workspace/OR-flow-TCC/flow/platforms/asap7/lib/NLDM/asap7sc7p5t_SEQ_RVT_FF_nldm_220123.lib
read_liberty ./results/asap7/riscv32i-mock-sram_fakeram7_256x32/baseline_alpha_2-beta_0.1/fakeram7_256x32_typ.lib
read_liberty /home/lucast/workspace/OR-flow-TCC/flow/platforms/asap7/lib/NLDM/asap7sc7p5t_DFFHQNH2V2X_RVT_TT_nldm_FAKE.lib
read_liberty /home/lucast/workspace/OR-flow-TCC/flow/platforms/asap7/lib/NLDM/asap7sc7p5t_DFFHQNV2X_RVT_TT_nldm_FAKE.lib
read_db -hier ./results/asap7/riscv32i-mock-sram/baseline_alpha_2-beta_0.1/3_2_place_iop.odb
[WARNING ORD-0012] Hierarchical flow (-hier) is currently in development and may cause multiple issues. Do not use in production environments.
source /home/lucast/workspace/OR-flow-TCC/flow/platforms/asap7/setRC.tcl
[INFO RSZ-0026] Removed 1 buffers.
Perform port buffering...
[INFO RSZ-0027] Inserted 33 BUFx2_ASAP7_75t_R input buffers.
[INFO RSZ-0028] Inserted 98 BUFx2_ASAP7_75t_R output buffers.
[INFO GPL-0022] Initialize gpl and calculate uniform density.
Placement density is 0.8750000214576721, computed from PLACE_DENSITY_LB_ADDON  0.10 and lower bound 0.8500000238418579
global_placement -density 0.8750000214576721 -pad_left 0 -pad_right 0 -routability_driven -timing_driven -force_center_initial_place -min_phi_coef 0.95 -max_phi_coef 1.05
[INFO GPL-0001] ---- Initialize GPL Main Data Structures
[INFO GPL-0002] DBU: 1000
[INFO GPL-0003] SiteSize: (  0.054  0.270 ) um
[INFO GPL-0004] CoreBBox: (  5.022  5.130 ) ( 59.292 59.130 ) um
[INFO GPL-0036] Movable instances area:       1097.991 um^2
[INFO GPL-0037] Total instances area:         1875.498 um^2
[INFO GPL-0035] Pin density area adjust:       158.891 um^2
[INFO GPL-0032] ---- Initialize Region: Top-level
[INFO GPL-0006] Number of instances:             10243
[INFO GPL-0007] Movable instances:                9153
[INFO GPL-0008] Fixed instances:                   471
[INFO GPL-0009] Dummy instances:                   619
[INFO GPL-0010] Number of nets:                   9512
[INFO GPL-0011] Number of pins:                  34395
[INFO GPL-0012] Die BBox:  (  0.000  0.000 ) ( 64.318 64.318 ) um
[INFO GPL-0013] Core BBox: (  5.022  5.130 ) ( 59.292 59.130 ) um
[INFO GPL-0016] Core area:                    2930.580 um^2
[INFO GPL-0014] Region name: top-level.
[INFO GPL-0015] Region area:                  2930.580 um^2
[INFO GPL-0017] Fixed instances area:         1444.572 um^2
[INFO GPL-0018] Movable instances area:       1256.882 um^2
[INFO GPL-0019] Utilization:                    84.581 %
[INFO GPL-0020] Standard cells area:          1256.882 um^2
[INFO GPL-0021] Large instances area:            0.000 um^2
[INFO GPL-0005] ---- Execute Conjugate Gradient Initial Placement.
[INFO GPL-0051] Source of initial instance position counters:
	Odb location = 0	Core center = 9153	Region center = 0
[InitialPlace]  Iter: 1 conjugate gradient residual: 0.00000093 HPWL: 47426586
[InitialPlace]  Iter: 2 conjugate gradient residual: 0.00000016 HPWL: 25754873
[InitialPlace]  Iter: 3 conjugate gradient residual: 0.00000048 HPWL: 25616598
[InitialPlace]  Iter: 4 conjugate gradient residual: 0.00000044 HPWL: 25604236
[InitialPlace]  Iter: 5 conjugate gradient residual: 0.00000030 HPWL: 25480143
[INFO GPL-0033] ---- Initialize Nesterov Region: Top-level
[INFO GPL-0023] Placement target density:       0.8750
[INFO GPL-0024] Movable insts average area:      0.137 um^2
[INFO GPL-0025] Ideal bin area:                  0.157 um^2
[INFO GPL-0026] Ideal bin count:                 18673
[INFO GPL-0027] Total bin area:               2930.580 um^2
[INFO GPL-0028] Bin count (X, Y):         128 ,    128
[INFO GPL-0029] Bin size (W * H):       0.424 *  0.422 um
[INFO GPL-0030] Number of bins:                  16384
[INFO GPL-0007] ---- Execute Nesterov Global Placement.
[INFO GPL-0031] HPWL: Half-Perimeter Wirelength
Iteration | Overflow |     HPWL (um) |  HPWL(%) |   Penalty | Group
---------------------------------------------------------------
        0 |   0.9897 |  1.725916e+04 |   +0.00% |  3.30e-13 |      
       10 |   0.9839 |  1.503463e+04 |  -12.89% |  5.37e-13 |      
       20 |   0.9775 |  1.530070e+04 |   +1.77% |  8.75e-13 |      
       30 |   0.9749 |  1.542311e+04 |   +0.80% |  1.42e-12 |      
       40 |   0.9745 |  1.547844e+04 |   +0.36% |  2.32e-12 |      
       50 |   0.9741 |  1.544289e+04 |   -0.23% |  3.78e-12 |      
       60 |   0.9738 |  1.538486e+04 |   -0.38% |  6.16e-12 |      
       70 |   0.9733 |  1.536741e+04 |   -0.11% |  1.00e-11 |      
       80 |   0.9725 |  1.540611e+04 |   +0.25% |  1.63e-11 |      
       90 |   0.9710 |  1.547694e+04 |   +0.46% |  2.66e-11 |      
      100 |   0.9702 |  1.556683e+04 |   +0.58% |  4.33e-11 |      
      110 |   0.9690 |  1.568613e+04 |   +0.77% |  7.06e-11 |      
      120 |   0.9674 |  1.587140e+04 |   +1.18% |  1.15e-10 |      
      130 |   0.9655 |  1.616215e+04 |   +1.83% |  1.87e-10 |      
      140 |   0.9617 |  1.656932e+04 |   +2.52% |  3.05e-10 |      
      150 |   0.9568 |  1.709097e+04 |   +3.15% |  4.97e-10 |      
      160 |   0.9488 |  1.772991e+04 |   +3.74% |  8.09e-10 |      
      170 |   0.9378 |  1.852285e+04 |   +4.47% |  1.32e-09 |      
      180 |   0.9225 |  1.945201e+04 |   +5.02% |  2.15e-09 |      
      190 |   0.9001 |  2.045252e+04 |   +5.14% |  3.50e-09 |      
      200 |   0.8715 |  2.144920e+04 |   +4.87% |  5.70e-09 |      
      210 |   0.8359 |  2.246638e+04 |   +4.74% |  9.28e-09 |      
      220 |   0.7949 |  2.356486e+04 |   +4.89% |  1.51e-08 |      
      230 |   0.7471 |  2.502436e+04 |   +6.19% |  2.46e-08 |      
      240 |   0.6841 |  2.681767e+04 |   +7.17% |  4.01e-08 |      
[INFO GPL-0100] Timing-driven iteration 1/2, virtual: false.
[INFO GPL-0101]    Iter: 250, overflow: 0.632, keep resizer changes at: 1, HPWL: 28218895
Iteration |   Area    | Resized | Buffers | Nets repaired | Remaining
---------------------------------------------------------------------
        0 |     +0.0% |       0 |       0 |             0 |      9512
    final |     +1.3% |      17 |      79 |            31 |         0
---------------------------------------------------------------------
[INFO RSZ-0034] Found 26 slew violations.
[INFO RSZ-0036] Found 19 capacitance violations.
[INFO RSZ-0039] Resized 17 instances.
[INFO RSZ-0038] Inserted 79 buffers in 31 nets.
   Iter   |    Area   | Removed | Inserted |   Pins
          |           | Buffers | Buffers  | Remaining
-------------------------------------------------------
        0 |     +0.0% |       0 |        0 |      9310
      930 |     +0.0% |       0 |        0 |      8380
     1860 |     +1.2% |       1 |      209 |      7450
     2790 |     +2.0% |       1 |      381 |      6520
     3720 |     +2.2% |       1 |      426 |      5590
     4650 |     +3.0% |      15 |      635 |      4660
     5580 |     +3.5% |      22 |      758 |      3730
     6510 |     +3.9% |      27 |      835 |      2800
     7440 |     +4.4% |      50 |      998 |      1870
     8370 |     +4.4% |      59 |     1031 |       940
     9300 |     +4.4% |      76 |     1087 |        10
    final |     +4.4% |      79 |     1092 |         0
-------------------------------------------------------
[INFO GPL-0106] Timing-driven: worst slack -1.19e-10
[INFO GPL-0107] Timing-driven: repair_design delta area: 107.316 um^2 (+8.54%)
[INFO GPL-0108] Timing-driven: repair_design, gpl delta gcells: 1092 (+11.93%)
[INFO GPL-0109] Timing-driven: repair_design, gcells created: 1171, deleted: 79
[INFO GPL-0110] Timing-driven: new target density: 0.9472177
Iteration | Overflow |     HPWL (um) |  HPWL(%) |   Penalty | Group
---------------------------------------------------------------
      250 |   0.6217 |  3.411926e+04 |  +27.23% |  6.53e-08 |      
[INFO GPL-0038] Routability snapshot saved at iter = 254
      253 |   0.5980 |  3.552611e+04 |          |           |      
      260 |   0.6003 |  3.539067e+04 |   +3.73% |  1.06e-07 |      
      270 |   0.5365 |  3.648708e+04 |   +3.10% |  1.73e-07 |      
      280 |   0.4900 |  3.739735e+04 |   +2.49% |  2.82e-07 |      
      290 |   0.4460 |  3.784597e+04 |   +1.20% |  4.59e-07 |      
      300 |   0.4036 |  3.815751e+04 |   +0.82% |  7.48e-07 |      
      310 |   0.3616 |  3.850292e+04 |   +0.91% |  1.22e-06 |      
      320 |   0.3272 |  3.874415e+04 |   +0.63% |  1.89e-06 |      
[INFO GPL-0040] Routability iteration: 1
[WARNING GRT-0281] Net clk has a large fanout of 1061 terminals.
[INFO GPL-0041] Total routing overflow: 3.4313
[INFO GPL-0042] Number of overflowed tiles: 135 (1.08%)
[INFO GPL-0043] Average top 0.5% routing congestion: 1.0443
[INFO GPL-0044] Average top 1.0% routing congestion: 1.0272
[INFO GPL-0045] Average top 2.0% routing congestion: 1.0091
[INFO GPL-0046] Average top 5.0% routing congestion: 0.9815
[INFO GPL-0047] Routability iteration weighted routing congestion: 1.0357
[INFO GPL-0048] Routing congestion (1.0357) lower than previous minimum (1e+30). Updating minimum.
[INFO GPL-0051] Inflated area:                   0.709 um^2 (+0.05%)
[INFO GPL-0052] Placement target density:       0.9472
[INFO GPL-0076] Removing fillers, count: Before: 321, After: 316 (-1.56%)
[INFO GPL-0077] Filler area (um^2)     : Before: 43.376, After: 42.695 (-1.57%)
[INFO GPL-0078] Removed fillers count: 5, area removed: 0.676 um^2. Remaining area to be compensated by modifying density: 0.034 um^2
[INFO GPL-0058] White space area:             1486.008 um^2 (+0.00%)
[INFO GPL-0059] Movable instances area:       1407.573 um^2 (+0.00%)
[INFO GPL-0060] Total filler area:              42.695 um^2 (-1.57%)
[INFO GPL-0061] Total non-inflated area:      1407.602 um^2 (+0.00%)
[INFO GPL-0062] Total inflated area:          1408.311 um^2 (+0.00%)
[INFO GPL-0063] New Target Density:             0.9472
[INFO GPL-0087] Routability end iteration: increase inflation and revert back to snapshot.
Iteration | Overflow |     HPWL (um) |  HPWL(%) |   Penalty | Group
---------------------------------------------------------------
      330 |   0.5944 |  3.541659e+04 |   -8.59% |  8.24e-08 |      
      340 |   0.5791 |  3.593789e+04 |   +1.47% |  1.21e-07 |      
      350 |   0.5303 |  3.622866e+04 |   +0.81% |  1.79e-07 |      
      360 |   0.4949 |  3.691357e+04 |   +1.89% |  2.63e-07 |      
      370 |   0.4598 |  3.732923e+04 |   +1.13% |  3.88e-07 |      
      380 |   0.4242 |  3.767177e+04 |   +0.92% |  5.72e-07 |      
      390 |   0.3926 |  3.801940e+04 |   +0.92% |  8.42e-07 |      
      400 |   0.3597 |  3.828641e+04 |   +0.70% |  1.24e-06 |      
      410 |   0.3272 |  3.857479e+04 |   +0.75% |  1.83e-06 |      
[INFO GPL-0040] Routability iteration: 2
[INFO GPL-0041] Total routing overflow: 2.4275
[INFO GPL-0042] Number of overflowed tiles: 118 (0.94%)
[INFO GPL-0043] Average top 0.5% routing congestion: 1.0325
[INFO GPL-0044] Average top 1.0% routing congestion: 1.0192
[INFO GPL-0045] Average top 2.0% routing congestion: 1.0032
[INFO GPL-0046] Average top 5.0% routing congestion: 0.9781
[INFO GPL-0047] Routability iteration weighted routing congestion: 1.0258
[INFO GPL-0048] Routing congestion (1.0258) lower than previous minimum (1.036). Updating minimum.
[INFO GPL-0051] Inflated area:                   0.334 um^2 (+0.02%)
[INFO GPL-0052] Placement target density:       0.9472
[INFO GPL-0076] Removing fillers, count: Before: 316, After: 314 (-0.63%)
[INFO GPL-0077] Filler area (um^2)     : Before: 42.695, After: 42.425 (-0.63%)
[INFO GPL-0078] Removed fillers count: 2, area removed: 0.270 um^2. Remaining area to be compensated by modifying density: 0.064 um^2
[INFO GPL-0058] White space area:             1486.008 um^2 (+0.00%)
[INFO GPL-0059] Movable instances area:       1407.573 um^2 (+0.00%)
[INFO GPL-0060] Total filler area:              42.425 um^2 (-0.63%)
[INFO GPL-0061] Total non-inflated area:      1407.666 um^2 (+0.00%)
[INFO GPL-0062] Total inflated area:          1408.000 um^2 (+0.00%)
[INFO GPL-0063] New Target Density:             0.9472
[INFO GPL-0087] Routability end iteration: increase inflation and revert back to snapshot.
Iteration | Overflow |     HPWL (um) |  HPWL(%) |   Penalty | Group
---------------------------------------------------------------
      420 |   0.5966 |  3.542988e+04 |   -8.15% |  7.93e-08 |      
      430 |   0.5862 |  3.583165e+04 |   +1.13% |  1.17e-07 |      
      440 |   0.5339 |  3.619334e+04 |   +1.01% |  1.72e-07 |      
      450 |   0.4978 |  3.686441e+04 |   +1.85% |  2.53e-07 |      
      460 |   0.4639 |  3.729267e+04 |   +1.16% |  3.73e-07 |      
      470 |   0.4303 |  3.762723e+04 |   +0.90% |  5.50e-07 |      
      480 |   0.3958 |  3.797486e+04 |   +0.92% |  8.10e-07 |      
      490 |   0.3639 |  3.825373e+04 |   +0.73% |  1.19e-06 |      
      500 |   0.3321 |  3.854634e+04 |   +0.76% |  1.76e-06 |      
      510 |   0.2983 |  3.887137e+04 |   +0.84% |  2.59e-06 |      
[INFO GPL-0040] Routability iteration: 3
[INFO GPL-0041] Total routing overflow: 2.5079
[INFO GPL-0042] Number of overflowed tiles: 125 (1.00%)
[INFO GPL-0043] Average top 0.5% routing congestion: 1.0336
[INFO GPL-0044] Average top 1.0% routing congestion: 1.0199
[INFO GPL-0045] Average top 2.0% routing congestion: 1.0037
[INFO GPL-0046] Average top 5.0% routing congestion: 0.9783
[INFO GPL-0047] Routability iteration weighted routing congestion: 1.0268
[INFO GPL-0049] Routing congestion (1.0268) higher than minimum (1.0258). Consecutive non-improvement count: 1.
[INFO GPL-0051] Inflated area:                   0.322 um^2 (+0.02%)
[INFO GPL-0052] Placement target density:       0.9472
[INFO GPL-0076] Removing fillers, count: Before: 314, After: 312 (-0.64%)
[INFO GPL-0077] Filler area (um^2)     : Before: 42.425, After: 42.154 (-0.64%)
[INFO GPL-0078] Removed fillers count: 2, area removed: 0.270 um^2. Remaining area to be compensated by modifying density: 0.052 um^2
[INFO GPL-0058] White space area:             1486.008 um^2 (+0.00%)
[INFO GPL-0059] Movable instances area:       1407.573 um^2 (+0.00%)
[INFO GPL-0060] Total filler area:              42.154 um^2 (-0.64%)
[INFO GPL-0061] Total non-inflated area:      1407.718 um^2 (+0.00%)
[INFO GPL-0062] Total inflated area:          1408.040 um^2 (+0.00%)
[INFO GPL-0063] New Target Density:             0.9472
[INFO GPL-0087] Routability end iteration: increase inflation and revert back to snapshot.
Iteration | Overflow |     HPWL (um) |  HPWL(%) |   Penalty | Group
---------------------------------------------------------------
      520 |   0.5926 |  3.573780e+04 |   -8.06% |  1.12e-07 |      
      530 |   0.5372 |  3.616964e+04 |   +1.21% |  1.65e-07 |      
      540 |   0.5004 |  3.683719e+04 |   +1.85% |  2.44e-07 |      
      550 |   0.4675 |  3.727221e+04 |   +1.18% |  3.59e-07 |      
      560 |   0.4339 |  3.760165e+04 |   +0.88% |  5.29e-07 |      
      570 |   0.4003 |  3.795844e+04 |   +0.95% |  7.79e-07 |      
      580 |   0.3674 |  3.824286e+04 |   +0.75% |  1.15e-06 |      
      590 |   0.3350 |  3.852703e+04 |   +0.74% |  1.69e-06 |      
      600 |   0.3009 |  3.885937e+04 |   +0.86% |  2.49e-06 |      
[INFO GPL-0040] Routability iteration: 4
[INFO GPL-0041] Total routing overflow: 2.4451
[INFO GPL-0042] Number of overflowed tiles: 118 (0.94%)
[INFO GPL-0043] Average top 0.5% routing congestion: 1.0329
[INFO GPL-0044] Average top 1.0% routing congestion: 1.0194
[INFO GPL-0045] Average top 2.0% routing congestion: 1.0032
[INFO GPL-0046] Average top 5.0% routing congestion: 0.9780
[INFO GPL-0047] Routability iteration weighted routing congestion: 1.0261
[INFO GPL-0049] Routing congestion (1.0261) higher than minimum (1.0258). Consecutive non-improvement count: 2.
[INFO GPL-0051] Inflated area:                   0.312 um^2 (+0.02%)
[INFO GPL-0052] Placement target density:       0.9472
[INFO GPL-0076] Removing fillers, count: Before: 312, After: 310 (-0.64%)
[INFO GPL-0077] Filler area (um^2)     : Before: 42.154, After: 41.884 (-0.64%)
[INFO GPL-0078] Removed fillers count: 2, area removed: 0.270 um^2. Remaining area to be compensated by modifying density: 0.041 um^2
[INFO GPL-0058] White space area:             1486.008 um^2 (+0.00%)
[INFO GPL-0059] Movable instances area:       1407.573 um^2 (+0.00%)
[INFO GPL-0060] Total filler area:              41.884 um^2 (-0.64%)
[INFO GPL-0061] Total non-inflated area:      1407.759 um^2 (+0.00%)
[INFO GPL-0062] Total inflated area:          1408.070 um^2 (+0.00%)
[INFO GPL-0063] New Target Density:             0.9472
[INFO GPL-0087] Routability end iteration: increase inflation and revert back to snapshot.
Iteration | Overflow |     HPWL (um) |  HPWL(%) |   Penalty | Group
---------------------------------------------------------------
      610 |   0.5978 |  3.561926e+04 |   -8.34% |  1.08e-07 |      
      620 |   0.5432 |  3.615113e+04 |   +1.49% |  1.59e-07 |      
      630 |   0.5047 |  3.678495e+04 |   +1.75% |  2.35e-07 |      
      640 |   0.4744 |  3.722339e+04 |   +1.19% |  3.45e-07 |      
      650 |   0.4366 |  3.755974e+04 |   +0.90% |  5.09e-07 |      
      660 |   0.4043 |  3.791013e+04 |   +0.93% |  7.50e-07 |      
      670 |   0.3727 |  3.821132e+04 |   +0.79% |  1.10e-06 |      
      680 |   0.3392 |  3.849904e+04 |   +0.75% |  1.63e-06 |      
      690 |   0.3048 |  3.883146e+04 |   +0.86% |  2.40e-06 |      
[INFO GPL-0040] Routability iteration: 5
[INFO GPL-0041] Total routing overflow: 2.1644
[INFO GPL-0042] Number of overflowed tiles: 113 (0.90%)
[INFO GPL-0043] Average top 0.5% routing congestion: 1.0299
[INFO GPL-0044] Average top 1.0% routing congestion: 1.0171
[INFO GPL-0045] Average top 2.0% routing congestion: 1.0017
[INFO GPL-0046] Average top 5.0% routing congestion: 0.9770
[INFO GPL-0047] Routability iteration weighted routing congestion: 1.0235
[INFO GPL-0048] Routing congestion (1.0235) lower than previous minimum (1.026). Updating minimum.
[INFO GPL-0051] Inflated area:                   0.230 um^2 (+0.02%)
[INFO GPL-0052] Placement target density:       0.9472
[INFO GPL-0076] Removing fillers, count: Before: 310, After: 309 (-0.32%)
[INFO GPL-0077] Filler area (um^2)     : Before: 41.884, After: 41.749 (-0.32%)
[INFO GPL-0078] Removed fillers count: 1, area removed: 0.135 um^2. Remaining area to be compensated by modifying density: 0.095 um^2
[INFO GPL-0058] White space area:             1486.008 um^2 (+0.00%)
[INFO GPL-0059] Movable instances area:       1407.573 um^2 (+0.00%)
[INFO GPL-0060] Total filler area:              41.749 um^2 (-0.32%)
[INFO GPL-0061] Total non-inflated area:      1407.853 um^2 (+0.01%)
[INFO GPL-0062] Total inflated area:          1408.083 um^2 (+0.01%)
[INFO GPL-0063] New Target Density:             0.9472
[INFO GPL-0087] Routability end iteration: increase inflation and revert back to snapshot.
Iteration | Overflow |     HPWL (um) |  HPWL(%) |   Penalty | Group
---------------------------------------------------------------
      700 |   0.5999 |  3.546812e+04 |   -8.66% |  1.04e-07 |      
      710 |   0.5473 |  3.612696e+04 |   +1.86% |  1.53e-07 |      
      720 |   0.5086 |  3.673406e+04 |   +1.68% |  2.26e-07 |      
      730 |   0.4778 |  3.719942e+04 |   +1.27% |  3.32e-07 |      
      740 |   0.4398 |  3.753106e+04 |   +0.89% |  4.90e-07 |      
      750 |   0.4069 |  3.788764e+04 |   +0.95% |  7.21e-07 |      
      760 |   0.3752 |  3.819593e+04 |   +0.81% |  1.06e-06 |      
      770 |   0.3413 |  3.847432e+04 |   +0.73% |  1.56e-06 |      
      780 |   0.3077 |  3.881293e+04 |   +0.88% |  2.31e-06 |      
[INFO GPL-0040] Routability iteration: 6
[INFO GPL-0041] Total routing overflow: 2.0984
[INFO GPL-0042] Number of overflowed tiles: 109 (0.87%)
[INFO GPL-0043] Average top 0.5% routing congestion: 1.0290
[INFO GPL-0044] Average top 1.0% routing congestion: 1.0165
[INFO GPL-0045] Average top 2.0% routing congestion: 1.0015
[INFO GPL-0046] Average top 5.0% routing congestion: 0.9768
[INFO GPL-0047] Routability iteration weighted routing congestion: 1.0227
[INFO GPL-0049] Routing congestion (1.0227) higher than minimum (1.0235). Consecutive non-improvement count: 1.
[INFO GPL-0051] Inflated area:                   0.217 um^2 (+0.02%)
[INFO GPL-0052] Placement target density:       0.9472
[INFO GPL-0076] Removing fillers, count: Before: 309, After: 308 (-0.32%)
[INFO GPL-0077] Filler area (um^2)     : Before: 41.749, After: 41.614 (-0.32%)
[INFO GPL-0078] Removed fillers count: 1, area removed: 0.135 um^2. Remaining area to be compensated by modifying density: 0.082 um^2
[INFO GPL-0058] White space area:             1486.008 um^2 (+0.00%)
[INFO GPL-0059] Movable instances area:       1407.573 um^2 (+0.00%)
[INFO GPL-0060] Total filler area:              41.614 um^2 (-0.32%)
[INFO GPL-0061] Total non-inflated area:      1407.935 um^2 (+0.01%)
[INFO GPL-0062] Total inflated area:          1408.152 um^2 (+0.01%)
[INFO GPL-0063] New Target Density:             0.9472
[INFO GPL-0087] Routability end iteration: increase inflation and revert back to snapshot.
Iteration | Overflow |     HPWL (um) |  HPWL(%) |   Penalty | Group
---------------------------------------------------------------
      790 |   0.6042 |  3.531502e+04 |   -9.01% |  1.00e-07 |      
      800 |   0.5535 |  3.610968e+04 |   +2.25% |  1.47e-07 |      
      810 |   0.5137 |  3.664572e+04 |   +1.48% |  2.17e-07 |      
      820 |   0.4824 |  3.715543e+04 |   +1.39% |  3.20e-07 |      
      830 |   0.4441 |  3.749189e+04 |   +0.91% |  4.71e-07 |      
      840 |   0.4093 |  3.784088e+04 |   +0.93% |  6.94e-07 |      
      850 |   0.3786 |  3.816205e+04 |   +0.85% |  1.02e-06 |      
      860 |   0.3450 |  3.844291e+04 |   +0.74% |  1.51e-06 |      
      870 |   0.3113 |  3.878234e+04 |   +0.88% |  2.22e-06 |      
[INFO GPL-0040] Routability iteration: 7
[INFO GPL-0041] Total routing overflow: 1.9994
[INFO GPL-0042] Number of overflowed tiles: 110 (0.88%)
[INFO GPL-0043] Average top 0.5% routing congestion: 1.0280
[INFO GPL-0044] Average top 1.0% routing congestion: 1.0157
[INFO GPL-0045] Average top 2.0% routing congestion: 1.0008
[INFO GPL-0046] Average top 5.0% routing congestion: 0.9764
[INFO GPL-0047] Routability iteration weighted routing congestion: 1.0218
[INFO GPL-0048] Routing congestion (1.0218) lower than previous minimum (1.024). Updating minimum.
[INFO GPL-0051] Inflated area:                   0.187 um^2 (+0.01%)
[INFO GPL-0052] Placement target density:       0.9472
[INFO GPL-0076] Removing fillers, count: Before: 308, After: 307 (-0.32%)
[INFO GPL-0077] Filler area (um^2)     : Before: 41.614, After: 41.479 (-0.32%)
[INFO GPL-0078] Removed fillers count: 1, area removed: 0.135 um^2. Remaining area to be compensated by modifying density: 0.051 um^2
[INFO GPL-0058] White space area:             1486.008 um^2 (+0.00%)
[INFO GPL-0059] Movable instances area:       1407.573 um^2 (+0.00%)
[INFO GPL-0060] Total filler area:              41.479 um^2 (-0.32%)
[INFO GPL-0061] Total non-inflated area:      1407.987 um^2 (+0.00%)
[INFO GPL-0062] Total inflated area:          1408.173 um^2 (+0.00%)
[INFO GPL-0063] New Target Density:             0.9472
[INFO GPL-0087] Routability end iteration: increase inflation and revert back to snapshot.
Iteration | Overflow |     HPWL (um) |  HPWL(%) |   Penalty | Group
---------------------------------------------------------------
      880 |   0.6051 |  3.523952e+04 |   -9.14% |  9.62e-08 |      
      890 |   0.5579 |  3.610913e+04 |   +2.47% |  1.42e-07 |      
      900 |   0.5173 |  3.656535e+04 |   +1.26% |  2.09e-07 |      
      910 |   0.4850 |  3.712818e+04 |   +1.54% |  3.08e-07 |      
      920 |   0.4465 |  3.747250e+04 |   +0.93% |  4.53e-07 |      
      930 |   0.4119 |  3.782529e+04 |   +0.94% |  6.67e-07 |      
      940 |   0.3806 |  3.815054e+04 |   +0.86% |  9.83e-07 |      
      950 |   0.3465 |  3.842302e+04 |   +0.71% |  1.45e-06 |      
      960 |   0.3130 |  3.876583e+04 |   +0.89% |  2.13e-06 |      
[INFO GPL-0040] Routability iteration: 8
[INFO GPL-0041] Total routing overflow: 1.9959
[INFO GPL-0042] Number of overflowed tiles: 108 (0.86%)
[INFO GPL-0043] Average top 0.5% routing congestion: 1.0277
[INFO GPL-0044] Average top 1.0% routing congestion: 1.0157
[INFO GPL-0045] Average top 2.0% routing congestion: 1.0005
[INFO GPL-0046] Average top 5.0% routing congestion: 0.9763
[INFO GPL-0047] Routability iteration weighted routing congestion: 1.0217
[INFO GPL-0049] Routing congestion (1.0217) higher than minimum (1.0218). Consecutive non-improvement count: 1.
[INFO GPL-0051] Inflated area:                   0.160 um^2 (+0.01%)
[INFO GPL-0052] Placement target density:       0.9472
[INFO GPL-0076] Removing fillers, count: Before: 307, After: 306 (-0.33%)
[INFO GPL-0077] Filler area (um^2)     : Before: 41.479, After: 41.344 (-0.33%)
[INFO GPL-0078] Removed fillers count: 1, area removed: 0.135 um^2. Remaining area to be compensated by modifying density: 0.025 um^2
[INFO GPL-0058] White space area:             1486.008 um^2 (+0.00%)
[INFO GPL-0059] Movable instances area:       1407.573 um^2 (+0.00%)
[INFO GPL-0060] Total filler area:              41.344 um^2 (-0.33%)
[INFO GPL-0061] Total non-inflated area:      1408.011 um^2 (+0.00%)
[INFO GPL-0062] Total inflated area:          1408.171 um^2 (+0.00%)
[INFO GPL-0063] New Target Density:             0.9472
[INFO GPL-0087] Routability end iteration: increase inflation and revert back to snapshot.
Iteration | Overflow |     HPWL (um) |  HPWL(%) |   Penalty | Group
---------------------------------------------------------------
      970 |   0.6033 |  3.531760e+04 |   -8.90% |  9.26e-08 |      
      980 |   0.5629 |  3.610682e+04 |   +2.23% |  1.36e-07 |      
      990 |   0.5226 |  3.647479e+04 |   +1.02% |  2.01e-07 |      
     1000 |   0.4890 |  3.706848e+04 |   +1.63% |  2.96e-07 |      
     1010 |   0.4494 |  3.742803e+04 |   +0.97% |  4.36e-07 |      
     1020 |   0.4151 |  3.778830e+04 |   +0.96% |  6.42e-07 |      
     1030 |   0.3839 |  3.811357e+04 |   +0.86% |  9.46e-07 |      
     1040 |   0.3493 |  3.840059e+04 |   +0.75% |  1.39e-06 |      
     1050 |   0.3181 |  3.873546e+04 |   +0.87% |  2.05e-06 |      
[INFO GPL-0040] Routability iteration: 9
[INFO GPL-0041] Total routing overflow: 1.8833
[INFO GPL-0042] Number of overflowed tiles: 107 (0.85%)
[INFO GPL-0043] Average top 0.5% routing congestion: 1.0264
[INFO GPL-0044] Average top 1.0% routing congestion: 1.0147
[INFO GPL-0045] Average top 2.0% routing congestion: 1.0000
[INFO GPL-0046] Average top 5.0% routing congestion: 0.9759
[INFO GPL-0047] Routability iteration weighted routing congestion: 1.0206
[INFO GPL-0048] Routing congestion (1.0206) lower than previous minimum (1.022). Updating minimum.
[INFO GPL-0051] Inflated area:                   0.129 um^2 (+0.01%)
[INFO GPL-0052] Placement target density:       0.9472
[INFO GPL-0076] Removing fillers, count: Before: 306, After: 306 (+0.00%)
[INFO GPL-0077] Filler area (um^2)     : Before: 41.344, After: 41.344 (+0.00%)
[INFO GPL-0078] Removed fillers count: 0, area removed: 0.000 um^2. Remaining area to be compensated by modifying density: 0.129 um^2
[INFO GPL-0058] White space area:             1486.008 um^2 (+0.00%)
[INFO GPL-0059] Movable instances area:       1407.573 um^2 (+0.00%)
[INFO GPL-0060] Total filler area:              41.344 um^2 (+0.00%)
[INFO GPL-0061] Total non-inflated area:      1408.140 um^2 (+0.01%)
[INFO GPL-0062] Total inflated area:          1408.269 um^2 (+0.01%)
[INFO GPL-0063] New Target Density:             0.9472
[INFO GPL-0087] Routability end iteration: increase inflation and revert back to snapshot.
Iteration | Overflow |     HPWL (um) |  HPWL(%) |   Penalty | Group
---------------------------------------------------------------
     1060 |   0.5980 |  3.552946e+04 |   -8.28% |  8.90e-08 |      
     1070 |   0.5674 |  3.610283e+04 |   +1.61% |  1.31e-07 |      
     1080 |   0.5251 |  3.639629e+04 |   +0.81% |  1.93e-07 |      
     1090 |   0.4911 |  3.703438e+04 |   +1.75% |  2.85e-07 |      
     1100 |   0.4523 |  3.740787e+04 |   +1.01% |  4.19e-07 |      
     1110 |   0.4175 |  3.776796e+04 |   +0.96% |  6.18e-07 |      
     1120 |   0.3873 |  3.810360e+04 |   +0.89% |  9.10e-07 |      
     1130 |   0.3520 |  3.838586e+04 |   +0.74% |  1.34e-06 |      
     1140 |   0.3212 |  3.871251e+04 |   +0.85% |  1.97e-06 |      
[INFO GPL-0040] Routability iteration: 10
[INFO GPL-0041] Total routing overflow: 1.8332
[INFO GPL-0042] Number of overflowed tiles: 110 (0.88%)
[INFO GPL-0043] Average top 0.5% routing congestion: 1.0262
[INFO GPL-0044] Average top 1.0% routing congestion: 1.0143
[INFO GPL-0045] Average top 2.0% routing congestion: 0.9997
[INFO GPL-0046] Average top 5.0% routing congestion: 0.9757
[INFO GPL-0047] Routability iteration weighted routing congestion: 1.0202
[INFO GPL-0049] Routing congestion (1.0202) higher than minimum (1.0206). Consecutive non-improvement count: 1.
[INFO GPL-0051] Inflated area:                   0.100 um^2 (+0.01%)
[INFO GPL-0052] Placement target density:       0.9472
[INFO GPL-0076] Removing fillers, count: Before: 306, After: 306 (+0.00%)
[INFO GPL-0077] Filler area (um^2)     : Before: 41.344, After: 41.344 (+0.00%)
[INFO GPL-0078] Removed fillers count: 0, area removed: 0.000 um^2. Remaining area to be compensated by modifying density: 0.100 um^2
[INFO GPL-0058] White space area:             1486.008 um^2 (+0.00%)
[INFO GPL-0059] Movable instances area:       1407.573 um^2 (+0.00%)
[INFO GPL-0060] Total filler area:              41.344 um^2 (+0.00%)
[INFO GPL-0061] Total non-inflated area:      1408.240 um^2 (+0.01%)
[INFO GPL-0062] Total inflated area:          1408.340 um^2 (+0.01%)
[INFO GPL-0063] New Target Density:             0.9472
[INFO GPL-0087] Routability end iteration: increase inflation and revert back to snapshot.
Iteration | Overflow |     HPWL (um) |  HPWL(%) |   Penalty | Group
---------------------------------------------------------------
     1150 |   0.5972 |  3.560617e+04 |   -8.02% |  8.57e-08 |      
     1160 |   0.5729 |  3.605127e+04 |   +1.25% |  1.26e-07 |      
     1170 |   0.5283 |  3.632342e+04 |   +0.75% |  1.86e-07 |      
     1180 |   0.4943 |  3.698358e+04 |   +1.82% |  2.74e-07 |      
     1190 |   0.4566 |  3.737048e+04 |   +1.05% |  4.03e-07 |      
     1200 |   0.4211 |  3.772300e+04 |   +0.94% |  5.94e-07 |      
     1210 |   0.3905 |  3.806603e+04 |   +0.91% |  8.75e-07 |      
     1220 |   0.3564 |  3.835658e+04 |   +0.76% |  1.29e-06 |      
     1230 |   0.3244 |  3.867286e+04 |   +0.82% |  1.90e-06 |      
[INFO GPL-0040] Routability iteration: 11
[INFO GPL-0041] Total routing overflow: 1.8465
[INFO GPL-0042] Number of overflowed tiles: 110 (0.88%)
[INFO GPL-0043] Average top 0.5% routing congestion: 1.0261
[INFO GPL-0044] Average top 1.0% routing congestion: 1.0144
[INFO GPL-0045] Average top 2.0% routing congestion: 0.9997
[INFO GPL-0046] Average top 5.0% routing congestion: 0.9757
[INFO GPL-0047] Routability iteration weighted routing congestion: 1.0203
[INFO GPL-0049] Routing congestion (1.0203) higher than minimum (1.0206). Consecutive non-improvement count: 2.
[INFO GPL-0051] Inflated area:                   0.083 um^2 (+0.01%)
[INFO GPL-0052] Placement target density:       0.9472
[INFO GPL-0076] Removing fillers, count: Before: 306, After: 306 (+0.00%)
[INFO GPL-0077] Filler area (um^2)     : Before: 41.344, After: 41.344 (+0.00%)
[INFO GPL-0078] Removed fillers count: 0, area removed: 0.000 um^2. Remaining area to be compensated by modifying density: 0.083 um^2
[INFO GPL-0058] White space area:             1486.008 um^2 (+0.00%)
[INFO GPL-0059] Movable instances area:       1407.573 um^2 (+0.00%)
[INFO GPL-0060] Total filler area:              41.344 um^2 (+0.00%)
[INFO GPL-0061] Total non-inflated area:      1408.323 um^2 (+0.01%)
[INFO GPL-0062] Total inflated area:          1408.407 um^2 (+0.01%)
[INFO GPL-0063] New Target Density:             0.9472
[INFO GPL-0087] Routability end iteration: increase inflation and revert back to snapshot.
Iteration | Overflow |     HPWL (um) |  HPWL(%) |   Penalty | Group
---------------------------------------------------------------
     1240 |   0.5950 |  3.542018e+04 |   -8.41% |  8.24e-08 |      
     1250 |   0.5793 |  3.596643e+04 |   +1.54% |  1.21e-07 |      
     1260 |   0.5305 |  3.626840e+04 |   +0.84% |  1.79e-07 |      
     1270 |   0.4954 |  3.695302e+04 |   +1.89% |  2.63e-07 |      
     1280 |   0.4598 |  3.736038e+04 |   +1.10% |  3.88e-07 |      
     1290 |   0.4247 |  3.769505e+04 |   +0.90% |  5.72e-07 |      
     1300 |   0.3931 |  3.805047e+04 |   +0.94% |  8.42e-07 |      
     1310 |   0.3596 |  3.833655e+04 |   +0.75% |  1.24e-06 |      
     1320 |   0.3268 |  3.863819e+04 |   +0.79% |  1.83e-06 |      
[INFO GPL-0040] Routability iteration: 12
[INFO GPL-0041] Total routing overflow: 1.7974
[INFO GPL-0042] Number of overflowed tiles: 105 (0.84%)
[INFO GPL-0043] Average top 0.5% routing congestion: 1.0256
[INFO GPL-0044] Average top 1.0% routing congestion: 1.0140
[INFO GPL-0045] Average top 2.0% routing congestion: 0.9994
[INFO GPL-0046] Average top 5.0% routing congestion: 0.9756
[INFO GPL-0047] Routability iteration weighted routing congestion: 1.0198
[INFO GPL-0049] Routing congestion (1.0198) higher than minimum (1.0206). Consecutive non-improvement count: 3.
[INFO GPL-0051] Inflated area:                   0.063 um^2 (+0.00%)
[INFO GPL-0052] Placement target density:       0.9472
[INFO GPL-0076] Removing fillers, count: Before: 306, After: 306 (+0.00%)
[INFO GPL-0077] Filler area (um^2)     : Before: 41.344, After: 41.344 (+0.00%)
[INFO GPL-0078] Removed fillers count: 0, area removed: 0.000 um^2. Remaining area to be compensated by modifying density: 0.063 um^2
[INFO GPL-0054] No improvement in routing congestion for 3 consecutive iterations (limit is 3).
[INFO GPL-0055] Reverting inflation values and target density from the iteration with minimum observed routing congestion.
[INFO GPL-0056] Minimum observed routing congestion: 1.0206
[INFO GPL-0057] Target density at minimum routing congestion: 0.9472
[INFO GPL-0080] Restoring 0 previously removed fillers.
[INFO GPL-0089] Routability finished. Reverting to minimal observed routing congestion, could not reach target.
Iteration | Overflow |     HPWL (um) |  HPWL(%) |   Penalty | Group
---------------------------------------------------------------
     1330 |   0.5969 |  3.542977e+04 |   -8.30% |  7.93e-08 |      
     1340 |   0.5862 |  3.585102e+04 |   +1.19% |  1.17e-07 |      
     1350 |   0.5340 |  3.622457e+04 |   +1.04% |  1.72e-07 |      
     1360 |   0.4976 |  3.689846e+04 |   +1.86% |  2.53e-07 |      
     1370 |   0.4640 |  3.731749e+04 |   +1.14% |  3.73e-07 |      
     1380 |   0.4302 |  3.764819e+04 |   +0.89% |  5.50e-07 |      
     1390 |   0.3963 |  3.800028e+04 |   +0.94% |  8.10e-07 |      
     1400 |   0.3636 |  3.829365e+04 |   +0.77% |  1.19e-06 |      
     1410 |   0.3321 |  3.859390e+04 |   +0.78% |  1.76e-06 |      
     1420 |   0.2992 |  3.892974e+04 |   +0.87% |  2.59e-06 |      
     1430 |   0.2690 |  3.905449e+04 |   +0.32% |  3.81e-06 |      
     1440 |   0.2382 |  3.912702e+04 |   +0.19% |  5.62e-06 |      
     1450 |   0.2098 |  3.929244e+04 |   +0.42% |  8.28e-06 |      
[INFO GPL-0100] Timing-driven iteration 2/2, virtual: false.
[INFO GPL-0101]    Iter: 1457, overflow: 0.193, keep resizer changes at: 1, HPWL: 39367171
Iteration |   Area    | Resized | Buffers | Nets repaired | Remaining
---------------------------------------------------------------------
        0 |     +0.0% |       0 |       0 |             0 |     10604
    final |     +0.0% |       0 |       0 |             0 |         0
---------------------------------------------------------------------
   Iter   |    Area   | Removed | Inserted |   Pins
          |           | Buffers | Buffers  | Remaining
-------------------------------------------------------
        0 |     +0.0% |       0 |        0 |      9310
      930 |     +0.0% |       0 |        0 |      8380
     1860 |     -0.7% |     209 |       86 |      7450
     2790 |     -1.4% |     381 |      110 |      6520
     3720 |     -1.6% |     426 |      118 |      5590
     4650 |     -2.1% |     635 |      221 |      4660
     5580 |     -2.4% |     758 |      264 |      3730
     6510 |     -2.6% |     835 |      304 |      2800
     7440 |     -3.0% |     998 |      390 |      1870
     8370 |     -3.0% |    1031 |      419 |       940
     9300 |     -3.0% |    1087 |      475 |        10
    final |     -3.0% |    1092 |      483 |         0
-------------------------------------------------------
[INFO GPL-0106] Timing-driven: worst slack -1.19e-10
[INFO GPL-0107] Timing-driven: repair_design delta area: -58.502 um^2 (-4.28%)
[INFO GPL-0108] Timing-driven: repair_design, gpl delta gcells: -609 (-5.94%)
[INFO GPL-0109] Timing-driven: repair_design, gcells created: 483, deleted: 1092
[INFO GPL-0110] Timing-driven: new target density: 0.90835416
Iteration | Overflow |     HPWL (um) |  HPWL(%) |   Penalty | Group
---------------------------------------------------------------
     1460 |   0.1911 |  3.999774e+04 |   +1.79% |  1.22e-05 |      
     1470 |   0.1689 |  3.964097e+04 |   -0.89% |  1.80e-05 |      
     1480 |   0.1433 |  3.921752e+04 |   -1.07% |  2.65e-05 |      
     1490 |   0.1226 |  3.922789e+04 |   +0.03% |  3.90e-05 |      
     1500 |   0.1038 |  3.942346e+04 |   +0.50% |  5.74e-05 |      
     1502 |   0.0998 |  3.943556e+04 |          |  6.45e-05 |      
---------------------------------------------------------------
[INFO GPL-1001] Global placement finished at iteration 1502
[INFO GPL-1003] Routability mode iteration count: 1154
[INFO GPL-1005] Routability final weighted congestion: 1.0450
[INFO GPL-1002] Placed Cell Area             1308.1661
[INFO GPL-1003] Available Free Area          1486.0082
[INFO GPL-1004] Minimum Feasible Density        0.8500 (cell_area / free_area)
[INFO GPL-1006]   Suggested Target Densities:
[INFO GPL-1007]     - For 90% usage of free space: 0.9781
[INFO GPL-1008]     - For 80% usage of free space: 1.1004
[INFO GPL-1011] Original area (um^2): 1256.88
[INFO GPL-1012] Total routability artificial inflation: 2.47 (+0.20%)
[INFO GPL-1013] Total timing-driven delta area: 48.81 (+3.88%)
[INFO GPL-1014] Final placement area: 1308.17 (+4.08%)
Took 11 seconds: global_placement -density 0.8750000214576721 -pad_left 0 -pad_right 0 -routability_driven -timing_driven -force_center_initial_place -min_phi_coef 0.95 -max_phi_coef 1.05
estimate_parasitics -placement
[INFO GPL-0137] No tray found for group of 32 flop instances containing DFFASRHQNx1_ASAP7_75t_R
Alpha = 2.0, Beta = 0.1, #paths = 0, max size = 500
Total ILP Cost: 2098.176
Total Timing Critical Path Displacement: 0.0
Average slot-to-flop displacement: 0.050
Final Objective Value: 2098.176
Sizes used
  1-bit: 872
  2-bit: 18
  4-bit: 37
estimate_parasitics -placement
Report metrics stage 3, global place...

==========================================================================
global place report_design_area
--------------------------------------------------------------------------
Design area 1913 um^2 65% utilization.
write_db ./results/asap7/riscv32i-mock-sram/baseline_alpha_2-beta_0.1/3_3_place_gp.odb
Elapsed time: 0:23.13[h:]min:sec. CPU time: user 203.28 sys 10.90 (925%). Peak memory: 541644KB.
Log                        Elapsed/s Peak Memory/MB  sha1sum .odb [0:20)
3_3_place_gp                      23            528 dd8aa81d873b7541e2f4
