OpenROAD fe1aa0f9d0254fac87b82c886c04ee1544e46885 
Features included (+) or not (-): +GPU +GUI +Python
This program is licensed under the BSD-3 license. See the LICENSE file for details.
Components of this program may be licensed under more restrictive licenses which must be honored.
[INFO ORD-0030] Using 32 thread(s).
source /home/lucast/workspace/OR-flow-TCC/flow/platforms/asap7/liberty_suppressions.tcl
read_liberty /home/lucast/workspace/OR-flow-TCC/flow/platforms/asap7/lib/NLDM/asap7sc7p5t_AO_RVT_FF_nldm_211120.lib.gz
read_liberty /home/lucast/workspace/OR-flow-TCC/flow/platforms/asap7/lib/NLDM/asap7sc7p5t_INVBUF_RVT_FF_nldm_220122.lib.gz
read_liberty /home/lucast/workspace/OR-flow-TCC/flow/platforms/asap7/lib/NLDM/asap7sc7p5t_OA_RVT_FF_nldm_211120.lib.gz
read_liberty /home/lucast/workspace/OR-flow-TCC/flow/platforms/asap7/lib/NLDM/asap7sc7p5t_SIMPLE_RVT_FF_nldm_211120.lib.gz
read_liberty /home/lucast/workspace/OR-flow-TCC/flow/platforms/asap7/lib/NLDM/asap7sc7p5t_SEQ_RVT_FF_nldm_220123.lib
read_liberty /home/lucast/workspace/OR-flow-TCC/flow/platforms/asap7/lib/NLDM/asap7sc7p5t_DFFHQNH2V2X_RVT_TT_nldm_FAKE.lib
read_liberty /home/lucast/workspace/OR-flow-TCC/flow/platforms/asap7/lib/NLDM/asap7sc7p5t_DFFHQNV2X_RVT_TT_nldm_FAKE.lib
read_db ./results/asap7/aes/baseline_alpha_16-beta_0.1/4_cts.odb
source /home/lucast/workspace/OR-flow-TCC/flow/platforms/asap7/setRC.tcl
pin_access
[INFO DRT-0149] Reading tech and libs.

Units:                1000
Number of layers:     21
Number of macros:     230
Number of vias:       14
Number of viarulegen: 11

[INFO DRT-0150] Reading design.

Design:                   aes_cipher_top
Die area:                 ( 0 0 ) ( 52642 52642 )
Number of track patterns: 32
Number of DEF vias:       0
Number of components:     16624
Number of terminals:      390
Number of snets:          2
Number of nets:           17103

[INFO DRT-0167] List of default vias:
  Layer V2
    default via: VIA23
  Layer V3
    default via: VIA34
  Layer V4
    default via: VIA45
  Layer V5
    default via: VIA56
  Layer V6
    default via: VIA67
  Layer V7
    default via: VIA78
  Layer V8
    default via: VIA89
  Layer V9
    default via: VIA9Pad
[INFO DRT-0162] Library cell analysis.
[INFO DRT-0163] Instance analysis.
[INFO DRT-0164] Number of unique instances = 204.
[INFO DRT-0168] Init region query.
[INFO DRT-0024]   Complete Active.
[INFO DRT-0024]   Complete V0.
[INFO DRT-0024]   Complete M1.
[INFO DRT-0024]   Complete V1.
[INFO DRT-0024]   Complete M2.
[INFO DRT-0024]   Complete V2.
[INFO DRT-0024]   Complete M3.
[INFO DRT-0024]   Complete V3.
[INFO DRT-0024]   Complete M4.
[INFO DRT-0024]   Complete V4.
[INFO DRT-0024]   Complete M5.
[INFO DRT-0024]   Complete V5.
[INFO DRT-0024]   Complete M6.
[INFO DRT-0024]   Complete V6.
[INFO DRT-0024]   Complete M7.
[INFO DRT-0024]   Complete V7.
[INFO DRT-0024]   Complete M8.
[INFO DRT-0024]   Complete V8.
[INFO DRT-0024]   Complete M9.
[INFO DRT-0024]   Complete V9.
[INFO DRT-0024]   Complete Pad.
[INFO DRT-0033] Active shape region query size = 0.
[INFO DRT-0033] V0 shape region query size = 0.
[INFO DRT-0033] M1 shape region query size = 248558.
[INFO DRT-0033] V1 shape region query size = 248298.
[INFO DRT-0033] M2 shape region query size = 3971.
[INFO DRT-0033] V2 shape region query size = 5128.
[INFO DRT-0033] M3 shape region query size = 4994.
[INFO DRT-0033] V3 shape region query size = 3240.
[INFO DRT-0033] M4 shape region query size = 3407.
[INFO DRT-0033] V4 shape region query size = 3240.
[INFO DRT-0033] M5 shape region query size = 2021.
[INFO DRT-0033] V5 shape region query size = 324.
[INFO DRT-0033] M6 shape region query size = 198.
[INFO DRT-0033] V6 shape region query size = 0.
[INFO DRT-0033] M7 shape region query size = 0.
[INFO DRT-0033] V7 shape region query size = 0.
[INFO DRT-0033] M8 shape region query size = 0.
[INFO DRT-0033] V8 shape region query size = 0.
[INFO DRT-0033] M9 shape region query size = 0.
[INFO DRT-0033] V9 shape region query size = 0.
[INFO DRT-0033] Pad shape region query size = 0.
[INFO DRT-0165] Start pin access.
[INFO DRT-0076]   Complete 1000 pins.
[INFO DRT-0078]   Complete 1172 pins.
[INFO DRT-0079]   Complete 100 unique inst patterns.
[INFO DRT-0079]   Complete 200 unique inst patterns.
[INFO DRT-0081]   Complete 204 unique inst patterns.
[INFO DRT-0084]   Complete 8083 groups.
#scanned instances     = 16624
#unique  instances     = 204
#stdCellGenAp          = 7787
#stdCellValidPlanarAp  = 51
#stdCellValidViaAp     = 5441
#stdCellPinNoAp        = 0
#stdCellPinCnt         = 53025
#instTermValidViaApCnt = 0
#macroGenAp            = 0
#macroValidPlanarAp    = 0
#macroValidViaAp       = 0
#macroNoAp             = 0
[INFO DRT-0166] Complete pin access.
[INFO DRT-0267] cpu time = 00:08:16, elapsed time = 00:00:19, memory = 291.32 (MB), peak = 286.70 (MB)
Took 20 seconds: pin_access
global_route -congestion_report_file ./reports/asap7/aes/baseline_alpha_16-beta_0.1/congestion.rpt -congestion_iterations 30 -congestion_report_iter_step 5 -verbose
[INFO GRT-0020] Min routing layer: M2
[INFO GRT-0021] Max routing layer: M7
[INFO GRT-0022] Global adjustment: 0%
[INFO GRT-0023] Grid origin: (0, 0)
[INFO GRT-0088] Layer M1      Track-Pitch = 0.0360  line-2-Via Pitch: 0.0360
[INFO GRT-0088] Layer M2      Track-Pitch = 0.0390  line-2-Via Pitch: 0.0360
[INFO GRT-0088] Layer M3      Track-Pitch = 0.0360  line-2-Via Pitch: 0.0360
[INFO GRT-0088] Layer M4      Track-Pitch = 0.0480  line-2-Via Pitch: 0.0480
[INFO GRT-0088] Layer M5      Track-Pitch = 0.0480  line-2-Via Pitch: 0.0480
[INFO GRT-0088] Layer M6      Track-Pitch = 0.0640  line-2-Via Pitch: 0.0640
[INFO GRT-0088] Layer M7      Track-Pitch = 0.0640  line-2-Via Pitch: 0.0640
[INFO GRT-0003] Macros: 0
[INFO GRT-0004] Blockages: 1686
[INFO GRT-0019] Found 18 clock nets.
[INFO GRT-0001] Minimum degree: 2
[INFO GRT-0002] Maximum degree: 72

[INFO GRT-0053] Routing resources analysis:
          Routing      Original      Derated      Resource
Layer     Direction    Resources     Resources    Reduction (%)
---------------------------------------------------------------
M1         Vertical            0             0          0.00%
M2         Horizontal     104662         75426          27.93%
M3         Vertical       128125         95137          25.75%
M4         Horizontal      98126         72929          25.68%
M5         Vertical        95038         70597          25.72%
M6         Horizontal      66903         45490          32.01%
M7         Vertical        74893         50505          32.56%
---------------------------------------------------------------

[INFO GRT-0197] Via related to pin nodes: 99498
[INFO GRT-0198] Via related Steiner nodes: 3124
[INFO GRT-0199] Via filling finished.
[INFO GRT-0111] Final number of vias: 128574
[INFO GRT-0112] Final usage 3D: 485291

[INFO GRT-0096] Final congestion report:
Layer         Resource        Demand        Usage (%)    Max H / Max V / Total Overflow
---------------------------------------------------------------------------------------
M1                   0             0            0.00%             0 /  0 /  0
M2               75426         38261           50.73%             0 /  0 /  0
M3               95137         43253           45.46%             0 /  0 /  0
M4               72929         11132           15.26%             0 /  0 /  0
M5               70597          6444            9.13%             0 /  0 /  0
M6               45490           387            0.85%             0 /  0 /  0
M7               50505            92            0.18%             0 /  0 /  0
---------------------------------------------------------------------------------------
Total           410084         99569           24.28%             0 /  0 /  0

[INFO GRT-0018] Total wirelength: 82152 um
[INFO GRT-0014] Routed nets: 16853
[INFO GRT-0303] Global routing runtime = 00:00:00
estimate_parasitics -global_routing
Perform buffer insertion and gate resizing...
repair_design -verbose
Iteration |   Area    | Resized | Buffers | Nets repaired | Remaining
---------------------------------------------------------------------
        0 |     +0.0% |       0 |       0 |             0 |     17118
     1000 |     +0.0% |       0 |       0 |             0 |     16118
     2000 |     +0.0% |       0 |       0 |             0 |     15118
     3000 |     +0.0% |       0 |       0 |             0 |     14118
     4000 |     +0.0% |       0 |       0 |             0 |     13118
     5000 |     +0.0% |       0 |       0 |             0 |     12118
     6000 |     +0.0% |       0 |       0 |             0 |     11118
[WARNING RSZ-0104] Net _15539_ only has one pin. Check if it is intended to be dangling.
[WARNING RSZ-0104] Net _15538_ only has one pin. Check if it is intended to be dangling.
[WARNING RSZ-0104] Net _15535_ only has one pin. Check if it is intended to be dangling.
[WARNING RSZ-0104] Net _15528_ only has one pin. Check if it is intended to be dangling.
[WARNING RSZ-0104] Net _15527_ only has one pin. Check if it is intended to be dangling.
[WARNING RSZ-0104] Net _15526_ only has one pin. Check if it is intended to be dangling.
[WARNING RSZ-0104] Net _15303_ only has one pin. Check if it is intended to be dangling.
[WARNING RSZ-0104] Net _15300_ only has one pin. Check if it is intended to be dangling.
[WARNING RSZ-0104] Net _15299_ only has one pin. Check if it is intended to be dangling.
     7000 |     +0.0% |       0 |       0 |             0 |     10118
     8000 |     +0.0% |       0 |       0 |             0 |      9118
[WARNING RSZ-0104] Net _15545_ only has one pin. Check if it is intended to be dangling.
[WARNING RSZ-0104] Net _15543_ only has one pin. Check if it is intended to be dangling.
[WARNING RSZ-0104] Net _15542_ only has one pin. Check if it is intended to be dangling.
[WARNING RSZ-0104] Net _15541_ only has one pin. Check if it is intended to be dangling.
[WARNING RSZ-0104] Net _15533_ only has one pin. Check if it is intended to be dangling.
[WARNING RSZ-0104] Net _15530_ only has one pin. Check if it is intended to be dangling.
[WARNING RSZ-0104] Net _15525_ only has one pin. Check if it is intended to be dangling.
[WARNING RSZ-0104] Net _15524_ only has one pin. Check if it is intended to be dangling.
[WARNING RSZ-0104] Net _15523_ only has one pin. Check if it is intended to be dangling.
[WARNING RSZ-0104] Net _15518_ only has one pin. Check if it is intended to be dangling.
[WARNING RSZ-0104] Net _15517_ only has one pin. Check if it is intended to be dangling.
[WARNING RSZ-0104] Net _15516_ only has one pin. Check if it is intended to be dangling.
[WARNING RSZ-0104] Net _15463_ only has one pin. Check if it is intended to be dangling.
[WARNING RSZ-0104] Net _15462_ only has one pin. Check if it is intended to be dangling.
[WARNING RSZ-0104] Net _15461_ only has one pin. Check if it is intended to be dangling.
[WARNING RSZ-0104] Net _15460_ only has one pin. Check if it is intended to be dangling.
[WARNING RSZ-0104] Net _15459_ only has one pin. Check if it is intended to be dangling.
[WARNING RSZ-0104] Net _15458_ only has one pin. Check if it is intended to be dangling.
[WARNING RSZ-0104] Net _15438_ only has one pin. Check if it is intended to be dangling.
[WARNING RSZ-0104] Net _15437_ only has one pin. Check if it is intended to be dangling.
[WARNING RSZ-0104] Net _15436_ only has one pin. Check if it is intended to be dangling.
[WARNING RSZ-0104] Net _15435_ only has one pin. Check if it is intended to be dangling.
[WARNING RSZ-0104] Net _15434_ only has one pin. Check if it is intended to be dangling.
[WARNING RSZ-0104] Net _15433_ only has one pin. Check if it is intended to be dangling.
[WARNING RSZ-0104] Net _15419_ only has one pin. Check if it is intended to be dangling.
[WARNING RSZ-0104] Net _15386_ only has one pin. Check if it is intended to be dangling.
[WARNING RSZ-0104] Net _15385_ only has one pin. Check if it is intended to be dangling.
[WARNING RSZ-0104] Net _15384_ only has one pin. Check if it is intended to be dangling.
[WARNING RSZ-0104] Net _15383_ only has one pin. Check if it is intended to be dangling.
[WARNING RSZ-0104] Net _15382_ only has one pin. Check if it is intended to be dangling.
[WARNING RSZ-0104] Net _15381_ only has one pin. Check if it is intended to be dangling.
[WARNING RSZ-0104] Net _15380_ only has one pin. Check if it is intended to be dangling.
[WARNING RSZ-0104] Net _15315_ only has one pin. Check if it is intended to be dangling.
[WARNING RSZ-0104] Net _15314_ only has one pin. Check if it is intended to be dangling.
[WARNING RSZ-0104] Net _15311_ only has one pin. Check if it is intended to be dangling.
[WARNING RSZ-0104] Net _15309_ only has one pin. Check if it is intended to be dangling.
     9000 |     +0.0% |       0 |       0 |             0 |      8118
    10000 |     +0.0% |       0 |       0 |             0 |      7118
[WARNING RSZ-0104] Net _15544_ only has one pin. Check if it is intended to be dangling.
[WARNING RSZ-0104] Net _15540_ only has one pin. Check if it is intended to be dangling.
[WARNING RSZ-0104] Net _15537_ only has one pin. Check if it is intended to be dangling.
[WARNING RSZ-0104] Net _15536_ only has one pin. Check if it is intended to be dangling.
[WARNING RSZ-0104] Net _15534_ only has one pin. Check if it is intended to be dangling.
[WARNING RSZ-0104] Net _15532_ only has one pin. Check if it is intended to be dangling.
[WARNING RSZ-0104] Net _15531_ only has one pin. Check if it is intended to be dangling.
[WARNING RSZ-0104] Net _15529_ only has one pin. Check if it is intended to be dangling.
[WARNING RSZ-0104] Net _15522_ only has one pin. Check if it is intended to be dangling.
[WARNING RSZ-0104] Net _15521_ only has one pin. Check if it is intended to be dangling.
[WARNING RSZ-0104] Net _15520_ only has one pin. Check if it is intended to be dangling.
[WARNING RSZ-0104] Net _15519_ only has one pin. Check if it is intended to be dangling.
[WARNING RSZ-0104] Net _15515_ only has one pin. Check if it is intended to be dangling.
[WARNING RSZ-0104] Net _15514_ only has one pin. Check if it is intended to be dangling.
[WARNING RSZ-0104] Net _15513_ only has one pin. Check if it is intended to be dangling.
[WARNING RSZ-0104] Net _15512_ only has one pin. Check if it is intended to be dangling.
[WARNING RSZ-0104] Net _15511_ only has one pin. Check if it is intended to be dangling.
[WARNING RSZ-0104] Net _15504_ only has one pin. Check if it is intended to be dangling.
[WARNING RSZ-0104] Net _15503_ only has one pin. Check if it is intended to be dangling.
[WARNING RSZ-0104] Net _15502_ only has one pin. Check if it is intended to be dangling.
[WARNING RSZ-0104] Net _15501_ only has one pin. Check if it is intended to be dangling.
[WARNING RSZ-0104] Net _15500_ only has one pin. Check if it is intended to be dangling.
[WARNING RSZ-0104] Net _15499_ only has one pin. Check if it is intended to be dangling.
[WARNING RSZ-0104] Net _15498_ only has one pin. Check if it is intended to be dangling.
[WARNING RSZ-0104] Net _15497_ only has one pin. Check if it is intended to be dangling.
[WARNING RSZ-0104] Net _15496_ only has one pin. Check if it is intended to be dangling.
[WARNING RSZ-0104] Net _15487_ only has one pin. Check if it is intended to be dangling.
[WARNING RSZ-0104] Net _15468_ only has one pin. Check if it is intended to be dangling.
[WARNING RSZ-0104] Net _15420_ only has one pin. Check if it is intended to be dangling.
[WARNING RSZ-0104] Net _15418_ only has one pin. Check if it is intended to be dangling.
[WARNING RSZ-0104] Net _15417_ only has one pin. Check if it is intended to be dangling.
[WARNING RSZ-0104] Net _15416_ only has one pin. Check if it is intended to be dangling.
[WARNING RSZ-0104] Net _15415_ only has one pin. Check if it is intended to be dangling.
[WARNING RSZ-0104] Net _15414_ only has one pin. Check if it is intended to be dangling.
[WARNING RSZ-0104] Net _15413_ only has one pin. Check if it is intended to be dangling.
[WARNING RSZ-0104] Net _15412_ only has one pin. Check if it is intended to be dangling.
[WARNING RSZ-0104] Net _15411_ only has one pin. Check if it is intended to be dangling.
[WARNING RSZ-0104] Net _15410_ only has one pin. Check if it is intended to be dangling.
[WARNING RSZ-0104] Net _15409_ only has one pin. Check if it is intended to be dangling.
[WARNING RSZ-0104] Net _15390_ only has one pin. Check if it is intended to be dangling.
[WARNING RSZ-0104] Net _15388_ only has one pin. Check if it is intended to be dangling.
[WARNING RSZ-0104] Net _15353_ only has one pin. Check if it is intended to be dangling.
[WARNING RSZ-0104] Net _15352_ only has one pin. Check if it is intended to be dangling.
[WARNING RSZ-0104] Net _15351_ only has one pin. Check if it is intended to be dangling.
[WARNING RSZ-0104] Net _15350_ only has one pin. Check if it is intended to be dangling.
[WARNING RSZ-0104] Net _15349_ only has one pin. Check if it is intended to be dangling.
[WARNING RSZ-0104] Net _15348_ only has one pin. Check if it is intended to be dangling.
[WARNING RSZ-0104] Net _15345_ only has one pin. Check if it is intended to be dangling.
[WARNING RSZ-0104] Net _15344_ only has one pin. Check if it is intended to be dangling.
[WARNING RSZ-0104] Net _15341_ only has one pin. Check if it is intended to be dangling.
[WARNING RSZ-0104] Net _15340_ only has one pin. Check if it is intended to be dangling.
[WARNING RSZ-0104] Net _15339_ only has one pin. Check if it is intended to be dangling.
[WARNING RSZ-0104] Net _15338_ only has one pin. Check if it is intended to be dangling.
[WARNING RSZ-0104] Net _15337_ only has one pin. Check if it is intended to be dangling.
[WARNING RSZ-0104] Net _15336_ only has one pin. Check if it is intended to be dangling.
[WARNING RSZ-0104] Net _15335_ only has one pin. Check if it is intended to be dangling.
[WARNING RSZ-0104] Net _15320_ only has one pin. Check if it is intended to be dangling.
[WARNING RSZ-0104] Net _15319_ only has one pin. Check if it is intended to be dangling.
[WARNING RSZ-0104] Net _15318_ only has one pin. Check if it is intended to be dangling.
[WARNING RSZ-0104] Net _15317_ only has one pin. Check if it is intended to be dangling.
[WARNING RSZ-0104] Net _15316_ only has one pin. Check if it is intended to be dangling.
[WARNING RSZ-0104] Net _15312_ only has one pin. Check if it is intended to be dangling.
[WARNING RSZ-0104] Net _15310_ only has one pin. Check if it is intended to be dangling.
[WARNING RSZ-0104] Net _15308_ only has one pin. Check if it is intended to be dangling.
[WARNING RSZ-0104] Net _15307_ only has one pin. Check if it is intended to be dangling.
[WARNING RSZ-0104] Net _15306_ only has one pin. Check if it is intended to be dangling.
[WARNING RSZ-0104] Net _15305_ only has one pin. Check if it is intended to be dangling.
[WARNING RSZ-0104] Net _15304_ only has one pin. Check if it is intended to be dangling.
[WARNING RSZ-0104] Net _15302_ only has one pin. Check if it is intended to be dangling.
[WARNING RSZ-0104] Net _15301_ only has one pin. Check if it is intended to be dangling.
[WARNING RSZ-0104] Net _15298_ only has one pin. Check if it is intended to be dangling.
    11000 |     +0.0% |       0 |       0 |             0 |      6118
[WARNING RSZ-0104] Net _15547_ only has one pin. Check if it is intended to be dangling.
[WARNING RSZ-0104] Net _15546_ only has one pin. Check if it is intended to be dangling.
[WARNING RSZ-0104] Net _15506_ only has one pin. Check if it is intended to be dangling.
[WARNING RSZ-0104] Net _15495_ only has one pin. Check if it is intended to be dangling.
[WARNING RSZ-0104] Net _15494_ only has one pin. Check if it is intended to be dangling.
[WARNING RSZ-0104] Net _15493_ only has one pin. Check if it is intended to be dangling.
[WARNING RSZ-0104] Net _15492_ only has one pin. Check if it is intended to be dangling.
[WARNING RSZ-0104] Net _15491_ only has one pin. Check if it is intended to be dangling.
[WARNING RSZ-0104] Net _15490_ only has one pin. Check if it is intended to be dangling.
[WARNING RSZ-0104] Net _15489_ only has one pin. Check if it is intended to be dangling.
[WARNING RSZ-0104] Net _15488_ only has one pin. Check if it is intended to be dangling.
[WARNING RSZ-0104] Net _15470_ only has one pin. Check if it is intended to be dangling.
[WARNING RSZ-0104] Net _15469_ only has one pin. Check if it is intended to be dangling.
[WARNING RSZ-0104] Net _15467_ only has one pin. Check if it is intended to be dangling.
[WARNING RSZ-0104] Net _15466_ only has one pin. Check if it is intended to be dangling.
[WARNING RSZ-0104] Net _15465_ only has one pin. Check if it is intended to be dangling.
[WARNING RSZ-0104] Net _15464_ only has one pin. Check if it is intended to be dangling.
[WARNING RSZ-0104] Net _15443_ only has one pin. Check if it is intended to be dangling.
[WARNING RSZ-0104] Net _15442_ only has one pin. Check if it is intended to be dangling.
[WARNING RSZ-0104] Net _15441_ only has one pin. Check if it is intended to be dangling.
[WARNING RSZ-0104] Net _15440_ only has one pin. Check if it is intended to be dangling.
[WARNING RSZ-0104] Net _15439_ only has one pin. Check if it is intended to be dangling.
[WARNING RSZ-0104] Net _15423_ only has one pin. Check if it is intended to be dangling.
[WARNING RSZ-0104] Net _15422_ only has one pin. Check if it is intended to be dangling.
[WARNING RSZ-0104] Net _15397_ only has one pin. Check if it is intended to be dangling.
[WARNING RSZ-0104] Net _15395_ only has one pin. Check if it is intended to be dangling.
[WARNING RSZ-0104] Net _15392_ only has one pin. Check if it is intended to be dangling.
[WARNING RSZ-0104] Net _15391_ only has one pin. Check if it is intended to be dangling.
[WARNING RSZ-0104] Net _15389_ only has one pin. Check if it is intended to be dangling.
[WARNING RSZ-0104] Net _15379_ only has one pin. Check if it is intended to be dangling.
[WARNING RSZ-0104] Net _15378_ only has one pin. Check if it is intended to be dangling.
[WARNING RSZ-0104] Net _15377_ only has one pin. Check if it is intended to be dangling.
[WARNING RSZ-0104] Net _15376_ only has one pin. Check if it is intended to be dangling.
[WARNING RSZ-0104] Net _15375_ only has one pin. Check if it is intended to be dangling.
[WARNING RSZ-0104] Net _15373_ only has one pin. Check if it is intended to be dangling.
[WARNING RSZ-0104] Net _15372_ only has one pin. Check if it is intended to be dangling.
[WARNING RSZ-0104] Net _15371_ only has one pin. Check if it is intended to be dangling.
[WARNING RSZ-0104] Net _15370_ only has one pin. Check if it is intended to be dangling.
[WARNING RSZ-0104] Net _15369_ only has one pin. Check if it is intended to be dangling.
[WARNING RSZ-0104] Net _15368_ only has one pin. Check if it is intended to be dangling.
[WARNING RSZ-0104] Net _15367_ only has one pin. Check if it is intended to be dangling.
[WARNING RSZ-0104] Net _15366_ only has one pin. Check if it is intended to be dangling.
[WARNING RSZ-0104] Net _15364_ only has one pin. Check if it is intended to be dangling.
[WARNING RSZ-0104] Net _15363_ only has one pin. Check if it is intended to be dangling.
[WARNING RSZ-0104] Net _15362_ only has one pin. Check if it is intended to be dangling.
[WARNING RSZ-0104] Net _15361_ only has one pin. Check if it is intended to be dangling.
[WARNING RSZ-0104] Net _15360_ only has one pin. Check if it is intended to be dangling.
[WARNING RSZ-0104] Net _15359_ only has one pin. Check if it is intended to be dangling.
[WARNING RSZ-0104] Net _15358_ only has one pin. Check if it is intended to be dangling.
[WARNING RSZ-0104] Net _15357_ only has one pin. Check if it is intended to be dangling.
[WARNING RSZ-0104] Net _15356_ only has one pin. Check if it is intended to be dangling.
[WARNING RSZ-0104] Net _15355_ only has one pin. Check if it is intended to be dangling.
[WARNING RSZ-0104] Net _15354_ only has one pin. Check if it is intended to be dangling.
[WARNING RSZ-0104] Net _15347_ only has one pin. Check if it is intended to be dangling.
[WARNING RSZ-0104] Net _15346_ only has one pin. Check if it is intended to be dangling.
[WARNING RSZ-0104] Net _15343_ only has one pin. Check if it is intended to be dangling.
[WARNING RSZ-0104] Net _15342_ only has one pin. Check if it is intended to be dangling.
[WARNING RSZ-0104] Net _15334_ only has one pin. Check if it is intended to be dangling.
[WARNING RSZ-0104] Net _15333_ only has one pin. Check if it is intended to be dangling.
[WARNING RSZ-0104] Net _15332_ only has one pin. Check if it is intended to be dangling.
[WARNING RSZ-0104] Net _15331_ only has one pin. Check if it is intended to be dangling.
[WARNING RSZ-0104] Net _15330_ only has one pin. Check if it is intended to be dangling.
[WARNING RSZ-0104] Net _15329_ only has one pin. Check if it is intended to be dangling.
[WARNING RSZ-0104] Net _15328_ only has one pin. Check if it is intended to be dangling.
[WARNING RSZ-0104] Net _15327_ only has one pin. Check if it is intended to be dangling.
[WARNING RSZ-0104] Net _15326_ only has one pin. Check if it is intended to be dangling.
[WARNING RSZ-0104] Net _15325_ only has one pin. Check if it is intended to be dangling.
[WARNING RSZ-0104] Net _15324_ only has one pin. Check if it is intended to be dangling.
[WARNING RSZ-0104] Net _15323_ only has one pin. Check if it is intended to be dangling.
[WARNING RSZ-0104] Net _15322_ only has one pin. Check if it is intended to be dangling.
[WARNING RSZ-0104] Net _15321_ only has one pin. Check if it is intended to be dangling.
[WARNING RSZ-0104] Net _15313_ only has one pin. Check if it is intended to be dangling.
    12000 |     +0.0% |       0 |       0 |             0 |      5118
[WARNING RSZ-0104] Net _15510_ only has one pin. Check if it is intended to be dangling.
[WARNING RSZ-0104] Net _15509_ only has one pin. Check if it is intended to be dangling.
[WARNING RSZ-0104] Net _15508_ only has one pin. Check if it is intended to be dangling.
[WARNING RSZ-0104] Net _15507_ only has one pin. Check if it is intended to be dangling.
[WARNING RSZ-0104] Net _15505_ only has one pin. Check if it is intended to be dangling.
[WARNING RSZ-0104] Net _15476_ only has one pin. Check if it is intended to be dangling.
[WARNING RSZ-0104] Net _15472_ only has one pin. Check if it is intended to be dangling.
[WARNING RSZ-0104] Net _15471_ only has one pin. Check if it is intended to be dangling.
[WARNING RSZ-0104] Net _15455_ only has one pin. Check if it is intended to be dangling.
[WARNING RSZ-0104] Net _15454_ only has one pin. Check if it is intended to be dangling.
[WARNING RSZ-0104] Net _15451_ only has one pin. Check if it is intended to be dangling.
[WARNING RSZ-0104] Net _15448_ only has one pin. Check if it is intended to be dangling.
[WARNING RSZ-0104] Net _15447_ only has one pin. Check if it is intended to be dangling.
[WARNING RSZ-0104] Net _15446_ only has one pin. Check if it is intended to be dangling.
[WARNING RSZ-0104] Net _15445_ only has one pin. Check if it is intended to be dangling.
[WARNING RSZ-0104] Net _15444_ only has one pin. Check if it is intended to be dangling.
[WARNING RSZ-0104] Net _15430_ only has one pin. Check if it is intended to be dangling.
[WARNING RSZ-0104] Net _15429_ only has one pin. Check if it is intended to be dangling.
[WARNING RSZ-0104] Net _15427_ only has one pin. Check if it is intended to be dangling.
[WARNING RSZ-0104] Net _15426_ only has one pin. Check if it is intended to be dangling.
[WARNING RSZ-0104] Net _15421_ only has one pin. Check if it is intended to be dangling.
[WARNING RSZ-0104] Net _15405_ only has one pin. Check if it is intended to be dangling.
[WARNING RSZ-0104] Net _15404_ only has one pin. Check if it is intended to be dangling.
[WARNING RSZ-0104] Net _15401_ only has one pin. Check if it is intended to be dangling.
[WARNING RSZ-0104] Net _15400_ only has one pin. Check if it is intended to be dangling.
[WARNING RSZ-0104] Net _15399_ only has one pin. Check if it is intended to be dangling.
[WARNING RSZ-0104] Net _15398_ only has one pin. Check if it is intended to be dangling.
[WARNING RSZ-0104] Net _15396_ only has one pin. Check if it is intended to be dangling.
[WARNING RSZ-0104] Net _15394_ only has one pin. Check if it is intended to be dangling.
[WARNING RSZ-0104] Net _15393_ only has one pin. Check if it is intended to be dangling.
[WARNING RSZ-0104] Net _15387_ only has one pin. Check if it is intended to be dangling.
[WARNING RSZ-0104] Net _15374_ only has one pin. Check if it is intended to be dangling.
[WARNING RSZ-0104] Net _15365_ only has one pin. Check if it is intended to be dangling.
[WARNING RSZ-0104] Net _15482_ only has one pin. Check if it is intended to be dangling.
[WARNING RSZ-0104] Net _15481_ only has one pin. Check if it is intended to be dangling.
[WARNING RSZ-0104] Net _15480_ only has one pin. Check if it is intended to be dangling.
[WARNING RSZ-0104] Net _15479_ only has one pin. Check if it is intended to be dangling.
[WARNING RSZ-0104] Net _15477_ only has one pin. Check if it is intended to be dangling.
[WARNING RSZ-0104] Net _15475_ only has one pin. Check if it is intended to be dangling.
[WARNING RSZ-0104] Net _15474_ only has one pin. Check if it is intended to be dangling.
[WARNING RSZ-0104] Net _15473_ only has one pin. Check if it is intended to be dangling.
[WARNING RSZ-0104] Net _15457_ only has one pin. Check if it is intended to be dangling.
[WARNING RSZ-0104] Net _15456_ only has one pin. Check if it is intended to be dangling.
[WARNING RSZ-0104] Net _15453_ only has one pin. Check if it is intended to be dangling.
[WARNING RSZ-0104] Net _15452_ only has one pin. Check if it is intended to be dangling.
[WARNING RSZ-0104] Net _15450_ only has one pin. Check if it is intended to be dangling.
[WARNING RSZ-0104] Net _15449_ only has one pin. Check if it is intended to be dangling.
[WARNING RSZ-0104] Net _15432_ only has one pin. Check if it is intended to be dangling.
[WARNING RSZ-0104] Net _15431_ only has one pin. Check if it is intended to be dangling.
[WARNING RSZ-0104] Net _15428_ only has one pin. Check if it is intended to be dangling.
[WARNING RSZ-0104] Net _15425_ only has one pin. Check if it is intended to be dangling.
[WARNING RSZ-0104] Net _15424_ only has one pin. Check if it is intended to be dangling.
[WARNING RSZ-0104] Net _15408_ only has one pin. Check if it is intended to be dangling.
[WARNING RSZ-0104] Net _15407_ only has one pin. Check if it is intended to be dangling.
[WARNING RSZ-0104] Net _15406_ only has one pin. Check if it is intended to be dangling.
[WARNING RSZ-0104] Net _15403_ only has one pin. Check if it is intended to be dangling.
[WARNING RSZ-0104] Net _15402_ only has one pin. Check if it is intended to be dangling.
    13000 |     +0.0% |       0 |       0 |             0 |      4118
[WARNING RSZ-0104] Net _15478_ only has one pin. Check if it is intended to be dangling.
    14000 |     +0.0% |       0 |       0 |             0 |      3118
[WARNING RSZ-0104] Net _15486_ only has one pin. Check if it is intended to be dangling.
[WARNING RSZ-0104] Net _15485_ only has one pin. Check if it is intended to be dangling.
[WARNING RSZ-0104] Net _15484_ only has one pin. Check if it is intended to be dangling.
[WARNING RSZ-0104] Net _15483_ only has one pin. Check if it is intended to be dangling.
    15000 |     +0.0% |       0 |       0 |             0 |      2118
    16000 |     +0.0% |       0 |       0 |             0 |      1118
    17000 |     +0.0% |       0 |       0 |             0 |       118
    final |     +0.0% |       0 |       0 |             0 |         0
---------------------------------------------------------------------
global_route -start_incremental
detailed_placement
[INFO DPL-0005] Max displacement: +/- 500 sites horizontally, +/- 100 rows vertically.
Movements Summary
---------------------------------------
Total cells:                   16176
Diamond Move Success:          16176 (100.00%)
Diamond Move Failure:              0
Rip-up and replace Success:        0 (  0.00% of diamond failures)
Rip-up and replace Failure:        0
Total Placement Failures:          0
---------------------------------------
Placement Analysis
---------------------------------
total displacement          0.0 u
average displacement        0.0 u
max displacement            0.0 u
original HPWL           49198.4 u
legalized HPWL          49198.4 u
delta HPWL                    0 %

global_route -end_incremental -congestion_report_file ./reports/asap7/aes/baseline_alpha_16-beta_0.1/congestion_post_repair_design.rpt
Repair setup and hold violations...
estimate_parasitics -global_routing
repair_timing -setup_margin 0 -hold_margin 0 -repair_tns 100 -verbose
[INFO RSZ-0100] Repair move sequence: UnbufferMove SizeUpMove SwapPinsMove BufferMove CloneMove SplitLoadMove 
[INFO RSZ-0094] Found 160 endpoints with setup violations.
[INFO RSZ-0099] Repairing 160 out of 160 (100.00%) violating endpoints...
   Iter   | Removed | Resized | Inserted | Cloned |  Pin  |   Area   |    WNS   |   TNS      |  Viol  | Worst
          | Buffers |  Gates  | Buffers  |  Gates | Swaps |          |          |            | Endpts | Endpt
--------------------------------------------------------------------------------------------------------------
        0 |       0 |       0 |        0 |      0 |     0 |    +0.0% |  -53.509 |    -4639.6 |    160 | _tray_size4_1009/D3
       10 |       0 |       2 |        1 |      0 |     6 |    +0.0% |  -56.857 |    -4656.2 |    160 | _tray_size4_1053/D0
       18 |       0 |       0 |        0 |      0 |     2 |    +0.0% |  -52.958 |    -4630.7 |    160 | _tray_size4_1053/D0
       20 |       0 |       0 |        1 |      0 |     2 |    +0.0% |  -52.728 |    -4629.5 |    160 | _tray_size4_1053/D0
       22 |       0 |       2 |        1 |      0 |     2 |    +0.0% |  -52.643 |    -4630.7 |    160 | _tray_size4_1009/D3
       30 |       0 |       3 |        2 |      0 |     7 |    +0.0% |  -51.361 |    -4607.0 |    160 | _tray_size4_1053/D0
       36 |       0 |       3 |        2 |      0 |     5 |    +0.0% |  -51.361 |    -4618.2 |    160 | _tray_size4_1053/D0
       40 |       0 |       3 |        3 |      0 |     7 |    +0.0% |  -51.965 |    -4617.9 |    160 | _tray_size4_1077/D2
       40 |       0 |       3 |        3 |      0 |     5 |    +0.0% |  -51.361 |    -4616.1 |    160 | _tray_size4_1053/D0
       46 |       0 |       3 |        3 |      0 |     7 |    +0.0% |  -51.361 |    -4615.6 |    160 | _tray_size4_1053/D0
       50 |       0 |       3 |        3 |      0 |    10 |    +0.0% |  -51.361 |    -4618.1 |    160 | _tray_size4_1053/D0
       52 |       0 |       3 |        3 |      0 |     7 |    +0.0% |  -51.361 |    -4615.6 |    160 | _tray_size4_1053/D0
       60 |       0 |       6 |        4 |      0 |    10 |    +0.0% |  -51.424 |    -4614.8 |    160 | _tray_size4_1053/D0
       67 |       0 |       3 |        3 |      0 |     7 |    +0.0% |  -51.361 |    -4615.6 |    160 | _tray_size4_1053/D0
       70 |       0 |       3 |        3 |      0 |     9 |    +0.0% |  -51.361 |    -4609.7 |    160 | _tray_size4_1053/D0
       80 |       0 |       3 |        4 |      0 |    18 |    +0.0% |  -51.361 |    -4615.3 |    160 | _tray_size4_1053/D0
       80 |       0 |       3 |        3 |      0 |    11 |    +0.0% |  -51.361 |    -4597.0 |    160 | _tray_size4_1053/D0
       88 |       0 |       3 |        3 |      0 |    11 |    +0.0% |  -51.361 |    -4597.0 |    160 | _tray_size4_1053/D0
       90 |       0 |       3 |        3 |      0 |    12 |    +0.0% |  -51.361 |    -4591.6 |    160 | _tray_size4_1053/D0
       97 |       0 |       4 |        6 |      0 |    15 |    +0.0% |  -51.361 |    -4597.6 |    160 | _tray_size4_1053/D0
      100 |       0 |       4 |        7 |      0 |    16 |    +0.0% |  -51.361 |    -4571.3 |    160 | _tray_size4_1053/D0
      110 |       0 |       4 |       12 |      0 |    21 |    +0.1% |  -51.361 |    -4562.7 |    160 | _tray_size4_1053/D0
      120 |       0 |       5 |       14 |      0 |    29 |    +0.1% |  -51.361 |    -4570.8 |    160 | _tray_size4_1053/D0
      127 |       0 |       7 |       15 |      0 |    31 |    +0.1% |  -51.361 |    -4562.9 |    160 | _tray_size4_1053/D0
      130 |       0 |       7 |       15 |      0 |    33 |    +0.1% |  -51.361 |    -4565.3 |    160 | _tray_size4_1053/D0
      133 |       0 |       7 |       15 |      0 |    31 |    +0.1% |  -51.361 |    -4562.9 |    160 | _tray_size4_1053/D0
      140 |       0 |       9 |       16 |      0 |    34 |    +0.1% |  -51.625 |    -4556.5 |    160 | _tray_size4_1053/D0
      150 |       0 |      13 |       17 |      0 |    39 |    +0.1% |  -51.689 |    -4554.7 |    160 | _tray_size4_1053/D0
      159 |       0 |      14 |       20 |      0 |    41 |    +0.1% |  -50.920 |    -4551.6 |    160 | _tray_size4_1053/D0
      160 |       0 |      14 |       20 |      0 |    41 |    +0.1% |  -50.920 |    -4551.6 |    160 | _tray_size4_1053/D0
      170 |       0 |      16 |       20 |      0 |    49 |    +0.1% |  -50.920 |    -4556.7 |    160 | _tray_size4_1053/D0
      170 |       0 |      16 |       20 |      0 |    48 |    +0.1% |  -50.920 |    -4552.3 |    160 | _tray_size4_1053/D0
      180 |       0 |      16 |       22 |      0 |    55 |    +0.1% |  -50.920 |    -4583.3 |    160 | _tray_size4_1053/D0
      185 |       0 |      16 |       22 |      0 |    52 |    +0.1% |  -50.920 |    -4555.3 |    160 | _tray_size4_1053/D0
      190 |       0 |      16 |       22 |      0 |    56 |    +0.1% |  -50.920 |    -4554.4 |    160 | _tray_size4_1053/D0
      190 |       0 |      16 |       22 |      0 |    53 |    +0.1% |  -50.920 |    -4553.7 |    160 | _tray_size4_1053/D0
      198 |       0 |      17 |       22 |      0 |    53 |    +0.1% |  -50.920 |    -4552.0 |    160 | _tray_size4_1053/D0
      200 |       0 |      17 |       22 |      0 |    54 |    +0.1% |  -50.920 |    -4552.6 |    160 | _tray_size4_1053/D0
      203 |       0 |      17 |       22 |      0 |    53 |    +0.1% |  -50.920 |    -4552.0 |    160 | _tray_size4_1053/D0
      209 |       0 |      17 |       22 |      0 |    53 |    +0.1% |  -50.920 |    -4552.0 |    160 | _tray_size4_1053/D0
      210 |       0 |      17 |       22 |      0 |    53 |    +0.1% |  -50.920 |    -4552.0 |    160 | _tray_size4_1053/D0
      214 |       0 |      17 |       22 |      0 |    54 |    +0.1% |  -50.920 |    -4551.3 |    160 | _tray_size4_1053/D0
      219 |       0 |      17 |       22 |      0 |    56 |    +0.1% |  -50.920 |    -4550.5 |    160 | _tray_size4_1053/D0
      220 |       0 |      17 |       22 |      0 |    56 |    +0.1% |  -50.920 |    -4550.5 |    160 | _tray_size4_1053/D0
      225 |       0 |      17 |       22 |      0 |    58 |    +0.1% |  -50.920 |    -4549.5 |    160 | _tray_size4_1053/D0
      230 |       0 |      20 |       22 |      0 |    59 |    +0.2% |  -50.920 |    -4546.7 |    160 | _tray_size4_1053/D0
      240 |       1 |      21 |       22 |      0 |    67 |    +0.1% |  -50.920 |    -4527.4 |    160 | _tray_size4_1053/D0
      240 |       1 |      21 |       22 |      0 |    64 |    +0.1% |  -50.920 |    -4525.3 |    160 | _tray_size4_1053/D0
      250 |       1 |      21 |       23 |      0 |    72 |    +0.2% |  -50.920 |    -4549.0 |    160 | _tray_size4_1053/D0
      256 |       1 |      21 |       22 |      0 |    65 |    +0.1% |  -50.920 |    -4518.7 |    160 | _tray_size4_1053/D0
      260 |       1 |      21 |       22 |      0 |    68 |    +0.1% |  -50.920 |    -4518.8 |    160 | _tray_size4_1053/D0
      269 |       2 |      21 |       22 |      0 |    72 |    +0.1% |  -50.920 |    -4511.2 |    160 | _tray_size4_1053/D0
      270 |       2 |      21 |       22 |      0 |    72 |    +0.1% |  -50.920 |    -4511.2 |    160 | _tray_size4_1053/D0
      273 |       2 |      21 |       22 |      0 |    73 |    +0.1% |  -50.920 |    -4509.6 |    160 | _tray_size4_1053/D0
      280 |       2 |      23 |       23 |      0 |    76 |    +0.2% |  -50.966 |    -4505.4 |    160 | _tray_size4_1053/D0
      290 |       2 |      26 |       26 |      0 |    80 |    +0.2% |  -51.407 |    -4508.2 |    160 | _tray_size4_1053/D0
      295 |       2 |      21 |       22 |      0 |    73 |    +0.1% |  -50.920 |    -4509.6 |    160 | _tray_size4_1053/D0
      299 |       2 |      21 |       22 |      0 |    73 |    +0.1% |  -50.920 |    -4509.6 |    160 | _tray_size4_1053/D0
      300 |       2 |      21 |       22 |      0 |    73 |    +0.1% |  -50.920 |    -4509.6 |    160 | _tray_size4_1053/D0
      306 |       2 |      21 |       22 |      0 |    73 |    +0.1% |  -50.920 |    -4509.6 |    160 | _tray_size4_1053/D0
      310 |       2 |      22 |       22 |      0 |    75 |    +0.1% |  -50.920 |    -4510.0 |    160 | _tray_size4_1053/D0
      320 |       2 |      22 |       25 |      0 |    82 |    +0.2% |  -50.920 |    -4500.7 |    160 | _tray_size4_1053/D0
      324 |       2 |      22 |       23 |      0 |    79 |    +0.1% |  -50.920 |    -4501.6 |    160 | _tray_size4_1053/D0
      329 |       2 |      22 |       23 |      0 |    79 |    +0.1% |  -50.920 |    -4501.6 |    160 | _tray_size4_1053/D0
      330 |       2 |      22 |       23 |      0 |    79 |    +0.1% |  -50.920 |    -4501.6 |    160 | _tray_size4_1053/D0
      332 |       2 |      22 |       23 |      0 |    81 |    +0.1% |  -50.920 |    -4501.5 |    160 | _tray_size4_1053/D0
      340 |       2 |      23 |       25 |      0 |    85 |    +0.2% |  -50.920 |    -4512.2 |    160 | _tray_size4_1053/D0
      350 |       2 |      23 |       28 |      0 |    92 |    +0.2% |  -50.920 |    -4530.8 |    160 | _tray_size4_1053/D0
      350 |       2 |      23 |       27 |      0 |    87 |    +0.2% |  -50.920 |    -4507.8 |    160 | _tray_size4_1053/D0
      355 |       2 |      23 |       28 |      0 |    87 |    +0.2% |  -50.920 |    -4507.5 |    160 | _tray_size4_1053/D0
      360 |       2 |      23 |       29 |      0 |    90 |    +0.2% |  -50.920 |    -4510.0 |    160 | _tray_size4_1053/D0
      361 |       2 |      23 |       28 |      0 |    87 |    +0.2% |  -50.920 |    -4507.5 |    160 | _tray_size4_1053/D0
      370 |       2 |      25 |       29 |      0 |    92 |    +0.2% |  -50.920 |    -4496.2 |    160 | _tray_size4_1053/D0
      380 |       2 |      28 |       35 |      0 |    95 |    +0.2% |  -50.920 |    -4491.9 |    160 | _tray_size4_1053/D0
      386 |       2 |      28 |       35 |      0 |    96 |    +0.2% |  -50.920 |    -4491.5 |    160 | _tray_size4_1053/D0
      390 |       2 |      28 |       35 |      0 |    99 |    +0.2% |  -50.920 |    -4493.9 |    160 | _tray_size4_1053/D0
      392 |       2 |      28 |       35 |      0 |    97 |    +0.2% |  -50.920 |    -4491.4 |    160 | _tray_size4_1053/D0
      398 |       2 |      28 |       35 |      0 |    99 |    +0.2% |  -50.920 |    -4488.8 |    160 | _tray_size4_1053/D0
      400 |       2 |      28 |       35 |      0 |   100 |    +0.2% |  -50.920 |    -4486.7 |    160 | _tray_size4_1053/D0
      409 |       3 |      29 |       35 |      0 |   102 |    +0.2% |  -50.920 |    -4476.9 |    160 | _tray_size4_1053/D0
      410 |       3 |      29 |       35 |      0 |   102 |    +0.2% |  -50.920 |    -4476.9 |    160 | _tray_size4_1053/D0
      413 |       3 |      29 |       35 |      0 |   102 |    +0.2% |  -50.920 |    -4476.9 |    160 | _tray_size4_1053/D0
      420 |       3 |      29 |       36 |      0 |   107 |    +0.2% |  -50.920 |    -4472.4 |    160 | _tray_size4_1053/D0
      427 |       3 |      29 |       36 |      0 |   104 |    +0.2% |  -50.920 |    -4462.5 |    160 | _tray_size4_1053/D0
      430 |       3 |      29 |       36 |      0 |   106 |    +0.2% |  -50.920 |    -4446.6 |    160 | _tray_size4_1053/D0
      440 |       3 |      29 |       39 |      0 |   113 |    +0.2% |  -50.920 |    -4483.9 |    160 | _tray_size4_1053/D0
      444 |       3 |      29 |       37 |      0 |   106 |    +0.2% |  -50.920 |    -4449.7 |    160 | _tray_size4_1053/D0
      450 |       3 |      29 |       39 |      0 |   110 |    +0.2% |  -50.920 |    -4450.9 |    160 | _tray_size4_1053/D0
      458 |       3 |      29 |       40 |      1 |   111 |    +0.3% |  -50.920 |    -4481.2 |    160 | _tray_size4_1053/D0
      460 |       3 |      29 |       41 |      1 |   111 |    +0.3% |  -50.920 |    -4479.2 |    160 | _tray_size4_1053/D0
      468 |       3 |      30 |       42 |      1 |   114 |    +0.3% |  -50.920 |    -4474.0 |    160 | _tray_size4_1053/D0
      470 |       3 |      30 |       43 |      1 |   114 |    +0.3% |  -50.920 |    -4473.1 |    160 | _tray_size4_1053/D0
      479 |       3 |      31 |       44 |      1 |   114 |    +0.3% |  -50.920 |    -4478.1 |    160 | _tray_size4_1053/D0
      480 |       3 |      31 |       44 |      1 |   114 |    +0.3% |  -50.920 |    -4478.1 |    160 | _tray_size4_1053/D0
      484 |       3 |      32 |       44 |      1 |   115 |    +0.3% |  -50.920 |    -4477.7 |    160 | _tray_size4_1053/D0
      490 |       3 |      32 |       46 |      1 |   118 |    +0.3% |  -50.920 |    -4483.4 |    160 | _tray_size4_1053/D0
      492 |       3 |      32 |       44 |      1 |   115 |    +0.3% |  -50.920 |    -4477.7 |    160 | _tray_size4_1053/D0
      500 |       3 |      32 |       46 |      1 |   120 |    +0.3% |  -50.920 |    -4459.6 |    160 | _tray_size4_1053/D0
      508 |       4 |      32 |       46 |      1 |   124 |    +0.3% |  -50.920 |    -4437.2 |    160 | _tray_size4_1053/D0
      510 |       4 |      32 |       46 |      1 |   125 |    +0.3% |  -50.920 |    -4435.2 |    160 | _tray_size4_1053/D0
      512 |       4 |      32 |       46 |      1 |   127 |    +0.3% |  -50.920 |    -4434.5 |    160 | _tray_size4_1053/D0
      517 |       4 |      32 |       46 |      1 |   128 |    +0.3% |  -50.920 |    -4433.0 |    160 | _tray_size4_1053/D0
      520 |       4 |      32 |       46 |      1 |   130 |    +0.3% |  -50.920 |    -4431.8 |    160 | _tray_size4_1053/D0
      523 |       4 |      32 |       46 |      1 |   131 |    +0.3% |  -50.920 |    -4431.8 |    160 | _tray_size4_1053/D0
      530 |       4 |      33 |       48 |      1 |   134 |    +0.3% |  -50.941 |    -4383.0 |    160 | _tray_size4_1053/D0
      540 |       4 |      35 |       50 |      1 |   140 |    +0.3% |  -50.941 |    -4378.5 |    160 | _tray_size4_1053/D0
      544 |       4 |      32 |       48 |      1 |   132 |    +0.3% |  -50.920 |    -4390.7 |    160 | _tray_size4_1053/D0
      550 |       4 |      33 |       49 |      1 |   135 |    +0.3% |  -50.920 |    -4390.1 |    160 | _tray_size4_1053/D0
      551 |       4 |      33 |       49 |      1 |   135 |    +0.3% |  -50.920 |    -4390.1 |    160 | _tray_size4_1053/D0
      560 |       4 |      37 |       50 |      1 |   138 |    +0.3% |  -50.941 |    -4366.8 |    160 | _tray_size4_1053/D0
      565 |       4 |      33 |       49 |      1 |   135 |    +0.3% |  -50.920 |    -4390.1 |    160 | _tray_size4_1053/D0
      570 |       4 |      35 |       50 |      1 |   136 |    +0.3% |  -50.941 |    -4368.8 |    160 | _tray_size4_1053/D0
      574 |       4 |      33 |       49 |      1 |   135 |    +0.3% |  -50.920 |    -4390.1 |    160 | _tray_size4_1053/D0
      580 |       4 |      34 |       51 |      1 |   137 |    +0.3% |  -50.920 |    -4375.3 |    160 | _tray_size4_1053/D0
      589 |       4 |      37 |       52 |      1 |   142 |    +0.3% |  -50.920 |    -4385.4 |    160 | _tray_size4_1053/D0
      590 |       4 |      37 |       52 |      1 |   142 |    +0.3% |  -50.920 |    -4385.4 |    160 | _tray_size4_1053/D0
      596 |       4 |      37 |       53 |      1 |   143 |    +0.3% |  -50.920 |    -4385.1 |    160 | _tray_size4_1053/D0
      600 |       4 |      37 |       53 |      1 |   146 |    +0.3% |  -50.920 |    -4388.2 |    160 | _tray_size4_1053/D0
      604 |       4 |      37 |       53 |      1 |   144 |    +0.3% |  -50.920 |    -4384.0 |    160 | _tray_size4_1053/D0
      610 |       4 |      39 |       57 |      1 |   146 |    +0.4% |  -50.920 |    -4378.8 |    160 | _tray_size4_1053/D0
      614 |       4 |      39 |       57 |      1 |   145 |    +0.4% |  -50.920 |    -4378.5 |    160 | _tray_size4_1053/D0
      620 |       4 |      40 |       60 |      1 |   147 |    +0.4% |  -50.920 |    -4381.8 |    160 | _tray_size4_1053/D0
      628 |       4 |      40 |       60 |      1 |   147 |    +0.4% |  -50.920 |    -4381.7 |    160 | _tray_size4_1053/D0
      630 |       4 |      40 |       60 |      1 |   148 |    +0.4% |  -50.920 |    -4383.4 |    160 | _tray_size4_1053/D0
      635 |       4 |      40 |       60 |      1 |   147 |    +0.4% |  -50.920 |    -4381.7 |    160 | _tray_size4_1053/D0
      640 |       4 |      40 |       60 |      1 |   151 |    +0.4% |  -50.920 |    -4388.9 |    160 | _tray_size4_1053/D0
      643 |       4 |      40 |       60 |      1 |   147 |    +0.4% |  -50.920 |    -4381.7 |    160 | _tray_size4_1053/D0
      650 |       4 |      42 |       63 |      1 |   149 |    +0.4% |  -50.920 |    -4380.6 |    160 | _tray_size4_1053/D0
      660 |       4 |      46 |       64 |      1 |   154 |    +0.4% |  -50.920 |    -4376.9 |    160 | _tray_size4_1053/D0
      664 |       4 |      45 |       64 |      1 |   150 |    +0.4% |  -50.920 |    -4378.0 |    160 | _tray_size4_1053/D0
      669 |       4 |      45 |       64 |      1 |   150 |    +0.4% |  -50.920 |    -4378.0 |    160 | _tray_size4_1053/D0
      670 |       4 |      45 |       64 |      1 |   150 |    +0.4% |  -50.920 |    -4378.0 |    160 | _tray_size4_1053/D0
      676 |       4 |      47 |       64 |      1 |   153 |    +0.4% |  -50.920 |    -4385.4 |    160 | _tray_size4_1053/D0
      680 |       4 |      47 |       64 |      1 |   156 |    +0.4% |  -50.920 |    -4385.2 |    160 | _tray_size4_1053/D0
      686 |       4 |      47 |       64 |      1 |   153 |    +0.4% |  -50.920 |    -4385.4 |    160 | _tray_size4_1053/D0
      690 |       4 |      47 |       65 |      1 |   155 |    +0.4% |  -50.920 |    -4385.7 |    160 | _tray_size4_1053/D0
      700 |       4 |      52 |       67 |      1 |   159 |    +0.4% |  -50.920 |    -4365.6 |    160 | _tray_size4_1053/D0
      703 |       4 |      52 |       71 |      1 |   159 |    +0.5% |  -50.920 |    -4365.2 |    160 | _tray_size4_1053/D0
      710 |       4 |      54 |       73 |      1 |   161 |    +0.5% |  -50.920 |    -4363.7 |    160 | _tray_size4_1053/D0
      715 |       4 |      54 |       73 |      1 |   161 |    +0.5% |  -50.920 |    -4363.7 |    160 | _tray_size4_1053/D0
      720 |       4 |      54 |       73 |      1 |   165 |    +0.5% |  -50.920 |    -4366.0 |    160 | _tray_size4_1053/D0
      724 |       4 |      54 |       73 |      1 |   161 |    +0.5% |  -50.920 |    -4363.7 |    160 | _tray_size4_1053/D0
      730 |       4 |      55 |       73 |      1 |   165 |    +0.5% |  -50.920 |    -4375.8 |    160 | _tray_size4_1053/D0
      735 |       4 |      56 |       73 |      1 |   168 |    +0.5% |  -50.920 |    -4368.0 |    160 | _tray_size4_1053/D0
      740 |       4 |      58 |       73 |      1 |   170 |    +0.5% |  -50.920 |    -4369.8 |    160 | _tray_size4_1053/D0
      750 |       4 |      61 |       77 |      1 |   173 |    +0.5% |  -50.920 |    -4339.8 |    160 | _tray_size4_1053/D0
      760 |       4 |      62 |       82 |      1 |   178 |    +0.6% |  -50.920 |    -4344.1 |    160 | _tray_size4_1053/D0
      770 |       4 |      64 |       92 |      1 |   181 |    +0.6% |  -50.920 |    -4346.0 |    160 | _tray_size4_1053/D0
      780 |       4 |      67 |       98 |      1 |   186 |    +0.6% |  -50.920 |    -4341.8 |    160 | _tray_size4_1053/D0
      781 |       4 |      67 |       98 |      1 |   184 |    +0.6% |  -50.920 |    -4340.4 |    160 | _tray_size4_1053/D0
      786 |       4 |      68 |       99 |      1 |   186 |    +0.7% |  -50.920 |    -4339.4 |    160 | _tray_size4_1053/D0
      790 |       4 |      71 |       99 |      1 |   186 |    +0.7% |  -50.920 |    -4332.1 |    160 | _tray_size4_1053/D0
      800 |       4 |      72 |      103 |      1 |   191 |    +0.7% |  -50.920 |    -4334.4 |    160 | _tray_size4_1053/D0
      810 |       4 |      73 |      105 |      1 |   198 |    +0.7% |  -50.920 |    -4337.5 |    160 | _tray_size4_1053/D0
      815 |       4 |      72 |      100 |      1 |   186 |    +0.7% |  -50.920 |    -4312.6 |    160 | _tray_size4_1053/D0
      820 |       4 |      72 |      100 |      1 |   190 |    +0.7% |  -50.920 |    -4315.4 |    160 | _tray_size4_1053/D0
      820 |       4 |      72 |      100 |      1 |   186 |    +0.7% |  -50.920 |    -4312.6 |    160 | _tray_size4_1053/D0
      826 |       4 |      72 |      100 |      1 |   186 |    +0.7% |  -50.920 |    -4312.6 |    160 | _tray_size4_1053/D0
      830 |       4 |      73 |      100 |      1 |   188 |    +0.7% |  -50.920 |    -4308.9 |    160 | _tray_size4_1053/D0
      836 |       4 |      74 |      100 |      1 |   189 |    +0.7% |  -50.920 |    -4304.4 |    160 | _tray_size4_1053/D0
      840 |       4 |      74 |      100 |      1 |   192 |    +0.7% |  -50.920 |    -4301.9 |    160 | _tray_size4_1053/D0
      846 |       4 |      75 |      101 |      1 |   196 |    +0.7% |  -50.920 |    -4299.1 |    160 | _tray_size4_1053/D0
      850 |       4 |      76 |      101 |      1 |   198 |    +0.7% |  -50.920 |    -4298.4 |    160 | _tray_size4_1053/D0
      853 |       4 |      77 |      101 |      1 |   200 |    +0.7% |  -50.920 |    -4300.9 |    160 | _tray_size4_1053/D0
      860 |       4 |      79 |      101 |      1 |   204 |    +0.7% |  -50.920 |    -4304.0 |    160 | _tray_size4_1053/D0
      865 |       4 |      78 |      101 |      1 |   202 |    +0.7% |  -50.920 |    -4299.5 |    160 | _tray_size4_1053/D0
      870 |       4 |      80 |      101 |      1 |   204 |    +0.7% |  -50.920 |    -4295.4 |    160 | _tray_size4_1053/D0
      880 |       4 |      83 |      111 |      1 |   207 |    +0.8% |  -50.920 |    -4292.2 |    160 | _tray_size4_1053/D0
      885 |       4 |      83 |      111 |      1 |   208 |    +0.8% |  -50.920 |    -4292.0 |    160 | _tray_size4_1053/D0
      890 |       4 |      84 |      111 |      1 |   211 |    +0.8% |  -50.920 |    -4296.8 |    160 | _tray_size4_1053/D0
      892 |       4 |      83 |      111 |      1 |   208 |    +0.8% |  -50.920 |    -4292.0 |    160 | _tray_size4_1053/D0
      900 |       4 |      84 |      112 |      1 |   213 |    +0.8% |  -50.920 |    -4370.9 |    160 | _tray_size4_1053/D0
      910 |       4 |      85 |      112 |      1 |   222 |    +0.8% |  -50.920 |    -4372.2 |    160 | _tray_size4_1053/D0
      912 |       4 |      83 |      111 |      1 |   209 |    +0.8% |  -50.920 |    -4288.5 |    160 | _tray_size4_1053/D0
      919 |       4 |      85 |      111 |      1 |   209 |    +0.8% |  -50.920 |    -4276.8 |    160 | _tray_size4_1053/D0
      920 |       4 |      85 |      111 |      1 |   209 |    +0.8% |  -50.920 |    -4276.8 |    160 | _tray_size4_1053/D0
      929 |       4 |      85 |      114 |      1 |   211 |    +0.8% |  -50.920 |    -4274.4 |    160 | _tray_size4_1053/D0
      930 |       4 |      85 |      114 |      1 |   211 |    +0.8% |  -50.920 |    -4274.4 |    160 | _tray_size4_1053/D0
      940 |       4 |      90 |      116 |      1 |   214 |    +0.8% |  -50.920 |    -4271.4 |    160 | _tray_size4_1053/D0
      942 |       4 |      90 |      116 |      1 |   213 |    +0.8% |  -50.920 |    -4270.0 |    160 | _tray_size4_1053/D0
      950 |       4 |      91 |      117 |      1 |   218 |    +0.8% |  -50.920 |    -4272.8 |    160 | _tray_size4_1053/D0
      950 |       4 |      91 |      117 |      1 |   218 |    +0.8% |  -50.920 |    -4272.8 |    160 | _tray_size4_1053/D0
      956 |       4 |      91 |      117 |      1 |   218 |    +0.8% |  -50.920 |    -4272.8 |    160 | _tray_size4_1053/D0
      960 |       4 |      91 |      117 |      1 |   221 |    +0.8% |  -50.920 |    -4272.3 |    160 | _tray_size4_1053/D0
      968 |       4 |      96 |      117 |      1 |   224 |    +0.8% |  -50.920 |    -4274.1 |    160 | _tray_size4_1053/D0
      970 |       4 |      96 |      118 |      1 |   224 |    +0.8% |  -50.920 |    -4359.6 |    160 | _tray_size4_1053/D0
      973 |       4 |      96 |      117 |      1 |   224 |    +0.8% |  -50.920 |    -4274.1 |    160 | _tray_size4_1053/D0
      980 |       4 |      98 |      118 |      1 |   227 |    +0.8% |  -50.920 |    -4271.9 |    160 | _tray_size4_1053/D0
      982 |       4 |      98 |      118 |      1 |   228 |    +0.8% |  -50.920 |    -4271.8 |    160 | _tray_size4_1053/D0
      990 |       4 |     100 |      119 |      1 |   232 |    +0.8% |  -50.920 |    -4272.2 |    160 | _tray_size4_1053/D0
      993 |       4 |     100 |      119 |      1 |   229 |    +0.8% |  -50.920 |    -4269.5 |    160 | _tray_size4_1053/D0
     1000 |       4 |     101 |      120 |      1 |   233 |    +0.9% |  -50.920 |    -4298.4 |    160 | _tray_size4_1053/D0
     1003 |       4 |     101 |      119 |      1 |   231 |    +0.8% |  -50.920 |    -4268.3 |    160 | _tray_size4_1053/D0
     1009 |       4 |     101 |      119 |      1 |   231 |    +0.8% |  -50.920 |    -4268.3 |    160 | _tray_size4_1053/D0
     1010 |       4 |     101 |      119 |      1 |   231 |    +0.8% |  -50.920 |    -4268.3 |    160 | _tray_size4_1053/D0
     1020 |       4 |     101 |      120 |      1 |   240 |    +0.9% |  -50.920 |    -4278.3 |    160 | _tray_size4_1053/D0
     1020 |       4 |     101 |      120 |      1 |   232 |    +0.9% |  -50.920 |    -4262.1 |    160 | _tray_size4_1053/D0
     1029 |       4 |     101 |      120 |      1 |   233 |    +0.9% |  -50.920 |    -4260.5 |    160 | _tray_size4_1053/D0
     1030 |       4 |     101 |      120 |      1 |   233 |    +0.9% |  -50.920 |    -4260.5 |    160 | _tray_size4_1053/D0
     1038 |       4 |     101 |      120 |      1 |   234 |    +0.9% |  -50.920 |    -4259.4 |    160 | _tray_size4_1053/D0
     1040 |       4 |     101 |      120 |      1 |   235 |    +0.9% |  -50.920 |    -4261.1 |    160 | _tray_size4_1053/D0
     1044 |       4 |     102 |      120 |      1 |   238 |    +0.9% |  -50.920 |    -4259.9 |    160 | _tray_size4_1053/D0
     1050 |       4 |     104 |      121 |      1 |   240 |    +0.9% |  -50.920 |    -4262.8 |    160 | _tray_size4_1053/D0
     1055 |       5 |     104 |      121 |      1 |   242 |    +0.9% |  -50.920 |    -4249.6 |    160 | _tray_size4_1053/D0
     1060 |       5 |     104 |      122 |      1 |   245 |    +0.9% |  -50.920 |    -4335.9 |    160 | _tray_size4_1053/D0
     1060 |       5 |     104 |      121 |      1 |   242 |    +0.9% |  -50.920 |    -4249.6 |    160 | _tray_size4_1053/D0
     1067 |       5 |     105 |      121 |      1 |   245 |    +0.9% |  -50.920 |    -4247.6 |    160 | _tray_size4_1053/D0
     1070 |       5 |     105 |      122 |      1 |   246 |    +0.9% |  -50.920 |    -4247.1 |    160 | _tray_size4_1053/D0
     1075 |       5 |     106 |      122 |      1 |   247 |    +0.9% |  -50.920 |    -4247.2 |    160 | _tray_size4_1053/D0
     1080 |       5 |     106 |      122 |      1 |   251 |    +0.9% |  -50.920 |    -4248.2 |    160 | _tray_size4_1053/D0
     1080 |       5 |     106 |      122 |      1 |   248 |    +0.9% |  -50.920 |    -4245.6 |    160 | _tray_size4_1053/D0
     1090 |       5 |     107 |      122 |      1 |   256 |    +0.9% |  -50.920 |    -4248.3 |    160 | _tray_size4_1053/D0
     1090 |       5 |     107 |      122 |      1 |   253 |    +0.9% |  -50.920 |    -4247.2 |    160 | _tray_size4_1053/D0
     1099 |       5 |     107 |      125 |      1 |   255 |    +0.9% |  -50.920 |    -4243.4 |    160 | _tray_size4_1053/D0
     1100 |       5 |     107 |      125 |      1 |   255 |    +0.9% |  -50.920 |    -4243.4 |    160 | _tray_size4_1053/D0
     1108 |       5 |     107 |      128 |      1 |   256 |    +0.9% |  -50.920 |    -4239.2 |    160 | _tray_size4_1053/D0
     1110 |       5 |     107 |      128 |      1 |   257 |    +0.9% |  -50.920 |    -4238.4 |    160 | _tray_size4_1053/D0
     1118 |       5 |     110 |      129 |      1 |   261 |    +0.9% |  -50.920 |    -4232.2 |    160 | _tray_size4_1053/D0
     1120 |       5 |     111 |      129 |      1 |   261 |    +0.9% |  -50.920 |    -4227.9 |    160 | _tray_size4_1053/D0
     1124 |       5 |     111 |      129 |      1 |   261 |    +0.9% |  -50.920 |    -4227.9 |    160 | _tray_size4_1053/D0
     1130 |       5 |     111 |      131 |      1 |   264 |    +0.9% |  -50.920 |    -4312.9 |    160 | _tray_size4_1053/D0
     1130 |       5 |     111 |      129 |      1 |   261 |    +0.9% |  -50.920 |    -4227.9 |    160 | _tray_size4_1053/D0
     1136 |       5 |     111 |      129 |      1 |   261 |    +0.9% |  -50.920 |    -4227.9 |    160 | _tray_size4_1053/D0
     1140 |       5 |     112 |      129 |      1 |   263 |    +0.9% |  -50.941 |    -4210.3 |    160 | _tray_size4_1053/D0
     1144 |       5 |     111 |      129 |      1 |   261 |    +0.9% |  -50.920 |    -4227.9 |    160 | _tray_size4_1053/D0
     1150 |       5 |     111 |      129 |      1 |   266 |    +0.9% |  -50.920 |    -4230.3 |    160 | _tray_size4_1053/D0
     1150 |       5 |     111 |      129 |      1 |   264 |    +0.9% |  -50.920 |    -4226.5 |    160 | _tray_size4_1053/D0
     1159 |       5 |     111 |      129 |      1 |   264 |    +0.9% |  -50.920 |    -4226.5 |    160 | _tray_size4_1053/D0
     1160 |       5 |     111 |      129 |      1 |   264 |    +0.9% |  -50.920 |    -4226.5 |    160 | _tray_size4_1053/D0
     1169 |       5 |     111 |      129 |      1 |   264 |    +0.9% |  -50.920 |    -4226.5 |    160 | _tray_size4_1053/D0
     1170 |       5 |     111 |      129 |      1 |   264 |    +0.9% |  -50.920 |    -4226.5 |    160 | _tray_size4_1053/D0
     1176 |       5 |     111 |      129 |      1 |   264 |    +0.9% |  -50.920 |    -4226.5 |    160 | _tray_size4_1053/D0
     1180 |       5 |     111 |      129 |      1 |   267 |    +0.9% |  -50.920 |    -4225.8 |    160 | _tray_size4_1053/D0
     1185 |       5 |     112 |      130 |      1 |   270 |    +0.9% |  -50.920 |    -4225.2 |    160 | _tray_size4_1053/D0
     1190 |       5 |     112 |      130 |      1 |   274 |    +0.9% |  -50.920 |    -4230.3 |    160 | _tray_size4_1053/D0
     1192 |       5 |     112 |      130 |      1 |   270 |    +0.9% |  -50.920 |    -4225.2 |    160 | _tray_size4_1053/D0
     1195 |       5 |     112 |      130 |      1 |   270 |    +0.9% |  -50.920 |    -4225.2 |    160 | _tray_size4_1053/D0
     1200 |       5 |     114 |      131 |      1 |   271 |    +0.9% |  -50.920 |    -4222.5 |    160 | _tray_size4_1053/D0
     1210 |       5 |     118 |      132 |      2 |   275 |    +1.0% |  -50.920 |    -4304.5 |    160 | _tray_size4_1053/D0
     1211 |       5 |     114 |      131 |      1 |   270 |    +0.9% |  -50.920 |    -4220.6 |    160 | _tray_size4_1053/D0
     1220 |       5 |     115 |      139 |      1 |   273 |    +1.0% |  -50.920 |    -4206.7 |    160 | _tray_size4_1053/D0
     1227 |       5 |     116 |      139 |      1 |   273 |    +1.0% |  -50.920 |    -4205.7 |    160 | _tray_size4_1053/D0
     1230 |       5 |     116 |      139 |      1 |   275 |    +1.0% |  -50.920 |    -4207.5 |    160 | _tray_size4_1053/D0
     1230 |       5 |     116 |      139 |      1 |   273 |    +1.0% |  -50.920 |    -4205.7 |    160 | _tray_size4_1053/D0
     1240 |       5 |     118 |      139 |      1 |   280 |    +1.0% |  -50.920 |    -4211.6 |    160 | _tray_size4_1053/D0
     1241 |       5 |     118 |      139 |      1 |   281 |    +1.0% |  -50.920 |    -4211.4 |    160 | _tray_size4_1053/D0
     1250 |       5 |     121 |      140 |      1 |   285 |    +1.0% |  -50.941 |    -4186.4 |    160 | _tray_size4_1053/D0
     1253 |       5 |     118 |      139 |      1 |   281 |    +1.0% |  -50.920 |    -4211.4 |    160 | _tray_size4_1053/D0
     1259 |       5 |     119 |      139 |      1 |   281 |    +1.0% |  -50.920 |    -4207.6 |    160 | _tray_size4_1053/D0
     1260 |       5 |     119 |      139 |      1 |   281 |    +1.0% |  -50.920 |    -4207.6 |    160 | _tray_size4_1053/D0
     1270 |       5 |     124 |      139 |      1 |   286 |    +1.0% |  -50.920 |    -4190.2 |    160 | _tray_size4_1053/D0
     1280 |       5 |     126 |      144 |      1 |   291 |    +1.0% |  -50.920 |    -4211.2 |    160 | _tray_size4_1053/D0
     1289 |       5 |     126 |      142 |      1 |   291 |    +1.0% |  -50.920 |    -4174.6 |    160 | _tray_size4_1053/D0
     1290 |       5 |     126 |      142 |      1 |   291 |    +1.0% |  -50.920 |    -4174.6 |    160 | _tray_size4_1053/D0
     1300 |       5 |     130 |      149 |      1 |   292 |    +1.1% |  -50.920 |    -4209.1 |    160 | _tray_size4_1053/D0
     1309 |       5 |     131 |      151 |      1 |   299 |    +1.1% |  -50.920 |    -4205.6 |    160 | _tray_size4_1053/D0
     1310 |       5 |     131 |      151 |      1 |   299 |    +1.1% |  -50.920 |    -4205.6 |    160 | _tray_size4_1053/D0
     1320 |       5 |     132 |      158 |      1 |   304 |    +1.1% |  -50.920 |    -4202.8 |    160 | _tray_size4_1053/D0
     1326 |       5 |     132 |      160 |      1 |   307 |    +1.1% |  -50.920 |    -4200.5 |    160 | _tray_size4_1053/D0
     1330 |       5 |     132 |      160 |      1 |   310 |    +1.1% |  -50.920 |    -4203.6 |    160 | _tray_size4_1053/D0
     1331 |       5 |     132 |      160 |      1 |   307 |    +1.1% |  -50.920 |    -4200.5 |    160 | _tray_size4_1053/D0
     1339 |       5 |     132 |      160 |      1 |   308 |    +1.1% |  -50.920 |    -4199.8 |    160 | _tray_size4_1053/D0
     1340 |       5 |     132 |      160 |      1 |   308 |    +1.1% |  -50.920 |    -4199.8 |    160 | _tray_size4_1053/D0
     1350 |       5 |     135 |      163 |      1 |   313 |    +1.1% |  -50.920 |    -4196.3 |    160 | _tray_size4_1053/D0
     1359 |       5 |     138 |      164 |      1 |   318 |    +1.2% |  -50.920 |    -4186.5 |    160 | _tray_size4_1053/D0
     1360 |       5 |     138 |      164 |      1 |   318 |    +1.2% |  -50.920 |    -4186.5 |    160 | _tray_size4_1053/D0
     1365 |       5 |     138 |      164 |      1 |   318 |    +1.2% |  -50.920 |    -4186.5 |    160 | _tray_size4_1053/D0
     1370 |       5 |     138 |      166 |      1 |   320 |    +1.2% |  -50.920 |    -4175.9 |    160 | _tray_size4_1053/D0
     1378 |       5 |     138 |      166 |      1 |   319 |    +1.2% |  -50.920 |    -4171.5 |    160 | _tray_size4_1053/D0
     1380 |       5 |     138 |      166 |      1 |   320 |    +1.2% |  -50.920 |    -4173.9 |    160 | _tray_size4_1053/D0
     1385 |       5 |     138 |      166 |      1 |   324 |    +1.2% |  -50.920 |    -4166.1 |    160 | _tray_size4_1053/D0
     1390 |       5 |     138 |      168 |      1 |   327 |    +1.2% |  -50.920 |    -4163.8 |    160 | _tray_size4_1053/D0
     1400 |       5 |     142 |      169 |      1 |   332 |    +1.2% |  -50.920 |    -4163.2 |    160 | _tray_size4_1053/D0
     1401 |       5 |     142 |      169 |      1 |   333 |    +1.2% |  -50.920 |    -4163.1 |    160 | _tray_size4_1053/D0
     1410 |       5 |     145 |      170 |      1 |   337 |    +1.2% |  -50.920 |    -4158.8 |    160 | _tray_size4_1053/D0
     1410 |       5 |     145 |      170 |      1 |   336 |    +1.2% |  -50.920 |    -4158.6 |    160 | _tray_size4_1053/D0
     1420 |       5 |     148 |      172 |      1 |   340 |    +1.2% |  -50.920 |    -4262.7 |    160 | _tray_size4_1053/D0
     1424 |       5 |     145 |      170 |      1 |   336 |    +1.2% |  -50.920 |    -4158.6 |    160 | _tray_size4_1053/D0
     1430 |       5 |     145 |      170 |      1 |   341 |    +1.2% |  -50.920 |    -4158.2 |    160 | _tray_size4_1053/D0
     1431 |       5 |     145 |      170 |      1 |   339 |    +1.2% |  -50.920 |    -4156.7 |    160 | _tray_size4_1053/D0
     1440 |       5 |     150 |      170 |      1 |   342 |    +1.2% |  -50.920 |    -4169.1 |    160 | _tray_size4_1053/D0
     1450 |       5 |     152 |      183 |      1 |   344 |    +1.3% |  -50.920 |    -4121.8 |    160 | _tray_size4_1053/D0
     1455 |       5 |     150 |      170 |      1 |   342 |    +1.2% |  -50.920 |    -4169.1 |    159 | _tray_size4_1053/D0
     1460 |       5 |     151 |      170 |      1 |   345 |    +1.2% |  -50.942 |    -4148.9 |    159 | _tray_size4_1053/D0
     1460 |       5 |     150 |      170 |      1 |   345 |    +1.2% |  -50.920 |    -4166.6 |    159 | _tray_size4_1053/D0
     1470 |       5 |     154 |      181 |      1 |   346 |    +1.3% |  -50.920 |    -4103.3 |    159 | _tray_size4_1053/D0
     1475 |       5 |     155 |      183 |      2 |   347 |    +1.3% |  -50.920 |    -4076.8 |    157 | _tray_size4_1053/D0
     1480 |       5 |     156 |      183 |      2 |   350 |    +1.3% |  -50.920 |    -4072.4 |    157 | _tray_size4_1053/D0
     1490 |       6 |     159 |      183 |      2 |   356 |    +1.3% |  -50.920 |    -4073.1 |    157 | _tray_size4_1053/D0
     1490 |       6 |     159 |      183 |      2 |   356 |    +1.3% |  -50.920 |    -4073.1 |    157 | _tray_size4_1053/D0
     1496 |       6 |     161 |      186 |      2 |   356 |    +1.3% |  -50.920 |    -4063.8 |    155 | _tray_size4_1053/D0
     1500 |       6 |     163 |      186 |      2 |   357 |    +1.3% |  -50.920 |    -4062.1 |    155 | _tray_size4_1053/D0
     1503 |       6 |     163 |      186 |      2 |   357 |    +1.3% |  -50.920 |    -4062.1 |    155 | _tray_size4_1053/D0
     1510 |       6 |     166 |      186 |      2 |   360 |    +1.3% |  -50.920 |    -4059.0 |    155 | _tray_size4_1053/D0
     1513 |       6 |     166 |      186 |      2 |   360 |    +1.3% |  -50.920 |    -4059.0 |    155 | _tray_size4_1053/D0
     1520 |       6 |     168 |      186 |      2 |   364 |    +1.3% |  -50.920 |    -4053.2 |    155 | _tray_size4_1053/D0
     1529 |       6 |     173 |      188 |      2 |   366 |    +1.3% |  -50.920 |    -4051.4 |    155 | _tray_size4_1053/D0
     1530 |       6 |     173 |      188 |      2 |   366 |    +1.3% |  -50.920 |    -4051.4 |    155 | _tray_size4_1053/D0
     1538 |       6 |     173 |      188 |      2 |   367 |    +1.3% |  -50.920 |    -4051.1 |    155 | _tray_size4_1053/D0
     1539 |       6 |     173 |      188 |      2 |   367 |    +1.3% |  -50.920 |    -4051.1 |    154 | _tray_size4_1053/D0
     1540 |       6 |     173 |      188 |      2 |   367 |    +1.3% |  -50.920 |    -4051.1 |    154 | _tray_size4_1053/D0
     1545 |       6 |     173 |      188 |      2 |   368 |    +1.3% |  -50.920 |    -4050.6 |    154 | _tray_size4_1053/D0
     1550 |       6 |     175 |      190 |      2 |   369 |    +1.4% |  -50.920 |    -4041.7 |    153 | _tray_size4_1053/D0
     1550 |       6 |     175 |      190 |      2 |   369 |    +1.4% |  -50.920 |    -4041.7 |    152 | _tray_size4_1053/D0
     1555 |       6 |     175 |      190 |      2 |   373 |    +1.4% |  -50.920 |    -4038.5 |    152 | _tray_size4_1053/D0
     1560 |       6 |     175 |      192 |      2 |   375 |    +1.4% |  -50.920 |    -4024.0 |    152 | _tray_size4_1053/D0
     1563 |       6 |     176 |      192 |      2 |   377 |    +1.4% |  -50.920 |    -4013.4 |    150 | _tray_size4_1053/D0
     1570 |       6 |     180 |      198 |      2 |   377 |    +1.4% |  -50.920 |    -4000.9 |    149 | _tray_size4_1053/D0
     1570 |       6 |     180 |      198 |      2 |   377 |    +1.4% |  -50.920 |    -4000.9 |    148 | _tray_size4_1053/D0
     1572 |       6 |     181 |      198 |      2 |   377 |    +1.4% |  -50.920 |    -4000.6 |    146 | _tray_size4_1053/D0
     1580 |       6 |     183 |      199 |      2 |   381 |    +1.4% |  -50.920 |    -3992.8 |    146 | _tray_size4_1053/D0
     1589 |       6 |     184 |      204 |      2 |   382 |    +1.4% |  -50.920 |    -3988.9 |    146 | _tray_size4_1053/D0
     1590 |       6 |     184 |      204 |      2 |   382 |    +1.4% |  -50.920 |    -3988.9 |    146 | _tray_size4_1053/D0
     1590 |       6 |     184 |      204 |      2 |   382 |    +1.4% |  -50.920 |    -3988.9 |    145 | _tray_size4_1053/D0
     1600 |       6 |     187 |      208 |      2 |   385 |    +1.5% |  -50.920 |    -3991.8 |    145 | _tray_size4_1053/D0
     1608 |       6 |     192 |      208 |      2 |   388 |    +1.5% |  -50.920 |    -3998.1 |    143 | _tray_size4_1053/D0
     1610 |       6 |     193 |      208 |      2 |   388 |    +1.5% |  -50.920 |    -3999.4 |    143 | _tray_size4_1053/D0
     1615 |       6 |     193 |      208 |      2 |   388 |    +1.5% |  -50.920 |    -3999.4 |    143 | _tray_size4_1053/D0
     1616 |       6 |     193 |      208 |      2 |   388 |    +1.5% |  -50.920 |    -3999.4 |    142 | _tray_size4_1053/D0
     1618 |       6 |     194 |      208 |      2 |   388 |    +1.5% |  -50.920 |    -3999.0 |    140 | _tray_size4_1053/D0
     1620 |       6 |     194 |      208 |      2 |   389 |    +1.5% |  -50.920 |    -3998.9 |    139 | _tray_size4_1053/D0
     1620 |       6 |     194 |      208 |      2 |   389 |    +1.5% |  -50.920 |    -3998.9 |    138 | _tray_size4_1053/D0
     1625 |       6 |     194 |      208 |      2 |   393 |    +1.5% |  -50.920 |    -3997.3 |    138 | _tray_size4_1053/D0
    1626* |       6 |     194 |      208 |      2 |   393 |    +1.5% |  -50.920 |    -3997.3 |    151 | _tray_size4_1053/D0
    1628* |       6 |     194 |      208 |      2 |   394 |    +1.5% |  -50.920 |    -3997.0 |    151 | _tray_size4_1053/D0
    1629* |       6 |     194 |      208 |      2 |   394 |    +1.5% |  -50.920 |    -3997.0 |    151 | _tray_size4_1053/D0
    1630* |       6 |     194 |      208 |      2 |   394 |    +1.5% |  -50.920 |    -3997.0 |    151 | _tray_size4_1053/D0
    1631* |       6 |     194 |      208 |      2 |   395 |    +1.5% |  -50.920 |    -3995.9 |    151 | _tray_size4_1053/D0
    1632* |       6 |     194 |      208 |      2 |   395 |    +1.5% |  -50.920 |    -3995.9 |    151 | _tray_size4_1053/D0
    1634* |       6 |     195 |      208 |      2 |   395 |    +1.5% |  -50.920 |    -3992.5 |    151 | _tray_size4_1053/D0
    1635* |       6 |     195 |      208 |      2 |   395 |    +1.5% |  -50.920 |    -3992.5 |    151 | _tray_size4_1053/D0
    1636* |       6 |     195 |      208 |      2 |   395 |    +1.5% |  -50.920 |    -3992.5 |    151 | _tray_size4_1053/D0
    1638* |       6 |     196 |      208 |      2 |   395 |    +1.5% |  -50.920 |    -3992.4 |    151 | _tray_size4_1053/D0
    1639* |       6 |     196 |      208 |      2 |   395 |    +1.5% |  -50.920 |    -3992.4 |    151 | _tray_size4_1053/D0
    1640* |       6 |     196 |      208 |      2 |   395 |    +1.5% |  -50.920 |    -3992.4 |    151 | _tray_size4_1053/D0
    1640* |       6 |     196 |      208 |      2 |   395 |    +1.5% |  -50.920 |    -3992.4 |    151 | _tray_size4_1053/D0
    1641* |       6 |     196 |      208 |      2 |   395 |    +1.5% |  -50.920 |    -3992.4 |    151 | _tray_size4_1053/D0
    1642* |       6 |     196 |      208 |      2 |   395 |    +1.5% |  -50.920 |    -3992.4 |    151 | _tray_size4_1053/D0
    1643* |       6 |     196 |      208 |      2 |   395 |    +1.5% |  -50.920 |    -3992.4 |    151 | _tray_size4_1053/D0
    1644* |       6 |     196 |      208 |      2 |   395 |    +1.5% |  -50.920 |    -3992.4 |    151 | _tray_size4_1053/D0
    1645* |       6 |     196 |      208 |      2 |   395 |    +1.5% |  -50.920 |    -3992.4 |    151 | _tray_size4_1053/D0
    1646* |       6 |     196 |      208 |      2 |   395 |    +1.5% |  -50.920 |    -3992.4 |    151 | _tray_size4_1053/D0
    1647* |       6 |     196 |      208 |      2 |   395 |    +1.5% |  -50.920 |    -3992.4 |    151 | _tray_size4_1053/D0
    1648* |       6 |     196 |      208 |      2 |   395 |    +1.5% |  -50.920 |    -3992.4 |    151 | _tray_size4_1053/D0
    1649* |       6 |     196 |      208 |      2 |   395 |    +1.5% |  -50.920 |    -3992.4 |    151 | _tray_size4_1053/D0
    1650* |       6 |     196 |      208 |      2 |   395 |    +1.5% |  -50.920 |    -3992.4 |    151 | _tray_size4_1053/D0
    1650* |       6 |     196 |      208 |      2 |   395 |    +1.5% |  -50.920 |    -3992.4 |    151 | _tray_size4_1053/D0
    1651* |       6 |     196 |      208 |      2 |   395 |    +1.5% |  -50.920 |    -3992.4 |    151 | _tray_size4_1053/D0
    1653* |       6 |     196 |      208 |      2 |   396 |    +1.5% |  -50.920 |    -3991.4 |    151 | _tray_size4_1053/D0
    1654* |       6 |     196 |      208 |      2 |   396 |    +1.5% |  -50.920 |    -3991.4 |    151 | _tray_size4_1053/D0
    1655* |       6 |     196 |      208 |      2 |   396 |    +1.5% |  -50.920 |    -3991.4 |    151 | _tray_size4_1053/D0
    1656* |       6 |     196 |      208 |      2 |   396 |    +1.5% |  -50.920 |    -3991.4 |    151 | _tray_size4_1053/D0
    1657* |       6 |     196 |      208 |      2 |   396 |    +1.5% |  -50.920 |    -3991.4 |    151 | _tray_size4_1053/D0
    1658* |       6 |     196 |      208 |      2 |   396 |    +1.5% |  -50.920 |    -3991.4 |    151 | _tray_size4_1053/D0
    1659* |       6 |     196 |      208 |      2 |   396 |    +1.5% |  -50.920 |    -3991.4 |    151 | _tray_size4_1053/D0
    1660* |       6 |     196 |      208 |      2 |   396 |    +1.5% |  -50.920 |    -3991.4 |    151 | _tray_size4_1053/D0
    1661* |       6 |     196 |      208 |      2 |   397 |    +1.5% |  -50.920 |    -3991.0 |    151 | _tray_size4_1053/D0
    1662* |       6 |     196 |      208 |      2 |   397 |    +1.5% |  -50.920 |    -3991.0 |    151 | _tray_size4_1053/D0
    1664* |       6 |     196 |      208 |      2 |   398 |    +1.5% |  -50.920 |    -3991.0 |    151 | _tray_size4_1053/D0
    1665* |       6 |     196 |      208 |      2 |   398 |    +1.5% |  -50.920 |    -3991.0 |    151 | _tray_size4_1053/D0
    1668* |       6 |     196 |      208 |      2 |   400 |    +1.5% |  -50.920 |    -3990.5 |    151 | _tray_size4_1053/D0
    1669* |       6 |     196 |      208 |      2 |   400 |    +1.5% |  -50.920 |    -3990.5 |    151 | _tray_size4_1053/D0
    1670* |       6 |     196 |      208 |      2 |   400 |    +1.5% |  -50.920 |    -3990.5 |    151 | _tray_size4_1053/D0
    1670* |       6 |     196 |      208 |      2 |   400 |    +1.5% |  -50.920 |    -3990.5 |    151 | _tray_size4_1053/D0
    1671* |       6 |     196 |      208 |      2 |   400 |    +1.5% |  -50.920 |    -3990.5 |    151 | _tray_size4_1053/D0
    1672* |       6 |     196 |      208 |      2 |   400 |    +1.5% |  -50.920 |    -3990.5 |    151 | _tray_size4_1053/D0
    1673* |       6 |     196 |      208 |      2 |   400 |    +1.5% |  -50.920 |    -3990.5 |    151 | _tray_size4_1053/D0
    1674* |       6 |     196 |      208 |      2 |   400 |    +1.5% |  -50.920 |    -3990.5 |    151 | _tray_size4_1053/D0
    1675* |       6 |     196 |      208 |      2 |   400 |    +1.5% |  -50.920 |    -3990.5 |    151 | _tray_size4_1053/D0
    1676* |       6 |     196 |      208 |      2 |   400 |    +1.5% |  -50.920 |    -3990.5 |    151 | _tray_size4_1053/D0
    1677* |       6 |     196 |      208 |      2 |   400 |    +1.5% |  -50.920 |    -3990.5 |    151 | _tray_size4_1053/D0
    1678* |       6 |     196 |      208 |      2 |   400 |    +1.5% |  -50.920 |    -3990.5 |    151 | _tray_size4_1053/D0
    1679* |       6 |     196 |      208 |      2 |   400 |    +1.5% |  -50.920 |    -3990.5 |    151 | _tray_size4_1053/D0
    1680* |       6 |     196 |      208 |      2 |   400 |    +1.5% |  -50.920 |    -3990.5 |    151 | _tray_size4_1053/D0
    1680* |       6 |     196 |      208 |      2 |   400 |    +1.5% |  -50.920 |    -3990.5 |    151 | _tray_size4_1053/D0
    1681* |       6 |     196 |      208 |      2 |   400 |    +1.5% |  -50.920 |    -3990.5 |    151 | _tray_size4_1053/D0
    1682* |       6 |     196 |      208 |      2 |   400 |    +1.5% |  -50.920 |    -3990.5 |    151 | _tray_size4_1053/D0
    1683* |       6 |     196 |      208 |      2 |   400 |    +1.5% |  -50.920 |    -3990.5 |    151 | _tray_size4_1053/D0
    1684* |       6 |     196 |      208 |      2 |   400 |    +1.5% |  -50.920 |    -3990.5 |    151 | _tray_size4_1053/D0
    1685* |       6 |     196 |      208 |      2 |   400 |    +1.5% |  -50.920 |    -3990.5 |    151 | _tray_size4_1053/D0
    1686* |       6 |     196 |      208 |      2 |   400 |    +1.5% |  -50.920 |    -3990.5 |    151 | _tray_size4_1053/D0
    1687* |       6 |     196 |      208 |      2 |   400 |    +1.5% |  -50.920 |    -3990.5 |    151 | _tray_size4_1053/D0
    1688* |       6 |     196 |      208 |      2 |   400 |    +1.5% |  -50.920 |    -3990.5 |    151 | _tray_size4_1053/D0
    1689* |       6 |     196 |      208 |      2 |   400 |    +1.5% |  -50.920 |    -3990.5 |    151 | _tray_size4_1053/D0
    1690* |       6 |     196 |      208 |      2 |   400 |    +1.5% |  -50.920 |    -3990.5 |    151 | _tray_size4_1053/D0
    1690* |       6 |     196 |      208 |      2 |   400 |    +1.5% |  -50.920 |    -3990.5 |    151 | _tray_size4_1053/D0
    1691* |       6 |     196 |      208 |      2 |   400 |    +1.5% |  -50.920 |    -3990.5 |    151 | _tray_size4_1053/D0
    1692* |       6 |     196 |      208 |      2 |   400 |    +1.5% |  -50.920 |    -3990.5 |    151 | _tray_size4_1053/D0
    1693* |       6 |     196 |      208 |      2 |   400 |    +1.5% |  -50.920 |    -3990.5 |    151 | _tray_size4_1053/D0
    1694* |       6 |     196 |      208 |      2 |   400 |    +1.5% |  -50.920 |    -3990.5 |    151 | _tray_size4_1053/D0
    1695* |       6 |     196 |      208 |      2 |   400 |    +1.5% |  -50.920 |    -3990.5 |    151 | _tray_size4_1053/D0
    1696* |       6 |     196 |      208 |      2 |   400 |    +1.5% |  -50.920 |    -3990.5 |    151 | _tray_size4_1053/D0
    1697* |       6 |     196 |      208 |      2 |   400 |    +1.5% |  -50.920 |    -3990.5 |    151 | _tray_size4_1053/D0
    1698* |       6 |     196 |      208 |      2 |   400 |    +1.5% |  -50.920 |    -3990.5 |    151 | _tray_size4_1053/D0
    1699* |       6 |     196 |      208 |      2 |   400 |    +1.5% |  -50.920 |    -3990.5 |    151 | _tray_size4_1053/D0
    1700* |       6 |     196 |      208 |      2 |   400 |    +1.5% |  -50.920 |    -3990.5 |    151 | _tray_size4_1053/D0
    1701* |       6 |     196 |      208 |      2 |   400 |    +1.5% |  -50.920 |    -3990.5 |    151 | _tray_size4_1053/D0
    1702* |       6 |     196 |      208 |      2 |   400 |    +1.5% |  -50.920 |    -3990.5 |    151 | _tray_size4_1053/D0
    1704* |       6 |     196 |      208 |      2 |   401 |    +1.5% |  -50.920 |    -3990.4 |    151 | _tray_size4_1053/D0
    1705* |       6 |     196 |      208 |      2 |   401 |    +1.5% |  -50.920 |    -3990.4 |    151 | _tray_size4_1053/D0
    1706* |       6 |     196 |      208 |      2 |   401 |    +1.5% |  -50.920 |    -3990.4 |    151 | _tray_size4_1053/D0
    1707* |       6 |     196 |      208 |      2 |   401 |    +1.5% |  -50.920 |    -3990.4 |    151 | _tray_size4_1053/D0
    1708* |       6 |     196 |      208 |      2 |   401 |    +1.5% |  -50.920 |    -3990.4 |    151 | _tray_size4_1053/D0
    1709* |       6 |     196 |      208 |      2 |   401 |    +1.5% |  -50.920 |    -3990.4 |    151 | _tray_size4_1053/D0
    1710* |       6 |     196 |      208 |      2 |   401 |    +1.5% |  -50.920 |    -3990.4 |    151 | _tray_size4_1053/D0
    1710* |       6 |     196 |      208 |      2 |   401 |    +1.5% |  -50.920 |    -3990.4 |    151 | _tray_size4_1053/D0
    1711* |       6 |     196 |      208 |      2 |   401 |    +1.5% |  -50.920 |    -3990.4 |    151 | _tray_size4_1053/D0
    1712* |       6 |     196 |      208 |      2 |   401 |    +1.5% |  -50.920 |    -3990.4 |    151 | _tray_size4_1053/D0
    1713* |       6 |     196 |      208 |      2 |   401 |    +1.5% |  -50.920 |    -3990.4 |    151 | _tray_size4_1053/D0
    1714* |       6 |     196 |      208 |      2 |   401 |    +1.5% |  -50.920 |    -3990.4 |    151 | _tray_size4_1053/D0
    1715* |       6 |     196 |      208 |      2 |   401 |    +1.5% |  -50.920 |    -3990.4 |    151 | _tray_size4_1053/D0
    1716* |       6 |     196 |      208 |      2 |   401 |    +1.5% |  -50.920 |    -3990.4 |    151 | _tray_size4_1053/D0
    1717* |       6 |     196 |      208 |      2 |   401 |    +1.5% |  -50.920 |    -3990.4 |    151 | _tray_size4_1053/D0
    1718* |       6 |     196 |      208 |      2 |   401 |    +1.5% |  -50.920 |    -3990.4 |    151 | _tray_size4_1053/D0
    1719* |       6 |     196 |      208 |      2 |   401 |    +1.5% |  -50.920 |    -3990.4 |    151 | _tray_size4_1053/D0
    1720* |       6 |     196 |      208 |      2 |   401 |    +1.5% |  -50.920 |    -3990.4 |    151 | _tray_size4_1053/D0
    1720* |       6 |     196 |      208 |      2 |   401 |    +1.5% |  -50.920 |    -3990.4 |    151 | _tray_size4_1053/D0
    1721* |       6 |     196 |      208 |      2 |   401 |    +1.5% |  -50.920 |    -3990.4 |    151 | _tray_size4_1053/D0
    1722* |       6 |     196 |      208 |      2 |   401 |    +1.5% |  -50.920 |    -3990.4 |    151 | _tray_size4_1053/D0
    1724* |       6 |     197 |      208 |      2 |   401 |    +1.5% |  -50.920 |    -3984.1 |    151 | _tray_size4_1053/D0
    1725* |       6 |     197 |      208 |      2 |   401 |    +1.5% |  -50.920 |    -3984.1 |    151 | _tray_size4_1053/D0
    1726* |       6 |     197 |      208 |      2 |   401 |    +1.5% |  -50.920 |    -3984.1 |    151 | _tray_size4_1053/D0
    1727* |       6 |     197 |      208 |      2 |   401 |    +1.5% |  -50.920 |    -3984.1 |    151 | _tray_size4_1053/D0
    1730* |       6 |     197 |      208 |      2 |   403 |    +1.5% |  -50.920 |    -3983.0 |    151 | _tray_size4_1053/D0
    1732* |       6 |     199 |      208 |      2 |   403 |    +1.5% |  -50.920 |    -3975.6 |    151 | _tray_size4_1053/D0
    1733* |       6 |     199 |      208 |      2 |   403 |    +1.5% |  -50.920 |    -3975.6 |    151 | _tray_size4_1053/D0
    1734* |       6 |     199 |      208 |      2 |   403 |    +1.5% |  -50.920 |    -3975.6 |    151 | _tray_size4_1053/D0
    1735* |       6 |     199 |      208 |      2 |   403 |    +1.5% |  -50.920 |    -3975.6 |    151 | _tray_size4_1053/D0
    1736* |       6 |     199 |      208 |      2 |   403 |    +1.5% |  -50.920 |    -3975.6 |    151 | _tray_size4_1053/D0
    1737* |       6 |     199 |      208 |      2 |   403 |    +1.5% |  -50.920 |    -3975.6 |    151 | _tray_size4_1053/D0
    1739* |       6 |     200 |      208 |      2 |   403 |    +1.5% |  -50.920 |    -3975.5 |    151 | _tray_size4_1053/D0
    1740* |       6 |     200 |      208 |      2 |   403 |    +1.5% |  -50.920 |    -3975.5 |    151 | _tray_size4_1053/D0
    1740* |       6 |     200 |      208 |      2 |   403 |    +1.5% |  -50.920 |    -3975.5 |    151 | _tray_size4_1053/D0
    1741* |       6 |     200 |      208 |      2 |   403 |    +1.5% |  -50.920 |    -3975.5 |    151 | _tray_size4_1053/D0
    1742* |       6 |     200 |      208 |      2 |   403 |    +1.5% |  -50.920 |    -3975.5 |    151 | _tray_size4_1053/D0
    1743* |       6 |     200 |      208 |      2 |   403 |    +1.5% |  -50.920 |    -3975.5 |    151 | _tray_size4_1053/D0
    1744* |       6 |     200 |      208 |      2 |   403 |    +1.5% |  -50.920 |    -3975.5 |    151 | _tray_size4_1053/D0
    1745* |       6 |     200 |      208 |      2 |   403 |    +1.5% |  -50.920 |    -3975.5 |    151 | _tray_size4_1053/D0
    1747* |       6 |     200 |      208 |      2 |   404 |    +1.5% |  -50.920 |    -3975.1 |    151 | _tray_size4_1053/D0
    1749* |       6 |     201 |      208 |      2 |   404 |    +1.5% |  -50.920 |    -3974.7 |    151 | _tray_size4_1053/D0
    1750* |       6 |     201 |      208 |      2 |   404 |    +1.5% |  -50.920 |    -3974.7 |    151 | _tray_size4_1053/D0
    1750* |       6 |     201 |      208 |      2 |   404 |    +1.5% |  -50.920 |    -3974.7 |    151 | _tray_size4_1053/D0
    1751* |       6 |     201 |      208 |      2 |   404 |    +1.5% |  -50.920 |    -3974.7 |    151 | _tray_size4_1053/D0
    1752* |       6 |     201 |      208 |      2 |   404 |    +1.5% |  -50.920 |    -3974.7 |    151 | _tray_size4_1053/D0
    1753* |       6 |     201 |      208 |      2 |   404 |    +1.5% |  -50.920 |    -3974.7 |    151 | _tray_size4_1053/D0
    1754* |       6 |     201 |      208 |      2 |   404 |    +1.5% |  -50.920 |    -3974.7 |    151 | _tray_size4_1053/D0
    1756* |       6 |     202 |      208 |      2 |   404 |    +1.5% |  -50.920 |    -3974.0 |    151 | _tray_size4_1053/D0
    1757* |       6 |     202 |      208 |      2 |   404 |    +1.5% |  -50.920 |    -3974.0 |    151 | _tray_size4_1053/D0
    1758* |       6 |     202 |      208 |      2 |   404 |    +1.5% |  -50.920 |    -3974.0 |    151 | _tray_size4_1053/D0
    1759* |       6 |     202 |      208 |      2 |   404 |    +1.5% |  -50.920 |    -3974.0 |    151 | _tray_size4_1053/D0
    1760* |       6 |     202 |      208 |      2 |   404 |    +1.5% |  -50.920 |    -3974.0 |    151 | _tray_size4_1053/D0
    1760* |       6 |     202 |      208 |      2 |   404 |    +1.5% |  -50.920 |    -3974.0 |    151 | _tray_size4_1053/D0
    1761* |       6 |     202 |      208 |      2 |   404 |    +1.5% |  -50.920 |    -3974.0 |    151 | _tray_size4_1053/D0
    1762* |       6 |     202 |      208 |      2 |   404 |    +1.5% |  -50.920 |    -3974.0 |    151 | _tray_size4_1053/D0
    1763* |       6 |     202 |      208 |      2 |   404 |    +1.5% |  -50.920 |    -3974.0 |    151 | _tray_size4_1053/D0
    1764* |       6 |     202 |      208 |      2 |   404 |    +1.5% |  -50.920 |    -3974.0 |    151 | _tray_size4_1053/D0
    1765* |       6 |     202 |      208 |      2 |   404 |    +1.5% |  -50.920 |    -3974.0 |    151 | _tray_size4_1053/D0
    1766* |       6 |     202 |      208 |      2 |   404 |    +1.5% |  -50.920 |    -3974.0 |    151 | _tray_size4_1053/D0
    1767* |       6 |     202 |      208 |      2 |   404 |    +1.5% |  -50.920 |    -3974.0 |    151 | _tray_size4_1053/D0
    1768* |       6 |     202 |      208 |      2 |   404 |    +1.5% |  -50.920 |    -3974.0 |    151 | _tray_size4_1053/D0
    1769* |       6 |     202 |      208 |      2 |   404 |    +1.5% |  -50.920 |    -3974.0 |    151 | _tray_size4_1053/D0
    1770* |       6 |     202 |      208 |      2 |   404 |    +1.5% |  -50.920 |    -3974.0 |    151 | _tray_size4_1053/D0
    1770* |       6 |     202 |      208 |      2 |   404 |    +1.5% |  -50.920 |    -3974.0 |    151 | _tray_size4_1053/D0
    1771* |       6 |     202 |      208 |      2 |   404 |    +1.5% |  -50.920 |    -3974.0 |    151 | _tray_size4_1053/D0
    1773* |       6 |     203 |      208 |      2 |   404 |    +1.5% |  -50.920 |    -3973.7 |    151 | _tray_size4_1053/D0
    1774* |       6 |     203 |      208 |      2 |   404 |    +1.5% |  -50.920 |    -3973.7 |    151 | _tray_size4_1053/D0
    1775* |       6 |     203 |      208 |      2 |   404 |    +1.5% |  -50.920 |    -3973.7 |    151 | _tray_size4_1053/D0
    1776* |       6 |     203 |      208 |      2 |   404 |    +1.5% |  -50.920 |    -3973.7 |    151 | _tray_size4_1053/D0
    1778* |       6 |     203 |      208 |      2 |   405 |    +1.5% |  -50.920 |    -3973.6 |    151 | _tray_size4_1053/D0
    1779* |       6 |     203 |      208 |      2 |   405 |    +1.5% |  -50.920 |    -3973.6 |    151 | _tray_size4_1053/D0
    1780* |       6 |     203 |      208 |      2 |   405 |    +1.5% |  -50.920 |    -3973.6 |    151 | _tray_size4_1053/D0
    1780* |       6 |     203 |      208 |      2 |   405 |    +1.5% |  -50.920 |    -3973.6 |    151 | _tray_size4_1053/D0
    1781* |       6 |     203 |      208 |      2 |   405 |    +1.5% |  -50.920 |    -3973.6 |    151 | _tray_size4_1053/D0
    1782* |       6 |     203 |      208 |      2 |   405 |    +1.5% |  -50.920 |    -3973.6 |    151 | _tray_size4_1053/D0
    1783* |       6 |     203 |      208 |      2 |   405 |    +1.5% |  -50.920 |    -3973.6 |    151 | _tray_size4_1053/D0
    1784* |       6 |     203 |      208 |      2 |   405 |    +1.5% |  -50.920 |    -3973.6 |    151 | _tray_size4_1053/D0
    1785* |       6 |     203 |      208 |      2 |   405 |    +1.5% |  -50.920 |    -3973.6 |    151 | _tray_size4_1053/D0
    1786* |       6 |     203 |      208 |      2 |   405 |    +1.5% |  -50.920 |    -3973.6 |    151 | _tray_size4_1053/D0
    1788* |       6 |     204 |      208 |      2 |   405 |    +1.5% |  -50.920 |    -3973.2 |    151 | _tray_size4_1053/D0
    1789* |       6 |     204 |      208 |      2 |   405 |    +1.5% |  -50.920 |    -3973.2 |    151 | _tray_size4_1053/D0
    1790* |       6 |     204 |      208 |      2 |   405 |    +1.5% |  -50.920 |    -3973.2 |    151 | _tray_size4_1053/D0
    1790* |       6 |     204 |      208 |      2 |   405 |    +1.5% |  -50.920 |    -3973.2 |    151 | _tray_size4_1053/D0
    1791* |       6 |     204 |      208 |      2 |   405 |    +1.5% |  -50.920 |    -3973.2 |    151 | _tray_size4_1053/D0
    1792* |       6 |     204 |      208 |      2 |   405 |    +1.5% |  -50.920 |    -3973.2 |    151 | _tray_size4_1053/D0
    1793* |       6 |     204 |      208 |      2 |   405 |    +1.5% |  -50.920 |    -3973.2 |    151 | _tray_size4_1053/D0
    1794* |       6 |     204 |      208 |      2 |   405 |    +1.5% |  -50.920 |    -3973.2 |    151 | _tray_size4_1053/D0
    1796* |       6 |     204 |      208 |      2 |   406 |    +1.5% |  -50.920 |    -3972.4 |    151 | _tray_size4_1053/D0
    1797* |       6 |     204 |      208 |      2 |   406 |    +1.5% |  -50.920 |    -3972.4 |    151 | _tray_size4_1053/D0
    1799* |       6 |     205 |      208 |      2 |   406 |    +1.5% |  -50.920 |    -3971.4 |    149 | _tray_size4_1053/D0
    1800* |       6 |     205 |      208 |      2 |   406 |    +1.5% |  -50.920 |    -3971.4 |    149 | _tray_size4_1053/D0
    final |       6 |     205 |      208 |      2 |   406 |    +1.5% |  -50.920 |    -3971.4 |    149 | _tray_size4_1053/D0
--------------------------------------------------------------------------------------------------------------
[INFO RSZ-0059] Removed 6 buffers.
[INFO RSZ-0045] Inserted 208 buffers, 1 to split loads.
[INFO RSZ-0051] Resized 205 instances: 205 up, 0 up match, 0 down, 0 VT
[INFO RSZ-0043] Swapped pins on 406 instances.
[INFO RSZ-0049] Cloned 2 instances.
[WARNING RSZ-0062] Unable to repair all setup violations.
[INFO RSZ-0033] No hold violations found.
Took 39 seconds: repair_timing -setup_margin 0 -hold_margin 0 -repair_tns 100 -verbose
global_route -start_incremental
detailed_placement
[INFO DPL-0005] Max displacement: +/- 500 sites horizontally, +/- 100 rows vertically.
Movements Summary
---------------------------------------
Total cells:                   16380
Diamond Move Success:          16380 (100.00%)
Diamond Move Failure:              0
Rip-up and replace Success:        0 (  0.00% of diamond failures)
Rip-up and replace Failure:        0
Total Placement Failures:          0
---------------------------------------
Placement Analysis
---------------------------------
total displacement        724.0 u
average displacement        0.0 u
max displacement            1.6 u
original HPWL           49396.0 u
legalized HPWL          49977.5 u
delta HPWL                    1 %

global_route -end_incremental -congestion_report_file ./reports/asap7/aes/baseline_alpha_16-beta_0.1/congestion_post_repair_timing.rpt
global_route -start_incremental
global_route -end_incremental -congestion_report_file ./reports/asap7/aes/baseline_alpha_16-beta_0.1/congestion_post_recover_power.rpt
Repair antennas...
[WARNING GRT-0246] No diode with LEF class CORE ANTENNACELL found.
[INFO ANT-0002] Found 0 net violations.
[INFO ANT-0001] Found 0 pin violations.
Estimate parasitics...
estimate_parasitics -global_routing
Report metrics stage 5, global route...

==========================================================================
global route report_design_area
--------------------------------------------------------------------------
Design area 1850 um^2 79% utilization.
[INFO FLW-0007] clock clk period 380.000000
[INFO FLW-0008] Clock clk period 410.293
[INFO FLW-0009] Clock clk slack -51.887
[INFO FLW-0011] Path endpoint path count 956
write_db ./results/asap7/aes/baseline_alpha_16-beta_0.1/5_1_grt.odb
write_sdc -no_timestamp ./results/asap7/aes/baseline_alpha_16-beta_0.1/5_1_grt.sdc
Elapsed time: 1:08.98[h:]min:sec. CPU time: user 1237.74 sys 21.35 (1825%). Peak memory: 593936KB.
Log                        Elapsed/s Peak Memory/MB  sha1sum .odb [0:20)
5_1_grt                           68            580 1ccc82420cbbc70de2f4
