OpenROAD fe1aa0f9d0254fac87b82c886c04ee1544e46885 
Features included (+) or not (-): +GPU +GUI +Python
This program is licensed under the BSD-3 license. See the LICENSE file for details.
Components of this program may be licensed under more restrictive licenses which must be honored.
[INFO ORD-0030] Using 32 thread(s).
source /home/lucast/workspace/OR-flow-TCC/flow/platforms/asap7/liberty_suppressions.tcl
read_liberty /home/lucast/workspace/OR-flow-TCC/flow/platforms/asap7/lib/NLDM/asap7sc7p5t_AO_RVT_FF_nldm_211120.lib.gz
read_liberty /home/lucast/workspace/OR-flow-TCC/flow/platforms/asap7/lib/NLDM/asap7sc7p5t_INVBUF_RVT_FF_nldm_220122.lib.gz
read_liberty /home/lucast/workspace/OR-flow-TCC/flow/platforms/asap7/lib/NLDM/asap7sc7p5t_OA_RVT_FF_nldm_211120.lib.gz
read_liberty /home/lucast/workspace/OR-flow-TCC/flow/platforms/asap7/lib/NLDM/asap7sc7p5t_SIMPLE_RVT_FF_nldm_211120.lib.gz
read_liberty /home/lucast/workspace/OR-flow-TCC/flow/platforms/asap7/lib/NLDM/asap7sc7p5t_SEQ_RVT_FF_nldm_220123.lib
read_liberty /home/lucast/workspace/OR-flow-TCC/flow/platforms/asap7/lib/NLDM/asap7sc7p5t_DFFHQNH2V2X_RVT_TT_nldm_FAKE.lib
read_liberty /home/lucast/workspace/OR-flow-TCC/flow/platforms/asap7/lib/NLDM/asap7sc7p5t_DFFHQNV2X_RVT_TT_nldm_FAKE.lib
read_db ./results/asap7/aes/baseline_alpha_16-beta_0.1/5_1_grt.odb
source /home/lucast/workspace/OR-flow-TCC/flow/platforms/asap7/setRC.tcl
detailed_route -output_drc ./reports/asap7/aes/baseline_alpha_16-beta_0.1/5_route_drc.rpt -output_maze ./results/asap7/aes/baseline_alpha_16-beta_0.1/maze.log -droute_end_iter 64 -verbose 1 -drc_report_iter_step 5
[INFO DRT-0149] Reading tech and libs.

Units:                1000
Number of layers:     21
Number of macros:     230
Number of vias:       14
Number of viarulegen: 11

[INFO DRT-0150] Reading design.

Design:                   aes_cipher_top
Die area:                 ( 0 0 ) ( 52642 52642 )
Number of track patterns: 32
Number of DEF vias:       0
Number of components:     16828
Number of terminals:      390
Number of snets:          2
Number of nets:           17307

[INFO DRT-0167] List of default vias:
  Layer V2
    default via: VIA23
  Layer V3
    default via: VIA34
  Layer V4
    default via: VIA45
  Layer V5
    default via: VIA56
  Layer V6
    default via: VIA67
  Layer V7
    default via: VIA78
  Layer V8
    default via: VIA89
  Layer V9
    default via: VIA9Pad
[INFO DRT-0162] Library cell analysis.
[INFO DRT-0163] Instance analysis.
[INFO DRT-0164] Number of unique instances = 209.
[INFO DRT-0168] Init region query.
[INFO DRT-0024]   Complete Active.
[INFO DRT-0024]   Complete V0.
[INFO DRT-0024]   Complete M1.
[INFO DRT-0024]   Complete V1.
[INFO DRT-0024]   Complete M2.
[INFO DRT-0024]   Complete V2.
[INFO DRT-0024]   Complete M3.
[INFO DRT-0024]   Complete V3.
[INFO DRT-0024]   Complete M4.
[INFO DRT-0024]   Complete V4.
[INFO DRT-0024]   Complete M5.
[INFO DRT-0024]   Complete V5.
[INFO DRT-0024]   Complete M6.
[INFO DRT-0024]   Complete V6.
[INFO DRT-0024]   Complete M7.
[INFO DRT-0024]   Complete V7.
[INFO DRT-0024]   Complete M8.
[INFO DRT-0024]   Complete V8.
[INFO DRT-0024]   Complete M9.
[INFO DRT-0024]   Complete V9.
[INFO DRT-0024]   Complete Pad.
[INFO DRT-0033] Active shape region query size = 0.
[INFO DRT-0033] V0 shape region query size = 0.
[INFO DRT-0033] M1 shape region query size = 251688.
[INFO DRT-0033] V1 shape region query size = 248300.
[INFO DRT-0033] M2 shape region query size = 3972.
[INFO DRT-0033] V2 shape region query size = 5128.
[INFO DRT-0033] M3 shape region query size = 4994.
[INFO DRT-0033] V3 shape region query size = 3240.
[INFO DRT-0033] M4 shape region query size = 3407.
[INFO DRT-0033] V4 shape region query size = 3240.
[INFO DRT-0033] M5 shape region query size = 2021.
[INFO DRT-0033] V5 shape region query size = 324.
[INFO DRT-0033] M6 shape region query size = 198.
[INFO DRT-0033] V6 shape region query size = 0.
[INFO DRT-0033] M7 shape region query size = 0.
[INFO DRT-0033] V7 shape region query size = 0.
[INFO DRT-0033] M8 shape region query size = 0.
[INFO DRT-0033] V8 shape region query size = 0.
[INFO DRT-0033] M9 shape region query size = 0.
[INFO DRT-0033] V9 shape region query size = 0.
[INFO DRT-0033] Pad shape region query size = 0.
[INFO DRT-0165] Start pin access.
[INFO DRT-0076]   Complete 1000 pins.
[INFO DRT-0078]   Complete 1194 pins.
[INFO DRT-0079]   Complete 100 unique inst patterns.
[INFO DRT-0079]   Complete 200 unique inst patterns.
[INFO DRT-0081]   Complete 209 unique inst patterns.
[INFO DRT-0084]   Complete 7866 groups.
#scanned instances     = 16828
#unique  instances     = 209
#stdCellGenAp          = 7943
#stdCellValidPlanarAp  = 51
#stdCellValidViaAp     = 5590
#stdCellPinNoAp        = 0
#stdCellPinCnt         = 53433
#instTermValidViaApCnt = 0
#macroGenAp            = 0
#macroValidPlanarAp    = 0
#macroValidViaAp       = 0
#macroNoAp             = 0
[INFO DRT-0166] Complete pin access.
[INFO DRT-0267] cpu time = 00:08:27, elapsed time = 00:00:20, memory = 437.15 (MB), peak = 432.94 (MB)
[INFO DRT-0156] guideIn read 100000 guides.

[INFO DRT-0157] Number of guides:     139862

[INFO DRT-0169] Post process guides.
[INFO DRT-0176] GCELLGRID X 0 DO 92 STEP 570 ;
[INFO DRT-0177] GCELLGRID Y 0 DO 92 STEP 570 ;
[INFO DRT-0026]   Complete 100000 origin guides.
[INFO DRT-0028]   Complete Active.
[INFO DRT-0028]   Complete V0.
[INFO DRT-0028]   Complete M1.
[INFO DRT-0028]   Complete V1.
[INFO DRT-0028]   Complete M2.
[INFO DRT-0028]   Complete V2.
[INFO DRT-0028]   Complete M3.
[INFO DRT-0028]   Complete V3.
[INFO DRT-0028]   Complete M4.
[INFO DRT-0028]   Complete V4.
[INFO DRT-0028]   Complete M5.
[INFO DRT-0028]   Complete V5.
[INFO DRT-0028]   Complete M6.
[INFO DRT-0028]   Complete V6.
[INFO DRT-0028]   Complete M7.
[INFO DRT-0028]   Complete V7.
[INFO DRT-0028]   Complete M8.
[INFO DRT-0028]   Complete V8.
[INFO DRT-0028]   Complete M9.
[INFO DRT-0028]   Complete V9.
[INFO DRT-0028]   Complete Pad.
[INFO DRT-0178] Init guide query.
[INFO DRT-0035]   Complete Active (guide).
[INFO DRT-0035]   Complete V0 (guide).
[INFO DRT-0035]   Complete M1 (guide).
[INFO DRT-0035]   Complete V1 (guide).
[INFO DRT-0035]   Complete M2 (guide).
[INFO DRT-0035]   Complete V2 (guide).
[INFO DRT-0035]   Complete M3 (guide).
[INFO DRT-0035]   Complete V3 (guide).
[INFO DRT-0035]   Complete M4 (guide).
[INFO DRT-0035]   Complete V4 (guide).
[INFO DRT-0035]   Complete M5 (guide).
[INFO DRT-0035]   Complete V5 (guide).
[INFO DRT-0035]   Complete M6 (guide).
[INFO DRT-0035]   Complete V6 (guide).
[INFO DRT-0035]   Complete M7 (guide).
[INFO DRT-0035]   Complete V7 (guide).
[INFO DRT-0035]   Complete M8 (guide).
[INFO DRT-0035]   Complete V8 (guide).
[INFO DRT-0035]   Complete M9 (guide).
[INFO DRT-0035]   Complete V9 (guide).
[INFO DRT-0035]   Complete Pad (guide).
[INFO DRT-0036] Active guide region query size = 0.
[INFO DRT-0036] V0 guide region query size = 0.
[INFO DRT-0036] M1 guide region query size = 46742.
[INFO DRT-0036] V1 guide region query size = 0.
[INFO DRT-0036] M2 guide region query size = 41419.
[INFO DRT-0036] V2 guide region query size = 0.
[INFO DRT-0036] M3 guide region query size = 22219.
[INFO DRT-0036] V3 guide region query size = 0.
[INFO DRT-0036] M4 guide region query size = 2397.
[INFO DRT-0036] V4 guide region query size = 0.
[INFO DRT-0036] M5 guide region query size = 768.
[INFO DRT-0036] V5 guide region query size = 0.
[INFO DRT-0036] M6 guide region query size = 35.
[INFO DRT-0036] V6 guide region query size = 0.
[INFO DRT-0036] M7 guide region query size = 7.
[INFO DRT-0036] V7 guide region query size = 0.
[INFO DRT-0036] M8 guide region query size = 0.
[INFO DRT-0036] V8 guide region query size = 0.
[INFO DRT-0036] M9 guide region query size = 0.
[INFO DRT-0036] V9 guide region query size = 0.
[INFO DRT-0036] Pad guide region query size = 0.
[INFO DRT-0179] Init gr pin query.
[INFO DRT-0267] cpu time = 00:00:00, elapsed time = 00:00:00, memory = 476.91 (MB), peak = 472.44 (MB)
[INFO DRT-0245] skipped writing guide updates to database.
[INFO DRT-0185] Post process initialize RPin region query.
[INFO DRT-0181] Start track assignment.
[INFO DRT-0184] Done with 69736 vertical wires in 2 frboxes and 43851 horizontal wires in 2 frboxes.
[INFO DRT-0186] Done with 10856 vertical wires in 2 frboxes and 15005 horizontal wires in 2 frboxes.
[INFO DRT-0182] Complete track assignment.
[INFO DRT-0267] cpu time = 00:00:04, elapsed time = 00:00:02, memory = 765.47 (MB), peak = 760.96 (MB)
[INFO DRT-0187] Start routing data preparation.
[INFO DRT-0267] cpu time = 00:00:00, elapsed time = 00:00:00, memory = 765.59 (MB), peak = 761.21 (MB)
[INFO DRT-0194] Start detail routing.
[INFO DRT-0195] Start 0th optimization iteration.
    Completing 10% with 0 violations.
    elapsed time = 00:00:02, memory = 7062.76 (MB).
    Completing 20% with 0 violations.
    elapsed time = 00:00:04, memory = 4178.54 (MB).
    Completing 30% with 494 violations.
    elapsed time = 00:00:06, memory = 8176.72 (MB).
    Completing 40% with 494 violations.
    elapsed time = 00:00:10, memory = 6181.22 (MB).
    Completing 50% with 494 violations.
    elapsed time = 00:00:12, memory = 3024.99 (MB).
    Completing 60% with 972 violations.
    elapsed time = 00:00:19, memory = 8669.54 (MB).
    Completing 70% with 972 violations.
    elapsed time = 00:00:20, memory = 5334.05 (MB).
    Completing 80% with 1381 violations.
    elapsed time = 00:00:28, memory = 10050.78 (MB).
    Completing 90% with 1381 violations.
    elapsed time = 00:00:30, memory = 7891.39 (MB).
    Completing 100% with 1852 violations.
    elapsed time = 00:00:34, memory = 3992.41 (MB).
[INFO DRT-0199]   Number of violations = 2935.
Viol/Layer          M1     M2     V2     M3     V3     M4     V4     M5
CutSpcTbl            0      0      0      0     18      0      2      0
EOL                  0    129      0     56      0      9      0      0
Metal Spacing       52     95      0    256      0     12      0      0
Recheck              2    594      0    372      0    102      0     13
Short                0    280      7     60      0      8      0      1
eolKeepOut           0    650      0    171      0     46      0      0
[INFO DRT-0267] cpu time = 00:12:56, elapsed time = 00:00:35, memory = 4429.79 (MB), peak = 10470.21 (MB)
Total wire length = 59248 um.
Total wire length on LAYER M1 = 0 um.
Total wire length on LAYER M2 = 15591 um.
Total wire length on LAYER M3 = 26258 um.
Total wire length on LAYER M4 = 12918 um.
Total wire length on LAYER M5 = 4124 um.
Total wire length on LAYER M6 = 297 um.
Total wire length on LAYER M7 = 56 um.
Total wire length on LAYER M8 = 0 um.
Total wire length on LAYER M9 = 0 um.
Total wire length on LAYER Pad = 0 um.
Total number of vias = 162834.
Up-via summary (total 162834):

-----------------
 Active         0
     M1     53189
     M2     86311
     M3     20480
     M4      2691
     M5       140
     M6        23
     M7         0
     M8         0
     M9         0
-----------------
       162834


[INFO DRT-0195] Start 1st optimization iteration.
    Completing 10% with 2935 violations.
    elapsed time = 00:00:06, memory = 10885.61 (MB).
    Completing 20% with 2935 violations.
    elapsed time = 00:00:08, memory = 6717.34 (MB).
    Completing 30% with 2141 violations.
    elapsed time = 00:00:12, memory = 11036.35 (MB).
    Completing 40% with 2141 violations.
    elapsed time = 00:00:17, memory = 8618.70 (MB).
    Completing 50% with 2141 violations.
    elapsed time = 00:00:18, memory = 4813.04 (MB).
    Completing 60% with 1443 violations.
    elapsed time = 00:00:26, memory = 10588.72 (MB).
    Completing 70% with 1443 violations.
    elapsed time = 00:00:27, memory = 7018.81 (MB).
    Completing 80% with 807 violations.
    elapsed time = 00:00:34, memory = 11426.23 (MB).
    Completing 90% with 807 violations.
    elapsed time = 00:00:36, memory = 8982.38 (MB).
    Completing 100% with 243 violations.
    elapsed time = 00:00:39, memory = 5103.31 (MB).
[INFO DRT-0199]   Number of violations = 243.
Viol/Layer          M1     M2     V2     M3     V3     M4
CutSpcTbl            0      0      0      0      5      0
EOL                  0      5      0      6      0      5
Metal Spacing       25      2      0     92      0      5
Short                0     11      1     18      0      1
eolKeepOut           0     21      0     20      0     26
[INFO DRT-0267] cpu time = 00:15:44, elapsed time = 00:00:39, memory = 5106.31 (MB), peak = 11752.62 (MB)
Total wire length = 58598 um.
Total wire length on LAYER M1 = 0 um.
Total wire length on LAYER M2 = 14591 um.
Total wire length on LAYER M3 = 25978 um.
Total wire length on LAYER M4 = 13483 um.
Total wire length on LAYER M5 = 4175 um.
Total wire length on LAYER M6 = 318 um.
Total wire length on LAYER M7 = 50 um.
Total wire length on LAYER M8 = 0 um.
Total wire length on LAYER M9 = 0 um.
Total wire length on LAYER Pad = 0 um.
Total number of vias = 157019.
Up-via summary (total 157019):

-----------------
 Active         0
     M1     53159
     M2     81340
     M3     19317
     M4      3006
     M5       180
     M6        17
     M7         0
     M8         0
     M9         0
-----------------
       157019


[INFO DRT-0195] Start 2nd optimization iteration.
    Completing 10% with 243 violations.
    elapsed time = 00:00:00, memory = 5106.31 (MB).
    Completing 20% with 243 violations.
    elapsed time = 00:00:04, memory = 7106.77 (MB).
    Completing 30% with 220 violations.
    elapsed time = 00:00:06, memory = 5079.05 (MB).
    Completing 40% with 220 violations.
    elapsed time = 00:00:10, memory = 9062.42 (MB).
    Completing 50% with 220 violations.
    elapsed time = 00:00:13, memory = 5079.05 (MB).
    Completing 60% with 183 violations.
    elapsed time = 00:00:14, memory = 5058.73 (MB).
    Completing 70% with 183 violations.
    elapsed time = 00:00:19, memory = 6828.72 (MB).
    Completing 80% with 150 violations.
    elapsed time = 00:00:22, memory = 5058.76 (MB).
    Completing 90% with 150 violations.
    elapsed time = 00:00:24, memory = 8982.01 (MB).
    Completing 100% with 152 violations.
    elapsed time = 00:00:27, memory = 5054.60 (MB).
[INFO DRT-0199]   Number of violations = 152.
Viol/Layer          M1     M2     V2     M3     V3     M4     V4     M5
CutSpcTbl            0      0      0      0      2      0      2      0
EOL                  0      5      0      0      0      0      0      1
Metal Spacing       22      5      0     58      0      1      0      0
Short                0      9      1     11      0      1      0      0
eolKeepOut           0     24      0      0      0      7      0      3
[INFO DRT-0267] cpu time = 00:07:05, elapsed time = 00:00:27, memory = 5060.60 (MB), peak = 11752.62 (MB)
Total wire length = 58547 um.
Total wire length on LAYER M1 = 0 um.
Total wire length on LAYER M2 = 14624 um.
Total wire length on LAYER M3 = 25957 um.
Total wire length on LAYER M4 = 13403 um.
Total wire length on LAYER M5 = 4181 um.
Total wire length on LAYER M6 = 329 um.
Total wire length on LAYER M7 = 50 um.
Total wire length on LAYER M8 = 0 um.
Total wire length on LAYER M9 = 0 um.
Total wire length on LAYER Pad = 0 um.
Total number of vias = 156477.
Up-via summary (total 156477):

-----------------
 Active         0
     M1     53158
     M2     81200
     M3     18994
     M4      2925
     M5       185
     M6        15
     M7         0
     M8         0
     M9         0
-----------------
       156477


[INFO DRT-0195] Start 3rd optimization iteration.
    Completing 10% with 152 violations.
    elapsed time = 00:00:00, memory = 5060.60 (MB).
    Completing 20% with 152 violations.
    elapsed time = 00:00:02, memory = 7066.94 (MB).
    Completing 30% with 102 violations.
    elapsed time = 00:00:03, memory = 5060.60 (MB).
    Completing 40% with 102 violations.
    elapsed time = 00:00:03, memory = 5060.60 (MB).
    Completing 50% with 102 violations.
    elapsed time = 00:00:06, memory = 5060.60 (MB).
    Completing 60% with 68 violations.
    elapsed time = 00:00:06, memory = 5060.60 (MB).
    Completing 70% with 68 violations.
    elapsed time = 00:00:08, memory = 7041.67 (MB).
    Completing 80% with 38 violations.
    elapsed time = 00:00:09, memory = 5060.60 (MB).
    Completing 90% with 38 violations.
    elapsed time = 00:00:09, memory = 5060.60 (MB).
    Completing 100% with 2 violations.
    elapsed time = 00:00:11, memory = 5060.60 (MB).
[INFO DRT-0199]   Number of violations = 2.
Viol/Layer          M3
Metal Spacing        2
[INFO DRT-0267] cpu time = 00:02:07, elapsed time = 00:00:12, memory = 5060.60 (MB), peak = 11752.62 (MB)
Total wire length = 58556 um.
Total wire length on LAYER M1 = 0 um.
Total wire length on LAYER M2 = 14558 um.
Total wire length on LAYER M3 = 25896 um.
Total wire length on LAYER M4 = 13457 um.
Total wire length on LAYER M5 = 4247 um.
Total wire length on LAYER M6 = 342 um.
Total wire length on LAYER M7 = 53 um.
Total wire length on LAYER M8 = 0 um.
Total wire length on LAYER M9 = 0 um.
Total wire length on LAYER Pad = 0 um.
Total number of vias = 156446.
Up-via summary (total 156446):

-----------------
 Active         0
     M1     53158
     M2     80960
     M3     19062
     M4      3045
     M5       204
     M6        17
     M7         0
     M8         0
     M9         0
-----------------
       156446


[INFO DRT-0195] Start 4th guides tiles iteration.
    Completing 20% with 2 violations.
    elapsed time = 00:00:01, memory = 5227.83 (MB).
    Completing 50% with 2 violations.
    elapsed time = 00:00:01, memory = 5060.60 (MB).
    Completing 70% with 2 violations.
    elapsed time = 00:00:02, memory = 5273.53 (MB).
    Completing 100% with 0 violations.
    elapsed time = 00:00:03, memory = 5060.60 (MB).
[INFO DRT-0199]   Number of violations = 0.
[INFO DRT-0267] cpu time = 00:00:05, elapsed time = 00:00:03, memory = 5060.60 (MB), peak = 11752.62 (MB)
Total wire length = 58557 um.
Total wire length on LAYER M1 = 0 um.
Total wire length on LAYER M2 = 14557 um.
Total wire length on LAYER M3 = 25895 um.
Total wire length on LAYER M4 = 13460 um.
Total wire length on LAYER M5 = 4248 um.
Total wire length on LAYER M6 = 342 um.
Total wire length on LAYER M7 = 53 um.
Total wire length on LAYER M8 = 0 um.
Total wire length on LAYER M9 = 0 um.
Total wire length on LAYER Pad = 0 um.
Total number of vias = 156448.
Up-via summary (total 156448):

-----------------
 Active         0
     M1     53158
     M2     80960
     M3     19062
     M4      3047
     M5       204
     M6        17
     M7         0
     M8         0
     M9         0
-----------------
       156448


[INFO DRT-0198] Complete detail routing.
Total wire length = 58557 um.
Total wire length on LAYER M1 = 0 um.
Total wire length on LAYER M2 = 14557 um.
Total wire length on LAYER M3 = 25895 um.
Total wire length on LAYER M4 = 13460 um.
Total wire length on LAYER M5 = 4248 um.
Total wire length on LAYER M6 = 342 um.
Total wire length on LAYER M7 = 53 um.
Total wire length on LAYER M8 = 0 um.
Total wire length on LAYER M9 = 0 um.
Total wire length on LAYER Pad = 0 um.
Total number of vias = 156448.
Up-via summary (total 156448):

-----------------
 Active         0
     M1     53158
     M2     80960
     M3     19062
     M4      3047
     M5       204
     M6        17
     M7         0
     M8         0
     M9         0
-----------------
       156448


[INFO DRT-0267] cpu time = 00:37:59, elapsed time = 00:01:57, memory = 5060.66 (MB), peak = 11752.62 (MB)

[INFO DRT-0180] Post processing.
Took 141 seconds: detailed_route -output_drc ./reports/asap7/aes/baseline_alpha_16-beta_0.1/5_route_drc.rpt -output_maze ./results/asap7/aes/baseline_alpha_16-beta_0.1/maze.log -droute_end_iter 64 -verbose 1 -drc_report_iter_step 5
[WARNING GRT-0246] No diode with LEF class CORE ANTENNACELL found.
[INFO ANT-0002] Found 0 net violations.
[INFO ANT-0001] Found 0 pin violations.
[INFO ANT-0002] Found 0 net violations.
[INFO ANT-0001] Found 0 pin violations.
write_db ./results/asap7/aes/baseline_alpha_16-beta_0.1/5_2_route.odb
Elapsed time: 2:23.02[h:]min:sec. CPU time: user 2737.18 sys 80.24 (1969%). Peak memory: 12034680KB.
Log                        Elapsed/s Peak Memory/MB  sha1sum .odb [0:20)
5_2_route                        143          11752 4661d0ff1bf675800294
