
==========================================================================
finish report_tns
--------------------------------------------------------------------------
tns max 0.00

==========================================================================
finish report_wns
--------------------------------------------------------------------------
wns max 0.00

==========================================================================
finish report_worst_slack
--------------------------------------------------------------------------
worst slack max 2.87

==========================================================================
finish report_clock_min_period
--------------------------------------------------------------------------
clk period_min = 947.13 fmax = 1055.82

==========================================================================
finish report_clock_skew
--------------------------------------------------------------------------
Clock clk
 127.36 source latency riscv.dp.rf.rf[29][31]$_DFFE_PP_/CLK ^
 -96.60 target latency dmem/dmem2/clk ^
   0.00 CRPR
--------------
  30.75 setup skew


==========================================================================
finish report_checks -path_delay min
--------------------------------------------------------------------------
Startpoint: reset (input port clocked by clk)
Endpoint: riscv.dp.pcreg.q[24]$_DFF_PP0_
          (removal check against rising-edge clock clk)
Path Group: asynchronous
Path Type: min

Fanout     Cap    Slew   Delay    Time   Description
-----------------------------------------------------------------------------
                          0.00    0.00   clock clk (rise edge)
                          0.00    0.00   clock network delay (propagated)
                        118.75  118.75 v input external delay
     1    1.07    0.00    0.00  118.75 v reset (in)
                                         reset (net)
                  0.31    0.10  118.85 v hold2542/A (BUFx2_ASAP7_75t_R)
     1    0.46    4.59   10.36  129.20 v hold2542/Y (BUFx2_ASAP7_75t_R)
                                         net2505 (net)
                  4.59    0.03  129.24 v input102/A (BUFx2_ASAP7_75t_R)
     1    0.52    4.73   11.85  141.09 v input102/Y (BUFx2_ASAP7_75t_R)
                                         net64 (net)
                  4.73    0.02  141.11 v _14755_/A (INVx1_ASAP7_75t_R)
     1    0.68    5.93    4.94  146.04 ^ _14755_/Y (INVx1_ASAP7_75t_R)
                                         _07680_ (net)
                  5.93    0.06  146.11 ^ place2387/A (BUFx3_ASAP7_75t_R)
    32   28.29   66.53   29.52  175.63 ^ place2387/Y (BUFx3_ASAP7_75t_R)
                                         net2350 (net)
                 66.72    2.32  177.95 ^ riscv.dp.pcreg.q[24]$_DFF_PP0_/RESETN (DFFASRHQNx1_ASAP7_75t_R)
                                177.95   data arrival time

                          0.00    0.00   clock clk (rise edge)
                          0.00    0.00   clock source latency
     2   10.56    0.00    0.00    0.00 ^ clk (in)
                                         clk (net)
                 15.52    4.90    4.90 ^ clkbuf_regs_0_clk/A (BUFx16f_ASAP7_75t_R)
     1    6.12    7.06   16.20   21.10 ^ clkbuf_regs_0_clk/Y (BUFx16f_ASAP7_75t_R)
                                         clk_regs (net)
                 10.86    2.69   23.78 ^ clkbuf_0_clk_regs/A (BUFx16f_ASAP7_75t_R)
     4   17.66   14.18   16.61   40.40 ^ clkbuf_0_clk_regs/Y (BUFx16f_ASAP7_75t_R)
                                         clknet_0_clk_regs (net)
                 20.10    4.79   45.18 ^ clkbuf_2_1_0_clk_regs/A (BUFx24_ASAP7_75t_R)
     2    7.57    9.01   21.30   66.49 ^ clkbuf_2_1_0_clk_regs/Y (BUFx24_ASAP7_75t_R)
                                         clknet_2_1_0_clk_regs (net)
                  9.48    1.05   67.53 ^ clkbuf_3_2__f_clk_regs/A (BUFx16f_ASAP7_75t_R)
    16   52.58   31.79   21.48   89.01 ^ clkbuf_3_2__f_clk_regs/Y (BUFx16f_ASAP7_75t_R)
                                         clknet_3_2__leaf_clk_regs (net)
                 36.27    6.14   95.16 ^ clkbuf_leaf_53_clk_regs/A (BUFx24_ASAP7_75t_R)
    11    7.75    9.77   25.37  120.53 ^ clkbuf_leaf_53_clk_regs/Y (BUFx24_ASAP7_75t_R)
                                         clknet_leaf_53_clk_regs (net)
                  9.85    0.53  121.06 ^ riscv.dp.pcreg.q[24]$_DFF_PP0_/CLK (DFFASRHQNx1_ASAP7_75t_R)
                          0.00  121.06   clock reconvergence pessimism
                         25.59  146.65   library removal time
                                146.65   data required time
-----------------------------------------------------------------------------
                                146.65   data required time
                               -177.95   data arrival time
-----------------------------------------------------------------------------
                                 31.30   slack (MET)


Startpoint: riscv.dp.rf.rf[0][22]$_DFFE_PP_
            (rising edge-triggered flip-flop clocked by clk)
Endpoint: riscv.dp.rf.rf[0][22]$_DFFE_PP_
          (rising edge-triggered flip-flop clocked by clk)
Path Group: clk
Path Type: min

Fanout     Cap    Slew   Delay    Time   Description
-----------------------------------------------------------------------------
                          0.00    0.00   clock clk (rise edge)
                          0.00    0.00   clock source latency
     2    9.25    0.00    0.00    0.00 ^ clk (in)
                                         clk (net)
                 13.41    4.23    4.23 ^ clkbuf_regs_0_clk/A (BUFx16f_ASAP7_75t_R)
     1    5.46    6.71   15.54   19.77 ^ clkbuf_regs_0_clk/Y (BUFx16f_ASAP7_75t_R)
                                         clk_regs (net)
                  9.79    2.35   22.12 ^ clkbuf_0_clk_regs/A (BUFx16f_ASAP7_75t_R)
     4   15.26   12.71   16.03   38.15 ^ clkbuf_0_clk_regs/Y (BUFx16f_ASAP7_75t_R)
                                         clknet_0_clk_regs (net)
                 14.15    2.20   40.36 ^ clkbuf_2_3_0_clk_regs/A (BUFx24_ASAP7_75t_R)
     2    5.83    8.26   19.22   59.58 ^ clkbuf_2_3_0_clk_regs/Y (BUFx24_ASAP7_75t_R)
                                         clknet_2_3_0_clk_regs (net)
                  8.85    1.21   60.79 ^ clkbuf_3_7__f_clk_regs/A (BUFx16f_ASAP7_75t_R)
     9   22.30   16.76   16.62   77.41 ^ clkbuf_3_7__f_clk_regs/Y (BUFx16f_ASAP7_75t_R)
                                         clknet_3_7__leaf_clk_regs (net)
                 17.65    2.09   79.50 ^ clkbuf_leaf_24_clk_regs/A (BUFx24_ASAP7_75t_R)
    11    7.14    8.84   20.59  100.09 ^ clkbuf_leaf_24_clk_regs/Y (BUFx24_ASAP7_75t_R)
                                         clknet_leaf_24_clk_regs (net)
                  8.85    0.22  100.31 ^ riscv.dp.rf.rf[0][22]$_DFFE_PP_/CLK (DFFHQNx1_ASAP7_75t_R)
     1    0.54   11.11   34.11  134.42 ^ riscv.dp.rf.rf[0][22]$_DFFE_PP_/QN (DFFHQNx1_ASAP7_75t_R)
                                         _01047_ (net)
                 11.11    0.02  134.44 ^ _09506_/A (INVx1_ASAP7_75t_R)
     2    1.27    9.23    7.66  142.11 v _09506_/Y (INVx1_ASAP7_75t_R)
                                         _02522_ (net)
                  9.23    0.07  142.17 v riscv.dp.rf.rf[0][22]$_DFFE_PP_/D (DFFHQNx1_ASAP7_75t_R)
                                142.17   data arrival time

                          0.00    0.00   clock clk (rise edge)
                          0.00    0.00   clock source latency
     2   10.56    0.00    0.00    0.00 ^ clk (in)
                                         clk (net)
                 15.52    4.90    4.90 ^ clkbuf_regs_0_clk/A (BUFx16f_ASAP7_75t_R)
     1    6.12    7.06   16.20   21.10 ^ clkbuf_regs_0_clk/Y (BUFx16f_ASAP7_75t_R)
                                         clk_regs (net)
                 10.86    2.69   23.78 ^ clkbuf_0_clk_regs/A (BUFx16f_ASAP7_75t_R)
     4   17.66   14.18   16.61   40.40 ^ clkbuf_0_clk_regs/Y (BUFx16f_ASAP7_75t_R)
                                         clknet_0_clk_regs (net)
                 15.99    2.60   43.00 ^ clkbuf_2_3_0_clk_regs/A (BUFx24_ASAP7_75t_R)
     2    7.15    8.76   19.94   62.94 ^ clkbuf_2_3_0_clk_regs/Y (BUFx24_ASAP7_75t_R)
                                         clknet_2_3_0_clk_regs (net)
                  9.75    1.49   64.44 ^ clkbuf_3_7__f_clk_regs/A (BUFx16f_ASAP7_75t_R)
     9   27.70   19.11   17.53   81.97 ^ clkbuf_3_7__f_clk_regs/Y (BUFx16f_ASAP7_75t_R)
                                         clknet_3_7__leaf_clk_regs (net)
                 20.35    2.60   84.56 ^ clkbuf_leaf_24_clk_regs/A (BUFx24_ASAP7_75t_R)
    11    8.40    9.36   21.59  106.15 ^ clkbuf_leaf_24_clk_regs/Y (BUFx24_ASAP7_75t_R)
                                         clknet_leaf_24_clk_regs (net)
                  9.39    0.26  106.41 ^ riscv.dp.rf.rf[0][22]$_DFFE_PP_/CLK (DFFHQNx1_ASAP7_75t_R)
                         -6.10  100.31   clock reconvergence pessimism
                         10.69  111.00   library hold time
                                111.00   data required time
-----------------------------------------------------------------------------
                                111.00   data required time
                               -142.17   data arrival time
-----------------------------------------------------------------------------
                                 31.17   slack (MET)



==========================================================================
finish report_checks -path_delay max
--------------------------------------------------------------------------
Startpoint: reset (input port clocked by clk)
Endpoint: riscv.dp.pcreg.q[0]$_DFF_PP0_
          (recovery check against rising-edge clock clk)
Path Group: asynchronous
Path Type: max

Fanout     Cap    Slew   Delay    Time   Description
-----------------------------------------------------------------------------
                          0.00    0.00   clock clk (rise edge)
                          0.00    0.00   clock network delay (propagated)
                        118.75  118.75 v input external delay
     1    1.20    0.00    0.00  118.75 v reset (in)
                                         reset (net)
                  0.37    0.12  118.87 v hold2542/A (BUFx2_ASAP7_75t_R)
     1    0.60    4.88   10.58  129.45 v hold2542/Y (BUFx2_ASAP7_75t_R)
                                         net2505 (net)
                  4.88    0.04  129.49 v input102/A (BUFx2_ASAP7_75t_R)
     1    0.70    5.11   12.21  141.70 v input102/Y (BUFx2_ASAP7_75t_R)
                                         net64 (net)
                  5.11    0.03  141.72 v _14755_/A (INVx1_ASAP7_75t_R)
     1    0.83    6.92    5.45  147.18 ^ _14755_/Y (INVx1_ASAP7_75t_R)
                                         _07680_ (net)
                  6.92    0.08  147.26 ^ place2387/A (BUFx3_ASAP7_75t_R)
    32   31.67   74.17   31.89  179.15 ^ place2387/Y (BUFx3_ASAP7_75t_R)
                                         net2350 (net)
                 89.53   17.55  196.70 ^ riscv.dp.pcreg.q[0]$_DFF_PP0_/RESETN (DFFASRHQNx1_ASAP7_75t_R)
                                196.70   data arrival time

                        950.00  950.00   clock clk (rise edge)
                          0.00  950.00   clock source latency
     2    9.25    0.00    0.00  950.00 ^ clk (in)
                                         clk (net)
                 13.41    4.23  954.23 ^ clkbuf_regs_0_clk/A (BUFx16f_ASAP7_75t_R)
     1    5.46    6.71   15.54  969.77 ^ clkbuf_regs_0_clk/Y (BUFx16f_ASAP7_75t_R)
                                         clk_regs (net)
                  9.79    2.35  972.12 ^ clkbuf_0_clk_regs/A (BUFx16f_ASAP7_75t_R)
     4   15.26   12.71   16.03  988.15 ^ clkbuf_0_clk_regs/Y (BUFx16f_ASAP7_75t_R)
                                         clknet_0_clk_regs (net)
                 17.75    4.17  992.33 ^ clkbuf_2_1_0_clk_regs/A (BUFx24_ASAP7_75t_R)
     2    6.25    8.50   20.42 1012.74 ^ clkbuf_2_1_0_clk_regs/Y (BUFx24_ASAP7_75t_R)
                                         clknet_2_1_0_clk_regs (net)
                  8.75    0.84 1013.58 ^ clkbuf_3_2__f_clk_regs/A (BUFx16f_ASAP7_75t_R)
    16   42.96   27.36   20.04 1033.62 ^ clkbuf_3_2__f_clk_regs/Y (BUFx16f_ASAP7_75t_R)
                                         clknet_3_2__leaf_clk_regs (net)
                 28.77    3.37 1036.99 ^ clkbuf_leaf_55_clk_regs/A (BUFx24_ASAP7_75t_R)
    11    7.34    9.31   23.48 1060.47 ^ clkbuf_leaf_55_clk_regs/Y (BUFx24_ASAP7_75t_R)
                                         clknet_leaf_55_clk_regs (net)
                  9.32    0.21 1060.68 ^ riscv.dp.pcreg.q[0]$_DFF_PP0_/CLK (DFFASRHQNx1_ASAP7_75t_R)
                          0.00 1060.68   clock reconvergence pessimism
                         19.37 1080.05   library recovery time
                               1080.05   data required time
-----------------------------------------------------------------------------
                               1080.05   data required time
                               -196.70   data arrival time
-----------------------------------------------------------------------------
                                883.35   slack (MET)


Startpoint: riscv.dp.pcreg.q[31]$_DFF_PP0_
            (rising edge-triggered flip-flop clocked by clk)
Endpoint: _tray_size4_2098 (rising edge-triggered flip-flop clocked by clk)
Path Group: clk
Path Type: max

Fanout     Cap    Slew   Delay    Time   Description
-----------------------------------------------------------------------------
                          0.00    0.00   clock clk (rise edge)
                          0.00    0.00   clock source latency
     2   10.56    0.00    0.00    0.00 ^ clk (in)
                                         clk (net)
                 15.52    4.90    4.90 ^ clkbuf_regs_0_clk/A (BUFx16f_ASAP7_75t_R)
     1    6.12    7.06   16.20   21.10 ^ clkbuf_regs_0_clk/Y (BUFx16f_ASAP7_75t_R)
                                         clk_regs (net)
                 10.86    2.69   23.78 ^ clkbuf_0_clk_regs/A (BUFx16f_ASAP7_75t_R)
     4   17.66   14.18   16.61   40.40 ^ clkbuf_0_clk_regs/Y (BUFx16f_ASAP7_75t_R)
                                         clknet_0_clk_regs (net)
                 20.10    4.79   45.18 ^ clkbuf_2_1_0_clk_regs/A (BUFx24_ASAP7_75t_R)
     2    7.57    9.01   21.30   66.49 ^ clkbuf_2_1_0_clk_regs/Y (BUFx24_ASAP7_75t_R)
                                         clknet_2_1_0_clk_regs (net)
                  9.48    1.05   67.53 ^ clkbuf_3_2__f_clk_regs/A (BUFx16f_ASAP7_75t_R)
    16   52.58   31.79   21.48   89.01 ^ clkbuf_3_2__f_clk_regs/Y (BUFx16f_ASAP7_75t_R)
                                         clknet_3_2__leaf_clk_regs (net)
                 35.18    5.40   94.41 ^ clkbuf_leaf_54_clk_regs/A (BUFx24_ASAP7_75t_R)
    11    8.24    9.91   25.18  119.59 ^ clkbuf_leaf_54_clk_regs/Y (BUFx24_ASAP7_75t_R)
                                         clknet_leaf_54_clk_regs (net)
                 10.21    0.92  120.52 ^ riscv.dp.pcreg.q[31]$_DFF_PP0_/CLK (DFFASRHQNx1_ASAP7_75t_R)
     2    2.56   25.76   46.73  167.24 v riscv.dp.pcreg.q[31]$_DFF_PP0_/QN (DFFASRHQNx1_ASAP7_75t_R)
                                         _00000_ (net)
                 25.78    0.43  167.67 v place2386/A (BUFx6f_ASAP7_75t_R)
     2    9.79   13.06   20.94  188.61 v place2386/Y (BUFx6f_ASAP7_75t_R)
                                         net2349 (net)
                 13.22    0.79  189.40 v _09833_/A (INVx13_ASAP7_75t_R)
     4    7.23    8.12    7.58  196.98 ^ _09833_/Y (INVx13_ASAP7_75t_R)
                                         net122 (net)
                  8.12    0.00  196.98 ^ rebuffer2536/A (BUFx12f_ASAP7_75t_R)
     3    7.92    8.77   12.83  209.81 ^ rebuffer2536/Y (BUFx12f_ASAP7_75t_R)
                                         net2499 (net)
                  8.84    0.47  210.28 ^ place2369/A (BUFx16f_ASAP7_75t_R)
    72   67.32   39.70   22.59  232.86 ^ place2369/Y (BUFx16f_ASAP7_75t_R)
                                         net2332 (net)
                 60.79   15.79  248.65 ^ _11618_/A (NAND2x2_ASAP7_75t_R)
     3    5.08   24.93   15.59  264.24 v _11618_/Y (NAND2x2_ASAP7_75t_R)
                                         _04571_ (net)
                 24.93    0.20  264.44 v place2350/A (BUFx10_ASAP7_75t_R)
    44   54.82   15.95   25.12  289.56 v place2350/Y (BUFx10_ASAP7_75t_R)
                                         net2313 (net)
                171.78   53.72  343.28 v _10604_/B (OR3x1_ASAP7_75t_R)
     1    0.52   10.43   40.59  383.87 v _10604_/Y (OR3x1_ASAP7_75t_R)
                                         _03598_ (net)
                 10.43    0.04  383.91 v _10605_/B (OA211x2_ASAP7_75t_R)
     1    0.72   10.26   25.85  409.76 v _10605_/Y (OA211x2_ASAP7_75t_R)
                                         _03599_ (net)
                 10.26    0.03  409.79 v _10606_/C (OR3x2_ASAP7_75t_R)
     1    6.03   24.23   32.17  441.96 v _10606_/Y (OR3x2_ASAP7_75t_R)
                                         _03600_ (net)
                 25.11    2.50  444.46 v _10632_/C (OA211x2_ASAP7_75t_R)
     3    5.40   23.81   39.95  484.41 v _10632_/Y (OA211x2_ASAP7_75t_R)
                                         _03625_ (net)
                 24.31    1.88  486.28 v _10635_/A2 (AO21x1_ASAP7_75t_R)
     1    2.19   14.98   22.25  508.54 v _10635_/Y (AO21x1_ASAP7_75t_R)
                                         _03628_ (net)
                 15.04    0.51  509.05 v _10637_/B (XOR2x2_ASAP7_75t_R)
     3    2.69   12.97   29.17  538.21 ^ _10637_/Y (XOR2x2_ASAP7_75t_R)
                                         _03630_ (net)
                 12.97    0.00  538.21 ^ riscv.dp.alu.sum\\ALU_33_0_33_0_33_unused_CO_X_HAN_CARLSON/_568_/A (XOR2x2_ASAP7_75t_R)
     1    1.10    7.87   17.32  555.54 ^ riscv.dp.alu.sum\\ALU_33_0_33_0_33_unused_CO_X_HAN_CARLSON/_568_/Y (XOR2x2_ASAP7_75t_R)
                                         riscv.dp.alu.sum\\ALU_33_0_33_0_33_unused_CO_X_HAN_CARLSON/_265_ (net)
                  7.87    0.04  555.58 ^ riscv.dp.alu.sum\\ALU_33_0_33_0_33_unused_CO_X_HAN_CARLSON/_316_/A (HAxp5_ASAP7_75t_R)
     2    1.60   30.41   29.54  585.12 v riscv.dp.alu.sum\\ALU_33_0_33_0_33_unused_CO_X_HAN_CARLSON/_316_/SN (HAxp5_ASAP7_75t_R)
                                         riscv.dp.alu.sum\\ALU_33_0_33_0_33_unused_CO_X_HAN_CARLSON/_007_ (net)
                 30.41    0.11  585.24 v riscv.dp.alu.sum\\ALU_33_0_33_0_33_unused_CO_X_HAN_CARLSON/_517_/D (OR4x1_ASAP7_75t_R)
     2    2.19   18.14   34.25  619.49 v riscv.dp.alu.sum\\ALU_33_0_33_0_33_unused_CO_X_HAN_CARLSON/_517_/Y (OR4x1_ASAP7_75t_R)
                                         riscv.dp.alu.sum\\ALU_33_0_33_0_33_unused_CO_X_HAN_CARLSON/_216_ (net)
                 18.16    0.34  619.82 v riscv.dp.alu.sum\\ALU_33_0_33_0_33_unused_CO_X_HAN_CARLSON/_518_/B (NOR2x1_ASAP7_75t_R)
     2    1.50   14.93   11.57  631.39 ^ riscv.dp.alu.sum\\ALU_33_0_33_0_33_unused_CO_X_HAN_CARLSON/_518_/Y (NOR2x1_ASAP7_75t_R)
                                         riscv.dp.alu.sum\\ALU_33_0_33_0_33_unused_CO_X_HAN_CARLSON/_217_ (net)
                 14.94    0.20  631.59 ^ riscv.dp.alu.sum\\ALU_33_0_33_0_33_unused_CO_X_HAN_CARLSON/_519_/B (AND2x2_ASAP7_75t_R)
     1    0.77    6.49   16.15  647.74 ^ riscv.dp.alu.sum\\ALU_33_0_33_0_33_unused_CO_X_HAN_CARLSON/_519_/Y (AND2x2_ASAP7_75t_R)
                                         riscv.dp.alu.sum\\ALU_33_0_33_0_33_unused_CO_X_HAN_CARLSON/_218_ (net)
                  6.49    0.07  647.81 ^ riscv.dp.alu.sum\\ALU_33_0_33_0_33_unused_CO_X_HAN_CARLSON/_523_/B2 (AO221x1_ASAP7_75t_R)
     1    1.28   12.88   19.01  666.81 ^ riscv.dp.alu.sum\\ALU_33_0_33_0_33_unused_CO_X_HAN_CARLSON/_523_/Y (AO221x1_ASAP7_75t_R)
                                         riscv.dp.alu.sum\\ALU_33_0_33_0_33_unused_CO_X_HAN_CARLSON/_222_ (net)
                 12.89    0.12  666.94 ^ riscv.dp.alu.sum\\ALU_33_0_33_0_33_unused_CO_X_HAN_CARLSON/_524_/A (XNOR2x2_ASAP7_75t_R)
     1    0.61    6.55   25.05  691.99 v riscv.dp.alu.sum\\ALU_33_0_33_0_33_unused_CO_X_HAN_CARLSON/_524_/Y (XNOR2x2_ASAP7_75t_R)
                                         riscv.dp.alu.sum[31] (net)
                  6.55    0.00  691.99 v _11613_/A1 (AO222x2_ASAP7_75t_R)
     2    1.40   11.99   30.46  722.45 v _11613_/Y (AO222x2_ASAP7_75t_R)
                                         _04566_ (net)
                 11.99    0.04  722.50 v _11636_/A2 (AO21x2_ASAP7_75t_R)
     1    3.92   17.37   22.08  744.57 v _11636_/Y (AO21x2_ASAP7_75t_R)
                                         net89 (net)
                 17.66    1.22  745.79 v place1716/A (BUFx6f_ASAP7_75t_R)
     4    6.87    9.50   17.89  763.68 v place1716/Y (BUFx6f_ASAP7_75t_R)
                                         net1679 (net)
                  9.50    0.00  763.68 v dmem/_221_/A (NOR3x2_ASAP7_75t_R)
     2    2.62   14.69    9.53  773.21 ^ dmem/_221_/Y (NOR3x2_ASAP7_75t_R)
                                         dmem/_068_ (net)
                 14.77    0.53  773.74 ^ dmem/rebuffer2600/A (BUFx6f_ASAP7_75t_R)
     6   13.91   17.22   14.62  788.36 ^ dmem/rebuffer2600/Y (BUFx6f_ASAP7_75t_R)
                                         dmem/net2563 (net)
                 54.43   16.77  805.13 ^ dmem/rebuffer2573/A (BUFx3_ASAP7_75t_R)
     1    0.84    6.81   20.31  825.44 ^ dmem/rebuffer2573/Y (BUFx3_ASAP7_75t_R)
                                         dmem/net2536 (net)
                  6.81    0.08  825.52 ^ dmem/place1710/A (BUFx3_ASAP7_75t_R)
    14    9.66   25.09   17.89  843.41 ^ dmem/place1710/Y (BUFx3_ASAP7_75t_R)
                                         dmem/net1673 (net)
                 26.81    3.51  846.92 ^ dmem/_256_/B1 (AO22x1_ASAP7_75t_R)
     1    1.78   15.71   21.88  868.80 ^ dmem/_256_/Y (AO22x1_ASAP7_75t_R)
                                         dmem/_097_ (net)
                 15.77    0.52  869.33 ^ dmem/_257_/B (AO21x1_ASAP7_75t_R)
     1    1.33   11.64   14.87  884.20 ^ dmem/_257_/Y (AO21x1_ASAP7_75t_R)
                                         readdata[6] (net)
                 11.64    0.00  884.20 ^ place1698/A (BUFx6f_ASAP7_75t_R)
     1   16.11   18.03   13.64  897.84 ^ place1698/Y (BUFx6f_ASAP7_75t_R)
                                         net1661 (net)
                 68.88   21.40  919.24 ^ _12125_/A1 (OA22x2_ASAP7_75t_R)
     1    0.91    8.87   28.76  948.00 ^ _12125_/Y (OA22x2_ASAP7_75t_R)
                                         _05053_ (net)
                  8.88    0.09  948.09 ^ _12126_/C (AND3x1_ASAP7_75t_R)
     1    2.03   16.97   21.86  969.95 ^ _12126_/Y (AND3x1_ASAP7_75t_R)
                                         _05054_ (net)
                 17.02    0.48  970.43 ^ place1677/A (BUFx6f_ASAP7_75t_R)
     2   12.80   18.49   16.24  986.67 ^ place1677/Y (BUFx6f_ASAP7_75t_R)
                                         net1640 (net)
                 30.23    8.02  994.68 ^ place1675/A (BUFx3_ASAP7_75t_R)
    16   12.85   31.37   27.29 1021.97 ^ place1675/Y (BUFx3_ASAP7_75t_R)
                                         net1638 (net)
                 32.80    3.61 1025.59 ^ _12581_/A2 (AO21x1_ASAP7_75t_R)
     1    0.69   10.03   17.56 1043.15 ^ _12581_/Y (AO21x1_ASAP7_75t_R)
                                         _05507_ (net)
                 10.03    0.06 1043.21 ^ _tray_size4_2098/D3 (DFFHQNH2V2Xx1_ASAP7_75t_R)
                               1043.21   data arrival time

                        950.00  950.00   clock clk (rise edge)
                          0.00  950.00   clock source latency
     2    9.25    0.00    0.00  950.00 ^ clk (in)
                                         clk (net)
                 13.41    4.23  954.23 ^ clkbuf_regs_0_clk/A (BUFx16f_ASAP7_75t_R)
     1    5.46    6.71   15.54  969.77 ^ clkbuf_regs_0_clk/Y (BUFx16f_ASAP7_75t_R)
                                         clk_regs (net)
                  9.79    2.35  972.12 ^ clkbuf_0_clk_regs/A (BUFx16f_ASAP7_75t_R)
     4   15.26   12.71   16.03  988.15 ^ clkbuf_0_clk_regs/Y (BUFx16f_ASAP7_75t_R)
                                         clknet_0_clk_regs (net)
                 14.15    2.20  990.36 ^ clkbuf_2_3_0_clk_regs/A (BUFx24_ASAP7_75t_R)
     2    5.83    8.26   19.22 1009.58 ^ clkbuf_2_3_0_clk_regs/Y (BUFx24_ASAP7_75t_R)
                                         clknet_2_3_0_clk_regs (net)
                  8.85    1.21 1010.79 ^ clkbuf_3_7__f_clk_regs/A (BUFx16f_ASAP7_75t_R)
     9   22.30   16.76   16.62 1027.41 ^ clkbuf_3_7__f_clk_regs/Y (BUFx16f_ASAP7_75t_R)
                                         clknet_3_7__leaf_clk_regs (net)
                 22.02    4.83 1032.23 ^ clkbuf_leaf_28_clk_regs/A (BUFx24_ASAP7_75t_R)
    11    6.48    8.70   21.63 1053.86 ^ clkbuf_leaf_28_clk_regs/Y (BUFx24_ASAP7_75t_R)
                                         clknet_leaf_28_clk_regs (net)
                  9.07    1.05 1054.91 ^ _tray_size4_2098/CLK (DFFHQNH2V2Xx1_ASAP7_75t_R)
                          2.24 1057.15   clock reconvergence pessimism
                        -11.08 1046.07   library setup time
                               1046.07   data required time
-----------------------------------------------------------------------------
                               1046.07   data required time
                               -1043.21   data arrival time
-----------------------------------------------------------------------------
                                  2.87   slack (MET)



==========================================================================
finish report_checks -unconstrained
--------------------------------------------------------------------------
Startpoint: reset (input port clocked by clk)
Endpoint: riscv.dp.pcreg.q[0]$_DFF_PP0_
          (recovery check against rising-edge clock clk)
Path Group: asynchronous
Path Type: max

Fanout     Cap    Slew   Delay    Time   Description
-----------------------------------------------------------------------------
                          0.00    0.00   clock clk (rise edge)
                          0.00    0.00   clock network delay (propagated)
                        118.75  118.75 v input external delay
     1    1.20    0.00    0.00  118.75 v reset (in)
                                         reset (net)
                  0.37    0.12  118.87 v hold2542/A (BUFx2_ASAP7_75t_R)
     1    0.60    4.88   10.58  129.45 v hold2542/Y (BUFx2_ASAP7_75t_R)
                                         net2505 (net)
                  4.88    0.04  129.49 v input102/A (BUFx2_ASAP7_75t_R)
     1    0.70    5.11   12.21  141.70 v input102/Y (BUFx2_ASAP7_75t_R)
                                         net64 (net)
                  5.11    0.03  141.72 v _14755_/A (INVx1_ASAP7_75t_R)
     1    0.83    6.92    5.45  147.18 ^ _14755_/Y (INVx1_ASAP7_75t_R)
                                         _07680_ (net)
                  6.92    0.08  147.26 ^ place2387/A (BUFx3_ASAP7_75t_R)
    32   31.67   74.17   31.89  179.15 ^ place2387/Y (BUFx3_ASAP7_75t_R)
                                         net2350 (net)
                 89.53   17.55  196.70 ^ riscv.dp.pcreg.q[0]$_DFF_PP0_/RESETN (DFFASRHQNx1_ASAP7_75t_R)
                                196.70   data arrival time

                        950.00  950.00   clock clk (rise edge)
                          0.00  950.00   clock source latency
     2    9.25    0.00    0.00  950.00 ^ clk (in)
                                         clk (net)
                 13.41    4.23  954.23 ^ clkbuf_regs_0_clk/A (BUFx16f_ASAP7_75t_R)
     1    5.46    6.71   15.54  969.77 ^ clkbuf_regs_0_clk/Y (BUFx16f_ASAP7_75t_R)
                                         clk_regs (net)
                  9.79    2.35  972.12 ^ clkbuf_0_clk_regs/A (BUFx16f_ASAP7_75t_R)
     4   15.26   12.71   16.03  988.15 ^ clkbuf_0_clk_regs/Y (BUFx16f_ASAP7_75t_R)
                                         clknet_0_clk_regs (net)
                 17.75    4.17  992.33 ^ clkbuf_2_1_0_clk_regs/A (BUFx24_ASAP7_75t_R)
     2    6.25    8.50   20.42 1012.74 ^ clkbuf_2_1_0_clk_regs/Y (BUFx24_ASAP7_75t_R)
                                         clknet_2_1_0_clk_regs (net)
                  8.75    0.84 1013.58 ^ clkbuf_3_2__f_clk_regs/A (BUFx16f_ASAP7_75t_R)
    16   42.96   27.36   20.04 1033.62 ^ clkbuf_3_2__f_clk_regs/Y (BUFx16f_ASAP7_75t_R)
                                         clknet_3_2__leaf_clk_regs (net)
                 28.77    3.37 1036.99 ^ clkbuf_leaf_55_clk_regs/A (BUFx24_ASAP7_75t_R)
    11    7.34    9.31   23.48 1060.47 ^ clkbuf_leaf_55_clk_regs/Y (BUFx24_ASAP7_75t_R)
                                         clknet_leaf_55_clk_regs (net)
                  9.32    0.21 1060.68 ^ riscv.dp.pcreg.q[0]$_DFF_PP0_/CLK (DFFASRHQNx1_ASAP7_75t_R)
                          0.00 1060.68   clock reconvergence pessimism
                         19.37 1080.05   library recovery time
                               1080.05   data required time
-----------------------------------------------------------------------------
                               1080.05   data required time
                               -196.70   data arrival time
-----------------------------------------------------------------------------
                                883.35   slack (MET)


Startpoint: riscv.dp.pcreg.q[31]$_DFF_PP0_
            (rising edge-triggered flip-flop clocked by clk)
Endpoint: _tray_size4_2098 (rising edge-triggered flip-flop clocked by clk)
Path Group: clk
Path Type: max

Fanout     Cap    Slew   Delay    Time   Description
-----------------------------------------------------------------------------
                          0.00    0.00   clock clk (rise edge)
                          0.00    0.00   clock source latency
     2   10.56    0.00    0.00    0.00 ^ clk (in)
                                         clk (net)
                 15.52    4.90    4.90 ^ clkbuf_regs_0_clk/A (BUFx16f_ASAP7_75t_R)
     1    6.12    7.06   16.20   21.10 ^ clkbuf_regs_0_clk/Y (BUFx16f_ASAP7_75t_R)
                                         clk_regs (net)
                 10.86    2.69   23.78 ^ clkbuf_0_clk_regs/A (BUFx16f_ASAP7_75t_R)
     4   17.66   14.18   16.61   40.40 ^ clkbuf_0_clk_regs/Y (BUFx16f_ASAP7_75t_R)
                                         clknet_0_clk_regs (net)
                 20.10    4.79   45.18 ^ clkbuf_2_1_0_clk_regs/A (BUFx24_ASAP7_75t_R)
     2    7.57    9.01   21.30   66.49 ^ clkbuf_2_1_0_clk_regs/Y (BUFx24_ASAP7_75t_R)
                                         clknet_2_1_0_clk_regs (net)
                  9.48    1.05   67.53 ^ clkbuf_3_2__f_clk_regs/A (BUFx16f_ASAP7_75t_R)
    16   52.58   31.79   21.48   89.01 ^ clkbuf_3_2__f_clk_regs/Y (BUFx16f_ASAP7_75t_R)
                                         clknet_3_2__leaf_clk_regs (net)
                 35.18    5.40   94.41 ^ clkbuf_leaf_54_clk_regs/A (BUFx24_ASAP7_75t_R)
    11    8.24    9.91   25.18  119.59 ^ clkbuf_leaf_54_clk_regs/Y (BUFx24_ASAP7_75t_R)
                                         clknet_leaf_54_clk_regs (net)
                 10.21    0.92  120.52 ^ riscv.dp.pcreg.q[31]$_DFF_PP0_/CLK (DFFASRHQNx1_ASAP7_75t_R)
     2    2.56   25.76   46.73  167.24 v riscv.dp.pcreg.q[31]$_DFF_PP0_/QN (DFFASRHQNx1_ASAP7_75t_R)
                                         _00000_ (net)
                 25.78    0.43  167.67 v place2386/A (BUFx6f_ASAP7_75t_R)
     2    9.79   13.06   20.94  188.61 v place2386/Y (BUFx6f_ASAP7_75t_R)
                                         net2349 (net)
                 13.22    0.79  189.40 v _09833_/A (INVx13_ASAP7_75t_R)
     4    7.23    8.12    7.58  196.98 ^ _09833_/Y (INVx13_ASAP7_75t_R)
                                         net122 (net)
                  8.12    0.00  196.98 ^ rebuffer2536/A (BUFx12f_ASAP7_75t_R)
     3    7.92    8.77   12.83  209.81 ^ rebuffer2536/Y (BUFx12f_ASAP7_75t_R)
                                         net2499 (net)
                  8.84    0.47  210.28 ^ place2369/A (BUFx16f_ASAP7_75t_R)
    72   67.32   39.70   22.59  232.86 ^ place2369/Y (BUFx16f_ASAP7_75t_R)
                                         net2332 (net)
                 60.79   15.79  248.65 ^ _11618_/A (NAND2x2_ASAP7_75t_R)
     3    5.08   24.93   15.59  264.24 v _11618_/Y (NAND2x2_ASAP7_75t_R)
                                         _04571_ (net)
                 24.93    0.20  264.44 v place2350/A (BUFx10_ASAP7_75t_R)
    44   54.82   15.95   25.12  289.56 v place2350/Y (BUFx10_ASAP7_75t_R)
                                         net2313 (net)
                171.78   53.72  343.28 v _10604_/B (OR3x1_ASAP7_75t_R)
     1    0.52   10.43   40.59  383.87 v _10604_/Y (OR3x1_ASAP7_75t_R)
                                         _03598_ (net)
                 10.43    0.04  383.91 v _10605_/B (OA211x2_ASAP7_75t_R)
     1    0.72   10.26   25.85  409.76 v _10605_/Y (OA211x2_ASAP7_75t_R)
                                         _03599_ (net)
                 10.26    0.03  409.79 v _10606_/C (OR3x2_ASAP7_75t_R)
     1    6.03   24.23   32.17  441.96 v _10606_/Y (OR3x2_ASAP7_75t_R)
                                         _03600_ (net)
                 25.11    2.50  444.46 v _10632_/C (OA211x2_ASAP7_75t_R)
     3    5.40   23.81   39.95  484.41 v _10632_/Y (OA211x2_ASAP7_75t_R)
                                         _03625_ (net)
                 24.31    1.88  486.28 v _10635_/A2 (AO21x1_ASAP7_75t_R)
     1    2.19   14.98   22.25  508.54 v _10635_/Y (AO21x1_ASAP7_75t_R)
                                         _03628_ (net)
                 15.04    0.51  509.05 v _10637_/B (XOR2x2_ASAP7_75t_R)
     3    2.69   12.97   29.17  538.21 ^ _10637_/Y (XOR2x2_ASAP7_75t_R)
                                         _03630_ (net)
                 12.97    0.00  538.21 ^ riscv.dp.alu.sum\\ALU_33_0_33_0_33_unused_CO_X_HAN_CARLSON/_568_/A (XOR2x2_ASAP7_75t_R)
     1    1.10    7.87   17.32  555.54 ^ riscv.dp.alu.sum\\ALU_33_0_33_0_33_unused_CO_X_HAN_CARLSON/_568_/Y (XOR2x2_ASAP7_75t_R)
                                         riscv.dp.alu.sum\\ALU_33_0_33_0_33_unused_CO_X_HAN_CARLSON/_265_ (net)
                  7.87    0.04  555.58 ^ riscv.dp.alu.sum\\ALU_33_0_33_0_33_unused_CO_X_HAN_CARLSON/_316_/A (HAxp5_ASAP7_75t_R)
     2    1.60   30.41   29.54  585.12 v riscv.dp.alu.sum\\ALU_33_0_33_0_33_unused_CO_X_HAN_CARLSON/_316_/SN (HAxp5_ASAP7_75t_R)
                                         riscv.dp.alu.sum\\ALU_33_0_33_0_33_unused_CO_X_HAN_CARLSON/_007_ (net)
                 30.41    0.11  585.24 v riscv.dp.alu.sum\\ALU_33_0_33_0_33_unused_CO_X_HAN_CARLSON/_517_/D (OR4x1_ASAP7_75t_R)
     2    2.19   18.14   34.25  619.49 v riscv.dp.alu.sum\\ALU_33_0_33_0_33_unused_CO_X_HAN_CARLSON/_517_/Y (OR4x1_ASAP7_75t_R)
                                         riscv.dp.alu.sum\\ALU_33_0_33_0_33_unused_CO_X_HAN_CARLSON/_216_ (net)
                 18.16    0.34  619.82 v riscv.dp.alu.sum\\ALU_33_0_33_0_33_unused_CO_X_HAN_CARLSON/_518_/B (NOR2x1_ASAP7_75t_R)
     2    1.50   14.93   11.57  631.39 ^ riscv.dp.alu.sum\\ALU_33_0_33_0_33_unused_CO_X_HAN_CARLSON/_518_/Y (NOR2x1_ASAP7_75t_R)
                                         riscv.dp.alu.sum\\ALU_33_0_33_0_33_unused_CO_X_HAN_CARLSON/_217_ (net)
                 14.94    0.20  631.59 ^ riscv.dp.alu.sum\\ALU_33_0_33_0_33_unused_CO_X_HAN_CARLSON/_519_/B (AND2x2_ASAP7_75t_R)
     1    0.77    6.49   16.15  647.74 ^ riscv.dp.alu.sum\\ALU_33_0_33_0_33_unused_CO_X_HAN_CARLSON/_519_/Y (AND2x2_ASAP7_75t_R)
                                         riscv.dp.alu.sum\\ALU_33_0_33_0_33_unused_CO_X_HAN_CARLSON/_218_ (net)
                  6.49    0.07  647.81 ^ riscv.dp.alu.sum\\ALU_33_0_33_0_33_unused_CO_X_HAN_CARLSON/_523_/B2 (AO221x1_ASAP7_75t_R)
     1    1.28   12.88   19.01  666.81 ^ riscv.dp.alu.sum\\ALU_33_0_33_0_33_unused_CO_X_HAN_CARLSON/_523_/Y (AO221x1_ASAP7_75t_R)
                                         riscv.dp.alu.sum\\ALU_33_0_33_0_33_unused_CO_X_HAN_CARLSON/_222_ (net)
                 12.89    0.12  666.94 ^ riscv.dp.alu.sum\\ALU_33_0_33_0_33_unused_CO_X_HAN_CARLSON/_524_/A (XNOR2x2_ASAP7_75t_R)
     1    0.61    6.55   25.05  691.99 v riscv.dp.alu.sum\\ALU_33_0_33_0_33_unused_CO_X_HAN_CARLSON/_524_/Y (XNOR2x2_ASAP7_75t_R)
                                         riscv.dp.alu.sum[31] (net)
                  6.55    0.00  691.99 v _11613_/A1 (AO222x2_ASAP7_75t_R)
     2    1.40   11.99   30.46  722.45 v _11613_/Y (AO222x2_ASAP7_75t_R)
                                         _04566_ (net)
                 11.99    0.04  722.50 v _11636_/A2 (AO21x2_ASAP7_75t_R)
     1    3.92   17.37   22.08  744.57 v _11636_/Y (AO21x2_ASAP7_75t_R)
                                         net89 (net)
                 17.66    1.22  745.79 v place1716/A (BUFx6f_ASAP7_75t_R)
     4    6.87    9.50   17.89  763.68 v place1716/Y (BUFx6f_ASAP7_75t_R)
                                         net1679 (net)
                  9.50    0.00  763.68 v dmem/_221_/A (NOR3x2_ASAP7_75t_R)
     2    2.62   14.69    9.53  773.21 ^ dmem/_221_/Y (NOR3x2_ASAP7_75t_R)
                                         dmem/_068_ (net)
                 14.77    0.53  773.74 ^ dmem/rebuffer2600/A (BUFx6f_ASAP7_75t_R)
     6   13.91   17.22   14.62  788.36 ^ dmem/rebuffer2600/Y (BUFx6f_ASAP7_75t_R)
                                         dmem/net2563 (net)
                 54.43   16.77  805.13 ^ dmem/rebuffer2573/A (BUFx3_ASAP7_75t_R)
     1    0.84    6.81   20.31  825.44 ^ dmem/rebuffer2573/Y (BUFx3_ASAP7_75t_R)
                                         dmem/net2536 (net)
                  6.81    0.08  825.52 ^ dmem/place1710/A (BUFx3_ASAP7_75t_R)
    14    9.66   25.09   17.89  843.41 ^ dmem/place1710/Y (BUFx3_ASAP7_75t_R)
                                         dmem/net1673 (net)
                 26.81    3.51  846.92 ^ dmem/_256_/B1 (AO22x1_ASAP7_75t_R)
     1    1.78   15.71   21.88  868.80 ^ dmem/_256_/Y (AO22x1_ASAP7_75t_R)
                                         dmem/_097_ (net)
                 15.77    0.52  869.33 ^ dmem/_257_/B (AO21x1_ASAP7_75t_R)
     1    1.33   11.64   14.87  884.20 ^ dmem/_257_/Y (AO21x1_ASAP7_75t_R)
                                         readdata[6] (net)
                 11.64    0.00  884.20 ^ place1698/A (BUFx6f_ASAP7_75t_R)
     1   16.11   18.03   13.64  897.84 ^ place1698/Y (BUFx6f_ASAP7_75t_R)
                                         net1661 (net)
                 68.88   21.40  919.24 ^ _12125_/A1 (OA22x2_ASAP7_75t_R)
     1    0.91    8.87   28.76  948.00 ^ _12125_/Y (OA22x2_ASAP7_75t_R)
                                         _05053_ (net)
                  8.88    0.09  948.09 ^ _12126_/C (AND3x1_ASAP7_75t_R)
     1    2.03   16.97   21.86  969.95 ^ _12126_/Y (AND3x1_ASAP7_75t_R)
                                         _05054_ (net)
                 17.02    0.48  970.43 ^ place1677/A (BUFx6f_ASAP7_75t_R)
     2   12.80   18.49   16.24  986.67 ^ place1677/Y (BUFx6f_ASAP7_75t_R)
                                         net1640 (net)
                 30.23    8.02  994.68 ^ place1675/A (BUFx3_ASAP7_75t_R)
    16   12.85   31.37   27.29 1021.97 ^ place1675/Y (BUFx3_ASAP7_75t_R)
                                         net1638 (net)
                 32.80    3.61 1025.59 ^ _12581_/A2 (AO21x1_ASAP7_75t_R)
     1    0.69   10.03   17.56 1043.15 ^ _12581_/Y (AO21x1_ASAP7_75t_R)
                                         _05507_ (net)
                 10.03    0.06 1043.21 ^ _tray_size4_2098/D3 (DFFHQNH2V2Xx1_ASAP7_75t_R)
                               1043.21   data arrival time

                        950.00  950.00   clock clk (rise edge)
                          0.00  950.00   clock source latency
     2    9.25    0.00    0.00  950.00 ^ clk (in)
                                         clk (net)
                 13.41    4.23  954.23 ^ clkbuf_regs_0_clk/A (BUFx16f_ASAP7_75t_R)
     1    5.46    6.71   15.54  969.77 ^ clkbuf_regs_0_clk/Y (BUFx16f_ASAP7_75t_R)
                                         clk_regs (net)
                  9.79    2.35  972.12 ^ clkbuf_0_clk_regs/A (BUFx16f_ASAP7_75t_R)
     4   15.26   12.71   16.03  988.15 ^ clkbuf_0_clk_regs/Y (BUFx16f_ASAP7_75t_R)
                                         clknet_0_clk_regs (net)
                 14.15    2.20  990.36 ^ clkbuf_2_3_0_clk_regs/A (BUFx24_ASAP7_75t_R)
     2    5.83    8.26   19.22 1009.58 ^ clkbuf_2_3_0_clk_regs/Y (BUFx24_ASAP7_75t_R)
                                         clknet_2_3_0_clk_regs (net)
                  8.85    1.21 1010.79 ^ clkbuf_3_7__f_clk_regs/A (BUFx16f_ASAP7_75t_R)
     9   22.30   16.76   16.62 1027.41 ^ clkbuf_3_7__f_clk_regs/Y (BUFx16f_ASAP7_75t_R)
                                         clknet_3_7__leaf_clk_regs (net)
                 22.02    4.83 1032.23 ^ clkbuf_leaf_28_clk_regs/A (BUFx24_ASAP7_75t_R)
    11    6.48    8.70   21.63 1053.86 ^ clkbuf_leaf_28_clk_regs/Y (BUFx24_ASAP7_75t_R)
                                         clknet_leaf_28_clk_regs (net)
                  9.07    1.05 1054.91 ^ _tray_size4_2098/CLK (DFFHQNH2V2Xx1_ASAP7_75t_R)
                          2.24 1057.15   clock reconvergence pessimism
                        -11.08 1046.07   library setup time
                               1046.07   data required time
-----------------------------------------------------------------------------
                               1046.07   data required time
                               -1043.21   data arrival time
-----------------------------------------------------------------------------
                                  2.87   slack (MET)



==========================================================================
finish report_check_types -max_slew -max_cap -max_fanout -violators
--------------------------------------------------------------------------

==========================================================================
finish max_slew_check_slack
--------------------------------------------------------------------------
81.5018310546875

==========================================================================
finish max_slew_check_limit
--------------------------------------------------------------------------
320.0

==========================================================================
finish max_slew_check_slack_limit
--------------------------------------------------------------------------
0.2547

==========================================================================
finish max_fanout_check_slack
--------------------------------------------------------------------------
1.0000000150474662e+30

==========================================================================
finish max_fanout_check_limit
--------------------------------------------------------------------------
1.0000000150474662e+30

==========================================================================
finish max_capacitance_check_slack
--------------------------------------------------------------------------
3.9116761684417725

==========================================================================
finish max_capacitance_check_limit
--------------------------------------------------------------------------
23.040000915527344

==========================================================================
finish max_capacitance_check_slack_limit
--------------------------------------------------------------------------
0.1698

==========================================================================
finish max_slew_violation_count
--------------------------------------------------------------------------
max slew violation count 0

==========================================================================
finish max_fanout_violation_count
--------------------------------------------------------------------------
max fanout violation count 0

==========================================================================
finish max_cap_violation_count
--------------------------------------------------------------------------
max cap violation count 0

==========================================================================
finish setup_violation_count
--------------------------------------------------------------------------
setup violation count 0

==========================================================================
finish hold_violation_count
--------------------------------------------------------------------------
hold violation count 0

==========================================================================
finish report_checks -path_delay max reg to reg
--------------------------------------------------------------------------
Startpoint: riscv.dp.pcreg.q[31]$_DFF_PP0_
            (rising edge-triggered flip-flop clocked by clk)
Endpoint: _tray_size4_2098 (rising edge-triggered flip-flop clocked by clk)
Path Group: clk
Path Type: max

  Delay    Time   Description
---------------------------------------------------------
   0.00    0.00   clock clk (rise edge)
   0.00    0.00   clock source latency
   0.00    0.00 ^ clk (in)
  21.10   21.10 ^ clkbuf_regs_0_clk/Y (BUFx16f_ASAP7_75t_R)
  19.30   40.40 ^ clkbuf_0_clk_regs/Y (BUFx16f_ASAP7_75t_R)
  26.09   66.49 ^ clkbuf_2_1_0_clk_regs/Y (BUFx24_ASAP7_75t_R)
  22.52   89.01 ^ clkbuf_3_2__f_clk_regs/Y (BUFx16f_ASAP7_75t_R)
  30.58  119.59 ^ clkbuf_leaf_54_clk_regs/Y (BUFx24_ASAP7_75t_R)
   0.92  120.52 ^ riscv.dp.pcreg.q[31]$_DFF_PP0_/CLK (DFFASRHQNx1_ASAP7_75t_R)
  46.73  167.24 v riscv.dp.pcreg.q[31]$_DFF_PP0_/QN (DFFASRHQNx1_ASAP7_75t_R)
  21.37  188.61 v place2386/Y (BUFx6f_ASAP7_75t_R)
   8.37  196.98 ^ _09833_/Y (INVx13_ASAP7_75t_R)
  12.83  209.81 ^ rebuffer2536/Y (BUFx12f_ASAP7_75t_R)
  23.05  232.86 ^ place2369/Y (BUFx16f_ASAP7_75t_R)
  31.38  264.24 v _11618_/Y (NAND2x2_ASAP7_75t_R)
  25.31  289.56 v place2350/Y (BUFx10_ASAP7_75t_R)
  94.32  383.87 v _10604_/Y (OR3x1_ASAP7_75t_R)
  25.88  409.76 v _10605_/Y (OA211x2_ASAP7_75t_R)
  32.20  441.96 v _10606_/Y (OR3x2_ASAP7_75t_R)
  42.45  484.41 v _10632_/Y (OA211x2_ASAP7_75t_R)
  24.13  508.54 v _10635_/Y (AO21x1_ASAP7_75t_R)
  29.68  538.21 ^ _10637_/Y (XOR2x2_ASAP7_75t_R)
  17.32  555.54 ^ riscv.dp.alu.sum\\ALU_33_0_33_0_33_unused_CO_X_HAN_CARLSON/_568_/Y (XOR2x2_ASAP7_75t_R)
  29.59  585.12 v riscv.dp.alu.sum\\ALU_33_0_33_0_33_unused_CO_X_HAN_CARLSON/_316_/SN (HAxp5_ASAP7_75t_R)
  34.36  619.49 v riscv.dp.alu.sum\\ALU_33_0_33_0_33_unused_CO_X_HAN_CARLSON/_517_/Y (OR4x1_ASAP7_75t_R)
  11.90  631.39 ^ riscv.dp.alu.sum\\ALU_33_0_33_0_33_unused_CO_X_HAN_CARLSON/_518_/Y (NOR2x1_ASAP7_75t_R)
  16.35  647.74 ^ riscv.dp.alu.sum\\ALU_33_0_33_0_33_unused_CO_X_HAN_CARLSON/_519_/Y (AND2x2_ASAP7_75t_R)
  19.08  666.81 ^ riscv.dp.alu.sum\\ALU_33_0_33_0_33_unused_CO_X_HAN_CARLSON/_523_/Y (AO221x1_ASAP7_75t_R)
  25.18  691.99 v riscv.dp.alu.sum\\ALU_33_0_33_0_33_unused_CO_X_HAN_CARLSON/_524_/Y (XNOR2x2_ASAP7_75t_R)
  30.46  722.45 v _11613_/Y (AO222x2_ASAP7_75t_R)
  22.12  744.57 v _11636_/Y (AO21x2_ASAP7_75t_R)
  19.10  763.68 v place1716/Y (BUFx6f_ASAP7_75t_R)
   9.53  773.21 ^ dmem/_221_/Y (NOR3x2_ASAP7_75t_R)
  15.15  788.36 ^ dmem/rebuffer2600/Y (BUFx6f_ASAP7_75t_R)
  37.08  825.44 ^ dmem/rebuffer2573/Y (BUFx3_ASAP7_75t_R)
  17.98  843.41 ^ dmem/place1710/Y (BUFx3_ASAP7_75t_R)
  25.39  868.80 ^ dmem/_256_/Y (AO22x1_ASAP7_75t_R)
  15.39  884.20 ^ dmem/_257_/Y (AO21x1_ASAP7_75t_R)
  13.64  897.84 ^ place1698/Y (BUFx6f_ASAP7_75t_R)
  50.16  948.00 ^ _12125_/Y (OA22x2_ASAP7_75t_R)
  21.95  969.95 ^ _12126_/Y (AND3x1_ASAP7_75t_R)
  16.71  986.67 ^ place1677/Y (BUFx6f_ASAP7_75t_R)
  35.30 1021.97 ^ place1675/Y (BUFx3_ASAP7_75t_R)
  21.18 1043.15 ^ _12581_/Y (AO21x1_ASAP7_75t_R)
   0.06 1043.21 ^ _tray_size4_2098/D3 (DFFHQNH2V2Xx1_ASAP7_75t_R)
        1043.21   data arrival time

 950.00  950.00   clock clk (rise edge)
   0.00  950.00   clock source latency
   0.00  950.00 ^ clk (in)
  19.77  969.77 ^ clkbuf_regs_0_clk/Y (BUFx16f_ASAP7_75t_R)
  18.38  988.15 ^ clkbuf_0_clk_regs/Y (BUFx16f_ASAP7_75t_R)
  21.43 1009.58 ^ clkbuf_2_3_0_clk_regs/Y (BUFx24_ASAP7_75t_R)
  17.82 1027.41 ^ clkbuf_3_7__f_clk_regs/Y (BUFx16f_ASAP7_75t_R)
  26.46 1053.86 ^ clkbuf_leaf_28_clk_regs/Y (BUFx24_ASAP7_75t_R)
   1.05 1054.91 ^ _tray_size4_2098/CLK (DFFHQNH2V2Xx1_ASAP7_75t_R)
   2.24 1057.15   clock reconvergence pessimism
 -11.08 1046.07   library setup time
        1046.07   data required time
---------------------------------------------------------
        1046.07   data required time
        -1043.21   data arrival time
---------------------------------------------------------
           2.87   slack (MET)



==========================================================================
finish report_checks -path_delay min reg to reg
--------------------------------------------------------------------------
Startpoint: riscv.dp.rf.rf[0][22]$_DFFE_PP_
            (rising edge-triggered flip-flop clocked by clk)
Endpoint: riscv.dp.rf.rf[0][22]$_DFFE_PP_
          (rising edge-triggered flip-flop clocked by clk)
Path Group: clk
Path Type: min

  Delay    Time   Description
---------------------------------------------------------
   0.00    0.00   clock clk (rise edge)
   0.00    0.00   clock source latency
   0.00    0.00 ^ clk (in)
  19.77   19.77 ^ clkbuf_regs_0_clk/Y (BUFx16f_ASAP7_75t_R)
  18.38   38.15 ^ clkbuf_0_clk_regs/Y (BUFx16f_ASAP7_75t_R)
  21.43   59.58 ^ clkbuf_2_3_0_clk_regs/Y (BUFx24_ASAP7_75t_R)
  17.82   77.41 ^ clkbuf_3_7__f_clk_regs/Y (BUFx16f_ASAP7_75t_R)
  22.68  100.09 ^ clkbuf_leaf_24_clk_regs/Y (BUFx24_ASAP7_75t_R)
   0.22  100.31 ^ riscv.dp.rf.rf[0][22]$_DFFE_PP_/CLK (DFFHQNx1_ASAP7_75t_R)
  34.11  134.42 ^ riscv.dp.rf.rf[0][22]$_DFFE_PP_/QN (DFFHQNx1_ASAP7_75t_R)
   7.68  142.11 v _09506_/Y (INVx1_ASAP7_75t_R)
   0.07  142.17 v riscv.dp.rf.rf[0][22]$_DFFE_PP_/D (DFFHQNx1_ASAP7_75t_R)
         142.17   data arrival time

   0.00    0.00   clock clk (rise edge)
   0.00    0.00   clock source latency
   0.00    0.00 ^ clk (in)
  21.10   21.10 ^ clkbuf_regs_0_clk/Y (BUFx16f_ASAP7_75t_R)
  19.30   40.40 ^ clkbuf_0_clk_regs/Y (BUFx16f_ASAP7_75t_R)
  22.55   62.94 ^ clkbuf_2_3_0_clk_regs/Y (BUFx24_ASAP7_75t_R)
  19.02   81.97 ^ clkbuf_3_7__f_clk_regs/Y (BUFx16f_ASAP7_75t_R)
  24.18  106.15 ^ clkbuf_leaf_24_clk_regs/Y (BUFx24_ASAP7_75t_R)
   0.26  106.41 ^ riscv.dp.rf.rf[0][22]$_DFFE_PP_/CLK (DFFHQNx1_ASAP7_75t_R)
  -6.10  100.31   clock reconvergence pessimism
  10.69  111.00   library hold time
         111.00   data required time
---------------------------------------------------------
         111.00   data required time
        -142.17   data arrival time
---------------------------------------------------------
          31.17   slack (MET)



==========================================================================
finish critical path target clock latency max path
--------------------------------------------------------------------------
110.6816

==========================================================================
finish critical path target clock latency min path
--------------------------------------------------------------------------
121.0607

==========================================================================
finish critical path source clock latency min path
--------------------------------------------------------------------------
0.0000

==========================================================================
finish critical path delay
--------------------------------------------------------------------------
1043.2064

==========================================================================
finish critical path slack
--------------------------------------------------------------------------
2.8682

==========================================================================
finish slack div critical path delay
--------------------------------------------------------------------------
0.274941

==========================================================================
finish report_power
--------------------------------------------------------------------------
Group                  Internal  Switching    Leakage      Total
                          Power      Power      Power      Power (Watts)
----------------------------------------------------------------
Sequential             2.00e-03   2.03e-04   1.35e-07   2.21e-03   6.5%
Combinational          5.77e-03   7.41e-03   7.45e-07   1.32e-02  38.9%
Clock                  1.64e-03   7.67e-04   5.42e-08   2.41e-03   7.1%
Macro                  1.56e-02   0.00e+00   5.16e-04   1.61e-02  47.5%
Pad                    0.00e+00   0.00e+00   0.00e+00   0.00e+00   0.0%
----------------------------------------------------------------
Total                  2.50e-02   8.38e-03   5.17e-04   3.39e-02 100.0%
                          73.8%      24.7%       1.5%
