
==========================================================================
detailed place report_tns
--------------------------------------------------------------------------
tns max -3088.09

==========================================================================
detailed place report_wns
--------------------------------------------------------------------------
wns max -39.46

==========================================================================
detailed place report_worst_slack
--------------------------------------------------------------------------
worst slack max -39.46

==========================================================================
detailed place report_clock_min_period
--------------------------------------------------------------------------
clk period_min = 228.57 fmax = 4374.99

==========================================================================
detailed place report_checks -path_delay min
--------------------------------------------------------------------------
Startpoint: rd_out[2]$_DFFE_PP_ (rising edge-triggered flip-flop clocked by clk)
Endpoint: rd_out[2]$_DFFE_PP_ (rising edge-triggered flip-flop clocked by clk)
Path Group: reg2reg
Path Type: min

Fanout     Cap    Slew   Delay    Time   Description
-----------------------------------------------------------------------------
                  0.00    0.00    0.00   clock clk (rise edge)
                          0.00    0.00   clock network delay (ideal)
                  0.00    0.00    0.00 ^ rd_out[2]$_DFFE_PP_/CLK (DFFHQNx1_ASAP7_75t_R)
     1    0.56   11.27   31.43   31.43 ^ rd_out[2]$_DFFE_PP_/QN (DFFHQNx1_ASAP7_75t_R)
                                         _082_ (net)
                 11.27    0.02   31.45 ^ _411_/A (INVx1_ASAP7_75t_R)
     2    1.04    8.16    7.03   38.48 v _411_/Y (INVx1_ASAP7_75t_R)
                                         net65 (net)
                  8.16    0.03   38.51 v _495_/A1 (OA21x2_ASAP7_75t_R)
     1    0.60    4.31   16.21   54.72 v _495_/Y (OA21x2_ASAP7_75t_R)
                                         _111_ (net)
                  4.31    0.03   54.75 v rd_out[2]$_DFFE_PP_/D (DFFHQNx1_ASAP7_75t_R)
                                 54.75   data arrival time

                  0.00    0.00    0.00   clock clk (rise edge)
                          0.00    0.00   clock network delay (ideal)
                          0.00    0.00   clock reconvergence pessimism
                                  0.00 ^ rd_out[2]$_DFFE_PP_/CLK (DFFHQNx1_ASAP7_75t_R)
                          8.80    8.80   library hold time
                                  8.80   data required time
-----------------------------------------------------------------------------
                                  8.80   data required time
                                -54.75   data arrival time
-----------------------------------------------------------------------------
                                 45.94   slack (MET)


Startpoint: mem[1][18]$_DFFE_PP_
            (rising edge-triggered flip-flop clocked by clk)
Endpoint: _tray_size2_192 (rising edge-triggered flip-flop clocked by clk)
Path Group: clk
Path Type: min

Fanout     Cap    Slew   Delay    Time   Description
-----------------------------------------------------------------------------
                  0.00    0.00    0.00   clock clk (rise edge)
                          0.00    0.00   clock network delay (ideal)
                  0.00    0.00    0.00 ^ mem[1][18]$_DFFE_PP_/CLK (DFFHQNx1_ASAP7_75t_R)
     2    1.71   18.92   36.53   36.53 ^ mem[1][18]$_DFFE_PP_/QN (DFFHQNx1_ASAP7_75t_R)
                                         _036_ (net)
                 18.93    0.05   36.58 ^ _714_/A2 (AO21x1_ASAP7_75t_R)
     1    0.64    6.19   15.44   52.02 ^ _714_/Y (AO21x1_ASAP7_75t_R)
                                         _388_ (net)
                  6.19    0.03   52.05 ^ _715_/B (NAND2x1_ASAP7_75t_R)
     1    0.56    5.72    5.00   57.05 v _715_/Y (NAND2x1_ASAP7_75t_R)
                                         _389_ (net)
                  5.72    0.02   57.07 v _716_/B (OA21x2_ASAP7_75t_R)
     1    0.54    4.19   10.94   68.01 v _716_/Y (OA21x2_ASAP7_75t_R)
                                         _192_ (net)
                  4.19    0.02   68.03 v _tray_size2_192/D0 (DFFHQNV2Xx1_ASAP7_75t_R)
                                 68.03   data arrival time

                  0.00    0.00    0.00   clock clk (rise edge)
                          0.00    0.00   clock network delay (ideal)
                          0.00    0.00   clock reconvergence pessimism
                                  0.00 ^ _tray_size2_192/CLK (DFFHQNV2Xx1_ASAP7_75t_R)
                          9.75    9.75   library hold time
                                  9.75   data required time
-----------------------------------------------------------------------------
                                  9.75   data required time
                                -68.03   data arrival time
-----------------------------------------------------------------------------
                                 58.28   slack (MET)



==========================================================================
detailed place report_checks -path_delay max
--------------------------------------------------------------------------
Startpoint: ce_in (input port)
Endpoint: mem[0][16]$_DFFE_PP_ (rising edge-triggered flip-flop clocked by clk)
Path Group: in2reg
Path Type: max

Fanout     Cap    Slew   Delay    Time   Description
-----------------------------------------------------------------------------
                          0.00    0.00 ^ input external delay
     1    0.85    0.00    0.00    0.00 ^ ce_in (in)
                                         ce_in (net)
                  0.13    0.04    0.04 ^ input9/A (BUFx2_ASAP7_75t_R)
     3    8.96   30.48   21.89   21.93 ^ input9/Y (BUFx2_ASAP7_75t_R)
                                         net9 (net)
                 30.49    0.22   22.15 ^ _504_/C (AND3x2_ASAP7_75t_R)
     3    5.58   23.90   31.34   53.49 ^ _504_/Y (AND3x2_ASAP7_75t_R)
                                         _256_ (net)
                 23.91    0.16   53.65 ^ place98/A (BUFx24_ASAP7_75t_R)
    32   40.62   24.53   26.93   80.58 ^ place98/Y (BUFx24_ASAP7_75t_R)
                                         net98 (net)
                 29.39    5.70   86.28 ^ _538_/B (NOR2x1p5_ASAP7_75t_R)
     1    0.70    9.95    8.60   94.89 v _538_/Y (NOR2x1p5_ASAP7_75t_R)
                                         _276_ (net)
                  9.95    0.03   94.92 v _539_/B (AO21x1_ASAP7_75t_R)
     1    0.72    7.53   16.09  111.01 v _539_/Y (AO21x1_ASAP7_75t_R)
                                         _128_ (net)
                  7.53    0.04  111.04 v mem[0][16]$_DFFE_PP_/D (DFFHQNx1_ASAP7_75t_R)
                                111.04   data arrival time

                         80.00   80.00   max_delay
                         -8.41   71.59   library setup time
                                 71.59   data required time
-----------------------------------------------------------------------------
                                 71.59   data required time
                               -111.04   data arrival time
-----------------------------------------------------------------------------
                                -39.46   slack (VIOLATED)


Startpoint: rd_out[30]$_DFFE_PP_
            (rising edge-triggered flip-flop clocked by clk)
Endpoint: rd_out[30] (output port)
Path Group: reg2out
Path Type: max

Fanout     Cap    Slew   Delay    Time   Description
-----------------------------------------------------------------------------
                  0.00    0.00    0.00 ^ rd_out[30]$_DFFE_PP_/CLK (DFFHQNx1_ASAP7_75t_R)
     1    0.73   12.40   32.24   32.24 ^ rd_out[30]$_DFFE_PP_/QN (DFFHQNx1_ASAP7_75t_R)
                                         _016_ (net)
                 12.40    0.03   32.27 ^ _407_/A (INVx1_ASAP7_75t_R)
     2    1.45   10.32    8.46   40.74 v _407_/Y (INVx1_ASAP7_75t_R)
                                         net66 (net)
                 10.33    0.05   40.78 v output66/A (BUFx2_ASAP7_75t_R)
     1    0.23    4.15   13.28   54.07 v output66/Y (BUFx2_ASAP7_75t_R)
                                         rd_out[30] (net)
                  4.15    0.01   54.07 v rd_out[30] (out)
                                 54.07   data arrival time

                         80.00   80.00   max_delay
                          0.00   80.00   output external delay
                                 80.00   data required time
-----------------------------------------------------------------------------
                                 80.00   data required time
                                -54.07   data arrival time
-----------------------------------------------------------------------------
                                 25.93   slack (MET)


Startpoint: index[0]$_DFFE_PP_ (rising edge-triggered flip-flop clocked by clk)
Endpoint: mem[1][24]$_DFFE_PP_ (rising edge-triggered flip-flop clocked by clk)
Path Group: reg2reg
Path Type: max

Fanout     Cap    Slew   Delay    Time   Description
-----------------------------------------------------------------------------
                  0.00    0.00    0.00   clock clk (rise edge)
                          0.00    0.00   clock network delay (ideal)
                  0.00    0.00    0.00 ^ index[0]$_DFFE_PP_/CLK (DFFHQNx1_ASAP7_75t_R)
     1    0.78   12.69   32.44   32.44 ^ index[0]$_DFFE_PP_/QN (DFFHQNx1_ASAP7_75t_R)
                                         _009_ (net)
                 12.69    0.04   32.48 ^ place104/A (BUFx3_ASAP7_75t_R)
    35   29.35   67.40   35.90   68.38 ^ place104/Y (BUFx3_ASAP7_75t_R)
                                         net104 (net)
                 71.47    8.88   77.26 ^ _429_/A (INVx3_ASAP7_75t_R)
    33   28.06   65.69   41.65  118.91 v _429_/Y (INVx3_ASAP7_75t_R)
                                         _198_ (net)
                 68.01    6.70  125.61 v _574_/A (AND3x4_ASAP7_75t_R)
    10   15.12   27.16   41.14  166.75 v _574_/Y (AND3x4_ASAP7_75t_R)
                                         _295_ (net)
                 28.11    2.76  169.51 v place88/A (BUFx6f_ASAP7_75t_R)
    10   12.83   15.48   22.88  192.39 v place88/Y (BUFx6f_ASAP7_75t_R)
                                         net88 (net)
                 15.72    1.06  193.45 v _590_/B (NOR2x1p5_ASAP7_75t_R)
     1    0.73    9.56    7.99  201.44 ^ _590_/Y (NOR2x1p5_ASAP7_75t_R)
                                         _305_ (net)
                  9.56    0.04  201.47 ^ _591_/B (AO21x2_ASAP7_75t_R)
     1    0.67    6.34   12.04  213.51 ^ _591_/Y (AO21x2_ASAP7_75t_R)
                                         _151_ (net)
                  6.34    0.03  213.54 ^ mem[1][24]$_DFFE_PP_/D (DFFHQNx1_ASAP7_75t_R)
                                213.54   data arrival time

                  0.00 1660.00 1660.00   clock clk (rise edge)
                          0.00 1660.00   clock network delay (ideal)
                          0.00 1660.00   clock reconvergence pessimism
                               1660.00 ^ mem[1][24]$_DFFE_PP_/CLK (DFFHQNx1_ASAP7_75t_R)
                        -15.03 1644.97   library setup time
                               1644.97   data required time
-----------------------------------------------------------------------------
                               1644.97   data required time
                               -213.54   data arrival time
-----------------------------------------------------------------------------
                               1431.43   slack (MET)


Startpoint: index[0]$_DFFE_PP_ (rising edge-triggered flip-flop clocked by clk)
Endpoint: _tray_size2_193 (rising edge-triggered flip-flop clocked by clk)
Path Group: clk
Path Type: max

Fanout     Cap    Slew   Delay    Time   Description
-----------------------------------------------------------------------------
                  0.00    0.00    0.00   clock clk (rise edge)
                          0.00    0.00   clock network delay (ideal)
                  0.00    0.00    0.00 ^ index[0]$_DFFE_PP_/CLK (DFFHQNx1_ASAP7_75t_R)
     1    0.78   12.69   32.44   32.44 ^ index[0]$_DFFE_PP_/QN (DFFHQNx1_ASAP7_75t_R)
                                         _009_ (net)
                 12.69    0.04   32.48 ^ place104/A (BUFx3_ASAP7_75t_R)
    35   29.35   67.40   35.90   68.38 ^ place104/Y (BUFx3_ASAP7_75t_R)
                                         net104 (net)
                 71.47    8.88   77.26 ^ _429_/A (INVx3_ASAP7_75t_R)
    33   28.06   65.69   41.65  118.91 v _429_/Y (INVx3_ASAP7_75t_R)
                                         _198_ (net)
                 68.57    7.41  126.32 v _461_/A1 (AO21x1_ASAP7_75t_R)
     1    1.71   13.24   30.17  156.49 v _461_/Y (AO21x1_ASAP7_75t_R)
                                         _223_ (net)
                 13.24    0.09  156.58 v _462_/A (NAND2x1p5_ASAP7_75t_R)
     1    0.88    9.88    9.13  165.71 ^ _462_/Y (NAND2x1p5_ASAP7_75t_R)
                                         _224_ (net)
                  9.88    0.06  165.77 ^ _463_/B (OA21x2_ASAP7_75t_R)
     1    0.69    6.71   15.78  181.55 ^ _463_/Y (OA21x2_ASAP7_75t_R)
                                         _104_ (net)
                  6.71    0.04  181.58 ^ _tray_size2_193/D0 (DFFHQNV2Xx1_ASAP7_75t_R)
                                181.58   data arrival time

                  0.00 1660.00 1660.00   clock clk (rise edge)
                          0.00 1660.00   clock network delay (ideal)
                          0.00 1660.00   clock reconvergence pessimism
                               1660.00 ^ _tray_size2_193/CLK (DFFHQNV2Xx1_ASAP7_75t_R)
                        -14.20 1645.80   library setup time
                               1645.80   data required time
-----------------------------------------------------------------------------
                               1645.80   data required time
                               -181.58   data arrival time
-----------------------------------------------------------------------------
                               1464.22   slack (MET)



==========================================================================
detailed place report_checks -unconstrained
--------------------------------------------------------------------------
Startpoint: ce_in (input port)
Endpoint: mem[0][16]$_DFFE_PP_ (rising edge-triggered flip-flop clocked by clk)
Path Group: in2reg
Path Type: max

Fanout     Cap    Slew   Delay    Time   Description
-----------------------------------------------------------------------------
                          0.00    0.00 ^ input external delay
     1    0.85    0.00    0.00    0.00 ^ ce_in (in)
                                         ce_in (net)
                  0.13    0.04    0.04 ^ input9/A (BUFx2_ASAP7_75t_R)
     3    8.96   30.48   21.89   21.93 ^ input9/Y (BUFx2_ASAP7_75t_R)
                                         net9 (net)
                 30.49    0.22   22.15 ^ _504_/C (AND3x2_ASAP7_75t_R)
     3    5.58   23.90   31.34   53.49 ^ _504_/Y (AND3x2_ASAP7_75t_R)
                                         _256_ (net)
                 23.91    0.16   53.65 ^ place98/A (BUFx24_ASAP7_75t_R)
    32   40.62   24.53   26.93   80.58 ^ place98/Y (BUFx24_ASAP7_75t_R)
                                         net98 (net)
                 29.39    5.70   86.28 ^ _538_/B (NOR2x1p5_ASAP7_75t_R)
     1    0.70    9.95    8.60   94.89 v _538_/Y (NOR2x1p5_ASAP7_75t_R)
                                         _276_ (net)
                  9.95    0.03   94.92 v _539_/B (AO21x1_ASAP7_75t_R)
     1    0.72    7.53   16.09  111.01 v _539_/Y (AO21x1_ASAP7_75t_R)
                                         _128_ (net)
                  7.53    0.04  111.04 v mem[0][16]$_DFFE_PP_/D (DFFHQNx1_ASAP7_75t_R)
                                111.04   data arrival time

                         80.00   80.00   max_delay
                         -8.41   71.59   library setup time
                                 71.59   data required time
-----------------------------------------------------------------------------
                                 71.59   data required time
                               -111.04   data arrival time
-----------------------------------------------------------------------------
                                -39.46   slack (VIOLATED)


Startpoint: rd_out[30]$_DFFE_PP_
            (rising edge-triggered flip-flop clocked by clk)
Endpoint: rd_out[30] (output port)
Path Group: reg2out
Path Type: max

Fanout     Cap    Slew   Delay    Time   Description
-----------------------------------------------------------------------------
                  0.00    0.00    0.00 ^ rd_out[30]$_DFFE_PP_/CLK (DFFHQNx1_ASAP7_75t_R)
     1    0.73   12.40   32.24   32.24 ^ rd_out[30]$_DFFE_PP_/QN (DFFHQNx1_ASAP7_75t_R)
                                         _016_ (net)
                 12.40    0.03   32.27 ^ _407_/A (INVx1_ASAP7_75t_R)
     2    1.45   10.32    8.46   40.74 v _407_/Y (INVx1_ASAP7_75t_R)
                                         net66 (net)
                 10.33    0.05   40.78 v output66/A (BUFx2_ASAP7_75t_R)
     1    0.23    4.15   13.28   54.07 v output66/Y (BUFx2_ASAP7_75t_R)
                                         rd_out[30] (net)
                  4.15    0.01   54.07 v rd_out[30] (out)
                                 54.07   data arrival time

                         80.00   80.00   max_delay
                          0.00   80.00   output external delay
                                 80.00   data required time
-----------------------------------------------------------------------------
                                 80.00   data required time
                                -54.07   data arrival time
-----------------------------------------------------------------------------
                                 25.93   slack (MET)


Startpoint: index[0]$_DFFE_PP_ (rising edge-triggered flip-flop clocked by clk)
Endpoint: mem[1][24]$_DFFE_PP_ (rising edge-triggered flip-flop clocked by clk)
Path Group: reg2reg
Path Type: max

Fanout     Cap    Slew   Delay    Time   Description
-----------------------------------------------------------------------------
                  0.00    0.00    0.00   clock clk (rise edge)
                          0.00    0.00   clock network delay (ideal)
                  0.00    0.00    0.00 ^ index[0]$_DFFE_PP_/CLK (DFFHQNx1_ASAP7_75t_R)
     1    0.78   12.69   32.44   32.44 ^ index[0]$_DFFE_PP_/QN (DFFHQNx1_ASAP7_75t_R)
                                         _009_ (net)
                 12.69    0.04   32.48 ^ place104/A (BUFx3_ASAP7_75t_R)
    35   29.35   67.40   35.90   68.38 ^ place104/Y (BUFx3_ASAP7_75t_R)
                                         net104 (net)
                 71.47    8.88   77.26 ^ _429_/A (INVx3_ASAP7_75t_R)
    33   28.06   65.69   41.65  118.91 v _429_/Y (INVx3_ASAP7_75t_R)
                                         _198_ (net)
                 68.01    6.70  125.61 v _574_/A (AND3x4_ASAP7_75t_R)
    10   15.12   27.16   41.14  166.75 v _574_/Y (AND3x4_ASAP7_75t_R)
                                         _295_ (net)
                 28.11    2.76  169.51 v place88/A (BUFx6f_ASAP7_75t_R)
    10   12.83   15.48   22.88  192.39 v place88/Y (BUFx6f_ASAP7_75t_R)
                                         net88 (net)
                 15.72    1.06  193.45 v _590_/B (NOR2x1p5_ASAP7_75t_R)
     1    0.73    9.56    7.99  201.44 ^ _590_/Y (NOR2x1p5_ASAP7_75t_R)
                                         _305_ (net)
                  9.56    0.04  201.47 ^ _591_/B (AO21x2_ASAP7_75t_R)
     1    0.67    6.34   12.04  213.51 ^ _591_/Y (AO21x2_ASAP7_75t_R)
                                         _151_ (net)
                  6.34    0.03  213.54 ^ mem[1][24]$_DFFE_PP_/D (DFFHQNx1_ASAP7_75t_R)
                                213.54   data arrival time

                  0.00 1660.00 1660.00   clock clk (rise edge)
                          0.00 1660.00   clock network delay (ideal)
                          0.00 1660.00   clock reconvergence pessimism
                               1660.00 ^ mem[1][24]$_DFFE_PP_/CLK (DFFHQNx1_ASAP7_75t_R)
                        -15.03 1644.97   library setup time
                               1644.97   data required time
-----------------------------------------------------------------------------
                               1644.97   data required time
                               -213.54   data arrival time
-----------------------------------------------------------------------------
                               1431.43   slack (MET)


Startpoint: index[0]$_DFFE_PP_ (rising edge-triggered flip-flop clocked by clk)
Endpoint: _tray_size2_193 (rising edge-triggered flip-flop clocked by clk)
Path Group: clk
Path Type: max

Fanout     Cap    Slew   Delay    Time   Description
-----------------------------------------------------------------------------
                  0.00    0.00    0.00   clock clk (rise edge)
                          0.00    0.00   clock network delay (ideal)
                  0.00    0.00    0.00 ^ index[0]$_DFFE_PP_/CLK (DFFHQNx1_ASAP7_75t_R)
     1    0.78   12.69   32.44   32.44 ^ index[0]$_DFFE_PP_/QN (DFFHQNx1_ASAP7_75t_R)
                                         _009_ (net)
                 12.69    0.04   32.48 ^ place104/A (BUFx3_ASAP7_75t_R)
    35   29.35   67.40   35.90   68.38 ^ place104/Y (BUFx3_ASAP7_75t_R)
                                         net104 (net)
                 71.47    8.88   77.26 ^ _429_/A (INVx3_ASAP7_75t_R)
    33   28.06   65.69   41.65  118.91 v _429_/Y (INVx3_ASAP7_75t_R)
                                         _198_ (net)
                 68.57    7.41  126.32 v _461_/A1 (AO21x1_ASAP7_75t_R)
     1    1.71   13.24   30.17  156.49 v _461_/Y (AO21x1_ASAP7_75t_R)
                                         _223_ (net)
                 13.24    0.09  156.58 v _462_/A (NAND2x1p5_ASAP7_75t_R)
     1    0.88    9.88    9.13  165.71 ^ _462_/Y (NAND2x1p5_ASAP7_75t_R)
                                         _224_ (net)
                  9.88    0.06  165.77 ^ _463_/B (OA21x2_ASAP7_75t_R)
     1    0.69    6.71   15.78  181.55 ^ _463_/Y (OA21x2_ASAP7_75t_R)
                                         _104_ (net)
                  6.71    0.04  181.58 ^ _tray_size2_193/D0 (DFFHQNV2Xx1_ASAP7_75t_R)
                                181.58   data arrival time

                  0.00 1660.00 1660.00   clock clk (rise edge)
                          0.00 1660.00   clock network delay (ideal)
                          0.00 1660.00   clock reconvergence pessimism
                               1660.00 ^ _tray_size2_193/CLK (DFFHQNV2Xx1_ASAP7_75t_R)
                        -14.20 1645.80   library setup time
                               1645.80   data required time
-----------------------------------------------------------------------------
                               1645.80   data required time
                               -181.58   data arrival time
-----------------------------------------------------------------------------
                               1464.22   slack (MET)



==========================================================================
detailed place report_check_types -max_slew -max_cap -max_fanout -violators
--------------------------------------------------------------------------

==========================================================================
detailed place max_slew_check_slack
--------------------------------------------------------------------------
244.87136840820312

==========================================================================
detailed place max_slew_check_limit
--------------------------------------------------------------------------
320.0

==========================================================================
detailed place max_slew_check_slack_limit
--------------------------------------------------------------------------
0.7652

==========================================================================
detailed place max_fanout_check_slack
--------------------------------------------------------------------------
1.0000000150474662e+30

==========================================================================
detailed place max_fanout_check_limit
--------------------------------------------------------------------------
1.0000000150474662e+30

==========================================================================
detailed place max_capacitance_check_slack
--------------------------------------------------------------------------
22.159120559692383

==========================================================================
detailed place max_capacitance_check_limit
--------------------------------------------------------------------------
23.040000915527344

==========================================================================
detailed place max_capacitance_check_slack_limit
--------------------------------------------------------------------------
0.9618

==========================================================================
detailed place max_slew_violation_count
--------------------------------------------------------------------------
max slew violation count 0

==========================================================================
detailed place max_fanout_violation_count
--------------------------------------------------------------------------
max fanout violation count 0

==========================================================================
detailed place max_cap_violation_count
--------------------------------------------------------------------------
max cap violation count 0

==========================================================================
detailed place setup_violation_count
--------------------------------------------------------------------------
setup violation count 91

==========================================================================
detailed place hold_violation_count
--------------------------------------------------------------------------
hold violation count 0

==========================================================================
detailed place report_checks -path_delay max reg to reg
--------------------------------------------------------------------------
Startpoint: index[0]$_DFFE_PP_ (rising edge-triggered flip-flop clocked by clk)
Endpoint: mem[1][24]$_DFFE_PP_ (rising edge-triggered flip-flop clocked by clk)
Path Group: reg2reg
Path Type: max

  Delay    Time   Description
---------------------------------------------------------
   0.00    0.00   clock clk (rise edge)
   0.00    0.00   clock network delay (ideal)
   0.00    0.00 ^ index[0]$_DFFE_PP_/CLK (DFFHQNx1_ASAP7_75t_R)
  32.44   32.44 ^ index[0]$_DFFE_PP_/QN (DFFHQNx1_ASAP7_75t_R)
  35.94   68.38 ^ place104/Y (BUFx3_ASAP7_75t_R)
  50.53  118.91 v _429_/Y (INVx3_ASAP7_75t_R)
  47.84  166.75 v _574_/Y (AND3x4_ASAP7_75t_R)
  25.63  192.39 v place88/Y (BUFx6f_ASAP7_75t_R)
   9.05  201.44 ^ _590_/Y (NOR2x1p5_ASAP7_75t_R)
  12.08  213.51 ^ _591_/Y (AO21x2_ASAP7_75t_R)
   0.03  213.54 ^ mem[1][24]$_DFFE_PP_/D (DFFHQNx1_ASAP7_75t_R)
         213.54   data arrival time

1660.00 1660.00   clock clk (rise edge)
   0.00 1660.00   clock network delay (ideal)
   0.00 1660.00   clock reconvergence pessimism
        1660.00 ^ mem[1][24]$_DFFE_PP_/CLK (DFFHQNx1_ASAP7_75t_R)
 -15.03 1644.97   library setup time
        1644.97   data required time
---------------------------------------------------------
        1644.97   data required time
        -213.54   data arrival time
---------------------------------------------------------
        1431.43   slack (MET)


Startpoint: index[0]$_DFFE_PP_ (rising edge-triggered flip-flop clocked by clk)
Endpoint: _tray_size2_193 (rising edge-triggered flip-flop clocked by clk)
Path Group: clk
Path Type: max

  Delay    Time   Description
---------------------------------------------------------
   0.00    0.00   clock clk (rise edge)
   0.00    0.00   clock network delay (ideal)
   0.00    0.00 ^ index[0]$_DFFE_PP_/CLK (DFFHQNx1_ASAP7_75t_R)
  32.44   32.44 ^ index[0]$_DFFE_PP_/QN (DFFHQNx1_ASAP7_75t_R)
  35.94   68.38 ^ place104/Y (BUFx3_ASAP7_75t_R)
  50.53  118.91 v _429_/Y (INVx3_ASAP7_75t_R)
  37.58  156.49 v _461_/Y (AO21x1_ASAP7_75t_R)
   9.22  165.71 ^ _462_/Y (NAND2x1p5_ASAP7_75t_R)
  15.84  181.55 ^ _463_/Y (OA21x2_ASAP7_75t_R)
   0.04  181.58 ^ _tray_size2_193/D0 (DFFHQNV2Xx1_ASAP7_75t_R)
         181.58   data arrival time

1660.00 1660.00   clock clk (rise edge)
   0.00 1660.00   clock network delay (ideal)
   0.00 1660.00   clock reconvergence pessimism
        1660.00 ^ _tray_size2_193/CLK (DFFHQNV2Xx1_ASAP7_75t_R)
 -14.20 1645.80   library setup time
        1645.80   data required time
---------------------------------------------------------
        1645.80   data required time
        -181.58   data arrival time
---------------------------------------------------------
        1464.22   slack (MET)



==========================================================================
detailed place report_checks -path_delay min reg to reg
--------------------------------------------------------------------------
Startpoint: rd_out[2]$_DFFE_PP_ (rising edge-triggered flip-flop clocked by clk)
Endpoint: rd_out[2]$_DFFE_PP_ (rising edge-triggered flip-flop clocked by clk)
Path Group: reg2reg
Path Type: min

  Delay    Time   Description
---------------------------------------------------------
   0.00    0.00   clock clk (rise edge)
   0.00    0.00   clock network delay (ideal)
   0.00    0.00 ^ rd_out[2]$_DFFE_PP_/CLK (DFFHQNx1_ASAP7_75t_R)
  31.43   31.43 ^ rd_out[2]$_DFFE_PP_/QN (DFFHQNx1_ASAP7_75t_R)
   7.05   38.48 v _411_/Y (INVx1_ASAP7_75t_R)
  16.24   54.72 v _495_/Y (OA21x2_ASAP7_75t_R)
   0.03   54.75 v rd_out[2]$_DFFE_PP_/D (DFFHQNx1_ASAP7_75t_R)
          54.75   data arrival time

   0.00    0.00   clock clk (rise edge)
   0.00    0.00   clock network delay (ideal)
   0.00    0.00   clock reconvergence pessimism
           0.00 ^ rd_out[2]$_DFFE_PP_/CLK (DFFHQNx1_ASAP7_75t_R)
   8.80    8.80   library hold time
           8.80   data required time
---------------------------------------------------------
           8.80   data required time
         -54.75   data arrival time
---------------------------------------------------------
          45.94   slack (MET)


Startpoint: mem[1][18]$_DFFE_PP_
            (rising edge-triggered flip-flop clocked by clk)
Endpoint: _tray_size2_192 (rising edge-triggered flip-flop clocked by clk)
Path Group: clk
Path Type: min

  Delay    Time   Description
---------------------------------------------------------
   0.00    0.00   clock clk (rise edge)
   0.00    0.00   clock network delay (ideal)
   0.00    0.00 ^ mem[1][18]$_DFFE_PP_/CLK (DFFHQNx1_ASAP7_75t_R)
  36.53   36.53 ^ mem[1][18]$_DFFE_PP_/QN (DFFHQNx1_ASAP7_75t_R)
  15.49   52.02 ^ _714_/Y (AO21x1_ASAP7_75t_R)
   5.03   57.05 v _715_/Y (NAND2x1_ASAP7_75t_R)
  10.96   68.01 v _716_/Y (OA21x2_ASAP7_75t_R)
   0.02   68.03 v _tray_size2_192/D0 (DFFHQNV2Xx1_ASAP7_75t_R)
          68.03   data arrival time

   0.00    0.00   clock clk (rise edge)
   0.00    0.00   clock network delay (ideal)
   0.00    0.00   clock reconvergence pessimism
           0.00 ^ _tray_size2_192/CLK (DFFHQNV2Xx1_ASAP7_75t_R)
   9.75    9.75   library hold time
           9.75   data required time
---------------------------------------------------------
           9.75   data required time
         -68.03   data arrival time
---------------------------------------------------------
          58.28   slack (MET)



==========================================================================
detailed place critical path target clock latency max path
--------------------------------------------------------------------------
0.0000

==========================================================================
detailed place critical path target clock latency min path
--------------------------------------------------------------------------
0

==========================================================================
detailed place critical path source clock latency min path
--------------------------------------------------------------------------
0

==========================================================================
detailed place critical path delay
--------------------------------------------------------------------------
111.0430

==========================================================================
detailed place critical path slack
--------------------------------------------------------------------------
-39.4575

==========================================================================
detailed place slack div critical path delay
--------------------------------------------------------------------------
-35.533532

==========================================================================
detailed place report_power
--------------------------------------------------------------------------
Group                  Internal  Switching    Leakage      Total
                          Power      Power      Power      Power (Watts)
----------------------------------------------------------------
Sequential             1.60e-04   2.63e-05   1.47e-08   1.87e-04  56.3%
Combinational          8.91e-05   5.55e-05   2.79e-08   1.45e-04  43.7%
Clock                  0.00e+00   0.00e+00   0.00e+00   0.00e+00   0.0%
Macro                  0.00e+00   0.00e+00   0.00e+00   0.00e+00   0.0%
Pad                    0.00e+00   0.00e+00   0.00e+00   0.00e+00   0.0%
----------------------------------------------------------------
Total                  2.49e-04   8.19e-05   4.25e-08   3.31e-04 100.0%
                          75.3%      24.7%       0.0%
