
==========================================================================
cts final report_tns
--------------------------------------------------------------------------
tns max -8437.75

==========================================================================
cts final report_wns
--------------------------------------------------------------------------
wns max -55.51

==========================================================================
cts final report_worst_slack
--------------------------------------------------------------------------
worst slack max -55.51

==========================================================================
cts final report_clock_min_period
--------------------------------------------------------------------------
core_clock period_min = 1055.51 fmax = 947.41

==========================================================================
cts final report_clock_skew
--------------------------------------------------------------------------
Clock core_clock
 155.59 source latency cs_registers_i.mcycle_counter_i.counter_val_o[22]$_DFFE_PN0P_/CLK ^
-124.44 target latency gen_regfile_ff.register_file_i.rf_reg[214]$_DFFE_PN0P_/CLK ^
   0.00 CRPR
--------------
  31.15 setup skew


==========================================================================
cts final report_checks -path_delay min
--------------------------------------------------------------------------
Startpoint: rst_ni (input port clocked by core_clock)
Endpoint: cs_registers_i.mcycle_counter_i.counter_val_o[54]$_DFFE_PN0P_
          (removal check against rising-edge clock core_clock)
Path Group: asynchronous
Path Type: min

Fanout     Cap    Slew   Delay    Time   Description
-----------------------------------------------------------------------------
                          0.00    0.00   clock core_clock (rise edge)
                          0.00    0.00   clock network delay (propagated)
                        200.00  200.00 ^ input external delay
     1    1.26    0.00    0.00  200.00 ^ rst_ni (in)
                                         rst_ni (net)
                  0.27    0.09  200.09 ^ input1829/A (BUFx8_ASAP7_75t_R)
    49   61.10   58.76   21.80  221.89 ^ input1829/Y (BUFx8_ASAP7_75t_R)
                                         net1828 (net)
                 61.82    6.63  228.51 ^ cs_registers_i.mcycle_counter_i.counter_val_o[54]$_DFFE_PN0P_/RESETN (DFFASRHQNx1_ASAP7_75t_R)
                                228.51   data arrival time

                          0.00    0.00   clock core_clock (rise edge)
                          0.00    0.00   clock source latency
     2   13.47    0.00    0.00    0.00 ^ clk_i (in)
                                         clk_i (net)
                 51.10   16.12   16.12 ^ clkbuf_0_clk_i/A (BUFx16f_ASAP7_75t_R)
     1    2.93    7.20   22.64   38.76 ^ clkbuf_0_clk_i/Y (BUFx16f_ASAP7_75t_R)
                                         clknet_0_clk_i (net)
                  7.22    0.40   39.16 ^ clkbuf_1_0__f_clk_i/A (BUFx16f_ASAP7_75t_R)
     1    0.77    4.68   12.96   52.12 ^ clkbuf_1_0__f_clk_i/Y (BUFx16f_ASAP7_75t_R)
                                         clknet_1_0__leaf_clk_i (net)
                  4.68    0.07   52.18 ^ _23024_/A (AND2x2_ASAP7_75t_R)
     1    2.75   13.22   16.77   68.95 ^ _23024_/Y (AND2x2_ASAP7_75t_R)
                                         _08202_ (net)
                 13.23    0.21   69.17 ^ clkbuf_0__08202_/A (BUFx16f_ASAP7_75t_R)
     4   18.85   14.81   16.88   86.05 ^ clkbuf_0__08202_/Y (BUFx16f_ASAP7_75t_R)
                                         clknet_0__08202_ (net)
                 23.79    6.06   92.11 ^ clkbuf_2_3__f__08202_/A (BUFx16f_ASAP7_75t_R)
    14   48.11   29.74   24.40  116.52 ^ clkbuf_2_3__f__08202_/Y (BUFx16f_ASAP7_75t_R)
                                         clknet_2_3__leaf__08202_ (net)
                 41.90   10.03  126.55 ^ clkbuf_leaf_20__08202_/A (BUFx24_ASAP7_75t_R)
    20   15.49   13.14   27.97  154.51 ^ clkbuf_leaf_20__08202_/Y (BUFx24_ASAP7_75t_R)
                                         clknet_leaf_20__08202_ (net)
                 13.38    0.92  155.43 ^ cs_registers_i.mcycle_counter_i.counter_val_o[54]$_DFFE_PN0P_/CLK (DFFASRHQNx1_ASAP7_75t_R)
                          0.00  155.43   clock reconvergence pessimism
                         25.72  181.15   library removal time
                                181.15   data required time
-----------------------------------------------------------------------------
                                181.15   data required time
                               -228.51   data arrival time
-----------------------------------------------------------------------------
                                 47.36   slack (MET)


Startpoint: core_clock_gate_i.en_latch$_DLATCH_N_
            (negative level-sensitive latch clocked by core_clock)
Endpoint: _23024_ (rising clock gating-check end-point clocked by core_clock)
Path Group: gated clock
Path Type: min

Fanout     Cap    Slew   Delay    Time   Description
-----------------------------------------------------------------------------
                        500.00  500.00   clock core_clock (fall edge)
                          0.00  500.00   clock source latency
     2   12.14    0.00    0.00  500.00 v clk_i (in)
                                         clk_i (net)
                 34.30   10.82  510.82 v delaybuf_0_core_clock/A (BUFx16f_ASAP7_75t_R)
     1    6.40    7.32   22.24  533.06 v delaybuf_0_core_clock/Y (BUFx16f_ASAP7_75t_R)
                                         delaynet_0_core_clock (net)
                 17.97    5.25  538.30 v clkbuf_regs_0_core_clock/A (BUFx16f_ASAP7_75t_R)
     1    3.85    6.01   17.72  556.02 v clkbuf_regs_0_core_clock/Y (BUFx16f_ASAP7_75t_R)
                                         clk_i_regs (net)
                  8.01    1.90  557.92 v clkbuf_0_clk_i_regs/A (BUFx16f_ASAP7_75t_R)
     4   16.74   12.42   15.71  573.62 v clkbuf_0_clk_i_regs/Y (BUFx16f_ASAP7_75t_R)
                                         clknet_0_clk_i_regs (net)
                 19.71    4.85  578.47 v clkbuf_2_3__f_clk_i_regs/A (BUFx16f_ASAP7_75t_R)
    15   44.01   25.72   23.38  601.85 v clkbuf_2_3__f_clk_i_regs/Y (BUFx16f_ASAP7_75t_R)
                                         clknet_2_3__leaf_clk_i_regs (net)
                 39.18   10.01  611.85 v clkbuf_leaf_9_clk_i_regs/A (BUFx24_ASAP7_75t_R)
     8   19.14   13.64   30.00  641.85 v clkbuf_leaf_9_clk_i_regs/Y (BUFx24_ASAP7_75t_R)
                                         clknet_leaf_9_clk_i_regs (net)
                 20.21    5.06  646.91 v core_clock_gate_i.en_latch$_DLATCH_N_/CLK (DLLx1_ASAP7_75t_R)
     1    6.59   45.20   40.89  687.80 ^ core_clock_gate_i.en_latch$_DLATCH_N_/Q (DLLx1_ASAP7_75t_R)
                                         core_clock_gate_i.en_latch (net)
                 46.42    4.05  691.85 ^ _23024_/B (AND2x2_ASAP7_75t_R)
                                691.85   data arrival time

                        500.00  500.00   clock core_clock (fall edge)
                          0.00  500.00   clock source latency
     2   13.47    0.00    0.00  500.00 v clk_i (in)
                                         clk_i (net)
                 51.10   16.12  516.12 v clkbuf_0_clk_i/A (BUFx16f_ASAP7_75t_R)
     1    2.93    7.38   25.39  541.52 v clkbuf_0_clk_i/Y (BUFx16f_ASAP7_75t_R)
                                         clknet_0_clk_i (net)
                  7.40    0.40  541.92 v clkbuf_1_0__f_clk_i/A (BUFx16f_ASAP7_75t_R)
     1    0.76    4.59   13.78  555.70 v clkbuf_1_0__f_clk_i/Y (BUFx16f_ASAP7_75t_R)
                                         clknet_1_0__leaf_clk_i (net)
                  4.59    0.06  555.77 v _23024_/A (AND2x2_ASAP7_75t_R)
                          0.00  555.77   clock reconvergence pessimism
                          0.00  555.77   clock gating hold time
                                555.77   data required time
-----------------------------------------------------------------------------
                                555.77   data required time
                               -691.85   data arrival time
-----------------------------------------------------------------------------
                                136.08   slack (MET)


Startpoint: id_stage_i.controller_i.ctrl_fsm_cs[0]$_DFF_PN1_
            (rising edge-triggered flip-flop clocked by core_clock)
Endpoint: id_stage_i.controller_i.ctrl_fsm_cs[5]$_DFF_PN0_
          (rising edge-triggered flip-flop clocked by core_clock)
Path Group: core_clock
Path Type: min

Fanout     Cap    Slew   Delay    Time   Description
-----------------------------------------------------------------------------
                          0.00    0.00   clock core_clock (rise edge)
                          0.00    0.00   clock source latency
     2   12.15    0.00    0.00    0.00 ^ clk_i (in)
                                         clk_i (net)
                 44.74   14.11   14.11 ^ clkbuf_0_clk_i/A (BUFx16f_ASAP7_75t_R)
     1    2.27    6.67   21.65   35.77 ^ clkbuf_0_clk_i/Y (BUFx16f_ASAP7_75t_R)
                                         clknet_0_clk_i (net)
                  6.69    0.30   36.07 ^ clkbuf_1_0__f_clk_i/A (BUFx16f_ASAP7_75t_R)
     1    0.64    4.62   12.76   48.83 ^ clkbuf_1_0__f_clk_i/Y (BUFx16f_ASAP7_75t_R)
                                         clknet_1_0__leaf_clk_i (net)
                  4.62    0.05   48.88 ^ _23024_/A (AND2x2_ASAP7_75t_R)
     1    2.09   10.36   15.65   64.53 ^ _23024_/Y (AND2x2_ASAP7_75t_R)
                                         _08202_ (net)
                 10.37    0.16   64.68 ^ clkbuf_0__08202_/A (BUFx16f_ASAP7_75t_R)
     4   16.21   13.16   15.91   80.59 ^ clkbuf_0__08202_/Y (BUFx16f_ASAP7_75t_R)
                                         clknet_0__08202_ (net)
                 19.70    4.76   85.35 ^ clkbuf_2_1__f__08202_/A (BUFx16f_ASAP7_75t_R)
     8   34.82   22.39   22.75  108.10 ^ clkbuf_2_1__f__08202_/Y (BUFx16f_ASAP7_75t_R)
                                         clknet_2_1__leaf__08202_ (net)
                 23.80    2.92  111.02 ^ clkbuf_leaf_10__08202_/A (BUFx24_ASAP7_75t_R)
    14   12.48   11.19   23.09  134.11 ^ clkbuf_leaf_10__08202_/Y (BUFx24_ASAP7_75t_R)
                                         clknet_leaf_10__08202_ (net)
                 11.64    1.09  135.20 ^ id_stage_i.controller_i.ctrl_fsm_cs[0]$_DFF_PN1_/CLK (DFFASRHQNx1_ASAP7_75t_R)
     2    1.45   18.36   42.48  177.69 ^ id_stage_i.controller_i.ctrl_fsm_cs[0]$_DFF_PN1_/QN (DFFASRHQNx1_ASAP7_75t_R)
                                         _01831_ (net)
                 18.36    0.05  177.74 ^ _23690_/A (INVx1_ASAP7_75t_R)
     2    1.50   12.05    9.92  187.67 v _23690_/Y (INVx1_ASAP7_75t_R)
                                         _08868_ (net)
                 12.05    0.05  187.72 v id_stage_i.controller_i.ctrl_fsm_cs[5]$_DFF_PN0_/D (DFFASRHQNx1_ASAP7_75t_R)
                                187.72   data arrival time

                          0.00    0.00   clock core_clock (rise edge)
                          0.00    0.00   clock source latency
     2   13.47    0.00    0.00    0.00 ^ clk_i (in)
                                         clk_i (net)
                 51.10   16.12   16.12 ^ clkbuf_0_clk_i/A (BUFx16f_ASAP7_75t_R)
     1    2.93    7.20   22.64   38.76 ^ clkbuf_0_clk_i/Y (BUFx16f_ASAP7_75t_R)
                                         clknet_0_clk_i (net)
                  7.22    0.40   39.16 ^ clkbuf_1_0__f_clk_i/A (BUFx16f_ASAP7_75t_R)
     1    0.77    4.68   12.96   52.12 ^ clkbuf_1_0__f_clk_i/Y (BUFx16f_ASAP7_75t_R)
                                         clknet_1_0__leaf_clk_i (net)
                  4.68    0.07   52.18 ^ _23024_/A (AND2x2_ASAP7_75t_R)
     1    2.75   13.22   16.77   68.95 ^ _23024_/Y (AND2x2_ASAP7_75t_R)
                                         _08202_ (net)
                 13.23    0.21   69.17 ^ clkbuf_0__08202_/A (BUFx16f_ASAP7_75t_R)
     4   18.85   14.81   16.88   86.05 ^ clkbuf_0__08202_/Y (BUFx16f_ASAP7_75t_R)
                                         clknet_0__08202_ (net)
                 23.79    6.06   92.11 ^ clkbuf_2_3__f__08202_/A (BUFx16f_ASAP7_75t_R)
    14   48.11   29.74   24.40  116.52 ^ clkbuf_2_3__f__08202_/Y (BUFx16f_ASAP7_75t_R)
                                         clknet_2_3__leaf__08202_ (net)
                 35.60    6.74  123.25 ^ clkbuf_leaf_11__08202_/A (BUFx24_ASAP7_75t_R)
    20   15.75   12.99   26.59  149.85 ^ clkbuf_leaf_11__08202_/Y (BUFx24_ASAP7_75t_R)
                                         clknet_leaf_11__08202_ (net)
                 13.37    1.08  150.92 ^ id_stage_i.controller_i.ctrl_fsm_cs[5]$_DFF_PN0_/CLK (DFFASRHQNx1_ASAP7_75t_R)
                         -5.45  145.47   clock reconvergence pessimism
                         11.95  157.42   library hold time
                                157.42   data required time
-----------------------------------------------------------------------------
                                157.42   data required time
                               -187.72   data arrival time
-----------------------------------------------------------------------------
                                 30.30   slack (MET)



==========================================================================
cts final report_checks -path_delay max
--------------------------------------------------------------------------
Startpoint: rst_ni (input port clocked by core_clock)
Endpoint: ex_block_i.gen_multdiv_fast.multdiv_i.md_state_q[0]$_DFF_PN1_
          (recovery check against rising-edge clock core_clock)
Path Group: asynchronous
Path Type: max

Fanout     Cap    Slew   Delay    Time   Description
-----------------------------------------------------------------------------
                          0.00    0.00   clock core_clock (rise edge)
                          0.00    0.00   clock network delay (propagated)
                        200.00  200.00 ^ input external delay
     1    1.47    0.00    0.00  200.00 ^ rst_ni (in)
                                         rst_ni (net)
                  0.33    0.10  200.10 ^ input1829/A (BUFx8_ASAP7_75t_R)
    49   67.81   64.59   22.49  222.59 ^ input1829/Y (BUFx8_ASAP7_75t_R)
                                         net1828 (net)
                132.33   38.86  261.45 ^ place5009/A (BUFx6f_ASAP7_75t_R)
    52   61.09   72.91   49.99  311.44 ^ place5009/Y (BUFx6f_ASAP7_75t_R)
                                         net5008 (net)
                 92.93   20.02  331.46 ^ place5006/A (BUFx3_ASAP7_75t_R)
    43   42.60   97.73   57.54  389.00 ^ place5006/Y (BUFx3_ASAP7_75t_R)
                                         net5005 (net)
                 99.52    7.49  396.49 ^ place5005/A (BUFx3_ASAP7_75t_R)
    51   55.75  125.56   70.31  466.80 ^ place5005/Y (BUFx3_ASAP7_75t_R)
                                         net5004 (net)
                127.32    8.42  475.23 ^ ex_block_i.gen_multdiv_fast.multdiv_i.md_state_q[0]$_DFF_PN1_/SETN (DFFASRHQNx1_ASAP7_75t_R)
                                475.23   data arrival time

                       1000.00 1000.00   clock core_clock (rise edge)
                          0.00 1000.00   clock source latency
     2   12.15    0.00    0.00 1000.00 ^ clk_i (in)
                                         clk_i (net)
                 44.74   14.11 1014.11 ^ clkbuf_0_clk_i/A (BUFx16f_ASAP7_75t_R)
     1    2.27    6.67   21.65 1035.77 ^ clkbuf_0_clk_i/Y (BUFx16f_ASAP7_75t_R)
                                         clknet_0_clk_i (net)
                  6.69    0.30 1036.07 ^ clkbuf_1_0__f_clk_i/A (BUFx16f_ASAP7_75t_R)
     1    0.64    4.62   12.76 1048.83 ^ clkbuf_1_0__f_clk_i/Y (BUFx16f_ASAP7_75t_R)
                                         clknet_1_0__leaf_clk_i (net)
                  4.62    0.05 1048.88 ^ _23024_/A (AND2x2_ASAP7_75t_R)
     1    2.09   10.36   15.65 1064.53 ^ _23024_/Y (AND2x2_ASAP7_75t_R)
                                         _08202_ (net)
                 10.37    0.16 1064.68 ^ clkbuf_0__08202_/A (BUFx16f_ASAP7_75t_R)
     4   16.21   13.16   15.91 1080.59 ^ clkbuf_0__08202_/Y (BUFx16f_ASAP7_75t_R)
                                         clknet_0__08202_ (net)
                 19.70    4.76 1085.35 ^ clkbuf_2_1__f__08202_/A (BUFx16f_ASAP7_75t_R)
     8   34.82   22.39   22.75 1108.10 ^ clkbuf_2_1__f__08202_/Y (BUFx16f_ASAP7_75t_R)
                                         clknet_2_1__leaf__08202_ (net)
                 29.43    6.53 1114.63 ^ clkbuf_leaf_3__08202_/A (BUFx24_ASAP7_75t_R)
    20   12.32   11.31   24.51 1139.14 ^ clkbuf_leaf_3__08202_/Y (BUFx24_ASAP7_75t_R)
                                         clknet_leaf_3__08202_ (net)
                 11.34    0.35 1139.49 ^ ex_block_i.gen_multdiv_fast.multdiv_i.md_state_q[0]$_DFF_PN1_/CLK (DFFASRHQNx1_ASAP7_75t_R)
                          0.00 1139.49   clock reconvergence pessimism
                         -9.34 1130.15   library recovery time
                               1130.15   data required time
-----------------------------------------------------------------------------
                               1130.15   data required time
                               -475.23   data arrival time
-----------------------------------------------------------------------------
                                654.92   slack (MET)


Startpoint: core_clock_gate_i.en_latch$_DLATCH_N_
            (negative level-sensitive latch clocked by core_clock)
Endpoint: _23024_ (rising clock gating-check end-point clocked by core_clock)
Path Group: gated clock
Path Type: max

Fanout     Cap    Slew   Delay    Time   Description
-----------------------------------------------------------------------------
                        500.00  500.00   clock core_clock (fall edge)
                          0.00  500.00   clock source latency
     2   13.47    0.00    0.00  500.00 v clk_i (in)
                                         clk_i (net)
                 38.96   12.29  512.29 v delaybuf_0_core_clock/A (BUFx16f_ASAP7_75t_R)
     1    7.07    7.68   23.46  535.75 v delaybuf_0_core_clock/Y (BUFx16f_ASAP7_75t_R)
                                         delaynet_0_core_clock (net)
                 20.51    6.02  541.77 v clkbuf_regs_0_core_clock/A (BUFx16f_ASAP7_75t_R)
     1    4.51    6.28   18.56  560.34 v clkbuf_regs_0_core_clock/Y (BUFx16f_ASAP7_75t_R)
                                         clk_i_regs (net)
                  9.12    2.28  562.61 v clkbuf_0_clk_i_regs/A (BUFx16f_ASAP7_75t_R)
     4   19.41   13.93   16.18  578.79 v clkbuf_0_clk_i_regs/Y (BUFx16f_ASAP7_75t_R)
                                         clknet_0_clk_i_regs (net)
                 22.89    5.76  584.55 v clkbuf_2_3__f_clk_i_regs/A (BUFx16f_ASAP7_75t_R)
    15   52.87   28.93   25.12  609.67 v clkbuf_2_3__f_clk_i_regs/Y (BUFx16f_ASAP7_75t_R)
                                         clknet_2_3__leaf_clk_i_regs (net)
                 44.99   11.57  621.25 v clkbuf_leaf_9_clk_i_regs/A (BUFx24_ASAP7_75t_R)
     8   22.43   15.33   31.80  653.05 v clkbuf_leaf_9_clk_i_regs/Y (BUFx24_ASAP7_75t_R)
                                         clknet_leaf_9_clk_i_regs (net)
                 22.29    5.51  658.56 v core_clock_gate_i.en_latch$_DLATCH_N_/CLK (DLLx1_ASAP7_75t_R)
     1    6.84   40.47   49.25  707.81 v core_clock_gate_i.en_latch$_DLATCH_N_/Q (DLLx1_ASAP7_75t_R)
                                         core_clock_gate_i.en_latch (net)
                 42.04    4.31  712.12 v _23024_/B (AND2x2_ASAP7_75t_R)
                                712.12   data arrival time

                       1000.00 1000.00   clock core_clock (rise edge)
                          0.00 1000.00   clock source latency
     2   12.15    0.00    0.00 1000.00 ^ clk_i (in)
                                         clk_i (net)
                 44.74   14.11 1014.11 ^ clkbuf_0_clk_i/A (BUFx16f_ASAP7_75t_R)
     1    2.27    6.67   21.65 1035.77 ^ clkbuf_0_clk_i/Y (BUFx16f_ASAP7_75t_R)
                                         clknet_0_clk_i (net)
                  6.69    0.30 1036.07 ^ clkbuf_1_0__f_clk_i/A (BUFx16f_ASAP7_75t_R)
     1    0.64    4.62   12.76 1048.83 ^ clkbuf_1_0__f_clk_i/Y (BUFx16f_ASAP7_75t_R)
                                         clknet_1_0__leaf_clk_i (net)
                  4.62    0.05 1048.88 ^ _23024_/A (AND2x2_ASAP7_75t_R)
                          0.00 1048.88   clock reconvergence pessimism
                          0.00 1048.88   clock gating setup time
                               1048.88   data required time
-----------------------------------------------------------------------------
                               1048.88   data required time
                               -712.12   data arrival time
-----------------------------------------------------------------------------
                                336.76   slack (MET)


Startpoint: _tray_size4_3825
            (rising edge-triggered flip-flop clocked by core_clock)
Endpoint: instr_addr_o[28] (output port clocked by core_clock)
Path Group: core_clock
Path Type: max

Fanout     Cap    Slew   Delay    Time   Description
-----------------------------------------------------------------------------
                          0.00    0.00   clock core_clock (rise edge)
                          0.00    0.00   clock source latency
     2   13.47    0.00    0.00    0.00 ^ clk_i (in)
                                         clk_i (net)
                 51.10   16.12   16.12 ^ clkbuf_0_clk_i/A (BUFx16f_ASAP7_75t_R)
     1    2.93    7.20   22.64   38.76 ^ clkbuf_0_clk_i/Y (BUFx16f_ASAP7_75t_R)
                                         clknet_0_clk_i (net)
                  7.22    0.40   39.16 ^ clkbuf_1_0__f_clk_i/A (BUFx16f_ASAP7_75t_R)
     1    0.77    4.68   12.96   52.12 ^ clkbuf_1_0__f_clk_i/Y (BUFx16f_ASAP7_75t_R)
                                         clknet_1_0__leaf_clk_i (net)
                  4.68    0.07   52.18 ^ _23024_/A (AND2x2_ASAP7_75t_R)
     1    2.75   13.22   16.77   68.95 ^ _23024_/Y (AND2x2_ASAP7_75t_R)
                                         _08202_ (net)
                 13.23    0.21   69.17 ^ clkbuf_0__08202_/A (BUFx16f_ASAP7_75t_R)
     4   18.85   14.81   16.88   86.05 ^ clkbuf_0__08202_/Y (BUFx16f_ASAP7_75t_R)
                                         clknet_0__08202_ (net)
                 22.80    5.62   91.67 ^ clkbuf_2_1__f__08202_/A (BUFx16f_ASAP7_75t_R)
     8   43.57   27.22   24.89  116.56 ^ clkbuf_2_1__f__08202_/Y (BUFx16f_ASAP7_75t_R)
                                         clknet_2_1__leaf__08202_ (net)
                 32.24    6.02  122.58 ^ clkbuf_leaf_5__08202_/A (BUFx24_ASAP7_75t_R)
    17   15.83   12.97   25.74  148.32 ^ clkbuf_leaf_5__08202_/Y (BUFx24_ASAP7_75t_R)
                                         clknet_leaf_5__08202_ (net)
                 13.31    1.05  149.37 ^ _tray_size4_3825/CLK (DFFHQNH2V2Xx3_ASAP7_75t_R)
     2    3.32   32.83   74.60  223.96 v _tray_size4_3825/QN0 (DFFHQNH2V2Xx3_ASAP7_75t_R)
                                         _00231_ (net)
                 32.83    0.10  224.06 v rebuffer5054/A (BUFx12f_ASAP7_75t_R)
     3   14.13   11.16   19.77  243.83 v rebuffer5054/Y (BUFx12f_ASAP7_75t_R)
                                         net5053 (net)
                 30.08    8.86  252.69 v rebuffer5104/A (BUFx12f_ASAP7_75t_R)
     4   12.33   11.48   19.36  272.04 v rebuffer5104/Y (BUFx12f_ASAP7_75t_R)
                                         net5103 (net)
                 17.66    4.34  276.38 v _18185_/A (INVx8_ASAP7_75t_R)
     5    7.70   11.39    8.95  285.34 ^ _18185_/Y (INVx8_ASAP7_75t_R)
                                         _03363_ (net)
                 11.52    0.65  285.98 ^ rebuffer5090/A (BUFx3_ASAP7_75t_R)
     2    4.14   11.73   16.40  302.38 ^ rebuffer5090/Y (BUFx3_ASAP7_75t_R)
                                         net5089 (net)
                 11.74    0.11  302.50 ^ place4804/A (BUFx12f_ASAP7_75t_R)
    25   25.98   19.27   14.73  317.22 ^ place4804/Y (BUFx12f_ASAP7_75t_R)
                                         net4803 (net)
                 39.98   11.25  328.47 ^ _20902_/C (OA211x2_ASAP7_75t_R)
     1    0.67    8.53   22.86  351.33 ^ _20902_/Y (OA211x2_ASAP7_75t_R)
                                         _06080_ (net)
                  8.53    0.03  351.36 ^ _20904_/B (OR3x1_ASAP7_75t_R)
     1    1.71   13.04   14.23  365.58 ^ _20904_/Y (OR3x1_ASAP7_75t_R)
                                         _06082_ (net)
                 13.06    0.27  365.85 ^ _20923_/B (AND4x2_ASAP7_75t_R)
     2    6.40   28.83   35.23  401.07 ^ _20923_/Y (AND4x2_ASAP7_75t_R)
                                         _06101_ (net)
                 29.57    2.52  403.59 ^ _20925_/B (AND3x4_ASAP7_75t_R)
     2    8.39   21.04   28.52  432.11 ^ _20925_/Y (AND3x4_ASAP7_75t_R)
                                         _06103_ (net)
                 26.86    5.65  437.76 ^ place4614/A (BUFx6f_ASAP7_75t_R)
     2    2.29    6.28   16.08  453.84 ^ place4614/Y (BUFx6f_ASAP7_75t_R)
                                         net4613 (net)
                  6.32    0.25  454.09 ^ _20927_/B (NAND2x1_ASAP7_75t_R)
     1    1.16   12.51    6.35  460.44 v _20927_/Y (NAND2x1_ASAP7_75t_R)
                                         _06105_ (net)
                 12.51    0.05  460.48 v _20931_/B (NAND2x1_ASAP7_75t_R)
     2    1.73   15.60   11.42  471.91 ^ _20931_/Y (NAND2x1_ASAP7_75t_R)
                                         _06109_ (net)
                 15.60    0.12  472.03 ^ _20930_/A (INVx1_ASAP7_75t_R)
     2    1.26   10.23    8.57  480.60 v _20930_/Y (INVx1_ASAP7_75t_R)
                                         _06108_ (net)
                 10.23    0.03  480.64 v _20936_/B1 (AO32x1_ASAP7_75t_R)
     1    0.80    9.46   22.08  502.72 v _20936_/Y (AO32x1_ASAP7_75t_R)
                                         _06114_ (net)
                  9.46    0.04  502.76 v _20937_/B (AO21x1_ASAP7_75t_R)
     1    1.72   13.00   18.83  521.59 v _20937_/Y (AO21x1_ASAP7_75t_R)
                                         _06115_ (net)
                 13.02    0.22  521.81 v alu_adder_result_ex\\ALU_33_0_33_0_33_unused_CO_X_Y[0]_HAN_CARLSON/_553_/A (XOR2x2_ASAP7_75t_R)
     1    1.22    7.85   20.83  542.64 v alu_adder_result_ex\\ALU_33_0_33_0_33_unused_CO_X_Y[0]_HAN_CARLSON/_553_/Y (XOR2x2_ASAP7_75t_R)
                                         alu_adder_result_ex\\ALU_33_0_33_0_33_unused_CO_X_Y[0]_HAN_CARLSON/_250_ (net)
                  7.85    0.06  542.70 v alu_adder_result_ex\\ALU_33_0_33_0_33_unused_CO_X_Y[0]_HAN_CARLSON/_322_/A (HAxp5_ASAP7_75t_R)
     2    1.51   23.16   13.74  556.43 ^ alu_adder_result_ex\\ALU_33_0_33_0_33_unused_CO_X_Y[0]_HAN_CARLSON/_322_/CON (HAxp5_ASAP7_75t_R)
                                         alu_adder_result_ex\\ALU_33_0_33_0_33_unused_CO_X_Y[0]_HAN_CARLSON/_016_ (net)
     1    0.72   16.51   10.10  566.53 v alu_adder_result_ex\\ALU_33_0_33_0_33_unused_CO_X_Y[0]_HAN_CARLSON/_322_/SN (HAxp5_ASAP7_75t_R)
                                         alu_adder_result_ex\\ALU_33_0_33_0_33_unused_CO_X_Y[0]_HAN_CARLSON/_017_ (net)
                 16.51    0.02  566.55 v alu_adder_result_ex\\ALU_33_0_33_0_33_unused_CO_X_Y[0]_HAN_CARLSON/rebuffer5035/A (BUFx3_ASAP7_75t_R)
     4    2.98    8.57   17.46  584.01 v alu_adder_result_ex\\ALU_33_0_33_0_33_unused_CO_X_Y[0]_HAN_CARLSON/rebuffer5035/Y (BUFx3_ASAP7_75t_R)
                                         alu_adder_result_ex\\ALU_33_0_33_0_33_unused_CO_X_Y[0]_HAN_CARLSON/net5034 (net)
                  8.57    0.10  584.11 v alu_adder_result_ex\\ALU_33_0_33_0_33_unused_CO_X_Y[0]_HAN_CARLSON/_460_/B (OR3x1_ASAP7_75t_R)
     1    0.64    7.97   19.68  603.78 v alu_adder_result_ex\\ALU_33_0_33_0_33_unused_CO_X_Y[0]_HAN_CARLSON/_460_/Y (OR3x1_ASAP7_75t_R)
                                         alu_adder_result_ex\\ALU_33_0_33_0_33_unused_CO_X_Y[0]_HAN_CARLSON/_165_ (net)
                  7.97    0.02  603.81 v alu_adder_result_ex\\ALU_33_0_33_0_33_unused_CO_X_Y[0]_HAN_CARLSON/_461_/B (AND2x2_ASAP7_75t_R)
     2    1.72    7.98   15.31  619.12 v alu_adder_result_ex\\ALU_33_0_33_0_33_unused_CO_X_Y[0]_HAN_CARLSON/_461_/Y (AND2x2_ASAP7_75t_R)
                                         alu_adder_result_ex\\ALU_33_0_33_0_33_unused_CO_X_Y[0]_HAN_CARLSON/_166_ (net)
                  7.98    0.06  619.18 v alu_adder_result_ex\\ALU_33_0_33_0_33_unused_CO_X_Y[0]_HAN_CARLSON/_493_/E (OR5x1_ASAP7_75t_R)
     1    0.55   10.13   31.25  650.43 v alu_adder_result_ex\\ALU_33_0_33_0_33_unused_CO_X_Y[0]_HAN_CARLSON/_493_/Y (OR5x1_ASAP7_75t_R)
                                         alu_adder_result_ex\\ALU_33_0_33_0_33_unused_CO_X_Y[0]_HAN_CARLSON/_194_ (net)
                 10.13    0.02  650.45 v alu_adder_result_ex\\ALU_33_0_33_0_33_unused_CO_X_Y[0]_HAN_CARLSON/_496_/B (OA211x2_ASAP7_75t_R)
     1    0.50    8.81   25.31  675.76 v alu_adder_result_ex\\ALU_33_0_33_0_33_unused_CO_X_Y[0]_HAN_CARLSON/_496_/Y (OA211x2_ASAP7_75t_R)
                                         alu_adder_result_ex\\ALU_33_0_33_0_33_unused_CO_X_Y[0]_HAN_CARLSON/_197_ (net)
                  8.81    0.02  675.78 v alu_adder_result_ex\\ALU_33_0_33_0_33_unused_CO_X_Y[0]_HAN_CARLSON/_497_/C (OA211x2_ASAP7_75t_R)
     1    1.14   10.26   27.69  703.47 v alu_adder_result_ex\\ALU_33_0_33_0_33_unused_CO_X_Y[0]_HAN_CARLSON/_497_/Y (OA211x2_ASAP7_75t_R)
                                         alu_adder_result_ex\\ALU_33_0_33_0_33_unused_CO_X_Y[0]_HAN_CARLSON/_198_ (net)
                 10.27    0.06  703.53 v alu_adder_result_ex\\ALU_33_0_33_0_33_unused_CO_X_Y[0]_HAN_CARLSON/_498_/A (XOR2x2_ASAP7_75t_R)
     2    4.13   16.03   24.48  728.01 v alu_adder_result_ex\\ALU_33_0_33_0_33_unused_CO_X_Y[0]_HAN_CARLSON/_498_/Y (XOR2x2_ASAP7_75t_R)
                                         net1849 (net)
                 16.17    0.82  728.83 v _24858_/A (INVx3_ASAP7_75t_R)
     2    4.41   13.70    9.99  738.82 ^ _24858_/Y (INVx3_ASAP7_75t_R)
                                         _10034_ (net)
                 14.13    1.30  740.12 ^ _22470_/A1 (OA21x2_ASAP7_75t_R)
     1    1.40    9.49   18.33  758.45 ^ _22470_/Y (OA21x2_ASAP7_75t_R)
                                         _07648_ (net)
                  9.50    0.11  758.56 ^ _22473_/A (NOR2x1_ASAP7_75t_R)
     1    0.60    8.02    8.02  766.58 v _22473_/Y (NOR2x1_ASAP7_75t_R)
                                         _07651_ (net)
                  8.02    0.03  766.61 v _22475_/B (OA211x2_ASAP7_75t_R)
     2    4.48   22.86   31.35  797.96 v _22475_/Y (OA211x2_ASAP7_75t_R)
                                         _07653_ (net)
                 23.24    1.68  799.64 v _22476_/B (AO21x2_ASAP7_75t_R)
     2    1.88   10.96   22.89  822.52 v _22476_/Y (AO21x2_ASAP7_75t_R)
                                         _07654_ (net)
                 10.97    0.14  822.66 v _27781_/A2 (OA21x2_ASAP7_75t_R)
     2    1.41   10.14   18.52  841.17 v _27781_/Y (OA21x2_ASAP7_75t_R)
                                         net1917 (net)
                 10.14    0.05  841.22 v output1918/A (BUFx2_ASAP7_75t_R)
     1    0.88    5.57   14.20  855.43 v output1918/Y (BUFx2_ASAP7_75t_R)
                                         instr_addr_o[28] (net)
                  5.57    0.08  855.51 v instr_addr_o[28] (out)
                                855.51   data arrival time

                       1000.00 1000.00   clock core_clock (rise edge)
                          0.00 1000.00   clock network delay (propagated)
                          0.00 1000.00   clock reconvergence pessimism
                       -200.00  800.00   output external delay
                                800.00   data required time
-----------------------------------------------------------------------------
                                800.00   data required time
                               -855.51   data arrival time
-----------------------------------------------------------------------------
                                -55.51   slack (VIOLATED)



==========================================================================
cts final report_checks -unconstrained
--------------------------------------------------------------------------
Startpoint: rst_ni (input port clocked by core_clock)
Endpoint: ex_block_i.gen_multdiv_fast.multdiv_i.md_state_q[0]$_DFF_PN1_
          (recovery check against rising-edge clock core_clock)
Path Group: asynchronous
Path Type: max

Fanout     Cap    Slew   Delay    Time   Description
-----------------------------------------------------------------------------
                          0.00    0.00   clock core_clock (rise edge)
                          0.00    0.00   clock network delay (propagated)
                        200.00  200.00 ^ input external delay
     1    1.47    0.00    0.00  200.00 ^ rst_ni (in)
                                         rst_ni (net)
                  0.33    0.10  200.10 ^ input1829/A (BUFx8_ASAP7_75t_R)
    49   67.81   64.59   22.49  222.59 ^ input1829/Y (BUFx8_ASAP7_75t_R)
                                         net1828 (net)
                132.33   38.86  261.45 ^ place5009/A (BUFx6f_ASAP7_75t_R)
    52   61.09   72.91   49.99  311.44 ^ place5009/Y (BUFx6f_ASAP7_75t_R)
                                         net5008 (net)
                 92.93   20.02  331.46 ^ place5006/A (BUFx3_ASAP7_75t_R)
    43   42.60   97.73   57.54  389.00 ^ place5006/Y (BUFx3_ASAP7_75t_R)
                                         net5005 (net)
                 99.52    7.49  396.49 ^ place5005/A (BUFx3_ASAP7_75t_R)
    51   55.75  125.56   70.31  466.80 ^ place5005/Y (BUFx3_ASAP7_75t_R)
                                         net5004 (net)
                127.32    8.42  475.23 ^ ex_block_i.gen_multdiv_fast.multdiv_i.md_state_q[0]$_DFF_PN1_/SETN (DFFASRHQNx1_ASAP7_75t_R)
                                475.23   data arrival time

                       1000.00 1000.00   clock core_clock (rise edge)
                          0.00 1000.00   clock source latency
     2   12.15    0.00    0.00 1000.00 ^ clk_i (in)
                                         clk_i (net)
                 44.74   14.11 1014.11 ^ clkbuf_0_clk_i/A (BUFx16f_ASAP7_75t_R)
     1    2.27    6.67   21.65 1035.77 ^ clkbuf_0_clk_i/Y (BUFx16f_ASAP7_75t_R)
                                         clknet_0_clk_i (net)
                  6.69    0.30 1036.07 ^ clkbuf_1_0__f_clk_i/A (BUFx16f_ASAP7_75t_R)
     1    0.64    4.62   12.76 1048.83 ^ clkbuf_1_0__f_clk_i/Y (BUFx16f_ASAP7_75t_R)
                                         clknet_1_0__leaf_clk_i (net)
                  4.62    0.05 1048.88 ^ _23024_/A (AND2x2_ASAP7_75t_R)
     1    2.09   10.36   15.65 1064.53 ^ _23024_/Y (AND2x2_ASAP7_75t_R)
                                         _08202_ (net)
                 10.37    0.16 1064.68 ^ clkbuf_0__08202_/A (BUFx16f_ASAP7_75t_R)
     4   16.21   13.16   15.91 1080.59 ^ clkbuf_0__08202_/Y (BUFx16f_ASAP7_75t_R)
                                         clknet_0__08202_ (net)
                 19.70    4.76 1085.35 ^ clkbuf_2_1__f__08202_/A (BUFx16f_ASAP7_75t_R)
     8   34.82   22.39   22.75 1108.10 ^ clkbuf_2_1__f__08202_/Y (BUFx16f_ASAP7_75t_R)
                                         clknet_2_1__leaf__08202_ (net)
                 29.43    6.53 1114.63 ^ clkbuf_leaf_3__08202_/A (BUFx24_ASAP7_75t_R)
    20   12.32   11.31   24.51 1139.14 ^ clkbuf_leaf_3__08202_/Y (BUFx24_ASAP7_75t_R)
                                         clknet_leaf_3__08202_ (net)
                 11.34    0.35 1139.49 ^ ex_block_i.gen_multdiv_fast.multdiv_i.md_state_q[0]$_DFF_PN1_/CLK (DFFASRHQNx1_ASAP7_75t_R)
                          0.00 1139.49   clock reconvergence pessimism
                         -9.34 1130.15   library recovery time
                               1130.15   data required time
-----------------------------------------------------------------------------
                               1130.15   data required time
                               -475.23   data arrival time
-----------------------------------------------------------------------------
                                654.92   slack (MET)


Startpoint: core_clock_gate_i.en_latch$_DLATCH_N_
            (negative level-sensitive latch clocked by core_clock)
Endpoint: _23024_ (rising clock gating-check end-point clocked by core_clock)
Path Group: gated clock
Path Type: max

Fanout     Cap    Slew   Delay    Time   Description
-----------------------------------------------------------------------------
                        500.00  500.00   clock core_clock (fall edge)
                          0.00  500.00   clock source latency
     2   13.47    0.00    0.00  500.00 v clk_i (in)
                                         clk_i (net)
                 38.96   12.29  512.29 v delaybuf_0_core_clock/A (BUFx16f_ASAP7_75t_R)
     1    7.07    7.68   23.46  535.75 v delaybuf_0_core_clock/Y (BUFx16f_ASAP7_75t_R)
                                         delaynet_0_core_clock (net)
                 20.51    6.02  541.77 v clkbuf_regs_0_core_clock/A (BUFx16f_ASAP7_75t_R)
     1    4.51    6.28   18.56  560.34 v clkbuf_regs_0_core_clock/Y (BUFx16f_ASAP7_75t_R)
                                         clk_i_regs (net)
                  9.12    2.28  562.61 v clkbuf_0_clk_i_regs/A (BUFx16f_ASAP7_75t_R)
     4   19.41   13.93   16.18  578.79 v clkbuf_0_clk_i_regs/Y (BUFx16f_ASAP7_75t_R)
                                         clknet_0_clk_i_regs (net)
                 22.89    5.76  584.55 v clkbuf_2_3__f_clk_i_regs/A (BUFx16f_ASAP7_75t_R)
    15   52.87   28.93   25.12  609.67 v clkbuf_2_3__f_clk_i_regs/Y (BUFx16f_ASAP7_75t_R)
                                         clknet_2_3__leaf_clk_i_regs (net)
                 44.99   11.57  621.25 v clkbuf_leaf_9_clk_i_regs/A (BUFx24_ASAP7_75t_R)
     8   22.43   15.33   31.80  653.05 v clkbuf_leaf_9_clk_i_regs/Y (BUFx24_ASAP7_75t_R)
                                         clknet_leaf_9_clk_i_regs (net)
                 22.29    5.51  658.56 v core_clock_gate_i.en_latch$_DLATCH_N_/CLK (DLLx1_ASAP7_75t_R)
     1    6.84   40.47   49.25  707.81 v core_clock_gate_i.en_latch$_DLATCH_N_/Q (DLLx1_ASAP7_75t_R)
                                         core_clock_gate_i.en_latch (net)
                 42.04    4.31  712.12 v _23024_/B (AND2x2_ASAP7_75t_R)
                                712.12   data arrival time

                       1000.00 1000.00   clock core_clock (rise edge)
                          0.00 1000.00   clock source latency
     2   12.15    0.00    0.00 1000.00 ^ clk_i (in)
                                         clk_i (net)
                 44.74   14.11 1014.11 ^ clkbuf_0_clk_i/A (BUFx16f_ASAP7_75t_R)
     1    2.27    6.67   21.65 1035.77 ^ clkbuf_0_clk_i/Y (BUFx16f_ASAP7_75t_R)
                                         clknet_0_clk_i (net)
                  6.69    0.30 1036.07 ^ clkbuf_1_0__f_clk_i/A (BUFx16f_ASAP7_75t_R)
     1    0.64    4.62   12.76 1048.83 ^ clkbuf_1_0__f_clk_i/Y (BUFx16f_ASAP7_75t_R)
                                         clknet_1_0__leaf_clk_i (net)
                  4.62    0.05 1048.88 ^ _23024_/A (AND2x2_ASAP7_75t_R)
                          0.00 1048.88   clock reconvergence pessimism
                          0.00 1048.88   clock gating setup time
                               1048.88   data required time
-----------------------------------------------------------------------------
                               1048.88   data required time
                               -712.12   data arrival time
-----------------------------------------------------------------------------
                                336.76   slack (MET)


Startpoint: _tray_size4_3825
            (rising edge-triggered flip-flop clocked by core_clock)
Endpoint: instr_addr_o[28] (output port clocked by core_clock)
Path Group: core_clock
Path Type: max

Fanout     Cap    Slew   Delay    Time   Description
-----------------------------------------------------------------------------
                          0.00    0.00   clock core_clock (rise edge)
                          0.00    0.00   clock source latency
     2   13.47    0.00    0.00    0.00 ^ clk_i (in)
                                         clk_i (net)
                 51.10   16.12   16.12 ^ clkbuf_0_clk_i/A (BUFx16f_ASAP7_75t_R)
     1    2.93    7.20   22.64   38.76 ^ clkbuf_0_clk_i/Y (BUFx16f_ASAP7_75t_R)
                                         clknet_0_clk_i (net)
                  7.22    0.40   39.16 ^ clkbuf_1_0__f_clk_i/A (BUFx16f_ASAP7_75t_R)
     1    0.77    4.68   12.96   52.12 ^ clkbuf_1_0__f_clk_i/Y (BUFx16f_ASAP7_75t_R)
                                         clknet_1_0__leaf_clk_i (net)
                  4.68    0.07   52.18 ^ _23024_/A (AND2x2_ASAP7_75t_R)
     1    2.75   13.22   16.77   68.95 ^ _23024_/Y (AND2x2_ASAP7_75t_R)
                                         _08202_ (net)
                 13.23    0.21   69.17 ^ clkbuf_0__08202_/A (BUFx16f_ASAP7_75t_R)
     4   18.85   14.81   16.88   86.05 ^ clkbuf_0__08202_/Y (BUFx16f_ASAP7_75t_R)
                                         clknet_0__08202_ (net)
                 22.80    5.62   91.67 ^ clkbuf_2_1__f__08202_/A (BUFx16f_ASAP7_75t_R)
     8   43.57   27.22   24.89  116.56 ^ clkbuf_2_1__f__08202_/Y (BUFx16f_ASAP7_75t_R)
                                         clknet_2_1__leaf__08202_ (net)
                 32.24    6.02  122.58 ^ clkbuf_leaf_5__08202_/A (BUFx24_ASAP7_75t_R)
    17   15.83   12.97   25.74  148.32 ^ clkbuf_leaf_5__08202_/Y (BUFx24_ASAP7_75t_R)
                                         clknet_leaf_5__08202_ (net)
                 13.31    1.05  149.37 ^ _tray_size4_3825/CLK (DFFHQNH2V2Xx3_ASAP7_75t_R)
     2    3.32   32.83   74.60  223.96 v _tray_size4_3825/QN0 (DFFHQNH2V2Xx3_ASAP7_75t_R)
                                         _00231_ (net)
                 32.83    0.10  224.06 v rebuffer5054/A (BUFx12f_ASAP7_75t_R)
     3   14.13   11.16   19.77  243.83 v rebuffer5054/Y (BUFx12f_ASAP7_75t_R)
                                         net5053 (net)
                 30.08    8.86  252.69 v rebuffer5104/A (BUFx12f_ASAP7_75t_R)
     4   12.33   11.48   19.36  272.04 v rebuffer5104/Y (BUFx12f_ASAP7_75t_R)
                                         net5103 (net)
                 17.66    4.34  276.38 v _18185_/A (INVx8_ASAP7_75t_R)
     5    7.70   11.39    8.95  285.34 ^ _18185_/Y (INVx8_ASAP7_75t_R)
                                         _03363_ (net)
                 11.52    0.65  285.98 ^ rebuffer5090/A (BUFx3_ASAP7_75t_R)
     2    4.14   11.73   16.40  302.38 ^ rebuffer5090/Y (BUFx3_ASAP7_75t_R)
                                         net5089 (net)
                 11.74    0.11  302.50 ^ place4804/A (BUFx12f_ASAP7_75t_R)
    25   25.98   19.27   14.73  317.22 ^ place4804/Y (BUFx12f_ASAP7_75t_R)
                                         net4803 (net)
                 39.98   11.25  328.47 ^ _20902_/C (OA211x2_ASAP7_75t_R)
     1    0.67    8.53   22.86  351.33 ^ _20902_/Y (OA211x2_ASAP7_75t_R)
                                         _06080_ (net)
                  8.53    0.03  351.36 ^ _20904_/B (OR3x1_ASAP7_75t_R)
     1    1.71   13.04   14.23  365.58 ^ _20904_/Y (OR3x1_ASAP7_75t_R)
                                         _06082_ (net)
                 13.06    0.27  365.85 ^ _20923_/B (AND4x2_ASAP7_75t_R)
     2    6.40   28.83   35.23  401.07 ^ _20923_/Y (AND4x2_ASAP7_75t_R)
                                         _06101_ (net)
                 29.57    2.52  403.59 ^ _20925_/B (AND3x4_ASAP7_75t_R)
     2    8.39   21.04   28.52  432.11 ^ _20925_/Y (AND3x4_ASAP7_75t_R)
                                         _06103_ (net)
                 26.86    5.65  437.76 ^ place4614/A (BUFx6f_ASAP7_75t_R)
     2    2.29    6.28   16.08  453.84 ^ place4614/Y (BUFx6f_ASAP7_75t_R)
                                         net4613 (net)
                  6.32    0.25  454.09 ^ _20927_/B (NAND2x1_ASAP7_75t_R)
     1    1.16   12.51    6.35  460.44 v _20927_/Y (NAND2x1_ASAP7_75t_R)
                                         _06105_ (net)
                 12.51    0.05  460.48 v _20931_/B (NAND2x1_ASAP7_75t_R)
     2    1.73   15.60   11.42  471.91 ^ _20931_/Y (NAND2x1_ASAP7_75t_R)
                                         _06109_ (net)
                 15.60    0.12  472.03 ^ _20930_/A (INVx1_ASAP7_75t_R)
     2    1.26   10.23    8.57  480.60 v _20930_/Y (INVx1_ASAP7_75t_R)
                                         _06108_ (net)
                 10.23    0.03  480.64 v _20936_/B1 (AO32x1_ASAP7_75t_R)
     1    0.80    9.46   22.08  502.72 v _20936_/Y (AO32x1_ASAP7_75t_R)
                                         _06114_ (net)
                  9.46    0.04  502.76 v _20937_/B (AO21x1_ASAP7_75t_R)
     1    1.72   13.00   18.83  521.59 v _20937_/Y (AO21x1_ASAP7_75t_R)
                                         _06115_ (net)
                 13.02    0.22  521.81 v alu_adder_result_ex\\ALU_33_0_33_0_33_unused_CO_X_Y[0]_HAN_CARLSON/_553_/A (XOR2x2_ASAP7_75t_R)
     1    1.22    7.85   20.83  542.64 v alu_adder_result_ex\\ALU_33_0_33_0_33_unused_CO_X_Y[0]_HAN_CARLSON/_553_/Y (XOR2x2_ASAP7_75t_R)
                                         alu_adder_result_ex\\ALU_33_0_33_0_33_unused_CO_X_Y[0]_HAN_CARLSON/_250_ (net)
                  7.85    0.06  542.70 v alu_adder_result_ex\\ALU_33_0_33_0_33_unused_CO_X_Y[0]_HAN_CARLSON/_322_/A (HAxp5_ASAP7_75t_R)
     2    1.51   23.16   13.74  556.43 ^ alu_adder_result_ex\\ALU_33_0_33_0_33_unused_CO_X_Y[0]_HAN_CARLSON/_322_/CON (HAxp5_ASAP7_75t_R)
                                         alu_adder_result_ex\\ALU_33_0_33_0_33_unused_CO_X_Y[0]_HAN_CARLSON/_016_ (net)
     1    0.72   16.51   10.10  566.53 v alu_adder_result_ex\\ALU_33_0_33_0_33_unused_CO_X_Y[0]_HAN_CARLSON/_322_/SN (HAxp5_ASAP7_75t_R)
                                         alu_adder_result_ex\\ALU_33_0_33_0_33_unused_CO_X_Y[0]_HAN_CARLSON/_017_ (net)
                 16.51    0.02  566.55 v alu_adder_result_ex\\ALU_33_0_33_0_33_unused_CO_X_Y[0]_HAN_CARLSON/rebuffer5035/A (BUFx3_ASAP7_75t_R)
     4    2.98    8.57   17.46  584.01 v alu_adder_result_ex\\ALU_33_0_33_0_33_unused_CO_X_Y[0]_HAN_CARLSON/rebuffer5035/Y (BUFx3_ASAP7_75t_R)
                                         alu_adder_result_ex\\ALU_33_0_33_0_33_unused_CO_X_Y[0]_HAN_CARLSON/net5034 (net)
                  8.57    0.10  584.11 v alu_adder_result_ex\\ALU_33_0_33_0_33_unused_CO_X_Y[0]_HAN_CARLSON/_460_/B (OR3x1_ASAP7_75t_R)
     1    0.64    7.97   19.68  603.78 v alu_adder_result_ex\\ALU_33_0_33_0_33_unused_CO_X_Y[0]_HAN_CARLSON/_460_/Y (OR3x1_ASAP7_75t_R)
                                         alu_adder_result_ex\\ALU_33_0_33_0_33_unused_CO_X_Y[0]_HAN_CARLSON/_165_ (net)
                  7.97    0.02  603.81 v alu_adder_result_ex\\ALU_33_0_33_0_33_unused_CO_X_Y[0]_HAN_CARLSON/_461_/B (AND2x2_ASAP7_75t_R)
     2    1.72    7.98   15.31  619.12 v alu_adder_result_ex\\ALU_33_0_33_0_33_unused_CO_X_Y[0]_HAN_CARLSON/_461_/Y (AND2x2_ASAP7_75t_R)
                                         alu_adder_result_ex\\ALU_33_0_33_0_33_unused_CO_X_Y[0]_HAN_CARLSON/_166_ (net)
                  7.98    0.06  619.18 v alu_adder_result_ex\\ALU_33_0_33_0_33_unused_CO_X_Y[0]_HAN_CARLSON/_493_/E (OR5x1_ASAP7_75t_R)
     1    0.55   10.13   31.25  650.43 v alu_adder_result_ex\\ALU_33_0_33_0_33_unused_CO_X_Y[0]_HAN_CARLSON/_493_/Y (OR5x1_ASAP7_75t_R)
                                         alu_adder_result_ex\\ALU_33_0_33_0_33_unused_CO_X_Y[0]_HAN_CARLSON/_194_ (net)
                 10.13    0.02  650.45 v alu_adder_result_ex\\ALU_33_0_33_0_33_unused_CO_X_Y[0]_HAN_CARLSON/_496_/B (OA211x2_ASAP7_75t_R)
     1    0.50    8.81   25.31  675.76 v alu_adder_result_ex\\ALU_33_0_33_0_33_unused_CO_X_Y[0]_HAN_CARLSON/_496_/Y (OA211x2_ASAP7_75t_R)
                                         alu_adder_result_ex\\ALU_33_0_33_0_33_unused_CO_X_Y[0]_HAN_CARLSON/_197_ (net)
                  8.81    0.02  675.78 v alu_adder_result_ex\\ALU_33_0_33_0_33_unused_CO_X_Y[0]_HAN_CARLSON/_497_/C (OA211x2_ASAP7_75t_R)
     1    1.14   10.26   27.69  703.47 v alu_adder_result_ex\\ALU_33_0_33_0_33_unused_CO_X_Y[0]_HAN_CARLSON/_497_/Y (OA211x2_ASAP7_75t_R)
                                         alu_adder_result_ex\\ALU_33_0_33_0_33_unused_CO_X_Y[0]_HAN_CARLSON/_198_ (net)
                 10.27    0.06  703.53 v alu_adder_result_ex\\ALU_33_0_33_0_33_unused_CO_X_Y[0]_HAN_CARLSON/_498_/A (XOR2x2_ASAP7_75t_R)
     2    4.13   16.03   24.48  728.01 v alu_adder_result_ex\\ALU_33_0_33_0_33_unused_CO_X_Y[0]_HAN_CARLSON/_498_/Y (XOR2x2_ASAP7_75t_R)
                                         net1849 (net)
                 16.17    0.82  728.83 v _24858_/A (INVx3_ASAP7_75t_R)
     2    4.41   13.70    9.99  738.82 ^ _24858_/Y (INVx3_ASAP7_75t_R)
                                         _10034_ (net)
                 14.13    1.30  740.12 ^ _22470_/A1 (OA21x2_ASAP7_75t_R)
     1    1.40    9.49   18.33  758.45 ^ _22470_/Y (OA21x2_ASAP7_75t_R)
                                         _07648_ (net)
                  9.50    0.11  758.56 ^ _22473_/A (NOR2x1_ASAP7_75t_R)
     1    0.60    8.02    8.02  766.58 v _22473_/Y (NOR2x1_ASAP7_75t_R)
                                         _07651_ (net)
                  8.02    0.03  766.61 v _22475_/B (OA211x2_ASAP7_75t_R)
     2    4.48   22.86   31.35  797.96 v _22475_/Y (OA211x2_ASAP7_75t_R)
                                         _07653_ (net)
                 23.24    1.68  799.64 v _22476_/B (AO21x2_ASAP7_75t_R)
     2    1.88   10.96   22.89  822.52 v _22476_/Y (AO21x2_ASAP7_75t_R)
                                         _07654_ (net)
                 10.97    0.14  822.66 v _27781_/A2 (OA21x2_ASAP7_75t_R)
     2    1.41   10.14   18.52  841.17 v _27781_/Y (OA21x2_ASAP7_75t_R)
                                         net1917 (net)
                 10.14    0.05  841.22 v output1918/A (BUFx2_ASAP7_75t_R)
     1    0.88    5.57   14.20  855.43 v output1918/Y (BUFx2_ASAP7_75t_R)
                                         instr_addr_o[28] (net)
                  5.57    0.08  855.51 v instr_addr_o[28] (out)
                                855.51   data arrival time

                       1000.00 1000.00   clock core_clock (rise edge)
                          0.00 1000.00   clock network delay (propagated)
                          0.00 1000.00   clock reconvergence pessimism
                       -200.00  800.00   output external delay
                                800.00   data required time
-----------------------------------------------------------------------------
                                800.00   data required time
                               -855.51   data arrival time
-----------------------------------------------------------------------------
                                -55.51   slack (VIOLATED)



==========================================================================
cts final report_check_types -max_slew -max_cap -max_fanout -violators
--------------------------------------------------------------------------

==========================================================================
cts final max_slew_check_slack
--------------------------------------------------------------------------
108.0865707397461

==========================================================================
cts final max_slew_check_limit
--------------------------------------------------------------------------
320.0

==========================================================================
cts final max_slew_check_slack_limit
--------------------------------------------------------------------------
0.3378

==========================================================================
cts final max_fanout_check_slack
--------------------------------------------------------------------------
1.0000000150474662e+30

==========================================================================
cts final max_fanout_check_limit
--------------------------------------------------------------------------
1.0000000150474662e+30

==========================================================================
cts final max_capacitance_check_slack
--------------------------------------------------------------------------
3.790889263153076

==========================================================================
cts final max_capacitance_check_limit
--------------------------------------------------------------------------
23.040000915527344

==========================================================================
cts final max_capacitance_check_slack_limit
--------------------------------------------------------------------------
0.1645

==========================================================================
cts final max_slew_violation_count
--------------------------------------------------------------------------
max slew violation count 0

==========================================================================
cts final max_fanout_violation_count
--------------------------------------------------------------------------
max fanout violation count 0

==========================================================================
cts final max_cap_violation_count
--------------------------------------------------------------------------
max cap violation count 0

==========================================================================
cts final setup_violation_count
--------------------------------------------------------------------------
setup violation count 565

==========================================================================
cts final hold_violation_count
--------------------------------------------------------------------------
hold violation count 0

==========================================================================
cts final report_checks -path_delay max reg to reg
--------------------------------------------------------------------------
Startpoint: _tray_size4_3825
            (rising edge-triggered flip-flop clocked by core_clock)
Endpoint: gen_regfile_ff.register_file_i.rf_reg[728]$_DFFE_PN0P_
          (rising edge-triggered flip-flop clocked by core_clock)
Path Group: core_clock
Path Type: max

  Delay    Time   Description
---------------------------------------------------------
   0.00    0.00   clock core_clock (rise edge)
   0.00    0.00   clock source latency
   0.00    0.00 ^ clk_i (in)
  38.76   38.76 ^ clkbuf_0_clk_i/Y (BUFx16f_ASAP7_75t_R)
  13.36   52.12 ^ clkbuf_1_0__f_clk_i/Y (BUFx16f_ASAP7_75t_R)
  16.84   68.95 ^ _23024_/Y (AND2x2_ASAP7_75t_R)
  17.09   86.05 ^ clkbuf_0__08202_/Y (BUFx16f_ASAP7_75t_R)
  30.52  116.56 ^ clkbuf_2_1__f__08202_/Y (BUFx16f_ASAP7_75t_R)
  31.76  148.32 ^ clkbuf_leaf_5__08202_/Y (BUFx24_ASAP7_75t_R)
   1.05  149.37 ^ _tray_size4_3825/CLK (DFFHQNH2V2Xx3_ASAP7_75t_R)
  68.59  217.95 ^ _tray_size4_3825/QN0 (DFFHQNH2V2Xx3_ASAP7_75t_R)
  17.69  235.65 ^ rebuffer5054/Y (BUFx12f_ASAP7_75t_R)
  26.90  262.55 ^ rebuffer5104/Y (BUFx12f_ASAP7_75t_R)
  12.26  274.81 v _18185_/Y (INVx8_ASAP7_75t_R)
  17.26  292.07 v rebuffer5090/Y (BUFx3_ASAP7_75t_R)
  16.85  308.91 v place4805/Y (BUFx6f_ASAP7_75t_R)
  42.67  351.58 v _20877_/Y (OA211x2_ASAP7_75t_R)
  17.75  369.33 v _20880_/Y (OA21x2_ASAP7_75t_R)
  36.08  405.42 v _20885_/Y (OR4x2_ASAP7_75t_R)
  24.91  430.33 v _20925_/Y (AND3x4_ASAP7_75t_R)
  23.17  453.50 v rebuffer5677/Y (BUFx3_ASAP7_75t_R)
  11.28  464.78 v rebuffer5676/Y (BUFx6f_ASAP7_75t_R)
  10.69  475.47 v rebuffer5675/Y (BUFx6f_ASAP7_75t_R)
  10.53  486.01 v rebuffer5149/Y (BUFx6f_ASAP7_75t_R)
  19.39  505.40 v _21487_/Y (AO22x1_ASAP7_75t_R)
  16.04  521.44 v place4569/Y (BUFx6f_ASAP7_75t_R)
  27.72  549.15 v place4567/Y (BUFx6f_ASAP7_75t_R)
  19.31  568.46 v _21773_/Y (AND3x4_ASAP7_75t_R)
  29.33  597.79 v _17488_/SN (FAx1_ASAP7_75t_R)
  18.13  615.92 ^ _27118_/Y (INVx1_ASAP7_75t_R)
  15.65  631.58 ^ rebuffer5671/Y (BUFx6f_ASAP7_75t_R)
  28.95  660.53 v _17468_/SN (FAx1_ASAP7_75t_R)
  13.97  674.50 ^ _27124_/Y (INVx1_ASAP7_75t_R)
  30.86  705.37 v _17722_/SN (FAx1_ASAP7_75t_R)
  13.95  719.32 ^ _27130_/Y (INVx1_ASAP7_75t_R)
  34.23  753.55 v _17604_/SN (FAx1_ASAP7_75t_R)
  15.02  768.56 ^ _27136_/Y (INVx1_ASAP7_75t_R)
  31.25  799.81 v _17637_/SN (FAx1_ASAP7_75t_R)
  14.26  814.07 ^ _27162_/Y (INVx1_ASAP7_75t_R)
  40.71  854.78 v _17668_/SN (FAx1_ASAP7_75t_R)
  12.68  867.46 ^ _27168_/Y (INVx1_ASAP7_75t_R)
  17.73  885.19 v _18080_/_303_/CON (HAxp5_ASAP7_75t_R)
  11.05  896.24 ^ _18080_/_303_/SN (HAxp5_ASAP7_75t_R)
  18.11  914.35 ^ _18080_/rebuffer5670/Y (BUFx3_ASAP7_75t_R)
  13.72  928.07 ^ _18080_/rebuffer5669/Y (BUFx3_ASAP7_75t_R)
   9.26  937.33 v _18080_/_380_/Y (OAI21x1_ASAP7_75t_R)
  20.37  957.69 v _18080_/_382_/Y (AO21x1_ASAP7_75t_R)
  16.16  973.86 v _18080_/_385_/Y (AO21x1_ASAP7_75t_R)
  26.18 1000.04 v _18080_/_388_/Y (AO221x1_ASAP7_75t_R)
  26.07 1026.11 ^ _18080_/_500_/Y (XNOR2x2_ASAP7_75t_R)
  15.74 1041.85 v _23477_/Y (AOI22x1_ASAP7_75t_R)
  35.22 1077.07 v _23501_/Y (OA211x2_ASAP7_75t_R)
  17.39 1094.46 ^ _23509_/Y (AOI21x1_ASAP7_75t_R)
  18.58 1113.04 ^ place4221/Y (BUFx6f_ASAP7_75t_R)
  31.70 1144.73 ^ place4219/Y (BUFx3_ASAP7_75t_R)
  14.29 1159.02 ^ _31943_/Y (AO21x1_ASAP7_75t_R)
   0.02 1159.05 ^ gen_regfile_ff.register_file_i.rf_reg[728]$_DFFE_PN0P_/D (DFFASRHQNx1_ASAP7_75t_R)
        1159.05   data arrival time

1000.00 1000.00   clock core_clock (rise edge)
   0.00 1000.00   clock source latency
   0.00 1000.00 ^ clk_i (in)
  31.14 1031.14 ^ delaybuf_0_core_clock/Y (BUFx16f_ASAP7_75t_R)
  21.92 1053.06 ^ clkbuf_regs_0_core_clock/Y (BUFx16f_ASAP7_75t_R)
  17.06 1070.13 ^ clkbuf_0_clk_i_regs/Y (BUFx16f_ASAP7_75t_R)
  29.35 1099.48 ^ clkbuf_2_2__f_clk_i_regs/Y (BUFx16f_ASAP7_75t_R)
  28.68 1128.16 ^ clkbuf_leaf_26_clk_i_regs/Y (BUFx24_ASAP7_75t_R)
   0.22 1128.38 ^ gen_regfile_ff.register_file_i.rf_reg[728]$_DFFE_PN0P_/CLK (DFFASRHQNx1_ASAP7_75t_R)
   0.00 1128.38   clock reconvergence pessimism
 -11.86 1116.52   library setup time
        1116.52   data required time
---------------------------------------------------------
        1116.52   data required time
        -1159.05   data arrival time
---------------------------------------------------------
         -42.53   slack (VIOLATED)



==========================================================================
cts final report_checks -path_delay min reg to reg
--------------------------------------------------------------------------
Startpoint: id_stage_i.controller_i.ctrl_fsm_cs[0]$_DFF_PN1_
            (rising edge-triggered flip-flop clocked by core_clock)
Endpoint: id_stage_i.controller_i.ctrl_fsm_cs[5]$_DFF_PN0_
          (rising edge-triggered flip-flop clocked by core_clock)
Path Group: core_clock
Path Type: min

  Delay    Time   Description
---------------------------------------------------------
   0.00    0.00   clock core_clock (rise edge)
   0.00    0.00   clock source latency
   0.00    0.00 ^ clk_i (in)
  35.77   35.77 ^ clkbuf_0_clk_i/Y (BUFx16f_ASAP7_75t_R)
  13.06   48.83 ^ clkbuf_1_0__f_clk_i/Y (BUFx16f_ASAP7_75t_R)
  15.70   64.53 ^ _23024_/Y (AND2x2_ASAP7_75t_R)
  16.07   80.59 ^ clkbuf_0__08202_/Y (BUFx16f_ASAP7_75t_R)
  27.50  108.10 ^ clkbuf_2_1__f__08202_/Y (BUFx16f_ASAP7_75t_R)
  26.01  134.11 ^ clkbuf_leaf_10__08202_/Y (BUFx24_ASAP7_75t_R)
   1.09  135.20 ^ id_stage_i.controller_i.ctrl_fsm_cs[0]$_DFF_PN1_/CLK (DFFASRHQNx1_ASAP7_75t_R)
  42.48  177.69 ^ id_stage_i.controller_i.ctrl_fsm_cs[0]$_DFF_PN1_/QN (DFFASRHQNx1_ASAP7_75t_R)
   9.98  187.67 v _23690_/Y (INVx1_ASAP7_75t_R)
   0.05  187.72 v id_stage_i.controller_i.ctrl_fsm_cs[5]$_DFF_PN0_/D (DFFASRHQNx1_ASAP7_75t_R)
         187.72   data arrival time

   0.00    0.00   clock core_clock (rise edge)
   0.00    0.00   clock source latency
   0.00    0.00 ^ clk_i (in)
  38.76   38.76 ^ clkbuf_0_clk_i/Y (BUFx16f_ASAP7_75t_R)
  13.36   52.12 ^ clkbuf_1_0__f_clk_i/Y (BUFx16f_ASAP7_75t_R)
  16.84   68.95 ^ _23024_/Y (AND2x2_ASAP7_75t_R)
  17.09   86.05 ^ clkbuf_0__08202_/Y (BUFx16f_ASAP7_75t_R)
  30.47  116.52 ^ clkbuf_2_3__f__08202_/Y (BUFx16f_ASAP7_75t_R)
  33.33  149.85 ^ clkbuf_leaf_11__08202_/Y (BUFx24_ASAP7_75t_R)
   1.08  150.92 ^ id_stage_i.controller_i.ctrl_fsm_cs[5]$_DFF_PN0_/CLK (DFFASRHQNx1_ASAP7_75t_R)
  -5.45  145.47   clock reconvergence pessimism
  11.95  157.42   library hold time
         157.42   data required time
---------------------------------------------------------
         157.42   data required time
        -187.72   data arrival time
---------------------------------------------------------
          30.30   slack (MET)



==========================================================================
cts final critical path target clock latency max path
--------------------------------------------------------------------------
139.4932

==========================================================================
cts final critical path target clock latency min path
--------------------------------------------------------------------------
155.4348

==========================================================================
cts final critical path source clock latency min path
--------------------------------------------------------------------------
0.0000

==========================================================================
cts final critical path delay
--------------------------------------------------------------------------
855.5093

==========================================================================
cts final critical path slack
--------------------------------------------------------------------------
-55.5094

==========================================================================
cts final slack div critical path delay
--------------------------------------------------------------------------
-6.488462

==========================================================================
cts final report_power
--------------------------------------------------------------------------
Group                  Internal  Switching    Leakage      Total
                          Power      Power      Power      Power (Watts)
----------------------------------------------------------------
Sequential             2.60e-03   2.86e-04   2.36e-07   2.89e-03  11.9%
Combinational          8.02e-03   1.06e-02   1.32e-06   1.86e-02  76.8%
Clock                  1.58e-03   1.13e-03   5.75e-08   2.71e-03  11.2%
Macro                  0.00e+00   0.00e+00   0.00e+00   0.00e+00   0.0%
Pad                    0.00e+00   0.00e+00   0.00e+00   0.00e+00   0.0%
----------------------------------------------------------------
Total                  1.22e-02   1.20e-02   1.61e-06   2.42e-02 100.0%
                          50.4%      49.5%       0.0%
