
==========================================================================
detailed place report_tns
--------------------------------------------------------------------------
tns max -26840.26

==========================================================================
detailed place report_wns
--------------------------------------------------------------------------
wns max -318.81

==========================================================================
detailed place report_worst_slack
--------------------------------------------------------------------------
worst slack max -318.81

==========================================================================
detailed place report_clock_min_period
--------------------------------------------------------------------------
clock period_min = 618.81 fmax = 1616.02

==========================================================================
detailed place report_checks -path_delay min
--------------------------------------------------------------------------
Startpoint: multResult_mult.pp_row0_1$_DFF_P_
            (rising edge-triggered flip-flop clocked by clock)
Endpoint: multResult_mult.final_b_registered[0]$_DFF_P_
          (rising edge-triggered flip-flop clocked by clock)
Path Group: clock
Path Type: min

Fanout     Cap    Slew   Delay    Time   Description
-----------------------------------------------------------------------------
                  0.00    0.00    0.00   clock clock (rise edge)
                          0.00    0.00   clock network delay (ideal)
                  0.00    0.00    0.00 ^ multResult_mult.pp_row0_1$_DFF_P_/CLK (DFFHQNx1_ASAP7_75t_R)
     1    0.53   11.05   31.27   31.27 ^ multResult_mult.pp_row0_1$_DFF_P_/QN (DFFHQNx1_ASAP7_75t_R)
                                         _0413_ (net)
                 11.05    0.02   31.29 ^ _5514_/A (INVx1_ASAP7_75t_R)
     1    0.60    6.09    5.71   37.00 v _5514_/Y (INVx1_ASAP7_75t_R)
                                         _2022_ (net)
                  6.09    0.02   37.02 v multResult_mult.final_b_registered[0]$_DFF_P_/D (DFFHQNx1_ASAP7_75t_R)
                                 37.02   data arrival time

                  0.00    0.00    0.00   clock clock (rise edge)
                          0.00    0.00   clock network delay (ideal)
                          0.00    0.00   clock reconvergence pessimism
                                  0.00 ^ multResult_mult.final_b_registered[0]$_DFF_P_/CLK (DFFHQNx1_ASAP7_75t_R)
                          8.64    8.64   library hold time
                                  8.64   data required time
-----------------------------------------------------------------------------
                                  8.64   data required time
                                -37.02   data arrival time
-----------------------------------------------------------------------------
                                 28.38   slack (MET)



==========================================================================
detailed place report_checks -path_delay max
--------------------------------------------------------------------------
Startpoint: op[3]$_DFF_P_ (rising edge-triggered flip-flop clocked by clock)
Endpoint: io_out_REG[0]$_DFF_P_
          (rising edge-triggered flip-flop clocked by clock)
Path Group: clock
Path Type: max

Fanout     Cap    Slew   Delay    Time   Description
-----------------------------------------------------------------------------
                  0.00    0.00    0.00   clock clock (rise edge)
                          0.00    0.00   clock network delay (ideal)
                  0.00    0.00    0.00 ^ op[3]$_DFF_P_/CLK (DFFHQNx1_ASAP7_75t_R)
     5    3.97   30.97   43.27   43.27 v op[3]$_DFF_P_/QN (DFFHQNx1_ASAP7_75t_R)
                                         _0009_ (net)
                 30.97    0.20   43.47 v _5703_/A (NAND2x1_ASAP7_75t_R)
     1    0.85   15.51   15.08   58.55 ^ _5703_/Y (NAND2x1_ASAP7_75t_R)
                                         _2211_ (net)
                 15.51    0.05   58.60 ^ _5707_/C (AND4x1_ASAP7_75t_R)
     1    0.60    9.75   22.29   80.90 ^ _5707_/Y (AND4x1_ASAP7_75t_R)
                                         _2215_ (net)
                  9.75    0.02   80.91 ^ _5710_/A (OR2x2_ASAP7_75t_R)
     4    8.39   30.72   24.07  104.99 ^ _5710_/Y (OR2x2_ASAP7_75t_R)
                                         _2218_ (net)
                 32.48    3.95  108.94 ^ place1770/A (BUFx6f_ASAP7_75t_R)
    10   10.95   15.60   21.46  130.40 ^ place1770/Y (BUFx6f_ASAP7_75t_R)
                                         net1768 (net)
                 15.92    1.21  131.61 ^ _5806_/B (XNOR2x2_ASAP7_75t_R)
     1    1.15    8.02   26.35  157.96 v _5806_/Y (XNOR2x2_ASAP7_75t_R)
                                         _2314_ (net)
                  8.02    0.04  158.00 v extendedResult\\ALU_64_0_64_0_65_unused_CO_X_HAN_CARLSON/_0737_/B (XOR2x2_ASAP7_75t_R)
     1    1.16    7.69   18.97  176.97 v extendedResult\\ALU_64_0_64_0_65_unused_CO_X_HAN_CARLSON/_0737_/Y (XOR2x2_ASAP7_75t_R)
                                         extendedResult\\ALU_64_0_64_0_65_unused_CO_X_HAN_CARLSON/_0295_ (net)
                  7.69    0.06  177.03 v extendedResult\\ALU_64_0_64_0_65_unused_CO_X_HAN_CARLSON/_0598_/B (HAxp5_ASAP7_75t_R)
     5    4.74   82.85   62.66  239.68 v extendedResult\\ALU_64_0_64_0_65_unused_CO_X_HAN_CARLSON/_0598_/SN (HAxp5_ASAP7_75t_R)
                                         extendedResult\\ALU_64_0_64_0_65_unused_CO_X_HAN_CARLSON/_0123_ (net)
                 82.85    0.10  239.78 v extendedResult\\ALU_64_0_64_0_65_unused_CO_X_HAN_CARLSON/_0753_/A (OR4x1_ASAP7_75t_R)
     3    2.98   22.92   45.96  285.74 v extendedResult\\ALU_64_0_64_0_65_unused_CO_X_HAN_CARLSON/_0753_/Y (OR4x1_ASAP7_75t_R)
                                         extendedResult\\ALU_64_0_64_0_65_unused_CO_X_HAN_CARLSON/_0311_ (net)
                 22.93    0.25  285.99 v extendedResult\\ALU_64_0_64_0_65_unused_CO_X_HAN_CARLSON/_0755_/B (NOR2x1_ASAP7_75t_R)
     3    1.97   18.56   14.06  300.04 ^ extendedResult\\ALU_64_0_64_0_65_unused_CO_X_HAN_CARLSON/_0755_/Y (NOR2x1_ASAP7_75t_R)
                                         extendedResult\\ALU_64_0_64_0_65_unused_CO_X_HAN_CARLSON/_0313_ (net)
                 18.56    0.12  300.17 ^ extendedResult\\ALU_64_0_64_0_65_unused_CO_X_HAN_CARLSON/_0807_/A (AND2x2_ASAP7_75t_R)
     2    1.21    7.87   16.72  316.89 ^ extendedResult\\ALU_64_0_64_0_65_unused_CO_X_HAN_CARLSON/_0807_/Y (AND2x2_ASAP7_75t_R)
                                         extendedResult\\ALU_64_0_64_0_65_unused_CO_X_HAN_CARLSON/_0365_ (net)
                  7.87    0.03  316.93 ^ extendedResult\\ALU_64_0_64_0_65_unused_CO_X_HAN_CARLSON/_0808_/B (AND2x2_ASAP7_75t_R)
     1    0.63    5.96   13.98  330.91 ^ extendedResult\\ALU_64_0_64_0_65_unused_CO_X_HAN_CARLSON/_0808_/Y (AND2x2_ASAP7_75t_R)
                                         extendedResult\\ALU_64_0_64_0_65_unused_CO_X_HAN_CARLSON/_0366_ (net)
                  5.96    0.02  330.93 ^ extendedResult\\ALU_64_0_64_0_65_unused_CO_X_HAN_CARLSON/_0809_/B1 (AO221x1_ASAP7_75t_R)
     2    4.17   30.20   27.60  358.52 ^ extendedResult\\ALU_64_0_64_0_65_unused_CO_X_HAN_CARLSON/_0809_/Y (AO221x1_ASAP7_75t_R)
                                         extendedResult\\ALU_64_0_64_0_65_unused_CO_X_HAN_CARLSON/_0367_ (net)
                 30.22    0.61  359.13 ^ extendedResult\\ALU_64_0_64_0_65_unused_CO_X_HAN_CARLSON/_0545_/B (FAx1_ASAP7_75t_R)
     1    1.17   24.89   20.78  379.91 v extendedResult\\ALU_64_0_64_0_65_unused_CO_X_HAN_CARLSON/_0545_/CON (FAx1_ASAP7_75t_R)
                                         extendedResult\\ALU_64_0_64_0_65_unused_CO_X_HAN_CARLSON/_0016_ (net)
     1    0.83   28.68   14.30  394.21 ^ extendedResult\\ALU_64_0_64_0_65_unused_CO_X_HAN_CARLSON/_0545_/SN (FAx1_ASAP7_75t_R)
                                         extendedResult\\ALU_64_0_64_0_65_unused_CO_X_HAN_CARLSON/_0017_ (net)
                 28.68    0.04  394.26 ^ extendedResult\\ALU_64_0_64_0_65_unused_CO_X_HAN_CARLSON/_0972_/A (INVx1_ASAP7_75t_R)
     2    1.53   14.39   11.66  405.91 v extendedResult\\ALU_64_0_64_0_65_unused_CO_X_HAN_CARLSON/_0972_/Y (INVx1_ASAP7_75t_R)
                                         extendedResult[46] (net)
                 14.39    0.09  406.01 v _7092_/C (OR4x1_ASAP7_75t_R)
     1    0.73    9.77   26.71  432.72 v _7092_/Y (OR4x1_ASAP7_75t_R)
                                         _3600_ (net)
                  9.77    0.04  432.76 v _7094_/E (OR5x1_ASAP7_75t_R)
     1    1.52   15.83   35.69  468.45 v _7094_/Y (OR5x1_ASAP7_75t_R)
                                         _3602_ (net)
                 15.84    0.21  468.66 v _7099_/B (OR4x1_ASAP7_75t_R)
     1    1.18   12.34   27.74  496.40 v _7099_/Y (OR4x1_ASAP7_75t_R)
                                         _3607_ (net)
                 12.35    0.13  496.53 v _7114_/D (OR5x1_ASAP7_75t_R)
     3    4.09   30.30   43.75  540.27 v _7114_/Y (OR5x1_ASAP7_75t_R)
                                         _3622_ (net)
                 30.40    1.01  541.28 v place1187/A (BUFx3_ASAP7_75t_R)
     1    1.13    6.16   18.89  560.18 v place1187/Y (BUFx3_ASAP7_75t_R)
                                         net1185 (net)
                  6.16    0.04  560.22 v _7243_/B (NAND2x1_ASAP7_75t_R)
     1    0.83   11.25    6.89  567.11 ^ _7243_/Y (NAND2x1_ASAP7_75t_R)
                                         _3751_ (net)
                 11.25    0.06  567.17 ^ _7244_/A3 (AO32x1_ASAP7_75t_R)
     1    0.66   10.14   17.77  584.94 ^ _7244_/Y (AO32x1_ASAP7_75t_R)
                                         _3752_ (net)
                 10.14    0.03  584.96 ^ _7246_/B1 (AO221x1_ASAP7_75t_R)
     1    0.74    9.92   18.38  603.35 ^ _7246_/Y (AO221x1_ASAP7_75t_R)
                                         _3754_ (net)
                  9.92    0.03  603.38 ^ io_out_REG[0]$_DFF_P_/D (DFFHQNx1_ASAP7_75t_R)
                                603.38   data arrival time

                  0.00  300.00  300.00   clock clock (rise edge)
                          0.00  300.00   clock network delay (ideal)
                          0.00  300.00   clock reconvergence pessimism
                                300.00 ^ io_out_REG[0]$_DFF_P_/CLK (DFFHQNx1_ASAP7_75t_R)
                        -15.43  284.57   library setup time
                                284.57   data required time
-----------------------------------------------------------------------------
                                284.57   data required time
                               -603.38   data arrival time
-----------------------------------------------------------------------------
                               -318.81   slack (VIOLATED)



==========================================================================
detailed place report_checks -unconstrained
--------------------------------------------------------------------------
Startpoint: op[3]$_DFF_P_ (rising edge-triggered flip-flop clocked by clock)
Endpoint: io_out_REG[0]$_DFF_P_
          (rising edge-triggered flip-flop clocked by clock)
Path Group: clock
Path Type: max

Fanout     Cap    Slew   Delay    Time   Description
-----------------------------------------------------------------------------
                  0.00    0.00    0.00   clock clock (rise edge)
                          0.00    0.00   clock network delay (ideal)
                  0.00    0.00    0.00 ^ op[3]$_DFF_P_/CLK (DFFHQNx1_ASAP7_75t_R)
     5    3.97   30.97   43.27   43.27 v op[3]$_DFF_P_/QN (DFFHQNx1_ASAP7_75t_R)
                                         _0009_ (net)
                 30.97    0.20   43.47 v _5703_/A (NAND2x1_ASAP7_75t_R)
     1    0.85   15.51   15.08   58.55 ^ _5703_/Y (NAND2x1_ASAP7_75t_R)
                                         _2211_ (net)
                 15.51    0.05   58.60 ^ _5707_/C (AND4x1_ASAP7_75t_R)
     1    0.60    9.75   22.29   80.90 ^ _5707_/Y (AND4x1_ASAP7_75t_R)
                                         _2215_ (net)
                  9.75    0.02   80.91 ^ _5710_/A (OR2x2_ASAP7_75t_R)
     4    8.39   30.72   24.07  104.99 ^ _5710_/Y (OR2x2_ASAP7_75t_R)
                                         _2218_ (net)
                 32.48    3.95  108.94 ^ place1770/A (BUFx6f_ASAP7_75t_R)
    10   10.95   15.60   21.46  130.40 ^ place1770/Y (BUFx6f_ASAP7_75t_R)
                                         net1768 (net)
                 15.92    1.21  131.61 ^ _5806_/B (XNOR2x2_ASAP7_75t_R)
     1    1.15    8.02   26.35  157.96 v _5806_/Y (XNOR2x2_ASAP7_75t_R)
                                         _2314_ (net)
                  8.02    0.04  158.00 v extendedResult\\ALU_64_0_64_0_65_unused_CO_X_HAN_CARLSON/_0737_/B (XOR2x2_ASAP7_75t_R)
     1    1.16    7.69   18.97  176.97 v extendedResult\\ALU_64_0_64_0_65_unused_CO_X_HAN_CARLSON/_0737_/Y (XOR2x2_ASAP7_75t_R)
                                         extendedResult\\ALU_64_0_64_0_65_unused_CO_X_HAN_CARLSON/_0295_ (net)
                  7.69    0.06  177.03 v extendedResult\\ALU_64_0_64_0_65_unused_CO_X_HAN_CARLSON/_0598_/B (HAxp5_ASAP7_75t_R)
     5    4.74   82.85   62.66  239.68 v extendedResult\\ALU_64_0_64_0_65_unused_CO_X_HAN_CARLSON/_0598_/SN (HAxp5_ASAP7_75t_R)
                                         extendedResult\\ALU_64_0_64_0_65_unused_CO_X_HAN_CARLSON/_0123_ (net)
                 82.85    0.10  239.78 v extendedResult\\ALU_64_0_64_0_65_unused_CO_X_HAN_CARLSON/_0753_/A (OR4x1_ASAP7_75t_R)
     3    2.98   22.92   45.96  285.74 v extendedResult\\ALU_64_0_64_0_65_unused_CO_X_HAN_CARLSON/_0753_/Y (OR4x1_ASAP7_75t_R)
                                         extendedResult\\ALU_64_0_64_0_65_unused_CO_X_HAN_CARLSON/_0311_ (net)
                 22.93    0.25  285.99 v extendedResult\\ALU_64_0_64_0_65_unused_CO_X_HAN_CARLSON/_0755_/B (NOR2x1_ASAP7_75t_R)
     3    1.97   18.56   14.06  300.04 ^ extendedResult\\ALU_64_0_64_0_65_unused_CO_X_HAN_CARLSON/_0755_/Y (NOR2x1_ASAP7_75t_R)
                                         extendedResult\\ALU_64_0_64_0_65_unused_CO_X_HAN_CARLSON/_0313_ (net)
                 18.56    0.12  300.17 ^ extendedResult\\ALU_64_0_64_0_65_unused_CO_X_HAN_CARLSON/_0807_/A (AND2x2_ASAP7_75t_R)
     2    1.21    7.87   16.72  316.89 ^ extendedResult\\ALU_64_0_64_0_65_unused_CO_X_HAN_CARLSON/_0807_/Y (AND2x2_ASAP7_75t_R)
                                         extendedResult\\ALU_64_0_64_0_65_unused_CO_X_HAN_CARLSON/_0365_ (net)
                  7.87    0.03  316.93 ^ extendedResult\\ALU_64_0_64_0_65_unused_CO_X_HAN_CARLSON/_0808_/B (AND2x2_ASAP7_75t_R)
     1    0.63    5.96   13.98  330.91 ^ extendedResult\\ALU_64_0_64_0_65_unused_CO_X_HAN_CARLSON/_0808_/Y (AND2x2_ASAP7_75t_R)
                                         extendedResult\\ALU_64_0_64_0_65_unused_CO_X_HAN_CARLSON/_0366_ (net)
                  5.96    0.02  330.93 ^ extendedResult\\ALU_64_0_64_0_65_unused_CO_X_HAN_CARLSON/_0809_/B1 (AO221x1_ASAP7_75t_R)
     2    4.17   30.20   27.60  358.52 ^ extendedResult\\ALU_64_0_64_0_65_unused_CO_X_HAN_CARLSON/_0809_/Y (AO221x1_ASAP7_75t_R)
                                         extendedResult\\ALU_64_0_64_0_65_unused_CO_X_HAN_CARLSON/_0367_ (net)
                 30.22    0.61  359.13 ^ extendedResult\\ALU_64_0_64_0_65_unused_CO_X_HAN_CARLSON/_0545_/B (FAx1_ASAP7_75t_R)
     1    1.17   24.89   20.78  379.91 v extendedResult\\ALU_64_0_64_0_65_unused_CO_X_HAN_CARLSON/_0545_/CON (FAx1_ASAP7_75t_R)
                                         extendedResult\\ALU_64_0_64_0_65_unused_CO_X_HAN_CARLSON/_0016_ (net)
     1    0.83   28.68   14.30  394.21 ^ extendedResult\\ALU_64_0_64_0_65_unused_CO_X_HAN_CARLSON/_0545_/SN (FAx1_ASAP7_75t_R)
                                         extendedResult\\ALU_64_0_64_0_65_unused_CO_X_HAN_CARLSON/_0017_ (net)
                 28.68    0.04  394.26 ^ extendedResult\\ALU_64_0_64_0_65_unused_CO_X_HAN_CARLSON/_0972_/A (INVx1_ASAP7_75t_R)
     2    1.53   14.39   11.66  405.91 v extendedResult\\ALU_64_0_64_0_65_unused_CO_X_HAN_CARLSON/_0972_/Y (INVx1_ASAP7_75t_R)
                                         extendedResult[46] (net)
                 14.39    0.09  406.01 v _7092_/C (OR4x1_ASAP7_75t_R)
     1    0.73    9.77   26.71  432.72 v _7092_/Y (OR4x1_ASAP7_75t_R)
                                         _3600_ (net)
                  9.77    0.04  432.76 v _7094_/E (OR5x1_ASAP7_75t_R)
     1    1.52   15.83   35.69  468.45 v _7094_/Y (OR5x1_ASAP7_75t_R)
                                         _3602_ (net)
                 15.84    0.21  468.66 v _7099_/B (OR4x1_ASAP7_75t_R)
     1    1.18   12.34   27.74  496.40 v _7099_/Y (OR4x1_ASAP7_75t_R)
                                         _3607_ (net)
                 12.35    0.13  496.53 v _7114_/D (OR5x1_ASAP7_75t_R)
     3    4.09   30.30   43.75  540.27 v _7114_/Y (OR5x1_ASAP7_75t_R)
                                         _3622_ (net)
                 30.40    1.01  541.28 v place1187/A (BUFx3_ASAP7_75t_R)
     1    1.13    6.16   18.89  560.18 v place1187/Y (BUFx3_ASAP7_75t_R)
                                         net1185 (net)
                  6.16    0.04  560.22 v _7243_/B (NAND2x1_ASAP7_75t_R)
     1    0.83   11.25    6.89  567.11 ^ _7243_/Y (NAND2x1_ASAP7_75t_R)
                                         _3751_ (net)
                 11.25    0.06  567.17 ^ _7244_/A3 (AO32x1_ASAP7_75t_R)
     1    0.66   10.14   17.77  584.94 ^ _7244_/Y (AO32x1_ASAP7_75t_R)
                                         _3752_ (net)
                 10.14    0.03  584.96 ^ _7246_/B1 (AO221x1_ASAP7_75t_R)
     1    0.74    9.92   18.38  603.35 ^ _7246_/Y (AO221x1_ASAP7_75t_R)
                                         _3754_ (net)
                  9.92    0.03  603.38 ^ io_out_REG[0]$_DFF_P_/D (DFFHQNx1_ASAP7_75t_R)
                                603.38   data arrival time

                  0.00  300.00  300.00   clock clock (rise edge)
                          0.00  300.00   clock network delay (ideal)
                          0.00  300.00   clock reconvergence pessimism
                                300.00 ^ io_out_REG[0]$_DFF_P_/CLK (DFFHQNx1_ASAP7_75t_R)
                        -15.43  284.57   library setup time
                                284.57   data required time
-----------------------------------------------------------------------------
                                284.57   data required time
                               -603.38   data arrival time
-----------------------------------------------------------------------------
                               -318.81   slack (VIOLATED)



==========================================================================
detailed place report_check_types -max_slew -max_cap -max_fanout -violators
--------------------------------------------------------------------------

==========================================================================
detailed place max_slew_check_slack
--------------------------------------------------------------------------
136.52975463867188

==========================================================================
detailed place max_slew_check_limit
--------------------------------------------------------------------------
320.0

==========================================================================
detailed place max_slew_check_slack_limit
--------------------------------------------------------------------------
0.4267

==========================================================================
detailed place max_fanout_check_slack
--------------------------------------------------------------------------
1.0000000150474662e+30

==========================================================================
detailed place max_fanout_check_limit
--------------------------------------------------------------------------
1.0000000150474662e+30

==========================================================================
detailed place max_capacitance_check_slack
--------------------------------------------------------------------------
18.245832443237305

==========================================================================
detailed place max_capacitance_check_limit
--------------------------------------------------------------------------
23.040000915527344

==========================================================================
detailed place max_capacitance_check_slack_limit
--------------------------------------------------------------------------
0.7919

==========================================================================
detailed place max_slew_violation_count
--------------------------------------------------------------------------
max slew violation count 0

==========================================================================
detailed place max_fanout_violation_count
--------------------------------------------------------------------------
max fanout violation count 0

==========================================================================
detailed place max_cap_violation_count
--------------------------------------------------------------------------
max cap violation count 0

==========================================================================
detailed place setup_violation_count
--------------------------------------------------------------------------
setup violation count 497

==========================================================================
detailed place hold_violation_count
--------------------------------------------------------------------------
hold violation count 0

==========================================================================
detailed place report_checks -path_delay max reg to reg
--------------------------------------------------------------------------
Startpoint: op[3]$_DFF_P_ (rising edge-triggered flip-flop clocked by clock)
Endpoint: io_out_REG[0]$_DFF_P_
          (rising edge-triggered flip-flop clocked by clock)
Path Group: clock
Path Type: max

  Delay    Time   Description
---------------------------------------------------------
   0.00    0.00   clock clock (rise edge)
   0.00    0.00   clock network delay (ideal)
   0.00    0.00 ^ op[3]$_DFF_P_/CLK (DFFHQNx1_ASAP7_75t_R)
  43.27   43.27 v op[3]$_DFF_P_/QN (DFFHQNx1_ASAP7_75t_R)
  15.28   58.55 ^ _5703_/Y (NAND2x1_ASAP7_75t_R)
  22.35   80.90 ^ _5707_/Y (AND4x1_ASAP7_75t_R)
  24.09  104.99 ^ _5710_/Y (OR2x2_ASAP7_75t_R)
  25.41  130.40 ^ place1770/Y (BUFx6f_ASAP7_75t_R)
  27.56  157.96 v _5806_/Y (XNOR2x2_ASAP7_75t_R)
  19.01  176.97 v extendedResult\\ALU_64_0_64_0_65_unused_CO_X_HAN_CARLSON/_0737_/Y (XOR2x2_ASAP7_75t_R)
  62.71  239.68 v extendedResult\\ALU_64_0_64_0_65_unused_CO_X_HAN_CARLSON/_0598_/SN (HAxp5_ASAP7_75t_R)
  46.06  285.74 v extendedResult\\ALU_64_0_64_0_65_unused_CO_X_HAN_CARLSON/_0753_/Y (OR4x1_ASAP7_75t_R)
  14.30  300.04 ^ extendedResult\\ALU_64_0_64_0_65_unused_CO_X_HAN_CARLSON/_0755_/Y (NOR2x1_ASAP7_75t_R)
  16.85  316.89 ^ extendedResult\\ALU_64_0_64_0_65_unused_CO_X_HAN_CARLSON/_0807_/Y (AND2x2_ASAP7_75t_R)
  14.01  330.91 ^ extendedResult\\ALU_64_0_64_0_65_unused_CO_X_HAN_CARLSON/_0808_/Y (AND2x2_ASAP7_75t_R)
  27.62  358.52 ^ extendedResult\\ALU_64_0_64_0_65_unused_CO_X_HAN_CARLSON/_0809_/Y (AO221x1_ASAP7_75t_R)
  21.39  379.91 v extendedResult\\ALU_64_0_64_0_65_unused_CO_X_HAN_CARLSON/_0545_/CON (FAx1_ASAP7_75t_R)
  14.30  394.21 ^ extendedResult\\ALU_64_0_64_0_65_unused_CO_X_HAN_CARLSON/_0545_/SN (FAx1_ASAP7_75t_R)
  11.70  405.91 v extendedResult\\ALU_64_0_64_0_65_unused_CO_X_HAN_CARLSON/_0972_/Y (INVx1_ASAP7_75t_R)
  26.81  432.72 v _7092_/Y (OR4x1_ASAP7_75t_R)
  35.73  468.45 v _7094_/Y (OR5x1_ASAP7_75t_R)
  27.95  496.40 v _7099_/Y (OR4x1_ASAP7_75t_R)
  43.88  540.27 v _7114_/Y (OR5x1_ASAP7_75t_R)
  19.90  560.18 v place1187/Y (BUFx3_ASAP7_75t_R)
   6.93  567.11 ^ _7243_/Y (NAND2x1_ASAP7_75t_R)
  17.83  584.94 ^ _7244_/Y (AO32x1_ASAP7_75t_R)
  18.41  603.35 ^ _7246_/Y (AO221x1_ASAP7_75t_R)
   0.03  603.38 ^ io_out_REG[0]$_DFF_P_/D (DFFHQNx1_ASAP7_75t_R)
         603.38   data arrival time

 300.00  300.00   clock clock (rise edge)
   0.00  300.00   clock network delay (ideal)
   0.00  300.00   clock reconvergence pessimism
         300.00 ^ io_out_REG[0]$_DFF_P_/CLK (DFFHQNx1_ASAP7_75t_R)
 -15.43  284.57   library setup time
         284.57   data required time
---------------------------------------------------------
         284.57   data required time
        -603.38   data arrival time
---------------------------------------------------------
        -318.81   slack (VIOLATED)



==========================================================================
detailed place report_checks -path_delay min reg to reg
--------------------------------------------------------------------------
Startpoint: multResult_mult.pp_row0_1$_DFF_P_
            (rising edge-triggered flip-flop clocked by clock)
Endpoint: multResult_mult.final_b_registered[0]$_DFF_P_
          (rising edge-triggered flip-flop clocked by clock)
Path Group: clock
Path Type: min

  Delay    Time   Description
---------------------------------------------------------
   0.00    0.00   clock clock (rise edge)
   0.00    0.00   clock network delay (ideal)
   0.00    0.00 ^ multResult_mult.pp_row0_1$_DFF_P_/CLK (DFFHQNx1_ASAP7_75t_R)
  31.27   31.27 ^ multResult_mult.pp_row0_1$_DFF_P_/QN (DFFHQNx1_ASAP7_75t_R)
   5.72   37.00 v _5514_/Y (INVx1_ASAP7_75t_R)
   0.02   37.02 v multResult_mult.final_b_registered[0]$_DFF_P_/D (DFFHQNx1_ASAP7_75t_R)
          37.02   data arrival time

   0.00    0.00   clock clock (rise edge)
   0.00    0.00   clock network delay (ideal)
   0.00    0.00   clock reconvergence pessimism
           0.00 ^ multResult_mult.final_b_registered[0]$_DFF_P_/CLK (DFFHQNx1_ASAP7_75t_R)
   8.64    8.64   library hold time
           8.64   data required time
---------------------------------------------------------
           8.64   data required time
         -37.02   data arrival time
---------------------------------------------------------
          28.38   slack (MET)



==========================================================================
detailed place critical path target clock latency max path
--------------------------------------------------------------------------
0.0000

==========================================================================
detailed place critical path target clock latency min path
--------------------------------------------------------------------------
0.0000

==========================================================================
detailed place critical path source clock latency min path
--------------------------------------------------------------------------
0.0000

==========================================================================
detailed place critical path delay
--------------------------------------------------------------------------
603.3804

==========================================================================
detailed place critical path slack
--------------------------------------------------------------------------
-318.8057

==========================================================================
detailed place slack div critical path delay
--------------------------------------------------------------------------
-52.836602

==========================================================================
detailed place report_power
--------------------------------------------------------------------------
Group                  Internal  Switching    Leakage      Total
                          Power      Power      Power      Power (Watts)
----------------------------------------------------------------
Sequential             9.72e-03   4.04e-04   2.07e-07   1.01e-02  19.6%
Combinational          1.64e-02   2.51e-02   7.49e-07   4.15e-02  80.4%
Clock                  0.00e+00   0.00e+00   0.00e+00   0.00e+00   0.0%
Macro                  0.00e+00   0.00e+00   0.00e+00   0.00e+00   0.0%
Pad                    0.00e+00   0.00e+00   0.00e+00   0.00e+00   0.0%
----------------------------------------------------------------
Total                  2.61e-02   2.55e-02   9.56e-07   5.16e-02 100.0%
                          50.6%      49.4%       0.0%
