OpenROAD ee3d65ce03b2656092ed62bf9205c5c11049c575 
Features included (+) or not (-): +GPU +GUI +Python
This program is licensed under the BSD-3 license. See the LICENSE file for details.
Components of this program may be licensed under more restrictive licenses which must be honored.
[INFO ORD-0030] Using 32 thread(s).
source /home/lucast/workspace/OR-flow-TCC/flow/platforms/asap7/liberty_suppressions.tcl
read_liberty /home/lucast/workspace/OR-flow-TCC/flow/platforms/asap7/lib/NLDM/asap7sc7p5t_AO_RVT_FF_nldm_211120.lib.gz
read_liberty /home/lucast/workspace/OR-flow-TCC/flow/platforms/asap7/lib/NLDM/asap7sc7p5t_INVBUF_RVT_FF_nldm_220122.lib.gz
read_liberty /home/lucast/workspace/OR-flow-TCC/flow/platforms/asap7/lib/NLDM/asap7sc7p5t_OA_RVT_FF_nldm_211120.lib.gz
read_liberty /home/lucast/workspace/OR-flow-TCC/flow/platforms/asap7/lib/NLDM/asap7sc7p5t_SIMPLE_RVT_FF_nldm_211120.lib.gz
read_liberty /home/lucast/workspace/OR-flow-TCC/flow/platforms/asap7/lib/NLDM/asap7sc7p5t_SEQ_RVT_FF_nldm_220123.lib
read_liberty /home/lucast/workspace/OR-flow-TCC/flow/platforms/asap7/lib/NLDM/asap7sc7p5t_DFFHQNH2V2X_RVT_TT_nldm_FAKE.lib
read_liberty /home/lucast/workspace/OR-flow-TCC/flow/platforms/asap7/lib/NLDM/asap7sc7p5t_DFFHQNV2X_RVT_TT_nldm_FAKE.lib
read_db ./results/asap7/aes-mbff-tcc-v1/modified_alpha_8-beta_0.1/5_1_grt.odb
source /home/lucast/workspace/OR-flow-TCC/flow/platforms/asap7/setRC.tcl
detailed_route -output_drc ./reports/asap7/aes-mbff-tcc-v1/modified_alpha_8-beta_0.1/5_route_drc.rpt -output_maze ./results/asap7/aes-mbff-tcc-v1/modified_alpha_8-beta_0.1/maze.log -droute_end_iter 64 -verbose 1 -drc_report_iter_step 5
[INFO DRT-0149] Reading tech and libs.

Units:                1000
Number of layers:     21
Number of macros:     230
Number of vias:       14
Number of viarulegen: 11

[INFO DRT-0150] Reading design.

Design:                   aes_cipher_top
Die area:                 ( 0 0 ) ( 68348 68348 )
Number of track patterns: 32
Number of DEF vias:       0
Number of components:     17656
Number of terminals:      390
Number of snets:          2
Number of nets:           17810

[INFO DRT-0167] List of default vias:
  Layer V2
    default via: VIA23
  Layer V3
    default via: VIA34
  Layer V4
    default via: VIA45
  Layer V5
    default via: VIA56
  Layer V6
    default via: VIA67
  Layer V7
    default via: VIA78
  Layer V8
    default via: VIA89
  Layer V9
    default via: VIA9Pad
[INFO DRT-0162] Library cell analysis.
[INFO DRT-0163] Instance analysis.
[INFO DRT-0164] Number of unique instances = 216.
[INFO DRT-0168] Init region query.
[INFO DRT-0024]   Complete Active.
[INFO DRT-0024]   Complete V0.
[INFO DRT-0024]   Complete M1.
[INFO DRT-0024]   Complete V1.
[INFO DRT-0024]   Complete M2.
[INFO DRT-0024]   Complete V2.
[INFO DRT-0024]   Complete M3.
[INFO DRT-0024]   Complete V3.
[INFO DRT-0024]   Complete M4.
[INFO DRT-0024]   Complete V4.
[INFO DRT-0024]   Complete M5.
[INFO DRT-0024]   Complete V5.
[INFO DRT-0024]   Complete M6.
[INFO DRT-0024]   Complete V6.
[INFO DRT-0024]   Complete M7.
[INFO DRT-0024]   Complete V7.
[INFO DRT-0024]   Complete M8.
[INFO DRT-0024]   Complete V8.
[INFO DRT-0024]   Complete M9.
[INFO DRT-0024]   Complete V9.
[INFO DRT-0024]   Complete Pad.
[INFO DRT-0033] Active shape region query size = 0.
[INFO DRT-0033] V0 shape region query size = 0.
[INFO DRT-0033] M1 shape region query size = 258685.
[INFO DRT-0033] V1 shape region query size = 430428.
[INFO DRT-0033] M2 shape region query size = 5317.
[INFO DRT-0033] V2 shape region query size = 8830.
[INFO DRT-0033] M3 shape region query size = 8699.
[INFO DRT-0033] V3 shape region query size = 5712.
[INFO DRT-0033] M4 shape region query size = 5935.
[INFO DRT-0033] V4 shape region query size = 5712.
[INFO DRT-0033] M5 shape region query size = 3333.
[INFO DRT-0033] V5 shape region query size = 576.
[INFO DRT-0033] M6 shape region query size = 336.
[INFO DRT-0033] V6 shape region query size = 0.
[INFO DRT-0033] M7 shape region query size = 0.
[INFO DRT-0033] V7 shape region query size = 0.
[INFO DRT-0033] M8 shape region query size = 0.
[INFO DRT-0033] V8 shape region query size = 0.
[INFO DRT-0033] M9 shape region query size = 0.
[INFO DRT-0033] V9 shape region query size = 0.
[INFO DRT-0033] Pad shape region query size = 0.
[INFO DRT-0165] Start pin access.
[INFO DRT-0076]   Complete 1000 pins.
[INFO DRT-0078]   Complete 1250 pins.
[INFO DRT-0079]   Complete 100 unique inst patterns.
[INFO DRT-0079]   Complete 200 unique inst patterns.
[INFO DRT-0081]   Complete 216 unique inst patterns.
[INFO DRT-0082]   Complete 10000 groups.
[INFO DRT-0084]   Complete 10279 groups.
#scanned instances     = 17656
#unique  instances     = 216
#stdCellGenAp          = 8320
#stdCellValidPlanarAp  = 49
#stdCellValidViaAp     = 5763
#stdCellPinNoAp        = 0
#stdCellPinCnt         = 54498
#instTermValidViaApCnt = 0
#macroGenAp            = 0
#macroValidPlanarAp    = 0
#macroValidViaAp       = 0
#macroNoAp             = 0
[INFO DRT-0166] Complete pin access.
[INFO DRT-0267] cpu time = 00:06:07, elapsed time = 00:00:15, memory = 451.03 (MB), peak = 446.82 (MB)
[INFO DRT-0156] guideIn read 100000 guides.

[INFO DRT-0157] Number of guides:     140176

[INFO DRT-0169] Post process guides.
[INFO DRT-0176] GCELLGRID X 0 DO 119 STEP 570 ;
[INFO DRT-0177] GCELLGRID Y 0 DO 119 STEP 570 ;
[INFO DRT-0026]   Complete 100000 origin guides.
[INFO DRT-0028]   Complete Active.
[INFO DRT-0028]   Complete V0.
[INFO DRT-0028]   Complete M1.
[INFO DRT-0028]   Complete V1.
[INFO DRT-0028]   Complete M2.
[INFO DRT-0028]   Complete V2.
[INFO DRT-0028]   Complete M3.
[INFO DRT-0028]   Complete V3.
[INFO DRT-0028]   Complete M4.
[INFO DRT-0028]   Complete V4.
[INFO DRT-0028]   Complete M5.
[INFO DRT-0028]   Complete V5.
[INFO DRT-0028]   Complete M6.
[INFO DRT-0028]   Complete V6.
[INFO DRT-0028]   Complete M7.
[INFO DRT-0028]   Complete V7.
[INFO DRT-0028]   Complete M8.
[INFO DRT-0028]   Complete V8.
[INFO DRT-0028]   Complete M9.
[INFO DRT-0028]   Complete V9.
[INFO DRT-0028]   Complete Pad.
[INFO DRT-0178] Init guide query.
[INFO DRT-0035]   Complete Active (guide).
[INFO DRT-0035]   Complete V0 (guide).
[INFO DRT-0035]   Complete M1 (guide).
[INFO DRT-0035]   Complete V1 (guide).
[INFO DRT-0035]   Complete M2 (guide).
[INFO DRT-0035]   Complete V2 (guide).
[INFO DRT-0035]   Complete M3 (guide).
[INFO DRT-0035]   Complete V3 (guide).
[INFO DRT-0035]   Complete M4 (guide).
[INFO DRT-0035]   Complete V4 (guide).
[INFO DRT-0035]   Complete M5 (guide).
[INFO DRT-0035]   Complete V5 (guide).
[INFO DRT-0035]   Complete M6 (guide).
[INFO DRT-0035]   Complete V6 (guide).
[INFO DRT-0035]   Complete M7 (guide).
[INFO DRT-0035]   Complete V7 (guide).
[INFO DRT-0035]   Complete M8 (guide).
[INFO DRT-0035]   Complete V8 (guide).
[INFO DRT-0035]   Complete M9 (guide).
[INFO DRT-0035]   Complete V9 (guide).
[INFO DRT-0035]   Complete Pad (guide).
[INFO DRT-0036] Active guide region query size = 0.
[INFO DRT-0036] V0 guide region query size = 0.
[INFO DRT-0036] M1 guide region query size = 47040.
[INFO DRT-0036] V1 guide region query size = 0.
[INFO DRT-0036] M2 guide region query size = 41425.
[INFO DRT-0036] V2 guide region query size = 0.
[INFO DRT-0036] M3 guide region query size = 21940.
[INFO DRT-0036] V3 guide region query size = 0.
[INFO DRT-0036] M4 guide region query size = 1832.
[INFO DRT-0036] V4 guide region query size = 0.
[INFO DRT-0036] M5 guide region query size = 529.
[INFO DRT-0036] V5 guide region query size = 0.
[INFO DRT-0036] M6 guide region query size = 35.
[INFO DRT-0036] V6 guide region query size = 0.
[INFO DRT-0036] M7 guide region query size = 14.
[INFO DRT-0036] V7 guide region query size = 0.
[INFO DRT-0036] M8 guide region query size = 0.
[INFO DRT-0036] V8 guide region query size = 0.
[INFO DRT-0036] M9 guide region query size = 0.
[INFO DRT-0036] V9 guide region query size = 0.
[INFO DRT-0036] Pad guide region query size = 0.
[INFO DRT-0179] Init gr pin query.
[INFO DRT-0267] cpu time = 00:00:00, elapsed time = 00:00:00, memory = 491.62 (MB), peak = 487.57 (MB)
[INFO DRT-0245] skipped writing guide updates to database.
[INFO DRT-0185] Post process initialize RPin region query.
[INFO DRT-0181] Start track assignment.
[INFO DRT-0184] Done with 69523 vertical wires in 3 frboxes and 43292 horizontal wires in 3 frboxes.
[INFO DRT-0186] Done with 8922 vertical wires in 3 frboxes and 13333 horizontal wires in 3 frboxes.
[INFO DRT-0182] Complete track assignment.
[INFO DRT-0267] cpu time = 00:00:04, elapsed time = 00:00:02, memory = 754.19 (MB), peak = 786.26 (MB)
[INFO DRT-0187] Start routing data preparation.
[INFO DRT-0267] cpu time = 00:00:00, elapsed time = 00:00:00, memory = 754.25 (MB), peak = 786.26 (MB)
[INFO DRT-0194] Start detail routing.
[INFO DRT-0195] Start 0th optimization iteration.
    Completing 10% with 0 violations.
    elapsed time = 00:00:02, memory = 7503.29 (MB).
    Completing 20% with 0 violations.
    elapsed time = 00:00:03, memory = 6771.70 (MB).
    Completing 30% with 401 violations.
    elapsed time = 00:00:06, memory = 8291.33 (MB).
    Completing 40% with 401 violations.
    elapsed time = 00:00:09, memory = 8651.36 (MB).
    Completing 50% with 401 violations.
    elapsed time = 00:00:11, memory = 5133.34 (MB).
    Completing 60% with 814 violations.
    elapsed time = 00:00:16, memory = 9809.19 (MB).
    Completing 70% with 814 violations.
    elapsed time = 00:00:18, memory = 8519.20 (MB).
    Completing 80% with 1158 violations.
    elapsed time = 00:00:22, memory = 10471.44 (MB).
    Completing 90% with 1158 violations.
    elapsed time = 00:00:27, memory = 10460.17 (MB).
    Completing 100% with 1403 violations.
    elapsed time = 00:00:31, memory = 4837.31 (MB).
[INFO DRT-0199]   Number of violations = 2219.
Viol/Layer          M1     M2     V2     M3     V3     M4     V4     M5
CutSpcTbl            0      0      0      0     16      0     10      0
EOL                  0    100      0     26      0     11      0      0
Metal Spacing       46     67      0    200      0      5      0      0
Recheck              0    482      0    266      0     58      0     10
Short                0    244      5     48      2      2      0     11
eolKeepOut           0    495      0     82      0     33      0      0
[INFO DRT-0267] cpu time = 00:12:12, elapsed time = 00:00:32, memory = 5260.87 (MB), peak = 11381.67 (MB)
Total wire length = 65811 um.
Total wire length on LAYER M1 = 0 um.
Total wire length on LAYER M2 = 19611 um.
Total wire length on LAYER M3 = 29137 um.
Total wire length on LAYER M4 = 13422 um.
Total wire length on LAYER M5 = 3276 um.
Total wire length on LAYER M6 = 235 um.
Total wire length on LAYER M7 = 128 um.
Total wire length on LAYER M8 = 0 um.
Total wire length on LAYER M9 = 0 um.
Total wire length on LAYER Pad = 0 um.
Total number of vias = 163134.
Up-via summary (total 163134):

-----------------
 Active         0
     M1     54247
     M2     90893
     M3     16239
     M4      1662
     M5        64
     M6        29
     M7         0
     M8         0
     M9         0
-----------------
       163134


[INFO DRT-0195] Start 1st optimization iteration.
    Completing 10% with 2219 violations.
    elapsed time = 00:00:04, memory = 12001.58 (MB).
    Completing 20% with 2219 violations.
    elapsed time = 00:00:06, memory = 9103.51 (MB).
    Completing 30% with 1653 violations.
    elapsed time = 00:00:10, memory = 11745.18 (MB).
    Completing 40% with 1653 violations.
    elapsed time = 00:00:14, memory = 11841.86 (MB).
    Completing 50% with 1653 violations.
    elapsed time = 00:00:17, memory = 5766.32 (MB).
    Completing 60% with 1172 violations.
    elapsed time = 00:00:23, memory = 12137.32 (MB).
    Completing 70% with 1172 violations.
    elapsed time = 00:00:24, memory = 9366.16 (MB).
    Completing 80% with 615 violations.
    elapsed time = 00:00:30, memory = 12333.49 (MB).
    Completing 90% with 615 violations.
    elapsed time = 00:00:32, memory = 12206.73 (MB).
    Completing 100% with 172 violations.
    elapsed time = 00:00:36, memory = 5937.28 (MB).
[INFO DRT-0199]   Number of violations = 172.
Viol/Layer          M1     M2     M3     V3     M4     V4
CutSpcTbl            0      0      0      3      0      5
EOL                  0      8      1      0      1      0
Metal Spacing       23      5     64      0      0      0
Rect Only            0      4      0      0      0      0
Short                0      3     14      0      0      0
eolKeepOut           0     33      5      0      3      0
[INFO DRT-0267] cpu time = 00:14:16, elapsed time = 00:00:36, memory = 5943.28 (MB), peak = 12756.86 (MB)
Total wire length = 65255 um.
Total wire length on LAYER M1 = 0 um.
Total wire length on LAYER M2 = 18722 um.
Total wire length on LAYER M3 = 28914 um.
Total wire length on LAYER M4 = 13962 um.
Total wire length on LAYER M5 = 3288 um.
Total wire length on LAYER M6 = 240 um.
Total wire length on LAYER M7 = 126 um.
Total wire length on LAYER M8 = 0 um.
Total wire length on LAYER M9 = 0 um.
Total wire length on LAYER Pad = 0 um.
Total number of vias = 158243.
Up-via summary (total 158243):

-----------------
 Active         0
     M1     54224
     M2     86485
     M3     15680
     M4      1753
     M5        71
     M6        30
     M7         0
     M8         0
     M9         0
-----------------
       158243


[INFO DRT-0195] Start 2nd optimization iteration.
    Completing 10% with 172 violations.
    elapsed time = 00:00:00, memory = 5943.28 (MB).
    Completing 20% with 172 violations.
    elapsed time = 00:00:03, memory = 9373.49 (MB).
    Completing 30% with 127 violations.
    elapsed time = 00:00:05, memory = 5943.28 (MB).
    Completing 40% with 127 violations.
    elapsed time = 00:00:05, memory = 5957.03 (MB).
    Completing 50% with 127 violations.
    elapsed time = 00:00:10, memory = 5944.00 (MB).
    Completing 60% with 118 violations.
    elapsed time = 00:00:11, memory = 5944.00 (MB).
    Completing 70% with 118 violations.
    elapsed time = 00:00:13, memory = 9297.56 (MB).
    Completing 80% with 78 violations.
    elapsed time = 00:00:16, memory = 5944.00 (MB).
    Completing 90% with 78 violations.
    elapsed time = 00:00:16, memory = 5944.00 (MB).
    Completing 100% with 68 violations.
    elapsed time = 00:00:20, memory = 5944.00 (MB).
[INFO DRT-0199]   Number of violations = 72.
Viol/Layer          M1     M2     M3     V3     M4     V4
CutSpcTbl            0      0      0      1      0      2
EOL                  0      5      0      0      0      0
Metal Spacing        6      0     32      0      0      0
Recheck              0      3      1      0      0      0
Short                0      2      3      0      1      0
eolKeepOut           0     15      1      0      0      0
[INFO DRT-0267] cpu time = 00:04:54, elapsed time = 00:00:20, memory = 5947.00 (MB), peak = 12756.86 (MB)
Total wire length = 65192 um.
Total wire length on LAYER M1 = 0 um.
Total wire length on LAYER M2 = 18623 um.
Total wire length on LAYER M3 = 28910 um.
Total wire length on LAYER M4 = 13983 um.
Total wire length on LAYER M5 = 3304 um.
Total wire length on LAYER M6 = 242 um.
Total wire length on LAYER M7 = 126 um.
Total wire length on LAYER M8 = 0 um.
Total wire length on LAYER M9 = 0 um.
Total wire length on LAYER Pad = 0 um.
Total number of vias = 157689.
Up-via summary (total 157689):

-----------------
 Active         0
     M1     54221
     M2     85995
     M3     15582
     M4      1780
     M5        80
     M6        31
     M7         0
     M8         0
     M9         0
-----------------
       157689


[INFO DRT-0195] Start 3rd guides tiles iteration.
    Completing 10% with 72 violations.
    elapsed time = 00:00:00, memory = 6585.62 (MB).
    Completing 20% with 72 violations.
    elapsed time = 00:00:00, memory = 5947.00 (MB).
    Completing 30% with 50 violations.
    elapsed time = 00:00:01, memory = 5947.00 (MB).
    Completing 40% with 50 violations.
    elapsed time = 00:00:02, memory = 6303.09 (MB).
    Completing 50% with 40 violations.
    elapsed time = 00:00:02, memory = 6487.25 (MB).
    Completing 60% with 34 violations.
    elapsed time = 00:00:03, memory = 5947.00 (MB).
    Completing 70% with 14 violations.
    elapsed time = 00:00:05, memory = 6169.16 (MB).
    Completing 80% with 11 violations.
    elapsed time = 00:00:06, memory = 5947.00 (MB).
    Completing 90% with 2 violations.
    elapsed time = 00:00:09, memory = 5947.00 (MB).
    Completing 100% with 2 violations.
    elapsed time = 00:00:09, memory = 5947.00 (MB).
[INFO DRT-0199]   Number of violations = 2.
Viol/Layer          M1     M3
Metal Spacing        1      1
[INFO DRT-0267] cpu time = 00:00:29, elapsed time = 00:00:10, memory = 5947.00 (MB), peak = 12756.86 (MB)
Total wire length = 65198 um.
Total wire length on LAYER M1 = 0 um.
Total wire length on LAYER M2 = 18599 um.
Total wire length on LAYER M3 = 28897 um.
Total wire length on LAYER M4 = 14003 um.
Total wire length on LAYER M5 = 3319 um.
Total wire length on LAYER M6 = 252 um.
Total wire length on LAYER M7 = 126 um.
Total wire length on LAYER M8 = 0 um.
Total wire length on LAYER M9 = 0 um.
Total wire length on LAYER Pad = 0 um.
Total number of vias = 157745.
Up-via summary (total 157745):

-----------------
 Active         0
     M1     54221
     M2     85974
     M3     15634
     M4      1799
     M5        86
     M6        31
     M7         0
     M8         0
     M9         0
-----------------
       157745


[INFO DRT-0195] Start 4th guides tiles iteration.
    Completing 30% with 2 violations.
    elapsed time = 00:00:00, memory = 6093.19 (MB).
    Completing 60% with 2 violations.
    elapsed time = 00:00:00, memory = 5947.00 (MB).
    Completing 100% with 2 violations.
    elapsed time = 00:00:01, memory = 5947.00 (MB).
[INFO DRT-0199]   Number of violations = 2.
Viol/Layer          M1     M3
Metal Spacing        1      1
[INFO DRT-0267] cpu time = 00:00:02, elapsed time = 00:00:01, memory = 5947.00 (MB), peak = 12756.86 (MB)
Total wire length = 65198 um.
Total wire length on LAYER M1 = 0 um.
Total wire length on LAYER M2 = 18599 um.
Total wire length on LAYER M3 = 28897 um.
Total wire length on LAYER M4 = 14003 um.
Total wire length on LAYER M5 = 3319 um.
Total wire length on LAYER M6 = 252 um.
Total wire length on LAYER M7 = 126 um.
Total wire length on LAYER M8 = 0 um.
Total wire length on LAYER M9 = 0 um.
Total wire length on LAYER Pad = 0 um.
Total number of vias = 157745.
Up-via summary (total 157745):

-----------------
 Active         0
     M1     54221
     M2     85974
     M3     15634
     M4      1799
     M5        86
     M6        31
     M7         0
     M8         0
     M9         0
-----------------
       157745


[INFO DRT-0195] Start 5th stubborn tiles iteration.
    Completing 10% with 2 violations.
    elapsed time = 00:00:02, memory = 11512.53 (MB).
    Completing 20% with 2 violations.
    elapsed time = 00:00:02, memory = 11560.73 (MB).
    Completing 30% with 2 violations.
    elapsed time = 00:00:04, memory = 12897.11 (MB).
    Completing 40% with 2 violations.
    elapsed time = 00:00:05, memory = 12579.62 (MB).
    Completing 50% with 2 violations.
    elapsed time = 00:00:05, memory = 11077.80 (MB).
    Completing 60% with 2 violations.
    elapsed time = 00:00:05, memory = 10077.19 (MB).
    Completing 70% with 2 violations.
    elapsed time = 00:00:06, memory = 13391.34 (MB).
    Completing 80% with 2 violations.
    elapsed time = 00:00:07, memory = 11553.92 (MB).
    Completing 90% with 2 violations.
    elapsed time = 00:00:07, memory = 9521.48 (MB).
    Completing 100% with 0 violations.
    elapsed time = 00:00:09, memory = 7658.39 (MB).
[INFO DRT-0199]   Number of violations = 0.
[INFO DRT-0267] cpu time = 00:03:49, elapsed time = 00:00:09, memory = 7659.52 (MB), peak = 14396.11 (MB)
Total wire length = 65197 um.
Total wire length on LAYER M1 = 0 um.
Total wire length on LAYER M2 = 18598 um.
Total wire length on LAYER M3 = 28897 um.
Total wire length on LAYER M4 = 14003 um.
Total wire length on LAYER M5 = 3319 um.
Total wire length on LAYER M6 = 252 um.
Total wire length on LAYER M7 = 126 um.
Total wire length on LAYER M8 = 0 um.
Total wire length on LAYER M9 = 0 um.
Total wire length on LAYER Pad = 0 um.
Total number of vias = 157740.
Up-via summary (total 157740):

-----------------
 Active         0
     M1     54221
     M2     85972
     M3     15631
     M4      1799
     M5        86
     M6        31
     M7         0
     M8         0
     M9         0
-----------------
       157740


[INFO DRT-0198] Complete detail routing.
Total wire length = 65197 um.
Total wire length on LAYER M1 = 0 um.
Total wire length on LAYER M2 = 18598 um.
Total wire length on LAYER M3 = 28897 um.
Total wire length on LAYER M4 = 14003 um.
Total wire length on LAYER M5 = 3319 um.
Total wire length on LAYER M6 = 252 um.
Total wire length on LAYER M7 = 126 um.
Total wire length on LAYER M8 = 0 um.
Total wire length on LAYER M9 = 0 um.
Total wire length on LAYER Pad = 0 um.
Total number of vias = 157740.
Up-via summary (total 157740):

-----------------
 Active         0
     M1     54221
     M2     85972
     M3     15631
     M4      1799
     M5        86
     M6        31
     M7         0
     M8         0
     M9         0
-----------------
       157740


[INFO DRT-0267] cpu time = 00:35:45, elapsed time = 00:01:50, memory = 7659.52 (MB), peak = 14396.11 (MB)

[INFO DRT-0180] Post processing.
Took 129 seconds: detailed_route -output_drc ./reports/asap7/aes-mbff-tcc-v1/modified_alpha_8-beta_0.1/5_route_drc.rpt -output_maze ./results/asap7/aes-mbff-tcc-v1/modified_alpha_8-beta_0.1/maze.log -droute_end_iter 64 -verbose 1 -drc_report_iter_step 5
[WARNING GRT-0246] No diode with LEF class CORE ANTENNACELL found.
[INFO ANT-0002] Found 0 net violations.
[INFO ANT-0001] Found 0 pin violations.
[INFO ANT-0002] Found 0 net violations.
[INFO ANT-0001] Found 0 pin violations.
write_db ./results/asap7/aes-mbff-tcc-v1/modified_alpha_8-beta_0.1/5_2_route.odb
Elapsed time: 2:11.36[h:]min:sec. CPU time: user 2441.92 sys 100.66 (1935%). Peak memory: 14741620KB.
Log                        Elapsed/s Peak Memory/MB  sha1sum .odb [0:20)
5_2_route                        131          14396 d188263d933c85c3e66d
