
==========================================================================
global place report_tns
--------------------------------------------------------------------------
tns max -5310.03

==========================================================================
global place report_wns
--------------------------------------------------------------------------
wns max -64.14

==========================================================================
global place report_worst_slack
--------------------------------------------------------------------------
worst slack max -64.14

==========================================================================
global place report_clock_min_period
--------------------------------------------------------------------------
clk period_min = 444.14 fmax = 2251.54

==========================================================================
global place report_checks -path_delay min
--------------------------------------------------------------------------
Startpoint: dcnt[3]$_SDFFE_PN0P_
            (rising edge-triggered flip-flop clocked by clk)
Endpoint: dcnt[3]$_SDFFE_PN0P_ (rising edge-triggered flip-flop clocked by clk)
Path Group: clk
Path Type: min

Fanout     Cap    Slew   Delay    Time   Description
-----------------------------------------------------------------------------
                  0.00    0.00    0.00   clock clk (rise edge)
                          0.00    0.00   clock network delay (ideal)
                  0.00    0.00    0.00 ^ dcnt[3]$_SDFFE_PN0P_/CLK (DFFHQNx1_ASAP7_75t_R)
     2    1.13   15.09   34.09   34.09 ^ dcnt[3]$_SDFFE_PN0P_/QN (DFFHQNx1_ASAP7_75t_R)
                                         _00413_ (net)
                 15.09    0.04   34.13 ^ _30044_/B (AO21x1_ASAP7_75t_R)
     1    1.09    8.99   13.35   47.48 ^ _30044_/Y (AO21x1_ASAP7_75t_R)
                                         _07437_ (net)
                  8.99    0.05   47.53 ^ _30045_/A2 (AOI21x1_ASAP7_75t_R)
     1    0.57    6.25    6.41   53.94 v _30045_/Y (AOI21x1_ASAP7_75t_R)
                                         _01555_ (net)
                  6.25    0.02   53.96 v dcnt[3]$_SDFFE_PN0P_/D (DFFHQNx1_ASAP7_75t_R)
                                 53.96   data arrival time

                  0.00    0.00    0.00   clock clk (rise edge)
                          0.00    0.00   clock network delay (ideal)
                          0.00    0.00   clock reconvergence pessimism
                                  0.00 ^ dcnt[3]$_SDFFE_PN0P_/CLK (DFFHQNx1_ASAP7_75t_R)
                          8.63    8.63   library hold time
                                  8.63   data required time
-----------------------------------------------------------------------------
                                  8.63   data required time
                                -53.96   data arrival time
-----------------------------------------------------------------------------
                                 45.33   slack (MET)



==========================================================================
global place report_checks -path_delay max
--------------------------------------------------------------------------
Startpoint: _tray_size2_1024 (rising edge-triggered flip-flop clocked by clk)
Endpoint: _tray_size4_1051 (rising edge-triggered flip-flop clocked by clk)
Path Group: clk
Path Type: max

Fanout     Cap    Slew   Delay    Time   Description
-----------------------------------------------------------------------------
                  0.00    0.00    0.00   clock clk (rise edge)
                          0.00    0.00   clock network delay (ideal)
                  0.00    0.00    0.00 ^ _tray_size2_1024/CLK (DFFHQNV2Xx1_ASAP7_75t_R)
     1    7.61   80.82   77.13   77.13 ^ _tray_size2_1024/QN0 (DFFHQNV2Xx1_ASAP7_75t_R)
                                         _00469_ (net)
                 81.94    5.33   82.47 ^ _15756_/B (XOR2x2_ASAP7_75t_R)
     2    2.80   14.20   41.83  124.30 ^ _15756_/Y (XOR2x2_ASAP7_75t_R)
                                         _07640_ (net)
                 14.24    0.40  124.70 ^ _15758_/A (XOR2x2_ASAP7_75t_R)
     2    1.78   10.03   26.66  151.36 ^ _15758_/Y (XOR2x2_ASAP7_75t_R)
                                         _07642_ (net)
                 10.03    0.06  151.42 ^ _15760_/B (XOR2x2_ASAP7_75t_R)
     3    6.81   26.91   32.68  184.10 ^ _15760_/Y (XOR2x2_ASAP7_75t_R)
                                         _07644_ (net)
                 28.42    3.41  187.51 ^ _15768_/A (XOR2x2_ASAP7_75t_R)
     1    1.84   10.76   26.38  213.90 v _15768_/Y (XOR2x2_ASAP7_75t_R)
                                         _07651_ (net)
                 10.77    0.21  214.11 v _15769_/A1 (AOI21x1_ASAP7_75t_R)
     2    2.00   21.71   11.65  225.76 ^ _15769_/Y (AOI21x1_ASAP7_75t_R)
                                         _01236_ (net)
                 21.71    0.14  225.90 ^ place4991/A (BUFx3_ASAP7_75t_R)
    15   17.81   40.77   30.84  256.73 ^ place4991/Y (BUFx3_ASAP7_75t_R)
                                         net4991 (net)
                 40.92    1.45  258.18 ^ _30265_/A (HAxp5_ASAP7_75t_R)
     2    2.18   32.27   21.11  279.29 v _30265_/CON (HAxp5_ASAP7_75t_R)
                                         _01252_ (net)
                 32.27    0.10  279.39 v _24105_/A (INVx1_ASAP7_75t_R)
     2    1.46   16.84   13.96  293.35 ^ _24105_/Y (INVx1_ASAP7_75t_R)
                                         _02061_ (net)
                 16.84    0.06  293.40 ^ _24106_/B (AND2x2_ASAP7_75t_R)
     2    1.43    8.70   17.81  311.21 ^ _24106_/Y (AND2x2_ASAP7_75t_R)
                                         _02062_ (net)
                  8.70    0.04  311.25 ^ _24185_/A (INVx1_ASAP7_75t_R)
     8    8.75   47.73   23.67  334.92 v _24185_/Y (INVx1_ASAP7_75t_R)
                                         _02140_ (net)
                 47.73    0.15  335.07 v _24289_/A1 (AO21x1_ASAP7_75t_R)
     3    3.03   19.21   30.49  365.56 v _24289_/Y (AO21x1_ASAP7_75t_R)
                                         _02243_ (net)
                 19.21    0.06  365.63 v _24433_/A1 (AOI21x1_ASAP7_75t_R)
     1    1.80   20.61   12.72  378.35 ^ _24433_/Y (AOI21x1_ASAP7_75t_R)
                                         _02385_ (net)
                 20.61    0.20  378.55 ^ _24437_/A1 (OAI21x1_ASAP7_75t_R)
     1    1.11   16.65    8.65  387.19 v _24437_/Y (OAI21x1_ASAP7_75t_R)
                                         _02389_ (net)
                 16.65    0.03  387.23 v _24438_/A2 (AOI21x1_ASAP7_75t_R)
     1    2.44   21.58   14.63  401.85 ^ _24438_/Y (AOI21x1_ASAP7_75t_R)
                                         _02390_ (net)
                 21.61    0.46  402.31 ^ _24439_/A1 (OAI21x1_ASAP7_75t_R)
     1    1.13   15.12    8.80  411.11 v _24439_/Y (OAI21x1_ASAP7_75t_R)
                                         _02391_ (net)
                 15.12    0.04  411.15 v _24440_/B (NAND2x1_ASAP7_75t_R)
     1    1.62   15.17   11.88  423.03 ^ _24440_/Y (NAND2x1_ASAP7_75t_R)
                                         _00010_ (net)
                 15.18    0.25  423.28 ^ _tray_size4_1051/D1 (DFFHQNH2V2Xx1_ASAP7_75t_R)
                                423.28   data arrival time

                  0.00  380.00  380.00   clock clk (rise edge)
                          0.00  380.00   clock network delay (ideal)
                          0.00  380.00   clock reconvergence pessimism
                                380.00 ^ _tray_size4_1051/CLK (DFFHQNH2V2Xx1_ASAP7_75t_R)
                        -20.86  359.14   library setup time
                                359.14   data required time
-----------------------------------------------------------------------------
                                359.14   data required time
                               -423.28   data arrival time
-----------------------------------------------------------------------------
                                -64.14   slack (VIOLATED)



==========================================================================
global place report_checks -unconstrained
--------------------------------------------------------------------------
Startpoint: _tray_size2_1024 (rising edge-triggered flip-flop clocked by clk)
Endpoint: _tray_size4_1051 (rising edge-triggered flip-flop clocked by clk)
Path Group: clk
Path Type: max

Fanout     Cap    Slew   Delay    Time   Description
-----------------------------------------------------------------------------
                  0.00    0.00    0.00   clock clk (rise edge)
                          0.00    0.00   clock network delay (ideal)
                  0.00    0.00    0.00 ^ _tray_size2_1024/CLK (DFFHQNV2Xx1_ASAP7_75t_R)
     1    7.61   80.82   77.13   77.13 ^ _tray_size2_1024/QN0 (DFFHQNV2Xx1_ASAP7_75t_R)
                                         _00469_ (net)
                 81.94    5.33   82.47 ^ _15756_/B (XOR2x2_ASAP7_75t_R)
     2    2.80   14.20   41.83  124.30 ^ _15756_/Y (XOR2x2_ASAP7_75t_R)
                                         _07640_ (net)
                 14.24    0.40  124.70 ^ _15758_/A (XOR2x2_ASAP7_75t_R)
     2    1.78   10.03   26.66  151.36 ^ _15758_/Y (XOR2x2_ASAP7_75t_R)
                                         _07642_ (net)
                 10.03    0.06  151.42 ^ _15760_/B (XOR2x2_ASAP7_75t_R)
     3    6.81   26.91   32.68  184.10 ^ _15760_/Y (XOR2x2_ASAP7_75t_R)
                                         _07644_ (net)
                 28.42    3.41  187.51 ^ _15768_/A (XOR2x2_ASAP7_75t_R)
     1    1.84   10.76   26.38  213.90 v _15768_/Y (XOR2x2_ASAP7_75t_R)
                                         _07651_ (net)
                 10.77    0.21  214.11 v _15769_/A1 (AOI21x1_ASAP7_75t_R)
     2    2.00   21.71   11.65  225.76 ^ _15769_/Y (AOI21x1_ASAP7_75t_R)
                                         _01236_ (net)
                 21.71    0.14  225.90 ^ place4991/A (BUFx3_ASAP7_75t_R)
    15   17.81   40.77   30.84  256.73 ^ place4991/Y (BUFx3_ASAP7_75t_R)
                                         net4991 (net)
                 40.92    1.45  258.18 ^ _30265_/A (HAxp5_ASAP7_75t_R)
     2    2.18   32.27   21.11  279.29 v _30265_/CON (HAxp5_ASAP7_75t_R)
                                         _01252_ (net)
                 32.27    0.10  279.39 v _24105_/A (INVx1_ASAP7_75t_R)
     2    1.46   16.84   13.96  293.35 ^ _24105_/Y (INVx1_ASAP7_75t_R)
                                         _02061_ (net)
                 16.84    0.06  293.40 ^ _24106_/B (AND2x2_ASAP7_75t_R)
     2    1.43    8.70   17.81  311.21 ^ _24106_/Y (AND2x2_ASAP7_75t_R)
                                         _02062_ (net)
                  8.70    0.04  311.25 ^ _24185_/A (INVx1_ASAP7_75t_R)
     8    8.75   47.73   23.67  334.92 v _24185_/Y (INVx1_ASAP7_75t_R)
                                         _02140_ (net)
                 47.73    0.15  335.07 v _24289_/A1 (AO21x1_ASAP7_75t_R)
     3    3.03   19.21   30.49  365.56 v _24289_/Y (AO21x1_ASAP7_75t_R)
                                         _02243_ (net)
                 19.21    0.06  365.63 v _24433_/A1 (AOI21x1_ASAP7_75t_R)
     1    1.80   20.61   12.72  378.35 ^ _24433_/Y (AOI21x1_ASAP7_75t_R)
                                         _02385_ (net)
                 20.61    0.20  378.55 ^ _24437_/A1 (OAI21x1_ASAP7_75t_R)
     1    1.11   16.65    8.65  387.19 v _24437_/Y (OAI21x1_ASAP7_75t_R)
                                         _02389_ (net)
                 16.65    0.03  387.23 v _24438_/A2 (AOI21x1_ASAP7_75t_R)
     1    2.44   21.58   14.63  401.85 ^ _24438_/Y (AOI21x1_ASAP7_75t_R)
                                         _02390_ (net)
                 21.61    0.46  402.31 ^ _24439_/A1 (OAI21x1_ASAP7_75t_R)
     1    1.13   15.12    8.80  411.11 v _24439_/Y (OAI21x1_ASAP7_75t_R)
                                         _02391_ (net)
                 15.12    0.04  411.15 v _24440_/B (NAND2x1_ASAP7_75t_R)
     1    1.62   15.17   11.88  423.03 ^ _24440_/Y (NAND2x1_ASAP7_75t_R)
                                         _00010_ (net)
                 15.18    0.25  423.28 ^ _tray_size4_1051/D1 (DFFHQNH2V2Xx1_ASAP7_75t_R)
                                423.28   data arrival time

                  0.00  380.00  380.00   clock clk (rise edge)
                          0.00  380.00   clock network delay (ideal)
                          0.00  380.00   clock reconvergence pessimism
                                380.00 ^ _tray_size4_1051/CLK (DFFHQNH2V2Xx1_ASAP7_75t_R)
                        -20.86  359.14   library setup time
                                359.14   data required time
-----------------------------------------------------------------------------
                                359.14   data required time
                               -423.28   data arrival time
-----------------------------------------------------------------------------
                                -64.14   slack (VIOLATED)



==========================================================================
global place report_power
--------------------------------------------------------------------------
Group                  Internal  Switching    Leakage      Total
                          Power      Power      Power      Power (Watts)
----------------------------------------------------------------
Sequential             3.41e-03   1.06e-03   6.81e-08   4.46e-03   2.9%
Combinational          5.71e-02   9.32e-02   1.03e-06   1.50e-01  97.1%
Clock                  0.00e+00   0.00e+00   0.00e+00   0.00e+00   0.0%
Macro                  0.00e+00   0.00e+00   0.00e+00   0.00e+00   0.0%
Pad                    0.00e+00   0.00e+00   0.00e+00   0.00e+00   0.0%
----------------------------------------------------------------
Total                  6.05e-02   9.42e-02   1.10e-06   1.55e-01 100.0%
                          39.1%      60.9%       0.0%
