OpenROAD 1447ce3293b9688b91b8c635d3811ac25a1ea20f 
Features included (+) or not (-): +GPU +GUI +Python
This program is licensed under the BSD-3 license. See the LICENSE file for details.
Components of this program may be licensed under more restrictive licenses which must be honored.
[INFO ORD-0030] Using 32 thread(s).
source /home/lucast/workspace/OR-flow-TCC/flow/platforms/asap7/liberty_suppressions.tcl
read_liberty /home/lucast/workspace/OR-flow-TCC/flow/platforms/asap7/lib/NLDM/asap7sc7p5t_AO_RVT_FF_nldm_211120.lib.gz
read_liberty /home/lucast/workspace/OR-flow-TCC/flow/platforms/asap7/lib/NLDM/asap7sc7p5t_INVBUF_RVT_FF_nldm_220122.lib.gz
read_liberty /home/lucast/workspace/OR-flow-TCC/flow/platforms/asap7/lib/NLDM/asap7sc7p5t_OA_RVT_FF_nldm_211120.lib.gz
read_liberty /home/lucast/workspace/OR-flow-TCC/flow/platforms/asap7/lib/NLDM/asap7sc7p5t_SIMPLE_RVT_FF_nldm_211120.lib.gz
read_liberty /home/lucast/workspace/OR-flow-TCC/flow/platforms/asap7/lib/NLDM/asap7sc7p5t_SEQ_RVT_FF_nldm_220123.lib
read_liberty /home/lucast/workspace/OR-flow-TCC/flow/platforms/asap7/lib/NLDM/asap7sc7p5t_DFFHQNH2V2X_RVT_TT_nldm_FAKE.lib
read_liberty /home/lucast/workspace/OR-flow-TCC/flow/platforms/asap7/lib/NLDM/asap7sc7p5t_DFFHQNV2X_RVT_TT_nldm_FAKE.lib
read_db ./results/asap7/aes/modified_alpha_130-beta_0.1-v3/5_1_grt.odb
source /home/lucast/workspace/OR-flow-TCC/flow/platforms/asap7/setRC.tcl
[INFO ORD-0030] Using 16 thread(s).
detailed_route -output_drc ./reports/asap7/aes/modified_alpha_130-beta_0.1-v3/5_route_drc.rpt -output_maze ./results/asap7/aes/modified_alpha_130-beta_0.1-v3/maze.log -droute_end_iter 64 -verbose 1 -drc_report_iter_step 5
[INFO DRT-0149] Reading tech and libs.

Units:                1000
Number of layers:     21
Number of macros:     230
Number of vias:       14
Number of viarulegen: 11

[INFO DRT-0150] Reading design.

Design:                   aes_cipher_top
Die area:                 ( 0 0 ) ( 52642 52642 )
Number of track patterns: 32
Number of DEF vias:       0
Number of components:     16904
Number of terminals:      390
Number of snets:          2
Number of nets:           17405

[INFO DRT-0167] List of default vias:
  Layer V2
    default via: VIA23
  Layer V3
    default via: VIA34
  Layer V4
    default via: VIA45
  Layer V5
    default via: VIA56
  Layer V6
    default via: VIA67
  Layer V7
    default via: VIA78
  Layer V8
    default via: VIA89
  Layer V9
    default via: VIA9Pad
[INFO DRT-0162] Library cell analysis.
[INFO DRT-0163] Instance analysis.
[INFO DRT-0164] Number of unique instances = 202.
[INFO DRT-0168] Init region query.
[INFO DRT-0024]   Complete Active.
[INFO DRT-0024]   Complete V0.
[INFO DRT-0024]   Complete M1.
[INFO DRT-0024]   Complete V1.
[INFO DRT-0024]   Complete M2.
[INFO DRT-0024]   Complete V2.
[INFO DRT-0024]   Complete M3.
[INFO DRT-0024]   Complete V3.
[INFO DRT-0024]   Complete M4.
[INFO DRT-0024]   Complete V4.
[INFO DRT-0024]   Complete M5.
[INFO DRT-0024]   Complete V5.
[INFO DRT-0024]   Complete M6.
[INFO DRT-0024]   Complete V6.
[INFO DRT-0024]   Complete M7.
[INFO DRT-0024]   Complete V7.
[INFO DRT-0024]   Complete M8.
[INFO DRT-0024]   Complete V8.
[INFO DRT-0024]   Complete M9.
[INFO DRT-0024]   Complete V9.
[INFO DRT-0024]   Complete Pad.
[INFO DRT-0033] Active shape region query size = 0.
[INFO DRT-0033] V0 shape region query size = 0.
[INFO DRT-0033] M1 shape region query size = 252723.
[INFO DRT-0033] V1 shape region query size = 248322.
[INFO DRT-0033] M2 shape region query size = 3978.
[INFO DRT-0033] V2 shape region query size = 5136.
[INFO DRT-0033] M3 shape region query size = 4998.
[INFO DRT-0033] V3 shape region query size = 3240.
[INFO DRT-0033] M4 shape region query size = 3407.
[INFO DRT-0033] V4 shape region query size = 3240.
[INFO DRT-0033] M5 shape region query size = 2021.
[INFO DRT-0033] V5 shape region query size = 324.
[INFO DRT-0033] M6 shape region query size = 198.
[INFO DRT-0033] V6 shape region query size = 0.
[INFO DRT-0033] M7 shape region query size = 0.
[INFO DRT-0033] V7 shape region query size = 0.
[INFO DRT-0033] M8 shape region query size = 0.
[INFO DRT-0033] V8 shape region query size = 0.
[INFO DRT-0033] M9 shape region query size = 0.
[INFO DRT-0033] V9 shape region query size = 0.
[INFO DRT-0033] Pad shape region query size = 0.
[INFO DRT-0165] Start pin access.
[INFO DRT-0076]   Complete 1000 pins.
[INFO DRT-0078]   Complete 1155 pins.
[INFO DRT-0079]   Complete 100 unique inst patterns.
[INFO DRT-0079]   Complete 200 unique inst patterns.
[INFO DRT-0081]   Complete 202 unique inst patterns.
[INFO DRT-0084]   Complete 7806 groups.
#scanned instances     = 16904
#unique  instances     = 202
#stdCellGenAp          = 7335
#stdCellValidPlanarAp  = 41
#stdCellValidViaAp     = 5262
#stdCellPinNoAp        = 0
#stdCellPinCnt         = 53608
#instTermValidViaApCnt = 0
#macroGenAp            = 0
#macroValidPlanarAp    = 0
#macroValidViaAp       = 0
#macroNoAp             = 0
[INFO DRT-0166] Complete pin access.
[INFO DRT-0267] cpu time = 00:05:23, elapsed time = 00:00:21, memory = 419.64 (MB), peak = 415.96 (MB)
[INFO DRT-0156] guideIn read 100000 guides.

[INFO DRT-0157] Number of guides:     140735

[INFO DRT-0169] Post process guides.
[INFO DRT-0176] GCELLGRID X 0 DO 92 STEP 570 ;
[INFO DRT-0177] GCELLGRID Y 0 DO 92 STEP 570 ;
[INFO DRT-0026]   Complete 100000 origin guides.
[INFO DRT-0028]   Complete Active.
[INFO DRT-0028]   Complete V0.
[INFO DRT-0028]   Complete M1.
[INFO DRT-0028]   Complete V1.
[INFO DRT-0028]   Complete M2.
[INFO DRT-0028]   Complete V2.
[INFO DRT-0028]   Complete M3.
[INFO DRT-0028]   Complete V3.
[INFO DRT-0028]   Complete M4.
[INFO DRT-0028]   Complete V4.
[INFO DRT-0028]   Complete M5.
[INFO DRT-0028]   Complete V5.
[INFO DRT-0028]   Complete M6.
[INFO DRT-0028]   Complete V6.
[INFO DRT-0028]   Complete M7.
[INFO DRT-0028]   Complete V7.
[INFO DRT-0028]   Complete M8.
[INFO DRT-0028]   Complete V8.
[INFO DRT-0028]   Complete M9.
[INFO DRT-0028]   Complete V9.
[INFO DRT-0028]   Complete Pad.
[INFO DRT-0178] Init guide query.
[INFO DRT-0035]   Complete Active (guide).
[INFO DRT-0035]   Complete V0 (guide).
[INFO DRT-0035]   Complete M1 (guide).
[INFO DRT-0035]   Complete V1 (guide).
[INFO DRT-0035]   Complete M2 (guide).
[INFO DRT-0035]   Complete V2 (guide).
[INFO DRT-0035]   Complete M3 (guide).
[INFO DRT-0035]   Complete V3 (guide).
[INFO DRT-0035]   Complete M4 (guide).
[INFO DRT-0035]   Complete V4 (guide).
[INFO DRT-0035]   Complete M5 (guide).
[INFO DRT-0035]   Complete V5 (guide).
[INFO DRT-0035]   Complete M6 (guide).
[INFO DRT-0035]   Complete V6 (guide).
[INFO DRT-0035]   Complete M7 (guide).
[INFO DRT-0035]   Complete V7 (guide).
[INFO DRT-0035]   Complete M8 (guide).
[INFO DRT-0035]   Complete V8 (guide).
[INFO DRT-0035]   Complete M9 (guide).
[INFO DRT-0035]   Complete V9 (guide).
[INFO DRT-0035]   Complete Pad (guide).
[INFO DRT-0036] Active guide region query size = 0.
[INFO DRT-0036] V0 guide region query size = 0.
[INFO DRT-0036] M1 guide region query size = 47019.
[INFO DRT-0036] V1 guide region query size = 0.
[INFO DRT-0036] M2 guide region query size = 41657.
[INFO DRT-0036] V2 guide region query size = 0.
[INFO DRT-0036] M3 guide region query size = 22292.
[INFO DRT-0036] V3 guide region query size = 0.
[INFO DRT-0036] M4 guide region query size = 2470.
[INFO DRT-0036] V4 guide region query size = 0.
[INFO DRT-0036] M5 guide region query size = 805.
[INFO DRT-0036] V5 guide region query size = 0.
[INFO DRT-0036] M6 guide region query size = 62.
[INFO DRT-0036] V6 guide region query size = 0.
[INFO DRT-0036] M7 guide region query size = 21.
[INFO DRT-0036] V7 guide region query size = 0.
[INFO DRT-0036] M8 guide region query size = 0.
[INFO DRT-0036] V8 guide region query size = 0.
[INFO DRT-0036] M9 guide region query size = 0.
[INFO DRT-0036] V9 guide region query size = 0.
[INFO DRT-0036] Pad guide region query size = 0.
[INFO DRT-0179] Init gr pin query.
[INFO DRT-0267] cpu time = 00:00:00, elapsed time = 00:00:00, memory = 461.73 (MB), peak = 457.96 (MB)
[INFO DRT-0245] skipped writing guide updates to database.
[INFO DRT-0185] Post process initialize RPin region query.
[INFO DRT-0181] Start track assignment.
[INFO DRT-0184] Done with 70137 vertical wires in 2 frboxes and 44189 horizontal wires in 2 frboxes.
[INFO DRT-0186] Done with 11054 vertical wires in 2 frboxes and 15264 horizontal wires in 2 frboxes.
[INFO DRT-0182] Complete track assignment.
[INFO DRT-0267] cpu time = 00:00:04, elapsed time = 00:00:02, memory = 719.42 (MB), peak = 715.44 (MB)
[INFO DRT-0187] Start routing data preparation.
[INFO DRT-0267] cpu time = 00:00:00, elapsed time = 00:00:00, memory = 719.54 (MB), peak = 715.44 (MB)
[INFO DRT-0194] Start detail routing.
[INFO DRT-0195] Start 0th optimization iteration.
    Completing 10% with 0 violations.
    elapsed time = 00:00:02, memory = 4227.11 (MB).
    Completing 20% with 0 violations.
    elapsed time = 00:00:04, memory = 3749.42 (MB).
    Completing 30% with 533 violations.
    elapsed time = 00:00:07, memory = 5224.66 (MB).
    Completing 40% with 533 violations.
    elapsed time = 00:00:11, memory = 5436.53 (MB).
    Completing 50% with 533 violations.
    elapsed time = 00:00:12, memory = 2978.40 (MB).
    Completing 60% with 1118 violations.
    elapsed time = 00:00:18, memory = 5868.82 (MB).
    Completing 70% with 1118 violations.
    elapsed time = 00:00:21, memory = 5123.88 (MB).
    Completing 80% with 1597 violations.
    elapsed time = 00:00:28, memory = 6306.86 (MB).
    Completing 90% with 1597 violations.
    elapsed time = 00:00:32, memory = 6497.48 (MB).
    Completing 100% with 2027 violations.
    elapsed time = 00:00:37, memory = 3681.11 (MB).
[INFO DRT-0199]   Number of violations = 3045.
Viol/Layer          M1     M2     V2     M3     V3     M4     V4     M5
CutSpcTbl            0      0      0      0     27      0      2      0
EOL                  0    143      0     51      0     23      0      0
Metal Spacing       51     95      0    295      0     11      0      1
Recheck              3    530      0    372      0    102      0     11
Short                0    293      5     74      0     11      0      2
eolKeepOut           0    699      0    168      0     76      0      0
[INFO DRT-0267] cpu time = 00:08:01, elapsed time = 00:00:38, memory = 4038.20 (MB), peak = 6953.20 (MB)
Total wire length = 59728 um.
Total wire length on LAYER M1 = 0 um.
Total wire length on LAYER M2 = 15665 um.
Total wire length on LAYER M3 = 26391 um.
Total wire length on LAYER M4 = 12998 um.
Total wire length on LAYER M5 = 4108 um.
Total wire length on LAYER M6 = 441 um.
Total wire length on LAYER M7 = 123 um.
Total wire length on LAYER M8 = 0 um.
Total wire length on LAYER M9 = 0 um.
Total wire length on LAYER Pad = 0 um.
Total number of vias = 163598.
Up-via summary (total 163598):

-----------------
 Active         0
     M1     53365
     M2     86499
     M3     20691
     M4      2846
     M5       157
     M6        40
     M7         0
     M8         0
     M9         0
-----------------
       163598


[INFO DRT-0195] Start 1st optimization iteration.
    Completing 10% with 3045 violations.
    elapsed time = 00:00:04, memory = 6978.97 (MB).
    Completing 20% with 3045 violations.
    elapsed time = 00:00:09, memory = 6089.24 (MB).
    Completing 30% with 2185 violations.
    elapsed time = 00:00:13, memory = 7397.82 (MB).
    Completing 40% with 2185 violations.
    elapsed time = 00:00:19, memory = 7320.08 (MB).
    Completing 50% with 2185 violations.
    elapsed time = 00:00:21, memory = 4378.42 (MB).
    Completing 60% with 1416 violations.
    elapsed time = 00:00:26, memory = 7290.05 (MB).
    Completing 70% with 1416 violations.
    elapsed time = 00:00:30, memory = 6212.00 (MB).
    Completing 80% with 802 violations.
    elapsed time = 00:00:35, memory = 7641.85 (MB).
    Completing 90% with 802 violations.
    elapsed time = 00:00:40, memory = 7301.35 (MB).
    Completing 100% with 307 violations.
    elapsed time = 00:00:43, memory = 4461.97 (MB).
[INFO DRT-0199]   Number of violations = 307.
Viol/Layer          M1     M2     M3     V3     M4     V4
CutSpcTbl            0      0      0      6      0      1
EOL                  0     15      6      0      2      0
Metal Spacing       25      3    108      0      5      0
Short                0     12     29      0      3      0
eolKeepOut           0     60     20      0     12      0
[INFO DRT-0267] cpu time = 00:09:35, elapsed time = 00:00:43, memory = 4441.67 (MB), peak = 8056.51 (MB)
Total wire length = 59038 um.
Total wire length on LAYER M1 = 0 um.
Total wire length on LAYER M2 = 14718 um.
Total wire length on LAYER M3 = 26077 um.
Total wire length on LAYER M4 = 13502 um.
Total wire length on LAYER M5 = 4136 um.
Total wire length on LAYER M6 = 480 um.
Total wire length on LAYER M7 = 122 um.
Total wire length on LAYER M8 = 0 um.
Total wire length on LAYER M9 = 0 um.
Total wire length on LAYER Pad = 0 um.
Total number of vias = 157548.
Up-via summary (total 157548):

-----------------
 Active         0
     M1     53331
     M2     81439
     M3     19460
     M4      3061
     M5       219
     M6        38
     M7         0
     M8         0
     M9         0
-----------------
       157548


[INFO DRT-0195] Start 2nd optimization iteration.
    Completing 10% with 307 violations.
    elapsed time = 00:00:03, memory = 7362.43 (MB).
    Completing 20% with 307 violations.
    elapsed time = 00:00:06, memory = 6374.15 (MB).
    Completing 30% with 284 violations.
    elapsed time = 00:00:08, memory = 4441.67 (MB).
    Completing 40% with 284 violations.
    elapsed time = 00:00:12, memory = 7232.58 (MB).
    Completing 50% with 284 violations.
    elapsed time = 00:00:16, memory = 4441.67 (MB).
    Completing 60% with 269 violations.
    elapsed time = 00:00:20, memory = 7832.66 (MB).
    Completing 70% with 269 violations.
    elapsed time = 00:00:22, memory = 6471.97 (MB).
    Completing 80% with 237 violations.
    elapsed time = 00:00:25, memory = 7346.61 (MB).
    Completing 90% with 237 violations.
    elapsed time = 00:00:28, memory = 7617.07 (MB).
    Completing 100% with 215 violations.
    elapsed time = 00:00:31, memory = 4413.94 (MB).
[INFO DRT-0199]   Number of violations = 215.
Viol/Layer          M1     M2     M3     V3     M4
CutSpcTbl            0      0      0      3      0
EOL                  0      6      6      0      4
Metal Spacing       21      4     86      0      2
Short                0      5     25      0      0
eolKeepOut           0     21     20      0     12
[INFO DRT-0267] cpu time = 00:06:19, elapsed time = 00:00:32, memory = 4419.80 (MB), peak = 8068.33 (MB)
Total wire length = 58959 um.
Total wire length on LAYER M1 = 0 um.
Total wire length on LAYER M2 = 14624 um.
Total wire length on LAYER M3 = 26052 um.
Total wire length on LAYER M4 = 13490 um.
Total wire length on LAYER M5 = 4159 um.
Total wire length on LAYER M6 = 510 um.
Total wire length on LAYER M7 = 122 um.
Total wire length on LAYER M8 = 0 um.
Total wire length on LAYER M9 = 0 um.
Total wire length on LAYER Pad = 0 um.
Total number of vias = 157009.
Up-via summary (total 157009):

-----------------
 Active         0
     M1     53331
     M2     80949
     M3     19325
     M4      3131
     M5       235
     M6        38
     M7         0
     M8         0
     M9         0
-----------------
       157009


[INFO DRT-0195] Start 3rd optimization iteration.
    Completing 10% with 215 violations.
    elapsed time = 00:00:01, memory = 7707.24 (MB).
    Completing 20% with 215 violations.
    elapsed time = 00:00:03, memory = 6419.69 (MB).
    Completing 30% with 161 violations.
    elapsed time = 00:00:04, memory = 4419.80 (MB).
    Completing 40% with 161 violations.
    elapsed time = 00:00:07, memory = 7491.95 (MB).
    Completing 50% with 161 violations.
    elapsed time = 00:00:08, memory = 4419.80 (MB).
    Completing 60% with 115 violations.
    elapsed time = 00:00:10, memory = 7345.28 (MB).
    Completing 70% with 115 violations.
    elapsed time = 00:00:11, memory = 6238.09 (MB).
    Completing 80% with 65 violations.
    elapsed time = 00:00:12, memory = 4419.80 (MB).
    Completing 90% with 65 violations.
    elapsed time = 00:00:14, memory = 7433.93 (MB).
    Completing 100% with 7 violations.
    elapsed time = 00:00:16, memory = 4419.80 (MB).
[INFO DRT-0199]   Number of violations = 7.
Viol/Layer          M3
Metal Spacing        3
Short                4
[INFO DRT-0267] cpu time = 00:02:53, elapsed time = 00:00:16, memory = 4419.80 (MB), peak = 8099.48 (MB)
Total wire length = 58958 um.
Total wire length on LAYER M1 = 0 um.
Total wire length on LAYER M2 = 14537 um.
Total wire length on LAYER M3 = 25988 um.
Total wire length on LAYER M4 = 13572 um.
Total wire length on LAYER M5 = 4217 um.
Total wire length on LAYER M6 = 521 um.
Total wire length on LAYER M7 = 122 um.
Total wire length on LAYER M8 = 0 um.
Total wire length on LAYER M9 = 0 um.
Total wire length on LAYER Pad = 0 um.
Total number of vias = 157001.
Up-via summary (total 157001):

-----------------
 Active         0
     M1     53331
     M2     80641
     M3     19507
     M4      3234
     M5       250
     M6        38
     M7         0
     M8         0
     M9         0
-----------------
       157001


[INFO DRT-0195] Start 4th guides tiles iteration.
    Completing 10% with 7 violations.
    elapsed time = 00:00:00, memory = 4673.12 (MB).
    Completing 20% with 7 violations.
    elapsed time = 00:00:00, memory = 4549.12 (MB).
    Completing 40% with 7 violations.
    elapsed time = 00:00:00, memory = 4419.80 (MB).
    Completing 50% with 7 violations.
    elapsed time = 00:00:01, memory = 4419.80 (MB).
    Completing 70% with 4 violations.
    elapsed time = 00:00:01, memory = 4419.80 (MB).
    Completing 80% with 4 violations.
    elapsed time = 00:00:02, memory = 4419.80 (MB).
    Completing 100% with 0 violations.
    elapsed time = 00:00:03, memory = 4419.80 (MB).
[INFO DRT-0199]   Number of violations = 0.
[INFO DRT-0267] cpu time = 00:00:06, elapsed time = 00:00:03, memory = 4419.80 (MB), peak = 8099.48 (MB)
Total wire length = 58961 um.
Total wire length on LAYER M1 = 0 um.
Total wire length on LAYER M2 = 14537 um.
Total wire length on LAYER M3 = 25987 um.
Total wire length on LAYER M4 = 13573 um.
Total wire length on LAYER M5 = 4218 um.
Total wire length on LAYER M6 = 521 um.
Total wire length on LAYER M7 = 122 um.
Total wire length on LAYER M8 = 0 um.
Total wire length on LAYER M9 = 0 um.
Total wire length on LAYER Pad = 0 um.
Total number of vias = 157013.
Up-via summary (total 157013):

-----------------
 Active         0
     M1     53331
     M2     80642
     M3     19516
     M4      3236
     M5       250
     M6        38
     M7         0
     M8         0
     M9         0
-----------------
       157013


[INFO DRT-0198] Complete detail routing.
Total wire length = 58961 um.
Total wire length on LAYER M1 = 0 um.
Total wire length on LAYER M2 = 14537 um.
Total wire length on LAYER M3 = 25987 um.
Total wire length on LAYER M4 = 13573 um.
Total wire length on LAYER M5 = 4218 um.
Total wire length on LAYER M6 = 521 um.
Total wire length on LAYER M7 = 122 um.
Total wire length on LAYER M8 = 0 um.
Total wire length on LAYER M9 = 0 um.
Total wire length on LAYER Pad = 0 um.
Total number of vias = 157013.
Up-via summary (total 157013):

-----------------
 Active         0
     M1     53331
     M2     80642
     M3     19516
     M4      3236
     M5       250
     M6        38
     M7         0
     M8         0
     M9         0
-----------------
       157013


[INFO DRT-0267] cpu time = 00:26:55, elapsed time = 00:02:13, memory = 4419.93 (MB), peak = 8099.48 (MB)

[INFO DRT-0180] Post processing.
Took 158 seconds: detailed_route -output_drc ./reports/asap7/aes/modified_alpha_130-beta_0.1-v3/5_route_drc.rpt -output_maze ./results/asap7/aes/modified_alpha_130-beta_0.1-v3/maze.log -droute_end_iter 64 -verbose 1 -drc_report_iter_step 5
[WARNING GRT-0246] No diode with LEF class CORE ANTENNACELL found.
[INFO ANT-0002] Found 0 net violations.
[INFO ANT-0001] Found 0 pin violations.
[INFO ANT-0002] Found 0 net violations.
[INFO ANT-0001] Found 0 pin violations.
write_db ./results/asap7/aes/modified_alpha_130-beta_0.1-v3/5_2_route.odb
[INFO ORD-0030] Using 32 thread(s).
Elapsed time: 2:40.25[h:]min:sec. CPU time: user 1920.01 sys 38.69 (1222%). Peak memory: 8293868KB.
Log                        Elapsed/s Peak Memory/MB  sha1sum .odb [0:20)
5_2_route                        160           8099 8d7f6b8a976a949f718f
