OpenROAD ee3d65ce03b2656092ed62bf9205c5c11049c575 
Features included (+) or not (-): +GPU +GUI +Python
This program is licensed under the BSD-3 license. See the LICENSE file for details.
Components of this program may be licensed under more restrictive licenses which must be honored.
[INFO ORD-0030] Using 32 thread(s).
source /home/lucast/workspace/OR-flow-TCC/flow/platforms/asap7/liberty_suppressions.tcl
read_liberty /home/lucast/workspace/OR-flow-TCC/flow/platforms/asap7/lib/NLDM/asap7sc7p5t_AO_RVT_FF_nldm_211120.lib.gz
read_liberty /home/lucast/workspace/OR-flow-TCC/flow/platforms/asap7/lib/NLDM/asap7sc7p5t_INVBUF_RVT_FF_nldm_220122.lib.gz
read_liberty /home/lucast/workspace/OR-flow-TCC/flow/platforms/asap7/lib/NLDM/asap7sc7p5t_OA_RVT_FF_nldm_211120.lib.gz
read_liberty /home/lucast/workspace/OR-flow-TCC/flow/platforms/asap7/lib/NLDM/asap7sc7p5t_SIMPLE_RVT_FF_nldm_211120.lib.gz
read_liberty /home/lucast/workspace/OR-flow-TCC/flow/platforms/asap7/lib/NLDM/asap7sc7p5t_SEQ_RVT_FF_nldm_220123.lib
read_liberty /home/lucast/workspace/OR-flow-TCC/flow/platforms/asap7/lib/NLDM/asap7sc7p5t_DFFHQNH2V2X_RVT_TT_nldm_FAKE.lib
read_liberty /home/lucast/workspace/OR-flow-TCC/flow/platforms/asap7/lib/NLDM/asap7sc7p5t_DFFHQNV2X_RVT_TT_nldm_FAKE.lib
read_db -hier ./results/asap7/mock-alu/modified_alpha_2-beta_0.1/5_1_grt.odb
[WARNING ORD-0012] Hierarchical flow (-hier) is currently in development and may cause multiple issues. Do not use in production environments.
source /home/lucast/workspace/OR-flow-TCC/flow/platforms/asap7/setRC.tcl
detailed_route -output_drc ./reports/asap7/mock-alu/modified_alpha_2-beta_0.1/5_route_drc.rpt -output_maze ./results/asap7/mock-alu/modified_alpha_2-beta_0.1/maze.log -droute_end_iter 64 -verbose 1 -drc_report_iter_step 5
[INFO DRT-0149] Reading tech and libs.

Units:                1000
Number of layers:     21
Number of macros:     230
Number of vias:       14
Number of viarulegen: 11

[INFO DRT-0150] Reading design.

Design:                   MockAlu
Die area:                 ( 0 0 ) ( 57354 57354 )
Number of track patterns: 32
Number of DEF vias:       0
Number of components:     13279
Number of terminals:      202
Number of snets:          2
Number of nets:           14241

[INFO DRT-0167] List of default vias:
  Layer V2
    default via: VIA23
  Layer V3
    default via: VIA34
  Layer V4
    default via: VIA45
  Layer V5
    default via: VIA56
  Layer V6
    default via: VIA67
  Layer V7
    default via: VIA78
  Layer V8
    default via: VIA89
  Layer V9
    default via: VIA9Pad
[INFO DRT-0162] Library cell analysis.
[INFO DRT-0163] Instance analysis.
[INFO DRT-0164] Number of unique instances = 234.
[INFO DRT-0168] Init region query.
[INFO DRT-0024]   Complete Active.
[INFO DRT-0024]   Complete V0.
[INFO DRT-0024]   Complete M1.
[INFO DRT-0024]   Complete V1.
[INFO DRT-0024]   Complete M2.
[INFO DRT-0024]   Complete V2.
[INFO DRT-0024]   Complete M3.
[INFO DRT-0024]   Complete V3.
[INFO DRT-0024]   Complete M4.
[INFO DRT-0024]   Complete V4.
[INFO DRT-0024]   Complete M5.
[INFO DRT-0024]   Complete V5.
[INFO DRT-0024]   Complete M6.
[INFO DRT-0024]   Complete V6.
[INFO DRT-0024]   Complete M7.
[INFO DRT-0024]   Complete V7.
[INFO DRT-0024]   Complete M8.
[INFO DRT-0024]   Complete V8.
[INFO DRT-0024]   Complete M9.
[INFO DRT-0024]   Complete V9.
[INFO DRT-0024]   Complete Pad.
[INFO DRT-0033] Active shape region query size = 0.
[INFO DRT-0033] V0 shape region query size = 0.
[INFO DRT-0033] M1 shape region query size = 243603.
[INFO DRT-0033] V1 shape region query size = 321232.
[INFO DRT-0033] M2 shape region query size = 12981.
[INFO DRT-0033] V2 shape region query size = 6166.
[INFO DRT-0033] M3 shape region query size = 6053.
[INFO DRT-0033] V3 shape region query size = 3960.
[INFO DRT-0033] M4 shape region query size = 4088.
[INFO DRT-0033] V4 shape region query size = 3960.
[INFO DRT-0033] M5 shape region query size = 2272.
[INFO DRT-0033] V5 shape region query size = 400.
[INFO DRT-0033] M6 shape region query size = 240.
[INFO DRT-0033] V6 shape region query size = 0.
[INFO DRT-0033] M7 shape region query size = 0.
[INFO DRT-0033] V7 shape region query size = 0.
[INFO DRT-0033] M8 shape region query size = 0.
[INFO DRT-0033] V8 shape region query size = 0.
[INFO DRT-0033] M9 shape region query size = 0.
[INFO DRT-0033] V9 shape region query size = 0.
[INFO DRT-0033] Pad shape region query size = 0.
[INFO DRT-0165] Start pin access.
[INFO DRT-0076]   Complete 1000 pins.
[INFO DRT-0078]   Complete 1333 pins.
[INFO DRT-0079]   Complete 100 unique inst patterns.
[INFO DRT-0079]   Complete 200 unique inst patterns.
[INFO DRT-0081]   Complete 234 unique inst patterns.
[INFO DRT-0084]   Complete 6323 groups.
#scanned instances     = 13279
#unique  instances     = 234
#stdCellGenAp          = 7574
#stdCellValidPlanarAp  = 84
#stdCellValidViaAp     = 5802
#stdCellPinNoAp        = 0
#stdCellPinCnt         = 39770
#instTermValidViaApCnt = 0
#macroGenAp            = 0
#macroValidPlanarAp    = 0
#macroValidViaAp       = 0
#macroNoAp             = 0
[INFO DRT-0166] Complete pin access.
[INFO DRT-0267] cpu time = 00:07:46, elapsed time = 00:00:18, memory = 427.48 (MB), peak = 422.68 (MB)
[INFO DRT-0156] guideIn read 100000 guides.

[INFO DRT-0157] Number of guides:     103467

[INFO DRT-0169] Post process guides.
[INFO DRT-0176] GCELLGRID X 0 DO 100 STEP 570 ;
[INFO DRT-0177] GCELLGRID Y 0 DO 100 STEP 570 ;
[INFO DRT-0026]   Complete 100000 origin guides.
[INFO DRT-0028]   Complete Active.
[INFO DRT-0028]   Complete V0.
[INFO DRT-0028]   Complete M1.
[INFO DRT-0028]   Complete V1.
[INFO DRT-0028]   Complete M2.
[INFO DRT-0028]   Complete V2.
[INFO DRT-0028]   Complete M3.
[INFO DRT-0028]   Complete V3.
[INFO DRT-0028]   Complete M4.
[INFO DRT-0028]   Complete V4.
[INFO DRT-0028]   Complete M5.
[INFO DRT-0028]   Complete V5.
[INFO DRT-0028]   Complete M6.
[INFO DRT-0028]   Complete V6.
[INFO DRT-0028]   Complete M7.
[INFO DRT-0028]   Complete V7.
[INFO DRT-0028]   Complete M8.
[INFO DRT-0028]   Complete V8.
[INFO DRT-0028]   Complete M9.
[INFO DRT-0028]   Complete V9.
[INFO DRT-0028]   Complete Pad.
[INFO DRT-0178] Init guide query.
[INFO DRT-0035]   Complete Active (guide).
[INFO DRT-0035]   Complete V0 (guide).
[INFO DRT-0035]   Complete M1 (guide).
[INFO DRT-0035]   Complete V1 (guide).
[INFO DRT-0035]   Complete M2 (guide).
[INFO DRT-0035]   Complete V2 (guide).
[INFO DRT-0035]   Complete M3 (guide).
[INFO DRT-0035]   Complete V3 (guide).
[INFO DRT-0035]   Complete M4 (guide).
[INFO DRT-0035]   Complete V4 (guide).
[INFO DRT-0035]   Complete M5 (guide).
[INFO DRT-0035]   Complete V5 (guide).
[INFO DRT-0035]   Complete M6 (guide).
[INFO DRT-0035]   Complete V6 (guide).
[INFO DRT-0035]   Complete M7 (guide).
[INFO DRT-0035]   Complete V7 (guide).
[INFO DRT-0035]   Complete M8 (guide).
[INFO DRT-0035]   Complete V8 (guide).
[INFO DRT-0035]   Complete M9 (guide).
[INFO DRT-0035]   Complete V9 (guide).
[INFO DRT-0035]   Complete Pad (guide).
[INFO DRT-0036] Active guide region query size = 0.
[INFO DRT-0036] V0 guide region query size = 0.
[INFO DRT-0036] M1 guide region query size = 30139.
[INFO DRT-0036] V1 guide region query size = 0.
[INFO DRT-0036] M2 guide region query size = 30619.
[INFO DRT-0036] V2 guide region query size = 0.
[INFO DRT-0036] M3 guide region query size = 16472.
[INFO DRT-0036] V3 guide region query size = 0.
[INFO DRT-0036] M4 guide region query size = 2104.
[INFO DRT-0036] V4 guide region query size = 0.
[INFO DRT-0036] M5 guide region query size = 521.
[INFO DRT-0036] V5 guide region query size = 0.
[INFO DRT-0036] M6 guide region query size = 9.
[INFO DRT-0036] V6 guide region query size = 0.
[INFO DRT-0036] M7 guide region query size = 5.
[INFO DRT-0036] V7 guide region query size = 0.
[INFO DRT-0036] M8 guide region query size = 0.
[INFO DRT-0036] V8 guide region query size = 0.
[INFO DRT-0036] M9 guide region query size = 0.
[INFO DRT-0036] V9 guide region query size = 0.
[INFO DRT-0036] Pad guide region query size = 0.
[INFO DRT-0179] Init gr pin query.
[INFO DRT-0267] cpu time = 00:00:00, elapsed time = 00:00:00, memory = 456.10 (MB), peak = 451.18 (MB)
[INFO DRT-0245] skipped writing guide updates to database.
[INFO DRT-0185] Post process initialize RPin region query.
[INFO DRT-0181] Start track assignment.
[INFO DRT-0184] Done with 47137 vertical wires in 2 frboxes and 32732 horizontal wires in 2 frboxes.
[INFO DRT-0186] Done with 6775 vertical wires in 2 frboxes and 9297 horizontal wires in 2 frboxes.
[INFO DRT-0182] Complete track assignment.
[INFO DRT-0267] cpu time = 00:00:03, elapsed time = 00:00:01, memory = 794.80 (MB), peak = 789.93 (MB)
[INFO DRT-0187] Start routing data preparation.
[INFO DRT-0267] cpu time = 00:00:00, elapsed time = 00:00:00, memory = 794.86 (MB), peak = 790.18 (MB)
[INFO DRT-0194] Start detail routing.
[INFO DRT-0195] Start 0th optimization iteration.
    Completing 10% with 0 violations.
    elapsed time = 00:00:02, memory = 7495.96 (MB).
    Completing 20% with 0 violations.
    elapsed time = 00:00:03, memory = 5610.39 (MB).
    Completing 30% with 566 violations.
    elapsed time = 00:00:05, memory = 7494.04 (MB).
    Completing 40% with 566 violations.
    elapsed time = 00:00:08, memory = 7768.50 (MB).
    Completing 50% with 566 violations.
    elapsed time = 00:00:09, memory = 4176.13 (MB).
    Completing 60% with 1159 violations.
    elapsed time = 00:00:13, memory = 9161.05 (MB).
    Completing 70% with 1159 violations.
    elapsed time = 00:00:16, memory = 6893.77 (MB).
    Completing 80% with 1609 violations.
    elapsed time = 00:00:19, memory = 9518.16 (MB).
    Completing 90% with 1609 violations.
    elapsed time = 00:00:24, memory = 8296.40 (MB).
    Completing 100% with 2112 violations.
    elapsed time = 00:00:27, memory = 3751.60 (MB).
[INFO DRT-0199]   Number of violations = 2731.
Viol/Layer          M1     M2     V2     M3     V3     M4     V4     M5
CutSpcTbl            0      0      0      0     13      0      1      0
EOL                  0    138      0     22      0      5      0      0
Metal Spacing      466     75      0    165      0      0      0      0
Recheck              0    360      0    226      0     31      0      2
Short              129    198      5     38      3      8      0      3
eolKeepOut           0    744      0     74      0     25      0      0
[INFO DRT-0267] cpu time = 00:10:23, elapsed time = 00:00:27, memory = 4162.50 (MB), peak = 10066.85 (MB)
Total wire length = 48176 um.
Total wire length on LAYER M1 = 0 um.
Total wire length on LAYER M2 = 11787 um.
Total wire length on LAYER M3 = 22794 um.
Total wire length on LAYER M4 = 10018 um.
Total wire length on LAYER M5 = 3513 um.
Total wire length on LAYER M6 = 25 um.
Total wire length on LAYER M7 = 36 um.
Total wire length on LAYER M8 = 0 um.
Total wire length on LAYER M9 = 0 um.
Total wire length on LAYER Pad = 0 um.
Total number of vias = 112822.
Up-via summary (total 112822):

-----------------
 Active         0
     M1     34341
     M2     62551
     M3     14190
     M4      1691
     M5        41
     M6         8
     M7         0
     M8         0
     M9         0
-----------------
       112822


[INFO DRT-0195] Start 1st optimization iteration.
    Completing 10% with 2731 violations.
    elapsed time = 00:00:03, memory = 10629.70 (MB).
    Completing 20% with 2731 violations.
    elapsed time = 00:00:05, memory = 8506.12 (MB).
    Completing 30% with 2106 violations.
    elapsed time = 00:00:08, memory = 9876.56 (MB).
    Completing 40% with 2106 violations.
    elapsed time = 00:00:11, memory = 10198.69 (MB).
    Completing 50% with 2106 violations.
    elapsed time = 00:00:14, memory = 5792.30 (MB).
    Completing 60% with 1473 violations.
    elapsed time = 00:00:17, memory = 10827.95 (MB).
    Completing 70% with 1473 violations.
    elapsed time = 00:00:21, memory = 8286.46 (MB).
    Completing 80% with 896 violations.
    elapsed time = 00:00:25, memory = 10551.59 (MB).
    Completing 90% with 896 violations.
    elapsed time = 00:00:29, memory = 9249.41 (MB).
    Completing 100% with 408 violations.
    elapsed time = 00:00:31, memory = 4361.85 (MB).
[INFO DRT-0199]   Number of violations = 485.
Viol/Layer          M1     M2     V2     M3     V3     M4
CutSpcTbl            0      0      0      0      5      0
EOL                  0     21      0      1      0      1
Metal Spacing      159      4      0     56      0      1
Recheck              0     29      0     42      0      6
Short               46     11      1     10      0      1
eolKeepOut           0     81      0      7      0      3
[INFO DRT-0267] cpu time = 00:12:09, elapsed time = 00:00:32, memory = 4750.78 (MB), peak = 11149.87 (MB)
Total wire length = 47793 um.
Total wire length on LAYER M1 = 0 um.
Total wire length on LAYER M2 = 11168 um.
Total wire length on LAYER M3 = 22559 um.
Total wire length on LAYER M4 = 10470 um.
Total wire length on LAYER M5 = 3524 um.
Total wire length on LAYER M6 = 34 um.
Total wire length on LAYER M7 = 35 um.
Total wire length on LAYER M8 = 0 um.
Total wire length on LAYER M9 = 0 um.
Total wire length on LAYER Pad = 0 um.
Total number of vias = 109520.
Up-via summary (total 109520):

-----------------
 Active         0
     M1     34302
     M2     59892
     M3     13458
     M4      1799
     M5        61
     M6         8
     M7         0
     M8         0
     M9         0
-----------------
       109520


[INFO DRT-0195] Start 2nd optimization iteration.
    Completing 10% with 485 violations.
    elapsed time = 00:00:00, memory = 4750.78 (MB).
    Completing 20% with 485 violations.
    elapsed time = 00:00:02, memory = 8698.85 (MB).
    Completing 30% with 453 violations.
    elapsed time = 00:00:05, memory = 4751.36 (MB).
    Completing 40% with 453 violations.
    elapsed time = 00:00:05, memory = 4751.36 (MB).
    Completing 50% with 453 violations.
    elapsed time = 00:00:09, memory = 6338.88 (MB).
    Completing 60% with 431 violations.
    elapsed time = 00:00:11, memory = 4745.90 (MB).
    Completing 70% with 431 violations.
    elapsed time = 00:00:14, memory = 8444.50 (MB).
    Completing 80% with 367 violations.
    elapsed time = 00:00:17, memory = 4330.67 (MB).
    Completing 90% with 367 violations.
    elapsed time = 00:00:20, memory = 9094.29 (MB).
    Completing 100% with 324 violations.
    elapsed time = 00:00:23, memory = 4330.67 (MB).
[INFO DRT-0199]   Number of violations = 373.
Viol/Layer          M1     M2     M3     V3     M4     V4
CutSpcTbl            0      0      0      2      0      2
EOL                  0     24      2      0      0      0
Metal Spacing      106      3     45      0      1      0
Recheck              1     22     23      0      3      0
Short               34      8      7      0      0      0
eolKeepOut           0     81      6      0      3      0
[INFO DRT-0267] cpu time = 00:06:29, elapsed time = 00:00:23, memory = 4749.55 (MB), peak = 11149.87 (MB)
Total wire length = 47757 um.
Total wire length on LAYER M1 = 0 um.
Total wire length on LAYER M2 = 11097 um.
Total wire length on LAYER M3 = 22554 um.
Total wire length on LAYER M4 = 10473 um.
Total wire length on LAYER M5 = 3546 um.
Total wire length on LAYER M6 = 49 um.
Total wire length on LAYER M7 = 35 um.
Total wire length on LAYER M8 = 0 um.
Total wire length on LAYER M9 = 0 um.
Total wire length on LAYER Pad = 0 um.
Total number of vias = 109078.
Up-via summary (total 109078):

-----------------
 Active         0
     M1     34275
     M2     59723
     M3     13160
     M4      1842
     M5        69
     M6         9
     M7         0
     M8         0
     M9         0
-----------------
       109078


[INFO DRT-0195] Start 3rd optimization iteration.
    Completing 10% with 373 violations.
    elapsed time = 00:00:00, memory = 4749.55 (MB).
    Completing 20% with 373 violations.
    elapsed time = 00:00:01, memory = 8668.20 (MB).
    Completing 30% with 257 violations.
    elapsed time = 00:00:03, memory = 4743.94 (MB).
    Completing 40% with 257 violations.
    elapsed time = 00:00:03, memory = 4743.94 (MB).
    Completing 50% with 257 violations.
    elapsed time = 00:00:06, memory = 6334.32 (MB).
    Completing 60% with 176 violations.
    elapsed time = 00:00:07, memory = 4743.94 (MB).
    Completing 70% with 176 violations.
    elapsed time = 00:00:08, memory = 8527.32 (MB).
    Completing 80% with 92 violations.
    elapsed time = 00:00:10, memory = 4743.94 (MB).
    Completing 90% with 92 violations.
    elapsed time = 00:00:10, memory = 4743.94 (MB).
    Completing 100% with 9 violations.
    elapsed time = 00:00:13, memory = 4744.00 (MB).
[INFO DRT-0199]   Number of violations = 9.
Viol/Layer          M1     M3     M4
Metal Spacing        5      2      1
Short                1      0      0
[INFO DRT-0267] cpu time = 00:02:47, elapsed time = 00:00:13, memory = 4744.13 (MB), peak = 11149.87 (MB)
Total wire length = 47761 um.
Total wire length on LAYER M1 = 0 um.
Total wire length on LAYER M2 = 11010 um.
Total wire length on LAYER M3 = 22525 um.
Total wire length on LAYER M4 = 10563 um.
Total wire length on LAYER M5 = 3573 um.
Total wire length on LAYER M6 = 52 um.
Total wire length on LAYER M7 = 35 um.
Total wire length on LAYER M8 = 0 um.
Total wire length on LAYER M9 = 0 um.
Total wire length on LAYER Pad = 0 um.
Total number of vias = 109111.
Up-via summary (total 109111):

-----------------
 Active         0
     M1     34275
     M2     59513
     M3     13341
     M4      1897
     M5        76
     M6         9
     M7         0
     M8         0
     M9         0
-----------------
       109111


[INFO DRT-0195] Start 4th guides tiles iteration.
    Completing 20% with 9 violations.
    elapsed time = 00:00:00, memory = 4744.13 (MB).
    Completing 50% with 9 violations.
    elapsed time = 00:00:00, memory = 4744.13 (MB).
    Completing 70% with 7 violations.
    elapsed time = 00:00:01, memory = 4894.29 (MB).
    Completing 100% with 6 violations.
    elapsed time = 00:00:01, memory = 4744.13 (MB).
[INFO DRT-0199]   Number of violations = 6.
Viol/Layer          M1
Metal Spacing        5
Short                1
[INFO DRT-0267] cpu time = 00:00:03, elapsed time = 00:00:01, memory = 4659.06 (MB), peak = 11149.87 (MB)
Total wire length = 47761 um.
Total wire length on LAYER M1 = 0 um.
Total wire length on LAYER M2 = 11010 um.
Total wire length on LAYER M3 = 22525 um.
Total wire length on LAYER M4 = 10561 um.
Total wire length on LAYER M5 = 3574 um.
Total wire length on LAYER M6 = 53 um.
Total wire length on LAYER M7 = 35 um.
Total wire length on LAYER M8 = 0 um.
Total wire length on LAYER M9 = 0 um.
Total wire length on LAYER Pad = 0 um.
Total number of vias = 109114.
Up-via summary (total 109114):

-----------------
 Active         0
     M1     34275
     M2     59514
     M3     13337
     M4      1901
     M5        78
     M6         9
     M7         0
     M8         0
     M9         0
-----------------
       109114


[INFO DRT-0195] Start 5th guides tiles iteration.
    Completing 100% with 6 violations.
    elapsed time = 00:00:00, memory = 4659.06 (MB).
[INFO DRT-0199]   Number of violations = 6.
Viol/Layer          M1
Metal Spacing        5
Short                1
[INFO DRT-0267] cpu time = 00:00:01, elapsed time = 00:00:00, memory = 4744.41 (MB), peak = 11149.87 (MB)
Total wire length = 47761 um.
Total wire length on LAYER M1 = 0 um.
Total wire length on LAYER M2 = 11010 um.
Total wire length on LAYER M3 = 22525 um.
Total wire length on LAYER M4 = 10561 um.
Total wire length on LAYER M5 = 3574 um.
Total wire length on LAYER M6 = 53 um.
Total wire length on LAYER M7 = 35 um.
Total wire length on LAYER M8 = 0 um.
Total wire length on LAYER M9 = 0 um.
Total wire length on LAYER Pad = 0 um.
Total number of vias = 109114.
Up-via summary (total 109114):

-----------------
 Active         0
     M1     34275
     M2     59514
     M3     13337
     M4      1901
     M5        78
     M6         9
     M7         0
     M8         0
     M9         0
-----------------
       109114


[INFO DRT-0195] Start 6th stubborn tiles iteration.
    Completing 10% with 6 violations.
    elapsed time = 00:00:04, memory = 10869.64 (MB).
    Completing 20% with 6 violations.
    elapsed time = 00:00:05, memory = 10124.33 (MB).
    Completing 30% with 6 violations.
    elapsed time = 00:00:05, memory = 10534.67 (MB).
    Completing 40% with 6 violations.
    elapsed time = 00:00:07, memory = 11979.08 (MB).
    Completing 50% with 6 violations.
    elapsed time = 00:00:07, memory = 12252.10 (MB).
    Completing 60% with 6 violations.
    elapsed time = 00:00:08, memory = 13212.23 (MB).
    Completing 70% with 6 violations.
    elapsed time = 00:00:09, memory = 13178.07 (MB).
    Completing 80% with 6 violations.
    elapsed time = 00:00:09, memory = 11286.06 (MB).
    Completing 90% with 6 violations.
    elapsed time = 00:00:10, memory = 9442.18 (MB).
    Completing 100% with 0 violations.
    elapsed time = 00:00:12, memory = 7662.75 (MB).
[INFO DRT-0199]   Number of violations = 0.
[INFO DRT-0267] cpu time = 00:05:20, elapsed time = 00:00:12, memory = 7776.41 (MB), peak = 13784.39 (MB)
Total wire length = 47761 um.
Total wire length on LAYER M1 = 0 um.
Total wire length on LAYER M2 = 11010 um.
Total wire length on LAYER M3 = 22525 um.
Total wire length on LAYER M4 = 10562 um.
Total wire length on LAYER M5 = 3574 um.
Total wire length on LAYER M6 = 53 um.
Total wire length on LAYER M7 = 35 um.
Total wire length on LAYER M8 = 0 um.
Total wire length on LAYER M9 = 0 um.
Total wire length on LAYER Pad = 0 um.
Total number of vias = 109120.
Up-via summary (total 109120):

-----------------
 Active         0
     M1     34275
     M2     59518
     M3     13339
     M4      1901
     M5        78
     M6         9
     M7         0
     M8         0
     M9         0
-----------------
       109120


[INFO DRT-0198] Complete detail routing.
Total wire length = 47761 um.
Total wire length on LAYER M1 = 0 um.
Total wire length on LAYER M2 = 11010 um.
Total wire length on LAYER M3 = 22525 um.
Total wire length on LAYER M4 = 10562 um.
Total wire length on LAYER M5 = 3574 um.
Total wire length on LAYER M6 = 53 um.
Total wire length on LAYER M7 = 35 um.
Total wire length on LAYER M8 = 0 um.
Total wire length on LAYER M9 = 0 um.
Total wire length on LAYER Pad = 0 um.
Total number of vias = 109120.
Up-via summary (total 109120):

-----------------
 Active         0
     M1     34275
     M2     59518
     M3     13339
     M4      1901
     M5        78
     M6         9
     M7         0
     M8         0
     M9         0
-----------------
       109120


[INFO DRT-0267] cpu time = 00:37:15, elapsed time = 00:01:52, memory = 7776.41 (MB), peak = 13784.39 (MB)

[INFO DRT-0180] Post processing.
Took 134 seconds: detailed_route -output_drc ./reports/asap7/mock-alu/modified_alpha_2-beta_0.1/5_route_drc.rpt -output_maze ./results/asap7/mock-alu/modified_alpha_2-beta_0.1/maze.log -droute_end_iter 64 -verbose 1 -drc_report_iter_step 5
[WARNING GRT-0246] No diode with LEF class CORE ANTENNACELL found.
[INFO ANT-0002] Found 0 net violations.
[INFO ANT-0001] Found 0 pin violations.
[INFO ANT-0002] Found 0 net violations.
[INFO ANT-0001] Found 0 pin violations.
write_db ./results/asap7/mock-alu/modified_alpha_2-beta_0.1/5_2_route.odb
Elapsed time: 2:15.28[h:]min:sec. CPU time: user 2628.14 sys 102.11 (2018%). Peak memory: 14115212KB.
Log                        Elapsed/s Peak Memory/MB  sha1sum .odb [0:20)
5_2_route                        135          13784 d417d0f8a5fe08848be5
