OpenROAD ee3d65ce03b2656092ed62bf9205c5c11049c575 
Features included (+) or not (-): +GPU +GUI +Python
This program is licensed under the BSD-3 license. See the LICENSE file for details.
Components of this program may be licensed under more restrictive licenses which must be honored.
[INFO ORD-0030] Using 32 thread(s).
source /home/lucast/workspace/OR-flow-TCC/flow/platforms/asap7/liberty_suppressions.tcl
read_liberty /home/lucast/workspace/OR-flow-TCC/flow/platforms/asap7/lib/NLDM/asap7sc7p5t_AO_RVT_FF_nldm_211120.lib.gz
read_liberty /home/lucast/workspace/OR-flow-TCC/flow/platforms/asap7/lib/NLDM/asap7sc7p5t_INVBUF_RVT_FF_nldm_220122.lib.gz
read_liberty /home/lucast/workspace/OR-flow-TCC/flow/platforms/asap7/lib/NLDM/asap7sc7p5t_OA_RVT_FF_nldm_211120.lib.gz
read_liberty /home/lucast/workspace/OR-flow-TCC/flow/platforms/asap7/lib/NLDM/asap7sc7p5t_SIMPLE_RVT_FF_nldm_211120.lib.gz
read_liberty /home/lucast/workspace/OR-flow-TCC/flow/platforms/asap7/lib/NLDM/asap7sc7p5t_SEQ_RVT_FF_nldm_220123.lib
read_liberty ./results/asap7/aes-block_aes_rcon/modified_alpha_4-beta_0.1/aes_rcon_typ.lib
read_liberty ./results/asap7/aes-block_aes_sbox/modified_alpha_4-beta_0.1/aes_sbox_typ.lib
read_liberty /home/lucast/workspace/OR-flow-TCC/flow/platforms/asap7/lib/NLDM/asap7sc7p5t_DFFHQNH2V2X_RVT_TT_nldm_FAKE.lib
read_liberty /home/lucast/workspace/OR-flow-TCC/flow/platforms/asap7/lib/NLDM/asap7sc7p5t_DFFHQNV2X_RVT_TT_nldm_FAKE.lib
read_db ./results/asap7/aes-block/modified_alpha_4-beta_0.1/5_1_grt.odb
source /home/lucast/workspace/OR-flow-TCC/flow/platforms/asap7/setRC.tcl
detailed_route -output_drc ./reports/asap7/aes-block/modified_alpha_4-beta_0.1/5_route_drc.rpt -output_maze ./results/asap7/aes-block/modified_alpha_4-beta_0.1/maze.log -droute_end_iter 64 -verbose 1 -drc_report_iter_step 5
[INFO DRT-0149] Reading tech and libs.

Units:                1000
Number of layers:     21
Number of macros:     232
Number of vias:       36
Number of viarulegen: 11

[INFO DRT-0150] Reading design.

Design:                   aes_cipher_top
Die area:                 ( 0 0 ) ( 117475 117475 )
Number of track patterns: 32
Number of DEF vias:       0
Number of components:     8806
Number of terminals:      390
Number of snets:          2
Number of nets:           5158

[INFO DRT-0167] List of default vias:
  Layer V2
    default via: VIA23
  Layer V3
    default via: VIA34
  Layer V4
    default via: VIA45
  Layer V5
    default via: VIA56
  Layer V6
    default via: VIA67
  Layer V7
    default via: VIA78
  Layer V8
    default via: VIA89
  Layer V9
    default via: VIA9Pad
[INFO DRT-0162] Library cell analysis.
[INFO DRT-0163] Instance analysis.
[INFO DRT-0164] Number of unique instances = 164.
[INFO DRT-0168] Init region query.
[INFO DRT-0024]   Complete Active.
[INFO DRT-0024]   Complete V0.
[INFO DRT-0024]   Complete M1.
[INFO DRT-0024]   Complete V1.
[INFO DRT-0024]   Complete M2.
[INFO DRT-0024]   Complete V2.
[INFO DRT-0024]   Complete M3.
[INFO DRT-0024]   Complete V3.
[INFO DRT-0024]   Complete M4.
[INFO DRT-0024]   Complete V4.
[INFO DRT-0024]   Complete M5.
[INFO DRT-0024]   Complete V5.
[INFO DRT-0024]   Complete M6.
[INFO DRT-0024]   Complete V6.
[INFO DRT-0024]   Complete M7.
[INFO DRT-0024]   Complete V7.
[INFO DRT-0024]   Complete M8.
[INFO DRT-0024]   Complete V8.
[INFO DRT-0024]   Complete M9.
[INFO DRT-0024]   Complete V9.
[INFO DRT-0024]   Complete Pad.
[INFO DRT-0033] Active shape region query size = 0.
[INFO DRT-0033] V0 shape region query size = 0.
[INFO DRT-0033] M1 shape region query size = 98167.
[INFO DRT-0033] V1 shape region query size = 441396.
[INFO DRT-0033] M2 shape region query size = 13240.
[INFO DRT-0033] V2 shape region query size = 22557.
[INFO DRT-0033] M3 shape region query size = 22509.
[INFO DRT-0033] V3 shape region query size = 14946.
[INFO DRT-0033] M4 shape region query size = 15466.
[INFO DRT-0033] V4 shape region query size = 14946.
[INFO DRT-0033] M5 shape region query size = 10607.
[INFO DRT-0033] V5 shape region query size = 8450.
[INFO DRT-0033] M6 shape region query size = 2206.
[INFO DRT-0033] V6 shape region query size = 0.
[INFO DRT-0033] M7 shape region query size = 0.
[INFO DRT-0033] V7 shape region query size = 0.
[INFO DRT-0033] M8 shape region query size = 0.
[INFO DRT-0033] V8 shape region query size = 0.
[INFO DRT-0033] M9 shape region query size = 0.
[INFO DRT-0033] V9 shape region query size = 0.
[INFO DRT-0033] Pad shape region query size = 0.
[INFO DRT-0165] Start pin access.
[INFO DRT-0078]   Complete 989 pins.
[INFO DRT-0079]   Complete 100 unique inst patterns.
[INFO DRT-0081]   Complete 151 unique inst patterns.
[INFO DRT-0084]   Complete 3086 groups.
#scanned instances     = 8806
#unique  instances     = 160
#stdCellGenAp          = 4947
#stdCellValidPlanarAp  = 24
#stdCellValidViaAp     = 3521
#stdCellPinNoAp        = 0
#stdCellPinCnt         = 13232
#instTermValidViaApCnt = 0
#macroGenAp            = 604
#macroValidPlanarAp    = 604
#macroValidViaAp       = 268
#macroNoAp             = 0
[INFO DRT-0166] Complete pin access.
[INFO DRT-0267] cpu time = 00:02:11, elapsed time = 00:00:08, memory = 432.48 (MB), peak = 427.82 (MB)

[INFO DRT-0157] Number of guides:     38229

[INFO DRT-0169] Post process guides.
[INFO DRT-0176] GCELLGRID X 0 DO 206 STEP 570 ;
[INFO DRT-0177] GCELLGRID Y 0 DO 206 STEP 570 ;
[INFO DRT-0028]   Complete Active.
[INFO DRT-0028]   Complete V0.
[INFO DRT-0028]   Complete M1.
[INFO DRT-0028]   Complete V1.
[INFO DRT-0028]   Complete M2.
[INFO DRT-0028]   Complete V2.
[INFO DRT-0028]   Complete M3.
[INFO DRT-0028]   Complete V3.
[INFO DRT-0028]   Complete M4.
[INFO DRT-0028]   Complete V4.
[INFO DRT-0028]   Complete M5.
[INFO DRT-0028]   Complete V5.
[INFO DRT-0028]   Complete M6.
[INFO DRT-0028]   Complete V6.
[INFO DRT-0028]   Complete M7.
[INFO DRT-0028]   Complete V7.
[INFO DRT-0028]   Complete M8.
[INFO DRT-0028]   Complete V8.
[INFO DRT-0028]   Complete M9.
[INFO DRT-0028]   Complete V9.
[INFO DRT-0028]   Complete Pad.
[INFO DRT-0178] Init guide query.
[INFO DRT-0035]   Complete Active (guide).
[INFO DRT-0035]   Complete V0 (guide).
[INFO DRT-0035]   Complete M1 (guide).
[INFO DRT-0035]   Complete V1 (guide).
[INFO DRT-0035]   Complete M2 (guide).
[INFO DRT-0035]   Complete V2 (guide).
[INFO DRT-0035]   Complete M3 (guide).
[INFO DRT-0035]   Complete V3 (guide).
[INFO DRT-0035]   Complete M4 (guide).
[INFO DRT-0035]   Complete V4 (guide).
[INFO DRT-0035]   Complete M5 (guide).
[INFO DRT-0035]   Complete V5 (guide).
[INFO DRT-0035]   Complete M6 (guide).
[INFO DRT-0035]   Complete V6 (guide).
[INFO DRT-0035]   Complete M7 (guide).
[INFO DRT-0035]   Complete V7 (guide).
[INFO DRT-0035]   Complete M8 (guide).
[INFO DRT-0035]   Complete V8 (guide).
[INFO DRT-0035]   Complete M9 (guide).
[INFO DRT-0035]   Complete V9 (guide).
[INFO DRT-0035]   Complete Pad (guide).
[INFO DRT-0036] Active guide region query size = 0.
[INFO DRT-0036] V0 guide region query size = 0.
[INFO DRT-0036] M1 guide region query size = 11651.
[INFO DRT-0036] V1 guide region query size = 0.
[INFO DRT-0036] M2 guide region query size = 9995.
[INFO DRT-0036] V2 guide region query size = 0.
[INFO DRT-0036] M3 guide region query size = 5192.
[INFO DRT-0036] V3 guide region query size = 0.
[INFO DRT-0036] M4 guide region query size = 1209.
[INFO DRT-0036] V4 guide region query size = 0.
[INFO DRT-0036] M5 guide region query size = 792.
[INFO DRT-0036] V5 guide region query size = 0.
[INFO DRT-0036] M6 guide region query size = 551.
[INFO DRT-0036] V6 guide region query size = 0.
[INFO DRT-0036] M7 guide region query size = 272.
[INFO DRT-0036] V7 guide region query size = 0.
[INFO DRT-0036] M8 guide region query size = 38.
[INFO DRT-0036] V8 guide region query size = 0.
[INFO DRT-0036] M9 guide region query size = 0.
[INFO DRT-0036] V9 guide region query size = 0.
[INFO DRT-0036] Pad guide region query size = 0.
[INFO DRT-0179] Init gr pin query.
[INFO DRT-0267] cpu time = 00:00:00, elapsed time = 00:00:00, memory = 442.93 (MB), peak = 438.07 (MB)
[INFO DRT-0245] skipped writing guide updates to database.
[INFO DRT-0185] Post process initialize RPin region query.
[INFO DRT-0181] Start track assignment.
[INFO DRT-0184] Done with 17907 vertical wires in 5 frboxes and 11793 horizontal wires in 5 frboxes.
[INFO DRT-0186] Done with 1491 vertical wires in 5 frboxes and 3094 horizontal wires in 5 frboxes.
[INFO DRT-0182] Complete track assignment.
[INFO DRT-0267] cpu time = 00:00:01, elapsed time = 00:00:00, memory = 626.50 (MB), peak = 621.32 (MB)
[INFO DRT-0187] Start routing data preparation.
[INFO DRT-0267] cpu time = 00:00:00, elapsed time = 00:00:00, memory = 626.56 (MB), peak = 621.32 (MB)
[INFO DRT-0194] Start detail routing.
[INFO DRT-0195] Start 0th optimization iteration.
    Completing 10% with 0 violations.
    elapsed time = 00:00:01, memory = 6116.02 (MB).
    Completing 20% with 0 violations.
    elapsed time = 00:00:03, memory = 7409.22 (MB).
    Completing 30% with 119 violations.
    elapsed time = 00:00:06, memory = 7301.54 (MB).
    Completing 40% with 119 violations.
    elapsed time = 00:00:08, memory = 7753.52 (MB).
    Completing 50% with 119 violations.
    elapsed time = 00:00:11, memory = 3393.75 (MB).
    Completing 60% with 244 violations.
    elapsed time = 00:00:14, memory = 8391.99 (MB).
    Completing 70% with 244 violations.
    elapsed time = 00:00:18, memory = 8394.32 (MB).
    Completing 80% with 320 violations.
    elapsed time = 00:00:20, memory = 8683.37 (MB).
    Completing 90% with 320 violations.
    elapsed time = 00:00:23, memory = 8963.10 (MB).
    Completing 100% with 394 violations.
    elapsed time = 00:00:27, memory = 3854.16 (MB).
[INFO DRT-0199]   Number of violations = 542.
Viol/Layer          M1     M2     M3     V3     M4     V4     M5     V5     M6     V6     M7     V7     M8
Cut Spacing          0      0      0      0      0      0      0      0      0      0      0      1      0
CutSpcTbl            0      0      0     15      0      4      0      1      0      0      0      0      0
EOL                  0     17      1      0      4      0      0      0      0      0      0      0      0
Metal Spacing       29      8     24      0     10      0      2      0      0      0      0      0      7
Min Step             0      0      0      0      0      0      0      0      0      0      0      0     13
Recheck              0     80     45      0     10      0      7      0      6      0      0      0      0
Rect Only            0      4      0      0      0      0      0      0      0      0     12      0      0
Short                0     64     15      2      8      0      2      3     15      3      0      1      4
eolKeepOut           0     90     13      0     22      0      0      0      0      0      0      0      0
[INFO DRT-0267] cpu time = 00:12:21, elapsed time = 00:00:27, memory = 4282.03 (MB), peak = 9531.60 (MB)
Total wire length = 45383 um.
Total wire length on LAYER M1 = 0 um.
Total wire length on LAYER M2 = 13587 um.
Total wire length on LAYER M3 = 10267 um.
Total wire length on LAYER M4 = 6944 um.
Total wire length on LAYER M5 = 1365 um.
Total wire length on LAYER M6 = 4843 um.
Total wire length on LAYER M7 = 7003 um.
Total wire length on LAYER M8 = 1370 um.
Total wire length on LAYER M9 = 0 um.
Total wire length on LAYER Pad = 0 um.
Total number of vias = 40790.
Up-via summary (total 40790):

----------------
 Active        0
     M1    13185
     M2    21945
     M3     3455
     M4      908
     M5      668
     M6      538
     M7       91
     M8        0
     M9        0
----------------
       40790


[INFO DRT-0195] Start 1st optimization iteration.
    Completing 10% with 542 violations.
    elapsed time = 00:00:02, memory = 9645.92 (MB).
    Completing 20% with 542 violations.
    elapsed time = 00:00:06, memory = 9476.65 (MB).
    Completing 30% with 401 violations.
    elapsed time = 00:00:09, memory = 9397.95 (MB).
    Completing 40% with 401 violations.
    elapsed time = 00:00:12, memory = 9574.40 (MB).
    Completing 50% with 401 violations.
    elapsed time = 00:00:15, memory = 4586.00 (MB).
    Completing 60% with 299 violations.
    elapsed time = 00:00:19, memory = 9966.00 (MB).
    Completing 70% with 299 violations.
    elapsed time = 00:00:22, memory = 9906.50 (MB).
    Completing 80% with 166 violations.
    elapsed time = 00:00:25, memory = 9538.23 (MB).
    Completing 90% with 166 violations.
    elapsed time = 00:00:28, memory = 10080.14 (MB).
    Completing 100% with 41 violations.
    elapsed time = 00:00:32, memory = 4669.14 (MB).
[INFO DRT-0199]   Number of violations = 41.
Viol/Layer          M1     M2     M3     V3     M4     V4     M6
CutSpcTbl            0      0      0      3      0      1      0
EOL                  0      3      0      0      0      0      0
Metal Spacing        2      2      1      0      0      0      8
Rect Only            0      8      0      0      0      0      0
Short                0      2      1      0      1      0      0
eolKeepOut           0      9      0      0      0      0      0
[INFO DRT-0267] cpu time = 00:14:35, elapsed time = 00:00:32, memory = 4672.14 (MB), peak = 10476.49 (MB)
Total wire length = 45247 um.
Total wire length on LAYER M1 = 0 um.
Total wire length on LAYER M2 = 13426 um.
Total wire length on LAYER M3 = 10195 um.
Total wire length on LAYER M4 = 7043 um.
Total wire length on LAYER M5 = 1366 um.
Total wire length on LAYER M6 = 4844 um.
Total wire length on LAYER M7 = 6999 um.
Total wire length on LAYER M8 = 1372 um.
Total wire length on LAYER M9 = 0 um.
Total wire length on LAYER Pad = 0 um.
Total number of vias = 39587.
Up-via summary (total 39587):

----------------
 Active        0
     M1    13179
     M2    21009
     M3     3248
     M4      870
     M5      664
     M6      530
     M7       87
     M8        0
     M9        0
----------------
       39587


[INFO DRT-0195] Start 2nd optimization iteration.
    Completing 10% with 41 violations.
    elapsed time = 00:00:00, memory = 4672.14 (MB).
    Completing 20% with 41 violations.
    elapsed time = 00:00:00, memory = 4672.14 (MB).
    Completing 30% with 37 violations.
    elapsed time = 00:00:02, memory = 4672.14 (MB).
    Completing 40% with 37 violations.
    elapsed time = 00:00:02, memory = 4672.14 (MB).
    Completing 50% with 37 violations.
    elapsed time = 00:00:02, memory = 4672.14 (MB).
    Completing 60% with 34 violations.
    elapsed time = 00:00:04, memory = 4672.14 (MB).
    Completing 70% with 34 violations.
    elapsed time = 00:00:04, memory = 4672.14 (MB).
    Completing 80% with 28 violations.
    elapsed time = 00:00:07, memory = 4672.14 (MB).
    Completing 90% with 28 violations.
    elapsed time = 00:00:07, memory = 4672.14 (MB).
    Completing 100% with 19 violations.
    elapsed time = 00:00:08, memory = 4672.14 (MB).
[INFO DRT-0199]   Number of violations = 19.
Viol/Layer          M2     M3     V3
CutSpcTbl            0      0      3
EOL                  1      0      0
Metal Spacing        0      2      0
Rect Only            4      0      0
Short                0      3      0
eolKeepOut           6      0      0
[INFO DRT-0267] cpu time = 00:00:29, elapsed time = 00:00:08, memory = 4586.48 (MB), peak = 10476.49 (MB)
Total wire length = 45246 um.
Total wire length on LAYER M1 = 0 um.
Total wire length on LAYER M2 = 13414 um.
Total wire length on LAYER M3 = 10190 um.
Total wire length on LAYER M4 = 7054 um.
Total wire length on LAYER M5 = 1371 um.
Total wire length on LAYER M6 = 4846 um.
Total wire length on LAYER M7 = 6999 um.
Total wire length on LAYER M8 = 1370 um.
Total wire length on LAYER M9 = 0 um.
Total wire length on LAYER Pad = 0 um.
Total number of vias = 39616.
Up-via summary (total 39616):

----------------
 Active        0
     M1    13178
     M2    21072
     M3     3208
     M4      885
     M5      658
     M6      530
     M7       85
     M8        0
     M9        0
----------------
       39616


[INFO DRT-0195] Start 3rd guides tiles iteration.
    Completing 10% with 19 violations.
    elapsed time = 00:00:00, memory = 5209.81 (MB).
    Completing 20% with 19 violations.
    elapsed time = 00:00:00, memory = 5011.58 (MB).
    Completing 30% with 19 violations.
    elapsed time = 00:00:00, memory = 4719.39 (MB).
    Completing 40% with 19 violations.
    elapsed time = 00:00:00, memory = 4586.72 (MB).
    Completing 50% with 9 violations.
    elapsed time = 00:00:01, memory = 4586.72 (MB).
    Completing 60% with 9 violations.
    elapsed time = 00:00:01, memory = 4586.72 (MB).
    Completing 70% with 9 violations.
    elapsed time = 00:00:01, memory = 4586.72 (MB).
    Completing 80% with 4 violations.
    elapsed time = 00:00:06, memory = 4602.46 (MB).
    Completing 90% with 3 violations.
    elapsed time = 00:00:06, memory = 4602.46 (MB).
    Completing 100% with 0 violations.
    elapsed time = 00:00:06, memory = 4602.46 (MB).
[INFO DRT-0199]   Number of violations = 0.
[INFO DRT-0267] cpu time = 00:00:10, elapsed time = 00:00:07, memory = 4687.29 (MB), peak = 10476.49 (MB)
Total wire length = 45246 um.
Total wire length on LAYER M1 = 0 um.
Total wire length on LAYER M2 = 13418 um.
Total wire length on LAYER M3 = 10189 um.
Total wire length on LAYER M4 = 7051 um.
Total wire length on LAYER M5 = 1371 um.
Total wire length on LAYER M6 = 4846 um.
Total wire length on LAYER M7 = 6999 um.
Total wire length on LAYER M8 = 1370 um.
Total wire length on LAYER M9 = 0 um.
Total wire length on LAYER Pad = 0 um.
Total number of vias = 39630.
Up-via summary (total 39630):

----------------
 Active        0
     M1    13178
     M2    21067
     M3     3225
     M4      887
     M5      658
     M6      530
     M7       85
     M8        0
     M9        0
----------------
       39630


[INFO DRT-0198] Complete detail routing.
Total wire length = 45246 um.
Total wire length on LAYER M1 = 0 um.
Total wire length on LAYER M2 = 13418 um.
Total wire length on LAYER M3 = 10189 um.
Total wire length on LAYER M4 = 7051 um.
Total wire length on LAYER M5 = 1371 um.
Total wire length on LAYER M6 = 4846 um.
Total wire length on LAYER M7 = 6999 um.
Total wire length on LAYER M8 = 1370 um.
Total wire length on LAYER M9 = 0 um.
Total wire length on LAYER Pad = 0 um.
Total number of vias = 39630.
Up-via summary (total 39630):

----------------
 Active        0
     M1    13178
     M2    21067
     M3     3225
     M4      887
     M5      658
     M6      530
     M7       85
     M8        0
     M9        0
----------------
       39630


[INFO DRT-0267] cpu time = 00:27:37, elapsed time = 00:01:15, memory = 4687.29 (MB), peak = 10476.49 (MB)

[INFO DRT-0180] Post processing.
Took 85 seconds: detailed_route -output_drc ./reports/asap7/aes-block/modified_alpha_4-beta_0.1/5_route_drc.rpt -output_maze ./results/asap7/aes-block/modified_alpha_4-beta_0.1/maze.log -droute_end_iter 64 -verbose 1 -drc_report_iter_step 5
[WARNING GRT-0246] No diode with LEF class CORE ANTENNACELL found.
[INFO ANT-0002] Found 0 net violations.
[INFO ANT-0001] Found 0 pin violations.
[INFO ANT-0002] Found 0 net violations.
[INFO ANT-0001] Found 0 pin violations.
write_db ./results/asap7/aes-block/modified_alpha_4-beta_0.1/5_2_route.odb
Elapsed time: 1:26.36[h:]min:sec. CPU time: user 1671.62 sys 126.14 (2081%). Peak memory: 10727928KB.
Log                        Elapsed/s Peak Memory/MB  sha1sum .odb [0:20)
5_2_route                         86          10476 ab239764d37ace8d7226
