OpenROAD fe1aa0f9d0254fac87b82c886c04ee1544e46885 
Features included (+) or not (-): +GPU +GUI +Python
This program is licensed under the BSD-3 license. See the LICENSE file for details.
Components of this program may be licensed under more restrictive licenses which must be honored.
[INFO ORD-0030] Using 32 thread(s).
source /home/lucast/workspace/OR-flow-TCC/flow/platforms/asap7/liberty_suppressions.tcl
read_liberty /home/lucast/workspace/OR-flow-TCC/flow/platforms/asap7/lib/NLDM/asap7sc7p5t_AO_RVT_FF_nldm_211120.lib.gz
read_liberty /home/lucast/workspace/OR-flow-TCC/flow/platforms/asap7/lib/NLDM/asap7sc7p5t_INVBUF_RVT_FF_nldm_220122.lib.gz
read_liberty /home/lucast/workspace/OR-flow-TCC/flow/platforms/asap7/lib/NLDM/asap7sc7p5t_OA_RVT_FF_nldm_211120.lib.gz
read_liberty /home/lucast/workspace/OR-flow-TCC/flow/platforms/asap7/lib/NLDM/asap7sc7p5t_SIMPLE_RVT_FF_nldm_211120.lib.gz
read_liberty /home/lucast/workspace/OR-flow-TCC/flow/platforms/asap7/lib/NLDM/asap7sc7p5t_SEQ_RVT_FF_nldm_220123.lib
read_liberty /home/lucast/workspace/OR-flow-TCC/flow/platforms/asap7/lib/NLDM/asap7sc7p5t_DFFHQNH2V2X_RVT_TT_nldm_FAKE.lib
read_liberty /home/lucast/workspace/OR-flow-TCC/flow/platforms/asap7/lib/NLDM/asap7sc7p5t_DFFHQNV2X_RVT_TT_nldm_FAKE.lib
read_db ./results/asap7/gcd/baseline_alpha_4-beta_0.1/3_4_place_resized.odb
source /home/lucast/workspace/OR-flow-TCC/flow/platforms/asap7/setRC.tcl
[INFO DPL-0005] Max displacement: +/- 500 sites horizontally, +/- 100 rows vertically.
Movements Summary
---------------------------------------
Total cells:                     362
Diamond Move Success:            362 (100.00%)
Diamond Move Failure:              0
Rip-up and replace Success:        0 (  0.00% of diamond failures)
Rip-up and replace Failure:        0
Total Placement Failures:          0
---------------------------------------
Placement Analysis
---------------------------------
total displacement         98.8 u
average displacement        0.2 u
max displacement            1.2 u
original HPWL             599.2 u
legalized HPWL            689.5 u
delta HPWL                   15 %

Detailed placement improvement.
[INFO DPL-0401] Setting random seed to 1.
[INFO DPL-0402] Setting maximum displacement 5 1 to 1350 270 units.
[INFO DPL-0320] Collected 110 fixed cells.
[INFO DPL-0318] Collected 355 single height cells.
[INFO DPL-0319] Collected 7 multi-height cells spanning 2 rows.
[INFO DPL-0321] Collected 0 wide cells.
[INFO DPL-0322] Image (540, 540) - (8262, 8100)
[INFO DPL-0310] Assigned 355 cells into segments.  Movement in X-direction is 0.000000, movement in Y-direction is 0.000000.
[INFO DPL-0310] Assigned 7 cells into segments.  Movement in X-direction is 0.000000, movement in Y-direction is 0.000000.
[INFO DPL-0313] Found 0 cells in wrong regions.
[INFO DPL-0315] Found 0 row alignment problems.
[INFO DPL-0314] Found 0 site alignment problems.
[INFO DPL-0311] Found 0 overlaps between adjacent cells.
[INFO DPL-0312] Found 0 edge spacing violations and 0 padding violations.
[INFO DPL-0303] Running algorithm for independent set matching.
[INFO DPL-0300] Set matching objective is wirelength.
[INFO DPL-0301] Pass   1 of matching; objective is 6.887600e+05.
[INFO DPL-0302] End of matching; objective is 6.871060e+05, improvement is 0.24 percent.
[INFO DPL-0303] Running algorithm for global swaps.
[INFO DPL-0306] Pass   1 of global swaps; hpwl is 6.697430e+05.
[INFO DPL-0306] Pass   2 of global swaps; hpwl is 6.675210e+05.
[INFO DPL-0307] End of global swaps; objective is 6.675210e+05, improvement is 2.85 percent.
[INFO DPL-0303] Running algorithm for vertical swaps.
[INFO DPL-0308] Pass   1 of vertical swaps; hpwl is 6.654400e+05.
[INFO DPL-0309] End of vertical swaps; objective is 6.654400e+05, improvement is 0.31 percent.
[INFO DPL-0303] Running algorithm for reordering.
[INFO DPL-0304] Pass   1 of reordering; objective is 6.598940e+05.
[INFO DPL-0305] End of reordering; objective is 6.598940e+05, improvement is 0.83 percent.
[INFO DPL-0303] Running algorithm for random improvement.
[INFO DPL-0324] Random improver is using random generator.
[INFO DPL-0325] Random improver is using hpwl objective.
[INFO DPL-0326] Random improver cost string is (a).
[INFO DPL-0332] End of pass, Generator random called 7240 times.
[INFO DPL-0335] Generator random, Cumulative attempts 7240, swaps 1665, moves   968 since last reset.
[INFO DPL-0333] End of pass, Objective hpwl, Initial cost 6.598940e+05, Scratch cost 6.507040e+05, Incremental cost 6.507040e+05, Mismatch? N
[INFO DPL-0338] End of pass, Total cost is 6.507040e+05.
[INFO DPL-0327] Pass   1 of random improver; improvement in cost is 1.39 percent.
[INFO DPL-0332] End of pass, Generator random called 7240 times.
[INFO DPL-0335] Generator random, Cumulative attempts 14480, swaps 3335, moves  2026 since last reset.
[INFO DPL-0333] End of pass, Objective hpwl, Initial cost 6.507040e+05, Scratch cost 6.480820e+05, Incremental cost 6.480820e+05, Mismatch? N
[INFO DPL-0338] End of pass, Total cost is 6.480820e+05.
[INFO DPL-0327] Pass   2 of random improver; improvement in cost is 0.40 percent.
[INFO DPL-0328] End of random improver; improvement is 1.789984 percent.
[INFO DPL-0380] Cell flipping.
[INFO DPL-0382] Changed 0 cell orientations for row compatibility.
[INFO DPL-0383] Performed 138 cell flips.
[INFO DPL-0384] End of flipping; objective is 6.185410e+05, improvement is 4.56 percent.
[INFO DPL-0313] Found 0 cells in wrong regions.
[INFO DPL-0315] Found 0 row alignment problems.
[INFO DPL-0314] Found 0 site alignment problems.
[INFO DPL-0311] Found 0 overlaps between adjacent cells.
[INFO DPL-0312] Found 0 edge spacing violations and 0 padding violations.
Detailed Improvement Results
------------------------------------------
Original HPWL              689.5 u (     337.2,      352.2)
Final HPWL                 616.8 u (     286.0,      330.8)
Delta HPWL                 -10.5 % (     -15.2,       -6.1)

[INFO DPL-0020] Mirrored 24 instances
[INFO DPL-0021] HPWL before             616.8 u
[INFO DPL-0022] HPWL after              614.2 u
[INFO DPL-0023] HPWL delta               -0.4 %
[INFO FLW-0012] Placement violations .
estimate_parasitics -placement
Report metrics stage 3, detailed place...

==========================================================================
detailed place report_design_area
--------------------------------------------------------------------------
Design area 45 um^2 77% utilization.
write_db ./results/asap7/gcd/baseline_alpha_4-beta_0.1/3_5_place_dp.odb
Elapsed time: 0:00.80[h:]min:sec. CPU time: user 0.78 sys 0.08 (108%). Peak memory: 200488KB.
Log                        Elapsed/s Peak Memory/MB  sha1sum .odb [0:20)
3_5_place_dp                       0            195 f455012728da36049337
