
==========================================================================
resizer report_tns
--------------------------------------------------------------------------
tns max -2131.77

==========================================================================
resizer report_wns
--------------------------------------------------------------------------
wns max -44.90

==========================================================================
resizer report_worst_slack
--------------------------------------------------------------------------
worst slack max -44.90

==========================================================================
resizer report_clock_min_period
--------------------------------------------------------------------------
clk period_min = 424.90 fmax = 2353.51

==========================================================================
resizer report_checks -path_delay min
--------------------------------------------------------------------------
Startpoint: dcnt[2]$_SDFFE_PP0P_
            (rising edge-triggered flip-flop clocked by clk)
Endpoint: dcnt[2]$_SDFFE_PP0P_ (rising edge-triggered flip-flop clocked by clk)
Path Group: clk
Path Type: min

Fanout     Cap    Slew   Delay    Time   Description
-----------------------------------------------------------------------------
                  0.00    0.00    0.00   clock clk (rise edge)
                          0.00    0.00   clock network delay (ideal)
                  0.00    0.00    0.00 ^ dcnt[2]$_SDFFE_PP0P_/CLK (DFFHQNx1_ASAP7_75t_R)
     3    2.09   21.41   37.97   37.97 ^ dcnt[2]$_SDFFE_PP0P_/QN (DFFHQNx1_ASAP7_75t_R)
                                         _00491_ (net)
                 21.42    0.11   38.08 ^ _30043_/A1 (AOI21x1_ASAP7_75t_R)
     1    0.60    5.26    9.35   47.43 v _30043_/Y (AOI21x1_ASAP7_75t_R)
                                         _01554_ (net)
                  5.26    0.02   47.45 v dcnt[2]$_SDFFE_PP0P_/D (DFFHQNx1_ASAP7_75t_R)
                                 47.45   data arrival time

                  0.00    0.00    0.00   clock clk (rise edge)
                          0.00    0.00   clock network delay (ideal)
                          0.00    0.00   clock reconvergence pessimism
                                  0.00 ^ dcnt[2]$_SDFFE_PP0P_/CLK (DFFHQNx1_ASAP7_75t_R)
                          8.72    8.72   library hold time
                                  8.72   data required time
-----------------------------------------------------------------------------
                                  8.72   data required time
                                -47.45   data arrival time
-----------------------------------------------------------------------------
                                 38.73   slack (MET)



==========================================================================
resizer report_checks -path_delay max
--------------------------------------------------------------------------
Startpoint: _tray_size2_1122 (rising edge-triggered flip-flop clocked by clk)
Endpoint: sa20_sr[0]$_DFF_P_ (rising edge-triggered flip-flop clocked by clk)
Path Group: clk
Path Type: max

Fanout     Cap    Slew   Delay    Time   Description
-----------------------------------------------------------------------------
                  0.00    0.00    0.00   clock clk (rise edge)
                          0.00    0.00   clock network delay (ideal)
                  0.00    0.00    0.00 ^ _tray_size2_1122/CLK (DFFHQNV2Xx1_ASAP7_75t_R)
     3    7.71   79.96   78.60   78.60 ^ _tray_size2_1122/QN0 (DFFHQNV2Xx1_ASAP7_75t_R)
                                         _00795_ (net)
                 80.09    2.06   80.66 ^ _20882_/B (XOR2x2_ASAP7_75t_R)
     4    4.70   19.94   44.62  125.27 ^ _20882_/Y (XOR2x2_ASAP7_75t_R)
                                         _12652_ (net)
                 19.94    0.14  125.42 ^ _20895_/B (XOR2x2_ASAP7_75t_R)
     2    2.13   11.11   29.57  154.99 ^ _20895_/Y (XOR2x2_ASAP7_75t_R)
                                         _12664_ (net)
                 11.11    0.05  155.04 ^ _20896_/B (XOR2x2_ASAP7_75t_R)
     1    1.73    9.85   26.22  181.26 ^ _20896_/Y (XOR2x2_ASAP7_75t_R)
                                         _12665_ (net)
                  9.85    0.06  181.32 ^ _20897_/B (NOR2x1p5_ASAP7_75t_R)
     2    2.01   14.44    8.22  189.55 v _20897_/Y (NOR2x1p5_ASAP7_75t_R)
                                         _12666_ (net)
                 14.45    0.08  189.62 v _20921_/A1 (OAI21x1_ASAP7_75t_R)
     1    1.71   17.87   13.03  202.65 ^ _20921_/Y (OAI21x1_ASAP7_75t_R)
                                         _12688_ (net)
                 17.87    0.06  202.71 ^ _20923_/B (NAND2x1p5_ASAP7_75t_R)
     2    2.65   14.03   10.56  213.26 v _20923_/Y (NAND2x1p5_ASAP7_75t_R)
                                         _12690_ (net)
                 14.07    0.43  213.69 v _30194_/B (HAxp5_ASAP7_75t_R)
     4    4.90   53.23   28.65  242.34 ^ _30194_/CON (HAxp5_ASAP7_75t_R)
                                         _01139_ (net)
     2    1.57   29.85   18.39  260.74 v _30194_/SN (HAxp5_ASAP7_75t_R)
                                         _01140_ (net)
                 29.85    0.07  260.80 v place4572/A (BUFx3_ASAP7_75t_R)
     3    4.17   11.16   21.98  282.78 v place4572/Y (BUFx3_ASAP7_75t_R)
                                         net4572 (net)
                 11.17    0.12  282.89 v _21129_/B (AOI21x1_ASAP7_75t_R)
     2    3.15   24.63   15.65  298.54 ^ _21129_/Y (AOI21x1_ASAP7_75t_R)
                                         _12893_ (net)
                 24.64    0.29  298.84 ^ _21130_/A (NOR2x2_ASAP7_75t_R)
     3    4.44   21.34   16.01  314.84 v _21130_/Y (NOR2x2_ASAP7_75t_R)
                                         _12894_ (net)
                 21.37    0.47  315.32 v place4137/A (BUFx3_ASAP7_75t_R)
     4    4.62   11.61   20.38  335.69 v place4137/Y (BUFx3_ASAP7_75t_R)
                                         net4137 (net)
                 11.62    0.10  335.80 v _21470_/B (NOR2x1_ASAP7_75t_R)
     1    1.13   13.31    8.87  344.67 ^ _21470_/Y (NOR2x1_ASAP7_75t_R)
                                         _13228_ (net)
                 13.31    0.04  344.70 ^ _21471_/A2 (AOI21x1_ASAP7_75t_R)
     1    1.58   18.06    9.28  353.98 v _21471_/Y (AOI21x1_ASAP7_75t_R)
                                         _13229_ (net)
                 18.06    0.17  354.15 v _21472_/A (NAND2x1_ASAP7_75t_R)
     1    1.74   17.31   14.84  368.99 ^ _21472_/Y (NAND2x1_ASAP7_75t_R)
                                         _13230_ (net)
                 17.31    0.18  369.17 ^ _21478_/A1 (AOI21x1_ASAP7_75t_R)
     1    1.24   20.43   10.49  379.66 v _21478_/Y (AOI21x1_ASAP7_75t_R)
                                         _13236_ (net)
                 20.43    0.04  379.69 v _21493_/A1 (OAI21x1_ASAP7_75t_R)
     1    2.03   24.99   15.61  395.31 ^ _21493_/Y (OAI21x1_ASAP7_75t_R)
                                         _13251_ (net)
                 25.01    0.31  395.62 ^ _21521_/B (NAND2x1_ASAP7_75t_R)
     1    3.29   21.73   15.38  411.00 v _21521_/Y (NAND2x1_ASAP7_75t_R)
                                         _00112_ (net)
                 21.89    1.02  412.02 v sa20_sr[0]$_DFF_P_/D (DFFHQNx1_ASAP7_75t_R)
                                412.02   data arrival time

                  0.00  380.00  380.00   clock clk (rise edge)
                          0.00  380.00   clock network delay (ideal)
                          0.00  380.00   clock reconvergence pessimism
                                380.00 ^ sa20_sr[0]$_DFF_P_/CLK (DFFHQNx1_ASAP7_75t_R)
                        -12.88  367.12   library setup time
                                367.12   data required time
-----------------------------------------------------------------------------
                                367.12   data required time
                               -412.02   data arrival time
-----------------------------------------------------------------------------
                                -44.90   slack (VIOLATED)



==========================================================================
resizer report_checks -unconstrained
--------------------------------------------------------------------------
Startpoint: _tray_size2_1122 (rising edge-triggered flip-flop clocked by clk)
Endpoint: sa20_sr[0]$_DFF_P_ (rising edge-triggered flip-flop clocked by clk)
Path Group: clk
Path Type: max

Fanout     Cap    Slew   Delay    Time   Description
-----------------------------------------------------------------------------
                  0.00    0.00    0.00   clock clk (rise edge)
                          0.00    0.00   clock network delay (ideal)
                  0.00    0.00    0.00 ^ _tray_size2_1122/CLK (DFFHQNV2Xx1_ASAP7_75t_R)
     3    7.71   79.96   78.60   78.60 ^ _tray_size2_1122/QN0 (DFFHQNV2Xx1_ASAP7_75t_R)
                                         _00795_ (net)
                 80.09    2.06   80.66 ^ _20882_/B (XOR2x2_ASAP7_75t_R)
     4    4.70   19.94   44.62  125.27 ^ _20882_/Y (XOR2x2_ASAP7_75t_R)
                                         _12652_ (net)
                 19.94    0.14  125.42 ^ _20895_/B (XOR2x2_ASAP7_75t_R)
     2    2.13   11.11   29.57  154.99 ^ _20895_/Y (XOR2x2_ASAP7_75t_R)
                                         _12664_ (net)
                 11.11    0.05  155.04 ^ _20896_/B (XOR2x2_ASAP7_75t_R)
     1    1.73    9.85   26.22  181.26 ^ _20896_/Y (XOR2x2_ASAP7_75t_R)
                                         _12665_ (net)
                  9.85    0.06  181.32 ^ _20897_/B (NOR2x1p5_ASAP7_75t_R)
     2    2.01   14.44    8.22  189.55 v _20897_/Y (NOR2x1p5_ASAP7_75t_R)
                                         _12666_ (net)
                 14.45    0.08  189.62 v _20921_/A1 (OAI21x1_ASAP7_75t_R)
     1    1.71   17.87   13.03  202.65 ^ _20921_/Y (OAI21x1_ASAP7_75t_R)
                                         _12688_ (net)
                 17.87    0.06  202.71 ^ _20923_/B (NAND2x1p5_ASAP7_75t_R)
     2    2.65   14.03   10.56  213.26 v _20923_/Y (NAND2x1p5_ASAP7_75t_R)
                                         _12690_ (net)
                 14.07    0.43  213.69 v _30194_/B (HAxp5_ASAP7_75t_R)
     4    4.90   53.23   28.65  242.34 ^ _30194_/CON (HAxp5_ASAP7_75t_R)
                                         _01139_ (net)
     2    1.57   29.85   18.39  260.74 v _30194_/SN (HAxp5_ASAP7_75t_R)
                                         _01140_ (net)
                 29.85    0.07  260.80 v place4572/A (BUFx3_ASAP7_75t_R)
     3    4.17   11.16   21.98  282.78 v place4572/Y (BUFx3_ASAP7_75t_R)
                                         net4572 (net)
                 11.17    0.12  282.89 v _21129_/B (AOI21x1_ASAP7_75t_R)
     2    3.15   24.63   15.65  298.54 ^ _21129_/Y (AOI21x1_ASAP7_75t_R)
                                         _12893_ (net)
                 24.64    0.29  298.84 ^ _21130_/A (NOR2x2_ASAP7_75t_R)
     3    4.44   21.34   16.01  314.84 v _21130_/Y (NOR2x2_ASAP7_75t_R)
                                         _12894_ (net)
                 21.37    0.47  315.32 v place4137/A (BUFx3_ASAP7_75t_R)
     4    4.62   11.61   20.38  335.69 v place4137/Y (BUFx3_ASAP7_75t_R)
                                         net4137 (net)
                 11.62    0.10  335.80 v _21470_/B (NOR2x1_ASAP7_75t_R)
     1    1.13   13.31    8.87  344.67 ^ _21470_/Y (NOR2x1_ASAP7_75t_R)
                                         _13228_ (net)
                 13.31    0.04  344.70 ^ _21471_/A2 (AOI21x1_ASAP7_75t_R)
     1    1.58   18.06    9.28  353.98 v _21471_/Y (AOI21x1_ASAP7_75t_R)
                                         _13229_ (net)
                 18.06    0.17  354.15 v _21472_/A (NAND2x1_ASAP7_75t_R)
     1    1.74   17.31   14.84  368.99 ^ _21472_/Y (NAND2x1_ASAP7_75t_R)
                                         _13230_ (net)
                 17.31    0.18  369.17 ^ _21478_/A1 (AOI21x1_ASAP7_75t_R)
     1    1.24   20.43   10.49  379.66 v _21478_/Y (AOI21x1_ASAP7_75t_R)
                                         _13236_ (net)
                 20.43    0.04  379.69 v _21493_/A1 (OAI21x1_ASAP7_75t_R)
     1    2.03   24.99   15.61  395.31 ^ _21493_/Y (OAI21x1_ASAP7_75t_R)
                                         _13251_ (net)
                 25.01    0.31  395.62 ^ _21521_/B (NAND2x1_ASAP7_75t_R)
     1    3.29   21.73   15.38  411.00 v _21521_/Y (NAND2x1_ASAP7_75t_R)
                                         _00112_ (net)
                 21.89    1.02  412.02 v sa20_sr[0]$_DFF_P_/D (DFFHQNx1_ASAP7_75t_R)
                                412.02   data arrival time

                  0.00  380.00  380.00   clock clk (rise edge)
                          0.00  380.00   clock network delay (ideal)
                          0.00  380.00   clock reconvergence pessimism
                                380.00 ^ sa20_sr[0]$_DFF_P_/CLK (DFFHQNx1_ASAP7_75t_R)
                        -12.88  367.12   library setup time
                                367.12   data required time
-----------------------------------------------------------------------------
                                367.12   data required time
                               -412.02   data arrival time
-----------------------------------------------------------------------------
                                -44.90   slack (VIOLATED)



==========================================================================
resizer report_check_types -max_slew -max_cap -max_fanout -violators
--------------------------------------------------------------------------

==========================================================================
resizer max_slew_check_slack
--------------------------------------------------------------------------
148.64488220214844

==========================================================================
resizer max_slew_check_limit
--------------------------------------------------------------------------
320.0

==========================================================================
resizer max_slew_check_slack_limit
--------------------------------------------------------------------------
0.4645

==========================================================================
resizer max_fanout_check_slack
--------------------------------------------------------------------------
1.0000000150474662e+30

==========================================================================
resizer max_fanout_check_limit
--------------------------------------------------------------------------
1.0000000150474662e+30

==========================================================================
resizer max_capacitance_check_slack
--------------------------------------------------------------------------
12.900192260742188

==========================================================================
resizer max_capacitance_check_limit
--------------------------------------------------------------------------
23.040000915527344

==========================================================================
resizer max_capacitance_check_slack_limit
--------------------------------------------------------------------------
0.5599

==========================================================================
resizer max_slew_violation_count
--------------------------------------------------------------------------
max slew violation count 0

==========================================================================
resizer max_fanout_violation_count
--------------------------------------------------------------------------
max fanout violation count 0

==========================================================================
resizer max_cap_violation_count
--------------------------------------------------------------------------
max cap violation count 0

==========================================================================
resizer setup_violation_count
--------------------------------------------------------------------------
setup violation count 122

==========================================================================
resizer hold_violation_count
--------------------------------------------------------------------------
hold violation count 0

==========================================================================
resizer report_checks -path_delay max reg to reg
--------------------------------------------------------------------------
Startpoint: _tray_size2_1122 (rising edge-triggered flip-flop clocked by clk)
Endpoint: sa20_sr[0]$_DFF_P_ (rising edge-triggered flip-flop clocked by clk)
Path Group: clk
Path Type: max

  Delay    Time   Description
---------------------------------------------------------
   0.00    0.00   clock clk (rise edge)
   0.00    0.00   clock network delay (ideal)
   0.00    0.00 ^ _tray_size2_1122/CLK (DFFHQNV2Xx1_ASAP7_75t_R)
  78.60   78.60 ^ _tray_size2_1122/QN0 (DFFHQNV2Xx1_ASAP7_75t_R)
  46.67  125.27 ^ _20882_/Y (XOR2x2_ASAP7_75t_R)
  29.71  154.99 ^ _20895_/Y (XOR2x2_ASAP7_75t_R)
  26.28  181.26 ^ _20896_/Y (XOR2x2_ASAP7_75t_R)
   8.28  189.55 v _20897_/Y (NOR2x1p5_ASAP7_75t_R)
  13.11  202.65 ^ _20921_/Y (OAI21x1_ASAP7_75t_R)
  10.61  213.26 v _20923_/Y (NAND2x1p5_ASAP7_75t_R)
  29.08  242.34 ^ _30194_/CON (HAxp5_ASAP7_75t_R)
  18.39  260.74 v _30194_/SN (HAxp5_ASAP7_75t_R)
  22.04  282.78 v place4572/Y (BUFx3_ASAP7_75t_R)
  15.77  298.54 ^ _21129_/Y (AOI21x1_ASAP7_75t_R)
  16.30  314.84 v _21130_/Y (NOR2x2_ASAP7_75t_R)
  20.85  335.69 v place4137/Y (BUFx3_ASAP7_75t_R)
   8.97  344.67 ^ _21470_/Y (NOR2x1_ASAP7_75t_R)
   9.31  353.98 v _21471_/Y (AOI21x1_ASAP7_75t_R)
  15.01  368.99 ^ _21472_/Y (NAND2x1_ASAP7_75t_R)
  10.67  379.66 v _21478_/Y (AOI21x1_ASAP7_75t_R)
  15.65  395.31 ^ _21493_/Y (OAI21x1_ASAP7_75t_R)
  15.70  411.00 v _21521_/Y (NAND2x1_ASAP7_75t_R)
   1.02  412.02 v sa20_sr[0]$_DFF_P_/D (DFFHQNx1_ASAP7_75t_R)
         412.02   data arrival time

 380.00  380.00   clock clk (rise edge)
   0.00  380.00   clock network delay (ideal)
   0.00  380.00   clock reconvergence pessimism
         380.00 ^ sa20_sr[0]$_DFF_P_/CLK (DFFHQNx1_ASAP7_75t_R)
 -12.88  367.12   library setup time
         367.12   data required time
---------------------------------------------------------
         367.12   data required time
        -412.02   data arrival time
---------------------------------------------------------
         -44.90   slack (VIOLATED)



==========================================================================
resizer report_checks -path_delay min reg to reg
--------------------------------------------------------------------------
Startpoint: dcnt[2]$_SDFFE_PP0P_
            (rising edge-triggered flip-flop clocked by clk)
Endpoint: dcnt[2]$_SDFFE_PP0P_ (rising edge-triggered flip-flop clocked by clk)
Path Group: clk
Path Type: min

  Delay    Time   Description
---------------------------------------------------------
   0.00    0.00   clock clk (rise edge)
   0.00    0.00   clock network delay (ideal)
   0.00    0.00 ^ dcnt[2]$_SDFFE_PP0P_/CLK (DFFHQNx1_ASAP7_75t_R)
  37.97   37.97 ^ dcnt[2]$_SDFFE_PP0P_/QN (DFFHQNx1_ASAP7_75t_R)
   9.46   47.43 v _30043_/Y (AOI21x1_ASAP7_75t_R)
   0.02   47.45 v dcnt[2]$_SDFFE_PP0P_/D (DFFHQNx1_ASAP7_75t_R)
          47.45   data arrival time

   0.00    0.00   clock clk (rise edge)
   0.00    0.00   clock network delay (ideal)
   0.00    0.00   clock reconvergence pessimism
           0.00 ^ dcnt[2]$_SDFFE_PP0P_/CLK (DFFHQNx1_ASAP7_75t_R)
   8.72    8.72   library hold time
           8.72   data required time
---------------------------------------------------------
           8.72   data required time
         -47.45   data arrival time
---------------------------------------------------------
          38.73   slack (MET)



==========================================================================
resizer critical path target clock latency max path
--------------------------------------------------------------------------
0.0000

==========================================================================
resizer critical path target clock latency min path
--------------------------------------------------------------------------
0.0000

==========================================================================
resizer critical path source clock latency min path
--------------------------------------------------------------------------
0.0000

==========================================================================
resizer critical path delay
--------------------------------------------------------------------------
412.0209

==========================================================================
resizer critical path slack
--------------------------------------------------------------------------
-44.8979

==========================================================================
resizer slack div critical path delay
--------------------------------------------------------------------------
-10.896996

==========================================================================
resizer report_power
--------------------------------------------------------------------------
Group                  Internal  Switching    Leakage      Total
                          Power      Power      Power      Power (Watts)
----------------------------------------------------------------
Sequential             4.56e-03   1.26e-03   8.44e-08   5.82e-03   3.6%
Combinational          6.10e-02   9.58e-02   1.08e-06   1.57e-01  96.4%
Clock                  0.00e+00   0.00e+00   0.00e+00   0.00e+00   0.0%
Macro                  0.00e+00   0.00e+00   0.00e+00   0.00e+00   0.0%
Pad                    0.00e+00   0.00e+00   0.00e+00   0.00e+00   0.0%
----------------------------------------------------------------
Total                  6.56e-02   9.71e-02   1.17e-06   1.63e-01 100.0%
                          40.3%      59.7%       0.0%
