OpenROAD ee3d65ce03b2656092ed62bf9205c5c11049c575 
Features included (+) or not (-): +GPU +GUI +Python
This program is licensed under the BSD-3 license. See the LICENSE file for details.
Components of this program may be licensed under more restrictive licenses which must be honored.
[INFO ORD-0030] Using 32 thread(s).
source /home/lucast/workspace/OR-flow-TCC/flow/platforms/asap7/liberty_suppressions.tcl
read_liberty /home/lucast/workspace/OR-flow-TCC/flow/platforms/asap7/lib/NLDM/asap7sc7p5t_AO_RVT_FF_nldm_211120.lib.gz
read_liberty /home/lucast/workspace/OR-flow-TCC/flow/platforms/asap7/lib/NLDM/asap7sc7p5t_INVBUF_RVT_FF_nldm_220122.lib.gz
read_liberty /home/lucast/workspace/OR-flow-TCC/flow/platforms/asap7/lib/NLDM/asap7sc7p5t_OA_RVT_FF_nldm_211120.lib.gz
read_liberty /home/lucast/workspace/OR-flow-TCC/flow/platforms/asap7/lib/NLDM/asap7sc7p5t_SIMPLE_RVT_FF_nldm_211120.lib.gz
read_liberty /home/lucast/workspace/OR-flow-TCC/flow/platforms/asap7/lib/NLDM/asap7sc7p5t_SEQ_RVT_FF_nldm_220123.lib
read_liberty /home/lucast/workspace/OR-flow-TCC/flow/platforms/asap7/lib/NLDM/asap7sc7p5t_DFFHQNH2V2X_RVT_TT_nldm_FAKE.lib
read_liberty /home/lucast/workspace/OR-flow-TCC/flow/platforms/asap7/lib/NLDM/asap7sc7p5t_DFFHQNV2X_RVT_TT_nldm_FAKE.lib
read_db ./results/asap7/riscv32i-mock-sram_fakeram7_256x32/modified_alpha_193-beta_0.1/5_1_grt.odb
source /home/lucast/workspace/OR-flow-TCC/flow/platforms/asap7/setRC.tcl
detailed_route -output_drc ./reports/asap7/riscv32i-mock-sram_fakeram7_256x32/modified_alpha_193-beta_0.1/5_route_drc.rpt -output_maze ./results/asap7/riscv32i-mock-sram_fakeram7_256x32/modified_alpha_193-beta_0.1/maze.log -droute_end_iter 64 -verbose 1 -drc_report_iter_step 5
[INFO DRT-0149] Reading tech and libs.

Units:                1000
Number of layers:     21
Number of macros:     230
Number of vias:       14
Number of viarulegen: 11

[INFO DRT-0150] Reading design.

Design:                   fakeram7_256x32
Die area:                 ( 0 0 ) ( 5802 32416 )
Number of track patterns: 32
Number of DEF vias:       0
Number of components:     727
Number of terminals:      77
Number of snets:          2
Number of nets:           577

[INFO DRT-0167] List of default vias:
  Layer V2
    default via: VIA23
  Layer V3
    default via: VIA34
  Layer V4
    default via: VIA45
  Layer V5
    default via: VIA56
  Layer V6
    default via: VIA67
  Layer V7
    default via: VIA78
  Layer V8
    default via: VIA89
  Layer V9
    default via: VIA9Pad
[INFO DRT-0162] Library cell analysis.
[INFO DRT-0163] Instance analysis.
[INFO DRT-0164] Number of unique instances = 97.
[INFO DRT-0168] Init region query.
[INFO DRT-0024]   Complete Active.
[INFO DRT-0024]   Complete V0.
[INFO DRT-0024]   Complete M1.
[INFO DRT-0024]   Complete V1.
[INFO DRT-0024]   Complete M2.
[INFO DRT-0024]   Complete V2.
[INFO DRT-0024]   Complete M3.
[INFO DRT-0024]   Complete V3.
[INFO DRT-0024]   Complete M4.
[INFO DRT-0024]   Complete V4.
[INFO DRT-0024]   Complete M5.
[INFO DRT-0024]   Complete V5.
[INFO DRT-0024]   Complete M6.
[INFO DRT-0024]   Complete V6.
[INFO DRT-0024]   Complete M7.
[INFO DRT-0024]   Complete V7.
[INFO DRT-0024]   Complete M8.
[INFO DRT-0024]   Complete V8.
[INFO DRT-0024]   Complete M9.
[INFO DRT-0024]   Complete V9.
[INFO DRT-0024]   Complete Pad.
[INFO DRT-0033] Active shape region query size = 0.
[INFO DRT-0033] V0 shape region query size = 0.
[INFO DRT-0033] M1 shape region query size = 11021.
[INFO DRT-0033] V1 shape region query size = 12568.
[INFO DRT-0033] M2 shape region query size = 666.
[INFO DRT-0033] V2 shape region query size = 375.
[INFO DRT-0033] M3 shape region query size = 357.
[INFO DRT-0033] V3 shape region query size = 226.
[INFO DRT-0033] M4 shape region query size = 317.
[INFO DRT-0033] V4 shape region query size = 274.
[INFO DRT-0033] M5 shape region query size = 137.
[INFO DRT-0033] V5 shape region query size = 0.
[INFO DRT-0033] M6 shape region query size = 0.
[INFO DRT-0033] V6 shape region query size = 0.
[INFO DRT-0033] M7 shape region query size = 0.
[INFO DRT-0033] V7 shape region query size = 0.
[INFO DRT-0033] M8 shape region query size = 0.
[INFO DRT-0033] V8 shape region query size = 0.
[INFO DRT-0033] M9 shape region query size = 0.
[INFO DRT-0033] V9 shape region query size = 0.
[INFO DRT-0033] Pad shape region query size = 0.
[INFO DRT-0165] Start pin access.
[INFO DRT-0078]   Complete 485 pins.
[INFO DRT-0081]   Complete 97 unique inst patterns.
[INFO DRT-0084]   Complete 250 groups.
#scanned instances     = 727
#unique  instances     = 97
#stdCellGenAp          = 2891
#stdCellValidPlanarAp  = 0
#stdCellValidViaAp     = 2176
#stdCellPinNoAp        = 0
#stdCellPinCnt         = 1535
#instTermValidViaApCnt = 0
#macroGenAp            = 0
#macroValidPlanarAp    = 0
#macroValidViaAp       = 0
#macroNoAp             = 0
[INFO DRT-0166] Complete pin access.
[INFO DRT-0267] cpu time = 00:00:38, elapsed time = 00:00:05, memory = 268.54 (MB), peak = 263.27 (MB)

[INFO DRT-0157] Number of guides:     4050

[INFO DRT-0169] Post process guides.
[INFO DRT-0176] GCELLGRID X 0 DO 10 STEP 570 ;
[INFO DRT-0177] GCELLGRID Y 0 DO 56 STEP 570 ;
[INFO DRT-0028]   Complete Active.
[INFO DRT-0028]   Complete V0.
[INFO DRT-0028]   Complete M1.
[INFO DRT-0028]   Complete V1.
[INFO DRT-0028]   Complete M2.
[INFO DRT-0028]   Complete V2.
[INFO DRT-0028]   Complete M3.
[INFO DRT-0028]   Complete V3.
[INFO DRT-0028]   Complete M4.
[INFO DRT-0028]   Complete V4.
[INFO DRT-0028]   Complete M5.
[INFO DRT-0028]   Complete V5.
[INFO DRT-0028]   Complete M6.
[INFO DRT-0028]   Complete V6.
[INFO DRT-0028]   Complete M7.
[INFO DRT-0028]   Complete V7.
[INFO DRT-0028]   Complete M8.
[INFO DRT-0028]   Complete V8.
[INFO DRT-0028]   Complete M9.
[INFO DRT-0028]   Complete V9.
[INFO DRT-0028]   Complete Pad.
[INFO DRT-0178] Init guide query.
[INFO DRT-0035]   Complete Active (guide).
[INFO DRT-0035]   Complete V0 (guide).
[INFO DRT-0035]   Complete M1 (guide).
[INFO DRT-0035]   Complete V1 (guide).
[INFO DRT-0035]   Complete M2 (guide).
[INFO DRT-0035]   Complete V2 (guide).
[INFO DRT-0035]   Complete M3 (guide).
[INFO DRT-0035]   Complete V3 (guide).
[INFO DRT-0035]   Complete M4 (guide).
[INFO DRT-0035]   Complete V4 (guide).
[INFO DRT-0035]   Complete M5 (guide).
[INFO DRT-0035]   Complete V5 (guide).
[INFO DRT-0035]   Complete M6 (guide).
[INFO DRT-0035]   Complete V6 (guide).
[INFO DRT-0035]   Complete M7 (guide).
[INFO DRT-0035]   Complete V7 (guide).
[INFO DRT-0035]   Complete M8 (guide).
[INFO DRT-0035]   Complete V8 (guide).
[INFO DRT-0035]   Complete M9 (guide).
[INFO DRT-0035]   Complete V9 (guide).
[INFO DRT-0035]   Complete Pad (guide).
[INFO DRT-0036] Active guide region query size = 0.
[INFO DRT-0036] V0 guide region query size = 0.
[INFO DRT-0036] M1 guide region query size = 1355.
[INFO DRT-0036] V1 guide region query size = 0.
[INFO DRT-0036] M2 guide region query size = 1171.
[INFO DRT-0036] V2 guide region query size = 0.
[INFO DRT-0036] M3 guide region query size = 646.
[INFO DRT-0036] V3 guide region query size = 0.
[INFO DRT-0036] M4 guide region query size = 80.
[INFO DRT-0036] V4 guide region query size = 0.
[INFO DRT-0036] M5 guide region query size = 0.
[INFO DRT-0036] V5 guide region query size = 0.
[INFO DRT-0036] M6 guide region query size = 0.
[INFO DRT-0036] V6 guide region query size = 0.
[INFO DRT-0036] M7 guide region query size = 0.
[INFO DRT-0036] V7 guide region query size = 0.
[INFO DRT-0036] M8 guide region query size = 0.
[INFO DRT-0036] V8 guide region query size = 0.
[INFO DRT-0036] M9 guide region query size = 0.
[INFO DRT-0036] V9 guide region query size = 0.
[INFO DRT-0036] Pad guide region query size = 0.
[INFO DRT-0179] Init gr pin query.
[INFO DRT-0267] cpu time = 00:00:00, elapsed time = 00:00:00, memory = 269.37 (MB), peak = 264.02 (MB)
[INFO DRT-0245] skipped writing guide updates to database.
[INFO DRT-0185] Post process initialize RPin region query.
[INFO DRT-0181] Start track assignment.
[INFO DRT-0184] Done with 2001 vertical wires in 1 frboxes and 1251 horizontal wires in 2 frboxes.
[INFO DRT-0186] Done with 263 vertical wires in 1 frboxes and 318 horizontal wires in 2 frboxes.
[INFO DRT-0182] Complete track assignment.
[INFO DRT-0267] cpu time = 00:00:00, elapsed time = 00:00:00, memory = 275.73 (MB), peak = 270.77 (MB)
[INFO DRT-0187] Start routing data preparation.
[INFO DRT-0267] cpu time = 00:00:00, elapsed time = 00:00:00, memory = 275.80 (MB), peak = 270.77 (MB)
[INFO DRT-0194] Start detail routing.
[INFO DRT-0195] Start 0th optimization iteration.
    Completing 10% with 0 violations.
    elapsed time = 00:00:00, memory = 506.18 (MB).
    Completing 20% with 0 violations.
    elapsed time = 00:00:00, memory = 339.52 (MB).
    Completing 30% with 32 violations.
    elapsed time = 00:00:00, memory = 654.10 (MB).
    Completing 40% with 32 violations.
    elapsed time = 00:00:01, memory = 495.84 (MB).
    Completing 50% with 32 violations.
    elapsed time = 00:00:01, memory = 413.93 (MB).
    Completing 60% with 63 violations.
    elapsed time = 00:00:01, memory = 658.45 (MB).
    Completing 70% with 63 violations.
    elapsed time = 00:00:02, memory = 490.00 (MB).
    Completing 80% with 72 violations.
    elapsed time = 00:00:02, memory = 787.39 (MB).
    Completing 90% with 72 violations.
    elapsed time = 00:00:02, memory = 620.09 (MB).
    Completing 100% with 72 violations.
    elapsed time = 00:00:02, memory = 533.09 (MB).
[INFO DRT-0199]   Number of violations = 84.
Viol/Layer          M1     M2     M3     V3     M4
CutSpcTbl            0      0      0      1      0
EOL                  0      3      0      0      0
Metal Spacing        4      3     14      0      0
Recheck              0      9      3      0      0
Short                0      5      1      0      1
eolKeepOut           0     33      1      0      6
[INFO DRT-0267] cpu time = 00:00:08, elapsed time = 00:00:02, memory = 1040.86 (MB), peak = 1078.39 (MB)
Total wire length = 1256 um.
Total wire length on LAYER M1 = 0 um.
Total wire length on LAYER M2 = 439 um.
Total wire length on LAYER M3 = 664 um.
Total wire length on LAYER M4 = 152 um.
Total wire length on LAYER M5 = 0 um.
Total wire length on LAYER M6 = 0 um.
Total wire length on LAYER M7 = 0 um.
Total wire length on LAYER M8 = 0 um.
Total wire length on LAYER M9 = 0 um.
Total wire length on LAYER Pad = 0 um.
Total number of vias = 4070.
Up-via summary (total 4070):

---------------
 Active       0
     M1    1535
     M2    2231
     M3     304
     M4       0
     M5       0
     M6       0
     M7       0
     M8       0
     M9       0
---------------
       4070


[INFO DRT-0195] Start 1st optimization iteration.
    Completing 10% with 84 violations.
    elapsed time = 00:00:00, memory = 1334.67 (MB).
    Completing 20% with 84 violations.
    elapsed time = 00:00:00, memory = 1170.22 (MB).
    Completing 30% with 50 violations.
    elapsed time = 00:00:01, memory = 1381.29 (MB).
    Completing 40% with 50 violations.
    elapsed time = 00:00:01, memory = 1223.71 (MB).
    Completing 50% with 50 violations.
    elapsed time = 00:00:01, memory = 1138.13 (MB).
    Completing 60% with 31 violations.
    elapsed time = 00:00:01, memory = 1427.29 (MB).
    Completing 70% with 31 violations.
    elapsed time = 00:00:02, memory = 1260.11 (MB).
    Completing 80% with 16 violations.
    elapsed time = 00:00:02, memory = 1472.68 (MB).
    Completing 90% with 16 violations.
    elapsed time = 00:00:02, memory = 1311.66 (MB).
    Completing 100% with 6 violations.
    elapsed time = 00:00:03, memory = 1227.18 (MB).
[INFO DRT-0199]   Number of violations = 6.
Viol/Layer          M1     M3
Metal Spacing        1      5
[INFO DRT-0267] cpu time = 00:00:09, elapsed time = 00:00:03, memory = 1269.23 (MB), peak = 1533.58 (MB)
Total wire length = 1249 um.
Total wire length on LAYER M1 = 0 um.
Total wire length on LAYER M2 = 432 um.
Total wire length on LAYER M3 = 659 um.
Total wire length on LAYER M4 = 157 um.
Total wire length on LAYER M5 = 0 um.
Total wire length on LAYER M6 = 0 um.
Total wire length on LAYER M7 = 0 um.
Total wire length on LAYER M8 = 0 um.
Total wire length on LAYER M9 = 0 um.
Total wire length on LAYER Pad = 0 um.
Total number of vias = 4005.
Up-via summary (total 4005):

---------------
 Active       0
     M1    1535
     M2    2154
     M3     316
     M4       0
     M5       0
     M6       0
     M7       0
     M8       0
     M9       0
---------------
       4005


[INFO DRT-0195] Start 2nd optimization iteration.
    Completing 10% with 6 violations.
    elapsed time = 00:00:00, memory = 1269.24 (MB).
    Completing 20% with 6 violations.
    elapsed time = 00:00:00, memory = 1269.24 (MB).
    Completing 30% with 6 violations.
    elapsed time = 00:00:00, memory = 1269.24 (MB).
    Completing 40% with 6 violations.
    elapsed time = 00:00:00, memory = 1269.24 (MB).
    Completing 50% with 6 violations.
    elapsed time = 00:00:00, memory = 1269.24 (MB).
    Completing 60% with 6 violations.
    elapsed time = 00:00:00, memory = 1269.24 (MB).
    Completing 70% with 6 violations.
    elapsed time = 00:00:00, memory = 1269.24 (MB).
    Completing 80% with 6 violations.
    elapsed time = 00:00:00, memory = 1269.24 (MB).
    Completing 90% with 5 violations.
    elapsed time = 00:00:00, memory = 1295.45 (MB).
    Completing 100% with 5 violations.
    elapsed time = 00:00:01, memory = 1295.57 (MB).
[INFO DRT-0199]   Number of violations = 5.
Viol/Layer          M1     M3
Metal Spacing        1      4
[INFO DRT-0267] cpu time = 00:00:02, elapsed time = 00:00:01, memory = 1295.57 (MB), peak = 1533.58 (MB)
Total wire length = 1249 um.
Total wire length on LAYER M1 = 0 um.
Total wire length on LAYER M2 = 433 um.
Total wire length on LAYER M3 = 658 um.
Total wire length on LAYER M4 = 156 um.
Total wire length on LAYER M5 = 0 um.
Total wire length on LAYER M6 = 0 um.
Total wire length on LAYER M7 = 0 um.
Total wire length on LAYER M8 = 0 um.
Total wire length on LAYER M9 = 0 um.
Total wire length on LAYER Pad = 0 um.
Total number of vias = 3975.
Up-via summary (total 3975):

---------------
 Active       0
     M1    1535
     M2    2127
     M3     313
     M4       0
     M5       0
     M6       0
     M7       0
     M8       0
     M9       0
---------------
       3975


[INFO DRT-0195] Start 3rd guides tiles iteration.
    Completing 50% with 5 violations.
    elapsed time = 00:00:00, memory = 1323.41 (MB).
    Completing 100% with 0 violations.
    elapsed time = 00:00:00, memory = 1323.41 (MB).
[INFO DRT-0199]   Number of violations = 0.
[INFO DRT-0267] cpu time = 00:00:01, elapsed time = 00:00:00, memory = 1323.41 (MB), peak = 1533.58 (MB)
Total wire length = 1250 um.
Total wire length on LAYER M1 = 0 um.
Total wire length on LAYER M2 = 431 um.
Total wire length on LAYER M3 = 659 um.
Total wire length on LAYER M4 = 159 um.
Total wire length on LAYER M5 = 0 um.
Total wire length on LAYER M6 = 0 um.
Total wire length on LAYER M7 = 0 um.
Total wire length on LAYER M8 = 0 um.
Total wire length on LAYER M9 = 0 um.
Total wire length on LAYER Pad = 0 um.
Total number of vias = 3983.
Up-via summary (total 3983):

---------------
 Active       0
     M1    1535
     M2    2122
     M3     326
     M4       0
     M5       0
     M6       0
     M7       0
     M8       0
     M9       0
---------------
       3983


[INFO DRT-0198] Complete detail routing.
Total wire length = 1250 um.
Total wire length on LAYER M1 = 0 um.
Total wire length on LAYER M2 = 431 um.
Total wire length on LAYER M3 = 659 um.
Total wire length on LAYER M4 = 159 um.
Total wire length on LAYER M5 = 0 um.
Total wire length on LAYER M6 = 0 um.
Total wire length on LAYER M7 = 0 um.
Total wire length on LAYER M8 = 0 um.
Total wire length on LAYER M9 = 0 um.
Total wire length on LAYER Pad = 0 um.
Total number of vias = 3983.
Up-via summary (total 3983):

---------------
 Active       0
     M1    1535
     M2    2122
     M3     326
     M4       0
     M5       0
     M6       0
     M7       0
     M8       0
     M9       0
---------------
       3983


[INFO DRT-0267] cpu time = 00:00:22, elapsed time = 00:00:08, memory = 1323.47 (MB), peak = 1533.58 (MB)

[INFO DRT-0180] Post processing.
Took 14 seconds: detailed_route -output_drc ./reports/asap7/riscv32i-mock-sram_fakeram7_256x32/modified_alpha_193-beta_0.1/5_route_drc.rpt -output_maze ./results/asap7/riscv32i-mock-sram_fakeram7_256x32/modified_alpha_193-beta_0.1/maze.log -droute_end_iter 64 -verbose 1 -drc_report_iter_step 5
[WARNING GRT-0246] No diode with LEF class CORE ANTENNACELL found.
[INFO ANT-0002] Found 0 net violations.
[INFO ANT-0001] Found 0 pin violations.
[INFO ANT-0002] Found 0 net violations.
[INFO ANT-0001] Found 0 pin violations.
write_db ./results/asap7/riscv32i-mock-sram_fakeram7_256x32/modified_alpha_193-beta_0.1/5_2_route.odb
Elapsed time: 0:15.01[h:]min:sec. CPU time: user 62.25 sys 0.86 (420%). Peak memory: 1570384KB.
Log                        Elapsed/s Peak Memory/MB  sha1sum .odb [0:20)
5_2_route                         15           1533 e09cd4c3e89be083dc68
