OpenROAD fe1aa0f9d0254fac87b82c886c04ee1544e46885 
Features included (+) or not (-): +GPU +GUI +Python
This program is licensed under the BSD-3 license. See the LICENSE file for details.
Components of this program may be licensed under more restrictive licenses which must be honored.
[INFO ORD-0030] Using 32 thread(s).
source /home/lucast/workspace/OR-flow-TCC/flow/platforms/asap7/liberty_suppressions.tcl
read_liberty /home/lucast/workspace/OR-flow-TCC/flow/platforms/asap7/lib/NLDM/asap7sc7p5t_AO_LVT_FF_nldm_211120.lib.gz
read_liberty /home/lucast/workspace/OR-flow-TCC/flow/platforms/asap7/lib/NLDM/asap7sc7p5t_INVBUF_LVT_FF_nldm_220122.lib.gz
read_liberty /home/lucast/workspace/OR-flow-TCC/flow/platforms/asap7/lib/NLDM/asap7sc7p5t_OA_LVT_FF_nldm_211120.lib.gz
read_liberty /home/lucast/workspace/OR-flow-TCC/flow/platforms/asap7/lib/NLDM/asap7sc7p5t_SIMPLE_LVT_FF_nldm_211120.lib.gz
read_liberty /home/lucast/workspace/OR-flow-TCC/flow/platforms/asap7/lib/NLDM/asap7sc7p5t_SEQ_LVT_FF_nldm_220123.lib
read_liberty /home/lucast/workspace/OR-flow-TCC/flow/platforms/asap7/lib/NLDM/asap7sc7p5t_DFFHQNH2V2X_LVT_TT_nldm_FAKE.lib
read_liberty /home/lucast/workspace/OR-flow-TCC/flow/platforms/asap7/lib/NLDM/asap7sc7p5t_DFFHQNV2X_LVT_TT_nldm_FAKE.lib
read_db ./results/asap7/jpeg_lvt/baseline_alpha_16-beta_0.1/3_4_place_resized.odb
source /home/lucast/workspace/OR-flow-TCC/flow/platforms/asap7/setRC.tcl
[INFO DPL-0005] Max displacement: +/- 500 sites horizontally, +/- 100 rows vertically.
Movements Summary
---------------------------------------
Total cells:                   56152
Diamond Move Success:          56152 (100.00%)
Diamond Move Failure:              0
Rip-up and replace Success:        0 (  0.00% of diamond failures)
Rip-up and replace Failure:        0
Total Placement Failures:          0
---------------------------------------
Placement Analysis
---------------------------------
total displacement      10427.1 u
average displacement        0.2 u
max displacement            0.8 u
original HPWL          139040.5 u
legalized HPWL         147223.5 u
delta HPWL                    6 %

Detailed placement improvement.
[INFO DPL-0401] Setting random seed to 1.
[INFO DPL-0402] Setting maximum displacement 5 1 to 1350 270 units.
[INFO DPL-0320] Collected 2464 fixed cells.
[INFO DPL-0318] Collected 56152 single height cells.
[INFO DPL-0321] Collected 0 wide cells.
[INFO DPL-0322] Image (2052, 2160) - (147042, 146880)
[INFO DPL-0310] Assigned 56152 cells into segments.  Movement in X-direction is 0.000000, movement in Y-direction is 0.000000.
[INFO DPL-0313] Found 0 cells in wrong regions.
[INFO DPL-0315] Found 0 row alignment problems.
[INFO DPL-0314] Found 0 site alignment problems.
[INFO DPL-0311] Found 0 overlaps between adjacent cells.
[INFO DPL-0312] Found 0 edge spacing violations and 0 padding violations.
[INFO DPL-0303] Running algorithm for independent set matching.
[INFO DPL-0300] Set matching objective is wirelength.
[INFO DPL-0301] Pass   1 of matching; objective is 1.468871e+08.
[INFO DPL-0302] End of matching; objective is 1.466964e+08, improvement is 0.13 percent.
[INFO DPL-0303] Running algorithm for global swaps.
[INFO DPL-0306] Pass   1 of global swaps; hpwl is 1.451745e+08.
[INFO DPL-0306] Pass   2 of global swaps; hpwl is 1.448984e+08.
[INFO DPL-0307] End of global swaps; objective is 1.448984e+08, improvement is 1.23 percent.
[INFO DPL-0303] Running algorithm for vertical swaps.
[INFO DPL-0308] Pass   1 of vertical swaps; hpwl is 1.444905e+08.
[INFO DPL-0309] End of vertical swaps; objective is 1.444905e+08, improvement is 0.28 percent.
[INFO DPL-0303] Running algorithm for reordering.
[INFO DPL-0304] Pass   1 of reordering; objective is 1.442997e+08.
[INFO DPL-0305] End of reordering; objective is 1.442997e+08, improvement is 0.13 percent.
[INFO DPL-0303] Running algorithm for random improvement.
[INFO DPL-0324] Random improver is using random generator.
[INFO DPL-0325] Random improver is using hpwl objective.
[INFO DPL-0326] Random improver cost string is (a).
[INFO DPL-0332] End of pass, Generator random called 1123040 times.
[INFO DPL-0335] Generator random, Cumulative attempts 1123040, swaps 150844, moves 336896 since last reset.
[INFO DPL-0333] End of pass, Objective hpwl, Initial cost 1.439497e+08, Scratch cost 1.428711e+08, Incremental cost 1.428711e+08, Mismatch? N
[INFO DPL-0338] End of pass, Total cost is 1.428711e+08.
[INFO DPL-0327] Pass   1 of random improver; improvement in cost is 0.75 percent.
[INFO DPL-0328] End of random improver; improvement is 0.749294 percent.
[INFO DPL-0380] Cell flipping.
[INFO DPL-0382] Changed 0 cell orientations for row compatibility.
[INFO DPL-0383] Performed 19602 cell flips.
[INFO DPL-0384] End of flipping; objective is 1.395960e+08, improvement is 2.53 percent.
[INFO DPL-0313] Found 0 cells in wrong regions.
[INFO DPL-0315] Found 0 row alignment problems.
[INFO DPL-0314] Found 0 site alignment problems.
[INFO DPL-0311] Found 0 overlaps between adjacent cells.
[INFO DPL-0312] Found 0 edge spacing violations and 0 padding violations.
Detailed Improvement Results
------------------------------------------
Original HPWL           147223.5 u (   72794.2,    74429.3)
Final HPWL              139394.7 u (   67989.5,    71405.2)
Delta HPWL                  -5.3 % (      -6.6,       -4.1)

[INFO DPL-0020] Mirrored 8759 instances
[INFO DPL-0021] HPWL before          139394.7 u
[INFO DPL-0022] HPWL after           139150.7 u
[INFO DPL-0023] HPWL delta               -0.2 %
[INFO FLW-0012] Placement violations .
estimate_parasitics -placement
Report metrics stage 3, detailed place...

==========================================================================
detailed place report_design_area
--------------------------------------------------------------------------
Design area 6291 um^2 30% utilization.
write_db ./results/asap7/jpeg_lvt/baseline_alpha_16-beta_0.1/3_5_place_dp.odb
Elapsed time: 0:15.88[h:]min:sec. CPU time: user 22.39 sys 8.79 (196%). Peak memory: 603436KB.
Log                        Elapsed/s Peak Memory/MB  sha1sum .odb [0:20)
3_5_place_dp                      15            589 dd15dbfc3b8949828f41
