
==========================================================================
cts final report_tns
--------------------------------------------------------------------------
tns max 0.00

==========================================================================
cts final report_wns
--------------------------------------------------------------------------
wns max 0.00

==========================================================================
cts final report_worst_slack
--------------------------------------------------------------------------
worst slack max 0.80

==========================================================================
cts final report_clock_min_period
--------------------------------------------------------------------------
clk period_min = 260.48 fmax = 3839.05

==========================================================================
cts final report_clock_skew
--------------------------------------------------------------------------
Clock clk
  37.93 source latency _tray_size4_193/CLK ^
 -36.08 target latency _tray_size4_192/CLK ^
  -0.40 CRPR
--------------
   1.45 setup skew


==========================================================================
cts final report_checks -path_delay min
--------------------------------------------------------------------------
Startpoint: rd_out[9]$_DFFE_PP_ (rising edge-triggered flip-flop clocked by clk)
Endpoint: rd_out[9]$_DFFE_PP_ (rising edge-triggered flip-flop clocked by clk)
Path Group: reg2reg
Path Type: min

Fanout     Cap    Slew   Delay    Time   Description
-----------------------------------------------------------------------------
                          0.00    0.00   clock clk (rise edge)
                          0.00    0.00   clock source latency
     1    2.86    0.00    0.00    0.00 ^ clk (in)
                                         clk (net)
                  3.12    0.98    0.98 ^ clkbuf_0_clk/A (BUFx8_ASAP7_75t_R)
     2    2.99    7.75   15.35   16.33 ^ clkbuf_0_clk/Y (BUFx8_ASAP7_75t_R)
                                         clknet_0_clk (net)
                  7.83    0.37   16.70 ^ clkbuf_1_1__f_clk/A (BUFx8_ASAP7_75t_R)
    15    8.72   12.68   19.38   36.07 ^ clkbuf_1_1__f_clk/Y (BUFx8_ASAP7_75t_R)
                                         clknet_1_1__leaf_clk (net)
                 12.78    0.62   36.70 ^ rd_out[9]$_DFFE_PP_/CLK (DFFHQNx1_ASAP7_75t_R)
     1    0.53   11.06   35.15   71.85 ^ rd_out[9]$_DFFE_PP_/QN (DFFHQNx1_ASAP7_75t_R)
                                         _089_ (net)
                 11.06    0.02   71.87 ^ _418_/A (INVx1_ASAP7_75t_R)
     2    1.18    8.76    7.39   79.26 v _418_/Y (INVx1_ASAP7_75t_R)
                                         net74 (net)
                  8.76    0.06   79.31 v _463_/A1 (OA21x2_ASAP7_75t_R)
     1    0.66    4.45   16.45   95.76 v _463_/Y (OA21x2_ASAP7_75t_R)
                                         _104_ (net)
                  4.45    0.03   95.79 v rd_out[9]$_DFFE_PP_/D (DFFHQNx1_ASAP7_75t_R)
                                 95.79   data arrival time

                          0.00    0.00   clock clk (rise edge)
                          0.00    0.00   clock source latency
     1    3.07    0.00    0.00    0.00 ^ clk (in)
                                         clk (net)
                  3.48    1.10    1.10 ^ clkbuf_0_clk/A (BUFx8_ASAP7_75t_R)
     2    3.41    8.09   15.63   16.73 ^ clkbuf_0_clk/Y (BUFx8_ASAP7_75t_R)
                                         clknet_0_clk (net)
                  8.19    0.43   17.16 ^ clkbuf_1_1__f_clk/A (BUFx8_ASAP7_75t_R)
    15   10.49   14.32   20.25   37.42 ^ clkbuf_1_1__f_clk/Y (BUFx8_ASAP7_75t_R)
                                         clknet_1_1__leaf_clk (net)
                 14.45    0.75   38.17 ^ rd_out[9]$_DFFE_PP_/CLK (DFFHQNx1_ASAP7_75t_R)
                         -1.47   36.70   clock reconvergence pessimism
                         12.35   49.04   library hold time
                                 49.04   data required time
-----------------------------------------------------------------------------
                                 49.04   data required time
                                -95.79   data arrival time
-----------------------------------------------------------------------------
                                 46.75   slack (MET)


Startpoint: _tray_size4_176 (rising edge-triggered flip-flop clocked by clk)
Endpoint: _tray_size4_176 (rising edge-triggered flip-flop clocked by clk)
Path Group: clk
Path Type: min

Fanout     Cap    Slew   Delay    Time   Description
-----------------------------------------------------------------------------
                          0.00    0.00   clock clk (rise edge)
                          0.00    0.00   clock source latency
     1    2.86    0.00    0.00    0.00 ^ clk (in)
                                         clk (net)
                  3.12    0.98    0.98 ^ clkbuf_0_clk/A (BUFx8_ASAP7_75t_R)
     2    2.99    7.75   15.35   16.33 ^ clkbuf_0_clk/Y (BUFx8_ASAP7_75t_R)
                                         clknet_0_clk (net)
                  7.83    0.37   16.70 ^ clkbuf_1_1__f_clk/A (BUFx8_ASAP7_75t_R)
    15    8.72   12.68   19.38   36.07 ^ clkbuf_1_1__f_clk/Y (BUFx8_ASAP7_75t_R)
                                         clknet_1_1__leaf_clk (net)
                 12.69    0.18   36.26 ^ _tray_size4_176/CLK (DFFHQNH2V2Xx1_ASAP7_75t_R)
     1    0.53   15.65   48.17   84.43 ^ _tray_size4_176/QN0 (DFFHQNH2V2Xx1_ASAP7_75t_R)
                                         _001_ (net)
                 15.65    0.02   84.45 ^ _395_/A (INVx1_ASAP7_75t_R)
     2    1.04    9.17    7.84   92.29 v _395_/Y (INVx1_ASAP7_75t_R)
                                         net52 (net)
                  9.17    0.03   92.32 v _716_/A1 (OA21x2_ASAP7_75t_R)
     1    0.72    4.59   16.63  108.95 v _716_/Y (OA21x2_ASAP7_75t_R)
                                         _192_ (net)
                  4.59    0.05  109.00 v _tray_size4_176/D0 (DFFHQNH2V2Xx1_ASAP7_75t_R)
                                109.00   data arrival time

                          0.00    0.00   clock clk (rise edge)
                          0.00    0.00   clock source latency
     1    3.07    0.00    0.00    0.00 ^ clk (in)
                                         clk (net)
                  3.48    1.10    1.10 ^ clkbuf_0_clk/A (BUFx8_ASAP7_75t_R)
     2    3.41    8.09   15.63   16.73 ^ clkbuf_0_clk/Y (BUFx8_ASAP7_75t_R)
                                         clknet_0_clk (net)
                  8.19    0.43   17.16 ^ clkbuf_1_1__f_clk/A (BUFx8_ASAP7_75t_R)
    15   10.49   14.32   20.25   37.42 ^ clkbuf_1_1__f_clk/Y (BUFx8_ASAP7_75t_R)
                                         clknet_1_1__leaf_clk (net)
                 14.33    0.22   37.64 ^ _tray_size4_176/CLK (DFFHQNH2V2Xx1_ASAP7_75t_R)
                         -1.38   36.26   clock reconvergence pessimism
                         13.91   50.17   library hold time
                                 50.17   data required time
-----------------------------------------------------------------------------
                                 50.17   data required time
                               -109.00   data arrival time
-----------------------------------------------------------------------------
                                 58.82   slack (MET)



==========================================================================
cts final report_checks -path_delay max
--------------------------------------------------------------------------
Startpoint: ce_in (input port)
Endpoint: mem[1][12]$_DFFE_PP_ (rising edge-triggered flip-flop clocked by clk)
Path Group: in2reg
Path Type: max

Fanout     Cap    Slew   Delay    Time   Description
-----------------------------------------------------------------------------
                          0.00    0.00 ^ input external delay
     1    1.63    0.00    0.00    0.00 ^ ce_in (in)
                                         ce_in (net)
                  0.29    0.09    0.09 ^ input9/A (BUFx6f_ASAP7_75t_R)
     3    9.03   12.89   12.84   12.93 ^ input9/Y (BUFx6f_ASAP7_75t_R)
                                         net9 (net)
                 12.93    0.45   13.38 ^ _574_/C (AND3x4_ASAP7_75t_R)
     2    3.18   12.22   22.25   35.63 ^ _574_/Y (AND3x4_ASAP7_75t_R)
                                         _295_ (net)
                 12.30    0.51   36.14 ^ place94/A (BUFx6f_ASAP7_75t_R)
     8   10.23   14.39   16.90   53.04 ^ place94/Y (BUFx6f_ASAP7_75t_R)
                                         net94 (net)
                 14.41    0.29   53.33 ^ _617_/B (NOR2x1p5_ASAP7_75t_R)
     1    0.73   10.12    6.93   60.26 v _617_/Y (NOR2x1p5_ASAP7_75t_R)
                                         _320_ (net)
                 10.12    0.04   60.29 v _618_/B (AO21x2_ASAP7_75t_R)
     1    0.69    6.23   18.03   78.33 v _618_/Y (AO21x2_ASAP7_75t_R)
                                         _163_ (net)
                  6.23    0.03   78.36 v mem[1][12]$_DFFE_PP_/D (DFFHQNx1_ASAP7_75t_R)
                                 78.36   data arrival time

                         80.00   80.00   max_delay
                         -0.84   79.16   library setup time
                                 79.16   data required time
-----------------------------------------------------------------------------
                                 79.16   data required time
                                -78.36   data arrival time
-----------------------------------------------------------------------------
                                  0.80   slack (MET)


Startpoint: rd_out[12]$_DFFE_PP_
            (rising edge-triggered flip-flop clocked by clk)
Endpoint: rd_out[12] (output port)
Path Group: reg2out
Path Type: max

Fanout     Cap    Slew   Delay    Time   Description
-----------------------------------------------------------------------------
                 14.47    0.00    0.00 ^ rd_out[12]$_DFFE_PP_/CLK (DFFHQNx1_ASAP7_75t_R)
     1    0.75   12.48   36.58   36.58 ^ rd_out[12]$_DFFE_PP_/QN (DFFHQNx1_ASAP7_75t_R)
                                         _092_ (net)
                 12.48    0.03   36.61 ^ _421_/A (INVx1_ASAP7_75t_R)
     2    1.48   10.50    8.56   45.18 v _421_/Y (INVx1_ASAP7_75t_R)
                                         net46 (net)
                 10.50    0.05   45.23 v output46/A (BUFx2_ASAP7_75t_R)
     1    0.23    4.14   13.33   58.55 v output46/Y (BUFx2_ASAP7_75t_R)
                                         rd_out[12] (net)
                  4.14    0.01   58.56 v rd_out[12] (out)
                                 58.56   data arrival time

                         80.00   80.00   max_delay
                          0.00   80.00   output external delay
                                 80.00   data required time
-----------------------------------------------------------------------------
                                 80.00   data required time
                                -58.56   data arrival time
-----------------------------------------------------------------------------
                                 21.44   slack (MET)


Startpoint: mem[1][12]$_DFFE_PP_
            (rising edge-triggered flip-flop clocked by clk)
Endpoint: rd_out[12]$_DFFE_PP_ (rising edge-triggered flip-flop clocked by clk)
Path Group: reg2reg
Path Type: max

Fanout     Cap    Slew   Delay    Time   Description
-----------------------------------------------------------------------------
                          0.00    0.00   clock clk (rise edge)
                          0.00    0.00   clock source latency
     1    3.07    0.00    0.00    0.00 ^ clk (in)
                                         clk (net)
                  3.48    1.10    1.10 ^ clkbuf_0_clk/A (BUFx8_ASAP7_75t_R)
     2    3.41    8.09   15.63   16.73 ^ clkbuf_0_clk/Y (BUFx8_ASAP7_75t_R)
                                         clknet_0_clk (net)
                  8.19    0.43   17.16 ^ clkbuf_1_1__f_clk/A (BUFx8_ASAP7_75t_R)
    15   10.49   14.32   20.25   37.42 ^ clkbuf_1_1__f_clk/Y (BUFx8_ASAP7_75t_R)
                                         clknet_1_1__leaf_clk (net)
                 14.50    0.88   38.29 ^ mem[1][12]$_DFFE_PP_/CLK (DFFHQNx1_ASAP7_75t_R)
     2    2.47   23.05   42.62   80.91 v mem[1][12]$_DFFE_PP_/QN (DFFHQNx1_ASAP7_75t_R)
                                         _030_ (net)
                 23.05    0.10   81.01 v _449_/A2 (AO21x1_ASAP7_75t_R)
     1    1.74   13.45   21.01  102.02 v _449_/Y (AO21x1_ASAP7_75t_R)
                                         _214_ (net)
                 13.46    0.11  102.12 v _450_/A (NAND2x1p5_ASAP7_75t_R)
     1    0.74    9.07    8.91  111.03 ^ _450_/Y (NAND2x1p5_ASAP7_75t_R)
                                         _215_ (net)
                  9.07    0.04  111.07 ^ _451_/B (OA21x2_ASAP7_75t_R)
     1    0.68    6.44   15.62  126.69 ^ _451_/Y (OA21x2_ASAP7_75t_R)
                                         _101_ (net)
                  6.44    0.03  126.72 ^ rd_out[12]$_DFFE_PP_/D (DFFHQNx1_ASAP7_75t_R)
                                126.72   data arrival time

                       1660.00 1660.00   clock clk (rise edge)
                          0.00 1660.00   clock source latency
     1    2.86    0.00    0.00 1660.00 ^ clk (in)
                                         clk (net)
                  3.12    0.98 1660.98 ^ clkbuf_0_clk/A (BUFx8_ASAP7_75t_R)
     2    2.99    7.75   15.35 1676.33 ^ clkbuf_0_clk/Y (BUFx8_ASAP7_75t_R)
                                         clknet_0_clk (net)
                  7.83    0.37 1676.70 ^ clkbuf_1_1__f_clk/A (BUFx8_ASAP7_75t_R)
    15    8.72   12.68   19.38 1696.07 ^ clkbuf_1_1__f_clk/Y (BUFx8_ASAP7_75t_R)
                                         clknet_1_1__leaf_clk (net)
                 12.79    0.66 1696.73 ^ rd_out[12]$_DFFE_PP_/CLK (DFFHQNx1_ASAP7_75t_R)
                          1.34 1698.07   clock reconvergence pessimism
                         -5.38 1692.70   library setup time
                               1692.70   data required time
-----------------------------------------------------------------------------
                               1692.70   data required time
                               -126.72   data arrival time
-----------------------------------------------------------------------------
                               1565.98   slack (MET)


Startpoint: _tray_size4_193 (rising edge-triggered flip-flop clocked by clk)
Endpoint: _tray_size4_171 (rising edge-triggered flip-flop clocked by clk)
Path Group: clk
Path Type: max

Fanout     Cap    Slew   Delay    Time   Description
-----------------------------------------------------------------------------
                          0.00    0.00   clock clk (rise edge)
                          0.00    0.00   clock source latency
     1    3.07    0.00    0.00    0.00 ^ clk (in)
                                         clk (net)
                  3.48    1.10    1.10 ^ clkbuf_0_clk/A (BUFx8_ASAP7_75t_R)
     2    3.41    8.09   15.63   16.73 ^ clkbuf_0_clk/Y (BUFx8_ASAP7_75t_R)
                                         clknet_0_clk (net)
                  8.19    0.43   17.16 ^ clkbuf_1_1__f_clk/A (BUFx8_ASAP7_75t_R)
    15   10.49   14.32   20.25   37.42 ^ clkbuf_1_1__f_clk/Y (BUFx8_ASAP7_75t_R)
                                         clknet_1_1__leaf_clk (net)
                 14.38    0.51   37.93 ^ _tray_size4_193/CLK (DFFHQNH2V2Xx1_ASAP7_75t_R)
     1    0.84   18.64   50.84   88.77 ^ _tray_size4_193/QN1 (DFFHQNH2V2Xx1_ASAP7_75t_R)
                                         _009_ (net)
                 18.64    0.05   88.81 ^ place104/A (BUFx3_ASAP7_75t_R)
    35   29.97   68.51   38.44  127.25 ^ place104/Y (BUFx3_ASAP7_75t_R)
                                         net104 (net)
                 72.18    8.51  135.77 ^ _429_/A (INVx3_ASAP7_75t_R)
    33   28.91   67.25   42.63  178.39 v _429_/Y (INVx3_ASAP7_75t_R)
                                         _198_ (net)
                 69.25    6.33  184.72 v _574_/A (AND3x4_ASAP7_75t_R)
     2    3.17   10.71   33.45  218.17 v _574_/Y (AND3x4_ASAP7_75t_R)
                                         _295_ (net)
                 10.72    0.16  218.33 v rebuffer106/A (BUFx3_ASAP7_75t_R)
     9   13.11   26.97   23.20  241.54 v rebuffer106/Y (BUFx3_ASAP7_75t_R)
                                         net106 (net)
                 28.11    3.00  244.54 v place89/A (BUFx6f_ASAP7_75t_R)
     9   10.74   13.82   22.00  266.54 v place89/Y (BUFx6f_ASAP7_75t_R)
                                         net89 (net)
                 13.95    0.76  267.30 v _580_/B (NOR2x1p5_ASAP7_75t_R)
     1    0.69   10.63    7.62  274.92 ^ _580_/Y (NOR2x1p5_ASAP7_75t_R)
                                         _300_ (net)
                 10.63    0.03  274.95 ^ _581_/B (AO21x2_ASAP7_75t_R)
     1    0.94    7.03   12.76  287.71 ^ _581_/Y (AO21x2_ASAP7_75t_R)
                                         _146_ (net)
                  7.03    0.08  287.79 ^ _tray_size4_171/D2 (DFFHQNH2V2Xx1_ASAP7_75t_R)
                                287.79   data arrival time

                       1660.00 1660.00   clock clk (rise edge)
                          0.00 1660.00   clock source latency
     1    2.86    0.00    0.00 1660.00 ^ clk (in)
                                         clk (net)
                  3.12    0.98 1660.98 ^ clkbuf_0_clk/A (BUFx8_ASAP7_75t_R)
     2    2.99    7.75   15.35 1676.33 ^ clkbuf_0_clk/Y (BUFx8_ASAP7_75t_R)
                                         clknet_0_clk (net)
                  7.86    0.45 1676.78 ^ clkbuf_1_0__f_clk/A (BUFx8_ASAP7_75t_R)
    13    7.96   11.94   19.08 1695.85 ^ clkbuf_1_0__f_clk/Y (BUFx8_ASAP7_75t_R)
                                         clknet_1_0__leaf_clk (net)
                 11.97    0.35 1696.20 ^ _tray_size4_171/CLK (DFFHQNH2V2Xx1_ASAP7_75t_R)
                          0.40 1696.60   clock reconvergence pessimism
                         -9.29 1687.31   library setup time
                               1687.31   data required time
-----------------------------------------------------------------------------
                               1687.31   data required time
                               -287.79   data arrival time
-----------------------------------------------------------------------------
                               1399.52   slack (MET)



==========================================================================
cts final report_checks -unconstrained
--------------------------------------------------------------------------
Startpoint: ce_in (input port)
Endpoint: mem[1][12]$_DFFE_PP_ (rising edge-triggered flip-flop clocked by clk)
Path Group: in2reg
Path Type: max

Fanout     Cap    Slew   Delay    Time   Description
-----------------------------------------------------------------------------
                          0.00    0.00 ^ input external delay
     1    1.63    0.00    0.00    0.00 ^ ce_in (in)
                                         ce_in (net)
                  0.29    0.09    0.09 ^ input9/A (BUFx6f_ASAP7_75t_R)
     3    9.03   12.89   12.84   12.93 ^ input9/Y (BUFx6f_ASAP7_75t_R)
                                         net9 (net)
                 12.93    0.45   13.38 ^ _574_/C (AND3x4_ASAP7_75t_R)
     2    3.18   12.22   22.25   35.63 ^ _574_/Y (AND3x4_ASAP7_75t_R)
                                         _295_ (net)
                 12.30    0.51   36.14 ^ place94/A (BUFx6f_ASAP7_75t_R)
     8   10.23   14.39   16.90   53.04 ^ place94/Y (BUFx6f_ASAP7_75t_R)
                                         net94 (net)
                 14.41    0.29   53.33 ^ _617_/B (NOR2x1p5_ASAP7_75t_R)
     1    0.73   10.12    6.93   60.26 v _617_/Y (NOR2x1p5_ASAP7_75t_R)
                                         _320_ (net)
                 10.12    0.04   60.29 v _618_/B (AO21x2_ASAP7_75t_R)
     1    0.69    6.23   18.03   78.33 v _618_/Y (AO21x2_ASAP7_75t_R)
                                         _163_ (net)
                  6.23    0.03   78.36 v mem[1][12]$_DFFE_PP_/D (DFFHQNx1_ASAP7_75t_R)
                                 78.36   data arrival time

                         80.00   80.00   max_delay
                         -0.84   79.16   library setup time
                                 79.16   data required time
-----------------------------------------------------------------------------
                                 79.16   data required time
                                -78.36   data arrival time
-----------------------------------------------------------------------------
                                  0.80   slack (MET)


Startpoint: rd_out[12]$_DFFE_PP_
            (rising edge-triggered flip-flop clocked by clk)
Endpoint: rd_out[12] (output port)
Path Group: reg2out
Path Type: max

Fanout     Cap    Slew   Delay    Time   Description
-----------------------------------------------------------------------------
                 14.47    0.00    0.00 ^ rd_out[12]$_DFFE_PP_/CLK (DFFHQNx1_ASAP7_75t_R)
     1    0.75   12.48   36.58   36.58 ^ rd_out[12]$_DFFE_PP_/QN (DFFHQNx1_ASAP7_75t_R)
                                         _092_ (net)
                 12.48    0.03   36.61 ^ _421_/A (INVx1_ASAP7_75t_R)
     2    1.48   10.50    8.56   45.18 v _421_/Y (INVx1_ASAP7_75t_R)
                                         net46 (net)
                 10.50    0.05   45.23 v output46/A (BUFx2_ASAP7_75t_R)
     1    0.23    4.14   13.33   58.55 v output46/Y (BUFx2_ASAP7_75t_R)
                                         rd_out[12] (net)
                  4.14    0.01   58.56 v rd_out[12] (out)
                                 58.56   data arrival time

                         80.00   80.00   max_delay
                          0.00   80.00   output external delay
                                 80.00   data required time
-----------------------------------------------------------------------------
                                 80.00   data required time
                                -58.56   data arrival time
-----------------------------------------------------------------------------
                                 21.44   slack (MET)


Startpoint: mem[1][12]$_DFFE_PP_
            (rising edge-triggered flip-flop clocked by clk)
Endpoint: rd_out[12]$_DFFE_PP_ (rising edge-triggered flip-flop clocked by clk)
Path Group: reg2reg
Path Type: max

Fanout     Cap    Slew   Delay    Time   Description
-----------------------------------------------------------------------------
                          0.00    0.00   clock clk (rise edge)
                          0.00    0.00   clock source latency
     1    3.07    0.00    0.00    0.00 ^ clk (in)
                                         clk (net)
                  3.48    1.10    1.10 ^ clkbuf_0_clk/A (BUFx8_ASAP7_75t_R)
     2    3.41    8.09   15.63   16.73 ^ clkbuf_0_clk/Y (BUFx8_ASAP7_75t_R)
                                         clknet_0_clk (net)
                  8.19    0.43   17.16 ^ clkbuf_1_1__f_clk/A (BUFx8_ASAP7_75t_R)
    15   10.49   14.32   20.25   37.42 ^ clkbuf_1_1__f_clk/Y (BUFx8_ASAP7_75t_R)
                                         clknet_1_1__leaf_clk (net)
                 14.50    0.88   38.29 ^ mem[1][12]$_DFFE_PP_/CLK (DFFHQNx1_ASAP7_75t_R)
     2    2.47   23.05   42.62   80.91 v mem[1][12]$_DFFE_PP_/QN (DFFHQNx1_ASAP7_75t_R)
                                         _030_ (net)
                 23.05    0.10   81.01 v _449_/A2 (AO21x1_ASAP7_75t_R)
     1    1.74   13.45   21.01  102.02 v _449_/Y (AO21x1_ASAP7_75t_R)
                                         _214_ (net)
                 13.46    0.11  102.12 v _450_/A (NAND2x1p5_ASAP7_75t_R)
     1    0.74    9.07    8.91  111.03 ^ _450_/Y (NAND2x1p5_ASAP7_75t_R)
                                         _215_ (net)
                  9.07    0.04  111.07 ^ _451_/B (OA21x2_ASAP7_75t_R)
     1    0.68    6.44   15.62  126.69 ^ _451_/Y (OA21x2_ASAP7_75t_R)
                                         _101_ (net)
                  6.44    0.03  126.72 ^ rd_out[12]$_DFFE_PP_/D (DFFHQNx1_ASAP7_75t_R)
                                126.72   data arrival time

                       1660.00 1660.00   clock clk (rise edge)
                          0.00 1660.00   clock source latency
     1    2.86    0.00    0.00 1660.00 ^ clk (in)
                                         clk (net)
                  3.12    0.98 1660.98 ^ clkbuf_0_clk/A (BUFx8_ASAP7_75t_R)
     2    2.99    7.75   15.35 1676.33 ^ clkbuf_0_clk/Y (BUFx8_ASAP7_75t_R)
                                         clknet_0_clk (net)
                  7.83    0.37 1676.70 ^ clkbuf_1_1__f_clk/A (BUFx8_ASAP7_75t_R)
    15    8.72   12.68   19.38 1696.07 ^ clkbuf_1_1__f_clk/Y (BUFx8_ASAP7_75t_R)
                                         clknet_1_1__leaf_clk (net)
                 12.79    0.66 1696.73 ^ rd_out[12]$_DFFE_PP_/CLK (DFFHQNx1_ASAP7_75t_R)
                          1.34 1698.07   clock reconvergence pessimism
                         -5.38 1692.70   library setup time
                               1692.70   data required time
-----------------------------------------------------------------------------
                               1692.70   data required time
                               -126.72   data arrival time
-----------------------------------------------------------------------------
                               1565.98   slack (MET)


Startpoint: _tray_size4_193 (rising edge-triggered flip-flop clocked by clk)
Endpoint: _tray_size4_171 (rising edge-triggered flip-flop clocked by clk)
Path Group: clk
Path Type: max

Fanout     Cap    Slew   Delay    Time   Description
-----------------------------------------------------------------------------
                          0.00    0.00   clock clk (rise edge)
                          0.00    0.00   clock source latency
     1    3.07    0.00    0.00    0.00 ^ clk (in)
                                         clk (net)
                  3.48    1.10    1.10 ^ clkbuf_0_clk/A (BUFx8_ASAP7_75t_R)
     2    3.41    8.09   15.63   16.73 ^ clkbuf_0_clk/Y (BUFx8_ASAP7_75t_R)
                                         clknet_0_clk (net)
                  8.19    0.43   17.16 ^ clkbuf_1_1__f_clk/A (BUFx8_ASAP7_75t_R)
    15   10.49   14.32   20.25   37.42 ^ clkbuf_1_1__f_clk/Y (BUFx8_ASAP7_75t_R)
                                         clknet_1_1__leaf_clk (net)
                 14.38    0.51   37.93 ^ _tray_size4_193/CLK (DFFHQNH2V2Xx1_ASAP7_75t_R)
     1    0.84   18.64   50.84   88.77 ^ _tray_size4_193/QN1 (DFFHQNH2V2Xx1_ASAP7_75t_R)
                                         _009_ (net)
                 18.64    0.05   88.81 ^ place104/A (BUFx3_ASAP7_75t_R)
    35   29.97   68.51   38.44  127.25 ^ place104/Y (BUFx3_ASAP7_75t_R)
                                         net104 (net)
                 72.18    8.51  135.77 ^ _429_/A (INVx3_ASAP7_75t_R)
    33   28.91   67.25   42.63  178.39 v _429_/Y (INVx3_ASAP7_75t_R)
                                         _198_ (net)
                 69.25    6.33  184.72 v _574_/A (AND3x4_ASAP7_75t_R)
     2    3.17   10.71   33.45  218.17 v _574_/Y (AND3x4_ASAP7_75t_R)
                                         _295_ (net)
                 10.72    0.16  218.33 v rebuffer106/A (BUFx3_ASAP7_75t_R)
     9   13.11   26.97   23.20  241.54 v rebuffer106/Y (BUFx3_ASAP7_75t_R)
                                         net106 (net)
                 28.11    3.00  244.54 v place89/A (BUFx6f_ASAP7_75t_R)
     9   10.74   13.82   22.00  266.54 v place89/Y (BUFx6f_ASAP7_75t_R)
                                         net89 (net)
                 13.95    0.76  267.30 v _580_/B (NOR2x1p5_ASAP7_75t_R)
     1    0.69   10.63    7.62  274.92 ^ _580_/Y (NOR2x1p5_ASAP7_75t_R)
                                         _300_ (net)
                 10.63    0.03  274.95 ^ _581_/B (AO21x2_ASAP7_75t_R)
     1    0.94    7.03   12.76  287.71 ^ _581_/Y (AO21x2_ASAP7_75t_R)
                                         _146_ (net)
                  7.03    0.08  287.79 ^ _tray_size4_171/D2 (DFFHQNH2V2Xx1_ASAP7_75t_R)
                                287.79   data arrival time

                       1660.00 1660.00   clock clk (rise edge)
                          0.00 1660.00   clock source latency
     1    2.86    0.00    0.00 1660.00 ^ clk (in)
                                         clk (net)
                  3.12    0.98 1660.98 ^ clkbuf_0_clk/A (BUFx8_ASAP7_75t_R)
     2    2.99    7.75   15.35 1676.33 ^ clkbuf_0_clk/Y (BUFx8_ASAP7_75t_R)
                                         clknet_0_clk (net)
                  7.86    0.45 1676.78 ^ clkbuf_1_0__f_clk/A (BUFx8_ASAP7_75t_R)
    13    7.96   11.94   19.08 1695.85 ^ clkbuf_1_0__f_clk/Y (BUFx8_ASAP7_75t_R)
                                         clknet_1_0__leaf_clk (net)
                 11.97    0.35 1696.20 ^ _tray_size4_171/CLK (DFFHQNH2V2Xx1_ASAP7_75t_R)
                          0.40 1696.60   clock reconvergence pessimism
                         -9.29 1687.31   library setup time
                               1687.31   data required time
-----------------------------------------------------------------------------
                               1687.31   data required time
                               -287.79   data arrival time
-----------------------------------------------------------------------------
                               1399.52   slack (MET)



==========================================================================
cts final report_check_types -max_slew -max_cap -max_fanout -violators
--------------------------------------------------------------------------

==========================================================================
cts final max_slew_check_slack
--------------------------------------------------------------------------
243.18760681152344

==========================================================================
cts final max_slew_check_limit
--------------------------------------------------------------------------
320.0

==========================================================================
cts final max_slew_check_slack_limit
--------------------------------------------------------------------------
0.7600

==========================================================================
cts final max_fanout_check_slack
--------------------------------------------------------------------------
1.0000000150474662e+30

==========================================================================
cts final max_fanout_check_limit
--------------------------------------------------------------------------
1.0000000150474662e+30

==========================================================================
cts final max_capacitance_check_slack
--------------------------------------------------------------------------
22.24699592590332

==========================================================================
cts final max_capacitance_check_limit
--------------------------------------------------------------------------
23.040000915527344

==========================================================================
cts final max_capacitance_check_slack_limit
--------------------------------------------------------------------------
0.9656

==========================================================================
cts final max_slew_violation_count
--------------------------------------------------------------------------
max slew violation count 0

==========================================================================
cts final max_fanout_violation_count
--------------------------------------------------------------------------
max fanout violation count 0

==========================================================================
cts final max_cap_violation_count
--------------------------------------------------------------------------
max cap violation count 0

==========================================================================
cts final setup_violation_count
--------------------------------------------------------------------------
setup violation count 0

==========================================================================
cts final hold_violation_count
--------------------------------------------------------------------------
hold violation count 0

==========================================================================
cts final report_checks -path_delay max reg to reg
--------------------------------------------------------------------------
Startpoint: mem[1][12]$_DFFE_PP_
            (rising edge-triggered flip-flop clocked by clk)
Endpoint: rd_out[12]$_DFFE_PP_ (rising edge-triggered flip-flop clocked by clk)
Path Group: reg2reg
Path Type: max

  Delay    Time   Description
---------------------------------------------------------
   0.00    0.00   clock clk (rise edge)
   0.00    0.00   clock source latency
   0.00    0.00 ^ clk (in)
  16.73   16.73 ^ clkbuf_0_clk/Y (BUFx8_ASAP7_75t_R)
  20.68   37.42 ^ clkbuf_1_1__f_clk/Y (BUFx8_ASAP7_75t_R)
   0.88   38.29 ^ mem[1][12]$_DFFE_PP_/CLK (DFFHQNx1_ASAP7_75t_R)
  42.62   80.91 v mem[1][12]$_DFFE_PP_/QN (DFFHQNx1_ASAP7_75t_R)
  21.11  102.02 v _449_/Y (AO21x1_ASAP7_75t_R)
   9.02  111.03 ^ _450_/Y (NAND2x1p5_ASAP7_75t_R)
  15.65  126.69 ^ _451_/Y (OA21x2_ASAP7_75t_R)
   0.03  126.72 ^ rd_out[12]$_DFFE_PP_/D (DFFHQNx1_ASAP7_75t_R)
         126.72   data arrival time

1660.00 1660.00   clock clk (rise edge)
   0.00 1660.00   clock source latency
   0.00 1660.00 ^ clk (in)
  16.33 1676.33 ^ clkbuf_0_clk/Y (BUFx8_ASAP7_75t_R)
  19.74 1696.07 ^ clkbuf_1_1__f_clk/Y (BUFx8_ASAP7_75t_R)
   0.66 1696.73 ^ rd_out[12]$_DFFE_PP_/CLK (DFFHQNx1_ASAP7_75t_R)
   1.34 1698.07   clock reconvergence pessimism
  -5.38 1692.70   library setup time
        1692.70   data required time
---------------------------------------------------------
        1692.70   data required time
        -126.72   data arrival time
---------------------------------------------------------
        1565.98   slack (MET)


Startpoint: _tray_size4_193 (rising edge-triggered flip-flop clocked by clk)
Endpoint: _tray_size4_171 (rising edge-triggered flip-flop clocked by clk)
Path Group: clk
Path Type: max

  Delay    Time   Description
---------------------------------------------------------
   0.00    0.00   clock clk (rise edge)
   0.00    0.00   clock source latency
   0.00    0.00 ^ clk (in)
  16.73   16.73 ^ clkbuf_0_clk/Y (BUFx8_ASAP7_75t_R)
  20.68   37.42 ^ clkbuf_1_1__f_clk/Y (BUFx8_ASAP7_75t_R)
   0.51   37.93 ^ _tray_size4_193/CLK (DFFHQNH2V2Xx1_ASAP7_75t_R)
  50.84   88.77 ^ _tray_size4_193/QN1 (DFFHQNH2V2Xx1_ASAP7_75t_R)
  38.48  127.25 ^ place104/Y (BUFx3_ASAP7_75t_R)
  51.14  178.39 v _429_/Y (INVx3_ASAP7_75t_R)
  39.78  218.17 v _574_/Y (AND3x4_ASAP7_75t_R)
  23.37  241.54 v rebuffer106/Y (BUFx3_ASAP7_75t_R)
  25.00  266.54 v place89/Y (BUFx6f_ASAP7_75t_R)
   8.38  274.92 ^ _580_/Y (NOR2x1p5_ASAP7_75t_R)
  12.79  287.71 ^ _581_/Y (AO21x2_ASAP7_75t_R)
   0.08  287.79 ^ _tray_size4_171/D2 (DFFHQNH2V2Xx1_ASAP7_75t_R)
         287.79   data arrival time

1660.00 1660.00   clock clk (rise edge)
   0.00 1660.00   clock source latency
   0.00 1660.00 ^ clk (in)
  16.33 1676.33 ^ clkbuf_0_clk/Y (BUFx8_ASAP7_75t_R)
  19.52 1695.85 ^ clkbuf_1_0__f_clk/Y (BUFx8_ASAP7_75t_R)
   0.35 1696.20 ^ _tray_size4_171/CLK (DFFHQNH2V2Xx1_ASAP7_75t_R)
   0.40 1696.60   clock reconvergence pessimism
  -9.29 1687.31   library setup time
        1687.31   data required time
---------------------------------------------------------
        1687.31   data required time
        -287.79   data arrival time
---------------------------------------------------------
        1399.52   slack (MET)



==========================================================================
cts final report_checks -path_delay min reg to reg
--------------------------------------------------------------------------
Startpoint: rd_out[9]$_DFFE_PP_ (rising edge-triggered flip-flop clocked by clk)
Endpoint: rd_out[9]$_DFFE_PP_ (rising edge-triggered flip-flop clocked by clk)
Path Group: reg2reg
Path Type: min

  Delay    Time   Description
---------------------------------------------------------
   0.00    0.00   clock clk (rise edge)
   0.00    0.00   clock source latency
   0.00    0.00 ^ clk (in)
  16.33   16.33 ^ clkbuf_0_clk/Y (BUFx8_ASAP7_75t_R)
  19.74   36.07 ^ clkbuf_1_1__f_clk/Y (BUFx8_ASAP7_75t_R)
   0.62   36.70 ^ rd_out[9]$_DFFE_PP_/CLK (DFFHQNx1_ASAP7_75t_R)
  35.15   71.85 ^ rd_out[9]$_DFFE_PP_/QN (DFFHQNx1_ASAP7_75t_R)
   7.41   79.26 v _418_/Y (INVx1_ASAP7_75t_R)
  16.50   95.76 v _463_/Y (OA21x2_ASAP7_75t_R)
   0.03   95.79 v rd_out[9]$_DFFE_PP_/D (DFFHQNx1_ASAP7_75t_R)
          95.79   data arrival time

   0.00    0.00   clock clk (rise edge)
   0.00    0.00   clock source latency
   0.00    0.00 ^ clk (in)
  16.73   16.73 ^ clkbuf_0_clk/Y (BUFx8_ASAP7_75t_R)
  20.68   37.42 ^ clkbuf_1_1__f_clk/Y (BUFx8_ASAP7_75t_R)
   0.75   38.17 ^ rd_out[9]$_DFFE_PP_/CLK (DFFHQNx1_ASAP7_75t_R)
  -1.47   36.70   clock reconvergence pessimism
  12.35   49.04   library hold time
          49.04   data required time
---------------------------------------------------------
          49.04   data required time
         -95.79   data arrival time
---------------------------------------------------------
          46.75   slack (MET)


Startpoint: _tray_size4_176 (rising edge-triggered flip-flop clocked by clk)
Endpoint: _tray_size4_176 (rising edge-triggered flip-flop clocked by clk)
Path Group: clk
Path Type: min

  Delay    Time   Description
---------------------------------------------------------
   0.00    0.00   clock clk (rise edge)
   0.00    0.00   clock source latency
   0.00    0.00 ^ clk (in)
  16.33   16.33 ^ clkbuf_0_clk/Y (BUFx8_ASAP7_75t_R)
  19.74   36.07 ^ clkbuf_1_1__f_clk/Y (BUFx8_ASAP7_75t_R)
   0.18   36.26 ^ _tray_size4_176/CLK (DFFHQNH2V2Xx1_ASAP7_75t_R)
  48.17   84.43 ^ _tray_size4_176/QN0 (DFFHQNH2V2Xx1_ASAP7_75t_R)
   7.86   92.29 v _395_/Y (INVx1_ASAP7_75t_R)
  16.66  108.95 v _716_/Y (OA21x2_ASAP7_75t_R)
   0.05  109.00 v _tray_size4_176/D0 (DFFHQNH2V2Xx1_ASAP7_75t_R)
         109.00   data arrival time

   0.00    0.00   clock clk (rise edge)
   0.00    0.00   clock source latency
   0.00    0.00 ^ clk (in)
  16.73   16.73 ^ clkbuf_0_clk/Y (BUFx8_ASAP7_75t_R)
  20.68   37.42 ^ clkbuf_1_1__f_clk/Y (BUFx8_ASAP7_75t_R)
   0.22   37.64 ^ _tray_size4_176/CLK (DFFHQNH2V2Xx1_ASAP7_75t_R)
  -1.38   36.26   clock reconvergence pessimism
  13.91   50.17   library hold time
          50.17   data required time
---------------------------------------------------------
          50.17   data required time
        -109.00   data arrival time
---------------------------------------------------------
          58.82   slack (MET)



==========================================================================
cts final critical path target clock latency max path
--------------------------------------------------------------------------
36.8013

==========================================================================
cts final critical path target clock latency min path
--------------------------------------------------------------------------
0

==========================================================================
cts final critical path source clock latency min path
--------------------------------------------------------------------------
0

==========================================================================
cts final critical path delay
--------------------------------------------------------------------------
78.3592

==========================================================================
cts final critical path slack
--------------------------------------------------------------------------
0.8000

==========================================================================
cts final slack div critical path delay
--------------------------------------------------------------------------
1.020939

==========================================================================
cts final report_power
--------------------------------------------------------------------------
Group                  Internal  Switching    Leakage      Total
                          Power      Power      Power      Power (Watts)
----------------------------------------------------------------
Sequential             1.17e-04   2.31e-05   1.18e-08   1.40e-04  45.5%
Combinational          8.96e-05   5.70e-05   2.82e-08   1.47e-04  47.7%
Clock                  1.23e-05   8.43e-06   6.85e-10   2.07e-05   6.7%
Macro                  0.00e+00   0.00e+00   0.00e+00   0.00e+00   0.0%
Pad                    0.00e+00   0.00e+00   0.00e+00   0.00e+00   0.0%
----------------------------------------------------------------
Total                  2.19e-04   8.85e-05   4.07e-08   3.07e-04 100.0%
                          71.2%      28.8%       0.0%
