
==========================================================================
detailed place report_tns
--------------------------------------------------------------------------
tns max -358.00

==========================================================================
detailed place report_wns
--------------------------------------------------------------------------
wns max -27.32

==========================================================================
detailed place report_worst_slack
--------------------------------------------------------------------------
worst slack max -27.32

==========================================================================
detailed place report_clock_min_period
--------------------------------------------------------------------------
clk period_min = 707.32 fmax = 1413.78

==========================================================================
detailed place report_checks -path_delay min
--------------------------------------------------------------------------
Startpoint: rst (input port clocked by clk)
Endpoint: rle.rz4.den$_DFFE_PN0P_ (removal check against rising-edge clock clk)
Path Group: asynchronous
Path Type: min

Fanout     Cap    Slew   Delay    Time   Description
-----------------------------------------------------------------------------
                  0.00    0.00    0.00   clock clk (rise edge)
                          0.00    0.00   clock network delay (ideal)
                        136.00  136.00 ^ input external delay
     1    1.23    0.00    0.00  136.00 ^ rst (in)
                                         rst (net)
                  0.32    0.10  136.10 ^ input85/A (BUFx2_ASAP7_75t_R)
     6   14.10   50.37   22.98  159.08 ^ input85/Y (BUFx2_ASAP7_75t_R)
                                         net84 (net)
                 55.44    8.32  167.40 ^ rle.rz4.den$_DFFE_PN0P_/RESETN (DFFASRHQNx1_ASAP7_75t_R)
                                167.40   data arrival time

                  0.00    0.00    0.00   clock clk (rise edge)
                          0.00    0.00   clock network delay (ideal)
                          0.00    0.00   clock reconvergence pessimism
                                  0.00 ^ rle.rz4.den$_DFFE_PN0P_/CLK (DFFASRHQNx1_ASAP7_75t_R)
                         22.98   22.98   library removal time
                                 22.98   data required time
-----------------------------------------------------------------------------
                                 22.98   data required time
                               -167.40   data arrival time
-----------------------------------------------------------------------------
                                144.42   slack (MET)


Startpoint: dqnr_doe$_DFFE_PP_ (rising edge-triggered flip-flop clocked by clk)
Endpoint: rle.ddstrb$_DFF_P_ (rising edge-triggered flip-flop clocked by clk)
Path Group: clk
Path Type: min

Fanout     Cap    Slew   Delay    Time   Description
-----------------------------------------------------------------------------
                  0.00    0.00    0.00   clock clk (rise edge)
                          0.00    0.00   clock network delay (ideal)
                  0.00    0.00    0.00 ^ dqnr_doe$_DFFE_PP_/CLK (DFFHQNx1_ASAP7_75t_R)
     1    0.66   11.93   31.91   31.91 ^ dqnr_doe$_DFFE_PP_/QN (DFFHQNx1_ASAP7_75t_R)
                                         _000750_ (net)
                 11.93    0.03   31.94 ^ _061196_/A (INVx1_ASAP7_75t_R)
     2    1.09    8.56    7.32   39.26 v _061196_/Y (INVx1_ASAP7_75t_R)
                                         dc_diff_doe (net)
                  8.56    0.03   39.29 v rle.ddstrb$_DFF_P_/D (DFFHQNx1_ASAP7_75t_R)
                                 39.29   data arrival time

                  0.00    0.00    0.00   clock clk (rise edge)
                          0.00    0.00   clock network delay (ideal)
                          0.00    0.00   clock reconvergence pessimism
                                  0.00 ^ rle.ddstrb$_DFF_P_/CLK (DFFHQNx1_ASAP7_75t_R)
                          8.42    8.42   library hold time
                                  8.42   data required time
-----------------------------------------------------------------------------
                                  8.42   data required time
                                -39.29   data arrival time
-----------------------------------------------------------------------------
                                 30.87   slack (MET)



==========================================================================
detailed place report_checks -path_delay max
--------------------------------------------------------------------------
Startpoint: rst (input port clocked by clk)
Endpoint: fdct_zigzag.dct_mod.dddcnt$_DFFE_PN1P_
          (recovery check against rising-edge clock clk)
Path Group: asynchronous
Path Type: max

Fanout     Cap    Slew   Delay    Time   Description
-----------------------------------------------------------------------------
                  0.00    0.00    0.00   clock clk (rise edge)
                          0.00    0.00   clock network delay (ideal)
                        136.00  136.00 ^ input external delay
     1    1.36    0.00    0.00  136.00 ^ rst (in)
                                         rst (net)
                  0.37    0.12  136.12 ^ input85/A (BUFx2_ASAP7_75t_R)
     6   14.88   53.06   23.54  159.66 ^ input85/Y (BUFx2_ASAP7_75t_R)
                                         net84 (net)
                 64.50   12.81  172.47 ^ place9829/A (BUFx3_ASAP7_75t_R)
     8   13.68   35.04   29.97  202.45 ^ place9829/Y (BUFx3_ASAP7_75t_R)
                                         net9828 (net)
                 41.40    7.65  210.10 ^ place9828/A (BUFx3_ASAP7_75t_R)
    10   19.61   47.68   27.35  237.45 ^ place9828/Y (BUFx3_ASAP7_75t_R)
                                         net9827 (net)
                 79.91   21.79  259.24 ^ fdct_zigzag.dct_mod.dddcnt$_DFFE_PN1P_/SETN (DFFASRHQNx1_ASAP7_75t_R)
                                259.24   data arrival time

                  0.00  680.00  680.00   clock clk (rise edge)
                          0.00  680.00   clock network delay (ideal)
                          0.00  680.00   clock reconvergence pessimism
                                680.00 ^ fdct_zigzag.dct_mod.dddcnt$_DFFE_PN1P_/CLK (DFFASRHQNx1_ASAP7_75t_R)
                         -6.76  673.24   library recovery time
                                673.24   data required time
-----------------------------------------------------------------------------
                                673.24   data required time
                               -259.24   data arrival time
-----------------------------------------------------------------------------
                                414.00   slack (MET)


Startpoint: _tray_size4_8417 (rising edge-triggered flip-flop clocked by clk)
Endpoint: _tray_size2_8083 (rising edge-triggered flip-flop clocked by clk)
Path Group: clk
Path Type: max

Fanout     Cap    Slew   Delay    Time   Description
-----------------------------------------------------------------------------
                  0.00    0.00    0.00   clock clk (rise edge)
                          0.00    0.00   clock network delay (ideal)
                  0.00    0.00    0.00 ^ _tray_size4_8417/CLK (DFFHQNH2V2Xx1_ASAP7_75t_R)
     8   11.32  114.45   91.51   91.51 ^ _tray_size4_8417/QN1 (DFFHQNH2V2Xx1_ASAP7_75t_R)
                                         _003254_ (net)
                115.20    5.33   96.85 ^ _070552_/B (NOR2x1_ASAP7_75t_R)
     2    2.33   33.19   26.09  122.94 v _070552_/Y (NOR2x1_ASAP7_75t_R)
                                         _021472_ (net)
                 33.19    0.09  123.03 v _110132_/A (HAxp5_ASAP7_75t_R)
     4    7.91  136.14  104.23  227.26 v _110132_/SN (HAxp5_ASAP7_75t_R)
                                         _013648_ (net)
                136.15    0.37  227.63 v _107333_/B (FAx1_ASAP7_75t_R)
     4    6.45  110.49   82.51  310.14 ^ _107333_/CON (FAx1_ASAP7_75t_R)
                                         _013662_ (net)
     3    4.45   97.97   42.49  352.63 v _107333_/SN (FAx1_ASAP7_75t_R)
                                         _013654_ (net)
                 97.98    0.22  352.85 v _070556_/A (INVx1_ASAP7_75t_R)
     3    5.22   54.23   41.88  394.73 ^ _070556_/Y (INVx1_ASAP7_75t_R)
                                         _013649_ (net)
                 54.24    0.21  394.94 ^ _107344_/CI (FAx1_ASAP7_75t_R)
     1    2.21   41.82   29.77  424.72 v _107344_/CON (FAx1_ASAP7_75t_R)
                                         _059064_ (net)
     1    1.75   47.61   22.90  447.62 ^ _107344_/SN (FAx1_ASAP7_75t_R)
                                         _059067_ (net)
                 47.61    0.08  447.70 ^ _107347_/CI (FAx1_ASAP7_75t_R)
     1    0.78   26.69   38.09  485.79 v _107347_/SN (FAx1_ASAP7_75t_R)
                                         _013690_ (net)
                 26.69    0.03  485.83 v _073489_/A (INVx1_ASAP7_75t_R)
     1    1.14   13.64   11.46  497.29 ^ _073489_/Y (INVx1_ASAP7_75t_R)
                                         _013692_ (net)
                 13.64    0.07  497.36 ^ _110138_/B (HAxp5_ASAP7_75t_R)
     5    6.00  103.98   77.73  575.09 v _110138_/SN (HAxp5_ASAP7_75t_R)
                                         _021487_ (net)
                103.98    0.17  575.26 v _076983_/A (NOR2x1_ASAP7_75t_R)
     2    2.08   28.95   22.50  597.76 ^ _076983_/Y (NOR2x1_ASAP7_75t_R)
                                         _033396_ (net)
                 28.95    0.10  597.87 ^ _076985_/A (AND2x2_ASAP7_75t_R)
     2    1.48    8.84   18.55  616.42 ^ _076985_/Y (AND2x2_ASAP7_75t_R)
                                         _033398_ (net)
                  8.85    0.09  616.51 ^ _076988_/A (AND3x1_ASAP7_75t_R)
     1    0.55    8.37   16.39  632.90 ^ _076988_/Y (AND3x1_ASAP7_75t_R)
                                         _033401_ (net)
                  8.37    0.02  632.92 ^ _076997_/A2 (AO221x1_ASAP7_75t_R)
     1    1.04   11.48   21.49  654.41 ^ _076997_/Y (AO221x1_ASAP7_75t_R)
                                         _033410_ (net)
                 11.48    0.05  654.45 ^ _076999_/A (XOR2x2_ASAP7_75t_R)
     1    0.79    7.11   24.15  678.60 ^ _076999_/Y (XOR2x2_ASAP7_75t_R)
                                         _033412_ (net)
                  7.11    0.04  678.64 ^ _077001_/A1 (AO21x1_ASAP7_75t_R)
     1    0.68    7.79   12.55  691.20 ^ _077001_/Y (AO21x1_ASAP7_75t_R)
                                         _025448_ (net)
                  7.79    0.03  691.23 ^ _tray_size2_8083/D0 (DFFHQNV2Xx1_ASAP7_75t_R)
                                691.23   data arrival time

                  0.00  680.00  680.00   clock clk (rise edge)
                          0.00  680.00   clock network delay (ideal)
                          0.00  680.00   clock reconvergence pessimism
                                680.00 ^ _tray_size2_8083/CLK (DFFHQNV2Xx1_ASAP7_75t_R)
                        -16.10  663.90   library setup time
                                663.90   data required time
-----------------------------------------------------------------------------
                                663.90   data required time
                               -691.23   data arrival time
-----------------------------------------------------------------------------
                                -27.32   slack (VIOLATED)



==========================================================================
detailed place report_checks -unconstrained
--------------------------------------------------------------------------
Startpoint: rst (input port clocked by clk)
Endpoint: fdct_zigzag.dct_mod.dddcnt$_DFFE_PN1P_
          (recovery check against rising-edge clock clk)
Path Group: asynchronous
Path Type: max

Fanout     Cap    Slew   Delay    Time   Description
-----------------------------------------------------------------------------
                  0.00    0.00    0.00   clock clk (rise edge)
                          0.00    0.00   clock network delay (ideal)
                        136.00  136.00 ^ input external delay
     1    1.36    0.00    0.00  136.00 ^ rst (in)
                                         rst (net)
                  0.37    0.12  136.12 ^ input85/A (BUFx2_ASAP7_75t_R)
     6   14.88   53.06   23.54  159.66 ^ input85/Y (BUFx2_ASAP7_75t_R)
                                         net84 (net)
                 64.50   12.81  172.47 ^ place9829/A (BUFx3_ASAP7_75t_R)
     8   13.68   35.04   29.97  202.45 ^ place9829/Y (BUFx3_ASAP7_75t_R)
                                         net9828 (net)
                 41.40    7.65  210.10 ^ place9828/A (BUFx3_ASAP7_75t_R)
    10   19.61   47.68   27.35  237.45 ^ place9828/Y (BUFx3_ASAP7_75t_R)
                                         net9827 (net)
                 79.91   21.79  259.24 ^ fdct_zigzag.dct_mod.dddcnt$_DFFE_PN1P_/SETN (DFFASRHQNx1_ASAP7_75t_R)
                                259.24   data arrival time

                  0.00  680.00  680.00   clock clk (rise edge)
                          0.00  680.00   clock network delay (ideal)
                          0.00  680.00   clock reconvergence pessimism
                                680.00 ^ fdct_zigzag.dct_mod.dddcnt$_DFFE_PN1P_/CLK (DFFASRHQNx1_ASAP7_75t_R)
                         -6.76  673.24   library recovery time
                                673.24   data required time
-----------------------------------------------------------------------------
                                673.24   data required time
                               -259.24   data arrival time
-----------------------------------------------------------------------------
                                414.00   slack (MET)


Startpoint: _tray_size4_8417 (rising edge-triggered flip-flop clocked by clk)
Endpoint: _tray_size2_8083 (rising edge-triggered flip-flop clocked by clk)
Path Group: clk
Path Type: max

Fanout     Cap    Slew   Delay    Time   Description
-----------------------------------------------------------------------------
                  0.00    0.00    0.00   clock clk (rise edge)
                          0.00    0.00   clock network delay (ideal)
                  0.00    0.00    0.00 ^ _tray_size4_8417/CLK (DFFHQNH2V2Xx1_ASAP7_75t_R)
     8   11.32  114.45   91.51   91.51 ^ _tray_size4_8417/QN1 (DFFHQNH2V2Xx1_ASAP7_75t_R)
                                         _003254_ (net)
                115.20    5.33   96.85 ^ _070552_/B (NOR2x1_ASAP7_75t_R)
     2    2.33   33.19   26.09  122.94 v _070552_/Y (NOR2x1_ASAP7_75t_R)
                                         _021472_ (net)
                 33.19    0.09  123.03 v _110132_/A (HAxp5_ASAP7_75t_R)
     4    7.91  136.14  104.23  227.26 v _110132_/SN (HAxp5_ASAP7_75t_R)
                                         _013648_ (net)
                136.15    0.37  227.63 v _107333_/B (FAx1_ASAP7_75t_R)
     4    6.45  110.49   82.51  310.14 ^ _107333_/CON (FAx1_ASAP7_75t_R)
                                         _013662_ (net)
     3    4.45   97.97   42.49  352.63 v _107333_/SN (FAx1_ASAP7_75t_R)
                                         _013654_ (net)
                 97.98    0.22  352.85 v _070556_/A (INVx1_ASAP7_75t_R)
     3    5.22   54.23   41.88  394.73 ^ _070556_/Y (INVx1_ASAP7_75t_R)
                                         _013649_ (net)
                 54.24    0.21  394.94 ^ _107344_/CI (FAx1_ASAP7_75t_R)
     1    2.21   41.82   29.77  424.72 v _107344_/CON (FAx1_ASAP7_75t_R)
                                         _059064_ (net)
     1    1.75   47.61   22.90  447.62 ^ _107344_/SN (FAx1_ASAP7_75t_R)
                                         _059067_ (net)
                 47.61    0.08  447.70 ^ _107347_/CI (FAx1_ASAP7_75t_R)
     1    0.78   26.69   38.09  485.79 v _107347_/SN (FAx1_ASAP7_75t_R)
                                         _013690_ (net)
                 26.69    0.03  485.83 v _073489_/A (INVx1_ASAP7_75t_R)
     1    1.14   13.64   11.46  497.29 ^ _073489_/Y (INVx1_ASAP7_75t_R)
                                         _013692_ (net)
                 13.64    0.07  497.36 ^ _110138_/B (HAxp5_ASAP7_75t_R)
     5    6.00  103.98   77.73  575.09 v _110138_/SN (HAxp5_ASAP7_75t_R)
                                         _021487_ (net)
                103.98    0.17  575.26 v _076983_/A (NOR2x1_ASAP7_75t_R)
     2    2.08   28.95   22.50  597.76 ^ _076983_/Y (NOR2x1_ASAP7_75t_R)
                                         _033396_ (net)
                 28.95    0.10  597.87 ^ _076985_/A (AND2x2_ASAP7_75t_R)
     2    1.48    8.84   18.55  616.42 ^ _076985_/Y (AND2x2_ASAP7_75t_R)
                                         _033398_ (net)
                  8.85    0.09  616.51 ^ _076988_/A (AND3x1_ASAP7_75t_R)
     1    0.55    8.37   16.39  632.90 ^ _076988_/Y (AND3x1_ASAP7_75t_R)
                                         _033401_ (net)
                  8.37    0.02  632.92 ^ _076997_/A2 (AO221x1_ASAP7_75t_R)
     1    1.04   11.48   21.49  654.41 ^ _076997_/Y (AO221x1_ASAP7_75t_R)
                                         _033410_ (net)
                 11.48    0.05  654.45 ^ _076999_/A (XOR2x2_ASAP7_75t_R)
     1    0.79    7.11   24.15  678.60 ^ _076999_/Y (XOR2x2_ASAP7_75t_R)
                                         _033412_ (net)
                  7.11    0.04  678.64 ^ _077001_/A1 (AO21x1_ASAP7_75t_R)
     1    0.68    7.79   12.55  691.20 ^ _077001_/Y (AO21x1_ASAP7_75t_R)
                                         _025448_ (net)
                  7.79    0.03  691.23 ^ _tray_size2_8083/D0 (DFFHQNV2Xx1_ASAP7_75t_R)
                                691.23   data arrival time

                  0.00  680.00  680.00   clock clk (rise edge)
                          0.00  680.00   clock network delay (ideal)
                          0.00  680.00   clock reconvergence pessimism
                                680.00 ^ _tray_size2_8083/CLK (DFFHQNV2Xx1_ASAP7_75t_R)
                        -16.10  663.90   library setup time
                                663.90   data required time
-----------------------------------------------------------------------------
                                663.90   data required time
                               -691.23   data arrival time
-----------------------------------------------------------------------------
                                -27.32   slack (VIOLATED)



==========================================================================
detailed place report_check_types -max_slew -max_cap -max_fanout -violators
--------------------------------------------------------------------------

==========================================================================
detailed place max_slew_check_slack
--------------------------------------------------------------------------
49.836883544921875

==========================================================================
detailed place max_slew_check_limit
--------------------------------------------------------------------------
320.0

==========================================================================
detailed place max_slew_check_slack_limit
--------------------------------------------------------------------------
0.1557

==========================================================================
detailed place max_fanout_check_slack
--------------------------------------------------------------------------
0.0

==========================================================================
detailed place max_fanout_check_limit
--------------------------------------------------------------------------
10.0

==========================================================================
detailed place max_fanout_check_slack_limit
--------------------------------------------------------------------------
0.0000

==========================================================================
detailed place max_capacitance_check_slack
--------------------------------------------------------------------------
5.505607604980469

==========================================================================
detailed place max_capacitance_check_limit
--------------------------------------------------------------------------
23.040000915527344

==========================================================================
detailed place max_capacitance_check_slack_limit
--------------------------------------------------------------------------
0.2390

==========================================================================
detailed place max_slew_violation_count
--------------------------------------------------------------------------
max slew violation count 0

==========================================================================
detailed place max_fanout_violation_count
--------------------------------------------------------------------------
max fanout violation count 0

==========================================================================
detailed place max_cap_violation_count
--------------------------------------------------------------------------
max cap violation count 0

==========================================================================
detailed place setup_violation_count
--------------------------------------------------------------------------
setup violation count 30

==========================================================================
detailed place hold_violation_count
--------------------------------------------------------------------------
hold violation count 0

==========================================================================
detailed place report_checks -path_delay max reg to reg
--------------------------------------------------------------------------
Startpoint: _tray_size4_8417 (rising edge-triggered flip-flop clocked by clk)
Endpoint: _tray_size2_8083 (rising edge-triggered flip-flop clocked by clk)
Path Group: clk
Path Type: max

  Delay    Time   Description
---------------------------------------------------------
   0.00    0.00   clock clk (rise edge)
   0.00    0.00   clock network delay (ideal)
   0.00    0.00 ^ _tray_size4_8417/CLK (DFFHQNH2V2Xx1_ASAP7_75t_R)
  91.51   91.51 ^ _tray_size4_8417/QN1 (DFFHQNH2V2Xx1_ASAP7_75t_R)
  31.43  122.94 v _070552_/Y (NOR2x1_ASAP7_75t_R)
 104.32  227.26 v _110132_/SN (HAxp5_ASAP7_75t_R)
  82.88  310.14 ^ _107333_/CON (FAx1_ASAP7_75t_R)
  42.49  352.63 v _107333_/SN (FAx1_ASAP7_75t_R)
  42.10  394.73 ^ _070556_/Y (INVx1_ASAP7_75t_R)
  29.99  424.72 v _107344_/CON (FAx1_ASAP7_75t_R)
  22.90  447.62 ^ _107344_/SN (FAx1_ASAP7_75t_R)
  38.17  485.79 v _107347_/SN (FAx1_ASAP7_75t_R)
  11.50  497.29 ^ _073489_/Y (INVx1_ASAP7_75t_R)
  77.80  575.09 v _110138_/SN (HAxp5_ASAP7_75t_R)
  22.67  597.76 ^ _076983_/Y (NOR2x1_ASAP7_75t_R)
  18.65  616.42 ^ _076985_/Y (AND2x2_ASAP7_75t_R)
  16.49  632.90 ^ _076988_/Y (AND3x1_ASAP7_75t_R)
  21.51  654.41 ^ _076997_/Y (AO221x1_ASAP7_75t_R)
  24.20  678.60 ^ _076999_/Y (XOR2x2_ASAP7_75t_R)
  12.59  691.20 ^ _077001_/Y (AO21x1_ASAP7_75t_R)
   0.03  691.23 ^ _tray_size2_8083/D0 (DFFHQNV2Xx1_ASAP7_75t_R)
         691.23   data arrival time

 680.00  680.00   clock clk (rise edge)
   0.00  680.00   clock network delay (ideal)
   0.00  680.00   clock reconvergence pessimism
         680.00 ^ _tray_size2_8083/CLK (DFFHQNV2Xx1_ASAP7_75t_R)
 -16.10  663.90   library setup time
         663.90   data required time
---------------------------------------------------------
         663.90   data required time
        -691.23   data arrival time
---------------------------------------------------------
         -27.32   slack (VIOLATED)



==========================================================================
detailed place report_checks -path_delay min reg to reg
--------------------------------------------------------------------------
Startpoint: dqnr_doe$_DFFE_PP_ (rising edge-triggered flip-flop clocked by clk)
Endpoint: rle.ddstrb$_DFF_P_ (rising edge-triggered flip-flop clocked by clk)
Path Group: clk
Path Type: min

  Delay    Time   Description
---------------------------------------------------------
   0.00    0.00   clock clk (rise edge)
   0.00    0.00   clock network delay (ideal)
   0.00    0.00 ^ dqnr_doe$_DFFE_PP_/CLK (DFFHQNx1_ASAP7_75t_R)
  31.91   31.91 ^ dqnr_doe$_DFFE_PP_/QN (DFFHQNx1_ASAP7_75t_R)
   7.35   39.26 v _061196_/Y (INVx1_ASAP7_75t_R)
   0.03   39.29 v rle.ddstrb$_DFF_P_/D (DFFHQNx1_ASAP7_75t_R)
          39.29   data arrival time

   0.00    0.00   clock clk (rise edge)
   0.00    0.00   clock network delay (ideal)
   0.00    0.00   clock reconvergence pessimism
           0.00 ^ rle.ddstrb$_DFF_P_/CLK (DFFHQNx1_ASAP7_75t_R)
   8.42    8.42   library hold time
           8.42   data required time
---------------------------------------------------------
           8.42   data required time
         -39.29   data arrival time
---------------------------------------------------------
          30.87   slack (MET)



==========================================================================
detailed place critical path target clock latency max path
--------------------------------------------------------------------------
0.0000

==========================================================================
detailed place critical path target clock latency min path
--------------------------------------------------------------------------
0.0000

==========================================================================
detailed place critical path source clock latency min path
--------------------------------------------------------------------------
0.0000

==========================================================================
detailed place critical path delay
--------------------------------------------------------------------------
691.2259

==========================================================================
detailed place critical path slack
--------------------------------------------------------------------------
-27.3245

==========================================================================
detailed place slack div critical path delay
--------------------------------------------------------------------------
-3.953049

==========================================================================
detailed place report_power
--------------------------------------------------------------------------
Group                  Internal  Switching    Leakage      Total
                          Power      Power      Power      Power (Watts)
----------------------------------------------------------------
Sequential             1.43e-02   3.28e-03   5.70e-07   1.76e-02  16.6%
Combinational          3.85e-02   4.95e-02   3.14e-06   8.80e-02  83.4%
Clock                  0.00e+00   0.00e+00   0.00e+00   0.00e+00   0.0%
Macro                  0.00e+00   0.00e+00   0.00e+00   0.00e+00   0.0%
Pad                    0.00e+00   0.00e+00   0.00e+00   0.00e+00   0.0%
----------------------------------------------------------------
Total                  5.28e-02   5.27e-02   3.71e-06   1.06e-01 100.0%
                          50.0%      50.0%       0.0%
