OpenROAD ee3d65ce03b2656092ed62bf9205c5c11049c575 
Features included (+) or not (-): +GPU +GUI +Python
This program is licensed under the BSD-3 license. See the LICENSE file for details.
Components of this program may be licensed under more restrictive licenses which must be honored.
[INFO ORD-0030] Using 32 thread(s).
source /home/lucast/workspace/OR-flow-TCC/flow/platforms/asap7/liberty_suppressions.tcl
read_liberty /home/lucast/workspace/OR-flow-TCC/flow/platforms/asap7/lib/NLDM/asap7sc7p5t_AO_RVT_FF_nldm_211120.lib.gz
read_liberty /home/lucast/workspace/OR-flow-TCC/flow/platforms/asap7/lib/NLDM/asap7sc7p5t_INVBUF_RVT_FF_nldm_220122.lib.gz
read_liberty /home/lucast/workspace/OR-flow-TCC/flow/platforms/asap7/lib/NLDM/asap7sc7p5t_OA_RVT_FF_nldm_211120.lib.gz
read_liberty /home/lucast/workspace/OR-flow-TCC/flow/platforms/asap7/lib/NLDM/asap7sc7p5t_SIMPLE_RVT_FF_nldm_211120.lib.gz
read_liberty /home/lucast/workspace/OR-flow-TCC/flow/platforms/asap7/lib/NLDM/asap7sc7p5t_SEQ_RVT_FF_nldm_220123.lib
read_liberty ./results/asap7/riscv32i-mock-sram_fakeram7_256x32/modified_alpha_2-beta_0.1/fakeram7_256x32_typ.lib
read_liberty /home/lucast/workspace/OR-flow-TCC/flow/platforms/asap7/lib/NLDM/asap7sc7p5t_DFFHQNH2V2X_RVT_TT_nldm_FAKE.lib
read_liberty /home/lucast/workspace/OR-flow-TCC/flow/platforms/asap7/lib/NLDM/asap7sc7p5t_DFFHQNV2X_RVT_TT_nldm_FAKE.lib
read_db -hier ./results/asap7/riscv32i-mock-sram/modified_alpha_2-beta_0.1/4_cts.odb
[WARNING ORD-0012] Hierarchical flow (-hier) is currently in development and may cause multiple issues. Do not use in production environments.
source /home/lucast/workspace/OR-flow-TCC/flow/platforms/asap7/setRC.tcl
pin_access
[INFO DRT-0149] Reading tech and libs.

Units:                1000
Number of layers:     21
Number of macros:     231
Number of vias:       21
Number of viarulegen: 11

[INFO DRT-0150] Reading design.

Design:                   riscv_top
Die area:                 ( 0 0 ) ( 64318 64318 )
Number of track patterns: 32
Number of DEF vias:       0
Number of components:     10185
Number of terminals:      137
Number of snets:          2
Number of nets:           10176

[INFO DRT-0167] List of default vias:
  Layer V2
    default via: VIA23
  Layer V3
    default via: VIA34
  Layer V4
    default via: VIA45
  Layer V5
    default via: VIA56
  Layer V6
    default via: VIA67
  Layer V7
    default via: VIA78
  Layer V8
    default via: VIA89
  Layer V9
    default via: VIA9Pad
[INFO DRT-0162] Library cell analysis.
[INFO DRT-0163] Instance analysis.
[INFO DRT-0164] Number of unique instances = 272.
[INFO DRT-0168] Init region query.
[INFO DRT-0024]   Complete Active.
[INFO DRT-0024]   Complete V0.
[INFO DRT-0024]   Complete M1.
[INFO DRT-0024]   Complete V1.
[INFO DRT-0024]   Complete M2.
[INFO DRT-0024]   Complete V2.
[INFO DRT-0024]   Complete M3.
[INFO DRT-0024]   Complete V3.
[INFO DRT-0024]   Complete M4.
[INFO DRT-0024]   Complete V4.
[INFO DRT-0024]   Complete M5.
[INFO DRT-0024]   Complete V5.
[INFO DRT-0024]   Complete M6.
[INFO DRT-0024]   Complete V6.
[INFO DRT-0024]   Complete M7.
[INFO DRT-0024]   Complete V7.
[INFO DRT-0024]   Complete M8.
[INFO DRT-0024]   Complete V8.
[INFO DRT-0024]   Complete M9.
[INFO DRT-0024]   Complete V9.
[INFO DRT-0024]   Complete Pad.
[INFO DRT-0033] Active shape region query size = 0.
[INFO DRT-0033] V0 shape region query size = 0.
[INFO DRT-0033] M1 shape region query size = 174654.
[INFO DRT-0033] V1 shape region query size = 166273.
[INFO DRT-0033] M2 shape region query size = 6614.
[INFO DRT-0033] V2 shape region query size = 7925.
[INFO DRT-0033] M3 shape region query size = 7859.
[INFO DRT-0033] V3 shape region query size = 5190.
[INFO DRT-0033] M4 shape region query size = 5494.
[INFO DRT-0033] V4 shape region query size = 5190.
[INFO DRT-0033] M5 shape region query size = 3536.
[INFO DRT-0033] V5 shape region query size = 3636.
[INFO DRT-0033] M6 shape region query size = 748.
[INFO DRT-0033] V6 shape region query size = 0.
[INFO DRT-0033] M7 shape region query size = 0.
[INFO DRT-0033] V7 shape region query size = 0.
[INFO DRT-0033] M8 shape region query size = 0.
[INFO DRT-0033] V8 shape region query size = 0.
[INFO DRT-0033] M9 shape region query size = 0.
[INFO DRT-0033] V9 shape region query size = 0.
[INFO DRT-0033] Pad shape region query size = 0.
[INFO DRT-0165] Start pin access.
[INFO DRT-0076]   Complete 1000 pins.
[INFO DRT-0078]   Complete 1913 pins.
[INFO DRT-0079]   Complete 100 unique inst patterns.
[INFO DRT-0079]   Complete 200 unique inst patterns.
[INFO DRT-0081]   Complete 266 unique inst patterns.
[INFO DRT-0084]   Complete 4828 groups.
#scanned instances     = 10185
#unique  instances     = 270
#stdCellGenAp          = 8704
#stdCellValidPlanarAp  = 70
#stdCellValidViaAp     = 6794
#stdCellPinNoAp        = 0
#stdCellPinCnt         = 35116
#instTermValidViaApCnt = 0
#macroGenAp            = 1200
#macroValidPlanarAp    = 1200
#macroValidViaAp       = 0
#macroNoAp             = 0
[INFO DRT-0166] Complete pin access.
[INFO DRT-0267] cpu time = 00:04:59, elapsed time = 00:00:13, memory = 274.54 (MB), peak = 270.95 (MB)
Took 13 seconds: pin_access
global_route -congestion_report_file ./reports/asap7/riscv32i-mock-sram/modified_alpha_2-beta_0.1/congestion.rpt -congestion_iterations 30 -congestion_report_iter_step 5 -verbose
[INFO GRT-0020] Min routing layer: M2
[INFO GRT-0021] Max routing layer: M7
[INFO GRT-0022] Global adjustment: 0%
[INFO GRT-0023] Grid origin: (0, 0)
[INFO GRT-0088] Layer M1      Track-Pitch = 0.0360  line-2-Via Pitch: 0.0360
[INFO GRT-0088] Layer M2      Track-Pitch = 0.0390  line-2-Via Pitch: 0.0360
[INFO GRT-0088] Layer M3      Track-Pitch = 0.0360  line-2-Via Pitch: 0.0360
[INFO GRT-0088] Layer M4      Track-Pitch = 0.0480  line-2-Via Pitch: 0.0480
[INFO GRT-0088] Layer M5      Track-Pitch = 0.0480  line-2-Via Pitch: 0.0480
[INFO GRT-0088] Layer M6      Track-Pitch = 0.0640  line-2-Via Pitch: 0.0640
[INFO GRT-0088] Layer M7      Track-Pitch = 0.0640  line-2-Via Pitch: 0.0640
[INFO GRT-0003] Macros: 4
[INFO GRT-0004] Blockages: 3280
[INFO GRT-0019] Found 105 clock nets.
[INFO GRT-0001] Minimum degree: 2
[INFO GRT-0002] Maximum degree: 87

[INFO GRT-0053] Routing resources analysis:
          Routing      Original      Derated      Resource
Layer     Direction    Resources     Resources    Reduction (%)
---------------------------------------------------------------
M1         Vertical            0             0          0.00%
M2         Horizontal     139199        100800          27.59%
M3         Vertical       157521        116767          25.87%
M4         Horizontal     121761         90547          25.64%
M5         Vertical       110585         81523          26.28%
M6         Horizontal      84580         57597          31.90%
M7         Vertical       111555         75258          32.54%
---------------------------------------------------------------

[INFO GRT-0101] Running extra iterations to remove overflow.
[INFO GRT-0102] Start extra iteration 1/30
[INFO GRT-0102] Start extra iteration 2/30
[INFO GRT-0102] Start extra iteration 3/30
[INFO GRT-0102] Start extra iteration 4/30
[INFO GRT-0197] Via related to pin nodes: 67875
[INFO GRT-0198] Via related Steiner nodes: 2718
[INFO GRT-0199] Via filling finished.
[INFO GRT-0111] Final number of vias: 90590
[INFO GRT-0112] Final usage 3D: 369842

[INFO GRT-0096] Final congestion report:
Layer         Resource        Demand        Usage (%)    Max H / Max V / Total Overflow
---------------------------------------------------------------------------------------
M1                   0             0            0.00%             0 /  0 /  0
M2              100800         28509           28.28%             0 /  0 /  0
M3              116767         34508           29.55%             0 /  0 /  0
M4               90547         14890           16.44%             0 /  0 /  0
M5               81523         13486           16.54%             0 /  0 /  0
M6               57597          3717            6.45%             0 /  0 /  0
M7               75258          2962            3.94%             0 /  0 /  0
---------------------------------------------------------------------------------------
Total           522492         98072           18.77%             0 /  0 /  0

[INFO GRT-0018] Total wirelength: 74366 um
[INFO GRT-0014] Routed nets: 10135
[INFO GRT-0303] Global routing runtime = 00:00:01
estimate_parasitics -global_routing
Perform buffer insertion and gate resizing...
repair_design -verbose
Iteration |   Area    | Resized | Buffers | Nets repaired | Remaining
---------------------------------------------------------------------
        0 |     +0.0% |       0 |       0 |             0 |     10233
     1000 |     +0.0% |       0 |       0 |             0 |      9233
     2000 |     +0.0% |       0 |       0 |             0 |      8233
[WARNING RSZ-0104] Net _01191_ only has one pin. Check if it is intended to be dangling.
[WARNING RSZ-0104] Net _01135_ only has one pin. Check if it is intended to be dangling.
[WARNING RSZ-0104] Net _01187_ only has one pin. Check if it is intended to be dangling.
[WARNING RSZ-0104] Net _01175_ only has one pin. Check if it is intended to be dangling.
[WARNING RSZ-0104] Net _01163_ only has one pin. Check if it is intended to be dangling.
[WARNING RSZ-0104] Net _01155_ only has one pin. Check if it is intended to be dangling.
[WARNING RSZ-0104] Net _01095_ only has one pin. Check if it is intended to be dangling.
[WARNING RSZ-0104] Net _01087_ only has one pin. Check if it is intended to be dangling.
[WARNING RSZ-0104] Net _01075_ only has one pin. Check if it is intended to be dangling.
[WARNING RSZ-0104] Net _01183_ only has one pin. Check if it is intended to be dangling.
[WARNING RSZ-0104] Net _01179_ only has one pin. Check if it is intended to be dangling.
[WARNING RSZ-0104] Net _01167_ only has one pin. Check if it is intended to be dangling.
[WARNING RSZ-0104] Net _01159_ only has one pin. Check if it is intended to be dangling.
[WARNING RSZ-0104] Net _01147_ only has one pin. Check if it is intended to be dangling.
[WARNING RSZ-0104] Net _01143_ only has one pin. Check if it is intended to be dangling.
[WARNING RSZ-0104] Net _01139_ only has one pin. Check if it is intended to be dangling.
[WARNING RSZ-0104] Net _01131_ only has one pin. Check if it is intended to be dangling.
[WARNING RSZ-0104] Net _01127_ only has one pin. Check if it is intended to be dangling.
[WARNING RSZ-0104] Net _01123_ only has one pin. Check if it is intended to be dangling.
[WARNING RSZ-0104] Net _01119_ only has one pin. Check if it is intended to be dangling.
[WARNING RSZ-0104] Net _01115_ only has one pin. Check if it is intended to be dangling.
[WARNING RSZ-0104] Net _01111_ only has one pin. Check if it is intended to be dangling.
[WARNING RSZ-0104] Net _01107_ only has one pin. Check if it is intended to be dangling.
[WARNING RSZ-0104] Net _01103_ only has one pin. Check if it is intended to be dangling.
[WARNING RSZ-0104] Net _01099_ only has one pin. Check if it is intended to be dangling.
[WARNING RSZ-0104] Net _01091_ only has one pin. Check if it is intended to be dangling.
[WARNING RSZ-0104] Net _01083_ only has one pin. Check if it is intended to be dangling.
[WARNING RSZ-0104] Net _01079_ only has one pin. Check if it is intended to be dangling.
     3000 |     +0.0% |       0 |       0 |             0 |      7233
[WARNING RSZ-0104] Net _01199_ only has one pin. Check if it is intended to be dangling.
[WARNING RSZ-0104] Net _01195_ only has one pin. Check if it is intended to be dangling.
[WARNING RSZ-0104] Net _01171_ only has one pin. Check if it is intended to be dangling.
[WARNING RSZ-0104] Net _01151_ only has one pin. Check if it is intended to be dangling.
[WARNING RSZ-0104] Net _01063_ only has one pin. Check if it is intended to be dangling.
[WARNING RSZ-0104] Net _01059_ only has one pin. Check if it is intended to be dangling.
[WARNING RSZ-0104] Net _01057_ only has one pin. Check if it is intended to be dangling.
[WARNING RSZ-0104] Net _01061_ only has one pin. Check if it is intended to be dangling.
     4000 |     +0.0% |       0 |       0 |             0 |      6233
     5000 |     +0.0% |       0 |       0 |             0 |      5233
[WARNING RSZ-0104] Net _01071_ only has one pin. Check if it is intended to be dangling.
[WARNING RSZ-0104] Net _01069_ only has one pin. Check if it is intended to be dangling.
     6000 |     +0.0% |       0 |       0 |             0 |      4233
[WARNING RSZ-0104] Net _01067_ only has one pin. Check if it is intended to be dangling.
[WARNING RSZ-0104] Net _01065_ only has one pin. Check if it is intended to be dangling.
     7000 |     +0.0% |       0 |       0 |             0 |      3233
     8000 |     +0.0% |       0 |       0 |             0 |      2233
     9000 |     +0.0% |       0 |       0 |             0 |      1233
    10000 |     +0.0% |       0 |       0 |             0 |       233
[WARNING RSZ-0104] Net valid_reg only has one pin. Check if it is intended to be dangling.
    final |     +0.0% |       0 |       0 |             0 |         0
---------------------------------------------------------------------
global_route -start_incremental
detailed_placement
[INFO DPL-0005] Max displacement: +/- 500 sites horizontally, +/- 100 rows vertically.
Movements Summary
---------------------------------------
Total cells:                    9714
Diamond Move Success:           9714 (100.00%)
Diamond Move Failure:              0
Rip-up and replace Success:        0 (  0.00% of diamond failures)
Rip-up and replace Failure:        0
Total Placement Failures:          0
---------------------------------------
Placement Analysis
---------------------------------
total displacement          0.0 u
average displacement        0.0 u
max displacement            0.0 u
original HPWL           43935.0 u
legalized HPWL          43935.0 u
delta HPWL                    0 %

global_route -end_incremental -congestion_report_file ./reports/asap7/riscv32i-mock-sram/modified_alpha_2-beta_0.1/congestion_post_repair_design.rpt
Repair setup and hold violations...
estimate_parasitics -global_routing
repair_timing -setup_margin 0 -hold_margin 0 -repair_tns 100 -verbose
[INFO RSZ-0100] Repair move sequence: UnbufferMove SizeUpMove SwapPinsMove BufferMove CloneMove SplitLoadMove 
[INFO RSZ-0094] Found 241 endpoints with setup violations.
[INFO RSZ-0099] Repairing 241 out of 241 (100.00%) violating endpoints...
   Iter   | Removed | Resized | Inserted | Cloned |  Pin  |   Area   |    WNS   |   TNS      |  Viol  | Worst
          | Buffers |  Gates  | Buffers  |  Gates | Swaps |          |          |            | Endpts | Endpt
--------------------------------------------------------------------------------------------------------------
        0 |       0 |       0 |        0 |      0 |     0 |    +0.0% |  -57.181 |    -2385.7 |    241 | dataadr[31]
       10 |       0 |       0 |        4 |      0 |     5 |    +0.0% |  -49.447 |     -922.4 |    241 | dataadr[31]
       20 |       0 |       1 |       13 |      0 |     7 |    +0.1% |  -40.703 |     -545.8 |    241 | dataadr[0]
       30 |       1 |       6 |       18 |      0 |     8 |    +0.1% |  -27.017 |     -467.1 |    241 | dataadr[31]
       40 |       1 |       8 |       21 |      0 |    13 |    +0.1% |  -24.364 |     -426.7 |    241 | dataadr[0]
       50 |       1 |      11 |       23 |      0 |    19 |    +0.1% |  -23.383 |     -403.7 |    241 | dataadr[23]
       60 |       1 |      14 |       28 |      0 |    23 |    +0.1% |  -21.849 |     -305.9 |    241 | dataadr[0]
       70 |       1 |      18 |       29 |      2 |    26 |    +0.2% |  -20.852 |     -276.7 |    241 | dataadr[0]
       80 |       1 |      23 |       32 |      2 |    28 |    +0.2% |  -21.671 |     -329.9 |    241 | dataadr[0]
       90 |       1 |      26 |       35 |      3 |    31 |    +0.2% |  -21.522 |     -217.0 |    241 | dataadr[28]
      100 |       1 |      32 |       36 |      3 |    34 |    +0.2% |  -12.331 |      -97.7 |    241 | dataadr[0]
      108 |       1 |      36 |       36 |      4 |    37 |    +0.2% |   -6.430 |      -19.6 |    239 | dataadr[31]
      109 |       1 |      36 |       36 |      4 |    37 |    +0.2% |   -6.430 |      -19.6 |    238 | dataadr[31]
      110 |       1 |      36 |       36 |      4 |    37 |    +0.2% |   -6.430 |      -19.6 |    238 | dataadr[31]
      120 |       1 |      38 |       42 |      5 |    41 |    +0.3% |   -7.680 |      -28.2 |    238 | dataadr[0]
      130 |       1 |      44 |       45 |      6 |    42 |    +0.3% |   -4.615 |       -8.6 |    238 | dataadr[30]
      131 |       1 |      45 |       45 |      6 |    42 |    +0.3% |   -4.615 |       -7.5 |    236 | dataadr[30]
      132 |       1 |      45 |       45 |      6 |    42 |    +0.3% |   -4.615 |       -7.5 |    235 | dataadr[30]
      133 |       1 |      45 |       45 |      6 |    42 |    +0.3% |   -4.615 |       -7.5 |    234 | dataadr[30]
      134 |       1 |      45 |       45 |      6 |    42 |    +0.3% |   -4.615 |       -7.5 |    233 | dataadr[30]
      135 |       1 |      45 |       45 |      6 |    42 |    +0.3% |   -4.615 |       -7.5 |    232 | dataadr[30]
      140 |       1 |      46 |       47 |      6 |    44 |    +0.3% |   -0.335 |       -0.3 |    232 | dataadr[30]
      141 |       1 |      46 |       48 |      6 |    44 |    +0.3% |    0.547 |        0.0 |    230 | dataadr[30]
      142 |       1 |      46 |       48 |      6 |    44 |    +0.3% |    0.547 |        0.0 |    229 | dataadr[30]
      143 |       1 |      46 |       48 |      6 |    44 |    +0.3% |    0.547 |        0.0 |    228 | dataadr[30]
      144 |       1 |      46 |       48 |      6 |    44 |    +0.3% |    0.547 |        0.0 |    227 | dataadr[30]
      145 |       1 |      46 |       48 |      6 |    44 |    +0.3% |    0.547 |        0.0 |    226 | dataadr[30]
      146 |       1 |      46 |       48 |      6 |    44 |    +0.3% |    0.547 |        0.0 |    225 | dataadr[30]
      147 |       1 |      46 |       48 |      6 |    44 |    +0.3% |    0.547 |        0.0 |    224 | dataadr[30]
      148 |       1 |      46 |       48 |      6 |    44 |    +0.3% |    0.547 |        0.0 |    223 | dataadr[30]
      149 |       1 |      46 |       48 |      6 |    44 |    +0.3% |    0.547 |        0.0 |    222 | dataadr[30]
      150 |       1 |      46 |       48 |      6 |    44 |    +0.3% |    0.547 |        0.0 |    222 | dataadr[30]
      150 |       1 |      46 |       48 |      6 |    44 |    +0.3% |    0.547 |        0.0 |    221 | dataadr[30]
      151 |       1 |      46 |       48 |      6 |    44 |    +0.3% |    0.547 |        0.0 |    220 | dataadr[30]
      152 |       1 |      46 |       48 |      6 |    44 |    +0.3% |    0.547 |        0.0 |    219 | dataadr[30]
      153 |       1 |      46 |       48 |      6 |    44 |    +0.3% |    0.547 |        0.0 |    218 | dataadr[30]
      154 |       1 |      46 |       48 |      6 |    44 |    +0.3% |    0.547 |        0.0 |    217 | dataadr[30]
      155 |       1 |      46 |       48 |      6 |    44 |    +0.3% |    0.547 |        0.0 |    216 | dataadr[30]
      156 |       1 |      46 |       48 |      6 |    44 |    +0.3% |    0.547 |        0.0 |    215 | dataadr[30]
      157 |       1 |      46 |       48 |      6 |    44 |    +0.3% |    0.547 |        0.0 |    214 | dataadr[30]
      158 |       1 |      46 |       48 |      6 |    44 |    +0.3% |    0.547 |        0.0 |    213 | dataadr[30]
      159 |       1 |      46 |       48 |      6 |    44 |    +0.3% |    0.547 |        0.0 |    212 | dataadr[30]
      160 |       1 |      46 |       48 |      6 |    44 |    +0.3% |    0.547 |        0.0 |    212 | dataadr[30]
      160 |       1 |      46 |       48 |      6 |    44 |    +0.3% |    0.547 |        0.0 |    211 | dataadr[30]
      161 |       1 |      46 |       48 |      6 |    44 |    +0.3% |    0.547 |        0.0 |    210 | dataadr[30]
      162 |       1 |      46 |       48 |      6 |    44 |    +0.3% |    0.547 |        0.0 |    209 | dataadr[30]
      163 |       1 |      46 |       48 |      6 |    44 |    +0.3% |    0.547 |        0.0 |    208 | dataadr[30]
      164 |       1 |      46 |       48 |      6 |    44 |    +0.3% |    0.547 |        0.0 |    207 | dataadr[30]
      165 |       1 |      46 |       48 |      6 |    44 |    +0.3% |    0.547 |        0.0 |    206 | dataadr[30]
      166 |       1 |      46 |       48 |      6 |    44 |    +0.3% |    0.547 |        0.0 |    205 | dataadr[30]
      167 |       1 |      46 |       48 |      6 |    44 |    +0.3% |    0.547 |        0.0 |    204 | dataadr[30]
      168 |       1 |      46 |       48 |      6 |    44 |    +0.3% |    0.547 |        0.0 |    203 | dataadr[30]
      169 |       1 |      46 |       48 |      6 |    44 |    +0.3% |    0.547 |        0.0 |    202 | dataadr[30]
      170 |       1 |      46 |       48 |      6 |    44 |    +0.3% |    0.547 |        0.0 |    202 | dataadr[30]
      170 |       1 |      46 |       48 |      6 |    44 |    +0.3% |    0.547 |        0.0 |    201 | dataadr[30]
      171 |       1 |      46 |       48 |      6 |    44 |    +0.3% |    0.547 |        0.0 |    200 | dataadr[30]
      172 |       1 |      46 |       48 |      6 |    44 |    +0.3% |    0.547 |        0.0 |    199 | dataadr[30]
      173 |       1 |      46 |       48 |      6 |    44 |    +0.3% |    0.547 |        0.0 |    198 | dataadr[30]
      174 |       1 |      46 |       48 |      6 |    44 |    +0.3% |    0.547 |        0.0 |    197 | dataadr[30]
      175 |       1 |      46 |       48 |      6 |    44 |    +0.3% |    0.547 |        0.0 |    196 | dataadr[30]
      176 |       1 |      46 |       48 |      6 |    44 |    +0.3% |    0.547 |        0.0 |    195 | dataadr[30]
      177 |       1 |      46 |       48 |      6 |    44 |    +0.3% |    0.547 |        0.0 |    194 | dataadr[30]
      178 |       1 |      46 |       48 |      6 |    44 |    +0.3% |    0.547 |        0.0 |    193 | dataadr[30]
      179 |       1 |      46 |       48 |      6 |    44 |    +0.3% |    0.547 |        0.0 |    192 | dataadr[30]
      180 |       1 |      46 |       48 |      6 |    44 |    +0.3% |    0.547 |        0.0 |    192 | dataadr[30]
      180 |       1 |      46 |       48 |      6 |    44 |    +0.3% |    0.547 |        0.0 |    191 | dataadr[30]
      181 |       1 |      46 |       48 |      6 |    44 |    +0.3% |    0.547 |        0.0 |    190 | dataadr[30]
      182 |       1 |      46 |       48 |      6 |    44 |    +0.3% |    0.547 |        0.0 |    189 | dataadr[30]
      183 |       1 |      46 |       48 |      6 |    44 |    +0.3% |    0.547 |        0.0 |    188 | dataadr[30]
      184 |       1 |      46 |       48 |      6 |    44 |    +0.3% |    0.547 |        0.0 |    187 | dataadr[30]
      185 |       1 |      46 |       48 |      6 |    44 |    +0.3% |    0.547 |        0.0 |    186 | dataadr[30]
      186 |       1 |      46 |       48 |      6 |    44 |    +0.3% |    0.547 |        0.0 |    185 | dataadr[30]
      187 |       1 |      46 |       48 |      6 |    44 |    +0.3% |    0.547 |        0.0 |    184 | dataadr[30]
      188 |       1 |      46 |       48 |      6 |    44 |    +0.3% |    0.547 |        0.0 |    183 | dataadr[30]
      189 |       1 |      46 |       48 |      6 |    44 |    +0.3% |    0.547 |        0.0 |    182 | dataadr[30]
      190 |       1 |      46 |       48 |      6 |    44 |    +0.3% |    0.547 |        0.0 |    182 | dataadr[30]
      190 |       1 |      46 |       48 |      6 |    44 |    +0.3% |    0.547 |        0.0 |    181 | dataadr[30]
      191 |       1 |      46 |       48 |      6 |    44 |    +0.3% |    0.547 |        0.0 |    180 | dataadr[30]
      192 |       1 |      46 |       48 |      6 |    44 |    +0.3% |    0.547 |        0.0 |    179 | dataadr[30]
      193 |       1 |      46 |       48 |      6 |    44 |    +0.3% |    0.547 |        0.0 |    178 | dataadr[30]
      194 |       1 |      46 |       48 |      6 |    44 |    +0.3% |    0.547 |        0.0 |    177 | dataadr[30]
      195 |       1 |      46 |       48 |      6 |    44 |    +0.3% |    0.547 |        0.0 |    176 | dataadr[30]
      196 |       1 |      46 |       48 |      6 |    44 |    +0.3% |    0.547 |        0.0 |    175 | dataadr[30]
      197 |       1 |      46 |       48 |      6 |    44 |    +0.3% |    0.547 |        0.0 |    174 | dataadr[30]
      198 |       1 |      46 |       48 |      6 |    44 |    +0.3% |    0.547 |        0.0 |    173 | dataadr[30]
      199 |       1 |      46 |       48 |      6 |    44 |    +0.3% |    0.547 |        0.0 |    172 | dataadr[30]
      200 |       1 |      46 |       48 |      6 |    44 |    +0.3% |    0.547 |        0.0 |    172 | dataadr[30]
      200 |       1 |      46 |       48 |      6 |    44 |    +0.3% |    0.547 |        0.0 |    171 | dataadr[30]
      201 |       1 |      46 |       48 |      6 |    44 |    +0.3% |    0.547 |        0.0 |    170 | dataadr[30]
      202 |       1 |      46 |       48 |      6 |    44 |    +0.3% |    0.547 |        0.0 |    169 | dataadr[30]
      203 |       1 |      46 |       48 |      6 |    44 |    +0.3% |    0.547 |        0.0 |    168 | dataadr[30]
      204 |       1 |      46 |       48 |      6 |    44 |    +0.3% |    0.547 |        0.0 |    167 | dataadr[30]
      205 |       1 |      46 |       48 |      6 |    44 |    +0.3% |    0.547 |        0.0 |    166 | dataadr[30]
      206 |       1 |      46 |       48 |      6 |    44 |    +0.3% |    0.547 |        0.0 |    165 | dataadr[30]
      207 |       1 |      46 |       48 |      6 |    44 |    +0.3% |    0.547 |        0.0 |    164 | dataadr[30]
      208 |       1 |      46 |       48 |      6 |    44 |    +0.3% |    0.547 |        0.0 |    163 | dataadr[30]
      209 |       1 |      46 |       48 |      6 |    44 |    +0.3% |    0.547 |        0.0 |    162 | dataadr[30]
      210 |       1 |      46 |       48 |      6 |    44 |    +0.3% |    0.547 |        0.0 |    162 | dataadr[30]
      210 |       1 |      46 |       48 |      6 |    44 |    +0.3% |    0.547 |        0.0 |    161 | dataadr[30]
      211 |       1 |      46 |       48 |      6 |    44 |    +0.3% |    0.547 |        0.0 |    160 | dataadr[30]
      212 |       1 |      46 |       48 |      6 |    44 |    +0.3% |    0.547 |        0.0 |    159 | dataadr[30]
      213 |       1 |      46 |       48 |      6 |    44 |    +0.3% |    0.547 |        0.0 |    158 | dataadr[30]
      214 |       1 |      46 |       48 |      6 |    44 |    +0.3% |    0.547 |        0.0 |    157 | dataadr[30]
      215 |       1 |      46 |       48 |      6 |    44 |    +0.3% |    0.547 |        0.0 |    156 | dataadr[30]
      216 |       1 |      46 |       48 |      6 |    44 |    +0.3% |    0.547 |        0.0 |    155 | dataadr[30]
      217 |       1 |      46 |       48 |      6 |    44 |    +0.3% |    0.547 |        0.0 |    154 | dataadr[30]
      218 |       1 |      46 |       48 |      6 |    44 |    +0.3% |    0.547 |        0.0 |    153 | dataadr[30]
      219 |       1 |      46 |       48 |      6 |    44 |    +0.3% |    0.547 |        0.0 |    152 | dataadr[30]
      220 |       1 |      46 |       48 |      6 |    44 |    +0.3% |    0.547 |        0.0 |    152 | dataadr[30]
      220 |       1 |      46 |       48 |      6 |    44 |    +0.3% |    0.547 |        0.0 |    151 | dataadr[30]
      221 |       1 |      46 |       48 |      6 |    44 |    +0.3% |    0.547 |        0.0 |    150 | dataadr[30]
      222 |       1 |      46 |       48 |      6 |    44 |    +0.3% |    0.547 |        0.0 |    149 | dataadr[30]
      223 |       1 |      46 |       48 |      6 |    44 |    +0.3% |    0.547 |        0.0 |    148 | dataadr[30]
      224 |       1 |      46 |       48 |      6 |    44 |    +0.3% |    0.547 |        0.0 |    147 | dataadr[30]
      225 |       1 |      46 |       48 |      6 |    44 |    +0.3% |    0.547 |        0.0 |    146 | dataadr[30]
      226 |       1 |      46 |       48 |      6 |    44 |    +0.3% |    0.547 |        0.0 |    145 | dataadr[30]
      227 |       1 |      46 |       48 |      6 |    44 |    +0.3% |    0.547 |        0.0 |    144 | dataadr[30]
      228 |       1 |      46 |       48 |      6 |    44 |    +0.3% |    0.547 |        0.0 |    143 | dataadr[30]
      229 |       1 |      46 |       48 |      6 |    44 |    +0.3% |    0.547 |        0.0 |    142 | dataadr[30]
      230 |       1 |      46 |       48 |      6 |    44 |    +0.3% |    0.547 |        0.0 |    142 | dataadr[30]
      230 |       1 |      46 |       48 |      6 |    44 |    +0.3% |    0.547 |        0.0 |    141 | dataadr[30]
      231 |       1 |      46 |       48 |      6 |    44 |    +0.3% |    0.547 |        0.0 |    140 | dataadr[30]
      232 |       1 |      46 |       48 |      6 |    44 |    +0.3% |    0.547 |        0.0 |    139 | dataadr[30]
      233 |       1 |      46 |       48 |      6 |    44 |    +0.3% |    0.547 |        0.0 |    138 | dataadr[30]
      234 |       1 |      46 |       48 |      6 |    44 |    +0.3% |    0.547 |        0.0 |    137 | dataadr[30]
      235 |       1 |      46 |       48 |      6 |    44 |    +0.3% |    0.547 |        0.0 |    136 | dataadr[30]
      236 |       1 |      46 |       48 |      6 |    44 |    +0.3% |    0.547 |        0.0 |    135 | dataadr[30]
      237 |       1 |      46 |       48 |      6 |    44 |    +0.3% |    0.547 |        0.0 |    134 | dataadr[30]
      238 |       1 |      46 |       48 |      6 |    44 |    +0.3% |    0.547 |        0.0 |    133 | dataadr[30]
      239 |       1 |      46 |       48 |      6 |    44 |    +0.3% |    0.547 |        0.0 |    132 | dataadr[30]
      240 |       1 |      46 |       48 |      6 |    44 |    +0.3% |    0.547 |        0.0 |    132 | dataadr[30]
      240 |       1 |      46 |       48 |      6 |    44 |    +0.3% |    0.547 |        0.0 |    131 | dataadr[30]
      241 |       1 |      46 |       48 |      6 |    44 |    +0.3% |    0.547 |        0.0 |    130 | dataadr[30]
      242 |       1 |      46 |       48 |      6 |    44 |    +0.3% |    0.547 |        0.0 |    129 | dataadr[30]
      243 |       1 |      46 |       48 |      6 |    44 |    +0.3% |    0.547 |        0.0 |    128 | dataadr[30]
      244 |       1 |      46 |       48 |      6 |    44 |    +0.3% |    0.547 |        0.0 |    127 | dataadr[30]
      245 |       1 |      46 |       48 |      6 |    44 |    +0.3% |    0.547 |        0.0 |    126 | dataadr[30]
      246 |       1 |      46 |       48 |      6 |    44 |    +0.3% |    0.547 |        0.0 |    125 | dataadr[30]
      247 |       1 |      46 |       48 |      6 |    44 |    +0.3% |    0.547 |        0.0 |    124 | dataadr[30]
      248 |       1 |      46 |       48 |      6 |    44 |    +0.3% |    0.547 |        0.0 |    123 | dataadr[30]
      249 |       1 |      46 |       48 |      6 |    44 |    +0.3% |    0.547 |        0.0 |    122 | dataadr[30]
      250 |       1 |      46 |       48 |      6 |    44 |    +0.3% |    0.547 |        0.0 |    122 | dataadr[30]
      250 |       1 |      46 |       48 |      6 |    44 |    +0.3% |    0.547 |        0.0 |    121 | dataadr[30]
      251 |       1 |      46 |       48 |      6 |    44 |    +0.3% |    0.547 |        0.0 |    120 | dataadr[30]
      252 |       1 |      46 |       48 |      6 |    44 |    +0.3% |    0.547 |        0.0 |    119 | dataadr[30]
      253 |       1 |      46 |       48 |      6 |    44 |    +0.3% |    0.547 |        0.0 |    118 | dataadr[30]
      254 |       1 |      46 |       48 |      6 |    44 |    +0.3% |    0.547 |        0.0 |    117 | dataadr[30]
      255 |       1 |      46 |       48 |      6 |    44 |    +0.3% |    0.547 |        0.0 |    116 | dataadr[30]
      256 |       1 |      46 |       48 |      6 |    44 |    +0.3% |    0.547 |        0.0 |    115 | dataadr[30]
      257 |       1 |      46 |       48 |      6 |    44 |    +0.3% |    0.547 |        0.0 |    114 | dataadr[30]
      258 |       1 |      46 |       48 |      6 |    44 |    +0.3% |    0.547 |        0.0 |    113 | dataadr[30]
      259 |       1 |      46 |       48 |      6 |    44 |    +0.3% |    0.547 |        0.0 |    112 | dataadr[30]
      260 |       1 |      46 |       48 |      6 |    44 |    +0.3% |    0.547 |        0.0 |    112 | dataadr[30]
      260 |       1 |      46 |       48 |      6 |    44 |    +0.3% |    0.547 |        0.0 |    111 | dataadr[30]
      261 |       1 |      46 |       48 |      6 |    44 |    +0.3% |    0.547 |        0.0 |    110 | dataadr[30]
      262 |       1 |      46 |       48 |      6 |    44 |    +0.3% |    0.547 |        0.0 |    109 | dataadr[30]
      263 |       1 |      46 |       48 |      6 |    44 |    +0.3% |    0.547 |        0.0 |    108 | dataadr[30]
      264 |       1 |      46 |       48 |      6 |    44 |    +0.3% |    0.547 |        0.0 |    107 | dataadr[30]
      265 |       1 |      46 |       48 |      6 |    44 |    +0.3% |    0.547 |        0.0 |    106 | dataadr[30]
      266 |       1 |      46 |       48 |      6 |    44 |    +0.3% |    0.547 |        0.0 |    105 | dataadr[30]
      267 |       1 |      46 |       48 |      6 |    44 |    +0.3% |    0.547 |        0.0 |    104 | dataadr[30]
      268 |       1 |      46 |       48 |      6 |    44 |    +0.3% |    0.547 |        0.0 |    103 | dataadr[30]
      269 |       1 |      46 |       48 |      6 |    44 |    +0.3% |    0.547 |        0.0 |    102 | dataadr[30]
      270 |       1 |      46 |       48 |      6 |    44 |    +0.3% |    0.547 |        0.0 |    102 | dataadr[30]
      270 |       1 |      46 |       48 |      6 |    44 |    +0.3% |    0.547 |        0.0 |    101 | dataadr[30]
      271 |       1 |      46 |       48 |      6 |    44 |    +0.3% |    0.547 |        0.0 |    100 | dataadr[30]
      272 |       1 |      46 |       48 |      6 |    44 |    +0.3% |    0.547 |        0.0 |     99 | dataadr[30]
      273 |       1 |      46 |       48 |      6 |    44 |    +0.3% |    0.547 |        0.0 |     98 | dataadr[30]
      274 |       1 |      46 |       48 |      6 |    44 |    +0.3% |    0.547 |        0.0 |     97 | dataadr[30]
      275 |       1 |      46 |       48 |      6 |    44 |    +0.3% |    0.547 |        0.0 |     96 | dataadr[30]
      276 |       1 |      46 |       48 |      6 |    44 |    +0.3% |    0.547 |        0.0 |     95 | dataadr[30]
      277 |       1 |      46 |       48 |      6 |    44 |    +0.3% |    0.547 |        0.0 |     94 | dataadr[30]
      278 |       1 |      46 |       48 |      6 |    44 |    +0.3% |    0.547 |        0.0 |     93 | dataadr[30]
      279 |       1 |      46 |       48 |      6 |    44 |    +0.3% |    0.547 |        0.0 |     92 | dataadr[30]
      280 |       1 |      46 |       48 |      6 |    44 |    +0.3% |    0.547 |        0.0 |     92 | dataadr[30]
      280 |       1 |      46 |       48 |      6 |    44 |    +0.3% |    0.547 |        0.0 |     91 | dataadr[30]
      281 |       1 |      46 |       48 |      6 |    44 |    +0.3% |    0.547 |        0.0 |     90 | dataadr[30]
      282 |       1 |      46 |       48 |      6 |    44 |    +0.3% |    0.547 |        0.0 |     89 | dataadr[30]
      283 |       1 |      46 |       48 |      6 |    44 |    +0.3% |    0.547 |        0.0 |     88 | dataadr[30]
      284 |       1 |      46 |       48 |      6 |    44 |    +0.3% |    0.547 |        0.0 |     87 | dataadr[30]
      285 |       1 |      46 |       48 |      6 |    44 |    +0.3% |    0.547 |        0.0 |     86 | dataadr[30]
      286 |       1 |      46 |       48 |      6 |    44 |    +0.3% |    0.547 |        0.0 |     85 | dataadr[30]
      287 |       1 |      46 |       48 |      6 |    44 |    +0.3% |    0.547 |        0.0 |     84 | dataadr[30]
      288 |       1 |      46 |       48 |      6 |    44 |    +0.3% |    0.547 |        0.0 |     83 | dataadr[30]
      289 |       1 |      46 |       48 |      6 |    44 |    +0.3% |    0.547 |        0.0 |     82 | dataadr[30]
      290 |       1 |      46 |       48 |      6 |    44 |    +0.3% |    0.547 |        0.0 |     82 | dataadr[30]
      290 |       1 |      46 |       48 |      6 |    44 |    +0.3% |    0.547 |        0.0 |     81 | dataadr[30]
      291 |       1 |      46 |       48 |      6 |    44 |    +0.3% |    0.547 |        0.0 |     80 | dataadr[30]
      292 |       1 |      46 |       48 |      6 |    44 |    +0.3% |    0.547 |        0.0 |     79 | dataadr[30]
      293 |       1 |      46 |       48 |      6 |    44 |    +0.3% |    0.547 |        0.0 |     78 | dataadr[30]
      294 |       1 |      46 |       48 |      6 |    44 |    +0.3% |    0.547 |        0.0 |     77 | dataadr[30]
      295 |       1 |      46 |       48 |      6 |    44 |    +0.3% |    0.547 |        0.0 |     76 | dataadr[30]
      296 |       1 |      46 |       48 |      6 |    44 |    +0.3% |    0.547 |        0.0 |     75 | dataadr[30]
      297 |       1 |      46 |       48 |      6 |    44 |    +0.3% |    0.547 |        0.0 |     74 | dataadr[30]
      298 |       1 |      46 |       48 |      6 |    44 |    +0.3% |    0.547 |        0.0 |     73 | dataadr[30]
      299 |       1 |      46 |       48 |      6 |    44 |    +0.3% |    0.547 |        0.0 |     72 | dataadr[30]
      300 |       1 |      46 |       48 |      6 |    44 |    +0.3% |    0.547 |        0.0 |     72 | dataadr[30]
      300 |       1 |      46 |       48 |      6 |    44 |    +0.3% |    0.547 |        0.0 |     71 | dataadr[30]
      301 |       1 |      46 |       48 |      6 |    44 |    +0.3% |    0.547 |        0.0 |     70 | dataadr[30]
      302 |       1 |      46 |       48 |      6 |    44 |    +0.3% |    0.547 |        0.0 |     69 | dataadr[30]
      303 |       1 |      46 |       48 |      6 |    44 |    +0.3% |    0.547 |        0.0 |     68 | dataadr[30]
      304 |       1 |      46 |       48 |      6 |    44 |    +0.3% |    0.547 |        0.0 |     67 | dataadr[30]
      305 |       1 |      46 |       48 |      6 |    44 |    +0.3% |    0.547 |        0.0 |     66 | dataadr[30]
      306 |       1 |      46 |       48 |      6 |    44 |    +0.3% |    0.547 |        0.0 |     65 | dataadr[30]
      307 |       1 |      46 |       48 |      6 |    44 |    +0.3% |    0.547 |        0.0 |     64 | dataadr[30]
      308 |       1 |      46 |       48 |      6 |    44 |    +0.3% |    0.547 |        0.0 |     63 | dataadr[30]
      309 |       1 |      46 |       48 |      6 |    44 |    +0.3% |    0.547 |        0.0 |     62 | dataadr[30]
      310 |       1 |      46 |       48 |      6 |    44 |    +0.3% |    0.547 |        0.0 |     62 | dataadr[30]
      310 |       1 |      46 |       48 |      6 |    44 |    +0.3% |    0.547 |        0.0 |     61 | dataadr[30]
      311 |       1 |      46 |       48 |      6 |    44 |    +0.3% |    0.547 |        0.0 |     60 | dataadr[30]
      312 |       1 |      46 |       48 |      6 |    44 |    +0.3% |    0.547 |        0.0 |     59 | dataadr[30]
      313 |       1 |      46 |       48 |      6 |    44 |    +0.3% |    0.547 |        0.0 |     58 | dataadr[30]
      314 |       1 |      46 |       48 |      6 |    44 |    +0.3% |    0.547 |        0.0 |     57 | dataadr[30]
      315 |       1 |      46 |       48 |      6 |    44 |    +0.3% |    0.547 |        0.0 |     56 | dataadr[30]
      316 |       1 |      46 |       48 |      6 |    44 |    +0.3% |    0.547 |        0.0 |     55 | dataadr[30]
      317 |       1 |      46 |       48 |      6 |    44 |    +0.3% |    0.547 |        0.0 |     54 | dataadr[30]
      318 |       1 |      46 |       48 |      6 |    44 |    +0.3% |    0.547 |        0.0 |     53 | dataadr[30]
      319 |       1 |      46 |       48 |      6 |    44 |    +0.3% |    0.547 |        0.0 |     52 | dataadr[30]
      320 |       1 |      46 |       48 |      6 |    44 |    +0.3% |    0.547 |        0.0 |     52 | dataadr[30]
      320 |       1 |      46 |       48 |      6 |    44 |    +0.3% |    0.547 |        0.0 |     51 | dataadr[30]
      321 |       1 |      46 |       48 |      6 |    44 |    +0.3% |    0.547 |        0.0 |     50 | dataadr[30]
      322 |       1 |      46 |       48 |      6 |    44 |    +0.3% |    0.547 |        0.0 |     49 | dataadr[30]
      323 |       1 |      46 |       48 |      6 |    44 |    +0.3% |    0.547 |        0.0 |     48 | dataadr[30]
      324 |       1 |      46 |       48 |      6 |    44 |    +0.3% |    0.547 |        0.0 |     47 | dataadr[30]
      325 |       1 |      46 |       48 |      6 |    44 |    +0.3% |    0.547 |        0.0 |     46 | dataadr[30]
      326 |       1 |      46 |       48 |      6 |    44 |    +0.3% |    0.547 |        0.0 |     45 | dataadr[30]
      327 |       1 |      46 |       48 |      6 |    44 |    +0.3% |    0.547 |        0.0 |     44 | dataadr[30]
      328 |       1 |      46 |       48 |      6 |    44 |    +0.3% |    0.547 |        0.0 |     43 | dataadr[30]
      329 |       1 |      46 |       48 |      6 |    44 |    +0.3% |    0.547 |        0.0 |     42 | dataadr[30]
      330 |       1 |      46 |       48 |      6 |    44 |    +0.3% |    0.547 |        0.0 |     42 | dataadr[30]
      330 |       1 |      46 |       48 |      6 |    44 |    +0.3% |    0.547 |        0.0 |     41 | dataadr[30]
      331 |       1 |      46 |       48 |      6 |    44 |    +0.3% |    0.547 |        0.0 |     40 | dataadr[30]
      332 |       1 |      46 |       48 |      6 |    44 |    +0.3% |    0.547 |        0.0 |     39 | dataadr[30]
      333 |       1 |      46 |       48 |      6 |    44 |    +0.3% |    0.547 |        0.0 |     38 | dataadr[30]
      334 |       1 |      46 |       48 |      6 |    44 |    +0.3% |    0.547 |        0.0 |     37 | dataadr[30]
      335 |       1 |      46 |       48 |      6 |    44 |    +0.3% |    0.547 |        0.0 |     36 | dataadr[30]
      336 |       1 |      46 |       48 |      6 |    44 |    +0.3% |    0.547 |        0.0 |     35 | dataadr[30]
      337 |       1 |      46 |       48 |      6 |    44 |    +0.3% |    0.547 |        0.0 |     34 | dataadr[30]
      338 |       1 |      46 |       48 |      6 |    44 |    +0.3% |    0.547 |        0.0 |     33 | dataadr[30]
      339 |       1 |      46 |       48 |      6 |    44 |    +0.3% |    0.547 |        0.0 |     32 | dataadr[30]
      340 |       1 |      46 |       48 |      6 |    44 |    +0.3% |    0.547 |        0.0 |     32 | dataadr[30]
      340 |       1 |      46 |       48 |      6 |    44 |    +0.3% |    0.547 |        0.0 |     31 | dataadr[30]
      341 |       1 |      46 |       48 |      6 |    44 |    +0.3% |    0.547 |        0.0 |     30 | dataadr[30]
      342 |       1 |      46 |       48 |      6 |    44 |    +0.3% |    0.547 |        0.0 |     29 | dataadr[30]
      343 |       1 |      46 |       48 |      6 |    44 |    +0.3% |    0.547 |        0.0 |     28 | dataadr[30]
      344 |       1 |      46 |       48 |      6 |    44 |    +0.3% |    0.547 |        0.0 |     27 | dataadr[30]
      345 |       1 |      46 |       48 |      6 |    44 |    +0.3% |    0.547 |        0.0 |     26 | dataadr[30]
      346 |       1 |      46 |       48 |      6 |    44 |    +0.3% |    0.547 |        0.0 |     25 | dataadr[30]
      347 |       1 |      46 |       48 |      6 |    44 |    +0.3% |    0.547 |        0.0 |     24 | dataadr[30]
      348 |       1 |      46 |       48 |      6 |    44 |    +0.3% |    0.547 |        0.0 |     23 | dataadr[30]
      349 |       1 |      46 |       48 |      6 |    44 |    +0.3% |    0.547 |        0.0 |     22 | dataadr[30]
      350 |       1 |      46 |       48 |      6 |    44 |    +0.3% |    0.547 |        0.0 |     22 | dataadr[30]
      350 |       1 |      46 |       48 |      6 |    44 |    +0.3% |    0.547 |        0.0 |     21 | dataadr[30]
      351 |       1 |      46 |       48 |      6 |    44 |    +0.3% |    0.547 |        0.0 |     20 | dataadr[30]
      352 |       1 |      46 |       48 |      6 |    44 |    +0.3% |    0.547 |        0.0 |     19 | dataadr[30]
      353 |       1 |      46 |       48 |      6 |    44 |    +0.3% |    0.547 |        0.0 |     18 | dataadr[30]
      354 |       1 |      46 |       48 |      6 |    44 |    +0.3% |    0.547 |        0.0 |     17 | dataadr[30]
      355 |       1 |      46 |       48 |      6 |    44 |    +0.3% |    0.547 |        0.0 |     16 | dataadr[30]
      356 |       1 |      46 |       48 |      6 |    44 |    +0.3% |    0.547 |        0.0 |     15 | dataadr[30]
      357 |       1 |      46 |       48 |      6 |    44 |    +0.3% |    0.547 |        0.0 |     14 | dataadr[30]
      358 |       1 |      46 |       48 |      6 |    44 |    +0.3% |    0.547 |        0.0 |     13 | dataadr[30]
      359 |       1 |      46 |       48 |      6 |    44 |    +0.3% |    0.547 |        0.0 |     12 | dataadr[30]
      360 |       1 |      46 |       48 |      6 |    44 |    +0.3% |    0.547 |        0.0 |     12 | dataadr[30]
      360 |       1 |      46 |       48 |      6 |    44 |    +0.3% |    0.547 |        0.0 |     11 | dataadr[30]
      361 |       1 |      46 |       48 |      6 |    44 |    +0.3% |    0.547 |        0.0 |     10 | dataadr[30]
      362 |       1 |      46 |       48 |      6 |    44 |    +0.3% |    0.547 |        0.0 |      9 | dataadr[30]
      363 |       1 |      46 |       48 |      6 |    44 |    +0.3% |    0.547 |        0.0 |      8 | dataadr[30]
      364 |       1 |      46 |       48 |      6 |    44 |    +0.3% |    0.547 |        0.0 |      7 | dataadr[30]
      365 |       1 |      46 |       48 |      6 |    44 |    +0.3% |    0.547 |        0.0 |      6 | dataadr[30]
      366 |       1 |      46 |       48 |      6 |    44 |    +0.3% |    0.547 |        0.0 |      5 | dataadr[30]
      367 |       1 |      46 |       48 |      6 |    44 |    +0.3% |    0.547 |        0.0 |      4 | dataadr[30]
      368 |       1 |      46 |       48 |      6 |    44 |    +0.3% |    0.547 |        0.0 |      3 | dataadr[30]
      369 |       1 |      46 |       48 |      6 |    44 |    +0.3% |    0.547 |        0.0 |      2 | dataadr[30]
      370 |       1 |      46 |       48 |      6 |    44 |    +0.3% |    0.547 |        0.0 |      2 | dataadr[30]
      370 |       1 |      46 |       48 |      6 |    44 |    +0.3% |    0.547 |        0.0 |      1 | dataadr[30]
      371 |       1 |      46 |       48 |      6 |    44 |    +0.3% |    0.547 |        0.0 |      0 | dataadr[30]
      372 |       1 |      46 |       48 |      6 |    44 |    +0.3% |    0.547 |        0.0 |      0 | dataadr[30]
      373 |       1 |      46 |       48 |      6 |    44 |    +0.3% |    0.547 |        0.0 |      0 | dataadr[30]
      374 |       1 |      46 |       48 |      6 |    44 |    +0.3% |    0.547 |        0.0 |      0 | dataadr[30]
    final |       1 |      46 |       48 |      6 |    44 |    +0.3% |    0.547 |        0.0 |      0 | dataadr[30]
--------------------------------------------------------------------------------------------------------------
[INFO RSZ-0059] Removed 1 buffers.
[INFO RSZ-0045] Inserted 48 buffers, 1 to split loads.
[INFO RSZ-0051] Resized 46 instances: 46 up, 0 up match, 0 down, 0 VT
[INFO RSZ-0043] Swapped pins on 44 instances.
[INFO RSZ-0049] Cloned 6 instances.
[INFO RSZ-0033] No hold violations found.
Took 8 seconds: repair_timing -setup_margin 0 -hold_margin 0 -repair_tns 100 -verbose
global_route -start_incremental
detailed_placement
[INFO DPL-0005] Max displacement: +/- 500 sites horizontally, +/- 100 rows vertically.
Movements Summary
---------------------------------------
Total cells:                    9767
Diamond Move Success:           9767 (100.00%)
Diamond Move Failure:              0
Rip-up and replace Success:        0 (  0.00% of diamond failures)
Rip-up and replace Failure:        0
Total Placement Failures:          0
---------------------------------------
Placement Analysis
---------------------------------
total displacement        191.2 u
average displacement        0.0 u
max displacement            1.9 u
original HPWL           44266.6 u
legalized HPWL          44423.4 u
delta HPWL                    0 %

global_route -end_incremental -congestion_report_file ./reports/asap7/riscv32i-mock-sram/modified_alpha_2-beta_0.1/congestion_post_repair_timing.rpt
global_route -start_incremental
global_route -end_incremental -congestion_report_file ./reports/asap7/riscv32i-mock-sram/modified_alpha_2-beta_0.1/congestion_post_recover_power.rpt
Repair antennas...
[WARNING GRT-0246] No diode with LEF class CORE ANTENNACELL found.
[INFO ANT-0002] Found 0 net violations.
[INFO ANT-0001] Found 0 pin violations.
Estimate parasitics...
estimate_parasitics -global_routing
Report metrics stage 5, global route...

==========================================================================
global route report_design_area
--------------------------------------------------------------------------
Design area 1983 um^2 68% utilization.
[INFO FLW-0007] clock clk period 950.000000
[INFO FLW-0008] Clock clk period 911.111
[INFO FLW-0009] Clock clk slack -9.064
[INFO FLW-0011] Path endpoint path count 1495
write_db ./results/asap7/riscv32i-mock-sram/modified_alpha_2-beta_0.1/5_1_grt.odb
write_sdc -no_timestamp ./results/asap7/riscv32i-mock-sram/modified_alpha_2-beta_0.1/5_1_grt.sdc
Elapsed time: 0:28.24[h:]min:sec. CPU time: user 416.16 sys 15.31 (1527%). Peak memory: 570720KB.
Log                        Elapsed/s Peak Memory/MB  sha1sum .odb [0:20)
5_1_grt                           28            557 c75e76dcfbfe4e678fa9
