
==========================================================================
cts final report_tns
--------------------------------------------------------------------------
tns max 0.00

==========================================================================
cts final report_wns
--------------------------------------------------------------------------
wns max 0.00

==========================================================================
cts final report_worst_slack
--------------------------------------------------------------------------
worst slack max 0.10

==========================================================================
cts final report_clock_min_period
--------------------------------------------------------------------------
main_clk period_min = 999.90 fmax = 1000.10

==========================================================================
cts final report_clock_skew
--------------------------------------------------------------------------
Clock main_clk
 250.23 source latency gen_cache_hpd.i_cache_subsystem.i_cva6_icache.cl_tag_q[20]$_DFF_PN0_/CLK ^
-162.05 target latency gen_cache_hpd.i_cache_subsystem.i_cva6_icache.gen_sram[0].data_sram.gen_techno_cut.genblk1.i_tc_sram_wrapper/clk ^
  -0.87 CRPR
--------------
  87.31 setup skew


==========================================================================
cts final report_checks -path_delay min
--------------------------------------------------------------------------
Startpoint: gen_cache_hpd.i_cache_subsystem.i_cva6_icache.cl_tag_q[19]$_DFF_PN0_
            (rising edge-triggered flip-flop clocked by main_clk)
Endpoint: gen_cache_hpd.i_cache_subsystem.i_cva6_icache.gen_sram[1].tag_sram.gen_techno_cut.genblk1.i_tc_sram_wrapper
          (rising edge-triggered flip-flop clocked by main_clk)
Path Group: main_clk
Path Type: min

Fanout     Cap    Slew   Delay    Time   Description
-----------------------------------------------------------------------------
                          0.00    0.00   clock main_clk (rise edge)
                          0.00    0.00   clock source latency
     1   12.17    0.00    0.00    0.00 ^ clk_i (in)
                                         clk_i (net)
                 57.73   18.21   18.21 ^ wire47475/A (BUFx10_ASAP7_75t_SL)
     2   16.27   11.75   18.22   36.43 ^ wire47475/Y (BUFx10_ASAP7_75t_SL)
                                         net47300 (net)
                 93.46   29.28   65.71 ^ clkbuf_regs_0_main_clk/A (BUFx24_ASAP7_75t_SL)
     1    2.41   14.34   21.83   87.53 ^ clkbuf_regs_0_main_clk/Y (BUFx24_ASAP7_75t_SL)
                                         clk_i_regs (net)
                 14.34    0.15   87.69 ^ clkbuf_0_clk_i_regs/A (BUFx24_ASAP7_75t_SL)
     2   15.52   11.20   15.79  103.48 ^ clkbuf_0_clk_i_regs/Y (BUFx24_ASAP7_75t_SL)
                                         clknet_0_clk_i_regs (net)
                 28.08    8.24  111.72 ^ clkbuf_1_1_0_clk_i_regs/A (BUFx24_ASAP7_75t_SL)
     4   22.60   11.97   17.53  129.25 ^ clkbuf_1_1_0_clk_i_regs/Y (BUFx24_ASAP7_75t_SL)
                                         clknet_1_1_0_clk_i_regs (net)
                 53.50   16.44  145.69 ^ clkbuf_3_5_0_clk_i_regs/A (BUFx24_ASAP7_75t_SL)
     4   18.87   14.47   20.23  165.92 ^ clkbuf_3_5_0_clk_i_regs/Y (BUFx24_ASAP7_75t_SL)
                                         clknet_3_5_0_clk_i_regs (net)
                 36.86   10.75  176.67 ^ clkbuf_5_21_0_clk_i_regs/A (BUFx24_ASAP7_75t_SL)
     2    6.86   11.50   18.35  195.02 ^ clkbuf_5_21_0_clk_i_regs/Y (BUFx24_ASAP7_75t_SL)
                                         clknet_5_21_0_clk_i_regs (net)
                 11.84    1.42  196.44 ^ clkbuf_6_42__f_clk_i_regs/A (BUFx24_ASAP7_75t_SL)
     5   16.32   12.20   15.78  212.22 ^ clkbuf_6_42__f_clk_i_regs/Y (BUFx24_ASAP7_75t_SL)
                                         clknet_6_42__leaf_clk_i_regs (net)
                 18.62    4.75  216.97 ^ clkbuf_leaf_42_clk_i_regs/A (BUFx24_ASAP7_75t_SL)
    19   14.77   12.60   17.11  234.09 ^ clkbuf_leaf_42_clk_i_regs/Y (BUFx24_ASAP7_75t_SL)
                                         clknet_leaf_42_clk_i_regs (net)
                 13.03    1.19  235.27 ^ gen_cache_hpd.i_cache_subsystem.i_cva6_icache.cl_tag_q[19]$_DFF_PN0_/CLK (DFFASRHQNx1_ASAP7_75t_SL)
     2    1.21   14.12   29.88  265.15 ^ gen_cache_hpd.i_cache_subsystem.i_cva6_icache.cl_tag_q[19]$_DFF_PN0_/QN (DFFASRHQNx1_ASAP7_75t_SL)
                                         _007351_ (net)
                 14.12    0.08  265.23 ^ _127269_/A (INVx1_ASAP7_75t_R)
     2   12.96   71.33   33.79  299.02 v _127269_/Y (INVx1_ASAP7_75t_R)
                                         gen_cache_hpd.i_cache_subsystem.i_cva6_icache.cl_tag_q[19] (net)
                 53.79    3.03  302.05 v gen_cache_hpd.i_cache_subsystem.i_cva6_icache.gen_sram[1].tag_sram.gen_techno_cut.genblk1.i_tc_sram_wrapper/wd_in[19] (fakeram7_64x25)
                                302.05   data arrival time

                          0.00    0.00   clock main_clk (rise edge)
                          0.00    0.00   clock source latency
     1   12.44    0.00    0.00    0.00 ^ clk_i (in)
                                         clk_i (net)
                 59.99   18.93   18.93 ^ wire47475/A (BUFx10_ASAP7_75t_SL)
     2   17.35   11.91   18.38   37.30 ^ wire47475/Y (BUFx10_ASAP7_75t_SL)
                                         net47300 (net)
                106.83   33.56   70.86 ^ clkbuf_0_clk_i/A (BUFx24_ASAP7_75t_SL)
     2   16.81   18.52   23.62   94.48 ^ clkbuf_0_clk_i/Y (BUFx24_ASAP7_75t_SL)
                                         clknet_0_clk_i (net)
                 34.91   10.06  104.54 ^ clkbuf_1_1_0_clk_i/A (BUFx24_ASAP7_75t_SL)
     4  135.09   16.43   20.05  124.58 ^ clkbuf_1_1_0_clk_i/Y (BUFx24_ASAP7_75t_SL)
                                         clknet_1_1_0_clk_i (net)
                303.87  128.05  252.63 ^ gen_cache_hpd.i_cache_subsystem.i_cva6_icache.gen_sram[1].tag_sram.gen_techno_cut.genblk1.i_tc_sram_wrapper/clk (fakeram7_64x25)
                         -0.87  251.76   clock reconvergence pessimism
                         50.00  301.76   library hold time
                                301.76   data required time
-----------------------------------------------------------------------------
                                301.76   data required time
                               -302.05   data arrival time
-----------------------------------------------------------------------------
                                  0.29   slack (MET)



==========================================================================
cts final report_checks -path_delay max
--------------------------------------------------------------------------
Startpoint: issue_stage_i.i_issue_read_operands.mult_valid_o[1]$_DFF_PN0_
            (rising edge-triggered flip-flop clocked by main_clk)
Endpoint: ex_stage_i.i_mult.i_multiplier.mult_result_q[62]$_DFF_PN0_
          (rising edge-triggered flip-flop clocked by main_clk)
Path Group: main_clk
Path Type: max

Fanout     Cap    Slew   Delay    Time   Description
-----------------------------------------------------------------------------
                          0.00    0.00   clock main_clk (rise edge)
                          0.00    0.00   clock source latency
     1   12.44    0.00    0.00    0.00 ^ clk_i (in)
                                         clk_i (net)
                 59.99   18.93   18.93 ^ wire47475/A (BUFx10_ASAP7_75t_SL)
     2   17.35   11.91   18.38   37.30 ^ wire47475/Y (BUFx10_ASAP7_75t_SL)
                                         net47300 (net)
                102.29   32.07   69.37 ^ clkbuf_regs_0_main_clk/A (BUFx24_ASAP7_75t_SL)
     1    2.95   15.13   22.27   91.64 ^ clkbuf_regs_0_main_clk/Y (BUFx24_ASAP7_75t_SL)
                                         clk_i_regs (net)
                 15.13    0.19   91.82 ^ clkbuf_0_clk_i_regs/A (BUFx24_ASAP7_75t_SL)
     2   16.60   11.34   15.95  107.78 ^ clkbuf_0_clk_i_regs/Y (BUFx24_ASAP7_75t_SL)
                                         clknet_0_clk_i_regs (net)
                 30.58    9.02  116.80 ^ clkbuf_1_1_0_clk_i_regs/A (BUFx24_ASAP7_75t_SL)
     4   24.76   12.26   17.87  134.67 ^ clkbuf_1_1_0_clk_i_regs/Y (BUFx24_ASAP7_75t_SL)
                                         clknet_1_1_0_clk_i_regs (net)
                 46.77   13.88  148.55 ^ clkbuf_3_6_0_clk_i_regs/A (BUFx24_ASAP7_75t_SL)
     4   20.03   14.84   20.11  168.66 ^ clkbuf_3_6_0_clk_i_regs/Y (BUFx24_ASAP7_75t_SL)
                                         clknet_3_6_0_clk_i_regs (net)
                 25.38    6.67  175.33 ^ clkbuf_5_26_0_clk_i_regs/A (BUFx24_ASAP7_75t_SL)
     2    7.96   10.90   17.03  192.36 ^ clkbuf_5_26_0_clk_i_regs/Y (BUFx24_ASAP7_75t_SL)
                                         clknet_5_26_0_clk_i_regs (net)
                 11.82    1.90  194.25 ^ clkbuf_6_52__f_clk_i_regs/A (BUFx24_ASAP7_75t_SL)
     6   23.85   14.87   16.11  210.37 ^ clkbuf_6_52__f_clk_i_regs/Y (BUFx24_ASAP7_75t_SL)
                                         clknet_6_52__leaf_clk_i_regs (net)
                 26.61    7.11  217.48 ^ clkbuf_leaf_176_clk_i_regs/A (BUFx24_ASAP7_75t_SL)
    10   10.23   11.76   17.54  235.01 ^ clkbuf_leaf_176_clk_i_regs/Y (BUFx24_ASAP7_75t_SL)
                                         clknet_leaf_176_clk_i_regs (net)
                 11.88    0.87  235.89 ^ issue_stage_i.i_issue_read_operands.mult_valid_o[1]$_DFF_PN0_/CLK (DFFASRHQNx1_ASAP7_75t_SL)
     2    4.45   28.96   36.79  272.68 v issue_stage_i.i_issue_read_operands.mult_valid_o[1]$_DFF_PN0_/QN (DFFASRHQNx1_ASAP7_75t_SL)
                                         _008174_ (net)
                 28.97    0.19  272.87 v place44759/A (BUFx3_ASAP7_75t_L)
    10   12.42   23.02   23.70  296.57 v place44759/Y (BUFx3_ASAP7_75t_L)
                                         net44584 (net)
                 23.03    0.26  296.83 v place44751/A (BUFx3_ASAP7_75t_L)
     5    3.72    9.35   16.56  313.38 v place44751/Y (BUFx3_ASAP7_75t_L)
                                         net44576 (net)
                  9.35    0.12  313.50 v place44747/A (BUFx3_ASAP7_75t_L)
    10    8.88   17.27   16.98  330.48 v place44747/Y (BUFx3_ASAP7_75t_L)
                                         net44572 (net)
                 17.58    1.26  331.74 v place44746/A (BUFx3_ASAP7_75t_L)
    10    9.51   18.11   19.72  351.46 v place44746/Y (BUFx3_ASAP7_75t_L)
                                         net44571 (net)
                 18.14    0.48  351.94 v place44745/A (BUFx3_ASAP7_75t_L)
    10   10.65   20.02   20.59  372.52 v place44745/Y (BUFx3_ASAP7_75t_L)
                                         net44570 (net)
                 20.05    0.49  373.02 v place44744/A (BUFx3_ASAP7_75t_L)
    10    9.17   17.50   20.17  393.19 v place44744/Y (BUFx3_ASAP7_75t_L)
                                         net44569 (net)
                 17.51    0.30  393.49 v _115960_/A1 (OAI22x1_ASAP7_75t_R)
     2    2.49   33.19   14.82  408.31 ^ _115960_/Y (OAI22x1_ASAP7_75t_R)
                                         _048524_ (net)
                 33.21    0.44  408.75 ^ place41706/A (BUFx3_ASAP7_75t_L)
     6    7.72   17.87   19.30  428.04 ^ place41706/Y (BUFx3_ASAP7_75t_L)
                                         net41531 (net)
                 18.09    1.11  429.16 ^ place41704/A (BUFx3_ASAP7_75t_L)
     7    6.20   14.54   16.52  445.67 ^ place41704/Y (BUFx3_ASAP7_75t_L)
                                         net41529 (net)
                 14.55    0.16  445.84 ^ place41703/A (BUFx3_ASAP7_75t_L)
     7    5.72   13.51   15.60  461.44 ^ place41703/Y (BUFx3_ASAP7_75t_L)
                                         net41528 (net)
                 13.57    0.50  461.94 ^ place41702/A (BUFx3_ASAP7_75t_L)
     7    7.16   16.18   16.51  478.45 ^ place41702/Y (BUFx3_ASAP7_75t_L)
                                         net41527 (net)
                 16.23    0.49  478.94 ^ _125271_/A (AND3x1_ASAP7_75t_R)
     2    4.50   32.19   30.34  509.28 ^ _125271_/Y (AND3x1_ASAP7_75t_R)
                                         _009671_ (net)
                 32.19    0.18  509.46 ^ _197112_/B (FAx1_ASAP7_75t_R)
     2    2.55   54.13   56.90  566.37 v _197112_/SN (FAx1_ASAP7_75t_R)
                                         _009676_ (net)
                 54.13    0.11  566.48 v _129143_/A (INVx1_ASAP7_75t_R)
     4    8.63   62.30   42.37  608.85 ^ _129143_/Y (INVx1_ASAP7_75t_R)
                                         _009674_ (net)
                 62.30    0.30  609.15 ^ _197715_/A (FAx1_ASAP7_75t_R)
     1    2.03   35.41   25.94  635.09 v _197715_/CON (FAx1_ASAP7_75t_R)
                                         _103567_ (net)
     1    0.90   34.76   16.78  651.87 ^ _197715_/SN (FAx1_ASAP7_75t_R)
                                         _011435_ (net)
                 34.76    0.05  651.92 ^ _117069_/A (INVx1_ASAP7_75t_R)
     1    1.76   16.97   13.41  665.34 v _117069_/Y (INVx1_ASAP7_75t_R)
                                         _011436_ (net)
                 16.97    0.08  665.42 v _197729_/CI (FAx1_ASAP7_75t_R)
     1    2.32   49.60   49.87  715.28 v _197729_/SN (FAx1_ASAP7_75t_R)
                                         _103581_ (net)
                 49.60    0.10  715.38 v _197732_/B (FAx1_ASAP7_75t_R)
     1    1.84   41.27   52.87  768.25 v _197732_/SN (FAx1_ASAP7_75t_R)
                                         _103589_ (net)
                 41.27    0.11  768.36 v _197739_/CI (FAx1_ASAP7_75t_R)
     1    1.05   34.79   25.43  793.78 ^ _197739_/CON (FAx1_ASAP7_75t_R)
                                         _011495_ (net)
     1    0.81   26.76   13.53  807.32 v _197739_/SN (FAx1_ASAP7_75t_R)
                                         _011519_ (net)
                 26.76    0.04  807.36 v _137068_/A (INVx1_ASAP7_75t_R)
     1    2.71   22.46   17.16  824.52 ^ _137068_/Y (INVx1_ASAP7_75t_R)
                                         _011497_ (net)
                 22.46    0.25  824.77 ^ _197748_/A (FAx1_ASAP7_75t_SL)
     1    0.98   27.75   23.10  847.87 v _197748_/SN (FAx1_ASAP7_75t_SL)
                                         _011534_ (net)
                 27.75    0.07  847.94 v _125213_/A (INVx1_ASAP7_75t_R)
     1    2.34   20.81   16.14  864.08 ^ _125213_/Y (INVx1_ASAP7_75t_R)
                                         _011518_ (net)
                 20.81    0.18  864.26 ^ _197753_/A (FAx1_ASAP7_75t_R)
     1    0.94   23.31   33.44  897.69 v _197753_/SN (FAx1_ASAP7_75t_R)
                                         _011532_ (net)
                 23.31    0.06  897.75 v _171138_/A (INVx1_ASAP7_75t_R)
     1    2.15   18.64   14.50  912.25 ^ _171138_/Y (INVx1_ASAP7_75t_R)
                                         _011533_ (net)
                 18.64    0.10  912.35 ^ _197755_/A (FAx1_ASAP7_75t_R)
     1    0.93   22.87   32.84  945.19 v _197755_/SN (FAx1_ASAP7_75t_R)
                                         _011542_ (net)
                 22.87    0.06  945.25 v _129162_/A (INVx1_ASAP7_75t_R)
     1    1.21   13.28   11.14  956.39 ^ _129162_/Y (INVx1_ASAP7_75t_R)
                                         _011544_ (net)
                 13.28    0.06  956.44 ^ _199061_/A (HAxp5_ASAP7_75t_R)
     5    4.11   72.21   57.86 1014.31 v _199061_/SN (HAxp5_ASAP7_75t_R)
                                         _015544_ (net)
                 72.21    0.09 1014.40 v _137381_/B (OR3x1_ASAP7_75t_R)
     1    0.85   10.41   30.88 1045.28 v _137381_/Y (OR3x1_ASAP7_75t_R)
                                         _066186_ (net)
                 10.41    0.05 1045.33 v _137382_/C2 (OA222x2_ASAP7_75t_SL)
     2    1.59   11.27   17.24 1062.57 v _137382_/Y (OA222x2_ASAP7_75t_SL)
                                         _066187_ (net)
                 11.27    0.09 1062.66 v _137383_/D (AND4x1_ASAP7_75t_SL)
     1    0.90    7.88   10.39 1073.05 v _137383_/Y (AND4x1_ASAP7_75t_SL)
                                         _066188_ (net)
                  7.88    0.05 1073.10 v _137386_/A2 (OA21x2_ASAP7_75t_SL)
     2    1.69    7.68   13.21 1086.31 v _137386_/Y (OA21x2_ASAP7_75t_SL)
                                         _066191_ (net)
                  7.68    0.08 1086.39 v _137387_/A (OR4x1_ASAP7_75t_SL)
     2    2.00   15.70   18.87 1105.26 v _137387_/Y (OR4x1_ASAP7_75t_SL)
                                         _066192_ (net)
                 15.71    0.18 1105.43 v _137392_/A1 (OA21x2_ASAP7_75t_SL)
     1    0.81    6.35   12.57 1118.00 v _137392_/Y (OA21x2_ASAP7_75t_SL)
                                         _066197_ (net)
                  6.35    0.03 1118.04 v _137393_/A2 (OA21x2_ASAP7_75t_SL)
     2    1.82    9.62   13.01 1131.04 v _137393_/Y (OA21x2_ASAP7_75t_SL)
                                         _066198_ (net)
                  9.62    0.12 1131.17 v _137394_/A2 (OA21x2_ASAP7_75t_SL)
     1    0.92    8.67   12.67 1143.83 v _137394_/Y (OA21x2_ASAP7_75t_SL)
                                         _066199_ (net)
                  8.67    0.05 1143.89 v _137395_/A2 (OA21x2_ASAP7_75t_SL)
     2    1.77    9.17   13.49 1157.38 v _137395_/Y (OA21x2_ASAP7_75t_SL)
                                         _066200_ (net)
                  9.17    0.10 1157.48 v _137396_/A2 (OA21x2_ASAP7_75t_SL)
     1    1.01    8.54   12.66 1170.15 v _137396_/Y (OA21x2_ASAP7_75t_SL)
                                         _066201_ (net)
                  8.54    0.07 1170.22 v _137397_/A2 (OA21x2_ASAP7_75t_SL)
     2    1.93    9.81   13.64 1183.85 v _137397_/Y (OA21x2_ASAP7_75t_SL)
                                         _066202_ (net)
                  9.83    0.18 1184.03 v _137398_/A2 (OA21x2_ASAP7_75t_SL)
     1    0.86    7.71   12.65 1196.67 v _137398_/Y (OA21x2_ASAP7_75t_SL)
                                         _066203_ (net)
                  7.71    0.04 1196.72 v _137399_/A2 (OA21x2_ASAP7_75t_SL)
     1    1.30    8.65   12.68 1209.40 v _137399_/Y (OA21x2_ASAP7_75t_SL)
                                         _066204_ (net)
                  8.65    0.07 1209.48 v _137400_/A (XOR2x2_ASAP7_75t_SL)
     1    0.79    7.28   17.42 1226.90 ^ _137400_/Y (XOR2x2_ASAP7_75t_SL)
                                         ex_stage_i.i_mult.i_multiplier.mult_result_d[62] (net)
                  7.28    0.03 1226.93 ^ ex_stage_i.i_mult.i_multiplier.mult_result_q[62]$_DFF_PN0_/D (DFFASRHQNx1_ASAP7_75t_SL)
                               1226.93   data arrival time

                       1000.00 1000.00   clock main_clk (rise edge)
                          0.00 1000.00   clock source latency
     1   12.17    0.00    0.00 1000.00 ^ clk_i (in)
                                         clk_i (net)
                 57.73   18.21 1018.21 ^ wire47475/A (BUFx10_ASAP7_75t_SL)
     2   16.27   11.75   18.22 1036.43 ^ wire47475/Y (BUFx10_ASAP7_75t_SL)
                                         net47300 (net)
                 93.46   29.28 1065.71 ^ clkbuf_regs_0_main_clk/A (BUFx24_ASAP7_75t_SL)
     1    2.41   14.34   21.83 1087.53 ^ clkbuf_regs_0_main_clk/Y (BUFx24_ASAP7_75t_SL)
                                         clk_i_regs (net)
                 14.34    0.15 1087.69 ^ clkbuf_0_clk_i_regs/A (BUFx24_ASAP7_75t_SL)
     2   15.52   11.20   15.79 1103.48 ^ clkbuf_0_clk_i_regs/Y (BUFx24_ASAP7_75t_SL)
                                         clknet_0_clk_i_regs (net)
                 28.08    8.24 1111.72 ^ clkbuf_1_1_0_clk_i_regs/A (BUFx24_ASAP7_75t_SL)
     4   22.60   11.97   17.53 1129.25 ^ clkbuf_1_1_0_clk_i_regs/Y (BUFx24_ASAP7_75t_SL)
                                         clknet_1_1_0_clk_i_regs (net)
                 42.31   12.49 1141.75 ^ clkbuf_3_6_0_clk_i_regs/A (BUFx24_ASAP7_75t_SL)
     4   17.87   14.16   19.64 1161.39 ^ clkbuf_3_6_0_clk_i_regs/Y (BUFx24_ASAP7_75t_SL)
                                         clknet_3_6_0_clk_i_regs (net)
                 29.57    8.44 1169.83 ^ clkbuf_5_24_0_clk_i_regs/A (BUFx24_ASAP7_75t_SL)
     2    6.94   10.94   17.45 1187.28 ^ clkbuf_5_24_0_clk_i_regs/Y (BUFx24_ASAP7_75t_SL)
                                         clknet_5_24_0_clk_i_regs (net)
                 11.42    1.54 1188.81 ^ clkbuf_6_48__f_clk_i_regs/A (BUFx24_ASAP7_75t_SL)
     6   20.53   13.96   16.15 1204.96 ^ clkbuf_6_48__f_clk_i_regs/Y (BUFx24_ASAP7_75t_SL)
                                         clknet_6_48__leaf_clk_i_regs (net)
                 19.72    4.70 1209.66 ^ clkbuf_leaf_178_clk_i_regs/A (BUFx24_ASAP7_75t_SL)
    14   15.22   12.76   17.30 1226.96 ^ clkbuf_leaf_178_clk_i_regs/Y (BUFx24_ASAP7_75t_SL)
                                         clknet_leaf_178_clk_i_regs (net)
                 13.33    1.31 1228.28 ^ ex_stage_i.i_mult.i_multiplier.mult_result_q[62]$_DFF_PN0_/CLK (DFFASRHQNx1_ASAP7_75t_SL)
                          7.27 1235.54   clock reconvergence pessimism
                         -8.51 1227.03   library setup time
                               1227.03   data required time
-----------------------------------------------------------------------------
                               1227.03   data required time
                               -1226.93   data arrival time
-----------------------------------------------------------------------------
                                  0.10   slack (MET)



==========================================================================
cts final report_checks -unconstrained
--------------------------------------------------------------------------
Startpoint: issue_stage_i.i_issue_read_operands.mult_valid_o[1]$_DFF_PN0_
            (rising edge-triggered flip-flop clocked by main_clk)
Endpoint: ex_stage_i.i_mult.i_multiplier.mult_result_q[62]$_DFF_PN0_
          (rising edge-triggered flip-flop clocked by main_clk)
Path Group: main_clk
Path Type: max

Fanout     Cap    Slew   Delay    Time   Description
-----------------------------------------------------------------------------
                          0.00    0.00   clock main_clk (rise edge)
                          0.00    0.00   clock source latency
     1   12.44    0.00    0.00    0.00 ^ clk_i (in)
                                         clk_i (net)
                 59.99   18.93   18.93 ^ wire47475/A (BUFx10_ASAP7_75t_SL)
     2   17.35   11.91   18.38   37.30 ^ wire47475/Y (BUFx10_ASAP7_75t_SL)
                                         net47300 (net)
                102.29   32.07   69.37 ^ clkbuf_regs_0_main_clk/A (BUFx24_ASAP7_75t_SL)
     1    2.95   15.13   22.27   91.64 ^ clkbuf_regs_0_main_clk/Y (BUFx24_ASAP7_75t_SL)
                                         clk_i_regs (net)
                 15.13    0.19   91.82 ^ clkbuf_0_clk_i_regs/A (BUFx24_ASAP7_75t_SL)
     2   16.60   11.34   15.95  107.78 ^ clkbuf_0_clk_i_regs/Y (BUFx24_ASAP7_75t_SL)
                                         clknet_0_clk_i_regs (net)
                 30.58    9.02  116.80 ^ clkbuf_1_1_0_clk_i_regs/A (BUFx24_ASAP7_75t_SL)
     4   24.76   12.26   17.87  134.67 ^ clkbuf_1_1_0_clk_i_regs/Y (BUFx24_ASAP7_75t_SL)
                                         clknet_1_1_0_clk_i_regs (net)
                 46.77   13.88  148.55 ^ clkbuf_3_6_0_clk_i_regs/A (BUFx24_ASAP7_75t_SL)
     4   20.03   14.84   20.11  168.66 ^ clkbuf_3_6_0_clk_i_regs/Y (BUFx24_ASAP7_75t_SL)
                                         clknet_3_6_0_clk_i_regs (net)
                 25.38    6.67  175.33 ^ clkbuf_5_26_0_clk_i_regs/A (BUFx24_ASAP7_75t_SL)
     2    7.96   10.90   17.03  192.36 ^ clkbuf_5_26_0_clk_i_regs/Y (BUFx24_ASAP7_75t_SL)
                                         clknet_5_26_0_clk_i_regs (net)
                 11.82    1.90  194.25 ^ clkbuf_6_52__f_clk_i_regs/A (BUFx24_ASAP7_75t_SL)
     6   23.85   14.87   16.11  210.37 ^ clkbuf_6_52__f_clk_i_regs/Y (BUFx24_ASAP7_75t_SL)
                                         clknet_6_52__leaf_clk_i_regs (net)
                 26.61    7.11  217.48 ^ clkbuf_leaf_176_clk_i_regs/A (BUFx24_ASAP7_75t_SL)
    10   10.23   11.76   17.54  235.01 ^ clkbuf_leaf_176_clk_i_regs/Y (BUFx24_ASAP7_75t_SL)
                                         clknet_leaf_176_clk_i_regs (net)
                 11.88    0.87  235.89 ^ issue_stage_i.i_issue_read_operands.mult_valid_o[1]$_DFF_PN0_/CLK (DFFASRHQNx1_ASAP7_75t_SL)
     2    4.45   28.96   36.79  272.68 v issue_stage_i.i_issue_read_operands.mult_valid_o[1]$_DFF_PN0_/QN (DFFASRHQNx1_ASAP7_75t_SL)
                                         _008174_ (net)
                 28.97    0.19  272.87 v place44759/A (BUFx3_ASAP7_75t_L)
    10   12.42   23.02   23.70  296.57 v place44759/Y (BUFx3_ASAP7_75t_L)
                                         net44584 (net)
                 23.03    0.26  296.83 v place44751/A (BUFx3_ASAP7_75t_L)
     5    3.72    9.35   16.56  313.38 v place44751/Y (BUFx3_ASAP7_75t_L)
                                         net44576 (net)
                  9.35    0.12  313.50 v place44747/A (BUFx3_ASAP7_75t_L)
    10    8.88   17.27   16.98  330.48 v place44747/Y (BUFx3_ASAP7_75t_L)
                                         net44572 (net)
                 17.58    1.26  331.74 v place44746/A (BUFx3_ASAP7_75t_L)
    10    9.51   18.11   19.72  351.46 v place44746/Y (BUFx3_ASAP7_75t_L)
                                         net44571 (net)
                 18.14    0.48  351.94 v place44745/A (BUFx3_ASAP7_75t_L)
    10   10.65   20.02   20.59  372.52 v place44745/Y (BUFx3_ASAP7_75t_L)
                                         net44570 (net)
                 20.05    0.49  373.02 v place44744/A (BUFx3_ASAP7_75t_L)
    10    9.17   17.50   20.17  393.19 v place44744/Y (BUFx3_ASAP7_75t_L)
                                         net44569 (net)
                 17.51    0.30  393.49 v _115960_/A1 (OAI22x1_ASAP7_75t_R)
     2    2.49   33.19   14.82  408.31 ^ _115960_/Y (OAI22x1_ASAP7_75t_R)
                                         _048524_ (net)
                 33.21    0.44  408.75 ^ place41706/A (BUFx3_ASAP7_75t_L)
     6    7.72   17.87   19.30  428.04 ^ place41706/Y (BUFx3_ASAP7_75t_L)
                                         net41531 (net)
                 18.09    1.11  429.16 ^ place41704/A (BUFx3_ASAP7_75t_L)
     7    6.20   14.54   16.52  445.67 ^ place41704/Y (BUFx3_ASAP7_75t_L)
                                         net41529 (net)
                 14.55    0.16  445.84 ^ place41703/A (BUFx3_ASAP7_75t_L)
     7    5.72   13.51   15.60  461.44 ^ place41703/Y (BUFx3_ASAP7_75t_L)
                                         net41528 (net)
                 13.57    0.50  461.94 ^ place41702/A (BUFx3_ASAP7_75t_L)
     7    7.16   16.18   16.51  478.45 ^ place41702/Y (BUFx3_ASAP7_75t_L)
                                         net41527 (net)
                 16.23    0.49  478.94 ^ _125271_/A (AND3x1_ASAP7_75t_R)
     2    4.50   32.19   30.34  509.28 ^ _125271_/Y (AND3x1_ASAP7_75t_R)
                                         _009671_ (net)
                 32.19    0.18  509.46 ^ _197112_/B (FAx1_ASAP7_75t_R)
     2    2.55   54.13   56.90  566.37 v _197112_/SN (FAx1_ASAP7_75t_R)
                                         _009676_ (net)
                 54.13    0.11  566.48 v _129143_/A (INVx1_ASAP7_75t_R)
     4    8.63   62.30   42.37  608.85 ^ _129143_/Y (INVx1_ASAP7_75t_R)
                                         _009674_ (net)
                 62.30    0.30  609.15 ^ _197715_/A (FAx1_ASAP7_75t_R)
     1    2.03   35.41   25.94  635.09 v _197715_/CON (FAx1_ASAP7_75t_R)
                                         _103567_ (net)
     1    0.90   34.76   16.78  651.87 ^ _197715_/SN (FAx1_ASAP7_75t_R)
                                         _011435_ (net)
                 34.76    0.05  651.92 ^ _117069_/A (INVx1_ASAP7_75t_R)
     1    1.76   16.97   13.41  665.34 v _117069_/Y (INVx1_ASAP7_75t_R)
                                         _011436_ (net)
                 16.97    0.08  665.42 v _197729_/CI (FAx1_ASAP7_75t_R)
     1    2.32   49.60   49.87  715.28 v _197729_/SN (FAx1_ASAP7_75t_R)
                                         _103581_ (net)
                 49.60    0.10  715.38 v _197732_/B (FAx1_ASAP7_75t_R)
     1    1.84   41.27   52.87  768.25 v _197732_/SN (FAx1_ASAP7_75t_R)
                                         _103589_ (net)
                 41.27    0.11  768.36 v _197739_/CI (FAx1_ASAP7_75t_R)
     1    1.05   34.79   25.43  793.78 ^ _197739_/CON (FAx1_ASAP7_75t_R)
                                         _011495_ (net)
     1    0.81   26.76   13.53  807.32 v _197739_/SN (FAx1_ASAP7_75t_R)
                                         _011519_ (net)
                 26.76    0.04  807.36 v _137068_/A (INVx1_ASAP7_75t_R)
     1    2.71   22.46   17.16  824.52 ^ _137068_/Y (INVx1_ASAP7_75t_R)
                                         _011497_ (net)
                 22.46    0.25  824.77 ^ _197748_/A (FAx1_ASAP7_75t_SL)
     1    0.98   27.75   23.10  847.87 v _197748_/SN (FAx1_ASAP7_75t_SL)
                                         _011534_ (net)
                 27.75    0.07  847.94 v _125213_/A (INVx1_ASAP7_75t_R)
     1    2.34   20.81   16.14  864.08 ^ _125213_/Y (INVx1_ASAP7_75t_R)
                                         _011518_ (net)
                 20.81    0.18  864.26 ^ _197753_/A (FAx1_ASAP7_75t_R)
     1    0.94   23.31   33.44  897.69 v _197753_/SN (FAx1_ASAP7_75t_R)
                                         _011532_ (net)
                 23.31    0.06  897.75 v _171138_/A (INVx1_ASAP7_75t_R)
     1    2.15   18.64   14.50  912.25 ^ _171138_/Y (INVx1_ASAP7_75t_R)
                                         _011533_ (net)
                 18.64    0.10  912.35 ^ _197755_/A (FAx1_ASAP7_75t_R)
     1    0.93   22.87   32.84  945.19 v _197755_/SN (FAx1_ASAP7_75t_R)
                                         _011542_ (net)
                 22.87    0.06  945.25 v _129162_/A (INVx1_ASAP7_75t_R)
     1    1.21   13.28   11.14  956.39 ^ _129162_/Y (INVx1_ASAP7_75t_R)
                                         _011544_ (net)
                 13.28    0.06  956.44 ^ _199061_/A (HAxp5_ASAP7_75t_R)
     5    4.11   72.21   57.86 1014.31 v _199061_/SN (HAxp5_ASAP7_75t_R)
                                         _015544_ (net)
                 72.21    0.09 1014.40 v _137381_/B (OR3x1_ASAP7_75t_R)
     1    0.85   10.41   30.88 1045.28 v _137381_/Y (OR3x1_ASAP7_75t_R)
                                         _066186_ (net)
                 10.41    0.05 1045.33 v _137382_/C2 (OA222x2_ASAP7_75t_SL)
     2    1.59   11.27   17.24 1062.57 v _137382_/Y (OA222x2_ASAP7_75t_SL)
                                         _066187_ (net)
                 11.27    0.09 1062.66 v _137383_/D (AND4x1_ASAP7_75t_SL)
     1    0.90    7.88   10.39 1073.05 v _137383_/Y (AND4x1_ASAP7_75t_SL)
                                         _066188_ (net)
                  7.88    0.05 1073.10 v _137386_/A2 (OA21x2_ASAP7_75t_SL)
     2    1.69    7.68   13.21 1086.31 v _137386_/Y (OA21x2_ASAP7_75t_SL)
                                         _066191_ (net)
                  7.68    0.08 1086.39 v _137387_/A (OR4x1_ASAP7_75t_SL)
     2    2.00   15.70   18.87 1105.26 v _137387_/Y (OR4x1_ASAP7_75t_SL)
                                         _066192_ (net)
                 15.71    0.18 1105.43 v _137392_/A1 (OA21x2_ASAP7_75t_SL)
     1    0.81    6.35   12.57 1118.00 v _137392_/Y (OA21x2_ASAP7_75t_SL)
                                         _066197_ (net)
                  6.35    0.03 1118.04 v _137393_/A2 (OA21x2_ASAP7_75t_SL)
     2    1.82    9.62   13.01 1131.04 v _137393_/Y (OA21x2_ASAP7_75t_SL)
                                         _066198_ (net)
                  9.62    0.12 1131.17 v _137394_/A2 (OA21x2_ASAP7_75t_SL)
     1    0.92    8.67   12.67 1143.83 v _137394_/Y (OA21x2_ASAP7_75t_SL)
                                         _066199_ (net)
                  8.67    0.05 1143.89 v _137395_/A2 (OA21x2_ASAP7_75t_SL)
     2    1.77    9.17   13.49 1157.38 v _137395_/Y (OA21x2_ASAP7_75t_SL)
                                         _066200_ (net)
                  9.17    0.10 1157.48 v _137396_/A2 (OA21x2_ASAP7_75t_SL)
     1    1.01    8.54   12.66 1170.15 v _137396_/Y (OA21x2_ASAP7_75t_SL)
                                         _066201_ (net)
                  8.54    0.07 1170.22 v _137397_/A2 (OA21x2_ASAP7_75t_SL)
     2    1.93    9.81   13.64 1183.85 v _137397_/Y (OA21x2_ASAP7_75t_SL)
                                         _066202_ (net)
                  9.83    0.18 1184.03 v _137398_/A2 (OA21x2_ASAP7_75t_SL)
     1    0.86    7.71   12.65 1196.67 v _137398_/Y (OA21x2_ASAP7_75t_SL)
                                         _066203_ (net)
                  7.71    0.04 1196.72 v _137399_/A2 (OA21x2_ASAP7_75t_SL)
     1    1.30    8.65   12.68 1209.40 v _137399_/Y (OA21x2_ASAP7_75t_SL)
                                         _066204_ (net)
                  8.65    0.07 1209.48 v _137400_/A (XOR2x2_ASAP7_75t_SL)
     1    0.79    7.28   17.42 1226.90 ^ _137400_/Y (XOR2x2_ASAP7_75t_SL)
                                         ex_stage_i.i_mult.i_multiplier.mult_result_d[62] (net)
                  7.28    0.03 1226.93 ^ ex_stage_i.i_mult.i_multiplier.mult_result_q[62]$_DFF_PN0_/D (DFFASRHQNx1_ASAP7_75t_SL)
                               1226.93   data arrival time

                       1000.00 1000.00   clock main_clk (rise edge)
                          0.00 1000.00   clock source latency
     1   12.17    0.00    0.00 1000.00 ^ clk_i (in)
                                         clk_i (net)
                 57.73   18.21 1018.21 ^ wire47475/A (BUFx10_ASAP7_75t_SL)
     2   16.27   11.75   18.22 1036.43 ^ wire47475/Y (BUFx10_ASAP7_75t_SL)
                                         net47300 (net)
                 93.46   29.28 1065.71 ^ clkbuf_regs_0_main_clk/A (BUFx24_ASAP7_75t_SL)
     1    2.41   14.34   21.83 1087.53 ^ clkbuf_regs_0_main_clk/Y (BUFx24_ASAP7_75t_SL)
                                         clk_i_regs (net)
                 14.34    0.15 1087.69 ^ clkbuf_0_clk_i_regs/A (BUFx24_ASAP7_75t_SL)
     2   15.52   11.20   15.79 1103.48 ^ clkbuf_0_clk_i_regs/Y (BUFx24_ASAP7_75t_SL)
                                         clknet_0_clk_i_regs (net)
                 28.08    8.24 1111.72 ^ clkbuf_1_1_0_clk_i_regs/A (BUFx24_ASAP7_75t_SL)
     4   22.60   11.97   17.53 1129.25 ^ clkbuf_1_1_0_clk_i_regs/Y (BUFx24_ASAP7_75t_SL)
                                         clknet_1_1_0_clk_i_regs (net)
                 42.31   12.49 1141.75 ^ clkbuf_3_6_0_clk_i_regs/A (BUFx24_ASAP7_75t_SL)
     4   17.87   14.16   19.64 1161.39 ^ clkbuf_3_6_0_clk_i_regs/Y (BUFx24_ASAP7_75t_SL)
                                         clknet_3_6_0_clk_i_regs (net)
                 29.57    8.44 1169.83 ^ clkbuf_5_24_0_clk_i_regs/A (BUFx24_ASAP7_75t_SL)
     2    6.94   10.94   17.45 1187.28 ^ clkbuf_5_24_0_clk_i_regs/Y (BUFx24_ASAP7_75t_SL)
                                         clknet_5_24_0_clk_i_regs (net)
                 11.42    1.54 1188.81 ^ clkbuf_6_48__f_clk_i_regs/A (BUFx24_ASAP7_75t_SL)
     6   20.53   13.96   16.15 1204.96 ^ clkbuf_6_48__f_clk_i_regs/Y (BUFx24_ASAP7_75t_SL)
                                         clknet_6_48__leaf_clk_i_regs (net)
                 19.72    4.70 1209.66 ^ clkbuf_leaf_178_clk_i_regs/A (BUFx24_ASAP7_75t_SL)
    14   15.22   12.76   17.30 1226.96 ^ clkbuf_leaf_178_clk_i_regs/Y (BUFx24_ASAP7_75t_SL)
                                         clknet_leaf_178_clk_i_regs (net)
                 13.33    1.31 1228.28 ^ ex_stage_i.i_mult.i_multiplier.mult_result_q[62]$_DFF_PN0_/CLK (DFFASRHQNx1_ASAP7_75t_SL)
                          7.27 1235.54   clock reconvergence pessimism
                         -8.51 1227.03   library setup time
                               1227.03   data required time
-----------------------------------------------------------------------------
                               1227.03   data required time
                               -1226.93   data arrival time
-----------------------------------------------------------------------------
                                  0.10   slack (MET)



==========================================================================
cts final report_check_types -max_slew -max_cap -max_fanout -violators
--------------------------------------------------------------------------
max fanout

Pin                                   Limit Fanout  Slack
---------------------------------------------------------
clkbuf_leaf_184_clk_i_regs/Y             10     30    -20 (VIOLATED)
clkbuf_leaf_245_clk_i_regs/Y             10     29    -19 (VIOLATED)
clkbuf_leaf_123_clk_i_regs/Y             10     28    -18 (VIOLATED)
clkbuf_leaf_125_clk_i_regs/Y             10     28    -18 (VIOLATED)
clkbuf_leaf_129_clk_i_regs/Y             10     28    -18 (VIOLATED)
clkbuf_leaf_274_clk_i_regs/Y             10     28    -18 (VIOLATED)
clkbuf_leaf_281_clk_i_regs/Y             10     28    -18 (VIOLATED)
clkbuf_leaf_309_clk_i_regs/Y             10     28    -18 (VIOLATED)
clkbuf_leaf_311_clk_i_regs/Y             10     28    -18 (VIOLATED)
clkbuf_leaf_152_clk_i_regs/Y             10     27    -17 (VIOLATED)
clkbuf_leaf_162_clk_i_regs/Y             10     27    -17 (VIOLATED)
clkbuf_leaf_164_clk_i_regs/Y             10     27    -17 (VIOLATED)
clkbuf_leaf_171_clk_i_regs/Y             10     27    -17 (VIOLATED)
clkbuf_leaf_261_clk_i_regs/Y             10     27    -17 (VIOLATED)
clkbuf_leaf_267_clk_i_regs/Y             10     27    -17 (VIOLATED)
clkbuf_leaf_275_clk_i_regs/Y             10     27    -17 (VIOLATED)
clkbuf_leaf_280_clk_i_regs/Y             10     27    -17 (VIOLATED)
clkbuf_leaf_2_clk_i_regs/Y               10     27    -17 (VIOLATED)
clkbuf_leaf_329_clk_i_regs/Y             10     27    -17 (VIOLATED)
clkbuf_leaf_86_clk_i_regs/Y              10     27    -17 (VIOLATED)
clkbuf_leaf_110_clk_i_regs/Y             10     26    -16 (VIOLATED)
clkbuf_leaf_114_clk_i_regs/Y             10     26    -16 (VIOLATED)
clkbuf_leaf_115_clk_i_regs/Y             10     26    -16 (VIOLATED)
clkbuf_leaf_126_clk_i_regs/Y             10     26    -16 (VIOLATED)
clkbuf_leaf_140_clk_i_regs/Y             10     26    -16 (VIOLATED)
clkbuf_leaf_142_clk_i_regs/Y             10     26    -16 (VIOLATED)
clkbuf_leaf_143_clk_i_regs/Y             10     26    -16 (VIOLATED)
clkbuf_leaf_153_clk_i_regs/Y             10     26    -16 (VIOLATED)
clkbuf_leaf_173_clk_i_regs/Y             10     26    -16 (VIOLATED)
clkbuf_leaf_179_clk_i_regs/Y             10     26    -16 (VIOLATED)
clkbuf_leaf_266_clk_i_regs/Y             10     26    -16 (VIOLATED)
clkbuf_leaf_276_clk_i_regs/Y             10     26    -16 (VIOLATED)
clkbuf_leaf_277_clk_i_regs/Y             10     26    -16 (VIOLATED)
clkbuf_leaf_282_clk_i_regs/Y             10     26    -16 (VIOLATED)
clkbuf_leaf_283_clk_i_regs/Y             10     26    -16 (VIOLATED)
clkbuf_leaf_314_clk_i_regs/Y             10     26    -16 (VIOLATED)
clkbuf_leaf_315_clk_i_regs/Y             10     26    -16 (VIOLATED)
clkbuf_leaf_316_clk_i_regs/Y             10     26    -16 (VIOLATED)
clkbuf_leaf_326_clk_i_regs/Y             10     26    -16 (VIOLATED)
clkbuf_leaf_61_clk_i_regs/Y              10     26    -16 (VIOLATED)
clkbuf_leaf_68_clk_i_regs/Y              10     26    -16 (VIOLATED)
clkbuf_leaf_72_clk_i_regs/Y              10     26    -16 (VIOLATED)
clkbuf_leaf_79_clk_i_regs/Y              10     26    -16 (VIOLATED)
clkbuf_leaf_7_clk_i_regs/Y               10     26    -16 (VIOLATED)
clkbuf_leaf_82_clk_i_regs/Y              10     26    -16 (VIOLATED)
clkbuf_leaf_85_clk_i_regs/Y              10     26    -16 (VIOLATED)
clkbuf_leaf_88_clk_i_regs/Y              10     26    -16 (VIOLATED)
clkbuf_leaf_130_clk_i_regs/Y             10     25    -15 (VIOLATED)
clkbuf_leaf_134_clk_i_regs/Y             10     25    -15 (VIOLATED)
clkbuf_leaf_138_clk_i_regs/Y             10     25    -15 (VIOLATED)
clkbuf_leaf_183_clk_i_regs/Y             10     25    -15 (VIOLATED)
clkbuf_leaf_193_clk_i_regs/Y             10     25    -15 (VIOLATED)
clkbuf_leaf_194_clk_i_regs/Y             10     25    -15 (VIOLATED)
clkbuf_leaf_197_clk_i_regs/Y             10     25    -15 (VIOLATED)
clkbuf_leaf_200_clk_i_regs/Y             10     25    -15 (VIOLATED)
clkbuf_leaf_221_clk_i_regs/Y             10     25    -15 (VIOLATED)
clkbuf_leaf_22_clk_i_regs/Y              10     25    -15 (VIOLATED)
clkbuf_leaf_247_clk_i_regs/Y             10     25    -15 (VIOLATED)
clkbuf_leaf_248_clk_i_regs/Y             10     25    -15 (VIOLATED)
clkbuf_leaf_249_clk_i_regs/Y             10     25    -15 (VIOLATED)
clkbuf_leaf_24_clk_i_regs/Y              10     25    -15 (VIOLATED)
clkbuf_leaf_250_clk_i_regs/Y             10     25    -15 (VIOLATED)
clkbuf_leaf_263_clk_i_regs/Y             10     25    -15 (VIOLATED)
clkbuf_leaf_264_clk_i_regs/Y             10     25    -15 (VIOLATED)
clkbuf_leaf_287_clk_i_regs/Y             10     25    -15 (VIOLATED)
clkbuf_leaf_289_clk_i_regs/Y             10     25    -15 (VIOLATED)
clkbuf_leaf_292_clk_i_regs/Y             10     25    -15 (VIOLATED)
clkbuf_leaf_294_clk_i_regs/Y             10     25    -15 (VIOLATED)
clkbuf_leaf_297_clk_i_regs/Y             10     25    -15 (VIOLATED)
clkbuf_leaf_29_clk_i_regs/Y              10     25    -15 (VIOLATED)
clkbuf_leaf_307_clk_i_regs/Y             10     25    -15 (VIOLATED)
clkbuf_leaf_308_clk_i_regs/Y             10     25    -15 (VIOLATED)
clkbuf_leaf_325_clk_i_regs/Y             10     25    -15 (VIOLATED)
clkbuf_leaf_327_clk_i_regs/Y             10     25    -15 (VIOLATED)
clkbuf_leaf_33_clk_i_regs/Y              10     25    -15 (VIOLATED)
clkbuf_leaf_49_clk_i_regs/Y              10     25    -15 (VIOLATED)
clkbuf_leaf_55_clk_i_regs/Y              10     25    -15 (VIOLATED)
clkbuf_leaf_66_clk_i_regs/Y              10     25    -15 (VIOLATED)
clkbuf_leaf_77_clk_i_regs/Y              10     25    -15 (VIOLATED)
clkbuf_leaf_80_clk_i_regs/Y              10     25    -15 (VIOLATED)
clkbuf_leaf_83_clk_i_regs/Y              10     25    -15 (VIOLATED)
clkbuf_leaf_87_clk_i_regs/Y              10     25    -15 (VIOLATED)
clkbuf_leaf_89_clk_i_regs/Y              10     25    -15 (VIOLATED)
clkbuf_leaf_8_clk_i_regs/Y               10     25    -15 (VIOLATED)
clkbuf_leaf_90_clk_i_regs/Y              10     25    -15 (VIOLATED)
clkbuf_leaf_98_clk_i_regs/Y              10     25    -15 (VIOLATED)
clkbuf_leaf_103_clk_i_regs/Y             10     24    -14 (VIOLATED)
clkbuf_leaf_105_clk_i_regs/Y             10     24    -14 (VIOLATED)
clkbuf_leaf_109_clk_i_regs/Y             10     24    -14 (VIOLATED)
clkbuf_leaf_113_clk_i_regs/Y             10     24    -14 (VIOLATED)
clkbuf_leaf_116_clk_i_regs/Y             10     24    -14 (VIOLATED)
clkbuf_leaf_117_clk_i_regs/Y             10     24    -14 (VIOLATED)
clkbuf_leaf_11_clk_i_regs/Y              10     24    -14 (VIOLATED)
clkbuf_leaf_120_clk_i_regs/Y             10     24    -14 (VIOLATED)
clkbuf_leaf_121_clk_i_regs/Y             10     24    -14 (VIOLATED)
clkbuf_leaf_122_clk_i_regs/Y             10     24    -14 (VIOLATED)
clkbuf_leaf_124_clk_i_regs/Y             10     24    -14 (VIOLATED)
clkbuf_leaf_128_clk_i_regs/Y             10     24    -14 (VIOLATED)
clkbuf_leaf_141_clk_i_regs/Y             10     24    -14 (VIOLATED)
clkbuf_leaf_147_clk_i_regs/Y             10     24    -14 (VIOLATED)
clkbuf_leaf_149_clk_i_regs/Y             10     24    -14 (VIOLATED)
clkbuf_leaf_157_clk_i_regs/Y             10     24    -14 (VIOLATED)
clkbuf_leaf_165_clk_i_regs/Y             10     24    -14 (VIOLATED)
clkbuf_leaf_168_clk_i_regs/Y             10     24    -14 (VIOLATED)
clkbuf_leaf_223_clk_i_regs/Y             10     24    -14 (VIOLATED)
clkbuf_leaf_235_clk_i_regs/Y             10     24    -14 (VIOLATED)
clkbuf_leaf_251_clk_i_regs/Y             10     24    -14 (VIOLATED)
clkbuf_leaf_25_clk_i_regs/Y              10     24    -14 (VIOLATED)
clkbuf_leaf_260_clk_i_regs/Y             10     24    -14 (VIOLATED)
clkbuf_leaf_262_clk_i_regs/Y             10     24    -14 (VIOLATED)
clkbuf_leaf_265_clk_i_regs/Y             10     24    -14 (VIOLATED)
clkbuf_leaf_272_clk_i_regs/Y             10     24    -14 (VIOLATED)
clkbuf_leaf_285_clk_i_regs/Y             10     24    -14 (VIOLATED)
clkbuf_leaf_288_clk_i_regs/Y             10     24    -14 (VIOLATED)
clkbuf_leaf_290_clk_i_regs/Y             10     24    -14 (VIOLATED)
clkbuf_leaf_291_clk_i_regs/Y             10     24    -14 (VIOLATED)
clkbuf_leaf_293_clk_i_regs/Y             10     24    -14 (VIOLATED)
clkbuf_leaf_303_clk_i_regs/Y             10     24    -14 (VIOLATED)
clkbuf_leaf_305_clk_i_regs/Y             10     24    -14 (VIOLATED)
clkbuf_leaf_38_clk_i_regs/Y              10     24    -14 (VIOLATED)
clkbuf_leaf_40_clk_i_regs/Y              10     24    -14 (VIOLATED)
clkbuf_leaf_45_clk_i_regs/Y              10     24    -14 (VIOLATED)
clkbuf_leaf_47_clk_i_regs/Y              10     24    -14 (VIOLATED)
clkbuf_leaf_48_clk_i_regs/Y              10     24    -14 (VIOLATED)
clkbuf_leaf_50_clk_i_regs/Y              10     24    -14 (VIOLATED)
clkbuf_leaf_51_clk_i_regs/Y              10     24    -14 (VIOLATED)
clkbuf_leaf_60_clk_i_regs/Y              10     24    -14 (VIOLATED)
clkbuf_leaf_69_clk_i_regs/Y              10     24    -14 (VIOLATED)
clkbuf_leaf_71_clk_i_regs/Y              10     24    -14 (VIOLATED)
clkbuf_leaf_73_clk_i_regs/Y              10     24    -14 (VIOLATED)
clkbuf_leaf_74_clk_i_regs/Y              10     24    -14 (VIOLATED)
clkbuf_leaf_75_clk_i_regs/Y              10     24    -14 (VIOLATED)
clkbuf_leaf_78_clk_i_regs/Y              10     24    -14 (VIOLATED)
clkbuf_leaf_81_clk_i_regs/Y              10     24    -14 (VIOLATED)
clkbuf_leaf_93_clk_i_regs/Y              10     24    -14 (VIOLATED)
clkbuf_leaf_94_clk_i_regs/Y              10     24    -14 (VIOLATED)
clkbuf_leaf_0_clk_i_regs/Y               10     23    -13 (VIOLATED)
clkbuf_leaf_111_clk_i_regs/Y             10     23    -13 (VIOLATED)
clkbuf_leaf_118_clk_i_regs/Y             10     23    -13 (VIOLATED)
clkbuf_leaf_127_clk_i_regs/Y             10     23    -13 (VIOLATED)
clkbuf_leaf_131_clk_i_regs/Y             10     23    -13 (VIOLATED)
clkbuf_leaf_132_clk_i_regs/Y             10     23    -13 (VIOLATED)
clkbuf_leaf_133_clk_i_regs/Y             10     23    -13 (VIOLATED)
clkbuf_leaf_148_clk_i_regs/Y             10     23    -13 (VIOLATED)
clkbuf_leaf_163_clk_i_regs/Y             10     23    -13 (VIOLATED)
clkbuf_leaf_167_clk_i_regs/Y             10     23    -13 (VIOLATED)
clkbuf_leaf_172_clk_i_regs/Y             10     23    -13 (VIOLATED)
clkbuf_leaf_199_clk_i_regs/Y             10     23    -13 (VIOLATED)
clkbuf_leaf_19_clk_i_regs/Y              10     23    -13 (VIOLATED)
clkbuf_leaf_21_clk_i_regs/Y              10     23    -13 (VIOLATED)
clkbuf_leaf_225_clk_i_regs/Y             10     23    -13 (VIOLATED)
clkbuf_leaf_236_clk_i_regs/Y             10     23    -13 (VIOLATED)
clkbuf_leaf_238_clk_i_regs/Y             10     23    -13 (VIOLATED)
clkbuf_leaf_239_clk_i_regs/Y             10     23    -13 (VIOLATED)
clkbuf_leaf_241_clk_i_regs/Y             10     23    -13 (VIOLATED)
clkbuf_leaf_242_clk_i_regs/Y             10     23    -13 (VIOLATED)
clkbuf_leaf_252_clk_i_regs/Y             10     23    -13 (VIOLATED)
clkbuf_leaf_253_clk_i_regs/Y             10     23    -13 (VIOLATED)
clkbuf_leaf_254_clk_i_regs/Y             10     23    -13 (VIOLATED)
clkbuf_leaf_258_clk_i_regs/Y             10     23    -13 (VIOLATED)
clkbuf_leaf_259_clk_i_regs/Y             10     23    -13 (VIOLATED)
clkbuf_leaf_279_clk_i_regs/Y             10     23    -13 (VIOLATED)
clkbuf_leaf_310_clk_i_regs/Y             10     23    -13 (VIOLATED)
clkbuf_leaf_313_clk_i_regs/Y             10     23    -13 (VIOLATED)
clkbuf_leaf_317_clk_i_regs/Y             10     23    -13 (VIOLATED)
clkbuf_leaf_31_clk_i_regs/Y              10     23    -13 (VIOLATED)
clkbuf_leaf_324_clk_i_regs/Y             10     23    -13 (VIOLATED)
clkbuf_leaf_328_clk_i_regs/Y             10     23    -13 (VIOLATED)
clkbuf_leaf_4_clk_i_regs/Y               10     23    -13 (VIOLATED)
clkbuf_leaf_52_clk_i_regs/Y              10     23    -13 (VIOLATED)
clkbuf_leaf_57_clk_i_regs/Y              10     23    -13 (VIOLATED)
clkbuf_leaf_62_clk_i_regs/Y              10     23    -13 (VIOLATED)
clkbuf_leaf_63_clk_i_regs/Y              10     23    -13 (VIOLATED)
clkbuf_leaf_64_clk_i_regs/Y              10     23    -13 (VIOLATED)
clkbuf_leaf_67_clk_i_regs/Y              10     23    -13 (VIOLATED)
clkbuf_leaf_92_clk_i_regs/Y              10     23    -13 (VIOLATED)
clkbuf_leaf_106_clk_i_regs/Y             10     22    -12 (VIOLATED)
clkbuf_leaf_119_clk_i_regs/Y             10     22    -12 (VIOLATED)
clkbuf_leaf_135_clk_i_regs/Y             10     22    -12 (VIOLATED)
clkbuf_leaf_144_clk_i_regs/Y             10     22    -12 (VIOLATED)
clkbuf_leaf_151_clk_i_regs/Y             10     22    -12 (VIOLATED)
clkbuf_leaf_161_clk_i_regs/Y             10     22    -12 (VIOLATED)
clkbuf_leaf_180_clk_i_regs/Y             10     22    -12 (VIOLATED)
clkbuf_leaf_182_clk_i_regs/Y             10     22    -12 (VIOLATED)
clkbuf_leaf_205_clk_i_regs/Y             10     22    -12 (VIOLATED)
clkbuf_leaf_207_clk_i_regs/Y             10     22    -12 (VIOLATED)
clkbuf_leaf_210_clk_i_regs/Y             10     22    -12 (VIOLATED)
clkbuf_leaf_213_clk_i_regs/Y             10     22    -12 (VIOLATED)
clkbuf_leaf_216_clk_i_regs/Y             10     22    -12 (VIOLATED)
clkbuf_leaf_218_clk_i_regs/Y             10     22    -12 (VIOLATED)
clkbuf_leaf_219_clk_i_regs/Y             10     22    -12 (VIOLATED)
clkbuf_leaf_220_clk_i_regs/Y             10     22    -12 (VIOLATED)
clkbuf_leaf_229_clk_i_regs/Y             10     22    -12 (VIOLATED)
clkbuf_leaf_230_clk_i_regs/Y             10     22    -12 (VIOLATED)
clkbuf_leaf_231_clk_i_regs/Y             10     22    -12 (VIOLATED)
clkbuf_leaf_232_clk_i_regs/Y             10     22    -12 (VIOLATED)
clkbuf_leaf_233_clk_i_regs/Y             10     22    -12 (VIOLATED)
clkbuf_leaf_244_clk_i_regs/Y             10     22    -12 (VIOLATED)
clkbuf_leaf_246_clk_i_regs/Y             10     22    -12 (VIOLATED)
clkbuf_leaf_256_clk_i_regs/Y             10     22    -12 (VIOLATED)
clkbuf_leaf_268_clk_i_regs/Y             10     22    -12 (VIOLATED)
clkbuf_leaf_273_clk_i_regs/Y             10     22    -12 (VIOLATED)
clkbuf_leaf_278_clk_i_regs/Y             10     22    -12 (VIOLATED)
clkbuf_leaf_27_clk_i_regs/Y              10     22    -12 (VIOLATED)
clkbuf_leaf_284_clk_i_regs/Y             10     22    -12 (VIOLATED)
clkbuf_leaf_286_clk_i_regs/Y             10     22    -12 (VIOLATED)
clkbuf_leaf_301_clk_i_regs/Y             10     22    -12 (VIOLATED)
clkbuf_leaf_302_clk_i_regs/Y             10     22    -12 (VIOLATED)
clkbuf_leaf_304_clk_i_regs/Y             10     22    -12 (VIOLATED)
clkbuf_leaf_312_clk_i_regs/Y             10     22    -12 (VIOLATED)
clkbuf_leaf_318_clk_i_regs/Y             10     22    -12 (VIOLATED)
clkbuf_leaf_321_clk_i_regs/Y             10     22    -12 (VIOLATED)
clkbuf_leaf_322_clk_i_regs/Y             10     22    -12 (VIOLATED)
clkbuf_leaf_323_clk_i_regs/Y             10     22    -12 (VIOLATED)
clkbuf_leaf_330_clk_i_regs/Y             10     22    -12 (VIOLATED)
clkbuf_leaf_54_clk_i_regs/Y              10     22    -12 (VIOLATED)
clkbuf_leaf_59_clk_i_regs/Y              10     22    -12 (VIOLATED)
clkbuf_leaf_84_clk_i_regs/Y              10     22    -12 (VIOLATED)
clkbuf_leaf_101_clk_i_regs/Y             10     21    -11 (VIOLATED)
clkbuf_leaf_104_clk_i_regs/Y             10     21    -11 (VIOLATED)
clkbuf_leaf_107_clk_i_regs/Y             10     21    -11 (VIOLATED)
clkbuf_leaf_10_clk_i_regs/Y              10     21    -11 (VIOLATED)
clkbuf_leaf_137_clk_i_regs/Y             10     21    -11 (VIOLATED)
clkbuf_leaf_146_clk_i_regs/Y             10     21    -11 (VIOLATED)
clkbuf_leaf_154_clk_i_regs/Y             10     21    -11 (VIOLATED)
clkbuf_leaf_18_clk_i_regs/Y              10     21    -11 (VIOLATED)
clkbuf_leaf_192_clk_i_regs/Y             10     21    -11 (VIOLATED)
clkbuf_leaf_1_clk_i_regs/Y               10     21    -11 (VIOLATED)
clkbuf_leaf_201_clk_i_regs/Y             10     21    -11 (VIOLATED)
clkbuf_leaf_226_clk_i_regs/Y             10     21    -11 (VIOLATED)
clkbuf_leaf_227_clk_i_regs/Y             10     21    -11 (VIOLATED)
clkbuf_leaf_234_clk_i_regs/Y             10     21    -11 (VIOLATED)
clkbuf_leaf_243_clk_i_regs/Y             10     21    -11 (VIOLATED)
clkbuf_leaf_269_clk_i_regs/Y             10     21    -11 (VIOLATED)
clkbuf_leaf_26_clk_i_regs/Y              10     21    -11 (VIOLATED)
clkbuf_leaf_271_clk_i_regs/Y             10     21    -11 (VIOLATED)
clkbuf_leaf_298_clk_i_regs/Y             10     21    -11 (VIOLATED)
clkbuf_leaf_34_clk_i_regs/Y              10     21    -11 (VIOLATED)
clkbuf_leaf_36_clk_i_regs/Y              10     21    -11 (VIOLATED)
clkbuf_leaf_41_clk_i_regs/Y              10     21    -11 (VIOLATED)
clkbuf_leaf_95_clk_i_regs/Y              10     21    -11 (VIOLATED)
clkbuf_leaf_99_clk_i_regs/Y              10     21    -11 (VIOLATED)
clkbuf_leaf_100_clk_i_regs/Y             10     20    -10 (VIOLATED)
clkbuf_leaf_136_clk_i_regs/Y             10     20    -10 (VIOLATED)
clkbuf_leaf_150_clk_i_regs/Y             10     20    -10 (VIOLATED)
clkbuf_leaf_158_clk_i_regs/Y             10     20    -10 (VIOLATED)
clkbuf_leaf_159_clk_i_regs/Y             10     20    -10 (VIOLATED)
clkbuf_leaf_166_clk_i_regs/Y             10     20    -10 (VIOLATED)
clkbuf_leaf_170_clk_i_regs/Y             10     20    -10 (VIOLATED)
clkbuf_leaf_17_clk_i_regs/Y              10     20    -10 (VIOLATED)
clkbuf_leaf_187_clk_i_regs/Y             10     20    -10 (VIOLATED)
clkbuf_leaf_191_clk_i_regs/Y             10     20    -10 (VIOLATED)
clkbuf_leaf_206_clk_i_regs/Y             10     20    -10 (VIOLATED)
clkbuf_leaf_209_clk_i_regs/Y             10     20    -10 (VIOLATED)
clkbuf_leaf_215_clk_i_regs/Y             10     20    -10 (VIOLATED)
clkbuf_leaf_237_clk_i_regs/Y             10     20    -10 (VIOLATED)
clkbuf_leaf_257_clk_i_regs/Y             10     20    -10 (VIOLATED)
clkbuf_leaf_295_clk_i_regs/Y             10     20    -10 (VIOLATED)
clkbuf_leaf_306_clk_i_regs/Y             10     20    -10 (VIOLATED)
clkbuf_leaf_32_clk_i_regs/Y              10     20    -10 (VIOLATED)
clkbuf_leaf_331_clk_i_regs/Y             10     20    -10 (VIOLATED)
clkbuf_leaf_39_clk_i_regs/Y              10     20    -10 (VIOLATED)
clkbuf_leaf_44_clk_i_regs/Y              10     20    -10 (VIOLATED)
clkbuf_leaf_53_clk_i_regs/Y              10     20    -10 (VIOLATED)
clkbuf_leaf_58_clk_i_regs/Y              10     20    -10 (VIOLATED)
clkbuf_leaf_5_clk_i_regs/Y               10     20    -10 (VIOLATED)
clkbuf_leaf_65_clk_i_regs/Y              10     20    -10 (VIOLATED)
clkbuf_leaf_6_clk_i_regs/Y               10     20    -10 (VIOLATED)
clkbuf_leaf_70_clk_i_regs/Y              10     20    -10 (VIOLATED)
clkbuf_leaf_97_clk_i_regs/Y              10     20    -10 (VIOLATED)
clkbuf_leaf_112_clk_i_regs/Y             10     19     -9 (VIOLATED)
clkbuf_leaf_156_clk_i_regs/Y             10     19     -9 (VIOLATED)
clkbuf_leaf_174_clk_i_regs/Y             10     19     -9 (VIOLATED)
clkbuf_leaf_181_clk_i_regs/Y             10     19     -9 (VIOLATED)
clkbuf_leaf_186_clk_i_regs/Y             10     19     -9 (VIOLATED)
clkbuf_leaf_190_clk_i_regs/Y             10     19     -9 (VIOLATED)
clkbuf_leaf_195_clk_i_regs/Y             10     19     -9 (VIOLATED)
clkbuf_leaf_208_clk_i_regs/Y             10     19     -9 (VIOLATED)
clkbuf_leaf_211_clk_i_regs/Y             10     19     -9 (VIOLATED)
clkbuf_leaf_212_clk_i_regs/Y             10     19     -9 (VIOLATED)
clkbuf_leaf_214_clk_i_regs/Y             10     19     -9 (VIOLATED)
clkbuf_leaf_217_clk_i_regs/Y             10     19     -9 (VIOLATED)
clkbuf_leaf_224_clk_i_regs/Y             10     19     -9 (VIOLATED)
clkbuf_leaf_255_clk_i_regs/Y             10     19     -9 (VIOLATED)
clkbuf_leaf_28_clk_i_regs/Y              10     19     -9 (VIOLATED)
clkbuf_leaf_296_clk_i_regs/Y             10     19     -9 (VIOLATED)
clkbuf_leaf_299_clk_i_regs/Y             10     19     -9 (VIOLATED)
clkbuf_leaf_300_clk_i_regs/Y             10     19     -9 (VIOLATED)
clkbuf_leaf_30_clk_i_regs/Y              10     19     -9 (VIOLATED)
clkbuf_leaf_319_clk_i_regs/Y             10     19     -9 (VIOLATED)
clkbuf_leaf_35_clk_i_regs/Y              10     19     -9 (VIOLATED)
clkbuf_leaf_37_clk_i_regs/Y              10     19     -9 (VIOLATED)
clkbuf_leaf_42_clk_i_regs/Y              10     19     -9 (VIOLATED)
clkbuf_leaf_46_clk_i_regs/Y              10     19     -9 (VIOLATED)
clkbuf_leaf_56_clk_i_regs/Y              10     19     -9 (VIOLATED)
clkbuf_leaf_76_clk_i_regs/Y              10     19     -9 (VIOLATED)
clkbuf_leaf_108_clk_i_regs/Y             10     18     -8 (VIOLATED)
clkbuf_leaf_139_clk_i_regs/Y             10     18     -8 (VIOLATED)
clkbuf_leaf_155_clk_i_regs/Y             10     18     -8 (VIOLATED)
clkbuf_leaf_169_clk_i_regs/Y             10     18     -8 (VIOLATED)
clkbuf_leaf_16_clk_i_regs/Y              10     18     -8 (VIOLATED)
clkbuf_leaf_185_clk_i_regs/Y             10     18     -8 (VIOLATED)
clkbuf_leaf_188_clk_i_regs/Y             10     18     -8 (VIOLATED)
clkbuf_leaf_189_clk_i_regs/Y             10     18     -8 (VIOLATED)
clkbuf_leaf_196_clk_i_regs/Y             10     18     -8 (VIOLATED)
clkbuf_leaf_228_clk_i_regs/Y             10     18     -8 (VIOLATED)
clkbuf_leaf_23_clk_i_regs/Y              10     18     -8 (VIOLATED)
clkbuf_leaf_43_clk_i_regs/Y              10     18     -8 (VIOLATED)
clkbuf_leaf_91_clk_i_regs/Y              10     18     -8 (VIOLATED)
clkbuf_leaf_198_clk_i_regs/Y             10     17     -7 (VIOLATED)
clkbuf_leaf_203_clk_i_regs/Y             10     17     -7 (VIOLATED)
clkbuf_leaf_240_clk_i_regs/Y             10     17     -7 (VIOLATED)
clkbuf_leaf_270_clk_i_regs/Y             10     17     -7 (VIOLATED)
clkbuf_leaf_12_clk_i_regs/Y              10     16     -6 (VIOLATED)
clkbuf_leaf_204_clk_i_regs/Y             10     16     -6 (VIOLATED)
clkbuf_leaf_222_clk_i_regs/Y             10     16     -6 (VIOLATED)
clkbuf_leaf_9_clk_i_regs/Y               10     16     -6 (VIOLATED)
clkbuf_leaf_145_clk_i_regs/Y             10     15     -5 (VIOLATED)
clkbuf_leaf_15_clk_i_regs/Y              10     15     -5 (VIOLATED)
clkbuf_leaf_175_clk_i_regs/Y             10     15     -5 (VIOLATED)
clkbuf_leaf_202_clk_i_regs/Y             10     15     -5 (VIOLATED)
clkbuf_leaf_320_clk_i_regs/Y             10     15     -5 (VIOLATED)
clkbuf_leaf_3_clk_i_regs/Y               10     15     -5 (VIOLATED)
clkbuf_leaf_102_clk_i_regs/Y             10     14     -4 (VIOLATED)
clkbuf_leaf_178_clk_i_regs/Y             10     14     -4 (VIOLATED)
clkbuf_leaf_96_clk_i_regs/Y              10     14     -4 (VIOLATED)
clkbuf_leaf_20_clk_i_regs/Y              10     12     -2 (VIOLATED)


==========================================================================
cts final max_slew_check_slack
--------------------------------------------------------------------------
69.99375915527344

==========================================================================
cts final max_slew_check_limit
--------------------------------------------------------------------------
320.0

==========================================================================
cts final max_slew_check_slack_limit
--------------------------------------------------------------------------
0.2187

==========================================================================
cts final max_fanout_check_slack
--------------------------------------------------------------------------
-20.0

==========================================================================
cts final max_fanout_check_limit
--------------------------------------------------------------------------
10.0

==========================================================================
cts final max_fanout_check_slack_limit
--------------------------------------------------------------------------
-2.0000

==========================================================================
cts final max_capacitance_check_slack
--------------------------------------------------------------------------
2.620821475982666

==========================================================================
cts final max_capacitance_check_limit
--------------------------------------------------------------------------
23.040000915527344

==========================================================================
cts final max_capacitance_check_slack_limit
--------------------------------------------------------------------------
0.1138

==========================================================================
cts final max_slew_violation_count
--------------------------------------------------------------------------
max slew violation count 0

==========================================================================
cts final max_fanout_violation_count
--------------------------------------------------------------------------
max fanout violation count 327

==========================================================================
cts final max_cap_violation_count
--------------------------------------------------------------------------
max cap violation count 0

==========================================================================
cts final setup_violation_count
--------------------------------------------------------------------------
setup violation count 0

==========================================================================
cts final hold_violation_count
--------------------------------------------------------------------------
hold violation count 0

==========================================================================
cts final report_checks -path_delay max reg to reg
--------------------------------------------------------------------------
Startpoint: issue_stage_i.i_issue_read_operands.mult_valid_o[1]$_DFF_PN0_
            (rising edge-triggered flip-flop clocked by main_clk)
Endpoint: ex_stage_i.i_mult.i_multiplier.mult_result_q[62]$_DFF_PN0_
          (rising edge-triggered flip-flop clocked by main_clk)
Path Group: main_clk
Path Type: max

  Delay    Time   Description
---------------------------------------------------------
   0.00    0.00   clock main_clk (rise edge)
   0.00    0.00   clock source latency
   0.00    0.00 ^ clk_i (in)
  37.30   37.30 ^ wire47475/Y (BUFx10_ASAP7_75t_SL)
  54.33   91.64 ^ clkbuf_regs_0_main_clk/Y (BUFx24_ASAP7_75t_SL)
  16.14  107.78 ^ clkbuf_0_clk_i_regs/Y (BUFx24_ASAP7_75t_SL)
  26.89  134.67 ^ clkbuf_1_1_0_clk_i_regs/Y (BUFx24_ASAP7_75t_SL)
  33.99  168.66 ^ clkbuf_3_6_0_clk_i_regs/Y (BUFx24_ASAP7_75t_SL)
  23.70  192.36 ^ clkbuf_5_26_0_clk_i_regs/Y (BUFx24_ASAP7_75t_SL)
  18.01  210.37 ^ clkbuf_6_52__f_clk_i_regs/Y (BUFx24_ASAP7_75t_SL)
  24.65  235.01 ^ clkbuf_leaf_176_clk_i_regs/Y (BUFx24_ASAP7_75t_SL)
   0.87  235.89 ^ issue_stage_i.i_issue_read_operands.mult_valid_o[1]$_DFF_PN0_/CLK (DFFASRHQNx1_ASAP7_75t_SL)
  36.79  272.68 v issue_stage_i.i_issue_read_operands.mult_valid_o[1]$_DFF_PN0_/QN (DFFASRHQNx1_ASAP7_75t_SL)
  23.89  296.57 v place44759/Y (BUFx3_ASAP7_75t_L)
  16.81  313.38 v place44751/Y (BUFx3_ASAP7_75t_L)
  17.10  330.48 v place44747/Y (BUFx3_ASAP7_75t_L)
  20.98  351.46 v place44746/Y (BUFx3_ASAP7_75t_L)
  21.06  372.52 v place44745/Y (BUFx3_ASAP7_75t_L)
  20.66  393.19 v place44744/Y (BUFx3_ASAP7_75t_L)
  15.12  408.31 ^ _115960_/Y (OAI22x1_ASAP7_75t_R)
  19.74  428.04 ^ place41706/Y (BUFx3_ASAP7_75t_L)
  17.63  445.67 ^ place41704/Y (BUFx3_ASAP7_75t_L)
  15.77  461.44 ^ place41703/Y (BUFx3_ASAP7_75t_L)
  17.01  478.45 ^ place41702/Y (BUFx3_ASAP7_75t_L)
  30.83  509.28 ^ _125271_/Y (AND3x1_ASAP7_75t_R)
  57.08  566.37 v _197112_/SN (FAx1_ASAP7_75t_R)
  42.49  608.85 ^ _129143_/Y (INVx1_ASAP7_75t_R)
  26.23  635.09 v _197715_/CON (FAx1_ASAP7_75t_R)
  16.78  651.87 ^ _197715_/SN (FAx1_ASAP7_75t_R)
  13.46  665.34 v _117069_/Y (INVx1_ASAP7_75t_R)
  49.95  715.28 v _197729_/SN (FAx1_ASAP7_75t_R)
  52.97  768.25 v _197732_/SN (FAx1_ASAP7_75t_R)
  25.54  793.78 ^ _197739_/CON (FAx1_ASAP7_75t_R)
  13.53  807.32 v _197739_/SN (FAx1_ASAP7_75t_R)
  17.20  824.52 ^ _137068_/Y (INVx1_ASAP7_75t_R)
  23.35  847.87 v _197748_/SN (FAx1_ASAP7_75t_SL)
  16.21  864.08 ^ _125213_/Y (INVx1_ASAP7_75t_R)
  33.62  897.69 v _197753_/SN (FAx1_ASAP7_75t_R)
  14.56  912.25 ^ _171138_/Y (INVx1_ASAP7_75t_R)
  32.94  945.19 v _197755_/SN (FAx1_ASAP7_75t_R)
  11.20  956.39 ^ _129162_/Y (INVx1_ASAP7_75t_R)
  57.92 1014.31 v _199061_/SN (HAxp5_ASAP7_75t_R)
  30.97 1045.28 v _137381_/Y (OR3x1_ASAP7_75t_R)
  17.29 1062.57 v _137382_/Y (OA222x2_ASAP7_75t_SL)
  10.48 1073.05 v _137383_/Y (AND4x1_ASAP7_75t_SL)
  13.26 1086.31 v _137386_/Y (OA21x2_ASAP7_75t_SL)
  18.95 1105.26 v _137387_/Y (OR4x1_ASAP7_75t_SL)
  12.75 1118.00 v _137392_/Y (OA21x2_ASAP7_75t_SL)
  13.04 1131.04 v _137393_/Y (OA21x2_ASAP7_75t_SL)
  12.79 1143.83 v _137394_/Y (OA21x2_ASAP7_75t_SL)
  13.55 1157.38 v _137395_/Y (OA21x2_ASAP7_75t_SL)
  12.77 1170.15 v _137396_/Y (OA21x2_ASAP7_75t_SL)
  13.71 1183.85 v _137397_/Y (OA21x2_ASAP7_75t_SL)
  12.82 1196.67 v _137398_/Y (OA21x2_ASAP7_75t_SL)
  12.73 1209.40 v _137399_/Y (OA21x2_ASAP7_75t_SL)
  17.50 1226.90 ^ _137400_/Y (XOR2x2_ASAP7_75t_SL)
   0.03 1226.93 ^ ex_stage_i.i_mult.i_multiplier.mult_result_q[62]$_DFF_PN0_/D (DFFASRHQNx1_ASAP7_75t_SL)
        1226.93   data arrival time

1000.00 1000.00   clock main_clk (rise edge)
   0.00 1000.00   clock source latency
   0.00 1000.00 ^ clk_i (in)
  36.43 1036.43 ^ wire47475/Y (BUFx10_ASAP7_75t_SL)
  51.11 1087.53 ^ clkbuf_regs_0_main_clk/Y (BUFx24_ASAP7_75t_SL)
  15.95 1103.48 ^ clkbuf_0_clk_i_regs/Y (BUFx24_ASAP7_75t_SL)
  25.77 1129.25 ^ clkbuf_1_1_0_clk_i_regs/Y (BUFx24_ASAP7_75t_SL)
  32.14 1161.39 ^ clkbuf_3_6_0_clk_i_regs/Y (BUFx24_ASAP7_75t_SL)
  25.89 1187.28 ^ clkbuf_5_24_0_clk_i_regs/Y (BUFx24_ASAP7_75t_SL)
  17.69 1204.96 ^ clkbuf_6_48__f_clk_i_regs/Y (BUFx24_ASAP7_75t_SL)
  22.00 1226.96 ^ clkbuf_leaf_178_clk_i_regs/Y (BUFx24_ASAP7_75t_SL)
   1.31 1228.28 ^ ex_stage_i.i_mult.i_multiplier.mult_result_q[62]$_DFF_PN0_/CLK (DFFASRHQNx1_ASAP7_75t_SL)
   7.27 1235.54   clock reconvergence pessimism
  -8.51 1227.03   library setup time
        1227.03   data required time
---------------------------------------------------------
        1227.03   data required time
        -1226.93   data arrival time
---------------------------------------------------------
           0.10   slack (MET)



==========================================================================
cts final report_checks -path_delay min reg to reg
--------------------------------------------------------------------------
Startpoint: gen_cache_hpd.i_cache_subsystem.i_cva6_icache.cl_tag_q[19]$_DFF_PN0_
            (rising edge-triggered flip-flop clocked by main_clk)
Endpoint: gen_cache_hpd.i_cache_subsystem.i_cva6_icache.gen_sram[1].tag_sram.gen_techno_cut.genblk1.i_tc_sram_wrapper
          (rising edge-triggered flip-flop clocked by main_clk)
Path Group: main_clk
Path Type: min

  Delay    Time   Description
---------------------------------------------------------
   0.00    0.00   clock main_clk (rise edge)
   0.00    0.00   clock source latency
   0.00    0.00 ^ clk_i (in)
  36.43   36.43 ^ wire47475/Y (BUFx10_ASAP7_75t_SL)
  51.11   87.53 ^ clkbuf_regs_0_main_clk/Y (BUFx24_ASAP7_75t_SL)
  15.95  103.48 ^ clkbuf_0_clk_i_regs/Y (BUFx24_ASAP7_75t_SL)
  25.77  129.25 ^ clkbuf_1_1_0_clk_i_regs/Y (BUFx24_ASAP7_75t_SL)
  36.67  165.92 ^ clkbuf_3_5_0_clk_i_regs/Y (BUFx24_ASAP7_75t_SL)
  29.10  195.02 ^ clkbuf_5_21_0_clk_i_regs/Y (BUFx24_ASAP7_75t_SL)
  17.20  212.22 ^ clkbuf_6_42__f_clk_i_regs/Y (BUFx24_ASAP7_75t_SL)
  21.86  234.09 ^ clkbuf_leaf_42_clk_i_regs/Y (BUFx24_ASAP7_75t_SL)
   1.19  235.27 ^ gen_cache_hpd.i_cache_subsystem.i_cva6_icache.cl_tag_q[19]$_DFF_PN0_/CLK (DFFASRHQNx1_ASAP7_75t_SL)
  29.88  265.15 ^ gen_cache_hpd.i_cache_subsystem.i_cva6_icache.cl_tag_q[19]$_DFF_PN0_/QN (DFFASRHQNx1_ASAP7_75t_SL)
  33.87  299.02 v _127269_/Y (INVx1_ASAP7_75t_R)
   3.03  302.05 v gen_cache_hpd.i_cache_subsystem.i_cva6_icache.gen_sram[1].tag_sram.gen_techno_cut.genblk1.i_tc_sram_wrapper/wd_in[19] (fakeram7_64x25)
         302.05   data arrival time

   0.00    0.00   clock main_clk (rise edge)
   0.00    0.00   clock source latency
   0.00    0.00 ^ clk_i (in)
  37.30   37.30 ^ wire47475/Y (BUFx10_ASAP7_75t_SL)
  57.18   94.48 ^ clkbuf_0_clk_i/Y (BUFx24_ASAP7_75t_SL)
  30.10  124.58 ^ clkbuf_1_1_0_clk_i/Y (BUFx24_ASAP7_75t_SL)
 128.05  252.63 ^ gen_cache_hpd.i_cache_subsystem.i_cva6_icache.gen_sram[1].tag_sram.gen_techno_cut.genblk1.i_tc_sram_wrapper/clk (fakeram7_64x25)
  -0.87  251.76   clock reconvergence pessimism
  50.00  301.76   library hold time
         301.76   data required time
---------------------------------------------------------
         301.76   data required time
        -302.05   data arrival time
---------------------------------------------------------
           0.29   slack (MET)



==========================================================================
cts final critical path target clock latency max path
--------------------------------------------------------------------------
0

==========================================================================
cts final critical path target clock latency min path
--------------------------------------------------------------------------
0

==========================================================================
cts final critical path source clock latency min path
--------------------------------------------------------------------------
0

==========================================================================
cts final critical path delay
--------------------------------------------------------------------------
1226.9326

==========================================================================
cts final critical path slack
--------------------------------------------------------------------------
0.0996

==========================================================================
cts final slack div critical path delay
--------------------------------------------------------------------------
0.008118

==========================================================================
cts final report_power
--------------------------------------------------------------------------
Group                  Internal  Switching    Leakage      Total
                          Power      Power      Power      Power (Watts)
----------------------------------------------------------------
Sequential             1.56e-02   3.96e-03   6.42e-05   1.96e-02  15.6%
Combinational          2.98e-02   3.54e-02   7.35e-05   6.53e-02  51.7%
Clock                  1.11e-02   4.65e-03   2.28e-05   1.58e-02  12.5%
Macro                  2.45e-02   0.00e+00   1.03e-03   2.55e-02  20.2%
Pad                    0.00e+00   0.00e+00   0.00e+00   0.00e+00   0.0%
----------------------------------------------------------------
Total                  8.11e-02   4.40e-02   1.19e-03   1.26e-01 100.0%
                          64.2%      34.9%       0.9%
