
==========================================================================
cts final report_tns
--------------------------------------------------------------------------
tns max 0.00

==========================================================================
cts final report_wns
--------------------------------------------------------------------------
wns max 0.00

==========================================================================
cts final report_worst_slack
--------------------------------------------------------------------------
worst slack max 0.85

==========================================================================
cts final report_clock_min_period
--------------------------------------------------------------------------
clk period_min = 359.15 fmax = 2784.34

==========================================================================
cts final report_clock_skew
--------------------------------------------------------------------------
Clock clk
  94.14 source latency sa20_sr[4]$_DFF_P_/CLK ^
 -76.65 target latency sa13_sr[5]$_DFF_P_/CLK ^
  -1.62 CRPR
--------------
  15.87 setup skew


==========================================================================
cts final report_checks -path_delay min
--------------------------------------------------------------------------
Startpoint: text_in[58] (input port clocked by clk)
Endpoint: text_in_r[58]$_DFFE_PP_
          (rising edge-triggered flip-flop clocked by clk)
Path Group: clk
Path Type: min

Fanout     Cap    Slew   Delay    Time   Description
-----------------------------------------------------------------------------
                          0.00    0.00   clock clk (rise edge)
                          0.00    0.00   clock network delay (propagated)
                         72.00   72.00 v input external delay
     1    0.98    0.00    0.00   72.00 v text_in[58] (in)
                                         text_in[58] (net)
                  0.19    0.06   72.06 v hold4421/A (BUFx2_ASAP7_75t_L)
     1    1.05    5.42    9.46   81.52 v hold4421/Y (BUFx2_ASAP7_75t_L)
                                         net4421 (net)
                  5.43    0.10   81.63 v input212/A (BUFx2_ASAP7_75t_L)
     1    0.53    4.40   10.19   91.82 v input212/Y (BUFx2_ASAP7_75t_L)
                                         net212 (net)
                  4.40    0.02   91.84 v _30045_/A2 (AO21x1_ASAP7_75t_L)
     1    0.78    6.36   11.22  103.06 v _30045_/Y (AO21x1_ASAP7_75t_L)
                                         _01488_ (net)
                  6.36    0.04  103.11 v text_in_r[58]$_DFFE_PP_/D (DFFHQNx1_ASAP7_75t_L)
                                103.11   data arrival time

                          0.00    0.00   clock clk (rise edge)
                          0.00    0.00   clock source latency
     1    9.72    0.00    0.00    0.00 ^ clk (in)
                                         clk (net)
                 34.39   10.85   10.85 ^ clkbuf_0_clk/A (BUFx16f_ASAP7_75t_L)
     4   22.89   14.88   17.68   28.53 ^ clkbuf_0_clk/Y (BUFx16f_ASAP7_75t_L)
                                         clknet_0_clk (net)
                 31.85    9.01   37.54 ^ clkbuf_2_3_0_clk/A (BUFx24_ASAP7_75t_L)
     9   34.76   19.70   21.77   59.31 ^ clkbuf_2_3_0_clk/Y (BUFx24_ASAP7_75t_L)
                                         clknet_2_3_0_clk (net)
                 37.98   10.36   69.67 ^ clkbuf_leaf_18_clk/A (BUFx24_ASAP7_75t_L)
    22   15.53   12.77   22.23   91.91 ^ clkbuf_leaf_18_clk/Y (BUFx24_ASAP7_75t_L)
                                         clknet_leaf_18_clk (net)
                 13.19    1.16   93.07 ^ text_in_r[58]$_DFFE_PP_/CLK (DFFHQNx1_ASAP7_75t_L)
                          0.00   93.07   clock reconvergence pessimism
                         10.03  103.10   library hold time
                                103.10   data required time
-----------------------------------------------------------------------------
                                103.10   data required time
                               -103.11   data arrival time
-----------------------------------------------------------------------------
                                  0.01   slack (MET)



==========================================================================
cts final report_checks -path_delay max
--------------------------------------------------------------------------
Startpoint: sa31_sr[0]$_DFF_P_ (rising edge-triggered flip-flop clocked by clk)
Endpoint: sa23_sr[1]$_DFF_P_ (rising edge-triggered flip-flop clocked by clk)
Path Group: clk
Path Type: max

Fanout     Cap    Slew   Delay    Time   Description
-----------------------------------------------------------------------------
                          0.00    0.00   clock clk (rise edge)
                          0.00    0.00   clock source latency
     1    9.72    0.00    0.00    0.00 ^ clk (in)
                                         clk (net)
                 34.39   10.85   10.85 ^ clkbuf_0_clk/A (BUFx16f_ASAP7_75t_L)
     4   22.89   14.88   17.68   28.53 ^ clkbuf_0_clk/Y (BUFx16f_ASAP7_75t_L)
                                         clknet_0_clk (net)
                 31.85    9.01   37.54 ^ clkbuf_2_3_0_clk/A (BUFx24_ASAP7_75t_L)
     9   34.76   19.70   21.77   59.31 ^ clkbuf_2_3_0_clk/Y (BUFx24_ASAP7_75t_L)
                                         clknet_2_3_0_clk (net)
                 37.98   10.36   69.67 ^ clkbuf_leaf_18_clk/A (BUFx24_ASAP7_75t_L)
    22   15.53   12.77   22.23   91.91 ^ clkbuf_leaf_18_clk/Y (BUFx24_ASAP7_75t_L)
                                         clknet_leaf_18_clk (net)
                 13.14    1.08   92.99 ^ sa31_sr[0]$_DFF_P_/CLK (DFFHQNx1_ASAP7_75t_L)
     4    8.80   51.84   47.73  140.71 v sa31_sr[0]$_DFF_P_/QN (DFFHQNx1_ASAP7_75t_L)
                                         _00844_ (net)
                 53.24    4.69  145.40 v _22315_/A (XOR2x2_ASAP7_75t_L)
     2    2.90   12.72   29.43  174.84 ^ _22315_/Y (XOR2x2_ASAP7_75t_L)
                                         _14052_ (net)
                 12.74    0.26  175.10 ^ _26753_/A (XOR2x2_ASAP7_75t_L)
     1    1.29    7.52   16.96  192.06 v _26753_/Y (XOR2x2_ASAP7_75t_L)
                                         _04443_ (net)
                  7.53    0.07  192.12 v _26754_/B (XOR2x2_ASAP7_75t_L)
     1    1.25    7.47   20.37  212.49 ^ _26754_/Y (XOR2x2_ASAP7_75t_L)
                                         _04444_ (net)
                  7.47    0.05  212.55 ^ _26756_/A2 (OAI21x1_ASAP7_75t_L)
     2    2.28   18.56    8.08  220.63 v _26756_/Y (OAI21x1_ASAP7_75t_L)
                                         _04446_ (net)
                 18.56    0.13  220.75 v _26758_/A (XOR2x2_ASAP7_75t_L)
     2    2.05    9.84   23.40  244.15 ^ _26758_/Y (XOR2x2_ASAP7_75t_L)
                                         _01331_ (net)
                  9.84    0.09  244.24 ^ place4076/A (BUFx3_ASAP7_75t_L)
    13   18.71   38.07   24.39  268.63 ^ place4076/Y (BUFx3_ASAP7_75t_L)
                                         net4076 (net)
                 38.19    1.23  269.87 ^ _30584_/B (HAxp5_ASAP7_75t_L)
     4    4.21   46.86   27.03  296.90 v _30584_/CON (HAxp5_ASAP7_75t_L)
                                         _01346_ (net)
                 46.87    0.39  297.29 v _26777_/A (INVx1_ASAP7_75t_L)
     3    3.93   31.70   21.53  318.82 ^ _26777_/Y (INVx1_ASAP7_75t_L)
                                         _04465_ (net)
                 31.70    0.10  318.91 ^ _27023_/A (NOR2x1_ASAP7_75t_L)
     2    3.46   26.38   17.22  336.13 v _27023_/Y (NOR2x1_ASAP7_75t_L)
                                         _04710_ (net)
                 26.42    0.67  336.80 v _27032_/B (NOR2x1_ASAP7_75t_L)
     4    4.93   35.08   19.43  356.23 ^ _27032_/Y (NOR2x1_ASAP7_75t_L)
                                         _04719_ (net)
                 35.08    0.19  356.43 ^ _27081_/B (NAND2x1_ASAP7_75t_L)
     3    5.00   32.96   17.05  373.48 v _27081_/Y (NAND2x1_ASAP7_75t_L)
                                         _04767_ (net)
                 33.01    0.75  374.22 v _27239_/A (NAND2x1_ASAP7_75t_L)
     1    1.40   18.28   14.79  389.01 ^ _27239_/Y (NAND2x1_ASAP7_75t_L)
                                         _04922_ (net)
                 18.28    0.06  389.07 ^ _27243_/A1 (AOI21x1_ASAP7_75t_L)
     1    1.22   14.76    8.43  397.51 v _27243_/Y (AOI21x1_ASAP7_75t_L)
                                         _04926_ (net)
                 14.76    0.05  397.55 v _27244_/A2 (OAI21x1_ASAP7_75t_L)
     1    2.06   20.08   10.83  408.38 ^ _27244_/Y (OAI21x1_ASAP7_75t_L)
                                         _04927_ (net)
                 20.10    0.32  408.71 ^ _27261_/A (NOR2x1_ASAP7_75t_L)
     1    1.27   13.19   10.14  418.85 v _27261_/Y (NOR2x1_ASAP7_75t_L)
                                         _04944_ (net)
                 13.19    0.06  418.91 v _27287_/A (NOR2x1_ASAP7_75t_L)
     1    3.25   23.43   12.37  431.28 ^ _27287_/Y (NOR2x1_ASAP7_75t_L)
                                         _00105_ (net)
                 23.57    0.99  432.27 ^ sa23_sr[1]$_DFF_P_/D (DFFHQNx2_ASAP7_75t_L)
                                432.27   data arrival time

                        360.00  360.00   clock clk (rise edge)
                          0.00  360.00   clock source latency
     1    9.10    0.00    0.00  360.00 ^ clk (in)
                                         clk (net)
                 30.95    9.76  369.76 ^ clkbuf_0_clk/A (BUFx16f_ASAP7_75t_L)
     4   20.64   14.55   17.14  386.91 ^ clkbuf_0_clk/Y (BUFx16f_ASAP7_75t_L)
                                         clknet_0_clk (net)
                 29.69    8.36  395.27 ^ clkbuf_2_1_0_clk/A (BUFx24_ASAP7_75t_L)
     9   29.76   18.21   21.99  417.26 ^ clkbuf_2_1_0_clk/Y (BUFx24_ASAP7_75t_L)
                                         clknet_2_1_0_clk (net)
                 20.06    2.85  420.11 ^ clkbuf_leaf_2_clk/A (BUFx24_ASAP7_75t_L)
    17   12.23   10.69   18.80  438.91 ^ clkbuf_leaf_2_clk/Y (BUFx24_ASAP7_75t_L)
                                         clknet_leaf_2_clk (net)
                 10.89    0.69  439.60 ^ sa23_sr[1]$_DFF_P_/CLK (DFFHQNx2_ASAP7_75t_L)
                          1.62  441.22   clock reconvergence pessimism
                         -8.10  433.12   library setup time
                                433.12   data required time
-----------------------------------------------------------------------------
                                433.12   data required time
                               -432.27   data arrival time
-----------------------------------------------------------------------------
                                  0.85   slack (MET)



==========================================================================
cts final report_checks -unconstrained
--------------------------------------------------------------------------
Startpoint: sa31_sr[0]$_DFF_P_ (rising edge-triggered flip-flop clocked by clk)
Endpoint: sa23_sr[1]$_DFF_P_ (rising edge-triggered flip-flop clocked by clk)
Path Group: clk
Path Type: max

Fanout     Cap    Slew   Delay    Time   Description
-----------------------------------------------------------------------------
                          0.00    0.00   clock clk (rise edge)
                          0.00    0.00   clock source latency
     1    9.72    0.00    0.00    0.00 ^ clk (in)
                                         clk (net)
                 34.39   10.85   10.85 ^ clkbuf_0_clk/A (BUFx16f_ASAP7_75t_L)
     4   22.89   14.88   17.68   28.53 ^ clkbuf_0_clk/Y (BUFx16f_ASAP7_75t_L)
                                         clknet_0_clk (net)
                 31.85    9.01   37.54 ^ clkbuf_2_3_0_clk/A (BUFx24_ASAP7_75t_L)
     9   34.76   19.70   21.77   59.31 ^ clkbuf_2_3_0_clk/Y (BUFx24_ASAP7_75t_L)
                                         clknet_2_3_0_clk (net)
                 37.98   10.36   69.67 ^ clkbuf_leaf_18_clk/A (BUFx24_ASAP7_75t_L)
    22   15.53   12.77   22.23   91.91 ^ clkbuf_leaf_18_clk/Y (BUFx24_ASAP7_75t_L)
                                         clknet_leaf_18_clk (net)
                 13.14    1.08   92.99 ^ sa31_sr[0]$_DFF_P_/CLK (DFFHQNx1_ASAP7_75t_L)
     4    8.80   51.84   47.73  140.71 v sa31_sr[0]$_DFF_P_/QN (DFFHQNx1_ASAP7_75t_L)
                                         _00844_ (net)
                 53.24    4.69  145.40 v _22315_/A (XOR2x2_ASAP7_75t_L)
     2    2.90   12.72   29.43  174.84 ^ _22315_/Y (XOR2x2_ASAP7_75t_L)
                                         _14052_ (net)
                 12.74    0.26  175.10 ^ _26753_/A (XOR2x2_ASAP7_75t_L)
     1    1.29    7.52   16.96  192.06 v _26753_/Y (XOR2x2_ASAP7_75t_L)
                                         _04443_ (net)
                  7.53    0.07  192.12 v _26754_/B (XOR2x2_ASAP7_75t_L)
     1    1.25    7.47   20.37  212.49 ^ _26754_/Y (XOR2x2_ASAP7_75t_L)
                                         _04444_ (net)
                  7.47    0.05  212.55 ^ _26756_/A2 (OAI21x1_ASAP7_75t_L)
     2    2.28   18.56    8.08  220.63 v _26756_/Y (OAI21x1_ASAP7_75t_L)
                                         _04446_ (net)
                 18.56    0.13  220.75 v _26758_/A (XOR2x2_ASAP7_75t_L)
     2    2.05    9.84   23.40  244.15 ^ _26758_/Y (XOR2x2_ASAP7_75t_L)
                                         _01331_ (net)
                  9.84    0.09  244.24 ^ place4076/A (BUFx3_ASAP7_75t_L)
    13   18.71   38.07   24.39  268.63 ^ place4076/Y (BUFx3_ASAP7_75t_L)
                                         net4076 (net)
                 38.19    1.23  269.87 ^ _30584_/B (HAxp5_ASAP7_75t_L)
     4    4.21   46.86   27.03  296.90 v _30584_/CON (HAxp5_ASAP7_75t_L)
                                         _01346_ (net)
                 46.87    0.39  297.29 v _26777_/A (INVx1_ASAP7_75t_L)
     3    3.93   31.70   21.53  318.82 ^ _26777_/Y (INVx1_ASAP7_75t_L)
                                         _04465_ (net)
                 31.70    0.10  318.91 ^ _27023_/A (NOR2x1_ASAP7_75t_L)
     2    3.46   26.38   17.22  336.13 v _27023_/Y (NOR2x1_ASAP7_75t_L)
                                         _04710_ (net)
                 26.42    0.67  336.80 v _27032_/B (NOR2x1_ASAP7_75t_L)
     4    4.93   35.08   19.43  356.23 ^ _27032_/Y (NOR2x1_ASAP7_75t_L)
                                         _04719_ (net)
                 35.08    0.19  356.43 ^ _27081_/B (NAND2x1_ASAP7_75t_L)
     3    5.00   32.96   17.05  373.48 v _27081_/Y (NAND2x1_ASAP7_75t_L)
                                         _04767_ (net)
                 33.01    0.75  374.22 v _27239_/A (NAND2x1_ASAP7_75t_L)
     1    1.40   18.28   14.79  389.01 ^ _27239_/Y (NAND2x1_ASAP7_75t_L)
                                         _04922_ (net)
                 18.28    0.06  389.07 ^ _27243_/A1 (AOI21x1_ASAP7_75t_L)
     1    1.22   14.76    8.43  397.51 v _27243_/Y (AOI21x1_ASAP7_75t_L)
                                         _04926_ (net)
                 14.76    0.05  397.55 v _27244_/A2 (OAI21x1_ASAP7_75t_L)
     1    2.06   20.08   10.83  408.38 ^ _27244_/Y (OAI21x1_ASAP7_75t_L)
                                         _04927_ (net)
                 20.10    0.32  408.71 ^ _27261_/A (NOR2x1_ASAP7_75t_L)
     1    1.27   13.19   10.14  418.85 v _27261_/Y (NOR2x1_ASAP7_75t_L)
                                         _04944_ (net)
                 13.19    0.06  418.91 v _27287_/A (NOR2x1_ASAP7_75t_L)
     1    3.25   23.43   12.37  431.28 ^ _27287_/Y (NOR2x1_ASAP7_75t_L)
                                         _00105_ (net)
                 23.57    0.99  432.27 ^ sa23_sr[1]$_DFF_P_/D (DFFHQNx2_ASAP7_75t_L)
                                432.27   data arrival time

                        360.00  360.00   clock clk (rise edge)
                          0.00  360.00   clock source latency
     1    9.10    0.00    0.00  360.00 ^ clk (in)
                                         clk (net)
                 30.95    9.76  369.76 ^ clkbuf_0_clk/A (BUFx16f_ASAP7_75t_L)
     4   20.64   14.55   17.14  386.91 ^ clkbuf_0_clk/Y (BUFx16f_ASAP7_75t_L)
                                         clknet_0_clk (net)
                 29.69    8.36  395.27 ^ clkbuf_2_1_0_clk/A (BUFx24_ASAP7_75t_L)
     9   29.76   18.21   21.99  417.26 ^ clkbuf_2_1_0_clk/Y (BUFx24_ASAP7_75t_L)
                                         clknet_2_1_0_clk (net)
                 20.06    2.85  420.11 ^ clkbuf_leaf_2_clk/A (BUFx24_ASAP7_75t_L)
    17   12.23   10.69   18.80  438.91 ^ clkbuf_leaf_2_clk/Y (BUFx24_ASAP7_75t_L)
                                         clknet_leaf_2_clk (net)
                 10.89    0.69  439.60 ^ sa23_sr[1]$_DFF_P_/CLK (DFFHQNx2_ASAP7_75t_L)
                          1.62  441.22   clock reconvergence pessimism
                         -8.10  433.12   library setup time
                                433.12   data required time
-----------------------------------------------------------------------------
                                433.12   data required time
                               -432.27   data arrival time
-----------------------------------------------------------------------------
                                  0.85   slack (MET)



==========================================================================
cts final report_check_types -max_slew -max_cap -max_fanout -violators
--------------------------------------------------------------------------

==========================================================================
cts final max_slew_check_slack
--------------------------------------------------------------------------
157.906005859375

==========================================================================
cts final max_slew_check_limit
--------------------------------------------------------------------------
320.0

==========================================================================
cts final max_slew_check_slack_limit
--------------------------------------------------------------------------
0.4935

==========================================================================
cts final max_fanout_check_slack
--------------------------------------------------------------------------
1.0000000150474662e+30

==========================================================================
cts final max_fanout_check_limit
--------------------------------------------------------------------------
1.0000000150474662e+30

==========================================================================
cts final max_capacitance_check_slack
--------------------------------------------------------------------------
8.600042343139648

==========================================================================
cts final max_capacitance_check_limit
--------------------------------------------------------------------------
23.040000915527344

==========================================================================
cts final max_capacitance_check_slack_limit
--------------------------------------------------------------------------
0.3733

==========================================================================
cts final max_slew_violation_count
--------------------------------------------------------------------------
max slew violation count 0

==========================================================================
cts final max_fanout_violation_count
--------------------------------------------------------------------------
max fanout violation count 0

==========================================================================
cts final max_cap_violation_count
--------------------------------------------------------------------------
max cap violation count 0

==========================================================================
cts final setup_violation_count
--------------------------------------------------------------------------
setup violation count 0

==========================================================================
cts final hold_violation_count
--------------------------------------------------------------------------
hold violation count 0

==========================================================================
cts final report_checks -path_delay max reg to reg
--------------------------------------------------------------------------
Startpoint: sa31_sr[0]$_DFF_P_ (rising edge-triggered flip-flop clocked by clk)
Endpoint: sa23_sr[1]$_DFF_P_ (rising edge-triggered flip-flop clocked by clk)
Path Group: clk
Path Type: max

  Delay    Time   Description
---------------------------------------------------------
   0.00    0.00   clock clk (rise edge)
   0.00    0.00   clock source latency
   0.00    0.00 ^ clk (in)
  28.53   28.53 ^ clkbuf_0_clk/Y (BUFx16f_ASAP7_75t_L)
  30.78   59.31 ^ clkbuf_2_3_0_clk/Y (BUFx24_ASAP7_75t_L)
  32.60   91.91 ^ clkbuf_leaf_18_clk/Y (BUFx24_ASAP7_75t_L)
   1.08   92.99 ^ sa31_sr[0]$_DFF_P_/CLK (DFFHQNx1_ASAP7_75t_L)
  47.73  140.71 v sa31_sr[0]$_DFF_P_/QN (DFFHQNx1_ASAP7_75t_L)
  34.13  174.84 ^ _22315_/Y (XOR2x2_ASAP7_75t_L)
  17.22  192.06 v _26753_/Y (XOR2x2_ASAP7_75t_L)
  20.44  212.49 ^ _26754_/Y (XOR2x2_ASAP7_75t_L)
   8.13  220.63 v _26756_/Y (OAI21x1_ASAP7_75t_L)
  23.52  244.15 ^ _26758_/Y (XOR2x2_ASAP7_75t_L)
  24.48  268.63 ^ place4076/Y (BUFx3_ASAP7_75t_L)
  28.27  296.90 v _30584_/CON (HAxp5_ASAP7_75t_L)
  21.92  318.82 ^ _26777_/Y (INVx1_ASAP7_75t_L)
  17.32  336.13 v _27023_/Y (NOR2x1_ASAP7_75t_L)
  20.10  356.23 ^ _27032_/Y (NOR2x1_ASAP7_75t_L)
  17.25  373.48 v _27081_/Y (NAND2x1_ASAP7_75t_L)
  15.53  389.01 ^ _27239_/Y (NAND2x1_ASAP7_75t_L)
   8.49  397.51 v _27243_/Y (AOI21x1_ASAP7_75t_L)
  10.88  408.38 ^ _27244_/Y (OAI21x1_ASAP7_75t_L)
  10.47  418.85 v _27261_/Y (NOR2x1_ASAP7_75t_L)
  12.43  431.28 ^ _27287_/Y (NOR2x1_ASAP7_75t_L)
   0.99  432.27 ^ sa23_sr[1]$_DFF_P_/D (DFFHQNx2_ASAP7_75t_L)
         432.27   data arrival time

 360.00  360.00   clock clk (rise edge)
   0.00  360.00   clock source latency
   0.00  360.00 ^ clk (in)
  26.91  386.91 ^ clkbuf_0_clk/Y (BUFx16f_ASAP7_75t_L)
  30.36  417.26 ^ clkbuf_2_1_0_clk/Y (BUFx24_ASAP7_75t_L)
  21.65  438.91 ^ clkbuf_leaf_2_clk/Y (BUFx24_ASAP7_75t_L)
   0.69  439.60 ^ sa23_sr[1]$_DFF_P_/CLK (DFFHQNx2_ASAP7_75t_L)
   1.62  441.22   clock reconvergence pessimism
  -8.10  433.12   library setup time
         433.12   data required time
---------------------------------------------------------
         433.12   data required time
        -432.27   data arrival time
---------------------------------------------------------
           0.85   slack (MET)



==========================================================================
cts final report_checks -path_delay min reg to reg
--------------------------------------------------------------------------
Startpoint: u0.w[3][15]$_DFF_P_ (rising edge-triggered flip-flop clocked by clk)
Endpoint: text_out[15]$_DFF_P_ (rising edge-triggered flip-flop clocked by clk)
Path Group: clk
Path Type: min

  Delay    Time   Description
---------------------------------------------------------
   0.00    0.00   clock clk (rise edge)
   0.00    0.00   clock source latency
   0.00    0.00 ^ clk (in)
  26.91   26.91 ^ clkbuf_0_clk/Y (BUFx16f_ASAP7_75t_L)
  26.49   53.40 ^ clkbuf_2_0_0_clk/Y (BUFx24_ASAP7_75t_L)
  27.27   80.67 ^ clkbuf_leaf_0_clk/Y (BUFx24_ASAP7_75t_L)
   0.32   80.98 ^ u0.w[3][15]$_DFF_P_/CLK (DFFHQNx1_ASAP7_75t_L)
  30.57  111.55 v u0.w[3][15]$_DFF_P_/QN (DFFHQNx1_ASAP7_75t_L)
  19.86  131.42 v _29886_/Y (XOR2x2_ASAP7_75t_L)
   0.63  132.05 v text_out[15]$_DFF_P_/D (DFFHQNx1_ASAP7_75t_L)
         132.05   data arrival time

   0.00    0.00   clock clk (rise edge)
   0.00    0.00   clock source latency
   0.00    0.00 ^ clk (in)
  28.53   28.53 ^ clkbuf_0_clk/Y (BUFx16f_ASAP7_75t_L)
  32.32   60.85 ^ clkbuf_2_1_0_clk/Y (BUFx24_ASAP7_75t_L)
  30.27   91.12 ^ clkbuf_leaf_5_clk/Y (BUFx24_ASAP7_75t_L)
   1.43   92.54 ^ text_out[15]$_DFF_P_/CLK (DFFHQNx1_ASAP7_75t_L)
  -1.62   90.92   clock reconvergence pessimism
  10.13  101.05   library hold time
         101.05   data required time
---------------------------------------------------------
         101.05   data required time
        -132.05   data arrival time
---------------------------------------------------------
          31.00   slack (MET)



==========================================================================
cts final critical path target clock latency max path
--------------------------------------------------------------------------
76.9851

==========================================================================
cts final critical path target clock latency min path
--------------------------------------------------------------------------
93.0701

==========================================================================
cts final critical path source clock latency min path
--------------------------------------------------------------------------
0.0000

==========================================================================
cts final critical path delay
--------------------------------------------------------------------------
432.2734

==========================================================================
cts final critical path slack
--------------------------------------------------------------------------
0.8480

==========================================================================
cts final slack div critical path delay
--------------------------------------------------------------------------
0.196172

==========================================================================
cts final report_power
--------------------------------------------------------------------------
Group                  Internal  Switching    Leakage      Total
                          Power      Power      Power      Power (Watts)
----------------------------------------------------------------
Sequential             5.19e-03   1.62e-03   6.84e-07   6.82e-03   3.7%
Combinational          7.00e-02   1.02e-01   5.65e-06   1.72e-01  94.5%
Clock                  2.01e-03   1.14e-03   1.76e-07   3.15e-03   1.7%
Macro                  0.00e+00   0.00e+00   0.00e+00   0.00e+00   0.0%
Pad                    0.00e+00   0.00e+00   0.00e+00   0.00e+00   0.0%
----------------------------------------------------------------
Total                  7.72e-02   1.05e-01   6.51e-06   1.82e-01 100.0%
                          42.4%      57.6%       0.0%
