OpenROAD fe1aa0f9d0254fac87b82c886c04ee1544e46885 
Features included (+) or not (-): +GPU +GUI +Python
This program is licensed under the BSD-3 license. See the LICENSE file for details.
Components of this program may be licensed under more restrictive licenses which must be honored.
[INFO ORD-0030] Using 32 thread(s).
source /home/lucast/workspace/OR-flow-TCC/flow/platforms/asap7/liberty_suppressions.tcl
read_liberty /home/lucast/workspace/OR-flow-TCC/flow/platforms/asap7/lib/NLDM/asap7sc7p5t_AO_RVT_FF_nldm_211120.lib.gz
read_liberty /home/lucast/workspace/OR-flow-TCC/flow/platforms/asap7/lib/NLDM/asap7sc7p5t_INVBUF_RVT_FF_nldm_220122.lib.gz
read_liberty /home/lucast/workspace/OR-flow-TCC/flow/platforms/asap7/lib/NLDM/asap7sc7p5t_OA_RVT_FF_nldm_211120.lib.gz
read_liberty /home/lucast/workspace/OR-flow-TCC/flow/platforms/asap7/lib/NLDM/asap7sc7p5t_SIMPLE_RVT_FF_nldm_211120.lib.gz
read_liberty /home/lucast/workspace/OR-flow-TCC/flow/platforms/asap7/lib/NLDM/asap7sc7p5t_SEQ_RVT_FF_nldm_220123.lib
read_liberty ./results/asap7/riscv32i-mock-sram_fakeram7_256x32/base/fakeram7_256x32_typ.lib
read_db -hier ./results/asap7/riscv32i-mock-sram/base/6_1_fill.odb
[WARNING ORD-0012] Hierarchical flow (-hier) is currently in development and may cause multiple issues. Do not use in production environments.
source /home/lucast/workspace/OR-flow-TCC/flow/platforms/asap7/setRC.tcl
write_db ./results/asap7/riscv32i-mock-sram/base/6_final.odb
Deleted 0 routing obstructions
[INFO RCX-0431] Defined process_corner X with ext_model_index 0
[INFO RCX-0029] Defined extraction corner X
[INFO RCX-0435] Reading extraction model file /home/lucast/workspace/OR-flow-TCC/flow/platforms/asap7/rcx_patterns.rules ...
[INFO RCX-0436] RC segment generation riscv_top (max_merge_res 50.0) ...
[INFO RCX-0040] Final 89561 rc segments
[INFO RCX-0439] Coupling Cap extraction riscv_top ...
[INFO RCX-0440] Coupling threshhold is 0.1000 fF, coupling capacitance less than 0.1000 fF will be grounded.
[INFO RCX-0442] 56% of 102868 wires extracted
[INFO RCX-0442] 100% of 102868 wires extracted
[INFO RCX-0045] Extract 10223 nets, 99743 rsegs, 99743 caps, 162270 ccs
[INFO RCX-0443] 10223 nets finished
[INFO PSM-0040] All shapes on net VDD are connected.
########## IR report #################
Net              : VDD
Corner           : default
Total power      : 1.74e-02 W
Supply voltage   : 7.70e-01 V
Worstcase voltage: 7.67e-01 V
Average voltage  : 7.69e-01 V
Average IR drop  : 6.50e-04 V
Worstcase IR drop: 3.28e-03 V
Percentage drop  : 0.43 %
######################################
[INFO PSM-0040] All shapes on net VSS are connected.
########## IR report #################
Net              : VSS
Corner           : default
Total power      : 1.74e-02 W
Supply voltage   : 0.00e+00 V
Worstcase voltage: 3.99e-03 V
Average voltage  : 6.51e-04 V
Average IR drop  : 6.51e-04 V
Worstcase IR drop: 3.99e-03 V
Percentage drop  : 0.52 %
######################################
Cell type report:                       Count       Area
  Macro                                     4     752.31
  Fill cell                              6697     268.46
  Tap cell                                467      13.62
  Tie cell                                 69       3.02
  Clock buffer                            125      52.15
  Timing Repair Buffer                    722      71.73
  Inverter                                482      21.36
  Clock inverter                            7       2.70
  Sequential cell                        1056     310.73
  Multi-Input combinational cell         7415     755.86
  Total                                 17044    2251.94
Report metrics stage 6, finish...

==========================================================================
finish report_design_area
--------------------------------------------------------------------------
Design area 1983 um^2 68% utilization.
Elapsed time: 0:07.01[h:]min:sec. CPU time: user 13.41 sys 3.48 (240%). Peak memory: 532732KB.
Log                        Elapsed/s Peak Memory/MB  sha1sum .odb [0:20)
6_report                           7            520                  N/A
