OpenROAD ee3d65ce03b2656092ed62bf9205c5c11049c575 
Features included (+) or not (-): +GPU +GUI +Python
This program is licensed under the BSD-3 license. See the LICENSE file for details.
Components of this program may be licensed under more restrictive licenses which must be honored.
[INFO ORD-0030] Using 32 thread(s).
source /home/lucast/workspace/OR-flow-TCC/flow/platforms/asap7/liberty_suppressions.tcl
read_liberty /home/lucast/workspace/OR-flow-TCC/flow/platforms/asap7/lib/NLDM/asap7sc7p5t_AO_RVT_FF_nldm_211120.lib.gz
read_liberty /home/lucast/workspace/OR-flow-TCC/flow/platforms/asap7/lib/NLDM/asap7sc7p5t_INVBUF_RVT_FF_nldm_220122.lib.gz
read_liberty /home/lucast/workspace/OR-flow-TCC/flow/platforms/asap7/lib/NLDM/asap7sc7p5t_OA_RVT_FF_nldm_211120.lib.gz
read_liberty /home/lucast/workspace/OR-flow-TCC/flow/platforms/asap7/lib/NLDM/asap7sc7p5t_SIMPLE_RVT_FF_nldm_211120.lib.gz
read_liberty /home/lucast/workspace/OR-flow-TCC/flow/platforms/asap7/lib/NLDM/asap7sc7p5t_SEQ_RVT_FF_nldm_220123.lib
read_liberty /home/lucast/workspace/OR-flow-TCC/flow/platforms/asap7/lib/NLDM/asap7sc7p5t_DFFHQNH2V2X_RVT_TT_nldm_FAKE.lib
read_liberty /home/lucast/workspace/OR-flow-TCC/flow/platforms/asap7/lib/NLDM/asap7sc7p5t_DFFHQNV2X_RVT_TT_nldm_FAKE.lib
read_db ./results/asap7/aes-block_aes_rcon/modified_alpha_4-beta_0.1/5_1_grt.odb
source /home/lucast/workspace/OR-flow-TCC/flow/platforms/asap7/setRC.tcl
detailed_route -output_drc ./reports/asap7/aes-block_aes_rcon/modified_alpha_4-beta_0.1/5_route_drc.rpt -output_maze ./results/asap7/aes-block_aes_rcon/modified_alpha_4-beta_0.1/maze.log -droute_end_iter 64 -verbose 1 -drc_report_iter_step 5
[INFO DRT-0149] Reading tech and libs.

Units:                1000
Number of layers:     21
Number of macros:     230
Number of vias:       14
Number of viarulegen: 11

[INFO DRT-0150] Reading design.

Design:                   aes_rcon
Die area:                 ( 0 0 ) ( 9168 9168 )
Number of track patterns: 32
Number of DEF vias:       0
Number of components:     137
Number of terminals:      36
Number of snets:          2
Number of nets:           111

[INFO DRT-0167] List of default vias:
  Layer V2
    default via: VIA23
  Layer V3
    default via: VIA34
  Layer V4
    default via: VIA45
  Layer V5
    default via: VIA56
  Layer V6
    default via: VIA67
  Layer V7
    default via: VIA78
  Layer V8
    default via: VIA89
  Layer V9
    default via: VIA9Pad
[INFO DRT-0162] Library cell analysis.
[INFO DRT-0163] Instance analysis.
[INFO DRT-0164] Number of unique instances = 46.
[INFO DRT-0168] Init region query.
[INFO DRT-0024]   Complete Active.
[INFO DRT-0024]   Complete V0.
[INFO DRT-0024]   Complete M1.
[INFO DRT-0024]   Complete V1.
[INFO DRT-0024]   Complete M2.
[INFO DRT-0024]   Complete V2.
[INFO DRT-0024]   Complete M3.
[INFO DRT-0024]   Complete V3.
[INFO DRT-0024]   Complete M4.
[INFO DRT-0024]   Complete V4.
[INFO DRT-0024]   Complete M5.
[INFO DRT-0024]   Complete V5.
[INFO DRT-0024]   Complete M6.
[INFO DRT-0024]   Complete V6.
[INFO DRT-0024]   Complete M7.
[INFO DRT-0024]   Complete V7.
[INFO DRT-0024]   Complete M8.
[INFO DRT-0024]   Complete V8.
[INFO DRT-0024]   Complete M9.
[INFO DRT-0024]   Complete V9.
[INFO DRT-0024]   Complete Pad.
[INFO DRT-0033] Active shape region query size = 0.
[INFO DRT-0033] V0 shape region query size = 0.
[INFO DRT-0033] M1 shape region query size = 1790.
[INFO DRT-0033] V1 shape region query size = 2791.
[INFO DRT-0033] M2 shape region query size = 116.
[INFO DRT-0033] V2 shape region query size = 118.
[INFO DRT-0033] M3 shape region query size = 116.
[INFO DRT-0033] V3 shape region query size = 76.
[INFO DRT-0033] M4 shape region query size = 112.
[INFO DRT-0033] V4 shape region query size = 140.
[INFO DRT-0033] M5 shape region query size = 88.
[INFO DRT-0033] V5 shape region query size = 0.
[INFO DRT-0033] M6 shape region query size = 0.
[INFO DRT-0033] V6 shape region query size = 0.
[INFO DRT-0033] M7 shape region query size = 0.
[INFO DRT-0033] V7 shape region query size = 0.
[INFO DRT-0033] M8 shape region query size = 0.
[INFO DRT-0033] V8 shape region query size = 0.
[INFO DRT-0033] M9 shape region query size = 0.
[INFO DRT-0033] V9 shape region query size = 0.
[INFO DRT-0033] Pad shape region query size = 0.
[INFO DRT-0165] Start pin access.
[INFO DRT-0078]   Complete 214 pins.
[INFO DRT-0081]   Complete 46 unique inst patterns.
[INFO DRT-0084]   Complete 64 groups.
#scanned instances     = 137
#unique  instances     = 46
#stdCellGenAp          = 1167
#stdCellValidPlanarAp  = 0
#stdCellValidViaAp     = 818
#stdCellPinNoAp        = 0
#stdCellPinCnt         = 228
#instTermValidViaApCnt = 0
#macroGenAp            = 0
#macroValidPlanarAp    = 0
#macroValidViaAp       = 0
#macroNoAp             = 0
[INFO DRT-0166] Complete pin access.
[INFO DRT-0267] cpu time = 00:00:04, elapsed time = 00:00:00, memory = 270.11 (MB), peak = 266.49 (MB)

[INFO DRT-0157] Number of guides:     631

[INFO DRT-0169] Post process guides.
[INFO DRT-0176] GCELLGRID X 0 DO 16 STEP 570 ;
[INFO DRT-0177] GCELLGRID Y 0 DO 16 STEP 570 ;
[INFO DRT-0028]   Complete Active.
[INFO DRT-0028]   Complete V0.
[INFO DRT-0028]   Complete M1.
[INFO DRT-0028]   Complete V1.
[INFO DRT-0028]   Complete M2.
[INFO DRT-0028]   Complete V2.
[INFO DRT-0028]   Complete M3.
[INFO DRT-0028]   Complete V3.
[INFO DRT-0028]   Complete M4.
[INFO DRT-0028]   Complete V4.
[INFO DRT-0028]   Complete M5.
[INFO DRT-0028]   Complete V5.
[INFO DRT-0028]   Complete M6.
[INFO DRT-0028]   Complete V6.
[INFO DRT-0028]   Complete M7.
[INFO DRT-0028]   Complete V7.
[INFO DRT-0028]   Complete M8.
[INFO DRT-0028]   Complete V8.
[INFO DRT-0028]   Complete M9.
[INFO DRT-0028]   Complete V9.
[INFO DRT-0028]   Complete Pad.
[INFO DRT-0178] Init guide query.
[INFO DRT-0035]   Complete Active (guide).
[INFO DRT-0035]   Complete V0 (guide).
[INFO DRT-0035]   Complete M1 (guide).
[INFO DRT-0035]   Complete V1 (guide).
[INFO DRT-0035]   Complete M2 (guide).
[INFO DRT-0035]   Complete V2 (guide).
[INFO DRT-0035]   Complete M3 (guide).
[INFO DRT-0035]   Complete V3 (guide).
[INFO DRT-0035]   Complete M4 (guide).
[INFO DRT-0035]   Complete V4 (guide).
[INFO DRT-0035]   Complete M5 (guide).
[INFO DRT-0035]   Complete V5 (guide).
[INFO DRT-0035]   Complete M6 (guide).
[INFO DRT-0035]   Complete V6 (guide).
[INFO DRT-0035]   Complete M7 (guide).
[INFO DRT-0035]   Complete V7 (guide).
[INFO DRT-0035]   Complete M8 (guide).
[INFO DRT-0035]   Complete V8 (guide).
[INFO DRT-0035]   Complete M9 (guide).
[INFO DRT-0035]   Complete V9 (guide).
[INFO DRT-0035]   Complete Pad (guide).
[INFO DRT-0036] Active guide region query size = 0.
[INFO DRT-0036] V0 guide region query size = 0.
[INFO DRT-0036] M1 guide region query size = 201.
[INFO DRT-0036] V1 guide region query size = 0.
[INFO DRT-0036] M2 guide region query size = 162.
[INFO DRT-0036] V2 guide region query size = 0.
[INFO DRT-0036] M3 guide region query size = 97.
[INFO DRT-0036] V3 guide region query size = 0.
[INFO DRT-0036] M4 guide region query size = 37.
[INFO DRT-0036] V4 guide region query size = 0.
[INFO DRT-0036] M5 guide region query size = 19.
[INFO DRT-0036] V5 guide region query size = 0.
[INFO DRT-0036] M6 guide region query size = 0.
[INFO DRT-0036] V6 guide region query size = 0.
[INFO DRT-0036] M7 guide region query size = 0.
[INFO DRT-0036] V7 guide region query size = 0.
[INFO DRT-0036] M8 guide region query size = 0.
[INFO DRT-0036] V8 guide region query size = 0.
[INFO DRT-0036] M9 guide region query size = 0.
[INFO DRT-0036] V9 guide region query size = 0.
[INFO DRT-0036] Pad guide region query size = 0.
[INFO DRT-0179] Init gr pin query.
[INFO DRT-0267] cpu time = 00:00:00, elapsed time = 00:00:00, memory = 270.17 (MB), peak = 266.49 (MB)
[INFO DRT-0245] skipped writing guide updates to database.
[INFO DRT-0185] Post process initialize RPin region query.
[INFO DRT-0181] Start track assignment.
[INFO DRT-0184] Done with 317 vertical wires in 1 frboxes and 199 horizontal wires in 1 frboxes.
[INFO DRT-0186] Done with 22 vertical wires in 1 frboxes and 24 horizontal wires in 1 frboxes.
[INFO DRT-0182] Complete track assignment.
[INFO DRT-0267] cpu time = 00:00:00, elapsed time = 00:00:00, memory = 271.85 (MB), peak = 268.24 (MB)
[INFO DRT-0187] Start routing data preparation.
[INFO DRT-0267] cpu time = 00:00:00, elapsed time = 00:00:00, memory = 271.93 (MB), peak = 268.24 (MB)
[INFO DRT-0194] Start detail routing.
[INFO DRT-0195] Start 0th optimization iteration.
    Completing 10% with 0 violations.
    elapsed time = 00:00:00, memory = 272.48 (MB).
    Completing 20% with 0 violations.
    elapsed time = 00:00:00, memory = 408.38 (MB).
    Completing 30% with 0 violations.
    elapsed time = 00:00:00, memory = 364.80 (MB).
    Completing 40% with 0 violations.
    elapsed time = 00:00:00, memory = 294.34 (MB).
    Completing 50% with 0 violations.
    elapsed time = 00:00:00, memory = 382.86 (MB).
    Completing 60% with 0 violations.
    elapsed time = 00:00:00, memory = 303.43 (MB).
    Completing 70% with 0 violations.
    elapsed time = 00:00:00, memory = 391.25 (MB).
    Completing 80% with 0 violations.
    elapsed time = 00:00:00, memory = 311.72 (MB).
    Completing 100% with 2 violations.
    elapsed time = 00:00:00, memory = 322.98 (MB).
[INFO DRT-0199]   Number of violations = 3.
Viol/Layer          M1     M2
Metal Spacing        2      0
Recheck              0      1
[INFO DRT-0267] cpu time = 00:00:02, elapsed time = 00:00:00, memory = 828.31 (MB), peak = 866.23 (MB)
Total wire length = 166 um.
Total wire length on LAYER M1 = 0 um.
Total wire length on LAYER M2 = 54 um.
Total wire length on LAYER M3 = 53 um.
Total wire length on LAYER M4 = 25 um.
Total wire length on LAYER M5 = 33 um.
Total wire length on LAYER M6 = 0 um.
Total wire length on LAYER M7 = 0 um.
Total wire length on LAYER M8 = 0 um.
Total wire length on LAYER M9 = 0 um.
Total wire length on LAYER Pad = 0 um.
Total number of vias = 602.
Up-via summary (total 602):

--------------
 Active      0
     M1    250
     M2    291
     M3     41
     M4     20
     M5      0
     M6      0
     M7      0
     M8      0
     M9      0
--------------
       602


[INFO DRT-0195] Start 1st optimization iteration.
    Completing 10% with 3 violations.
    elapsed time = 00:00:00, memory = 999.04 (MB).
    Completing 20% with 3 violations.
    elapsed time = 00:00:00, memory = 951.08 (MB).
    Completing 30% with 3 violations.
    elapsed time = 00:00:00, memory = 902.97 (MB).
    Completing 40% with 3 violations.
    elapsed time = 00:00:00, memory = 851.14 (MB).
    Completing 50% with 3 violations.
    elapsed time = 00:00:00, memory = 943.09 (MB).
    Completing 60% with 3 violations.
    elapsed time = 00:00:00, memory = 873.71 (MB).
    Completing 70% with 3 violations.
    elapsed time = 00:00:00, memory = 943.03 (MB).
    Completing 80% with 3 violations.
    elapsed time = 00:00:00, memory = 874.69 (MB).
    Completing 100% with 0 violations.
    elapsed time = 00:00:00, memory = 877.12 (MB).
[INFO DRT-0199]   Number of violations = 0.
[INFO DRT-0267] cpu time = 00:00:03, elapsed time = 00:00:00, memory = 919.13 (MB), peak = 1039.25 (MB)
Total wire length = 166 um.
Total wire length on LAYER M1 = 0 um.
Total wire length on LAYER M2 = 54 um.
Total wire length on LAYER M3 = 53 um.
Total wire length on LAYER M4 = 25 um.
Total wire length on LAYER M5 = 33 um.
Total wire length on LAYER M6 = 0 um.
Total wire length on LAYER M7 = 0 um.
Total wire length on LAYER M8 = 0 um.
Total wire length on LAYER M9 = 0 um.
Total wire length on LAYER Pad = 0 um.
Total number of vias = 566.
Up-via summary (total 566):

--------------
 Active      0
     M1    248
     M2    257
     M3     41
     M4     20
     M5      0
     M6      0
     M7      0
     M8      0
     M9      0
--------------
       566


[INFO DRT-0198] Complete detail routing.
Total wire length = 166 um.
Total wire length on LAYER M1 = 0 um.
Total wire length on LAYER M2 = 54 um.
Total wire length on LAYER M3 = 53 um.
Total wire length on LAYER M4 = 25 um.
Total wire length on LAYER M5 = 33 um.
Total wire length on LAYER M6 = 0 um.
Total wire length on LAYER M7 = 0 um.
Total wire length on LAYER M8 = 0 um.
Total wire length on LAYER M9 = 0 um.
Total wire length on LAYER Pad = 0 um.
Total number of vias = 566.
Up-via summary (total 566):

--------------
 Active      0
     M1    248
     M2    257
     M3     41
     M4     20
     M5      0
     M6      0
     M7      0
     M8      0
     M9      0
--------------
       566


[INFO DRT-0267] cpu time = 00:00:05, elapsed time = 00:00:01, memory = 919.25 (MB), peak = 1039.25 (MB)

[INFO DRT-0180] Post processing.
[WARNING GRT-0246] No diode with LEF class CORE ANTENNACELL found.
[INFO ANT-0002] Found 0 net violations.
[INFO ANT-0001] Found 0 pin violations.
[INFO ANT-0002] Found 0 net violations.
[INFO ANT-0001] Found 0 pin violations.
write_db ./results/asap7/aes-block_aes_rcon/modified_alpha_4-beta_0.1/5_2_route.odb
Elapsed time: 0:03.35[h:]min:sec. CPU time: user 10.77 sys 0.40 (333%). Peak memory: 1064196KB.
Log                        Elapsed/s Peak Memory/MB  sha1sum .odb [0:20)
5_2_route                          3           1039 0d27b283d9a74ed3fd65
