OpenROAD ee3d65ce03b2656092ed62bf9205c5c11049c575 
Features included (+) or not (-): +GPU +GUI +Python
This program is licensed under the BSD-3 license. See the LICENSE file for details.
Components of this program may be licensed under more restrictive licenses which must be honored.
[INFO ORD-0030] Using 32 thread(s).
source /home/lucast/workspace/OR-flow-TCC/flow/platforms/asap7/liberty_suppressions.tcl
read_liberty /home/lucast/workspace/OR-flow-TCC/flow/platforms/asap7/lib/NLDM/asap7sc7p5t_AO_LVT_FF_nldm_211120.lib.gz
read_liberty /home/lucast/workspace/OR-flow-TCC/flow/platforms/asap7/lib/NLDM/asap7sc7p5t_INVBUF_LVT_FF_nldm_220122.lib.gz
read_liberty /home/lucast/workspace/OR-flow-TCC/flow/platforms/asap7/lib/NLDM/asap7sc7p5t_OA_LVT_FF_nldm_211120.lib.gz
read_liberty /home/lucast/workspace/OR-flow-TCC/flow/platforms/asap7/lib/NLDM/asap7sc7p5t_SIMPLE_LVT_FF_nldm_211120.lib.gz
read_liberty /home/lucast/workspace/OR-flow-TCC/flow/platforms/asap7/lib/NLDM/asap7sc7p5t_SEQ_LVT_FF_nldm_220123.lib
read_liberty /home/lucast/workspace/OR-flow-TCC/flow/platforms/asap7/lib/NLDM/asap7sc7p5t_DFFHQNH2V2X_LVT_TT_nldm_FAKE.lib
read_liberty /home/lucast/workspace/OR-flow-TCC/flow/platforms/asap7/lib/NLDM/asap7sc7p5t_DFFHQNV2X_LVT_TT_nldm_FAKE.lib
read_db ./results/asap7/jpeg_lvt/modified_alpha_16-beta_0.1/2_floorplan.odb
source /home/lucast/workspace/OR-flow-TCC/flow/platforms/asap7/setRC.tcl
global_placement -skip_io -density 0.6 -pad_left 0 -pad_right 0
[INFO GPL-0001] ---- Initialize GPL Main Data Structures
[INFO GPL-0002] DBU: 1000
[INFO GPL-0003] SiteSize: (  0.054  0.270 ) um
[INFO GPL-0004] CoreBBox: (  2.052  2.160 ) ( 147.042 146.880 ) um
[INFO GPL-0036] Movable instances area:       6324.308 um^2
[INFO GPL-0037] Total instances area:         6394.788 um^2
[INFO GPL-0035] Pin density area adjust:       422.239 um^2
[INFO GPL-0032] ---- Initialize Region: Top-level
[INFO GPL-0006] Number of instances:             60175
[INFO GPL-0007] Movable instances:               57758
[INFO GPL-0008] Fixed instances:                  2417
[INFO GPL-0009] Dummy instances:                     0
[INFO GPL-0010] Number of nets:                  65670
[INFO GPL-0011] Number of pins:                 188586
[INFO GPL-0012] Die BBox:  (  0.000  0.000 ) ( 149.081 149.081 ) um
[INFO GPL-0013] Core BBox: (  2.052  2.160 ) ( 147.042 146.880 ) um
[INFO GPL-0016] Core area:                   20982.953 um^2
[INFO GPL-0014] Region name: top-level.
[INFO GPL-0015] Region area:                 20982.953 um^2
[INFO GPL-0017] Fixed instances area:           70.480 um^2
[INFO GPL-0018] Movable instances area:       6746.547 um^2
[INFO GPL-0019] Utilization:                    32.261 %
[INFO GPL-0020] Standard cells area:          6746.547 um^2
[INFO GPL-0021] Large instances area:            0.000 um^2
[INFO GPL-0005] ---- Execute Conjugate Gradient Initial Placement.
[INFO GPL-0051] Source of initial instance position counters:
	Odb location = 66	Core center = 57692	Region center = 0
[INFO GPL-0033] ---- Initialize Nesterov Region: Top-level
[INFO GPL-0023] Placement target density:       0.6000
[INFO GPL-0024] Movable insts average area:      0.117 um^2
[INFO GPL-0025] Ideal bin area:                  0.195 um^2
[INFO GPL-0026] Ideal bin count:                107782
[INFO GPL-0027] Total bin area:              20982.953 um^2
[INFO GPL-0028] Bin count (X, Y):         256 ,    256
[INFO GPL-0029] Bin size (W * H):       0.566 *  0.565 um
[INFO GPL-0030] Number of bins:                  65536
[INFO GPL-0007] ---- Execute Nesterov Global Placement.
[INFO GPL-0031] HPWL: Half-Perimeter Wirelength
Iteration | Overflow |     HPWL (um) |  HPWL(%) |   Penalty | Group
---------------------------------------------------------------
        0 |   0.9954 |  5.572795e+04 |   +0.00% |  4.62e-14 |      
       10 |   0.9959 |  1.197811e+04 |  -78.51% |  7.52e-14 |      
       20 |   0.9964 |  1.052119e+04 |  -12.16% |  1.23e-13 |      
       30 |   0.9967 |  9.990362e+03 |   -5.05% |  2.00e-13 |      
       40 |   0.9967 |  9.767002e+03 |   -2.24% |  3.25e-13 |      
       50 |   0.9967 |  9.660860e+03 |   -1.09% |  5.30e-13 |      
       60 |   0.9967 |  9.628220e+03 |   -0.34% |  8.63e-13 |      
       70 |   0.9967 |  9.683442e+03 |   +0.57% |  1.41e-12 |      
       80 |   0.9967 |  9.853568e+03 |   +1.76% |  2.29e-12 |      
       90 |   0.9966 |  1.022798e+04 |   +3.80% |  3.73e-12 |      
      100 |   0.9966 |  1.096136e+04 |   +7.17% |  6.07e-12 |      
      110 |   0.9963 |  1.228969e+04 |  +12.12% |  9.89e-12 |      
      120 |   0.9958 |  1.461519e+04 |  +18.92% |  1.61e-11 |      
      130 |   0.9945 |  1.860928e+04 |  +27.33% |  2.62e-11 |      
      140 |   0.9919 |  2.555715e+04 |  +37.34% |  4.27e-11 |      
      150 |   0.9877 |  3.469977e+04 |  +35.77% |  6.95e-11 |      
      160 |   0.9824 |  4.421754e+04 |  +27.43% |  1.13e-10 |      
      170 |   0.9764 |  5.414461e+04 |  +22.45% |  1.84e-10 |      
      180 |   0.9682 |  6.597489e+04 |  +21.85% |  2.99e-10 |      
      190 |   0.9550 |  8.121078e+04 |  +23.09% |  4.87e-10 |      
      200 |   0.9354 |  9.961704e+04 |  +22.66% |  7.91e-10 |      
      210 |   0.9091 |  1.189537e+05 |  +19.41% |  1.29e-09 |      
      220 |   0.8771 |  1.363976e+05 |  +14.66% |  2.09e-09 |      
      230 |   0.8409 |  1.513943e+05 |  +10.99% |  3.40e-09 |      
      240 |   0.8006 |  1.681672e+05 |  +11.08% |  5.53e-09 |      
      250 |   0.7542 |  1.882817e+05 |  +11.96% |  8.98e-09 |      
      260 |   0.7028 |  2.049884e+05 |   +8.87% |  1.46e-08 |      
      270 |   0.6490 |  2.178364e+05 |   +6.27% |  2.38e-08 |      
      280 |   0.5935 |  2.358987e+05 |   +8.29% |  3.86e-08 |      
      290 |   0.5487 |  2.485291e+05 |   +5.35% |  6.28e-08 |      
      300 |   0.5170 |  2.624340e+05 |   +5.59% |  1.02e-07 |      
      310 |   0.4914 |  2.652584e+05 |   +1.08% |  1.66e-07 |      
      320 |   0.4574 |  2.642432e+05 |   -0.38% |  2.71e-07 |      
      330 |   0.4225 |  2.585484e+05 |   -2.16% |  4.41e-07 |      
      340 |   0.3856 |  2.633965e+05 |   +1.88% |  7.19e-07 |      
      350 |   0.3461 |  2.637197e+05 |   +0.12% |  1.17e-06 |      
      360 |   0.3146 |  2.599459e+05 |   -1.43% |  1.72e-06 |      
      370 |   0.2804 |  2.612001e+05 |   +0.48% |  2.54e-06 |      
      380 |   0.2492 |  2.596076e+05 |   -0.61% |  3.74e-06 |      
      390 |   0.2181 |  2.597193e+05 |   +0.04% |  5.51e-06 |      
      400 |   0.1927 |  2.593661e+05 |   -0.14% |  8.12e-06 |      
      410 |   0.1683 |  2.594231e+05 |   +0.02% |  1.20e-05 |      
      420 |   0.1459 |  2.594973e+05 |   +0.03% |  1.76e-05 |      
      430 |   0.1263 |  2.595593e+05 |   +0.02% |  2.59e-05 |      
      440 |   0.1088 |  2.597037e+05 |   +0.06% |  3.82e-05 |      
      446 |   0.0996 |  2.597860e+05 |          |  5.01e-05 |      
---------------------------------------------------------------
[INFO GPL-1001] Global placement finished at iteration 446
[INFO GPL-1002] Placed Cell Area             6746.5469
[INFO GPL-1003] Available Free Area         20912.4731
[INFO GPL-1004] Minimum Feasible Density        0.3300 (cell_area / free_area)
[INFO GPL-1006]   Suggested Target Densities:
[INFO GPL-1007]     - For 90% usage of free space: 0.3585
[INFO GPL-1008]     - For 80% usage of free space: 0.4033
[INFO GPL-1009]     - For 50% usage of free space: 0.6452
[INFO GPL-1014] Final placement area: 6746.55 (+0.00%)
Took 14 seconds: global_placement -skip_io -density 0.6 -pad_left 0 -pad_right 0
write_db ./results/asap7/jpeg_lvt/modified_alpha_16-beta_0.1/3_1_place_gp_skip_io.odb
Elapsed time: 0:14.27[h:]min:sec. CPU time: user 261.48 sys 0.18 (1832%). Peak memory: 378256KB.
Log                        Elapsed/s Peak Memory/MB  sha1sum .odb [0:20)
3_1_place_gp_skip_io              14            369 038d6f792067c6453001
