
==========================================================================
cts final report_tns
--------------------------------------------------------------------------
tns max 0.00

==========================================================================
cts final report_wns
--------------------------------------------------------------------------
wns max 0.00

==========================================================================
cts final report_worst_slack
--------------------------------------------------------------------------
worst slack max 0.78

==========================================================================
cts final report_clock_min_period
--------------------------------------------------------------------------
main_clk period_min = 999.22 fmax = 1000.78

==========================================================================
cts final report_clock_skew
--------------------------------------------------------------------------
Clock main_clk
 253.32 source latency gen_cache_hpd.i_cache_subsystem.i_cva6_icache.cl_tag_q[14]$_DFF_PN0_/CLK ^
-162.07 target latency gen_cache_hpd.i_cache_subsystem.i_cva6_icache.gen_sram[0].data_sram.gen_techno_cut.genblk1.i_tc_sram_wrapper/clk ^
  -0.87 CRPR
--------------
  90.38 setup skew


==========================================================================
cts final report_checks -path_delay min
--------------------------------------------------------------------------
Startpoint: gen_cache_hpd.i_cache_subsystem.i_cva6_icache.repl_way_oh_q[0]$_DFFE_PN0P_
            (rising edge-triggered flip-flop clocked by main_clk)
Endpoint: gen_cache_hpd.i_cache_subsystem.i_cva6_icache.gen_sram[0].tag_sram.gen_techno_cut.genblk1.i_tc_sram_wrapper
          (rising edge-triggered flip-flop clocked by main_clk)
Path Group: main_clk
Path Type: min

Fanout     Cap    Slew   Delay    Time   Description
-----------------------------------------------------------------------------
                          0.00    0.00   clock main_clk (rise edge)
                          0.00    0.00   clock source latency
     1   12.19    0.00    0.00    0.00 ^ clk_i (in)
                                         clk_i (net)
                 57.88   18.26   18.26 ^ wire47475/A (BUFx10_ASAP7_75t_SL)
     2   16.26   11.76   18.23   36.49 ^ wire47475/Y (BUFx10_ASAP7_75t_SL)
                                         net47300 (net)
                 93.52   29.29   65.79 ^ clkbuf_regs_0_main_clk/A (BUFx24_ASAP7_75t_SL)
     1    2.42   14.35   21.83   87.62 ^ clkbuf_regs_0_main_clk/Y (BUFx24_ASAP7_75t_SL)
                                         clk_i_regs (net)
                 14.35    0.16   87.78 ^ clkbuf_0_clk_i_regs/A (BUFx24_ASAP7_75t_SL)
     2   15.65   11.22   15.80  103.58 ^ clkbuf_0_clk_i_regs/Y (BUFx24_ASAP7_75t_SL)
                                         clknet_0_clk_i_regs (net)
                 28.81    8.48  112.06 ^ clkbuf_1_1_0_clk_i_regs/A (BUFx24_ASAP7_75t_SL)
     4   21.75   11.62   17.46  129.52 ^ clkbuf_1_1_0_clk_i_regs/Y (BUFx24_ASAP7_75t_SL)
                                         clknet_1_1_0_clk_i_regs (net)
                 55.37   17.05  146.57 ^ clkbuf_3_4_0_clk_i_regs/A (BUFx24_ASAP7_75t_SL)
     4   16.80   14.95   20.64  167.21 ^ clkbuf_3_4_0_clk_i_regs/Y (BUFx24_ASAP7_75t_SL)
                                         clknet_3_4_0_clk_i_regs (net)
                 27.60    7.77  174.98 ^ clkbuf_5_17_0_clk_i_regs/A (BUFx24_ASAP7_75t_SL)
     2    6.83   10.74   17.18  192.16 ^ clkbuf_5_17_0_clk_i_regs/Y (BUFx24_ASAP7_75t_SL)
                                         clknet_5_17_0_clk_i_regs (net)
                 11.35    1.65  193.81 ^ clkbuf_6_34__f_clk_i_regs/A (BUFx24_ASAP7_75t_SL)
     6   18.10   13.30   16.03  209.84 ^ clkbuf_6_34__f_clk_i_regs/Y (BUFx24_ASAP7_75t_SL)
                                         clknet_6_34__leaf_clk_i_regs (net)
                 15.02    2.32  212.16 ^ clkbuf_leaf_36_clk_i_regs/A (BUFx24_ASAP7_75t_SL)
    23   13.95   12.14   16.44  228.60 ^ clkbuf_leaf_36_clk_i_regs/Y (BUFx24_ASAP7_75t_SL)
                                         clknet_leaf_36_clk_i_regs (net)
                 12.24    0.57  229.17 ^ gen_cache_hpd.i_cache_subsystem.i_cva6_icache.repl_way_oh_q[0]$_DFFE_PN0P_/CLK (DFFASRHQNx1_ASAP7_75t_SL)
     3    3.23   23.92   35.39  264.56 ^ gen_cache_hpd.i_cache_subsystem.i_cva6_icache.repl_way_oh_q[0]$_DFFE_PN0P_/QN (DFFASRHQNx1_ASAP7_75t_SL)
                                         _003710_ (net)
                 23.93    0.11  264.68 ^ _139360_/A (NAND2x1_ASAP7_75t_R)
     1   10.05   52.65   25.13  289.81 v _139360_/Y (NAND2x1_ASAP7_75t_R)
                                         gen_cache_hpd.i_cache_subsystem.i_cva6_icache.gen_sram[0].tag_sram.req_i (net)
                 41.91    6.98  296.79 v gen_cache_hpd.i_cache_subsystem.i_cva6_icache.gen_sram[0].tag_sram.gen_techno_cut.genblk1.i_tc_sram_wrapper/ce_in (fakeram7_64x25)
                                296.79   data arrival time

                          0.00    0.00   clock main_clk (rise edge)
                          0.00    0.00   clock source latency
     1   12.45    0.00    0.00    0.00 ^ clk_i (in)
                                         clk_i (net)
                 60.14   18.97   18.97 ^ wire47475/A (BUFx10_ASAP7_75t_SL)
     2   17.34   11.92   18.39   37.37 ^ wire47475/Y (BUFx10_ASAP7_75t_SL)
                                         net47300 (net)
                106.73   33.53   70.89 ^ clkbuf_0_clk_i/A (BUFx24_ASAP7_75t_SL)
     2   16.81   18.51   23.61   94.51 ^ clkbuf_0_clk_i/Y (BUFx24_ASAP7_75t_SL)
                                         clknet_0_clk_i (net)
                 34.91   10.06  104.56 ^ clkbuf_1_1_0_clk_i/A (BUFx24_ASAP7_75t_SL)
     4  135.09   16.43   20.05  124.61 ^ clkbuf_1_1_0_clk_i/Y (BUFx24_ASAP7_75t_SL)
                                         clknet_1_1_0_clk_i (net)
                287.55  120.74  245.34 ^ gen_cache_hpd.i_cache_subsystem.i_cva6_icache.gen_sram[0].tag_sram.gen_techno_cut.genblk1.i_tc_sram_wrapper/clk (fakeram7_64x25)
                         -0.87  244.47   clock reconvergence pessimism
                         50.00  294.47   library hold time
                                294.47   data required time
-----------------------------------------------------------------------------
                                294.47   data required time
                               -296.79   data arrival time
-----------------------------------------------------------------------------
                                  2.32   slack (MET)



==========================================================================
cts final report_checks -path_delay max
--------------------------------------------------------------------------
Startpoint: issue_stage_i.i_issue_read_operands.branch_valid_o[1]$_DFF_PN0_
            (rising edge-triggered flip-flop clocked by main_clk)
Endpoint: gen_cache_hpd.i_cache_subsystem.i_cva6_icache.gen_sram[0].data_sram.gen_techno_cut.genblk1.i_tc_sram_wrapper
          (rising edge-triggered flip-flop clocked by main_clk)
Path Group: main_clk
Path Type: max

Fanout     Cap    Slew   Delay    Time   Description
-----------------------------------------------------------------------------
                          0.00    0.00   clock main_clk (rise edge)
                          0.00    0.00   clock source latency
     1   12.45    0.00    0.00    0.00 ^ clk_i (in)
                                         clk_i (net)
                 60.14   18.97   18.97 ^ wire47475/A (BUFx10_ASAP7_75t_SL)
     2   17.34   11.92   18.39   37.37 ^ wire47475/Y (BUFx10_ASAP7_75t_SL)
                                         net47300 (net)
                102.37   32.09   69.46 ^ clkbuf_regs_0_main_clk/A (BUFx24_ASAP7_75t_SL)
     1    2.96   15.14   22.27   91.73 ^ clkbuf_regs_0_main_clk/Y (BUFx24_ASAP7_75t_SL)
                                         clk_i_regs (net)
                 15.14    0.20   91.93 ^ clkbuf_0_clk_i_regs/A (BUFx24_ASAP7_75t_SL)
     2   16.73   11.35   15.96  107.89 ^ clkbuf_0_clk_i_regs/Y (BUFx24_ASAP7_75t_SL)
                                         clknet_0_clk_i_regs (net)
                 28.19    8.17  116.06 ^ clkbuf_1_0_0_clk_i_regs/A (BUFx24_ASAP7_75t_SL)
     4   24.33   12.88   17.90  133.96 ^ clkbuf_1_0_0_clk_i_regs/Y (BUFx24_ASAP7_75t_SL)
                                         clknet_1_0_0_clk_i_regs (net)
                 37.14   10.65  144.62 ^ clkbuf_3_3_0_clk_i_regs/A (BUFx24_ASAP7_75t_SL)
     4   20.93   13.50   18.91  163.53 ^ clkbuf_3_3_0_clk_i_regs/Y (BUFx24_ASAP7_75t_SL)
                                         clknet_3_3_0_clk_i_regs (net)
                 33.39    9.49  173.02 ^ clkbuf_5_15_0_clk_i_regs/A (BUFx24_ASAP7_75t_SL)
     2    7.42   11.33   17.90  190.92 ^ clkbuf_5_15_0_clk_i_regs/Y (BUFx24_ASAP7_75t_SL)
                                         clknet_5_15_0_clk_i_regs (net)
                 12.33    2.03  192.95 ^ clkbuf_6_31__f_clk_i_regs/A (BUFx24_ASAP7_75t_SL)
     6   20.75   14.21   16.47  209.42 ^ clkbuf_6_31__f_clk_i_regs/Y (BUFx24_ASAP7_75t_SL)
                                         clknet_6_31__leaf_clk_i_regs (net)
                 17.39    3.39  212.81 ^ clkbuf_leaf_207_clk_i_regs/A (BUFx24_ASAP7_75t_SL)
    21   17.80   13.53   17.25  230.06 ^ clkbuf_leaf_207_clk_i_regs/Y (BUFx24_ASAP7_75t_SL)
                                         clknet_leaf_207_clk_i_regs (net)
                 13.99    1.13  231.19 ^ issue_stage_i.i_issue_read_operands.branch_valid_o[1]$_DFF_PN0_/CLK (DFFASRHQNx1_ASAP7_75t_SL)
     6    8.68   47.42   46.17  277.35 v issue_stage_i.i_issue_read_operands.branch_valid_o[1]$_DFF_PN0_/QN (DFFASRHQNx1_ASAP7_75t_SL)
                                         _008158_ (net)
                 47.65    1.87  279.22 v _104758_/B (NAND3x2_ASAP7_75t_SL)
     7    6.28   32.17   22.63  301.85 ^ _104758_/Y (NAND3x2_ASAP7_75t_SL)
                                         _037598_ (net)
                 32.17    0.15  302.01 ^ place44347/A (BUFx3_ASAP7_75t_L)
     7    6.16   14.59   18.30  320.31 ^ place44347/Y (BUFx3_ASAP7_75t_L)
                                         net44172 (net)
                 14.62    0.35  320.66 ^ place44339/A (BUFx3_ASAP7_75t_L)
     9   10.29   21.71   19.32  339.98 ^ place44339/Y (BUFx3_ASAP7_75t_L)
                                         net44164 (net)
                 21.73    0.34  340.32 ^ place44338/A (BUFx3_ASAP7_75t_L)
    10    9.96   21.23   20.16  360.47 ^ place44338/Y (BUFx3_ASAP7_75t_L)
                                         net44163 (net)
                 21.25    0.39  360.86 ^ _105698_/A2 (AOI21x1_ASAP7_75t_R)
     4    5.08   43.19   17.85  378.71 v _105698_/Y (AOI21x1_ASAP7_75t_R)
                                         _012135_ (net)
                 43.19    0.21  378.92 v _105699_/A (INVx1_ASAP7_75t_R)
     4    4.97   39.57   28.70  407.62 ^ _105699_/Y (INVx1_ASAP7_75t_R)
                                         _038430_ (net)
                 39.58    0.34  407.96 ^ place41119/A (BUFx3_ASAP7_75t_L)
    10   12.71   27.61   23.52  431.48 ^ place41119/Y (BUFx3_ASAP7_75t_L)
                                         net40944 (net)
                 27.65    0.60  432.07 ^ _105700_/B1 (OA222x2_ASAP7_75t_R)
     1    1.21   10.31   28.78  460.85 ^ _105700_/Y (OA222x2_ASAP7_75t_R)
                                         _038431_ (net)
                 10.31    0.06  460.91 ^ _105701_/B (NAND2x1_ASAP7_75t_R)
     1    0.79    7.56    6.41  467.32 v _105701_/Y (NAND2x1_ASAP7_75t_R)
                                         _038432_ (net)
                  7.57    0.04  467.36 v _105702_/A2 (AO21x1_ASAP7_75t_R)
     1    0.68    6.89   14.10  481.46 v _105702_/Y (AO21x1_ASAP7_75t_R)
                                         _038433_ (net)
                  6.89    0.02  481.48 v _105703_/B (OA21x2_ASAP7_75t_R)
     4    7.56   24.97   20.49  501.97 v _105703_/Y (OA21x2_ASAP7_75t_R)
                                         _038434_ (net)
                 25.27    1.53  503.50 v _197925_/B (HAxp5_ASAP7_75t_R)
     6    4.23   47.29   29.89  533.39 ^ _197925_/CON (HAxp5_ASAP7_75t_R)
                                         _012160_ (net)
     2    1.62   31.32   17.95  551.34 v _197925_/SN (HAxp5_ASAP7_75t_R)
                                         _012161_ (net)
                 31.32    0.09  551.43 v _108982_/B (AO21x1_ASAP7_75t_R)
     1    0.75    8.01   20.11  571.54 v _108982_/Y (AO21x1_ASAP7_75t_R)
                                         _041662_ (net)
                  8.01    0.03  571.58 v _108983_/A2 (AO21x1_ASAP7_75t_R)
     1    0.70    7.98   14.27  585.84 v _108983_/Y (AO21x1_ASAP7_75t_R)
                                         _041663_ (net)
                  7.98    0.03  585.87 v _108984_/A2 (AO21x1_ASAP7_75t_R)
     1    0.84    9.03   14.68  600.55 v _108984_/Y (AO21x1_ASAP7_75t_R)
                                         _041664_ (net)
                  9.04    0.05  600.60 v _108985_/A2 (AO21x1_ASAP7_75t_R)
     2    1.53   12.12   16.99  617.59 v _108985_/Y (AO21x1_ASAP7_75t_R)
                                         _041665_ (net)
                 12.12    0.06  617.66 v _109258_/B (AND2x2_ASAP7_75t_R)
     3    3.14   12.42   18.79  636.45 v _109258_/Y (AND2x2_ASAP7_75t_R)
                                         _041936_ (net)
                 12.42    0.06  636.50 v _109291_/C (OR3x1_ASAP7_75t_L)
     2    1.78   12.56   19.48  655.99 v _109291_/Y (OR3x1_ASAP7_75t_L)
                                         _041967_ (net)
                 12.56    0.05  656.04 v _109298_/A2 (AO221x1_ASAP7_75t_SL)
     1    0.76    8.43   15.35  671.39 v _109298_/Y (AO221x1_ASAP7_75t_SL)
                                         _041974_ (net)
                  8.43    0.04  671.42 v _109299_/E (OR5x1_ASAP7_75t_SL)
     1    0.75   10.77   21.80  693.22 v _109299_/Y (OR5x1_ASAP7_75t_SL)
                                         _041975_ (net)
                 10.77    0.04  693.26 v _109300_/E (OR5x1_ASAP7_75t_SL)
     1    1.09   11.83   22.84  716.09 v _109300_/Y (OR5x1_ASAP7_75t_SL)
                                         _041976_ (net)
                 11.83    0.09  716.19 v _109301_/D (OR4x1_ASAP7_75t_SL)
     1    1.34   11.27   19.36  735.54 v _109301_/Y (OR4x1_ASAP7_75t_SL)
                                         _041977_ (net)
                 11.27    0.16  735.70 v _109302_/E (OR5x1_ASAP7_75t_SL)
     2    2.08   16.02   25.52  761.22 v _109302_/Y (OR5x1_ASAP7_75t_SL)
                                         _041978_ (net)
                 16.04    0.28  761.50 v _109324_/C (OR4x1_ASAP7_75t_SL)
     4    4.35   24.25   26.75  788.24 v _109324_/Y (OR4x1_ASAP7_75t_SL)
                                         _042000_ (net)
                 24.27    0.45  788.69 v _109325_/B (NAND2x1_ASAP7_75t_SL)
     1    1.46   17.32   10.10  798.79 ^ _109325_/Y (NAND2x1_ASAP7_75t_SL)
                                         _042001_ (net)
                 17.32    0.07  798.86 ^ _109337_/A1 (AOI21x1_ASAP7_75t_SL)
     2    8.91   40.40   17.78  816.64 v _109337_/Y (AOI21x1_ASAP7_75t_SL)
                                         _042013_ (net)
                 44.41    6.64  823.28 v _113711_/A2 (OAI21x1_ASAP7_75t_R)
     4    3.52   33.79   23.00  846.28 ^ _113711_/Y (OAI21x1_ASAP7_75t_R)
                                         _046370_ (net)
                 33.79    0.12  846.40 ^ _127345_/B (NAND2x1_ASAP7_75t_R)
     3   17.78   99.75   39.00  885.40 v _127345_/Y (NAND2x1_ASAP7_75t_R)
                                         _057510_ (net)
                121.12   23.83  909.23 v _127364_/C (OR4x2_ASAP7_75t_SL)
     2   13.50   40.22   53.03  962.26 v _127364_/Y (OR4x2_ASAP7_75t_SL)
                                         _057529_ (net)
                 60.38   14.63  976.89 v _127368_/A (OR3x1_ASAP7_75t_SL)
     5   13.35   66.33   45.58 1022.47 v _127368_/Y (OR3x1_ASAP7_75t_SL)
                                         _057533_ (net)
                 68.21    6.23 1028.71 v _127369_/A (INVx1_ASAP7_75t_SL)
     2   12.86   78.46   40.63 1069.33 ^ _127369_/Y (INVx1_ASAP7_75t_SL)
                                         gen_cache_hpd.i_cache_subsystem.i_cva6_icache.cache_wren (net)
                 86.09   12.68 1082.01 ^ place36395/A (BUFx3_ASAP7_75t_L)
     2   19.61   40.68   28.19 1110.20 ^ place36395/Y (BUFx3_ASAP7_75t_L)
                                         net36220 (net)
                 30.70    1.96 1112.16 ^ gen_cache_hpd.i_cache_subsystem.i_cva6_icache.gen_sram[0].data_sram.gen_techno_cut.genblk1.i_tc_sram_wrapper/we_in (fakeram7_64x256)
                               1112.16   data arrival time

                       1000.00 1000.00   clock main_clk (rise edge)
                          0.00 1000.00   clock source latency
     1   12.19    0.00    0.00 1000.00 ^ clk_i (in)
                                         clk_i (net)
                 57.88   18.26 1018.26 ^ wire47475/A (BUFx10_ASAP7_75t_SL)
     2   16.26   11.76   18.23 1036.49 ^ wire47475/Y (BUFx10_ASAP7_75t_SL)
                                         net47300 (net)
                 97.21   30.52 1067.01 ^ clkbuf_0_clk_i/A (BUFx24_ASAP7_75t_SL)
     2   15.73   17.69   23.16 1090.17 ^ clkbuf_0_clk_i/Y (BUFx24_ASAP7_75t_SL)
                                         clknet_0_clk_i (net)
                 31.94    9.15 1099.32 ^ clkbuf_1_0_0_clk_i/A (BUFx24_ASAP7_75t_SL)
     4  125.27   17.76   20.11 1119.43 ^ clkbuf_1_0_0_clk_i/Y (BUFx24_ASAP7_75t_SL)
                                         clknet_1_0_0_clk_i (net)
                110.42   42.64 1162.07 ^ gen_cache_hpd.i_cache_subsystem.i_cva6_icache.gen_sram[0].data_sram.gen_techno_cut.genblk1.i_tc_sram_wrapper/clk (fakeram7_64x256)
                          0.87 1162.94   clock reconvergence pessimism
                        -50.00 1112.94   library setup time
                               1112.94   data required time
-----------------------------------------------------------------------------
                               1112.94   data required time
                               -1112.16   data arrival time
-----------------------------------------------------------------------------
                                  0.78   slack (MET)



==========================================================================
cts final report_checks -unconstrained
--------------------------------------------------------------------------
Startpoint: issue_stage_i.i_issue_read_operands.branch_valid_o[1]$_DFF_PN0_
            (rising edge-triggered flip-flop clocked by main_clk)
Endpoint: gen_cache_hpd.i_cache_subsystem.i_cva6_icache.gen_sram[0].data_sram.gen_techno_cut.genblk1.i_tc_sram_wrapper
          (rising edge-triggered flip-flop clocked by main_clk)
Path Group: main_clk
Path Type: max

Fanout     Cap    Slew   Delay    Time   Description
-----------------------------------------------------------------------------
                          0.00    0.00   clock main_clk (rise edge)
                          0.00    0.00   clock source latency
     1   12.45    0.00    0.00    0.00 ^ clk_i (in)
                                         clk_i (net)
                 60.14   18.97   18.97 ^ wire47475/A (BUFx10_ASAP7_75t_SL)
     2   17.34   11.92   18.39   37.37 ^ wire47475/Y (BUFx10_ASAP7_75t_SL)
                                         net47300 (net)
                102.37   32.09   69.46 ^ clkbuf_regs_0_main_clk/A (BUFx24_ASAP7_75t_SL)
     1    2.96   15.14   22.27   91.73 ^ clkbuf_regs_0_main_clk/Y (BUFx24_ASAP7_75t_SL)
                                         clk_i_regs (net)
                 15.14    0.20   91.93 ^ clkbuf_0_clk_i_regs/A (BUFx24_ASAP7_75t_SL)
     2   16.73   11.35   15.96  107.89 ^ clkbuf_0_clk_i_regs/Y (BUFx24_ASAP7_75t_SL)
                                         clknet_0_clk_i_regs (net)
                 28.19    8.17  116.06 ^ clkbuf_1_0_0_clk_i_regs/A (BUFx24_ASAP7_75t_SL)
     4   24.33   12.88   17.90  133.96 ^ clkbuf_1_0_0_clk_i_regs/Y (BUFx24_ASAP7_75t_SL)
                                         clknet_1_0_0_clk_i_regs (net)
                 37.14   10.65  144.62 ^ clkbuf_3_3_0_clk_i_regs/A (BUFx24_ASAP7_75t_SL)
     4   20.93   13.50   18.91  163.53 ^ clkbuf_3_3_0_clk_i_regs/Y (BUFx24_ASAP7_75t_SL)
                                         clknet_3_3_0_clk_i_regs (net)
                 33.39    9.49  173.02 ^ clkbuf_5_15_0_clk_i_regs/A (BUFx24_ASAP7_75t_SL)
     2    7.42   11.33   17.90  190.92 ^ clkbuf_5_15_0_clk_i_regs/Y (BUFx24_ASAP7_75t_SL)
                                         clknet_5_15_0_clk_i_regs (net)
                 12.33    2.03  192.95 ^ clkbuf_6_31__f_clk_i_regs/A (BUFx24_ASAP7_75t_SL)
     6   20.75   14.21   16.47  209.42 ^ clkbuf_6_31__f_clk_i_regs/Y (BUFx24_ASAP7_75t_SL)
                                         clknet_6_31__leaf_clk_i_regs (net)
                 17.39    3.39  212.81 ^ clkbuf_leaf_207_clk_i_regs/A (BUFx24_ASAP7_75t_SL)
    21   17.80   13.53   17.25  230.06 ^ clkbuf_leaf_207_clk_i_regs/Y (BUFx24_ASAP7_75t_SL)
                                         clknet_leaf_207_clk_i_regs (net)
                 13.99    1.13  231.19 ^ issue_stage_i.i_issue_read_operands.branch_valid_o[1]$_DFF_PN0_/CLK (DFFASRHQNx1_ASAP7_75t_SL)
     6    8.68   47.42   46.17  277.35 v issue_stage_i.i_issue_read_operands.branch_valid_o[1]$_DFF_PN0_/QN (DFFASRHQNx1_ASAP7_75t_SL)
                                         _008158_ (net)
                 47.65    1.87  279.22 v _104758_/B (NAND3x2_ASAP7_75t_SL)
     7    6.28   32.17   22.63  301.85 ^ _104758_/Y (NAND3x2_ASAP7_75t_SL)
                                         _037598_ (net)
                 32.17    0.15  302.01 ^ place44347/A (BUFx3_ASAP7_75t_L)
     7    6.16   14.59   18.30  320.31 ^ place44347/Y (BUFx3_ASAP7_75t_L)
                                         net44172 (net)
                 14.62    0.35  320.66 ^ place44339/A (BUFx3_ASAP7_75t_L)
     9   10.29   21.71   19.32  339.98 ^ place44339/Y (BUFx3_ASAP7_75t_L)
                                         net44164 (net)
                 21.73    0.34  340.32 ^ place44338/A (BUFx3_ASAP7_75t_L)
    10    9.96   21.23   20.16  360.47 ^ place44338/Y (BUFx3_ASAP7_75t_L)
                                         net44163 (net)
                 21.25    0.39  360.86 ^ _105698_/A2 (AOI21x1_ASAP7_75t_R)
     4    5.08   43.19   17.85  378.71 v _105698_/Y (AOI21x1_ASAP7_75t_R)
                                         _012135_ (net)
                 43.19    0.21  378.92 v _105699_/A (INVx1_ASAP7_75t_R)
     4    4.97   39.57   28.70  407.62 ^ _105699_/Y (INVx1_ASAP7_75t_R)
                                         _038430_ (net)
                 39.58    0.34  407.96 ^ place41119/A (BUFx3_ASAP7_75t_L)
    10   12.71   27.61   23.52  431.48 ^ place41119/Y (BUFx3_ASAP7_75t_L)
                                         net40944 (net)
                 27.65    0.60  432.07 ^ _105700_/B1 (OA222x2_ASAP7_75t_R)
     1    1.21   10.31   28.78  460.85 ^ _105700_/Y (OA222x2_ASAP7_75t_R)
                                         _038431_ (net)
                 10.31    0.06  460.91 ^ _105701_/B (NAND2x1_ASAP7_75t_R)
     1    0.79    7.56    6.41  467.32 v _105701_/Y (NAND2x1_ASAP7_75t_R)
                                         _038432_ (net)
                  7.57    0.04  467.36 v _105702_/A2 (AO21x1_ASAP7_75t_R)
     1    0.68    6.89   14.10  481.46 v _105702_/Y (AO21x1_ASAP7_75t_R)
                                         _038433_ (net)
                  6.89    0.02  481.48 v _105703_/B (OA21x2_ASAP7_75t_R)
     4    7.56   24.97   20.49  501.97 v _105703_/Y (OA21x2_ASAP7_75t_R)
                                         _038434_ (net)
                 25.27    1.53  503.50 v _197925_/B (HAxp5_ASAP7_75t_R)
     6    4.23   47.29   29.89  533.39 ^ _197925_/CON (HAxp5_ASAP7_75t_R)
                                         _012160_ (net)
     2    1.62   31.32   17.95  551.34 v _197925_/SN (HAxp5_ASAP7_75t_R)
                                         _012161_ (net)
                 31.32    0.09  551.43 v _108982_/B (AO21x1_ASAP7_75t_R)
     1    0.75    8.01   20.11  571.54 v _108982_/Y (AO21x1_ASAP7_75t_R)
                                         _041662_ (net)
                  8.01    0.03  571.58 v _108983_/A2 (AO21x1_ASAP7_75t_R)
     1    0.70    7.98   14.27  585.84 v _108983_/Y (AO21x1_ASAP7_75t_R)
                                         _041663_ (net)
                  7.98    0.03  585.87 v _108984_/A2 (AO21x1_ASAP7_75t_R)
     1    0.84    9.03   14.68  600.55 v _108984_/Y (AO21x1_ASAP7_75t_R)
                                         _041664_ (net)
                  9.04    0.05  600.60 v _108985_/A2 (AO21x1_ASAP7_75t_R)
     2    1.53   12.12   16.99  617.59 v _108985_/Y (AO21x1_ASAP7_75t_R)
                                         _041665_ (net)
                 12.12    0.06  617.66 v _109258_/B (AND2x2_ASAP7_75t_R)
     3    3.14   12.42   18.79  636.45 v _109258_/Y (AND2x2_ASAP7_75t_R)
                                         _041936_ (net)
                 12.42    0.06  636.50 v _109291_/C (OR3x1_ASAP7_75t_L)
     2    1.78   12.56   19.48  655.99 v _109291_/Y (OR3x1_ASAP7_75t_L)
                                         _041967_ (net)
                 12.56    0.05  656.04 v _109298_/A2 (AO221x1_ASAP7_75t_SL)
     1    0.76    8.43   15.35  671.39 v _109298_/Y (AO221x1_ASAP7_75t_SL)
                                         _041974_ (net)
                  8.43    0.04  671.42 v _109299_/E (OR5x1_ASAP7_75t_SL)
     1    0.75   10.77   21.80  693.22 v _109299_/Y (OR5x1_ASAP7_75t_SL)
                                         _041975_ (net)
                 10.77    0.04  693.26 v _109300_/E (OR5x1_ASAP7_75t_SL)
     1    1.09   11.83   22.84  716.09 v _109300_/Y (OR5x1_ASAP7_75t_SL)
                                         _041976_ (net)
                 11.83    0.09  716.19 v _109301_/D (OR4x1_ASAP7_75t_SL)
     1    1.34   11.27   19.36  735.54 v _109301_/Y (OR4x1_ASAP7_75t_SL)
                                         _041977_ (net)
                 11.27    0.16  735.70 v _109302_/E (OR5x1_ASAP7_75t_SL)
     2    2.08   16.02   25.52  761.22 v _109302_/Y (OR5x1_ASAP7_75t_SL)
                                         _041978_ (net)
                 16.04    0.28  761.50 v _109324_/C (OR4x1_ASAP7_75t_SL)
     4    4.35   24.25   26.75  788.24 v _109324_/Y (OR4x1_ASAP7_75t_SL)
                                         _042000_ (net)
                 24.27    0.45  788.69 v _109325_/B (NAND2x1_ASAP7_75t_SL)
     1    1.46   17.32   10.10  798.79 ^ _109325_/Y (NAND2x1_ASAP7_75t_SL)
                                         _042001_ (net)
                 17.32    0.07  798.86 ^ _109337_/A1 (AOI21x1_ASAP7_75t_SL)
     2    8.91   40.40   17.78  816.64 v _109337_/Y (AOI21x1_ASAP7_75t_SL)
                                         _042013_ (net)
                 44.41    6.64  823.28 v _113711_/A2 (OAI21x1_ASAP7_75t_R)
     4    3.52   33.79   23.00  846.28 ^ _113711_/Y (OAI21x1_ASAP7_75t_R)
                                         _046370_ (net)
                 33.79    0.12  846.40 ^ _127345_/B (NAND2x1_ASAP7_75t_R)
     3   17.78   99.75   39.00  885.40 v _127345_/Y (NAND2x1_ASAP7_75t_R)
                                         _057510_ (net)
                121.12   23.83  909.23 v _127364_/C (OR4x2_ASAP7_75t_SL)
     2   13.50   40.22   53.03  962.26 v _127364_/Y (OR4x2_ASAP7_75t_SL)
                                         _057529_ (net)
                 60.38   14.63  976.89 v _127368_/A (OR3x1_ASAP7_75t_SL)
     5   13.35   66.33   45.58 1022.47 v _127368_/Y (OR3x1_ASAP7_75t_SL)
                                         _057533_ (net)
                 68.21    6.23 1028.71 v _127369_/A (INVx1_ASAP7_75t_SL)
     2   12.86   78.46   40.63 1069.33 ^ _127369_/Y (INVx1_ASAP7_75t_SL)
                                         gen_cache_hpd.i_cache_subsystem.i_cva6_icache.cache_wren (net)
                 86.09   12.68 1082.01 ^ place36395/A (BUFx3_ASAP7_75t_L)
     2   19.61   40.68   28.19 1110.20 ^ place36395/Y (BUFx3_ASAP7_75t_L)
                                         net36220 (net)
                 30.70    1.96 1112.16 ^ gen_cache_hpd.i_cache_subsystem.i_cva6_icache.gen_sram[0].data_sram.gen_techno_cut.genblk1.i_tc_sram_wrapper/we_in (fakeram7_64x256)
                               1112.16   data arrival time

                       1000.00 1000.00   clock main_clk (rise edge)
                          0.00 1000.00   clock source latency
     1   12.19    0.00    0.00 1000.00 ^ clk_i (in)
                                         clk_i (net)
                 57.88   18.26 1018.26 ^ wire47475/A (BUFx10_ASAP7_75t_SL)
     2   16.26   11.76   18.23 1036.49 ^ wire47475/Y (BUFx10_ASAP7_75t_SL)
                                         net47300 (net)
                 97.21   30.52 1067.01 ^ clkbuf_0_clk_i/A (BUFx24_ASAP7_75t_SL)
     2   15.73   17.69   23.16 1090.17 ^ clkbuf_0_clk_i/Y (BUFx24_ASAP7_75t_SL)
                                         clknet_0_clk_i (net)
                 31.94    9.15 1099.32 ^ clkbuf_1_0_0_clk_i/A (BUFx24_ASAP7_75t_SL)
     4  125.27   17.76   20.11 1119.43 ^ clkbuf_1_0_0_clk_i/Y (BUFx24_ASAP7_75t_SL)
                                         clknet_1_0_0_clk_i (net)
                110.42   42.64 1162.07 ^ gen_cache_hpd.i_cache_subsystem.i_cva6_icache.gen_sram[0].data_sram.gen_techno_cut.genblk1.i_tc_sram_wrapper/clk (fakeram7_64x256)
                          0.87 1162.94   clock reconvergence pessimism
                        -50.00 1112.94   library setup time
                               1112.94   data required time
-----------------------------------------------------------------------------
                               1112.94   data required time
                               -1112.16   data arrival time
-----------------------------------------------------------------------------
                                  0.78   slack (MET)



==========================================================================
cts final report_check_types -max_slew -max_cap -max_fanout -violators
--------------------------------------------------------------------------
max fanout

Pin                                   Limit Fanout  Slack
---------------------------------------------------------
clkbuf_leaf_198_clk_i_regs/Y             10     30    -20 (VIOLATED)
clkbuf_leaf_44_clk_i_regs/Y              10     30    -20 (VIOLATED)
clkbuf_leaf_0_clk_i_regs/Y               10     29    -19 (VIOLATED)
clkbuf_leaf_179_clk_i_regs/Y             10     29    -19 (VIOLATED)
clkbuf_leaf_71_clk_i_regs/Y              10     29    -19 (VIOLATED)
clkbuf_leaf_72_clk_i_regs/Y              10     29    -19 (VIOLATED)
clkbuf_leaf_126_clk_i_regs/Y             10     28    -18 (VIOLATED)
clkbuf_leaf_128_clk_i_regs/Y             10     28    -18 (VIOLATED)
clkbuf_leaf_177_clk_i_regs/Y             10     28    -18 (VIOLATED)
clkbuf_leaf_186_clk_i_regs/Y             10     28    -18 (VIOLATED)
clkbuf_leaf_199_clk_i_regs/Y             10     28    -18 (VIOLATED)
clkbuf_leaf_276_clk_i_regs/Y             10     28    -18 (VIOLATED)
clkbuf_leaf_289_clk_i_regs/Y             10     28    -18 (VIOLATED)
clkbuf_leaf_147_clk_i_regs/Y             10     27    -17 (VIOLATED)
clkbuf_leaf_148_clk_i_regs/Y             10     27    -17 (VIOLATED)
clkbuf_leaf_158_clk_i_regs/Y             10     27    -17 (VIOLATED)
clkbuf_leaf_167_clk_i_regs/Y             10     27    -17 (VIOLATED)
clkbuf_leaf_296_clk_i_regs/Y             10     27    -17 (VIOLATED)
clkbuf_leaf_300_clk_i_regs/Y             10     27    -17 (VIOLATED)
clkbuf_leaf_302_clk_i_regs/Y             10     27    -17 (VIOLATED)
clkbuf_leaf_306_clk_i_regs/Y             10     27    -17 (VIOLATED)
clkbuf_leaf_307_clk_i_regs/Y             10     27    -17 (VIOLATED)
clkbuf_leaf_310_clk_i_regs/Y             10     27    -17 (VIOLATED)
clkbuf_leaf_329_clk_i_regs/Y             10     27    -17 (VIOLATED)
clkbuf_leaf_330_clk_i_regs/Y             10     27    -17 (VIOLATED)
clkbuf_leaf_331_clk_i_regs/Y             10     27    -17 (VIOLATED)
clkbuf_leaf_38_clk_i_regs/Y              10     27    -17 (VIOLATED)
clkbuf_leaf_3_clk_i_regs/Y               10     27    -17 (VIOLATED)
clkbuf_leaf_103_clk_i_regs/Y             10     26    -16 (VIOLATED)
clkbuf_leaf_105_clk_i_regs/Y             10     26    -16 (VIOLATED)
clkbuf_leaf_106_clk_i_regs/Y             10     26    -16 (VIOLATED)
clkbuf_leaf_10_clk_i_regs/Y              10     26    -16 (VIOLATED)
clkbuf_leaf_111_clk_i_regs/Y             10     26    -16 (VIOLATED)
clkbuf_leaf_113_clk_i_regs/Y             10     26    -16 (VIOLATED)
clkbuf_leaf_144_clk_i_regs/Y             10     26    -16 (VIOLATED)
clkbuf_leaf_145_clk_i_regs/Y             10     26    -16 (VIOLATED)
clkbuf_leaf_150_clk_i_regs/Y             10     26    -16 (VIOLATED)
clkbuf_leaf_153_clk_i_regs/Y             10     26    -16 (VIOLATED)
clkbuf_leaf_155_clk_i_regs/Y             10     26    -16 (VIOLATED)
clkbuf_leaf_157_clk_i_regs/Y             10     26    -16 (VIOLATED)
clkbuf_leaf_166_clk_i_regs/Y             10     26    -16 (VIOLATED)
clkbuf_leaf_168_clk_i_regs/Y             10     26    -16 (VIOLATED)
clkbuf_leaf_180_clk_i_regs/Y             10     26    -16 (VIOLATED)
clkbuf_leaf_208_clk_i_regs/Y             10     26    -16 (VIOLATED)
clkbuf_leaf_215_clk_i_regs/Y             10     26    -16 (VIOLATED)
clkbuf_leaf_263_clk_i_regs/Y             10     26    -16 (VIOLATED)
clkbuf_leaf_264_clk_i_regs/Y             10     26    -16 (VIOLATED)
clkbuf_leaf_265_clk_i_regs/Y             10     26    -16 (VIOLATED)
clkbuf_leaf_267_clk_i_regs/Y             10     26    -16 (VIOLATED)
clkbuf_leaf_277_clk_i_regs/Y             10     26    -16 (VIOLATED)
clkbuf_leaf_279_clk_i_regs/Y             10     26    -16 (VIOLATED)
clkbuf_leaf_283_clk_i_regs/Y             10     26    -16 (VIOLATED)
clkbuf_leaf_299_clk_i_regs/Y             10     26    -16 (VIOLATED)
clkbuf_leaf_2_clk_i_regs/Y               10     26    -16 (VIOLATED)
clkbuf_leaf_313_clk_i_regs/Y             10     26    -16 (VIOLATED)
clkbuf_leaf_318_clk_i_regs/Y             10     26    -16 (VIOLATED)
clkbuf_leaf_325_clk_i_regs/Y             10     26    -16 (VIOLATED)
clkbuf_leaf_333_clk_i_regs/Y             10     26    -16 (VIOLATED)
clkbuf_leaf_338_clk_i_regs/Y             10     26    -16 (VIOLATED)
clkbuf_leaf_48_clk_i_regs/Y              10     26    -16 (VIOLATED)
clkbuf_leaf_52_clk_i_regs/Y              10     26    -16 (VIOLATED)
clkbuf_leaf_62_clk_i_regs/Y              10     26    -16 (VIOLATED)
clkbuf_leaf_65_clk_i_regs/Y              10     26    -16 (VIOLATED)
clkbuf_leaf_6_clk_i_regs/Y               10     26    -16 (VIOLATED)
clkbuf_leaf_7_clk_i_regs/Y               10     26    -16 (VIOLATED)
clkbuf_leaf_81_clk_i_regs/Y              10     26    -16 (VIOLATED)
clkbuf_leaf_88_clk_i_regs/Y              10     26    -16 (VIOLATED)
clkbuf_leaf_89_clk_i_regs/Y              10     26    -16 (VIOLATED)
clkbuf_leaf_92_clk_i_regs/Y              10     26    -16 (VIOLATED)
clkbuf_leaf_94_clk_i_regs/Y              10     26    -16 (VIOLATED)
clkbuf_leaf_96_clk_i_regs/Y              10     26    -16 (VIOLATED)
clkbuf_leaf_97_clk_i_regs/Y              10     26    -16 (VIOLATED)
clkbuf_leaf_98_clk_i_regs/Y              10     26    -16 (VIOLATED)
clkbuf_leaf_99_clk_i_regs/Y              10     26    -16 (VIOLATED)
clkbuf_leaf_124_clk_i_regs/Y             10     25    -15 (VIOLATED)
clkbuf_leaf_129_clk_i_regs/Y             10     25    -15 (VIOLATED)
clkbuf_leaf_138_clk_i_regs/Y             10     25    -15 (VIOLATED)
clkbuf_leaf_140_clk_i_regs/Y             10     25    -15 (VIOLATED)
clkbuf_leaf_142_clk_i_regs/Y             10     25    -15 (VIOLATED)
clkbuf_leaf_143_clk_i_regs/Y             10     25    -15 (VIOLATED)
clkbuf_leaf_21_clk_i_regs/Y              10     25    -15 (VIOLATED)
clkbuf_leaf_22_clk_i_regs/Y              10     25    -15 (VIOLATED)
clkbuf_leaf_237_clk_i_regs/Y             10     25    -15 (VIOLATED)
clkbuf_leaf_269_clk_i_regs/Y             10     25    -15 (VIOLATED)
clkbuf_leaf_290_clk_i_regs/Y             10     25    -15 (VIOLATED)
clkbuf_leaf_303_clk_i_regs/Y             10     25    -15 (VIOLATED)
clkbuf_leaf_309_clk_i_regs/Y             10     25    -15 (VIOLATED)
clkbuf_leaf_312_clk_i_regs/Y             10     25    -15 (VIOLATED)
clkbuf_leaf_317_clk_i_regs/Y             10     25    -15 (VIOLATED)
clkbuf_leaf_335_clk_i_regs/Y             10     25    -15 (VIOLATED)
clkbuf_leaf_336_clk_i_regs/Y             10     25    -15 (VIOLATED)
clkbuf_leaf_340_clk_i_regs/Y             10     25    -15 (VIOLATED)
clkbuf_leaf_341_clk_i_regs/Y             10     25    -15 (VIOLATED)
clkbuf_leaf_343_clk_i_regs/Y             10     25    -15 (VIOLATED)
clkbuf_leaf_344_clk_i_regs/Y             10     25    -15 (VIOLATED)
clkbuf_leaf_41_clk_i_regs/Y              10     25    -15 (VIOLATED)
clkbuf_leaf_42_clk_i_regs/Y              10     25    -15 (VIOLATED)
clkbuf_leaf_43_clk_i_regs/Y              10     25    -15 (VIOLATED)
clkbuf_leaf_56_clk_i_regs/Y              10     25    -15 (VIOLATED)
clkbuf_leaf_61_clk_i_regs/Y              10     25    -15 (VIOLATED)
clkbuf_leaf_66_clk_i_regs/Y              10     25    -15 (VIOLATED)
clkbuf_leaf_67_clk_i_regs/Y              10     25    -15 (VIOLATED)
clkbuf_leaf_69_clk_i_regs/Y              10     25    -15 (VIOLATED)
clkbuf_leaf_70_clk_i_regs/Y              10     25    -15 (VIOLATED)
clkbuf_leaf_102_clk_i_regs/Y             10     24    -14 (VIOLATED)
clkbuf_leaf_109_clk_i_regs/Y             10     24    -14 (VIOLATED)
clkbuf_leaf_114_clk_i_regs/Y             10     24    -14 (VIOLATED)
clkbuf_leaf_117_clk_i_regs/Y             10     24    -14 (VIOLATED)
clkbuf_leaf_119_clk_i_regs/Y             10     24    -14 (VIOLATED)
clkbuf_leaf_125_clk_i_regs/Y             10     24    -14 (VIOLATED)
clkbuf_leaf_131_clk_i_regs/Y             10     24    -14 (VIOLATED)
clkbuf_leaf_136_clk_i_regs/Y             10     24    -14 (VIOLATED)
clkbuf_leaf_137_clk_i_regs/Y             10     24    -14 (VIOLATED)
clkbuf_leaf_149_clk_i_regs/Y             10     24    -14 (VIOLATED)
clkbuf_leaf_172_clk_i_regs/Y             10     24    -14 (VIOLATED)
clkbuf_leaf_17_clk_i_regs/Y              10     24    -14 (VIOLATED)
clkbuf_leaf_1_clk_i_regs/Y               10     24    -14 (VIOLATED)
clkbuf_leaf_244_clk_i_regs/Y             10     24    -14 (VIOLATED)
clkbuf_leaf_249_clk_i_regs/Y             10     24    -14 (VIOLATED)
clkbuf_leaf_24_clk_i_regs/Y              10     24    -14 (VIOLATED)
clkbuf_leaf_251_clk_i_regs/Y             10     24    -14 (VIOLATED)
clkbuf_leaf_253_clk_i_regs/Y             10     24    -14 (VIOLATED)
clkbuf_leaf_257_clk_i_regs/Y             10     24    -14 (VIOLATED)
clkbuf_leaf_258_clk_i_regs/Y             10     24    -14 (VIOLATED)
clkbuf_leaf_261_clk_i_regs/Y             10     24    -14 (VIOLATED)
clkbuf_leaf_266_clk_i_regs/Y             10     24    -14 (VIOLATED)
clkbuf_leaf_26_clk_i_regs/Y              10     24    -14 (VIOLATED)
clkbuf_leaf_284_clk_i_regs/Y             10     24    -14 (VIOLATED)
clkbuf_leaf_286_clk_i_regs/Y             10     24    -14 (VIOLATED)
clkbuf_leaf_291_clk_i_regs/Y             10     24    -14 (VIOLATED)
clkbuf_leaf_31_clk_i_regs/Y              10     24    -14 (VIOLATED)
clkbuf_leaf_327_clk_i_regs/Y             10     24    -14 (VIOLATED)
clkbuf_leaf_328_clk_i_regs/Y             10     24    -14 (VIOLATED)
clkbuf_leaf_337_clk_i_regs/Y             10     24    -14 (VIOLATED)
clkbuf_leaf_33_clk_i_regs/Y              10     24    -14 (VIOLATED)
clkbuf_leaf_345_clk_i_regs/Y             10     24    -14 (VIOLATED)
clkbuf_leaf_346_clk_i_regs/Y             10     24    -14 (VIOLATED)
clkbuf_leaf_34_clk_i_regs/Y              10     24    -14 (VIOLATED)
clkbuf_leaf_35_clk_i_regs/Y              10     24    -14 (VIOLATED)
clkbuf_leaf_40_clk_i_regs/Y              10     24    -14 (VIOLATED)
clkbuf_leaf_47_clk_i_regs/Y              10     24    -14 (VIOLATED)
clkbuf_leaf_49_clk_i_regs/Y              10     24    -14 (VIOLATED)
clkbuf_leaf_51_clk_i_regs/Y              10     24    -14 (VIOLATED)
clkbuf_leaf_54_clk_i_regs/Y              10     24    -14 (VIOLATED)
clkbuf_leaf_57_clk_i_regs/Y              10     24    -14 (VIOLATED)
clkbuf_leaf_58_clk_i_regs/Y              10     24    -14 (VIOLATED)
clkbuf_leaf_59_clk_i_regs/Y              10     24    -14 (VIOLATED)
clkbuf_leaf_75_clk_i_regs/Y              10     24    -14 (VIOLATED)
clkbuf_leaf_76_clk_i_regs/Y              10     24    -14 (VIOLATED)
clkbuf_leaf_77_clk_i_regs/Y              10     24    -14 (VIOLATED)
clkbuf_leaf_78_clk_i_regs/Y              10     24    -14 (VIOLATED)
clkbuf_leaf_84_clk_i_regs/Y              10     24    -14 (VIOLATED)
clkbuf_leaf_87_clk_i_regs/Y              10     24    -14 (VIOLATED)
clkbuf_leaf_91_clk_i_regs/Y              10     24    -14 (VIOLATED)
clkbuf_leaf_100_clk_i_regs/Y             10     23    -13 (VIOLATED)
clkbuf_leaf_112_clk_i_regs/Y             10     23    -13 (VIOLATED)
clkbuf_leaf_118_clk_i_regs/Y             10     23    -13 (VIOLATED)
clkbuf_leaf_120_clk_i_regs/Y             10     23    -13 (VIOLATED)
clkbuf_leaf_130_clk_i_regs/Y             10     23    -13 (VIOLATED)
clkbuf_leaf_135_clk_i_regs/Y             10     23    -13 (VIOLATED)
clkbuf_leaf_139_clk_i_regs/Y             10     23    -13 (VIOLATED)
clkbuf_leaf_141_clk_i_regs/Y             10     23    -13 (VIOLATED)
clkbuf_leaf_163_clk_i_regs/Y             10     23    -13 (VIOLATED)
clkbuf_leaf_164_clk_i_regs/Y             10     23    -13 (VIOLATED)
clkbuf_leaf_178_clk_i_regs/Y             10     23    -13 (VIOLATED)
clkbuf_leaf_181_clk_i_regs/Y             10     23    -13 (VIOLATED)
clkbuf_leaf_182_clk_i_regs/Y             10     23    -13 (VIOLATED)
clkbuf_leaf_183_clk_i_regs/Y             10     23    -13 (VIOLATED)
clkbuf_leaf_185_clk_i_regs/Y             10     23    -13 (VIOLATED)
clkbuf_leaf_188_clk_i_regs/Y             10     23    -13 (VIOLATED)
clkbuf_leaf_194_clk_i_regs/Y             10     23    -13 (VIOLATED)
clkbuf_leaf_210_clk_i_regs/Y             10     23    -13 (VIOLATED)
clkbuf_leaf_226_clk_i_regs/Y             10     23    -13 (VIOLATED)
clkbuf_leaf_235_clk_i_regs/Y             10     23    -13 (VIOLATED)
clkbuf_leaf_246_clk_i_regs/Y             10     23    -13 (VIOLATED)
clkbuf_leaf_248_clk_i_regs/Y             10     23    -13 (VIOLATED)
clkbuf_leaf_254_clk_i_regs/Y             10     23    -13 (VIOLATED)
clkbuf_leaf_255_clk_i_regs/Y             10     23    -13 (VIOLATED)
clkbuf_leaf_256_clk_i_regs/Y             10     23    -13 (VIOLATED)
clkbuf_leaf_25_clk_i_regs/Y              10     23    -13 (VIOLATED)
clkbuf_leaf_275_clk_i_regs/Y             10     23    -13 (VIOLATED)
clkbuf_leaf_278_clk_i_regs/Y             10     23    -13 (VIOLATED)
clkbuf_leaf_280_clk_i_regs/Y             10     23    -13 (VIOLATED)
clkbuf_leaf_281_clk_i_regs/Y             10     23    -13 (VIOLATED)
clkbuf_leaf_285_clk_i_regs/Y             10     23    -13 (VIOLATED)
clkbuf_leaf_293_clk_i_regs/Y             10     23    -13 (VIOLATED)
clkbuf_leaf_294_clk_i_regs/Y             10     23    -13 (VIOLATED)
clkbuf_leaf_295_clk_i_regs/Y             10     23    -13 (VIOLATED)
clkbuf_leaf_297_clk_i_regs/Y             10     23    -13 (VIOLATED)
clkbuf_leaf_304_clk_i_regs/Y             10     23    -13 (VIOLATED)
clkbuf_leaf_315_clk_i_regs/Y             10     23    -13 (VIOLATED)
clkbuf_leaf_322_clk_i_regs/Y             10     23    -13 (VIOLATED)
clkbuf_leaf_334_clk_i_regs/Y             10     23    -13 (VIOLATED)
clkbuf_leaf_347_clk_i_regs/Y             10     23    -13 (VIOLATED)
clkbuf_leaf_348_clk_i_regs/Y             10     23    -13 (VIOLATED)
clkbuf_leaf_36_clk_i_regs/Y              10     23    -13 (VIOLATED)
clkbuf_leaf_4_clk_i_regs/Y               10     23    -13 (VIOLATED)
clkbuf_leaf_50_clk_i_regs/Y              10     23    -13 (VIOLATED)
clkbuf_leaf_63_clk_i_regs/Y              10     23    -13 (VIOLATED)
clkbuf_leaf_64_clk_i_regs/Y              10     23    -13 (VIOLATED)
clkbuf_leaf_74_clk_i_regs/Y              10     23    -13 (VIOLATED)
clkbuf_leaf_82_clk_i_regs/Y              10     23    -13 (VIOLATED)
clkbuf_leaf_83_clk_i_regs/Y              10     23    -13 (VIOLATED)
clkbuf_leaf_86_clk_i_regs/Y              10     23    -13 (VIOLATED)
clkbuf_leaf_8_clk_i_regs/Y               10     23    -13 (VIOLATED)
clkbuf_leaf_90_clk_i_regs/Y              10     23    -13 (VIOLATED)
clkbuf_leaf_93_clk_i_regs/Y              10     23    -13 (VIOLATED)
clkbuf_leaf_101_clk_i_regs/Y             10     22    -12 (VIOLATED)
clkbuf_leaf_132_clk_i_regs/Y             10     22    -12 (VIOLATED)
clkbuf_leaf_151_clk_i_regs/Y             10     22    -12 (VIOLATED)
clkbuf_leaf_152_clk_i_regs/Y             10     22    -12 (VIOLATED)
clkbuf_leaf_156_clk_i_regs/Y             10     22    -12 (VIOLATED)
clkbuf_leaf_159_clk_i_regs/Y             10     22    -12 (VIOLATED)
clkbuf_leaf_162_clk_i_regs/Y             10     22    -12 (VIOLATED)
clkbuf_leaf_176_clk_i_regs/Y             10     22    -12 (VIOLATED)
clkbuf_leaf_197_clk_i_regs/Y             10     22    -12 (VIOLATED)
clkbuf_leaf_209_clk_i_regs/Y             10     22    -12 (VIOLATED)
clkbuf_leaf_221_clk_i_regs/Y             10     22    -12 (VIOLATED)
clkbuf_leaf_223_clk_i_regs/Y             10     22    -12 (VIOLATED)
clkbuf_leaf_229_clk_i_regs/Y             10     22    -12 (VIOLATED)
clkbuf_leaf_231_clk_i_regs/Y             10     22    -12 (VIOLATED)
clkbuf_leaf_234_clk_i_regs/Y             10     22    -12 (VIOLATED)
clkbuf_leaf_240_clk_i_regs/Y             10     22    -12 (VIOLATED)
clkbuf_leaf_245_clk_i_regs/Y             10     22    -12 (VIOLATED)
clkbuf_leaf_247_clk_i_regs/Y             10     22    -12 (VIOLATED)
clkbuf_leaf_268_clk_i_regs/Y             10     22    -12 (VIOLATED)
clkbuf_leaf_270_clk_i_regs/Y             10     22    -12 (VIOLATED)
clkbuf_leaf_28_clk_i_regs/Y              10     22    -12 (VIOLATED)
clkbuf_leaf_292_clk_i_regs/Y             10     22    -12 (VIOLATED)
clkbuf_leaf_308_clk_i_regs/Y             10     22    -12 (VIOLATED)
clkbuf_leaf_30_clk_i_regs/Y              10     22    -12 (VIOLATED)
clkbuf_leaf_314_clk_i_regs/Y             10     22    -12 (VIOLATED)
clkbuf_leaf_324_clk_i_regs/Y             10     22    -12 (VIOLATED)
clkbuf_leaf_32_clk_i_regs/Y              10     22    -12 (VIOLATED)
clkbuf_leaf_332_clk_i_regs/Y             10     22    -12 (VIOLATED)
clkbuf_leaf_342_clk_i_regs/Y             10     22    -12 (VIOLATED)
clkbuf_leaf_349_clk_i_regs/Y             10     22    -12 (VIOLATED)
clkbuf_leaf_350_clk_i_regs/Y             10     22    -12 (VIOLATED)
clkbuf_leaf_37_clk_i_regs/Y              10     22    -12 (VIOLATED)
clkbuf_leaf_45_clk_i_regs/Y              10     22    -12 (VIOLATED)
clkbuf_leaf_53_clk_i_regs/Y              10     22    -12 (VIOLATED)
clkbuf_leaf_68_clk_i_regs/Y              10     22    -12 (VIOLATED)
clkbuf_leaf_73_clk_i_regs/Y              10     22    -12 (VIOLATED)
clkbuf_leaf_80_clk_i_regs/Y              10     22    -12 (VIOLATED)
clkbuf_leaf_95_clk_i_regs/Y              10     22    -12 (VIOLATED)
clkbuf_leaf_104_clk_i_regs/Y             10     21    -11 (VIOLATED)
clkbuf_leaf_108_clk_i_regs/Y             10     21    -11 (VIOLATED)
clkbuf_leaf_110_clk_i_regs/Y             10     21    -11 (VIOLATED)
clkbuf_leaf_121_clk_i_regs/Y             10     21    -11 (VIOLATED)
clkbuf_leaf_134_clk_i_regs/Y             10     21    -11 (VIOLATED)
clkbuf_leaf_146_clk_i_regs/Y             10     21    -11 (VIOLATED)
clkbuf_leaf_161_clk_i_regs/Y             10     21    -11 (VIOLATED)
clkbuf_leaf_169_clk_i_regs/Y             10     21    -11 (VIOLATED)
clkbuf_leaf_173_clk_i_regs/Y             10     21    -11 (VIOLATED)
clkbuf_leaf_187_clk_i_regs/Y             10     21    -11 (VIOLATED)
clkbuf_leaf_195_clk_i_regs/Y             10     21    -11 (VIOLATED)
clkbuf_leaf_207_clk_i_regs/Y             10     21    -11 (VIOLATED)
clkbuf_leaf_212_clk_i_regs/Y             10     21    -11 (VIOLATED)
clkbuf_leaf_213_clk_i_regs/Y             10     21    -11 (VIOLATED)
clkbuf_leaf_216_clk_i_regs/Y             10     21    -11 (VIOLATED)
clkbuf_leaf_224_clk_i_regs/Y             10     21    -11 (VIOLATED)
clkbuf_leaf_232_clk_i_regs/Y             10     21    -11 (VIOLATED)
clkbuf_leaf_238_clk_i_regs/Y             10     21    -11 (VIOLATED)
clkbuf_leaf_239_clk_i_regs/Y             10     21    -11 (VIOLATED)
clkbuf_leaf_23_clk_i_regs/Y              10     21    -11 (VIOLATED)
clkbuf_leaf_260_clk_i_regs/Y             10     21    -11 (VIOLATED)
clkbuf_leaf_262_clk_i_regs/Y             10     21    -11 (VIOLATED)
clkbuf_leaf_272_clk_i_regs/Y             10     21    -11 (VIOLATED)
clkbuf_leaf_274_clk_i_regs/Y             10     21    -11 (VIOLATED)
clkbuf_leaf_298_clk_i_regs/Y             10     21    -11 (VIOLATED)
clkbuf_leaf_321_clk_i_regs/Y             10     21    -11 (VIOLATED)
clkbuf_leaf_323_clk_i_regs/Y             10     21    -11 (VIOLATED)
clkbuf_leaf_55_clk_i_regs/Y              10     21    -11 (VIOLATED)
clkbuf_leaf_5_clk_i_regs/Y               10     21    -11 (VIOLATED)
clkbuf_leaf_133_clk_i_regs/Y             10     20    -10 (VIOLATED)
clkbuf_leaf_15_clk_i_regs/Y              10     20    -10 (VIOLATED)
clkbuf_leaf_171_clk_i_regs/Y             10     20    -10 (VIOLATED)
clkbuf_leaf_174_clk_i_regs/Y             10     20    -10 (VIOLATED)
clkbuf_leaf_202_clk_i_regs/Y             10     20    -10 (VIOLATED)
clkbuf_leaf_206_clk_i_regs/Y             10     20    -10 (VIOLATED)
clkbuf_leaf_217_clk_i_regs/Y             10     20    -10 (VIOLATED)
clkbuf_leaf_225_clk_i_regs/Y             10     20    -10 (VIOLATED)
clkbuf_leaf_236_clk_i_regs/Y             10     20    -10 (VIOLATED)
clkbuf_leaf_241_clk_i_regs/Y             10     20    -10 (VIOLATED)
clkbuf_leaf_250_clk_i_regs/Y             10     20    -10 (VIOLATED)
clkbuf_leaf_27_clk_i_regs/Y              10     20    -10 (VIOLATED)
clkbuf_leaf_282_clk_i_regs/Y             10     20    -10 (VIOLATED)
clkbuf_leaf_29_clk_i_regs/Y              10     20    -10 (VIOLATED)
clkbuf_leaf_301_clk_i_regs/Y             10     20    -10 (VIOLATED)
clkbuf_leaf_305_clk_i_regs/Y             10     20    -10 (VIOLATED)
clkbuf_leaf_326_clk_i_regs/Y             10     20    -10 (VIOLATED)
clkbuf_leaf_39_clk_i_regs/Y              10     20    -10 (VIOLATED)
clkbuf_leaf_46_clk_i_regs/Y              10     20    -10 (VIOLATED)
clkbuf_leaf_60_clk_i_regs/Y              10     20    -10 (VIOLATED)
clkbuf_leaf_79_clk_i_regs/Y              10     20    -10 (VIOLATED)
clkbuf_leaf_85_clk_i_regs/Y              10     20    -10 (VIOLATED)
clkbuf_leaf_9_clk_i_regs/Y               10     20    -10 (VIOLATED)
clkbuf_leaf_13_clk_i_regs/Y              10     19     -9 (VIOLATED)
clkbuf_leaf_154_clk_i_regs/Y             10     19     -9 (VIOLATED)
clkbuf_leaf_16_clk_i_regs/Y              10     19     -9 (VIOLATED)
clkbuf_leaf_189_clk_i_regs/Y             10     19     -9 (VIOLATED)
clkbuf_leaf_196_clk_i_regs/Y             10     19     -9 (VIOLATED)
clkbuf_leaf_205_clk_i_regs/Y             10     19     -9 (VIOLATED)
clkbuf_leaf_227_clk_i_regs/Y             10     19     -9 (VIOLATED)
clkbuf_leaf_228_clk_i_regs/Y             10     19     -9 (VIOLATED)
clkbuf_leaf_233_clk_i_regs/Y             10     19     -9 (VIOLATED)
clkbuf_leaf_242_clk_i_regs/Y             10     19     -9 (VIOLATED)
clkbuf_leaf_243_clk_i_regs/Y             10     19     -9 (VIOLATED)
clkbuf_leaf_273_clk_i_regs/Y             10     19     -9 (VIOLATED)
clkbuf_leaf_316_clk_i_regs/Y             10     19     -9 (VIOLATED)
clkbuf_leaf_115_clk_i_regs/Y             10     18     -8 (VIOLATED)
clkbuf_leaf_122_clk_i_regs/Y             10     18     -8 (VIOLATED)
clkbuf_leaf_127_clk_i_regs/Y             10     18     -8 (VIOLATED)
clkbuf_leaf_184_clk_i_regs/Y             10     18     -8 (VIOLATED)
clkbuf_leaf_19_clk_i_regs/Y              10     18     -8 (VIOLATED)
clkbuf_leaf_203_clk_i_regs/Y             10     18     -8 (VIOLATED)
clkbuf_leaf_204_clk_i_regs/Y             10     18     -8 (VIOLATED)
clkbuf_leaf_222_clk_i_regs/Y             10     18     -8 (VIOLATED)
clkbuf_leaf_230_clk_i_regs/Y             10     18     -8 (VIOLATED)
clkbuf_leaf_259_clk_i_regs/Y             10     18     -8 (VIOLATED)
clkbuf_leaf_320_clk_i_regs/Y             10     18     -8 (VIOLATED)
clkbuf_leaf_107_clk_i_regs/Y             10     17     -7 (VIOLATED)
clkbuf_leaf_12_clk_i_regs/Y              10     17     -7 (VIOLATED)
clkbuf_leaf_160_clk_i_regs/Y             10     17     -7 (VIOLATED)
clkbuf_leaf_165_clk_i_regs/Y             10     17     -7 (VIOLATED)
clkbuf_leaf_170_clk_i_regs/Y             10     17     -7 (VIOLATED)
clkbuf_leaf_201_clk_i_regs/Y             10     17     -7 (VIOLATED)
clkbuf_leaf_211_clk_i_regs/Y             10     17     -7 (VIOLATED)
clkbuf_leaf_218_clk_i_regs/Y             10     17     -7 (VIOLATED)
clkbuf_leaf_319_clk_i_regs/Y             10     17     -7 (VIOLATED)
clkbuf_leaf_123_clk_i_regs/Y             10     16     -6 (VIOLATED)
clkbuf_leaf_193_clk_i_regs/Y             10     16     -6 (VIOLATED)
clkbuf_leaf_252_clk_i_regs/Y             10     16     -6 (VIOLATED)
clkbuf_leaf_287_clk_i_regs/Y             10     16     -6 (VIOLATED)
clkbuf_leaf_116_clk_i_regs/Y             10     15     -5 (VIOLATED)
clkbuf_leaf_190_clk_i_regs/Y             10     15     -5 (VIOLATED)
clkbuf_leaf_200_clk_i_regs/Y             10     15     -5 (VIOLATED)
clkbuf_leaf_20_clk_i_regs/Y              10     15     -5 (VIOLATED)
clkbuf_leaf_219_clk_i_regs/Y             10     15     -5 (VIOLATED)
clkbuf_leaf_11_clk_i_regs/Y              10     14     -4 (VIOLATED)
clkbuf_leaf_271_clk_i_regs/Y             10     14     -4 (VIOLATED)
clkbuf_leaf_311_clk_i_regs/Y             10     14     -4 (VIOLATED)
clkbuf_leaf_339_clk_i_regs/Y             10     14     -4 (VIOLATED)
clkbuf_leaf_18_clk_i_regs/Y              10     13     -3 (VIOLATED)
clkbuf_leaf_191_clk_i_regs/Y             10     13     -3 (VIOLATED)
clkbuf_leaf_214_clk_i_regs/Y             10     13     -3 (VIOLATED)
clkbuf_leaf_14_clk_i_regs/Y              10     12     -2 (VIOLATED)
clkbuf_leaf_220_clk_i_regs/Y             10     12     -2 (VIOLATED)


==========================================================================
cts final max_slew_check_slack
--------------------------------------------------------------------------
68.70895385742188

==========================================================================
cts final max_slew_check_limit
--------------------------------------------------------------------------
320.0

==========================================================================
cts final max_slew_check_slack_limit
--------------------------------------------------------------------------
0.2147

==========================================================================
cts final max_fanout_check_slack
--------------------------------------------------------------------------
-20.0

==========================================================================
cts final max_fanout_check_limit
--------------------------------------------------------------------------
10.0

==========================================================================
cts final max_fanout_check_slack_limit
--------------------------------------------------------------------------
-2.0000

==========================================================================
cts final max_capacitance_check_slack
--------------------------------------------------------------------------
2.620821475982666

==========================================================================
cts final max_capacitance_check_limit
--------------------------------------------------------------------------
23.040000915527344

==========================================================================
cts final max_capacitance_check_slack_limit
--------------------------------------------------------------------------
0.1138

==========================================================================
cts final max_slew_violation_count
--------------------------------------------------------------------------
max slew violation count 0

==========================================================================
cts final max_fanout_violation_count
--------------------------------------------------------------------------
max fanout violation count 348

==========================================================================
cts final max_cap_violation_count
--------------------------------------------------------------------------
max cap violation count 0

==========================================================================
cts final setup_violation_count
--------------------------------------------------------------------------
setup violation count 0

==========================================================================
cts final hold_violation_count
--------------------------------------------------------------------------
hold violation count 0

==========================================================================
cts final report_checks -path_delay max reg to reg
--------------------------------------------------------------------------
Startpoint: issue_stage_i.i_issue_read_operands.branch_valid_o[1]$_DFF_PN0_
            (rising edge-triggered flip-flop clocked by main_clk)
Endpoint: gen_cache_hpd.i_cache_subsystem.i_cva6_icache.gen_sram[0].data_sram.gen_techno_cut.genblk1.i_tc_sram_wrapper
          (rising edge-triggered flip-flop clocked by main_clk)
Path Group: main_clk
Path Type: max

  Delay    Time   Description
---------------------------------------------------------
   0.00    0.00   clock main_clk (rise edge)
   0.00    0.00   clock source latency
   0.00    0.00 ^ clk_i (in)
  37.37   37.37 ^ wire47475/Y (BUFx10_ASAP7_75t_SL)
  54.37   91.73 ^ clkbuf_regs_0_main_clk/Y (BUFx24_ASAP7_75t_SL)
  16.16  107.89 ^ clkbuf_0_clk_i_regs/Y (BUFx24_ASAP7_75t_SL)
  26.07  133.96 ^ clkbuf_1_0_0_clk_i_regs/Y (BUFx24_ASAP7_75t_SL)
  29.57  163.53 ^ clkbuf_3_3_0_clk_i_regs/Y (BUFx24_ASAP7_75t_SL)
  27.39  190.92 ^ clkbuf_5_15_0_clk_i_regs/Y (BUFx24_ASAP7_75t_SL)
  18.49  209.42 ^ clkbuf_6_31__f_clk_i_regs/Y (BUFx24_ASAP7_75t_SL)
  20.64  230.06 ^ clkbuf_leaf_207_clk_i_regs/Y (BUFx24_ASAP7_75t_SL)
   1.13  231.19 ^ issue_stage_i.i_issue_read_operands.branch_valid_o[1]$_DFF_PN0_/CLK (DFFASRHQNx1_ASAP7_75t_SL)
  46.17  277.35 v issue_stage_i.i_issue_read_operands.branch_valid_o[1]$_DFF_PN0_/QN (DFFASRHQNx1_ASAP7_75t_SL)
  24.50  301.85 ^ _104758_/Y (NAND3x2_ASAP7_75t_SL)
  18.45  320.31 ^ place44347/Y (BUFx3_ASAP7_75t_L)
  19.67  339.98 ^ place44339/Y (BUFx3_ASAP7_75t_L)
  20.49  360.47 ^ place44338/Y (BUFx3_ASAP7_75t_L)
  18.24  378.71 v _105698_/Y (AOI21x1_ASAP7_75t_R)
  28.91  407.62 ^ _105699_/Y (INVx1_ASAP7_75t_R)
  23.86  431.48 ^ place41119/Y (BUFx3_ASAP7_75t_L)
  29.37  460.85 ^ _105700_/Y (OA222x2_ASAP7_75t_R)
   6.47  467.32 v _105701_/Y (NAND2x1_ASAP7_75t_R)
  14.13  481.46 v _105702_/Y (AO21x1_ASAP7_75t_R)
  20.51  501.97 v _105703_/Y (OA21x2_ASAP7_75t_R)
  31.42  533.39 ^ _197925_/CON (HAxp5_ASAP7_75t_R)
  17.95  551.34 v _197925_/SN (HAxp5_ASAP7_75t_R)
  20.20  571.54 v _108982_/Y (AO21x1_ASAP7_75t_R)
  14.30  585.84 v _108983_/Y (AO21x1_ASAP7_75t_R)
  14.71  600.55 v _108984_/Y (AO21x1_ASAP7_75t_R)
  17.04  617.59 v _108985_/Y (AO21x1_ASAP7_75t_R)
  18.85  636.45 v _109258_/Y (AND2x2_ASAP7_75t_R)
  19.54  655.99 v _109291_/Y (OR3x1_ASAP7_75t_L)
  15.40  671.39 v _109298_/Y (AO221x1_ASAP7_75t_SL)
  21.84  693.22 v _109299_/Y (OR5x1_ASAP7_75t_SL)
  22.87  716.09 v _109300_/Y (OR5x1_ASAP7_75t_SL)
  19.45  735.54 v _109301_/Y (OR4x1_ASAP7_75t_SL)
  25.68  761.22 v _109302_/Y (OR5x1_ASAP7_75t_SL)
  27.02  788.24 v _109324_/Y (OR4x1_ASAP7_75t_SL)
  10.55  798.79 ^ _109325_/Y (NAND2x1_ASAP7_75t_SL)
  17.85  816.64 v _109337_/Y (AOI21x1_ASAP7_75t_SL)
  29.64  846.28 ^ _113711_/Y (OAI21x1_ASAP7_75t_R)
  39.12  885.40 v _127345_/Y (NAND2x1_ASAP7_75t_R)
  76.86  962.26 v _127364_/Y (OR4x2_ASAP7_75t_SL)
  60.21 1022.47 v _127368_/Y (OR3x1_ASAP7_75t_SL)
  46.86 1069.33 ^ _127369_/Y (INVx1_ASAP7_75t_SL)
  40.87 1110.20 ^ place36395/Y (BUFx3_ASAP7_75t_L)
   1.96 1112.16 ^ gen_cache_hpd.i_cache_subsystem.i_cva6_icache.gen_sram[0].data_sram.gen_techno_cut.genblk1.i_tc_sram_wrapper/we_in (fakeram7_64x256)
        1112.16   data arrival time

1000.00 1000.00   clock main_clk (rise edge)
   0.00 1000.00   clock source latency
   0.00 1000.00 ^ clk_i (in)
  36.49 1036.49 ^ wire47475/Y (BUFx10_ASAP7_75t_SL)
  53.68 1090.17 ^ clkbuf_0_clk_i/Y (BUFx24_ASAP7_75t_SL)
  29.26 1119.43 ^ clkbuf_1_0_0_clk_i/Y (BUFx24_ASAP7_75t_SL)
  42.64 1162.07 ^ gen_cache_hpd.i_cache_subsystem.i_cva6_icache.gen_sram[0].data_sram.gen_techno_cut.genblk1.i_tc_sram_wrapper/clk (fakeram7_64x256)
   0.87 1162.94   clock reconvergence pessimism
 -50.00 1112.94   library setup time
        1112.94   data required time
---------------------------------------------------------
        1112.94   data required time
        -1112.16   data arrival time
---------------------------------------------------------
           0.78   slack (MET)



==========================================================================
cts final report_checks -path_delay min reg to reg
--------------------------------------------------------------------------
Startpoint: gen_cache_hpd.i_cache_subsystem.i_cva6_icache.repl_way_oh_q[0]$_DFFE_PN0P_
            (rising edge-triggered flip-flop clocked by main_clk)
Endpoint: gen_cache_hpd.i_cache_subsystem.i_cva6_icache.gen_sram[0].tag_sram.gen_techno_cut.genblk1.i_tc_sram_wrapper
          (rising edge-triggered flip-flop clocked by main_clk)
Path Group: main_clk
Path Type: min

  Delay    Time   Description
---------------------------------------------------------
   0.00    0.00   clock main_clk (rise edge)
   0.00    0.00   clock source latency
   0.00    0.00 ^ clk_i (in)
  36.49   36.49 ^ wire47475/Y (BUFx10_ASAP7_75t_SL)
  51.13   87.62 ^ clkbuf_regs_0_main_clk/Y (BUFx24_ASAP7_75t_SL)
  15.96  103.58 ^ clkbuf_0_clk_i_regs/Y (BUFx24_ASAP7_75t_SL)
  25.94  129.52 ^ clkbuf_1_1_0_clk_i_regs/Y (BUFx24_ASAP7_75t_SL)
  37.69  167.21 ^ clkbuf_3_4_0_clk_i_regs/Y (BUFx24_ASAP7_75t_SL)
  24.95  192.16 ^ clkbuf_5_17_0_clk_i_regs/Y (BUFx24_ASAP7_75t_SL)
  17.68  209.84 ^ clkbuf_6_34__f_clk_i_regs/Y (BUFx24_ASAP7_75t_SL)
  18.76  228.60 ^ clkbuf_leaf_36_clk_i_regs/Y (BUFx24_ASAP7_75t_SL)
   0.57  229.17 ^ gen_cache_hpd.i_cache_subsystem.i_cva6_icache.repl_way_oh_q[0]$_DFFE_PN0P_/CLK (DFFASRHQNx1_ASAP7_75t_SL)
  35.39  264.56 ^ gen_cache_hpd.i_cache_subsystem.i_cva6_icache.repl_way_oh_q[0]$_DFFE_PN0P_/QN (DFFASRHQNx1_ASAP7_75t_SL)
  25.24  289.81 v _139360_/Y (NAND2x1_ASAP7_75t_R)
   6.98  296.79 v gen_cache_hpd.i_cache_subsystem.i_cva6_icache.gen_sram[0].tag_sram.gen_techno_cut.genblk1.i_tc_sram_wrapper/ce_in (fakeram7_64x25)
         296.79   data arrival time

   0.00    0.00   clock main_clk (rise edge)
   0.00    0.00   clock source latency
   0.00    0.00 ^ clk_i (in)
  37.37   37.37 ^ wire47475/Y (BUFx10_ASAP7_75t_SL)
  57.14   94.51 ^ clkbuf_0_clk_i/Y (BUFx24_ASAP7_75t_SL)
  30.10  124.61 ^ clkbuf_1_1_0_clk_i/Y (BUFx24_ASAP7_75t_SL)
 120.74  245.34 ^ gen_cache_hpd.i_cache_subsystem.i_cva6_icache.gen_sram[0].tag_sram.gen_techno_cut.genblk1.i_tc_sram_wrapper/clk (fakeram7_64x25)
  -0.87  244.47   clock reconvergence pessimism
  50.00  294.47   library hold time
         294.47   data required time
---------------------------------------------------------
         294.47   data required time
        -296.79   data arrival time
---------------------------------------------------------
           2.32   slack (MET)



==========================================================================
cts final critical path target clock latency max path
--------------------------------------------------------------------------
0

==========================================================================
cts final critical path target clock latency min path
--------------------------------------------------------------------------
0

==========================================================================
cts final critical path source clock latency min path
--------------------------------------------------------------------------
0

==========================================================================
cts final critical path delay
--------------------------------------------------------------------------
1112.1595

==========================================================================
cts final critical path slack
--------------------------------------------------------------------------
0.7816

==========================================================================
cts final slack div critical path delay
--------------------------------------------------------------------------
0.070278

==========================================================================
cts final report_power
--------------------------------------------------------------------------
Group                  Internal  Switching    Leakage      Total
                          Power      Power      Power      Power (Watts)
----------------------------------------------------------------
Sequential             1.67e-02   4.01e-03   6.44e-05   2.08e-02  16.1%
Combinational          2.98e-02   3.58e-02   7.35e-05   6.57e-02  50.9%
Clock                  1.21e-02   4.96e-03   2.48e-05   1.71e-02  13.3%
Macro                  2.45e-02   0.00e+00   1.03e-03   2.55e-02  19.8%
Pad                    0.00e+00   0.00e+00   0.00e+00   0.00e+00   0.0%
----------------------------------------------------------------
Total                  8.31e-02   4.47e-02   1.19e-03   1.29e-01 100.0%
                          64.4%      34.7%       0.9%
