
==========================================================================
detailed place report_tns
--------------------------------------------------------------------------
tns max -115278.04

==========================================================================
detailed place report_wns
--------------------------------------------------------------------------
wns max -140.30

==========================================================================
detailed place report_worst_slack
--------------------------------------------------------------------------
worst slack max -140.30

==========================================================================
detailed place report_clock_min_period
--------------------------------------------------------------------------
core_clock period_min = 1140.30 fmax = 876.96

==========================================================================
detailed place report_checks -path_delay min
--------------------------------------------------------------------------
Startpoint: rst_ni (input port clocked by core_clock)
Endpoint: cs_registers_i.mcycle_counter_i.counter_val_o[54]$_DFFE_PN0P_
          (removal check against rising-edge clock core_clock)
Path Group: asynchronous
Path Type: min

Fanout     Cap    Slew   Delay    Time   Description
-----------------------------------------------------------------------------
                  0.00    0.00    0.00   clock core_clock (rise edge)
                          0.00    0.00   clock network delay (ideal)
                        200.00  200.00 ^ input external delay
     1    1.20    0.00    0.00  200.00 ^ rst_ni (in)
                                         rst_ni (net)
                  0.24    0.08  200.08 ^ input1829/A (BUFx8_ASAP7_75t_R)
    49   61.16   56.75   21.51  221.59 ^ input1829/Y (BUFx8_ASAP7_75t_R)
                                         net1828 (net)
                 59.66    6.36  227.95 ^ cs_registers_i.mcycle_counter_i.counter_val_o[54]$_DFFE_PN0P_/RESETN (DFFASRHQNx1_ASAP7_75t_R)
                                227.95   data arrival time

                  0.00    0.00    0.00   clock core_clock (rise edge)
                          0.00    0.00   clock network delay (ideal)
                          0.00    0.00   clock reconvergence pessimism
                                  0.00 ^ cs_registers_i.mcycle_counter_i.counter_val_o[54]$_DFFE_PN0P_/CLK (DFFASRHQNx1_ASAP7_75t_R)
                         23.33   23.33   library removal time
                                 23.33   data required time
-----------------------------------------------------------------------------
                                 23.33   data required time
                               -227.95   data arrival time
-----------------------------------------------------------------------------
                                204.61   slack (MET)


Startpoint: core_clock_gate_i.en_latch$_DLATCH_N_
            (negative level-sensitive latch clocked by core_clock)
Endpoint: _23024_ (rising clock gating-check end-point clocked by core_clock)
Path Group: gated clock
Path Type: min

Fanout     Cap    Slew   Delay    Time   Description
-----------------------------------------------------------------------------
                  0.00  500.00  500.00   clock core_clock (fall edge)
                          0.00  500.00   clock network delay (ideal)
                  0.00    0.00  500.00 v core_clock_gate_i.en_latch$_DLATCH_N_/CLK (DLLx1_ASAP7_75t_R)
     1    0.37    6.34   17.44  517.44 ^ core_clock_gate_i.en_latch$_DLATCH_N_/Q (DLLx1_ASAP7_75t_R)
                                         core_clock_gate_i.en_latch (net)
                  6.34    0.01  517.45 ^ _23024_/B (AND2x2_ASAP7_75t_R)
                                517.45   data arrival time

                  0.00  500.00  500.00   clock core_clock (fall edge)
                          0.00  500.00   clock network delay (ideal)
                          0.00  500.00   clock reconvergence pessimism
                                500.00 v _23024_/A (AND2x2_ASAP7_75t_R)
                          0.00  500.00   clock gating hold time
                                500.00   data required time
-----------------------------------------------------------------------------
                                500.00   data required time
                               -517.45   data arrival time
-----------------------------------------------------------------------------
                                 17.45   slack (MET)


Startpoint: id_stage_i.controller_i.ctrl_fsm_cs[3]$_DFF_PN0_
            (rising edge-triggered flip-flop clocked by core_clock)
Endpoint: id_stage_i.controller_i.ctrl_fsm_cs[8]$_DFF_PN0_
          (rising edge-triggered flip-flop clocked by core_clock)
Path Group: core_clock
Path Type: min

Fanout     Cap    Slew   Delay    Time   Description
-----------------------------------------------------------------------------
                  0.00    0.00    0.00   clock core_clock (rise edge)
                          0.00    0.00   clock network delay (ideal)
                  0.00    0.00    0.00 ^ id_stage_i.controller_i.ctrl_fsm_cs[3]$_DFF_PN0_/CLK (DFFASRHQNx1_ASAP7_75t_R)
     2    1.44   18.25   38.94   38.94 ^ id_stage_i.controller_i.ctrl_fsm_cs[3]$_DFF_PN0_/QN (DFFASRHQNx1_ASAP7_75t_R)
                                         _01828_ (net)
                 18.25    0.04   38.99 ^ _23902_/B (OAI21x1_ASAP7_75t_R)
     1    0.75    8.18    7.05   46.04 v _23902_/Y (OAI21x1_ASAP7_75t_R)
                                         _09080_ (net)
                  8.18    0.04   46.08 v id_stage_i.controller_i.ctrl_fsm_cs[8]$_DFF_PN0_/D (DFFASRHQNx1_ASAP7_75t_R)
                                 46.08   data arrival time

                  0.00    0.00    0.00   clock core_clock (rise edge)
                          0.00    0.00   clock network delay (ideal)
                          0.00    0.00   clock reconvergence pessimism
                                  0.00 ^ id_stage_i.controller_i.ctrl_fsm_cs[8]$_DFF_PN0_/CLK (DFFASRHQNx1_ASAP7_75t_R)
                          9.05    9.05   library hold time
                                  9.05   data required time
-----------------------------------------------------------------------------
                                  9.05   data required time
                                -46.08   data arrival time
-----------------------------------------------------------------------------
                                 37.03   slack (MET)



==========================================================================
detailed place report_checks -path_delay max
--------------------------------------------------------------------------
Startpoint: rst_ni (input port clocked by core_clock)
Endpoint: ex_block_i.gen_multdiv_fast.multdiv_i.md_state_q[0]$_DFF_PN1_
          (recovery check against rising-edge clock core_clock)
Path Group: asynchronous
Path Type: max

Fanout     Cap    Slew   Delay    Time   Description
-----------------------------------------------------------------------------
                  0.00    0.00    0.00   clock core_clock (rise edge)
                          0.00    0.00   clock network delay (ideal)
                        200.00  200.00 ^ input external delay
     1    1.41    0.00    0.00  200.00 ^ rst_ni (in)
                                         rst_ni (net)
                  0.29    0.09  200.09 ^ input1829/A (BUFx8_ASAP7_75t_R)
    49   67.87   62.46   22.20  222.29 ^ input1829/Y (BUFx8_ASAP7_75t_R)
                                         net1828 (net)
                147.04   44.11  266.39 ^ place5009/A (BUFx6f_ASAP7_75t_R)
    52   61.08   72.94   51.10  317.50 ^ place5009/Y (BUFx6f_ASAP7_75t_R)
                                         net5008 (net)
                 92.92   20.00  337.50 ^ place5006/A (BUFx3_ASAP7_75t_R)
    43   42.55   97.25   57.97  395.47 ^ place5006/Y (BUFx3_ASAP7_75t_R)
                                         net5005 (net)
                 98.69    6.74  402.20 ^ place5005/A (BUFx3_ASAP7_75t_R)
    51   55.80  125.71   70.24  472.45 ^ place5005/Y (BUFx3_ASAP7_75t_R)
                                         net5004 (net)
                127.57    8.64  481.09 ^ ex_block_i.gen_multdiv_fast.multdiv_i.md_state_q[0]$_DFF_PN1_/SETN (DFFASRHQNx1_ASAP7_75t_R)
                                481.09   data arrival time

                  0.00 1000.00 1000.00   clock core_clock (rise edge)
                          0.00 1000.00   clock network delay (ideal)
                          0.00 1000.00   clock reconvergence pessimism
                               1000.00 ^ ex_block_i.gen_multdiv_fast.multdiv_i.md_state_q[0]$_DFF_PN1_/CLK (DFFASRHQNx1_ASAP7_75t_R)
                        -13.08  986.92   library recovery time
                                986.92   data required time
-----------------------------------------------------------------------------
                                986.92   data required time
                               -481.09   data arrival time
-----------------------------------------------------------------------------
                                505.84   slack (MET)


Startpoint: core_clock_gate_i.en_latch$_DLATCH_N_
            (negative level-sensitive latch clocked by core_clock)
Endpoint: _23024_ (rising clock gating-check end-point clocked by core_clock)
Path Group: gated clock
Path Type: max

Fanout     Cap    Slew   Delay    Time   Description
-----------------------------------------------------------------------------
                  0.00  500.00  500.00   clock core_clock (fall edge)
                          0.00  500.00   clock network delay (ideal)
                  0.00    0.00  500.00 v core_clock_gate_i.en_latch$_DLATCH_N_/CLK (DLLx1_ASAP7_75t_R)
     1    0.62    7.64   27.35  527.35 v core_clock_gate_i.en_latch$_DLATCH_N_/Q (DLLx1_ASAP7_75t_R)
                                         core_clock_gate_i.en_latch (net)
                  7.64    0.02  527.37 v _23024_/B (AND2x2_ASAP7_75t_R)
                                527.37   data arrival time

                  0.00 1000.00 1000.00   clock core_clock (rise edge)
                          0.00 1000.00   clock network delay (ideal)
                          0.00 1000.00   clock reconvergence pessimism
                               1000.00 ^ _23024_/A (AND2x2_ASAP7_75t_R)
                          0.00 1000.00   clock gating setup time
                               1000.00   data required time
-----------------------------------------------------------------------------
                               1000.00   data required time
                               -527.37   data arrival time
-----------------------------------------------------------------------------
                                472.63   slack (MET)


Startpoint: _tray_size4_3828
            (rising edge-triggered flip-flop clocked by core_clock)
Endpoint: gen_regfile_ff.register_file_i.rf_reg[638]$_DFFE_PN0P_
          (rising edge-triggered flip-flop clocked by core_clock)
Path Group: core_clock
Path Type: max

Fanout     Cap    Slew   Delay    Time   Description
-----------------------------------------------------------------------------
                  0.00    0.00    0.00   clock core_clock (rise edge)
                          0.00    0.00   clock network delay (ideal)
                  0.00    0.00    0.00 ^ _tray_size4_3828/CLK (DFFHQNH2V2Xx1_ASAP7_75t_R)
    10   24.79  245.28  135.01  135.01 ^ _tray_size4_3828/QN0 (DFFHQNH2V2Xx1_ASAP7_75t_R)
                                         _00231_ (net)
                253.63   24.77  159.78 ^ _19585_/A (NOR2x1_ASAP7_75t_R)
     8   14.96  132.50   97.97  257.74 v _19585_/Y (NOR2x1_ASAP7_75t_R)
                                         _04763_ (net)
                133.04    4.91  262.65 v _20146_/B (OA211x2_ASAP7_75t_R)
     1    0.67   12.81   57.92  320.58 v _20146_/Y (OA211x2_ASAP7_75t_R)
                                         _05324_ (net)
                 12.81    0.02  320.60 v _20150_/B (AO21x1_ASAP7_75t_R)
     1    0.73    8.18   16.72  337.31 v _20150_/Y (AO21x1_ASAP7_75t_R)
                                         _05328_ (net)
                  8.18    0.03  337.35 v _20157_/B (OR4x1_ASAP7_75t_R)
     1    1.77   16.38   28.21  365.56 v _20157_/Y (OR4x1_ASAP7_75t_R)
                                         _05335_ (net)
                 16.39    0.16  365.72 v _20170_/B (NAND3x1_ASAP7_75t_R)
     4    8.73   65.47   32.62  398.34 ^ _20170_/Y (NAND3x1_ASAP7_75t_R)
                                         _05348_ (net)
                 66.55    4.64  402.99 ^ _21515_/A1 (OAI22x1_ASAP7_75t_R)
     7   11.04   76.35   42.63  445.62 v _21515_/Y (OAI22x1_ASAP7_75t_R)
                                         _06693_ (net)
                 79.23    8.03  453.65 v place4562/A (BUFx3_ASAP7_75t_R)
     7    5.26   14.77   31.90  485.55 v place4562/Y (BUFx3_ASAP7_75t_R)
                                         net4561 (net)
                 14.89    0.74  486.29 v _21794_/B (AND3x1_ASAP7_75t_R)
     2    4.72   26.88   23.44  509.73 v _21794_/Y (AND3x1_ASAP7_75t_R)
                                         _06972_ (net)
                 26.89    0.24  509.98 v _17691_/B (FAx1_ASAP7_75t_R)
     1    0.84   30.24   21.74  531.72 ^ _17691_/CON (FAx1_ASAP7_75t_R)
                                         _02314_ (net)
     1    0.82   25.10   12.92  544.64 v _17691_/SN (FAx1_ASAP7_75t_R)
                                         _02315_ (net)
                 25.10    0.04  544.68 v _27368_/A (INVx1_ASAP7_75t_R)
     4    6.20   41.85   26.43  571.11 ^ _27368_/Y (INVx1_ASAP7_75t_R)
                                         _12542_ (net)
                 41.86    0.32  571.43 ^ _17623_/CI (FAx1_ASAP7_75t_R)
     1    0.76   25.51   36.59  608.02 v _17623_/SN (FAx1_ASAP7_75t_R)
                                         _02179_ (net)
                 25.51    0.03  608.05 v _27495_/A (INVx1_ASAP7_75t_R)
     1    1.83   17.50   13.92  621.97 ^ _27495_/Y (INVx1_ASAP7_75t_R)
                                         _12669_ (net)
                 17.50    0.11  622.07 ^ _17762_/CI (FAx1_ASAP7_75t_R)
     1    0.84   21.80   31.33  653.40 v _17762_/SN (FAx1_ASAP7_75t_R)
                                         _02457_ (net)
                 21.80    0.04  653.44 v _27503_/A (INVx1_ASAP7_75t_R)
     1    2.32   19.11   14.70  668.14 ^ _27503_/Y (INVx1_ASAP7_75t_R)
                                         _12677_ (net)
                 19.12    0.10  668.24 ^ _17585_/B (FAx1_ASAP7_75t_R)
     1    0.85   21.86   31.67  699.91 v _17585_/SN (FAx1_ASAP7_75t_R)
                                         _02103_ (net)
                 21.86    0.04  699.95 v _27515_/A (INVx1_ASAP7_75t_R)
     1    2.41   19.64   15.00  714.95 ^ _27515_/Y (INVx1_ASAP7_75t_R)
                                         _12689_ (net)
                 19.64    0.14  715.09 ^ _17627_/B (FAx1_ASAP7_75t_R)
     1    0.86   20.27   16.94  732.03 v _17627_/CON (FAx1_ASAP7_75t_R)
                                         _02186_ (net)
     1    0.86   27.85   13.51  745.54 ^ _17627_/SN (FAx1_ASAP7_75t_R)
                                         _02187_ (net)
                 27.85    0.05  745.58 ^ _27549_/A (INVx1_ASAP7_75t_R)
     1    2.33   18.17   14.19  759.77 v _27549_/Y (INVx1_ASAP7_75t_R)
                                         _12723_ (net)
                 18.18    0.10  759.87 v _17664_/B (FAx1_ASAP7_75t_R)
     1    1.31   30.79   21.87  781.74 ^ _17664_/CON (FAx1_ASAP7_75t_R)
                                         _02260_ (net)
                 30.80    0.14  781.89 ^ _27552_/A (INVx1_ASAP7_75t_R)
     1    1.17   12.80   10.46  792.35 v _27552_/Y (INVx1_ASAP7_75t_R)
                                         _12726_ (net)
                 12.80    0.05  792.39 v _18080_/_562_/B (XOR2x2_ASAP7_75t_R)
     1    1.07    7.49   19.95  812.35 v _18080_/_562_/Y (XOR2x2_ASAP7_75t_R)
                                         _18080_/_217_ (net)
                  7.49    0.04  812.39 v _18080_/_298_/B (HAxp5_ASAP7_75t_R)
     6    5.73   99.55   72.46  884.84 v _18080_/_298_/SN (HAxp5_ASAP7_75t_R)
                                         _18080_/_013_ (net)
                 99.55    0.38  885.23 v _18080_/_426_/A (NOR2x1_ASAP7_75t_R)
     4    3.60   38.06   28.75  913.98 ^ _18080_/_426_/Y (NOR2x1_ASAP7_75t_R)
                                         _18080_/_156_ (net)
                 38.06    0.18  914.17 ^ _18080_/_429_/B (NAND2x1_ASAP7_75t_R)
     3    2.60   21.40   16.03  930.19 v _18080_/_429_/Y (NAND2x1_ASAP7_75t_R)
                                         _18080_/_159_ (net)
                 21.40    0.07  930.26 v _18080_/_428_/A (INVx1_ASAP7_75t_R)
     1    0.59    9.54    8.37  938.63 ^ _18080_/_428_/Y (INVx1_ASAP7_75t_R)
                                         _18080_/_158_ (net)
                  9.54    0.02  938.65 ^ _18080_/_431_/B1 (AO221x1_ASAP7_75t_R)
     1    0.73    9.95   18.19  956.84 ^ _18080_/_431_/Y (AO221x1_ASAP7_75t_R)
                                         _18080_/_160_ (net)
                  9.95    0.03  956.87 ^ _18080_/_433_/B (AO21x1_ASAP7_75t_R)
     1    1.14   10.29   13.02  969.89 ^ _18080_/_433_/Y (AO21x1_ASAP7_75t_R)
                                         _03101_ (net)
                 10.29    0.05  969.94 ^ _18080_/_508_/B (XNOR2x2_ASAP7_75t_R)
     1    2.65   12.72   23.53  993.47 ^ _18080_/_508_/Y (XNOR2x2_ASAP7_75t_R)
                                         _03139_ (net)
                 12.83    0.67  994.15 ^ _23958_/A1 (AO22x1_ASAP7_75t_R)
     2    2.96   23.63   24.14 1018.28 ^ _23958_/Y (AO22x1_ASAP7_75t_R)
                                         _09135_ (net)
                 23.70    0.68 1018.96 ^ _23960_/B2 (AO32x1_ASAP7_75t_R)
     4   11.15   77.10   45.80 1064.76 ^ _23960_/Y (AO32x1_ASAP7_75t_R)
                                         _09137_ (net)
                 79.70    7.76 1072.52 ^ place4202/A (BUFx6f_ASAP7_75t_R)
    11   13.46   19.13   28.61 1101.13 ^ place4202/Y (BUFx6f_ASAP7_75t_R)
                                         net4201 (net)
                 19.66    1.70 1102.83 ^ _28593_/A2 (OA31x2_ASAP7_75t_R)
     1    0.80   10.77   22.41 1125.24 ^ _28593_/Y (OA31x2_ASAP7_75t_R)
                                         _13738_ (net)
                 10.77    0.04 1125.28 ^ gen_regfile_ff.register_file_i.rf_reg[638]$_DFFE_PN0P_/D (DFFASRHQNx1_ASAP7_75t_R)
                               1125.28   data arrival time

                  0.00 1000.00 1000.00   clock core_clock (rise edge)
                          0.00 1000.00   clock network delay (ideal)
                          0.00 1000.00   clock reconvergence pessimism
                               1000.00 ^ gen_regfile_ff.register_file_i.rf_reg[638]$_DFFE_PN0P_/CLK (DFFASRHQNx1_ASAP7_75t_R)
                        -15.02  984.98   library setup time
                                984.98   data required time
-----------------------------------------------------------------------------
                                984.98   data required time
                               -1125.28   data arrival time
-----------------------------------------------------------------------------
                               -140.30   slack (VIOLATED)



==========================================================================
detailed place report_checks -unconstrained
--------------------------------------------------------------------------
Startpoint: rst_ni (input port clocked by core_clock)
Endpoint: ex_block_i.gen_multdiv_fast.multdiv_i.md_state_q[0]$_DFF_PN1_
          (recovery check against rising-edge clock core_clock)
Path Group: asynchronous
Path Type: max

Fanout     Cap    Slew   Delay    Time   Description
-----------------------------------------------------------------------------
                  0.00    0.00    0.00   clock core_clock (rise edge)
                          0.00    0.00   clock network delay (ideal)
                        200.00  200.00 ^ input external delay
     1    1.41    0.00    0.00  200.00 ^ rst_ni (in)
                                         rst_ni (net)
                  0.29    0.09  200.09 ^ input1829/A (BUFx8_ASAP7_75t_R)
    49   67.87   62.46   22.20  222.29 ^ input1829/Y (BUFx8_ASAP7_75t_R)
                                         net1828 (net)
                147.04   44.11  266.39 ^ place5009/A (BUFx6f_ASAP7_75t_R)
    52   61.08   72.94   51.10  317.50 ^ place5009/Y (BUFx6f_ASAP7_75t_R)
                                         net5008 (net)
                 92.92   20.00  337.50 ^ place5006/A (BUFx3_ASAP7_75t_R)
    43   42.55   97.25   57.97  395.47 ^ place5006/Y (BUFx3_ASAP7_75t_R)
                                         net5005 (net)
                 98.69    6.74  402.20 ^ place5005/A (BUFx3_ASAP7_75t_R)
    51   55.80  125.71   70.24  472.45 ^ place5005/Y (BUFx3_ASAP7_75t_R)
                                         net5004 (net)
                127.57    8.64  481.09 ^ ex_block_i.gen_multdiv_fast.multdiv_i.md_state_q[0]$_DFF_PN1_/SETN (DFFASRHQNx1_ASAP7_75t_R)
                                481.09   data arrival time

                  0.00 1000.00 1000.00   clock core_clock (rise edge)
                          0.00 1000.00   clock network delay (ideal)
                          0.00 1000.00   clock reconvergence pessimism
                               1000.00 ^ ex_block_i.gen_multdiv_fast.multdiv_i.md_state_q[0]$_DFF_PN1_/CLK (DFFASRHQNx1_ASAP7_75t_R)
                        -13.08  986.92   library recovery time
                                986.92   data required time
-----------------------------------------------------------------------------
                                986.92   data required time
                               -481.09   data arrival time
-----------------------------------------------------------------------------
                                505.84   slack (MET)


Startpoint: core_clock_gate_i.en_latch$_DLATCH_N_
            (negative level-sensitive latch clocked by core_clock)
Endpoint: _23024_ (rising clock gating-check end-point clocked by core_clock)
Path Group: gated clock
Path Type: max

Fanout     Cap    Slew   Delay    Time   Description
-----------------------------------------------------------------------------
                  0.00  500.00  500.00   clock core_clock (fall edge)
                          0.00  500.00   clock network delay (ideal)
                  0.00    0.00  500.00 v core_clock_gate_i.en_latch$_DLATCH_N_/CLK (DLLx1_ASAP7_75t_R)
     1    0.62    7.64   27.35  527.35 v core_clock_gate_i.en_latch$_DLATCH_N_/Q (DLLx1_ASAP7_75t_R)
                                         core_clock_gate_i.en_latch (net)
                  7.64    0.02  527.37 v _23024_/B (AND2x2_ASAP7_75t_R)
                                527.37   data arrival time

                  0.00 1000.00 1000.00   clock core_clock (rise edge)
                          0.00 1000.00   clock network delay (ideal)
                          0.00 1000.00   clock reconvergence pessimism
                               1000.00 ^ _23024_/A (AND2x2_ASAP7_75t_R)
                          0.00 1000.00   clock gating setup time
                               1000.00   data required time
-----------------------------------------------------------------------------
                               1000.00   data required time
                               -527.37   data arrival time
-----------------------------------------------------------------------------
                                472.63   slack (MET)


Startpoint: _tray_size4_3828
            (rising edge-triggered flip-flop clocked by core_clock)
Endpoint: gen_regfile_ff.register_file_i.rf_reg[638]$_DFFE_PN0P_
          (rising edge-triggered flip-flop clocked by core_clock)
Path Group: core_clock
Path Type: max

Fanout     Cap    Slew   Delay    Time   Description
-----------------------------------------------------------------------------
                  0.00    0.00    0.00   clock core_clock (rise edge)
                          0.00    0.00   clock network delay (ideal)
                  0.00    0.00    0.00 ^ _tray_size4_3828/CLK (DFFHQNH2V2Xx1_ASAP7_75t_R)
    10   24.79  245.28  135.01  135.01 ^ _tray_size4_3828/QN0 (DFFHQNH2V2Xx1_ASAP7_75t_R)
                                         _00231_ (net)
                253.63   24.77  159.78 ^ _19585_/A (NOR2x1_ASAP7_75t_R)
     8   14.96  132.50   97.97  257.74 v _19585_/Y (NOR2x1_ASAP7_75t_R)
                                         _04763_ (net)
                133.04    4.91  262.65 v _20146_/B (OA211x2_ASAP7_75t_R)
     1    0.67   12.81   57.92  320.58 v _20146_/Y (OA211x2_ASAP7_75t_R)
                                         _05324_ (net)
                 12.81    0.02  320.60 v _20150_/B (AO21x1_ASAP7_75t_R)
     1    0.73    8.18   16.72  337.31 v _20150_/Y (AO21x1_ASAP7_75t_R)
                                         _05328_ (net)
                  8.18    0.03  337.35 v _20157_/B (OR4x1_ASAP7_75t_R)
     1    1.77   16.38   28.21  365.56 v _20157_/Y (OR4x1_ASAP7_75t_R)
                                         _05335_ (net)
                 16.39    0.16  365.72 v _20170_/B (NAND3x1_ASAP7_75t_R)
     4    8.73   65.47   32.62  398.34 ^ _20170_/Y (NAND3x1_ASAP7_75t_R)
                                         _05348_ (net)
                 66.55    4.64  402.99 ^ _21515_/A1 (OAI22x1_ASAP7_75t_R)
     7   11.04   76.35   42.63  445.62 v _21515_/Y (OAI22x1_ASAP7_75t_R)
                                         _06693_ (net)
                 79.23    8.03  453.65 v place4562/A (BUFx3_ASAP7_75t_R)
     7    5.26   14.77   31.90  485.55 v place4562/Y (BUFx3_ASAP7_75t_R)
                                         net4561 (net)
                 14.89    0.74  486.29 v _21794_/B (AND3x1_ASAP7_75t_R)
     2    4.72   26.88   23.44  509.73 v _21794_/Y (AND3x1_ASAP7_75t_R)
                                         _06972_ (net)
                 26.89    0.24  509.98 v _17691_/B (FAx1_ASAP7_75t_R)
     1    0.84   30.24   21.74  531.72 ^ _17691_/CON (FAx1_ASAP7_75t_R)
                                         _02314_ (net)
     1    0.82   25.10   12.92  544.64 v _17691_/SN (FAx1_ASAP7_75t_R)
                                         _02315_ (net)
                 25.10    0.04  544.68 v _27368_/A (INVx1_ASAP7_75t_R)
     4    6.20   41.85   26.43  571.11 ^ _27368_/Y (INVx1_ASAP7_75t_R)
                                         _12542_ (net)
                 41.86    0.32  571.43 ^ _17623_/CI (FAx1_ASAP7_75t_R)
     1    0.76   25.51   36.59  608.02 v _17623_/SN (FAx1_ASAP7_75t_R)
                                         _02179_ (net)
                 25.51    0.03  608.05 v _27495_/A (INVx1_ASAP7_75t_R)
     1    1.83   17.50   13.92  621.97 ^ _27495_/Y (INVx1_ASAP7_75t_R)
                                         _12669_ (net)
                 17.50    0.11  622.07 ^ _17762_/CI (FAx1_ASAP7_75t_R)
     1    0.84   21.80   31.33  653.40 v _17762_/SN (FAx1_ASAP7_75t_R)
                                         _02457_ (net)
                 21.80    0.04  653.44 v _27503_/A (INVx1_ASAP7_75t_R)
     1    2.32   19.11   14.70  668.14 ^ _27503_/Y (INVx1_ASAP7_75t_R)
                                         _12677_ (net)
                 19.12    0.10  668.24 ^ _17585_/B (FAx1_ASAP7_75t_R)
     1    0.85   21.86   31.67  699.91 v _17585_/SN (FAx1_ASAP7_75t_R)
                                         _02103_ (net)
                 21.86    0.04  699.95 v _27515_/A (INVx1_ASAP7_75t_R)
     1    2.41   19.64   15.00  714.95 ^ _27515_/Y (INVx1_ASAP7_75t_R)
                                         _12689_ (net)
                 19.64    0.14  715.09 ^ _17627_/B (FAx1_ASAP7_75t_R)
     1    0.86   20.27   16.94  732.03 v _17627_/CON (FAx1_ASAP7_75t_R)
                                         _02186_ (net)
     1    0.86   27.85   13.51  745.54 ^ _17627_/SN (FAx1_ASAP7_75t_R)
                                         _02187_ (net)
                 27.85    0.05  745.58 ^ _27549_/A (INVx1_ASAP7_75t_R)
     1    2.33   18.17   14.19  759.77 v _27549_/Y (INVx1_ASAP7_75t_R)
                                         _12723_ (net)
                 18.18    0.10  759.87 v _17664_/B (FAx1_ASAP7_75t_R)
     1    1.31   30.79   21.87  781.74 ^ _17664_/CON (FAx1_ASAP7_75t_R)
                                         _02260_ (net)
                 30.80    0.14  781.89 ^ _27552_/A (INVx1_ASAP7_75t_R)
     1    1.17   12.80   10.46  792.35 v _27552_/Y (INVx1_ASAP7_75t_R)
                                         _12726_ (net)
                 12.80    0.05  792.39 v _18080_/_562_/B (XOR2x2_ASAP7_75t_R)
     1    1.07    7.49   19.95  812.35 v _18080_/_562_/Y (XOR2x2_ASAP7_75t_R)
                                         _18080_/_217_ (net)
                  7.49    0.04  812.39 v _18080_/_298_/B (HAxp5_ASAP7_75t_R)
     6    5.73   99.55   72.46  884.84 v _18080_/_298_/SN (HAxp5_ASAP7_75t_R)
                                         _18080_/_013_ (net)
                 99.55    0.38  885.23 v _18080_/_426_/A (NOR2x1_ASAP7_75t_R)
     4    3.60   38.06   28.75  913.98 ^ _18080_/_426_/Y (NOR2x1_ASAP7_75t_R)
                                         _18080_/_156_ (net)
                 38.06    0.18  914.17 ^ _18080_/_429_/B (NAND2x1_ASAP7_75t_R)
     3    2.60   21.40   16.03  930.19 v _18080_/_429_/Y (NAND2x1_ASAP7_75t_R)
                                         _18080_/_159_ (net)
                 21.40    0.07  930.26 v _18080_/_428_/A (INVx1_ASAP7_75t_R)
     1    0.59    9.54    8.37  938.63 ^ _18080_/_428_/Y (INVx1_ASAP7_75t_R)
                                         _18080_/_158_ (net)
                  9.54    0.02  938.65 ^ _18080_/_431_/B1 (AO221x1_ASAP7_75t_R)
     1    0.73    9.95   18.19  956.84 ^ _18080_/_431_/Y (AO221x1_ASAP7_75t_R)
                                         _18080_/_160_ (net)
                  9.95    0.03  956.87 ^ _18080_/_433_/B (AO21x1_ASAP7_75t_R)
     1    1.14   10.29   13.02  969.89 ^ _18080_/_433_/Y (AO21x1_ASAP7_75t_R)
                                         _03101_ (net)
                 10.29    0.05  969.94 ^ _18080_/_508_/B (XNOR2x2_ASAP7_75t_R)
     1    2.65   12.72   23.53  993.47 ^ _18080_/_508_/Y (XNOR2x2_ASAP7_75t_R)
                                         _03139_ (net)
                 12.83    0.67  994.15 ^ _23958_/A1 (AO22x1_ASAP7_75t_R)
     2    2.96   23.63   24.14 1018.28 ^ _23958_/Y (AO22x1_ASAP7_75t_R)
                                         _09135_ (net)
                 23.70    0.68 1018.96 ^ _23960_/B2 (AO32x1_ASAP7_75t_R)
     4   11.15   77.10   45.80 1064.76 ^ _23960_/Y (AO32x1_ASAP7_75t_R)
                                         _09137_ (net)
                 79.70    7.76 1072.52 ^ place4202/A (BUFx6f_ASAP7_75t_R)
    11   13.46   19.13   28.61 1101.13 ^ place4202/Y (BUFx6f_ASAP7_75t_R)
                                         net4201 (net)
                 19.66    1.70 1102.83 ^ _28593_/A2 (OA31x2_ASAP7_75t_R)
     1    0.80   10.77   22.41 1125.24 ^ _28593_/Y (OA31x2_ASAP7_75t_R)
                                         _13738_ (net)
                 10.77    0.04 1125.28 ^ gen_regfile_ff.register_file_i.rf_reg[638]$_DFFE_PN0P_/D (DFFASRHQNx1_ASAP7_75t_R)
                               1125.28   data arrival time

                  0.00 1000.00 1000.00   clock core_clock (rise edge)
                          0.00 1000.00   clock network delay (ideal)
                          0.00 1000.00   clock reconvergence pessimism
                               1000.00 ^ gen_regfile_ff.register_file_i.rf_reg[638]$_DFFE_PN0P_/CLK (DFFASRHQNx1_ASAP7_75t_R)
                        -15.02  984.98   library setup time
                                984.98   data required time
-----------------------------------------------------------------------------
                                984.98   data required time
                               -1125.28   data arrival time
-----------------------------------------------------------------------------
                               -140.30   slack (VIOLATED)



==========================================================================
detailed place report_check_types -max_slew -max_cap -max_fanout -violators
--------------------------------------------------------------------------

==========================================================================
detailed place max_slew_check_slack
--------------------------------------------------------------------------
66.10989379882812

==========================================================================
detailed place max_slew_check_limit
--------------------------------------------------------------------------
320.0

==========================================================================
detailed place max_slew_check_slack_limit
--------------------------------------------------------------------------
0.2066

==========================================================================
detailed place max_fanout_check_slack
--------------------------------------------------------------------------
1.0000000150474662e+30

==========================================================================
detailed place max_fanout_check_limit
--------------------------------------------------------------------------
1.0000000150474662e+30

==========================================================================
detailed place max_capacitance_check_slack
--------------------------------------------------------------------------
3.708906650543213

==========================================================================
detailed place max_capacitance_check_limit
--------------------------------------------------------------------------
23.040000915527344

==========================================================================
detailed place max_capacitance_check_slack_limit
--------------------------------------------------------------------------
0.1610

==========================================================================
detailed place max_slew_violation_count
--------------------------------------------------------------------------
max slew violation count 0

==========================================================================
detailed place max_fanout_violation_count
--------------------------------------------------------------------------
max fanout violation count 0

==========================================================================
detailed place max_cap_violation_count
--------------------------------------------------------------------------
max cap violation count 0

==========================================================================
detailed place setup_violation_count
--------------------------------------------------------------------------
setup violation count 1239

==========================================================================
detailed place hold_violation_count
--------------------------------------------------------------------------
hold violation count 0

==========================================================================
detailed place report_checks -path_delay max reg to reg
--------------------------------------------------------------------------
Startpoint: _tray_size4_3828
            (rising edge-triggered flip-flop clocked by core_clock)
Endpoint: gen_regfile_ff.register_file_i.rf_reg[638]$_DFFE_PN0P_
          (rising edge-triggered flip-flop clocked by core_clock)
Path Group: core_clock
Path Type: max

  Delay    Time   Description
---------------------------------------------------------
   0.00    0.00   clock core_clock (rise edge)
   0.00    0.00   clock network delay (ideal)
   0.00    0.00 ^ _tray_size4_3828/CLK (DFFHQNH2V2Xx1_ASAP7_75t_R)
 135.01  135.01 ^ _tray_size4_3828/QN0 (DFFHQNH2V2Xx1_ASAP7_75t_R)
 122.74  257.74 v _19585_/Y (NOR2x1_ASAP7_75t_R)
  62.83  320.58 v _20146_/Y (OA211x2_ASAP7_75t_R)
  16.74  337.31 v _20150_/Y (AO21x1_ASAP7_75t_R)
  28.24  365.56 v _20157_/Y (OR4x1_ASAP7_75t_R)
  32.79  398.34 ^ _20170_/Y (NAND3x1_ASAP7_75t_R)
  47.28  445.62 v _21515_/Y (OAI22x1_ASAP7_75t_R)
  39.93  485.55 v place4562/Y (BUFx3_ASAP7_75t_R)
  24.18  509.73 v _21794_/Y (AND3x1_ASAP7_75t_R)
  21.98  531.72 ^ _17691_/CON (FAx1_ASAP7_75t_R)
  12.92  544.64 v _17691_/SN (FAx1_ASAP7_75t_R)
  26.47  571.11 ^ _27368_/Y (INVx1_ASAP7_75t_R)
  36.91  608.02 v _17623_/SN (FAx1_ASAP7_75t_R)
  13.95  621.97 ^ _27495_/Y (INVx1_ASAP7_75t_R)
  31.43  653.40 v _17762_/SN (FAx1_ASAP7_75t_R)
  14.74  668.14 ^ _27503_/Y (INVx1_ASAP7_75t_R)
  31.77  699.91 v _17585_/SN (FAx1_ASAP7_75t_R)
  15.04  714.95 ^ _27515_/Y (INVx1_ASAP7_75t_R)
  17.08  732.03 v _17627_/CON (FAx1_ASAP7_75t_R)
  13.51  745.54 ^ _17627_/SN (FAx1_ASAP7_75t_R)
  14.24  759.77 v _27549_/Y (INVx1_ASAP7_75t_R)
  21.97  781.74 ^ _17664_/CON (FAx1_ASAP7_75t_R)
  10.60  792.35 v _27552_/Y (INVx1_ASAP7_75t_R)
  20.00  812.35 v _18080_/_562_/Y (XOR2x2_ASAP7_75t_R)
  72.50  884.84 v _18080_/_298_/SN (HAxp5_ASAP7_75t_R)
  29.14  913.98 ^ _18080_/_426_/Y (NOR2x1_ASAP7_75t_R)
  16.21  930.19 v _18080_/_429_/Y (NAND2x1_ASAP7_75t_R)
   8.44  938.63 ^ _18080_/_428_/Y (INVx1_ASAP7_75t_R)
  18.21  956.84 ^ _18080_/_431_/Y (AO221x1_ASAP7_75t_R)
  13.05  969.89 ^ _18080_/_433_/Y (AO21x1_ASAP7_75t_R)
  23.58  993.47 ^ _18080_/_508_/Y (XNOR2x2_ASAP7_75t_R)
  24.81 1018.28 ^ _23958_/Y (AO22x1_ASAP7_75t_R)
  46.48 1064.76 ^ _23960_/Y (AO32x1_ASAP7_75t_R)
  36.37 1101.13 ^ place4202/Y (BUFx6f_ASAP7_75t_R)
  24.11 1125.24 ^ _28593_/Y (OA31x2_ASAP7_75t_R)
   0.04 1125.28 ^ gen_regfile_ff.register_file_i.rf_reg[638]$_DFFE_PN0P_/D (DFFASRHQNx1_ASAP7_75t_R)
        1125.28   data arrival time

1000.00 1000.00   clock core_clock (rise edge)
   0.00 1000.00   clock network delay (ideal)
   0.00 1000.00   clock reconvergence pessimism
        1000.00 ^ gen_regfile_ff.register_file_i.rf_reg[638]$_DFFE_PN0P_/CLK (DFFASRHQNx1_ASAP7_75t_R)
 -15.02  984.98   library setup time
         984.98   data required time
---------------------------------------------------------
         984.98   data required time
        -1125.28   data arrival time
---------------------------------------------------------
        -140.30   slack (VIOLATED)



==========================================================================
detailed place report_checks -path_delay min reg to reg
--------------------------------------------------------------------------
Startpoint: id_stage_i.controller_i.ctrl_fsm_cs[3]$_DFF_PN0_
            (rising edge-triggered flip-flop clocked by core_clock)
Endpoint: id_stage_i.controller_i.ctrl_fsm_cs[8]$_DFF_PN0_
          (rising edge-triggered flip-flop clocked by core_clock)
Path Group: core_clock
Path Type: min

  Delay    Time   Description
---------------------------------------------------------
   0.00    0.00   clock core_clock (rise edge)
   0.00    0.00   clock network delay (ideal)
   0.00    0.00 ^ id_stage_i.controller_i.ctrl_fsm_cs[3]$_DFF_PN0_/CLK (DFFASRHQNx1_ASAP7_75t_R)
  38.94   38.94 ^ id_stage_i.controller_i.ctrl_fsm_cs[3]$_DFF_PN0_/QN (DFFASRHQNx1_ASAP7_75t_R)
   7.09   46.04 v _23902_/Y (OAI21x1_ASAP7_75t_R)
   0.04   46.08 v id_stage_i.controller_i.ctrl_fsm_cs[8]$_DFF_PN0_/D (DFFASRHQNx1_ASAP7_75t_R)
          46.08   data arrival time

   0.00    0.00   clock core_clock (rise edge)
   0.00    0.00   clock network delay (ideal)
   0.00    0.00   clock reconvergence pessimism
           0.00 ^ id_stage_i.controller_i.ctrl_fsm_cs[8]$_DFF_PN0_/CLK (DFFASRHQNx1_ASAP7_75t_R)
   9.05    9.05   library hold time
           9.05   data required time
---------------------------------------------------------
           9.05   data required time
         -46.08   data arrival time
---------------------------------------------------------
          37.03   slack (MET)



==========================================================================
detailed place critical path target clock latency max path
--------------------------------------------------------------------------
0.0000

==========================================================================
detailed place critical path target clock latency min path
--------------------------------------------------------------------------
0.0000

==========================================================================
detailed place critical path source clock latency min path
--------------------------------------------------------------------------
0.0000

==========================================================================
detailed place critical path delay
--------------------------------------------------------------------------
1125.2799

==========================================================================
detailed place critical path slack
--------------------------------------------------------------------------
-140.3035

==========================================================================
detailed place slack div critical path delay
--------------------------------------------------------------------------
-12.468320

==========================================================================
detailed place report_power
--------------------------------------------------------------------------
Group                  Internal  Switching    Leakage      Total
                          Power      Power      Power      Power (Watts)
----------------------------------------------------------------
Sequential             2.11e-03   1.98e-04   2.33e-07   2.31e-03  17.1%
Combinational          4.53e-03   6.53e-03   1.28e-06   1.11e-02  81.9%
Clock                  9.73e-07   1.42e-04   1.02e-10   1.43e-04   1.1%
Macro                  0.00e+00   0.00e+00   0.00e+00   0.00e+00   0.0%
Pad                    0.00e+00   0.00e+00   0.00e+00   0.00e+00   0.0%
----------------------------------------------------------------
Total                  6.64e-03   6.87e-03   1.52e-06   1.35e-02 100.0%
                          49.1%      50.9%       0.0%
