OpenROAD 843a08803f27d34a8dee7637ed89fc9bb87aebfb 
Features included (+) or not (-): +GPU +GUI +Python
This program is licensed under the BSD-3 license. See the LICENSE file for details.
Components of this program may be licensed under more restrictive licenses which must be honored.
[INFO ORD-0030] Using 32 thread(s).
source /home/lucast/workspace/OR-flow-TCC/flow/platforms/asap7/liberty_suppressions.tcl
read_liberty /home/lucast/workspace/OR-flow-TCC/flow/platforms/asap7/lib/NLDM/asap7sc7p5t_AO_RVT_FF_nldm_211120.lib.gz
read_liberty /home/lucast/workspace/OR-flow-TCC/flow/platforms/asap7/lib/NLDM/asap7sc7p5t_INVBUF_RVT_FF_nldm_220122.lib.gz
read_liberty /home/lucast/workspace/OR-flow-TCC/flow/platforms/asap7/lib/NLDM/asap7sc7p5t_OA_RVT_FF_nldm_211120.lib.gz
read_liberty /home/lucast/workspace/OR-flow-TCC/flow/platforms/asap7/lib/NLDM/asap7sc7p5t_SIMPLE_RVT_FF_nldm_211120.lib.gz
read_liberty /home/lucast/workspace/OR-flow-TCC/flow/platforms/asap7/lib/NLDM/asap7sc7p5t_SEQ_RVT_FF_nldm_220123.lib
read_db ./results/asap7/aes/base-run1/3_3_place_gp.odb
source /home/lucast/workspace/OR-flow-TCC/flow/platforms/asap7/setRC.tcl
estimate_parasitics -placement
Perform buffer insertion and gate resizing...
repair_design -verbose
Iteration |   Area    | Resized | Buffers | Nets repaired | Remaining
---------------------------------------------------------------------
        0 |     +0.0% |       0 |       0 |             0 |     16757
     1000 |     +0.0% |       0 |       0 |             0 |     15757
     2000 |     +0.0% |       0 |       0 |             0 |     14757
     3000 |     +0.0% |       0 |       0 |             0 |     13757
     4000 |     +0.0% |       0 |       0 |             0 |     12757
     5000 |     +0.0% |       0 |       0 |             0 |     11757
     6000 |     +0.0% |       0 |       0 |             0 |     10757
     7000 |     +0.0% |       0 |       0 |             0 |      9757
     8000 |     +0.0% |       0 |       0 |             0 |      8757
     9000 |     +0.0% |       0 |       0 |             0 |      7757
    10000 |     +0.0% |       0 |       0 |             0 |      6757
    11000 |     +0.0% |       0 |       0 |             0 |      5757
    12000 |     +0.0% |       0 |       0 |             0 |      4757
    13000 |     +0.0% |       0 |       0 |             0 |      3757
    14000 |     +0.0% |       0 |       0 |             0 |      2757
    15000 |     +0.0% |       0 |       0 |             0 |      1757
    16000 |     +0.0% |       0 |       0 |             0 |       757
    final |     +0.0% |       0 |       0 |             0 |         0
---------------------------------------------------------------------
Floating nets: 
Report metrics stage 3, resizer...

==========================================================================
resizer report_design_area
--------------------------------------------------------------------------
Design area 1767 um^2 75% utilization.
Instance count before 16655, after 16655
Pin count before 52709, after 52709
write_db ./results/asap7/aes/base-run1/3_4_place_resized.odb
Elapsed time: 0:03.00[h:]min:sec. CPU time: user 4.34 sys 2.78 (237%). Peak memory: 272684KB.
Log                        Elapsed/s Peak Memory/MB  sha1sum .odb [0:20)
3_4_place_resized                  3            266 9f5d9f93ecc89f950683
