OpenROAD fe1aa0f9d0254fac87b82c886c04ee1544e46885 
Features included (+) or not (-): +GPU +GUI +Python
This program is licensed under the BSD-3 license. See the LICENSE file for details.
Components of this program may be licensed under more restrictive licenses which must be honored.
[INFO ORD-0030] Using 32 thread(s).
source /home/lucast/workspace/OR-flow-TCC/flow/platforms/asap7/liberty_suppressions.tcl
read_liberty /home/lucast/workspace/OR-flow-TCC/flow/platforms/asap7/lib/NLDM/asap7sc7p5t_AO_RVT_FF_nldm_211120.lib.gz
read_liberty /home/lucast/workspace/OR-flow-TCC/flow/platforms/asap7/lib/NLDM/asap7sc7p5t_INVBUF_RVT_FF_nldm_220122.lib.gz
read_liberty /home/lucast/workspace/OR-flow-TCC/flow/platforms/asap7/lib/NLDM/asap7sc7p5t_OA_RVT_FF_nldm_211120.lib.gz
read_liberty /home/lucast/workspace/OR-flow-TCC/flow/platforms/asap7/lib/NLDM/asap7sc7p5t_SIMPLE_RVT_FF_nldm_211120.lib.gz
read_liberty /home/lucast/workspace/OR-flow-TCC/flow/platforms/asap7/lib/NLDM/asap7sc7p5t_SEQ_RVT_FF_nldm_220123.lib
read_liberty ./results/asap7/aes-block_aes_rcon/baseline_alpha_2-beta_0.1/aes_rcon_typ.lib
read_liberty ./results/asap7/aes-block_aes_sbox/baseline_alpha_2-beta_0.1/aes_sbox_typ.lib
read_liberty /home/lucast/workspace/OR-flow-TCC/flow/platforms/asap7/lib/NLDM/asap7sc7p5t_DFFHQNH2V2X_RVT_TT_nldm_FAKE.lib
read_liberty /home/lucast/workspace/OR-flow-TCC/flow/platforms/asap7/lib/NLDM/asap7sc7p5t_DFFHQNV2X_RVT_TT_nldm_FAKE.lib
read_db ./results/asap7/aes-block/baseline_alpha_2-beta_0.1/5_1_grt.odb
source /home/lucast/workspace/OR-flow-TCC/flow/platforms/asap7/setRC.tcl
detailed_route -output_drc ./reports/asap7/aes-block/baseline_alpha_2-beta_0.1/5_route_drc.rpt -output_maze ./results/asap7/aes-block/baseline_alpha_2-beta_0.1/maze.log -droute_end_iter 64 -verbose 1 -drc_report_iter_step 5
[INFO DRT-0149] Reading tech and libs.

Units:                1000
Number of layers:     21
Number of macros:     232
Number of vias:       36
Number of viarulegen: 11

[INFO DRT-0150] Reading design.

Design:                   aes_cipher_top
Die area:                 ( 0 0 ) ( 117475 117475 )
Number of track patterns: 32
Number of DEF vias:       0
Number of components:     8894
Number of terminals:      390
Number of snets:          2
Number of nets:           5124

[INFO DRT-0167] List of default vias:
  Layer V2
    default via: VIA23
  Layer V3
    default via: VIA34
  Layer V4
    default via: VIA45
  Layer V5
    default via: VIA56
  Layer V6
    default via: VIA67
  Layer V7
    default via: VIA78
  Layer V8
    default via: VIA89
  Layer V9
    default via: VIA9Pad
[INFO DRT-0162] Library cell analysis.
[INFO DRT-0163] Instance analysis.
[INFO DRT-0164] Number of unique instances = 168.
[INFO DRT-0168] Init region query.
[INFO DRT-0024]   Complete Active.
[INFO DRT-0024]   Complete V0.
[INFO DRT-0024]   Complete M1.
[INFO DRT-0024]   Complete V1.
[INFO DRT-0024]   Complete M2.
[INFO DRT-0024]   Complete V2.
[INFO DRT-0024]   Complete M3.
[INFO DRT-0024]   Complete V3.
[INFO DRT-0024]   Complete M4.
[INFO DRT-0024]   Complete V4.
[INFO DRT-0024]   Complete M5.
[INFO DRT-0024]   Complete V5.
[INFO DRT-0024]   Complete M6.
[INFO DRT-0024]   Complete V6.
[INFO DRT-0024]   Complete M7.
[INFO DRT-0024]   Complete V7.
[INFO DRT-0024]   Complete M8.
[INFO DRT-0024]   Complete V8.
[INFO DRT-0024]   Complete M9.
[INFO DRT-0024]   Complete V9.
[INFO DRT-0024]   Complete Pad.
[INFO DRT-0033] Active shape region query size = 0.
[INFO DRT-0033] V0 shape region query size = 0.
[INFO DRT-0033] M1 shape region query size = 98050.
[INFO DRT-0033] V1 shape region query size = 441228.
[INFO DRT-0033] M2 shape region query size = 13136.
[INFO DRT-0033] V2 shape region query size = 22453.
[INFO DRT-0033] M3 shape region query size = 22457.
[INFO DRT-0033] V3 shape region query size = 14946.
[INFO DRT-0033] M4 shape region query size = 15466.
[INFO DRT-0033] V4 shape region query size = 14946.
[INFO DRT-0033] M5 shape region query size = 10607.
[INFO DRT-0033] V5 shape region query size = 8450.
[INFO DRT-0033] M6 shape region query size = 2206.
[INFO DRT-0033] V6 shape region query size = 0.
[INFO DRT-0033] M7 shape region query size = 0.
[INFO DRT-0033] V7 shape region query size = 0.
[INFO DRT-0033] M8 shape region query size = 0.
[INFO DRT-0033] V8 shape region query size = 0.
[INFO DRT-0033] M9 shape region query size = 0.
[INFO DRT-0033] V9 shape region query size = 0.
[INFO DRT-0033] Pad shape region query size = 0.
[INFO DRT-0165] Start pin access.
[INFO DRT-0078]   Complete 980 pins.
[INFO DRT-0079]   Complete 100 unique inst patterns.
[INFO DRT-0081]   Complete 155 unique inst patterns.
[INFO DRT-0084]   Complete 3065 groups.
#scanned instances     = 8894
#unique  instances     = 164
#stdCellGenAp          = 4747
#stdCellValidPlanarAp  = 24
#stdCellValidViaAp     = 3484
#stdCellPinNoAp        = 0
#stdCellPinCnt         = 13286
#instTermValidViaApCnt = 0
#macroGenAp            = 604
#macroValidPlanarAp    = 604
#macroValidViaAp       = 268
#macroNoAp             = 0
[INFO DRT-0166] Complete pin access.
[INFO DRT-0267] cpu time = 00:01:47, elapsed time = 00:00:07, memory = 431.41 (MB), peak = 427.06 (MB)

[INFO DRT-0157] Number of guides:     37608

[INFO DRT-0169] Post process guides.
[INFO DRT-0176] GCELLGRID X 0 DO 206 STEP 570 ;
[INFO DRT-0177] GCELLGRID Y 0 DO 206 STEP 570 ;
[INFO DRT-0028]   Complete Active.
[INFO DRT-0028]   Complete V0.
[INFO DRT-0028]   Complete M1.
[INFO DRT-0028]   Complete V1.
[INFO DRT-0028]   Complete M2.
[INFO DRT-0028]   Complete V2.
[INFO DRT-0028]   Complete M3.
[INFO DRT-0028]   Complete V3.
[INFO DRT-0028]   Complete M4.
[INFO DRT-0028]   Complete V4.
[INFO DRT-0028]   Complete M5.
[INFO DRT-0028]   Complete V5.
[INFO DRT-0028]   Complete M6.
[INFO DRT-0028]   Complete V6.
[INFO DRT-0028]   Complete M7.
[INFO DRT-0028]   Complete V7.
[INFO DRT-0028]   Complete M8.
[INFO DRT-0028]   Complete V8.
[INFO DRT-0028]   Complete M9.
[INFO DRT-0028]   Complete V9.
[INFO DRT-0028]   Complete Pad.
[INFO DRT-0178] Init guide query.
[INFO DRT-0035]   Complete Active (guide).
[INFO DRT-0035]   Complete V0 (guide).
[INFO DRT-0035]   Complete M1 (guide).
[INFO DRT-0035]   Complete V1 (guide).
[INFO DRT-0035]   Complete M2 (guide).
[INFO DRT-0035]   Complete V2 (guide).
[INFO DRT-0035]   Complete M3 (guide).
[INFO DRT-0035]   Complete V3 (guide).
[INFO DRT-0035]   Complete M4 (guide).
[INFO DRT-0035]   Complete V4 (guide).
[INFO DRT-0035]   Complete M5 (guide).
[INFO DRT-0035]   Complete V5 (guide).
[INFO DRT-0035]   Complete M6 (guide).
[INFO DRT-0035]   Complete V6 (guide).
[INFO DRT-0035]   Complete M7 (guide).
[INFO DRT-0035]   Complete V7 (guide).
[INFO DRT-0035]   Complete M8 (guide).
[INFO DRT-0035]   Complete V8 (guide).
[INFO DRT-0035]   Complete M9 (guide).
[INFO DRT-0035]   Complete V9 (guide).
[INFO DRT-0035]   Complete Pad (guide).
[INFO DRT-0036] Active guide region query size = 0.
[INFO DRT-0036] V0 guide region query size = 0.
[INFO DRT-0036] M1 guide region query size = 11639.
[INFO DRT-0036] V1 guide region query size = 0.
[INFO DRT-0036] M2 guide region query size = 9978.
[INFO DRT-0036] V2 guide region query size = 0.
[INFO DRT-0036] M3 guide region query size = 5157.
[INFO DRT-0036] V3 guide region query size = 0.
[INFO DRT-0036] M4 guide region query size = 1191.
[INFO DRT-0036] V4 guide region query size = 0.
[INFO DRT-0036] M5 guide region query size = 770.
[INFO DRT-0036] V5 guide region query size = 0.
[INFO DRT-0036] M6 guide region query size = 509.
[INFO DRT-0036] V6 guide region query size = 0.
[INFO DRT-0036] M7 guide region query size = 240.
[INFO DRT-0036] V7 guide region query size = 0.
[INFO DRT-0036] M8 guide region query size = 26.
[INFO DRT-0036] V8 guide region query size = 0.
[INFO DRT-0036] M9 guide region query size = 0.
[INFO DRT-0036] V9 guide region query size = 0.
[INFO DRT-0036] Pad guide region query size = 0.
[INFO DRT-0179] Init gr pin query.
[INFO DRT-0267] cpu time = 00:00:00, elapsed time = 00:00:00, memory = 441.78 (MB), peak = 437.31 (MB)
[INFO DRT-0245] skipped writing guide updates to database.
[INFO DRT-0185] Post process initialize RPin region query.
[INFO DRT-0181] Start track assignment.
[INFO DRT-0184] Done with 17806 vertical wires in 5 frboxes and 11704 horizontal wires in 5 frboxes.
[INFO DRT-0186] Done with 1411 vertical wires in 5 frboxes and 3053 horizontal wires in 5 frboxes.
[INFO DRT-0182] Complete track assignment.
[INFO DRT-0267] cpu time = 00:00:01, elapsed time = 00:00:00, memory = 607.89 (MB), peak = 604.19 (MB)
[INFO DRT-0187] Start routing data preparation.
[INFO DRT-0267] cpu time = 00:00:00, elapsed time = 00:00:00, memory = 607.89 (MB), peak = 604.19 (MB)
[INFO DRT-0194] Start detail routing.
[INFO DRT-0195] Start 0th optimization iteration.
    Completing 10% with 0 violations.
    elapsed time = 00:00:01, memory = 6037.39 (MB).
    Completing 20% with 0 violations.
    elapsed time = 00:00:03, memory = 7309.60 (MB).
    Completing 30% with 89 violations.
    elapsed time = 00:00:06, memory = 7744.95 (MB).
    Completing 40% with 89 violations.
    elapsed time = 00:00:09, memory = 7879.73 (MB).
    Completing 50% with 89 violations.
    elapsed time = 00:00:11, memory = 3392.27 (MB).
    Completing 60% with 173 violations.
    elapsed time = 00:00:15, memory = 8374.50 (MB).
    Completing 70% with 173 violations.
    elapsed time = 00:00:18, memory = 8297.11 (MB).
    Completing 80% with 247 violations.
    elapsed time = 00:00:21, memory = 8589.93 (MB).
    Completing 90% with 247 violations.
    elapsed time = 00:00:25, memory = 9084.34 (MB).
    Completing 100% with 282 violations.
    elapsed time = 00:00:28, memory = 3750.91 (MB).
[INFO DRT-0199]   Number of violations = 443.
Viol/Layer          M1     M2     M3     V3     M4     V4     M5     M6     V6
CutSpcTbl            0      0      0      5      0      4      0      0      1
EOL                  0     13      7      0      2      0      0      0      0
Metal Spacing       35      7     29      0      4      0      0      1      0
Recheck              1    110     42      0      8      0      0      0      0
Short                0     58      8      1      6      0      3      0      0
eolKeepOut           0     69     18      0     11      0      0      0      0
[INFO DRT-0267] cpu time = 00:12:41, elapsed time = 00:00:28, memory = 4182.47 (MB), peak = 9391.38 (MB)
Total wire length = 44956 um.
Total wire length on LAYER M1 = 0 um.
Total wire length on LAYER M2 = 13664 um.
Total wire length on LAYER M3 = 10347 um.
Total wire length on LAYER M4 = 7391 um.
Total wire length on LAYER M5 = 1603 um.
Total wire length on LAYER M6 = 4513 um.
Total wire length on LAYER M7 = 6450 um.
Total wire length on LAYER M8 = 984 um.
Total wire length on LAYER M9 = 0 um.
Total wire length on LAYER Pad = 0 um.
Total number of vias = 40210.
Up-via summary (total 40210):

----------------
 Active        0
     M1    13242
     M2    21538
     M3     3369
     M4      914
     M5      624
     M6      470
     M7       53
     M8        0
     M9        0
----------------
       40210


[INFO DRT-0195] Start 1st optimization iteration.
    Completing 10% with 443 violations.
    elapsed time = 00:00:02, memory = 9543.71 (MB).
    Completing 20% with 443 violations.
    elapsed time = 00:00:06, memory = 9708.18 (MB).
    Completing 30% with 322 violations.
    elapsed time = 00:00:09, memory = 9299.76 (MB).
    Completing 40% with 322 violations.
    elapsed time = 00:00:12, memory = 9603.73 (MB).
    Completing 50% with 322 violations.
    elapsed time = 00:00:15, memory = 4519.08 (MB).
    Completing 60% with 252 violations.
    elapsed time = 00:00:19, memory = 9870.11 (MB).
    Completing 70% with 252 violations.
    elapsed time = 00:00:22, memory = 9507.40 (MB).
    Completing 80% with 138 violations.
    elapsed time = 00:00:25, memory = 9542.83 (MB).
    Completing 90% with 138 violations.
    elapsed time = 00:00:28, memory = 10048.53 (MB).
    Completing 100% with 39 violations.
    elapsed time = 00:00:32, memory = 4660.23 (MB).
[INFO DRT-0199]   Number of violations = 39.
Viol/Layer          M1     M2     V2     M3     V3     M4     V4
Cut Spacing          0      0      1      0      0      0      0
CutSpcTbl            0      0      0      0      4      0      2
EOL                  0      2      0      0      0      1      0
Metal Spacing        7      0      0      6      0      0      0
Rect Only            0      4      0      0      0      0      0
Short                0      1      0      2      0      0      0
eolKeepOut           0      6      0      0      0      3      0
[INFO DRT-0267] cpu time = 00:14:45, elapsed time = 00:00:32, memory = 4655.64 (MB), peak = 10379.19 (MB)
Total wire length = 44855 um.
Total wire length on LAYER M1 = 0 um.
Total wire length on LAYER M2 = 13544 um.
Total wire length on LAYER M3 = 10288 um.
Total wire length on LAYER M4 = 7477 um.
Total wire length on LAYER M5 = 1608 um.
Total wire length on LAYER M6 = 4511 um.
Total wire length on LAYER M7 = 6440 um.
Total wire length on LAYER M8 = 984 um.
Total wire length on LAYER M9 = 0 um.
Total wire length on LAYER Pad = 0 um.
Total number of vias = 39454.
Up-via summary (total 39454):

----------------
 Active        0
     M1    13233
     M2    20899
     M3     3286
     M4      896
     M5      611
     M6      476
     M7       53
     M8        0
     M9        0
----------------
       39454


[INFO DRT-0195] Start 2nd optimization iteration.
    Completing 10% with 39 violations.
    elapsed time = 00:00:00, memory = 4655.64 (MB).
    Completing 20% with 39 violations.
    elapsed time = 00:00:00, memory = 4655.64 (MB).
    Completing 30% with 34 violations.
    elapsed time = 00:00:01, memory = 4655.64 (MB).
    Completing 40% with 34 violations.
    elapsed time = 00:00:01, memory = 4655.64 (MB).
    Completing 50% with 34 violations.
    elapsed time = 00:00:01, memory = 4655.64 (MB).
    Completing 60% with 24 violations.
    elapsed time = 00:00:03, memory = 4655.64 (MB).
    Completing 70% with 24 violations.
    elapsed time = 00:00:03, memory = 4655.64 (MB).
    Completing 80% with 13 violations.
    elapsed time = 00:00:05, memory = 4655.64 (MB).
    Completing 90% with 13 violations.
    elapsed time = 00:00:05, memory = 4655.64 (MB).
    Completing 100% with 10 violations.
    elapsed time = 00:00:07, memory = 4655.64 (MB).
[INFO DRT-0199]   Number of violations = 10.
Viol/Layer          M1     M2     M3     V3     V4
CutSpcTbl            0      0      0      2      1
EOL                  0      1      0      0      0
Metal Spacing        1      0      1      0      0
Short                0      0      1      0      0
eolKeepOut           0      3      0      0      0
[INFO DRT-0267] cpu time = 00:00:29, elapsed time = 00:00:07, memory = 4655.64 (MB), peak = 10379.19 (MB)
Total wire length = 44845 um.
Total wire length on LAYER M1 = 0 um.
Total wire length on LAYER M2 = 13527 um.
Total wire length on LAYER M3 = 10282 um.
Total wire length on LAYER M4 = 7486 um.
Total wire length on LAYER M5 = 1608 um.
Total wire length on LAYER M6 = 4512 um.
Total wire length on LAYER M7 = 6442 um.
Total wire length on LAYER M8 = 985 um.
Total wire length on LAYER M9 = 0 um.
Total wire length on LAYER Pad = 0 um.
Total number of vias = 39363.
Up-via summary (total 39363):

----------------
 Active        0
     M1    13233
     M2    20832
     M3     3241
     M4      918
     M5      610
     M6      476
     M7       53
     M8        0
     M9        0
----------------
       39363


[INFO DRT-0195] Start 3rd guides tiles iteration.
    Completing 10% with 10 violations.
    elapsed time = 00:00:00, memory = 5079.27 (MB).
    Completing 20% with 10 violations.
    elapsed time = 00:00:00, memory = 4984.16 (MB).
    Completing 30% with 10 violations.
    elapsed time = 00:00:00, memory = 4883.34 (MB).
    Completing 40% with 10 violations.
    elapsed time = 00:00:00, memory = 4772.58 (MB).
    Completing 50% with 10 violations.
    elapsed time = 00:00:00, memory = 4655.64 (MB).
    Completing 60% with 5 violations.
    elapsed time = 00:00:00, memory = 4655.64 (MB).
    Completing 70% with 5 violations.
    elapsed time = 00:00:01, memory = 4655.64 (MB).
    Completing 80% with 4 violations.
    elapsed time = 00:00:01, memory = 4655.64 (MB).
    Completing 100% with 0 violations.
    elapsed time = 00:00:01, memory = 4655.64 (MB).
[INFO DRT-0199]   Number of violations = 0.
[INFO DRT-0267] cpu time = 00:00:03, elapsed time = 00:00:01, memory = 4655.64 (MB), peak = 10379.19 (MB)
Total wire length = 44844 um.
Total wire length on LAYER M1 = 0 um.
Total wire length on LAYER M2 = 13530 um.
Total wire length on LAYER M3 = 10284 um.
Total wire length on LAYER M4 = 7483 um.
Total wire length on LAYER M5 = 1605 um.
Total wire length on LAYER M6 = 4512 um.
Total wire length on LAYER M7 = 6442 um.
Total wire length on LAYER M8 = 985 um.
Total wire length on LAYER M9 = 0 um.
Total wire length on LAYER Pad = 0 um.
Total number of vias = 39364.
Up-via summary (total 39364):

----------------
 Active        0
     M1    13233
     M2    20832
     M3     3244
     M4      916
     M5      610
     M6      476
     M7       53
     M8        0
     M9        0
----------------
       39364


[INFO DRT-0198] Complete detail routing.
Total wire length = 44844 um.
Total wire length on LAYER M1 = 0 um.
Total wire length on LAYER M2 = 13530 um.
Total wire length on LAYER M3 = 10284 um.
Total wire length on LAYER M4 = 7483 um.
Total wire length on LAYER M5 = 1605 um.
Total wire length on LAYER M6 = 4512 um.
Total wire length on LAYER M7 = 6442 um.
Total wire length on LAYER M8 = 985 um.
Total wire length on LAYER M9 = 0 um.
Total wire length on LAYER Pad = 0 um.
Total number of vias = 39364.
Up-via summary (total 39364):

----------------
 Active        0
     M1    13233
     M2    20832
     M3     3244
     M4      916
     M5      610
     M6      476
     M7       53
     M8        0
     M9        0
----------------
       39364


[INFO DRT-0267] cpu time = 00:28:00, elapsed time = 00:01:10, memory = 4655.64 (MB), peak = 10379.19 (MB)

[INFO DRT-0180] Post processing.
Took 78 seconds: detailed_route -output_drc ./reports/asap7/aes-block/baseline_alpha_2-beta_0.1/5_route_drc.rpt -output_maze ./results/asap7/aes-block/baseline_alpha_2-beta_0.1/maze.log -droute_end_iter 64 -verbose 1 -drc_report_iter_step 5
[WARNING GRT-0246] No diode with LEF class CORE ANTENNACELL found.
[INFO ANT-0002] Found 0 net violations.
[INFO ANT-0001] Found 0 pin violations.
[INFO ANT-0002] Found 0 net violations.
[INFO ANT-0001] Found 0 pin violations.
write_db ./results/asap7/aes-block/baseline_alpha_2-beta_0.1/5_2_route.odb
Elapsed time: 1:19.96[h:]min:sec. CPU time: user 1667.87 sys 129.59 (2247%). Peak memory: 10628288KB.
Log                        Elapsed/s Peak Memory/MB  sha1sum .odb [0:20)
5_2_route                         79          10379 5125c00e4e7c6324300e
