
==========================================================================
detailed place report_tns
--------------------------------------------------------------------------
tns max -44.52

==========================================================================
detailed place report_wns
--------------------------------------------------------------------------
wns max -25.11

==========================================================================
detailed place report_worst_slack
--------------------------------------------------------------------------
worst slack max -25.11

==========================================================================
detailed place report_clock_min_period
--------------------------------------------------------------------------
main_clk period_min = 1025.11 fmax = 975.50

==========================================================================
detailed place report_checks -path_delay min
--------------------------------------------------------------------------
Startpoint: gen_cache_hpd.i_cache_subsystem.i_axi_arbiter.genblk1.i_icache_hpdcache_data_upsize.buf_q[92]$_DFFE_PN0P_
            (rising edge-triggered flip-flop clocked by main_clk)
Endpoint: gen_cache_hpd.i_cache_subsystem.i_cva6_icache.gen_sram[0].data_sram.gen_techno_cut.genblk1.i_tc_sram_wrapper
          (rising edge-triggered flip-flop clocked by main_clk)
Path Group: main_clk
Path Type: min

Fanout     Cap    Slew   Delay    Time   Description
-----------------------------------------------------------------------------
                  0.00    0.00    0.00   clock main_clk (rise edge)
                          0.00    0.00   clock network delay (ideal)
                  0.00    0.00    0.00 ^ gen_cache_hpd.i_cache_subsystem.i_axi_arbiter.genblk1.i_icache_hpdcache_data_upsize.buf_q[92]$_DFFE_PN0P_/CLK (DFFASRHQNx1_ASAP7_75t_SL)
     2    1.40   15.01   28.33   28.33 ^ gen_cache_hpd.i_cache_subsystem.i_axi_arbiter.genblk1.i_icache_hpdcache_data_upsize.buf_q[92]$_DFFE_PN0P_/QN (DFFASRHQNx1_ASAP7_75t_SL)
                                         _005320_ (net)
                 15.01    0.05   28.37 ^ _104550_/A (INVx1_ASAP7_75t_R)
     1    0.58    6.82    6.22   34.60 v _104550_/Y (INVx1_ASAP7_75t_R)
                                         gen_cache_hpd.i_cache_subsystem.i_axi_arbiter.genblk1.i_icache_hpdcache_data_upsize.buf_q[92] (net)
                  6.82    0.02   34.61 v place44442/A (BUFx3_ASAP7_75t_L)
     3   21.55   37.73   20.61   55.22 v place44442/Y (BUFx3_ASAP7_75t_L)
                                         net44267 (net)
                 28.42    1.54   56.76 v gen_cache_hpd.i_cache_subsystem.i_cva6_icache.gen_sram[0].data_sram.gen_techno_cut.genblk1.i_tc_sram_wrapper/wd_in[220] (fakeram7_64x256)
                                 56.76   data arrival time

                  0.00    0.00    0.00   clock main_clk (rise edge)
                          0.00    0.00   clock network delay (ideal)
                          0.00    0.00   clock reconvergence pessimism
                                  0.00 ^ gen_cache_hpd.i_cache_subsystem.i_cva6_icache.gen_sram[0].data_sram.gen_techno_cut.genblk1.i_tc_sram_wrapper/clk (fakeram7_64x256)
                         50.00   50.00   library hold time
                                 50.00   data required time
-----------------------------------------------------------------------------
                                 50.00   data required time
                                -56.76   data arrival time
-----------------------------------------------------------------------------
                                  6.76   slack (MET)



==========================================================================
detailed place report_checks -path_delay max
--------------------------------------------------------------------------
Startpoint: issue_stage_i.i_issue_read_operands.mult_valid_o[1]$_DFF_PN0_
            (rising edge-triggered flip-flop clocked by main_clk)
Endpoint: ex_stage_i.i_mult.i_multiplier.mult_result_q[62]$_DFF_PN0_
          (rising edge-triggered flip-flop clocked by main_clk)
Path Group: main_clk
Path Type: max

Fanout     Cap    Slew   Delay    Time   Description
-----------------------------------------------------------------------------
                  0.00    0.00    0.00   clock main_clk (rise edge)
                          0.00    0.00   clock network delay (ideal)
                  0.00    0.00    0.00 ^ issue_stage_i.i_issue_read_operands.mult_valid_o[1]$_DFF_PN0_/CLK (DFFASRHQNx1_ASAP7_75t_SL)
     2    4.41   29.97   36.27   36.27 ^ issue_stage_i.i_issue_read_operands.mult_valid_o[1]$_DFF_PN0_/QN (DFFASRHQNx1_ASAP7_75t_SL)
                                         _008174_ (net)
                 29.97    0.19   36.46 ^ place44759/A (BUFx3_ASAP7_75t_L)
    10   12.35   26.43   22.43   58.88 ^ place44759/Y (BUFx3_ASAP7_75t_L)
                                         net44584 (net)
                 26.44    0.24   59.13 ^ place44751/A (BUFx3_ASAP7_75t_L)
     5    3.65   10.09   15.59   74.71 ^ place44751/Y (BUFx3_ASAP7_75t_L)
                                         net44576 (net)
                 10.09    0.07   74.79 ^ place44747/A (BUFx3_ASAP7_75t_L)
    10    8.68   19.13   16.96   91.75 ^ place44747/Y (BUFx3_ASAP7_75t_L)
                                         net44572 (net)
                 19.38    1.19   92.94 ^ place44746/A (BUFx3_ASAP7_75t_L)
    10    9.38   20.17   19.36  112.30 ^ place44746/Y (BUFx3_ASAP7_75t_L)
                                         net44571 (net)
                 20.19    0.46  112.76 ^ place44745/A (BUFx3_ASAP7_75t_L)
    10   10.54   22.55   20.30  133.07 ^ place44745/Y (BUFx3_ASAP7_75t_L)
                                         net44570 (net)
                 22.55    0.32  133.38 ^ place44744/A (BUFx3_ASAP7_75t_L)
    10    9.07   19.59   19.59  152.97 ^ place44744/Y (BUFx3_ASAP7_75t_L)
                                         net44569 (net)
                 19.60    0.29  153.27 ^ _115960_/A1 (OAI22x1_ASAP7_75t_R)
     2    2.41   27.14   14.96  168.23 v _115960_/Y (OAI22x1_ASAP7_75t_R)
                                         _048524_ (net)
                 27.15    0.39  168.62 v _125272_/A (AND2x2_ASAP7_75t_R)
     2    4.28   15.41   25.48  194.09 v _125272_/Y (AND2x2_ASAP7_75t_R)
                                         _056444_ (net)
                 15.43    0.36  194.45 v place39963/A (BUFx3_ASAP7_75t_L)
    10   15.79   28.73   22.64  217.09 v place39963/Y (BUFx3_ASAP7_75t_L)
                                         net39788 (net)
                 29.54    2.64  219.73 v _125353_/B (NAND2x1_ASAP7_75t_L)
     2    3.49   28.96   18.24  237.97 ^ _125353_/Y (NAND2x1_ASAP7_75t_L)
                                         _009840_ (net)
                 28.96    0.09  238.06 ^ _125354_/A (INVx2_ASAP7_75t_R)
     1    2.62   13.15   10.43  248.48 v _125354_/Y (INVx2_ASAP7_75t_R)
                                         _009745_ (net)
                 13.15    0.13  248.62 v _197140_/B (FAx1_ASAP7_75t_SL)
     4    7.28   80.60   37.66  286.27 ^ _197140_/CON (FAx1_ASAP7_75t_SL)
                                         _009750_ (net)
     2    1.81   33.45   13.40  299.68 v _197140_/SN (FAx1_ASAP7_75t_SL)
                                         _009749_ (net)
                 33.45    0.04  299.72 v place39234/A (BUFx3_ASAP7_75t_L)
     4    8.72   17.19   22.17  321.89 v place39234/Y (BUFx3_ASAP7_75t_L)
                                         net39059 (net)
                 17.22    0.35  322.24 v _197152_/A (FAx1_ASAP7_75t_R)
     1    2.44   53.99   51.34  373.58 v _197152_/SN (FAx1_ASAP7_75t_R)
                                         _103097_ (net)
                 53.99    0.15  373.73 v _197173_/B (FAx1_ASAP7_75t_R)
     1    2.43   52.19   61.55  435.28 v _197173_/SN (FAx1_ASAP7_75t_R)
                                         _103123_ (net)
                 52.19    0.14  435.42 v _197198_/B (FAx1_ASAP7_75t_R)
     1    1.81   42.90   33.85  469.27 ^ _197198_/CON (FAx1_ASAP7_75t_R)
                                         _103101_ (net)
     1    1.07   28.91   16.02  485.29 v _197198_/SN (FAx1_ASAP7_75t_R)
                                         _014565_ (net)
                 28.91    0.09  485.38 v _126046_/A (INVx1_ASAP7_75t_R)
     1    2.54   22.15   17.14  502.52 ^ _126046_/Y (INVx1_ASAP7_75t_R)
                                         _009897_ (net)
                 22.16    0.20  502.72 ^ _197204_/B (FAx1_ASAP7_75t_R)
     1    1.77   38.97   44.16  546.88 v _197204_/SN (FAx1_ASAP7_75t_R)
                                         _103130_ (net)
                 38.97    0.08  546.96 v _197207_/CI (FAx1_ASAP7_75t_R)
     1    0.84   26.58   37.09  584.05 v _197207_/SN (FAx1_ASAP7_75t_R)
                                         _010001_ (net)
                 26.58    0.04  584.10 v _126056_/A (INVx1_ASAP7_75t_R)
     1    2.40   20.85   16.07  600.16 ^ _126056_/Y (INVx1_ASAP7_75t_R)
                                         _009926_ (net)
                 20.85    0.21  600.37 ^ _197233_/A (FAx1_ASAP7_75t_R)
     1    1.16   27.24   36.20  636.57 v _197233_/SN (FAx1_ASAP7_75t_R)
                                         _009999_ (net)
                 27.24    0.11  636.68 v _125652_/A (INVx1_ASAP7_75t_R)
     1    2.27   20.28   15.78  652.46 ^ _125652_/Y (INVx1_ASAP7_75t_R)
                                         _010000_ (net)
                 20.29    0.15  652.60 ^ _197260_/A (FAx1_ASAP7_75t_R)
     1    0.76   21.22   31.13  683.74 v _197260_/SN (FAx1_ASAP7_75t_R)
                                         _010078_ (net)
                 21.22    0.03  683.77 v _125218_/A (INVx1_ASAP7_75t_R)
     1    1.20   12.84   10.79  694.55 ^ _125218_/Y (INVx1_ASAP7_75t_R)
                                         _010080_ (net)
                 12.84    0.05  694.61 ^ _198689_/A (HAxp5_ASAP7_75t_R)
     6    4.70   82.35   63.81  758.42 v _198689_/SN (HAxp5_ASAP7_75t_R)
                                         _014593_ (net)
                 82.35    0.19  758.60 v _137373_/A (OR3x1_ASAP7_75t_R)
     1    1.11   12.01   34.91  793.51 v _137373_/Y (OR3x1_ASAP7_75t_R)
                                         _066178_ (net)
                 12.01    0.06  793.57 v _137374_/C (AO211x2_ASAP7_75t_R)
     2    2.43   10.52   19.57  813.14 v _137374_/Y (AO211x2_ASAP7_75t_R)
                                         _066179_ (net)
                 10.54    0.25  813.39 v _137380_/A1 (AO31x2_ASAP7_75t_R)
     3    3.73   13.27   17.28  830.67 v _137380_/Y (AO31x2_ASAP7_75t_R)
                                         _066185_ (net)
                 13.40    0.74  831.41 v _137382_/C1 (OA222x2_ASAP7_75t_SL)
     2    1.79   11.60   18.89  850.31 v _137382_/Y (OA222x2_ASAP7_75t_SL)
                                         _066187_ (net)
                 11.60    0.16  850.47 v _137383_/D (AND4x1_ASAP7_75t_SL)
     1    0.91    7.91   10.46  860.93 v _137383_/Y (AND4x1_ASAP7_75t_SL)
                                         _066188_ (net)
                  7.91    0.05  860.98 v _137386_/A2 (OA21x2_ASAP7_75t_SL)
     2    1.64    7.58   13.15  874.13 v _137386_/Y (OA21x2_ASAP7_75t_SL)
                                         _066191_ (net)
                  7.58    0.08  874.21 v _137387_/A (OR4x1_ASAP7_75t_SL)
     2    1.97   15.53   18.78  892.99 v _137387_/Y (OR4x1_ASAP7_75t_SL)
                                         _066192_ (net)
                 15.54    0.19  893.17 v _137392_/A1 (OA21x2_ASAP7_75t_SL)
     1    0.78    6.29   12.52  905.69 v _137392_/Y (OA21x2_ASAP7_75t_SL)
                                         _066197_ (net)
                  6.30    0.03  905.72 v _137393_/A2 (OA21x2_ASAP7_75t_SL)
     2    1.85    9.65   13.02  918.74 v _137393_/Y (OA21x2_ASAP7_75t_SL)
                                         _066198_ (net)
                  9.65    0.14  918.88 v _137394_/A2 (OA21x2_ASAP7_75t_SL)
     1    0.86    8.52   12.60  931.48 v _137394_/Y (OA21x2_ASAP7_75t_SL)
                                         _066199_ (net)
                  8.52    0.04  931.52 v _137395_/A2 (OA21x2_ASAP7_75t_SL)
     2    1.81    9.20   13.50  945.03 v _137395_/Y (OA21x2_ASAP7_75t_SL)
                                         _066200_ (net)
                  9.21    0.11  945.14 v _137396_/A2 (OA21x2_ASAP7_75t_SL)
     1    1.04    8.52   12.71  957.85 v _137396_/Y (OA21x2_ASAP7_75t_SL)
                                         _066201_ (net)
                  8.52    0.08  957.92 v _137397_/A2 (OA21x2_ASAP7_75t_SL)
     2    1.91    9.74   13.61  971.53 v _137397_/Y (OA21x2_ASAP7_75t_SL)
                                         _066202_ (net)
                  9.76    0.17  971.71 v _137398_/A2 (OA21x2_ASAP7_75t_SL)
     1    0.83    7.55   12.58  984.29 v _137398_/Y (OA21x2_ASAP7_75t_SL)
                                         _066203_ (net)
                  7.55    0.04  984.33 v _137399_/A2 (OA21x2_ASAP7_75t_SL)
     1    1.25    8.52   12.58  996.91 v _137399_/Y (OA21x2_ASAP7_75t_SL)
                                         _066204_ (net)
                  8.52    0.06  996.97 v _137400_/A (XOR2x2_ASAP7_75t_SL)
     1    0.91    7.44   17.56 1014.53 ^ _137400_/Y (XOR2x2_ASAP7_75t_SL)
                                         ex_stage_i.i_mult.i_multiplier.mult_result_d[62] (net)
                  7.44    0.05 1014.58 ^ ex_stage_i.i_mult.i_multiplier.mult_result_q[62]$_DFF_PN0_/D (DFFASRHQNx1_ASAP7_75t_SL)
                               1014.58   data arrival time

                  0.00 1000.00 1000.00   clock main_clk (rise edge)
                          0.00 1000.00   clock network delay (ideal)
                          0.00 1000.00   clock reconvergence pessimism
                               1000.00 ^ ex_stage_i.i_mult.i_multiplier.mult_result_q[62]$_DFF_PN0_/CLK (DFFASRHQNx1_ASAP7_75t_SL)
                        -10.54  989.46   library setup time
                                989.46   data required time
-----------------------------------------------------------------------------
                                989.46   data required time
                               -1014.58   data arrival time
-----------------------------------------------------------------------------
                                -25.11   slack (VIOLATED)



==========================================================================
detailed place report_checks -unconstrained
--------------------------------------------------------------------------
Startpoint: issue_stage_i.i_issue_read_operands.mult_valid_o[1]$_DFF_PN0_
            (rising edge-triggered flip-flop clocked by main_clk)
Endpoint: ex_stage_i.i_mult.i_multiplier.mult_result_q[62]$_DFF_PN0_
          (rising edge-triggered flip-flop clocked by main_clk)
Path Group: main_clk
Path Type: max

Fanout     Cap    Slew   Delay    Time   Description
-----------------------------------------------------------------------------
                  0.00    0.00    0.00   clock main_clk (rise edge)
                          0.00    0.00   clock network delay (ideal)
                  0.00    0.00    0.00 ^ issue_stage_i.i_issue_read_operands.mult_valid_o[1]$_DFF_PN0_/CLK (DFFASRHQNx1_ASAP7_75t_SL)
     2    4.41   29.97   36.27   36.27 ^ issue_stage_i.i_issue_read_operands.mult_valid_o[1]$_DFF_PN0_/QN (DFFASRHQNx1_ASAP7_75t_SL)
                                         _008174_ (net)
                 29.97    0.19   36.46 ^ place44759/A (BUFx3_ASAP7_75t_L)
    10   12.35   26.43   22.43   58.88 ^ place44759/Y (BUFx3_ASAP7_75t_L)
                                         net44584 (net)
                 26.44    0.24   59.13 ^ place44751/A (BUFx3_ASAP7_75t_L)
     5    3.65   10.09   15.59   74.71 ^ place44751/Y (BUFx3_ASAP7_75t_L)
                                         net44576 (net)
                 10.09    0.07   74.79 ^ place44747/A (BUFx3_ASAP7_75t_L)
    10    8.68   19.13   16.96   91.75 ^ place44747/Y (BUFx3_ASAP7_75t_L)
                                         net44572 (net)
                 19.38    1.19   92.94 ^ place44746/A (BUFx3_ASAP7_75t_L)
    10    9.38   20.17   19.36  112.30 ^ place44746/Y (BUFx3_ASAP7_75t_L)
                                         net44571 (net)
                 20.19    0.46  112.76 ^ place44745/A (BUFx3_ASAP7_75t_L)
    10   10.54   22.55   20.30  133.07 ^ place44745/Y (BUFx3_ASAP7_75t_L)
                                         net44570 (net)
                 22.55    0.32  133.38 ^ place44744/A (BUFx3_ASAP7_75t_L)
    10    9.07   19.59   19.59  152.97 ^ place44744/Y (BUFx3_ASAP7_75t_L)
                                         net44569 (net)
                 19.60    0.29  153.27 ^ _115960_/A1 (OAI22x1_ASAP7_75t_R)
     2    2.41   27.14   14.96  168.23 v _115960_/Y (OAI22x1_ASAP7_75t_R)
                                         _048524_ (net)
                 27.15    0.39  168.62 v _125272_/A (AND2x2_ASAP7_75t_R)
     2    4.28   15.41   25.48  194.09 v _125272_/Y (AND2x2_ASAP7_75t_R)
                                         _056444_ (net)
                 15.43    0.36  194.45 v place39963/A (BUFx3_ASAP7_75t_L)
    10   15.79   28.73   22.64  217.09 v place39963/Y (BUFx3_ASAP7_75t_L)
                                         net39788 (net)
                 29.54    2.64  219.73 v _125353_/B (NAND2x1_ASAP7_75t_L)
     2    3.49   28.96   18.24  237.97 ^ _125353_/Y (NAND2x1_ASAP7_75t_L)
                                         _009840_ (net)
                 28.96    0.09  238.06 ^ _125354_/A (INVx2_ASAP7_75t_R)
     1    2.62   13.15   10.43  248.48 v _125354_/Y (INVx2_ASAP7_75t_R)
                                         _009745_ (net)
                 13.15    0.13  248.62 v _197140_/B (FAx1_ASAP7_75t_SL)
     4    7.28   80.60   37.66  286.27 ^ _197140_/CON (FAx1_ASAP7_75t_SL)
                                         _009750_ (net)
     2    1.81   33.45   13.40  299.68 v _197140_/SN (FAx1_ASAP7_75t_SL)
                                         _009749_ (net)
                 33.45    0.04  299.72 v place39234/A (BUFx3_ASAP7_75t_L)
     4    8.72   17.19   22.17  321.89 v place39234/Y (BUFx3_ASAP7_75t_L)
                                         net39059 (net)
                 17.22    0.35  322.24 v _197152_/A (FAx1_ASAP7_75t_R)
     1    2.44   53.99   51.34  373.58 v _197152_/SN (FAx1_ASAP7_75t_R)
                                         _103097_ (net)
                 53.99    0.15  373.73 v _197173_/B (FAx1_ASAP7_75t_R)
     1    2.43   52.19   61.55  435.28 v _197173_/SN (FAx1_ASAP7_75t_R)
                                         _103123_ (net)
                 52.19    0.14  435.42 v _197198_/B (FAx1_ASAP7_75t_R)
     1    1.81   42.90   33.85  469.27 ^ _197198_/CON (FAx1_ASAP7_75t_R)
                                         _103101_ (net)
     1    1.07   28.91   16.02  485.29 v _197198_/SN (FAx1_ASAP7_75t_R)
                                         _014565_ (net)
                 28.91    0.09  485.38 v _126046_/A (INVx1_ASAP7_75t_R)
     1    2.54   22.15   17.14  502.52 ^ _126046_/Y (INVx1_ASAP7_75t_R)
                                         _009897_ (net)
                 22.16    0.20  502.72 ^ _197204_/B (FAx1_ASAP7_75t_R)
     1    1.77   38.97   44.16  546.88 v _197204_/SN (FAx1_ASAP7_75t_R)
                                         _103130_ (net)
                 38.97    0.08  546.96 v _197207_/CI (FAx1_ASAP7_75t_R)
     1    0.84   26.58   37.09  584.05 v _197207_/SN (FAx1_ASAP7_75t_R)
                                         _010001_ (net)
                 26.58    0.04  584.10 v _126056_/A (INVx1_ASAP7_75t_R)
     1    2.40   20.85   16.07  600.16 ^ _126056_/Y (INVx1_ASAP7_75t_R)
                                         _009926_ (net)
                 20.85    0.21  600.37 ^ _197233_/A (FAx1_ASAP7_75t_R)
     1    1.16   27.24   36.20  636.57 v _197233_/SN (FAx1_ASAP7_75t_R)
                                         _009999_ (net)
                 27.24    0.11  636.68 v _125652_/A (INVx1_ASAP7_75t_R)
     1    2.27   20.28   15.78  652.46 ^ _125652_/Y (INVx1_ASAP7_75t_R)
                                         _010000_ (net)
                 20.29    0.15  652.60 ^ _197260_/A (FAx1_ASAP7_75t_R)
     1    0.76   21.22   31.13  683.74 v _197260_/SN (FAx1_ASAP7_75t_R)
                                         _010078_ (net)
                 21.22    0.03  683.77 v _125218_/A (INVx1_ASAP7_75t_R)
     1    1.20   12.84   10.79  694.55 ^ _125218_/Y (INVx1_ASAP7_75t_R)
                                         _010080_ (net)
                 12.84    0.05  694.61 ^ _198689_/A (HAxp5_ASAP7_75t_R)
     6    4.70   82.35   63.81  758.42 v _198689_/SN (HAxp5_ASAP7_75t_R)
                                         _014593_ (net)
                 82.35    0.19  758.60 v _137373_/A (OR3x1_ASAP7_75t_R)
     1    1.11   12.01   34.91  793.51 v _137373_/Y (OR3x1_ASAP7_75t_R)
                                         _066178_ (net)
                 12.01    0.06  793.57 v _137374_/C (AO211x2_ASAP7_75t_R)
     2    2.43   10.52   19.57  813.14 v _137374_/Y (AO211x2_ASAP7_75t_R)
                                         _066179_ (net)
                 10.54    0.25  813.39 v _137380_/A1 (AO31x2_ASAP7_75t_R)
     3    3.73   13.27   17.28  830.67 v _137380_/Y (AO31x2_ASAP7_75t_R)
                                         _066185_ (net)
                 13.40    0.74  831.41 v _137382_/C1 (OA222x2_ASAP7_75t_SL)
     2    1.79   11.60   18.89  850.31 v _137382_/Y (OA222x2_ASAP7_75t_SL)
                                         _066187_ (net)
                 11.60    0.16  850.47 v _137383_/D (AND4x1_ASAP7_75t_SL)
     1    0.91    7.91   10.46  860.93 v _137383_/Y (AND4x1_ASAP7_75t_SL)
                                         _066188_ (net)
                  7.91    0.05  860.98 v _137386_/A2 (OA21x2_ASAP7_75t_SL)
     2    1.64    7.58   13.15  874.13 v _137386_/Y (OA21x2_ASAP7_75t_SL)
                                         _066191_ (net)
                  7.58    0.08  874.21 v _137387_/A (OR4x1_ASAP7_75t_SL)
     2    1.97   15.53   18.78  892.99 v _137387_/Y (OR4x1_ASAP7_75t_SL)
                                         _066192_ (net)
                 15.54    0.19  893.17 v _137392_/A1 (OA21x2_ASAP7_75t_SL)
     1    0.78    6.29   12.52  905.69 v _137392_/Y (OA21x2_ASAP7_75t_SL)
                                         _066197_ (net)
                  6.30    0.03  905.72 v _137393_/A2 (OA21x2_ASAP7_75t_SL)
     2    1.85    9.65   13.02  918.74 v _137393_/Y (OA21x2_ASAP7_75t_SL)
                                         _066198_ (net)
                  9.65    0.14  918.88 v _137394_/A2 (OA21x2_ASAP7_75t_SL)
     1    0.86    8.52   12.60  931.48 v _137394_/Y (OA21x2_ASAP7_75t_SL)
                                         _066199_ (net)
                  8.52    0.04  931.52 v _137395_/A2 (OA21x2_ASAP7_75t_SL)
     2    1.81    9.20   13.50  945.03 v _137395_/Y (OA21x2_ASAP7_75t_SL)
                                         _066200_ (net)
                  9.21    0.11  945.14 v _137396_/A2 (OA21x2_ASAP7_75t_SL)
     1    1.04    8.52   12.71  957.85 v _137396_/Y (OA21x2_ASAP7_75t_SL)
                                         _066201_ (net)
                  8.52    0.08  957.92 v _137397_/A2 (OA21x2_ASAP7_75t_SL)
     2    1.91    9.74   13.61  971.53 v _137397_/Y (OA21x2_ASAP7_75t_SL)
                                         _066202_ (net)
                  9.76    0.17  971.71 v _137398_/A2 (OA21x2_ASAP7_75t_SL)
     1    0.83    7.55   12.58  984.29 v _137398_/Y (OA21x2_ASAP7_75t_SL)
                                         _066203_ (net)
                  7.55    0.04  984.33 v _137399_/A2 (OA21x2_ASAP7_75t_SL)
     1    1.25    8.52   12.58  996.91 v _137399_/Y (OA21x2_ASAP7_75t_SL)
                                         _066204_ (net)
                  8.52    0.06  996.97 v _137400_/A (XOR2x2_ASAP7_75t_SL)
     1    0.91    7.44   17.56 1014.53 ^ _137400_/Y (XOR2x2_ASAP7_75t_SL)
                                         ex_stage_i.i_mult.i_multiplier.mult_result_d[62] (net)
                  7.44    0.05 1014.58 ^ ex_stage_i.i_mult.i_multiplier.mult_result_q[62]$_DFF_PN0_/D (DFFASRHQNx1_ASAP7_75t_SL)
                               1014.58   data arrival time

                  0.00 1000.00 1000.00   clock main_clk (rise edge)
                          0.00 1000.00   clock network delay (ideal)
                          0.00 1000.00   clock reconvergence pessimism
                               1000.00 ^ ex_stage_i.i_mult.i_multiplier.mult_result_q[62]$_DFF_PN0_/CLK (DFFASRHQNx1_ASAP7_75t_SL)
                        -10.54  989.46   library setup time
                                989.46   data required time
-----------------------------------------------------------------------------
                                989.46   data required time
                               -1014.58   data arrival time
-----------------------------------------------------------------------------
                                -25.11   slack (VIOLATED)



==========================================================================
detailed place report_check_types -max_slew -max_cap -max_fanout -violators
--------------------------------------------------------------------------

==========================================================================
detailed place max_slew_check_slack
--------------------------------------------------------------------------
71.27471160888672

==========================================================================
detailed place max_slew_check_limit
--------------------------------------------------------------------------
320.0

==========================================================================
detailed place max_slew_check_slack_limit
--------------------------------------------------------------------------
0.2227

==========================================================================
detailed place max_fanout_check_slack
--------------------------------------------------------------------------
0.0

==========================================================================
detailed place max_fanout_check_limit
--------------------------------------------------------------------------
10.0

==========================================================================
detailed place max_fanout_check_slack_limit
--------------------------------------------------------------------------
0.0000

==========================================================================
detailed place max_capacitance_check_slack
--------------------------------------------------------------------------
2.639540910720825

==========================================================================
detailed place max_capacitance_check_limit
--------------------------------------------------------------------------
23.040000915527344

==========================================================================
detailed place max_capacitance_check_slack_limit
--------------------------------------------------------------------------
0.1146

==========================================================================
detailed place max_slew_violation_count
--------------------------------------------------------------------------
max slew violation count 0

==========================================================================
detailed place max_fanout_violation_count
--------------------------------------------------------------------------
max fanout violation count 0

==========================================================================
detailed place max_cap_violation_count
--------------------------------------------------------------------------
max cap violation count 0

==========================================================================
detailed place setup_violation_count
--------------------------------------------------------------------------
setup violation count 3

==========================================================================
detailed place hold_violation_count
--------------------------------------------------------------------------
hold violation count 0

==========================================================================
detailed place report_checks -path_delay max reg to reg
--------------------------------------------------------------------------
Startpoint: issue_stage_i.i_issue_read_operands.mult_valid_o[1]$_DFF_PN0_
            (rising edge-triggered flip-flop clocked by main_clk)
Endpoint: ex_stage_i.i_mult.i_multiplier.mult_result_q[62]$_DFF_PN0_
          (rising edge-triggered flip-flop clocked by main_clk)
Path Group: main_clk
Path Type: max

  Delay    Time   Description
---------------------------------------------------------
   0.00    0.00   clock main_clk (rise edge)
   0.00    0.00   clock network delay (ideal)
   0.00    0.00 ^ issue_stage_i.i_issue_read_operands.mult_valid_o[1]$_DFF_PN0_/CLK (DFFASRHQNx1_ASAP7_75t_SL)
  36.27   36.27 ^ issue_stage_i.i_issue_read_operands.mult_valid_o[1]$_DFF_PN0_/QN (DFFASRHQNx1_ASAP7_75t_SL)
  22.62   58.88 ^ place44759/Y (BUFx3_ASAP7_75t_L)
  15.83   74.71 ^ place44751/Y (BUFx3_ASAP7_75t_L)
  17.04   91.75 ^ place44747/Y (BUFx3_ASAP7_75t_L)
  20.55  112.30 ^ place44746/Y (BUFx3_ASAP7_75t_L)
  20.76  133.07 ^ place44745/Y (BUFx3_ASAP7_75t_L)
  19.91  152.97 ^ place44744/Y (BUFx3_ASAP7_75t_L)
  15.26  168.23 v _115960_/Y (OAI22x1_ASAP7_75t_R)
  25.87  194.09 v _125272_/Y (AND2x2_ASAP7_75t_R)
  23.00  217.09 v place39963/Y (BUFx3_ASAP7_75t_L)
  20.88  237.97 ^ _125353_/Y (NAND2x1_ASAP7_75t_L)
  10.51  248.48 v _125354_/Y (INVx2_ASAP7_75t_R)
  37.79  286.27 ^ _197140_/CON (FAx1_ASAP7_75t_SL)
  13.40  299.68 v _197140_/SN (FAx1_ASAP7_75t_SL)
  22.21  321.89 v place39234/Y (BUFx3_ASAP7_75t_L)
  51.69  373.58 v _197152_/SN (FAx1_ASAP7_75t_R)
  61.70  435.28 v _197173_/SN (FAx1_ASAP7_75t_R)
  33.99  469.27 ^ _197198_/CON (FAx1_ASAP7_75t_R)
  16.02  485.29 v _197198_/SN (FAx1_ASAP7_75t_R)
  17.23  502.52 ^ _126046_/Y (INVx1_ASAP7_75t_R)
  44.36  546.88 v _197204_/SN (FAx1_ASAP7_75t_R)
  37.18  584.05 v _197207_/SN (FAx1_ASAP7_75t_R)
  16.11  600.16 ^ _126056_/Y (INVx1_ASAP7_75t_R)
  36.41  636.57 v _197233_/SN (FAx1_ASAP7_75t_R)
  15.89  652.46 ^ _125652_/Y (INVx1_ASAP7_75t_R)
  31.28  683.74 v _197260_/SN (FAx1_ASAP7_75t_R)
  10.82  694.55 ^ _125218_/Y (INVx1_ASAP7_75t_R)
  63.86  758.42 v _198689_/SN (HAxp5_ASAP7_75t_R)
  35.09  793.51 v _137373_/Y (OR3x1_ASAP7_75t_R)
  19.63  813.14 v _137374_/Y (AO211x2_ASAP7_75t_R)
  17.53  830.67 v _137380_/Y (AO31x2_ASAP7_75t_R)
  19.63  850.31 v _137382_/Y (OA222x2_ASAP7_75t_SL)
  10.62  860.93 v _137383_/Y (AND4x1_ASAP7_75t_SL)
  13.20  874.13 v _137386_/Y (OA21x2_ASAP7_75t_SL)
  18.86  892.99 v _137387_/Y (OR4x1_ASAP7_75t_SL)
  12.70  905.69 v _137392_/Y (OA21x2_ASAP7_75t_SL)
  13.05  918.74 v _137393_/Y (OA21x2_ASAP7_75t_SL)
  12.74  931.48 v _137394_/Y (OA21x2_ASAP7_75t_SL)
  13.55  945.03 v _137395_/Y (OA21x2_ASAP7_75t_SL)
  12.82  957.85 v _137396_/Y (OA21x2_ASAP7_75t_SL)
  13.69  971.53 v _137397_/Y (OA21x2_ASAP7_75t_SL)
  12.76  984.29 v _137398_/Y (OA21x2_ASAP7_75t_SL)
  12.62  996.91 v _137399_/Y (OA21x2_ASAP7_75t_SL)
  17.62 1014.53 ^ _137400_/Y (XOR2x2_ASAP7_75t_SL)
   0.05 1014.58 ^ ex_stage_i.i_mult.i_multiplier.mult_result_q[62]$_DFF_PN0_/D (DFFASRHQNx1_ASAP7_75t_SL)
        1014.58   data arrival time

1000.00 1000.00   clock main_clk (rise edge)
   0.00 1000.00   clock network delay (ideal)
   0.00 1000.00   clock reconvergence pessimism
        1000.00 ^ ex_stage_i.i_mult.i_multiplier.mult_result_q[62]$_DFF_PN0_/CLK (DFFASRHQNx1_ASAP7_75t_SL)
 -10.54  989.46   library setup time
         989.46   data required time
---------------------------------------------------------
         989.46   data required time
        -1014.58   data arrival time
---------------------------------------------------------
         -25.11   slack (VIOLATED)



==========================================================================
detailed place report_checks -path_delay min reg to reg
--------------------------------------------------------------------------
Startpoint: gen_cache_hpd.i_cache_subsystem.i_axi_arbiter.genblk1.i_icache_hpdcache_data_upsize.buf_q[92]$_DFFE_PN0P_
            (rising edge-triggered flip-flop clocked by main_clk)
Endpoint: gen_cache_hpd.i_cache_subsystem.i_cva6_icache.gen_sram[0].data_sram.gen_techno_cut.genblk1.i_tc_sram_wrapper
          (rising edge-triggered flip-flop clocked by main_clk)
Path Group: main_clk
Path Type: min

  Delay    Time   Description
---------------------------------------------------------
   0.00    0.00   clock main_clk (rise edge)
   0.00    0.00   clock network delay (ideal)
   0.00    0.00 ^ gen_cache_hpd.i_cache_subsystem.i_axi_arbiter.genblk1.i_icache_hpdcache_data_upsize.buf_q[92]$_DFFE_PN0P_/CLK (DFFASRHQNx1_ASAP7_75t_SL)
  28.33   28.33 ^ gen_cache_hpd.i_cache_subsystem.i_axi_arbiter.genblk1.i_icache_hpdcache_data_upsize.buf_q[92]$_DFFE_PN0P_/QN (DFFASRHQNx1_ASAP7_75t_SL)
   6.27   34.60 v _104550_/Y (INVx1_ASAP7_75t_R)
  20.62   55.22 v place44442/Y (BUFx3_ASAP7_75t_L)
   1.54   56.76 v gen_cache_hpd.i_cache_subsystem.i_cva6_icache.gen_sram[0].data_sram.gen_techno_cut.genblk1.i_tc_sram_wrapper/wd_in[220] (fakeram7_64x256)
          56.76   data arrival time

   0.00    0.00   clock main_clk (rise edge)
   0.00    0.00   clock network delay (ideal)
   0.00    0.00   clock reconvergence pessimism
           0.00 ^ gen_cache_hpd.i_cache_subsystem.i_cva6_icache.gen_sram[0].data_sram.gen_techno_cut.genblk1.i_tc_sram_wrapper/clk (fakeram7_64x256)
  50.00   50.00   library hold time
          50.00   data required time
---------------------------------------------------------
          50.00   data required time
         -56.76   data arrival time
---------------------------------------------------------
           6.76   slack (MET)



==========================================================================
detailed place critical path target clock latency max path
--------------------------------------------------------------------------
0

==========================================================================
detailed place critical path target clock latency min path
--------------------------------------------------------------------------
0

==========================================================================
detailed place critical path source clock latency min path
--------------------------------------------------------------------------
0

==========================================================================
detailed place critical path delay
--------------------------------------------------------------------------
1014.5787

==========================================================================
detailed place critical path slack
--------------------------------------------------------------------------
-25.1141

==========================================================================
detailed place slack div critical path delay
--------------------------------------------------------------------------
-2.475323

==========================================================================
detailed place report_power
--------------------------------------------------------------------------
Group                  Internal  Switching    Leakage      Total
                          Power      Power      Power      Power (Watts)
----------------------------------------------------------------
Sequential             1.52e-02   3.93e-03   6.42e-05   1.92e-02  17.5%
Combinational          2.98e-02   3.52e-02   7.34e-05   6.51e-02  59.3%
Clock                  0.00e+00   0.00e+00   0.00e+00   0.00e+00   0.0%
Macro                  2.45e-02   0.00e+00   1.03e-03   2.55e-02  23.3%
Pad                    0.00e+00   0.00e+00   0.00e+00   0.00e+00   0.0%
----------------------------------------------------------------
Total                  6.95e-02   3.92e-02   1.17e-03   1.10e-01 100.0%
                          63.3%      35.7%       1.1%
