
==========================================================================
cts final report_tns
--------------------------------------------------------------------------
tns max 0.00

==========================================================================
cts final report_wns
--------------------------------------------------------------------------
wns max 0.00

==========================================================================
cts final report_worst_slack
--------------------------------------------------------------------------
worst slack max 0.19

==========================================================================
cts final report_clock_min_period
--------------------------------------------------------------------------
main_clk period_min = 999.81 fmax = 1000.19

==========================================================================
cts final report_clock_skew
--------------------------------------------------------------------------
Clock main_clk
 249.37 source latency gen_cache_hpd.i_cache_subsystem.i_axi_arbiter.genblk1.i_icache_hpdcache_data_upsize.buf_q[82]$_DFFE_PN0P_/CLK ^
-162.00 target latency gen_cache_hpd.i_cache_subsystem.i_cva6_icache.gen_sram[0].data_sram.gen_techno_cut.genblk1.i_tc_sram_wrapper/clk ^
  -0.88 CRPR
--------------
  86.49 setup skew


==========================================================================
cts final report_checks -path_delay min
--------------------------------------------------------------------------
Startpoint: gen_cache_hpd.i_cache_subsystem.i_cva6_icache.cl_tag_q[10]$_DFF_PN0_
            (rising edge-triggered flip-flop clocked by main_clk)
Endpoint: gen_cache_hpd.i_cache_subsystem.i_cva6_icache.gen_sram[1].tag_sram.gen_techno_cut.genblk1.i_tc_sram_wrapper
          (rising edge-triggered flip-flop clocked by main_clk)
Path Group: main_clk
Path Type: min

Fanout     Cap    Slew   Delay    Time   Description
-----------------------------------------------------------------------------
                          0.00    0.00   clock main_clk (rise edge)
                          0.00    0.00   clock source latency
     1   12.21    0.00    0.00    0.00 ^ clk_i (in)
                                         clk_i (net)
                 58.11   18.33   18.33 ^ wire47475/A (BUFx10_ASAP7_75t_SL)
     2   16.24   11.77   18.24   36.57 ^ wire47475/Y (BUFx10_ASAP7_75t_SL)
                                         net47300 (net)
                 92.97   29.12   65.69 ^ clkbuf_regs_0_main_clk/A (BUFx24_ASAP7_75t_SL)
     1    2.45   14.31   21.81   87.50 ^ clkbuf_regs_0_main_clk/Y (BUFx24_ASAP7_75t_SL)
                                         clk_i_regs (net)
                 14.31    0.19   87.69 ^ clkbuf_0_clk_i_regs/A (BUFx24_ASAP7_75t_SL)
     2   15.54   11.20   15.79  103.48 ^ clkbuf_0_clk_i_regs/Y (BUFx24_ASAP7_75t_SL)
                                         clknet_0_clk_i_regs (net)
                 28.09    8.24  111.72 ^ clkbuf_1_1_0_clk_i_regs/A (BUFx24_ASAP7_75t_SL)
     4   22.89   12.17   17.62  129.34 ^ clkbuf_1_1_0_clk_i_regs/Y (BUFx24_ASAP7_75t_SL)
                                         clknet_1_1_0_clk_i_regs (net)
                 52.46   16.08  145.42 ^ clkbuf_3_5_0_clk_i_regs/A (BUFx24_ASAP7_75t_SL)
     4   18.64   14.87   20.37  165.79 ^ clkbuf_3_5_0_clk_i_regs/Y (BUFx24_ASAP7_75t_SL)
                                         clknet_3_5_0_clk_i_regs (net)
                 32.07    9.16  174.95 ^ clkbuf_5_20_0_clk_i_regs/A (BUFx24_ASAP7_75t_SL)
     2    6.50   10.93   17.63  192.58 ^ clkbuf_5_20_0_clk_i_regs/Y (BUFx24_ASAP7_75t_SL)
                                         clknet_5_20_0_clk_i_regs (net)
                 12.23    2.27  194.85 ^ clkbuf_6_40__f_clk_i_regs/A (BUFx24_ASAP7_75t_SL)
     6   18.87   12.59   15.98  210.82 ^ clkbuf_6_40__f_clk_i_regs/Y (BUFx24_ASAP7_75t_SL)
                                         clknet_6_40__leaf_clk_i_regs (net)
                 22.78    6.18  217.01 ^ clkbuf_leaf_41_clk_i_regs/A (BUFx24_ASAP7_75t_SL)
    27   16.10   13.29   17.84  234.84 ^ clkbuf_leaf_41_clk_i_regs/Y (BUFx24_ASAP7_75t_SL)
                                         clknet_leaf_41_clk_i_regs (net)
                 13.80    1.25  236.10 ^ gen_cache_hpd.i_cache_subsystem.i_cva6_icache.cl_tag_q[10]$_DFF_PN0_/CLK (DFFASRHQNx1_ASAP7_75t_SL)
     2    1.19   13.99   29.89  265.99 ^ gen_cache_hpd.i_cache_subsystem.i_cva6_icache.cl_tag_q[10]$_DFF_PN0_/QN (DFFASRHQNx1_ASAP7_75t_SL)
                                         _005998_ (net)
                 13.99    0.06  266.05 ^ _104689_/A (INVx1_ASAP7_75t_R)
     2   12.74   69.77   33.56  299.61 v _104689_/Y (INVx1_ASAP7_75t_R)
                                         gen_cache_hpd.i_cache_subsystem.i_cva6_icache.cl_tag_q[10] (net)
                 52.51    2.44  302.05 v gen_cache_hpd.i_cache_subsystem.i_cva6_icache.gen_sram[1].tag_sram.gen_techno_cut.genblk1.i_tc_sram_wrapper/wd_in[10] (fakeram7_64x25)
                                302.05   data arrival time

                          0.00    0.00   clock main_clk (rise edge)
                          0.00    0.00   clock source latency
     1   12.47    0.00    0.00    0.00 ^ clk_i (in)
                                         clk_i (net)
                 60.37   19.05   19.05 ^ wire47475/A (BUFx10_ASAP7_75t_SL)
     2   17.31   11.93   18.40   37.45 ^ wire47475/Y (BUFx10_ASAP7_75t_SL)
                                         net47300 (net)
                106.30   33.39   70.84 ^ clkbuf_0_clk_i/A (BUFx24_ASAP7_75t_SL)
     2   16.81   18.48   23.59   94.43 ^ clkbuf_0_clk_i/Y (BUFx24_ASAP7_75t_SL)
                                         clknet_0_clk_i (net)
                 34.89   10.05  104.48 ^ clkbuf_1_1_0_clk_i/A (BUFx24_ASAP7_75t_SL)
     4  135.09   16.43   20.04  124.53 ^ clkbuf_1_1_0_clk_i/Y (BUFx24_ASAP7_75t_SL)
                                         clknet_1_1_0_clk_i (net)
                303.87  128.05  252.57 ^ gen_cache_hpd.i_cache_subsystem.i_cva6_icache.gen_sram[1].tag_sram.gen_techno_cut.genblk1.i_tc_sram_wrapper/clk (fakeram7_64x25)
                         -0.88  251.70   clock reconvergence pessimism
                         50.00  301.70   library hold time
                                301.70   data required time
-----------------------------------------------------------------------------
                                301.70   data required time
                               -302.05   data arrival time
-----------------------------------------------------------------------------
                                  0.36   slack (MET)



==========================================================================
cts final report_checks -path_delay max
--------------------------------------------------------------------------
Startpoint: issue_stage_i.i_issue_read_operands.branch_valid_o[1]$_DFF_PN0_
            (rising edge-triggered flip-flop clocked by main_clk)
Endpoint: gen_cache_hpd.i_cache_subsystem.i_cva6_icache.gen_sram[0].data_sram.gen_techno_cut.genblk1.i_tc_sram_wrapper
          (rising edge-triggered flip-flop clocked by main_clk)
Path Group: main_clk
Path Type: max

Fanout     Cap    Slew   Delay    Time   Description
-----------------------------------------------------------------------------
                          0.00    0.00   clock main_clk (rise edge)
                          0.00    0.00   clock source latency
     1   12.47    0.00    0.00    0.00 ^ clk_i (in)
                                         clk_i (net)
                 60.37   19.05   19.05 ^ wire47475/A (BUFx10_ASAP7_75t_SL)
     2   17.31   11.93   18.40   37.45 ^ wire47475/Y (BUFx10_ASAP7_75t_SL)
                                         net47300 (net)
                101.76   31.90   69.34 ^ clkbuf_regs_0_main_clk/A (BUFx24_ASAP7_75t_SL)
     1    2.99   15.11   22.25   91.59 ^ clkbuf_regs_0_main_clk/Y (BUFx24_ASAP7_75t_SL)
                                         clk_i_regs (net)
                 15.11    0.23   91.82 ^ clkbuf_0_clk_i_regs/A (BUFx24_ASAP7_75t_SL)
     2   16.61   11.34   15.95  107.77 ^ clkbuf_0_clk_i_regs/Y (BUFx24_ASAP7_75t_SL)
                                         clknet_0_clk_i_regs (net)
                 28.20    8.19  115.96 ^ clkbuf_1_0_0_clk_i_regs/A (BUFx24_ASAP7_75t_SL)
     4   24.57   12.85   17.91  133.86 ^ clkbuf_1_0_0_clk_i_regs/Y (BUFx24_ASAP7_75t_SL)
                                         clknet_1_0_0_clk_i_regs (net)
                 38.59   11.15  145.01 ^ clkbuf_3_3_0_clk_i_regs/A (BUFx24_ASAP7_75t_SL)
     4   20.69   14.13   19.33  164.34 ^ clkbuf_3_3_0_clk_i_regs/Y (BUFx24_ASAP7_75t_SL)
                                         clknet_3_3_0_clk_i_regs (net)
                 29.16    8.03  172.37 ^ clkbuf_5_15_0_clk_i_regs/A (BUFx24_ASAP7_75t_SL)
     2    7.68   11.06   17.40  189.78 ^ clkbuf_5_15_0_clk_i_regs/Y (BUFx24_ASAP7_75t_SL)
                                         clknet_5_15_0_clk_i_regs (net)
                 12.57    2.37  192.14 ^ clkbuf_6_30__f_clk_i_regs/A (BUFx24_ASAP7_75t_SL)
     5   18.37   12.67   15.97  208.12 ^ clkbuf_6_30__f_clk_i_regs/Y (BUFx24_ASAP7_75t_SL)
                                         clknet_6_30__leaf_clk_i_regs (net)
                 13.51    1.16  209.27 ^ clkbuf_leaf_193_clk_i_regs/A (BUFx24_ASAP7_75t_SL)
    21   19.23   13.86   16.80  226.07 ^ clkbuf_leaf_193_clk_i_regs/Y (BUFx24_ASAP7_75t_SL)
                                         clknet_leaf_193_clk_i_regs (net)
                 14.31    1.17  227.24 ^ issue_stage_i.i_issue_read_operands.branch_valid_o[1]$_DFF_PN0_/CLK (DFFASRHQNx1_ASAP7_75t_SL)
     6    8.68   47.42   46.21  273.45 v issue_stage_i.i_issue_read_operands.branch_valid_o[1]$_DFF_PN0_/QN (DFFASRHQNx1_ASAP7_75t_SL)
                                         _008158_ (net)
                 47.65    1.87  275.32 v _104758_/B (NAND3x2_ASAP7_75t_SL)
     7    6.37   32.40   22.74  298.06 ^ _104758_/Y (NAND3x2_ASAP7_75t_SL)
                                         _037598_ (net)
                 32.41    0.39  298.45 ^ place44352/A (BUFx3_ASAP7_75t_L)
     7    5.12   12.85   17.46  315.92 ^ place44352/Y (BUFx3_ASAP7_75t_L)
                                         net44177 (net)
                 12.86    0.21  316.13 ^ _105538_/B (OR3x1_ASAP7_75t_SL)
     3    2.91   16.77   13.35  329.48 ^ _105538_/Y (OR3x1_ASAP7_75t_SL)
                                         _038311_ (net)
                 16.77    0.12  329.59 ^ _105539_/B1 (OAI22x1_ASAP7_75t_R)
     4    4.30   27.77   17.02  346.61 v _105539_/Y (OAI22x1_ASAP7_75t_R)
                                         _038312_ (net)
                 27.77    0.23  346.83 v _105540_/C (NAND3x1_ASAP7_75t_R)
     9    7.51   57.04   36.82  383.66 ^ _105540_/Y (NAND3x1_ASAP7_75t_R)
                                         _038313_ (net)
                 57.07    0.81  384.46 ^ place41148/A (BUFx3_ASAP7_75t_L)
     5    3.41   10.49   17.97  402.44 ^ place41148/Y (BUFx3_ASAP7_75t_L)
                                         net40973 (net)
                 10.49    0.08  402.52 ^ place41147/A (BUFx3_ASAP7_75t_L)
    10    6.66   14.99   15.72  418.24 ^ place41147/Y (BUFx3_ASAP7_75t_L)
                                         net40972 (net)
                 15.01    0.34  418.57 ^ _105832_/C2 (OA222x2_ASAP7_75t_R)
     1    1.26   10.64   27.36  445.93 ^ _105832_/Y (OA222x2_ASAP7_75t_R)
                                         _038525_ (net)
                 10.64    0.07  446.00 ^ _105833_/B (NAND2x1_ASAP7_75t_R)
     1    0.74    7.70    6.33  452.34 v _105833_/Y (NAND2x1_ASAP7_75t_R)
                                         _038526_ (net)
                  7.70    0.03  452.37 v _105834_/A2 (AO21x1_ASAP7_75t_R)
     1    0.73    7.24   14.30  466.67 v _105834_/Y (AO21x1_ASAP7_75t_R)
                                         _038527_ (net)
                  7.24    0.03  466.70 v _105835_/B (OA21x2_ASAP7_75t_R)
     4    5.22   18.19   18.19  484.89 v _105835_/Y (OA21x2_ASAP7_75t_R)
                                         _011583_ (net)
                 18.23    0.47  485.36 v _197942_/A (HAxp5_ASAP7_75t_R)
     5    3.55   41.17   25.40  510.75 ^ _197942_/CON (HAxp5_ASAP7_75t_R)
                                         _012216_ (net)
     1    0.81   17.52   12.84  523.59 v _197942_/SN (HAxp5_ASAP7_75t_R)
                                         _012217_ (net)
                 17.52    0.03  523.62 v place39330/A (BUFx3_ASAP7_75t_L)
     8    6.49   13.27   17.56  541.19 v place39330/Y (BUFx3_ASAP7_75t_L)
                                         net39155 (net)
                 13.28    0.21  541.40 v _109013_/A1 (OA21x2_ASAP7_75t_R)
     1    0.77    7.65   17.62  559.02 v _109013_/Y (OA21x2_ASAP7_75t_R)
                                         _041693_ (net)
                  7.65    0.03  559.04 v _109014_/A2 (OA21x2_ASAP7_75t_SL)
     1    0.74    6.03   11.98  571.02 v _109014_/Y (OA21x2_ASAP7_75t_SL)
                                         _041694_ (net)
                  6.03    0.03  571.05 v _109015_/A2 (OA21x2_ASAP7_75t_R)
     2    1.62    9.31   17.46  588.51 v _109015_/Y (OA21x2_ASAP7_75t_R)
                                         _041695_ (net)
                  9.32    0.07  588.58 v _109016_/A2 (OA21x2_ASAP7_75t_SL)
     3    2.14   12.00   14.09  602.67 v _109016_/Y (OA21x2_ASAP7_75t_SL)
                                         _041696_ (net)
                 12.01    0.10  602.77 v _109017_/A2 (OA21x2_ASAP7_75t_R)
     2    1.89   10.68   19.63  622.40 v _109017_/Y (OA21x2_ASAP7_75t_R)
                                         _041697_ (net)
                 10.68    0.05  622.45 v _109018_/A2 (OA21x2_ASAP7_75t_R)
     3    2.43   11.84   20.12  642.57 v _109018_/Y (OA21x2_ASAP7_75t_R)
                                         _041698_ (net)
                 11.84    0.07  642.64 v _109214_/A2 (OA211x2_ASAP7_75t_R)
     1    0.53    9.79   22.35  664.99 v _109214_/Y (OA211x2_ASAP7_75t_R)
                                         _041892_ (net)
                  9.79    0.02  665.01 v _109215_/B (OA211x2_ASAP7_75t_R)
     1    0.96    9.85   26.13  691.14 v _109215_/Y (OA211x2_ASAP7_75t_R)
                                         _041893_ (net)
                  9.85    0.03  691.17 v _109219_/B (AO211x2_ASAP7_75t_R)
     2    2.27   10.10   19.36  710.53 v _109219_/Y (AO211x2_ASAP7_75t_R)
                                         _041897_ (net)
                 10.12    0.23  710.77 v _109220_/D (OR4x1_ASAP7_75t_L)
     1    0.72    8.78   20.85  731.61 v _109220_/Y (OR4x1_ASAP7_75t_L)
                                         _041898_ (net)
                  8.78    0.04  731.65 v _109302_/D (OR5x1_ASAP7_75t_SL)
     2    2.18   16.46   25.56  757.21 v _109302_/Y (OR5x1_ASAP7_75t_SL)
                                         _041978_ (net)
                 16.48    0.32  757.53 v _109324_/C (OR4x1_ASAP7_75t_SL)
     4    4.29   24.02   26.68  784.21 v _109324_/Y (OR4x1_ASAP7_75t_SL)
                                         _042000_ (net)
                 24.04    0.45  784.66 v _109325_/B (NAND2x1_ASAP7_75t_SL)
     1    1.52   17.58   10.23  794.89 ^ _109325_/Y (NAND2x1_ASAP7_75t_SL)
                                         _042001_ (net)
                 17.58    0.08  794.98 ^ _109337_/A1 (AOI21x1_ASAP7_75t_SL)
     2    8.73   39.73   17.64  812.62 v _109337_/Y (AOI21x1_ASAP7_75t_SL)
                                         _042013_ (net)
                 43.47    6.36  818.98 v _113711_/A2 (OAI21x1_ASAP7_75t_R)
     4    3.53   33.99   22.90  841.88 ^ _113711_/Y (OAI21x1_ASAP7_75t_R)
                                         _046370_ (net)
                 33.99    0.15  842.03 ^ _127345_/B (NAND2x1_ASAP7_75t_R)
     3   17.65   99.10   38.84  880.88 v _127345_/Y (NAND2x1_ASAP7_75t_R)
                                         _057510_ (net)
                120.41   23.72  904.59 v _127364_/A (OR4x2_ASAP7_75t_SL)
     2   13.50   39.43   59.28  963.87 v _127364_/Y (OR4x2_ASAP7_75t_SL)
                                         _057529_ (net)
                 59.78   14.58  978.45 v _127368_/A (OR3x1_ASAP7_75t_SL)
     5   13.02   64.71   45.06 1023.51 v _127368_/Y (OR3x1_ASAP7_75t_SL)
                                         _057533_ (net)
                 66.64    6.22 1029.73 v _127369_/A (INVx1_ASAP7_75t_SL)
     2   12.83   77.88   40.28 1070.01 ^ _127369_/Y (INVx1_ASAP7_75t_SL)
                                         gen_cache_hpd.i_cache_subsystem.i_cva6_icache.cache_wren (net)
                 85.24   12.41 1082.42 ^ place36395/A (BUFx3_ASAP7_75t_L)
     2   19.66   40.86   28.10 1110.52 ^ place36395/Y (BUFx3_ASAP7_75t_L)
                                         net36220 (net)
                 30.88    2.16 1112.68 ^ gen_cache_hpd.i_cache_subsystem.i_cva6_icache.gen_sram[0].data_sram.gen_techno_cut.genblk1.i_tc_sram_wrapper/we_in (fakeram7_64x256)
                               1112.68   data arrival time

                       1000.00 1000.00   clock main_clk (rise edge)
                          0.00 1000.00   clock source latency
     1   12.21    0.00    0.00 1000.00 ^ clk_i (in)
                                         clk_i (net)
                 58.11   18.33 1018.33 ^ wire47475/A (BUFx10_ASAP7_75t_SL)
     2   16.24   11.77   18.24 1036.57 ^ wire47475/Y (BUFx10_ASAP7_75t_SL)
                                         net47300 (net)
                 96.83   30.39 1066.96 ^ clkbuf_0_clk_i/A (BUFx24_ASAP7_75t_SL)
     2   15.73   17.66   23.14 1090.10 ^ clkbuf_0_clk_i/Y (BUFx24_ASAP7_75t_SL)
                                         clknet_0_clk_i (net)
                 31.92    9.15 1099.26 ^ clkbuf_1_0_0_clk_i/A (BUFx24_ASAP7_75t_SL)
     4  125.27   17.76   20.11 1119.36 ^ clkbuf_1_0_0_clk_i/Y (BUFx24_ASAP7_75t_SL)
                                         clknet_1_0_0_clk_i (net)
                110.42   42.64 1162.00 ^ gen_cache_hpd.i_cache_subsystem.i_cva6_icache.gen_sram[0].data_sram.gen_techno_cut.genblk1.i_tc_sram_wrapper/clk (fakeram7_64x256)
                          0.88 1162.88   clock reconvergence pessimism
                        -50.00 1112.88   library setup time
                               1112.88   data required time
-----------------------------------------------------------------------------
                               1112.88   data required time
                               -1112.68   data arrival time
-----------------------------------------------------------------------------
                                  0.19   slack (MET)



==========================================================================
cts final report_checks -unconstrained
--------------------------------------------------------------------------
Startpoint: issue_stage_i.i_issue_read_operands.branch_valid_o[1]$_DFF_PN0_
            (rising edge-triggered flip-flop clocked by main_clk)
Endpoint: gen_cache_hpd.i_cache_subsystem.i_cva6_icache.gen_sram[0].data_sram.gen_techno_cut.genblk1.i_tc_sram_wrapper
          (rising edge-triggered flip-flop clocked by main_clk)
Path Group: main_clk
Path Type: max

Fanout     Cap    Slew   Delay    Time   Description
-----------------------------------------------------------------------------
                          0.00    0.00   clock main_clk (rise edge)
                          0.00    0.00   clock source latency
     1   12.47    0.00    0.00    0.00 ^ clk_i (in)
                                         clk_i (net)
                 60.37   19.05   19.05 ^ wire47475/A (BUFx10_ASAP7_75t_SL)
     2   17.31   11.93   18.40   37.45 ^ wire47475/Y (BUFx10_ASAP7_75t_SL)
                                         net47300 (net)
                101.76   31.90   69.34 ^ clkbuf_regs_0_main_clk/A (BUFx24_ASAP7_75t_SL)
     1    2.99   15.11   22.25   91.59 ^ clkbuf_regs_0_main_clk/Y (BUFx24_ASAP7_75t_SL)
                                         clk_i_regs (net)
                 15.11    0.23   91.82 ^ clkbuf_0_clk_i_regs/A (BUFx24_ASAP7_75t_SL)
     2   16.61   11.34   15.95  107.77 ^ clkbuf_0_clk_i_regs/Y (BUFx24_ASAP7_75t_SL)
                                         clknet_0_clk_i_regs (net)
                 28.20    8.19  115.96 ^ clkbuf_1_0_0_clk_i_regs/A (BUFx24_ASAP7_75t_SL)
     4   24.57   12.85   17.91  133.86 ^ clkbuf_1_0_0_clk_i_regs/Y (BUFx24_ASAP7_75t_SL)
                                         clknet_1_0_0_clk_i_regs (net)
                 38.59   11.15  145.01 ^ clkbuf_3_3_0_clk_i_regs/A (BUFx24_ASAP7_75t_SL)
     4   20.69   14.13   19.33  164.34 ^ clkbuf_3_3_0_clk_i_regs/Y (BUFx24_ASAP7_75t_SL)
                                         clknet_3_3_0_clk_i_regs (net)
                 29.16    8.03  172.37 ^ clkbuf_5_15_0_clk_i_regs/A (BUFx24_ASAP7_75t_SL)
     2    7.68   11.06   17.40  189.78 ^ clkbuf_5_15_0_clk_i_regs/Y (BUFx24_ASAP7_75t_SL)
                                         clknet_5_15_0_clk_i_regs (net)
                 12.57    2.37  192.14 ^ clkbuf_6_30__f_clk_i_regs/A (BUFx24_ASAP7_75t_SL)
     5   18.37   12.67   15.97  208.12 ^ clkbuf_6_30__f_clk_i_regs/Y (BUFx24_ASAP7_75t_SL)
                                         clknet_6_30__leaf_clk_i_regs (net)
                 13.51    1.16  209.27 ^ clkbuf_leaf_193_clk_i_regs/A (BUFx24_ASAP7_75t_SL)
    21   19.23   13.86   16.80  226.07 ^ clkbuf_leaf_193_clk_i_regs/Y (BUFx24_ASAP7_75t_SL)
                                         clknet_leaf_193_clk_i_regs (net)
                 14.31    1.17  227.24 ^ issue_stage_i.i_issue_read_operands.branch_valid_o[1]$_DFF_PN0_/CLK (DFFASRHQNx1_ASAP7_75t_SL)
     6    8.68   47.42   46.21  273.45 v issue_stage_i.i_issue_read_operands.branch_valid_o[1]$_DFF_PN0_/QN (DFFASRHQNx1_ASAP7_75t_SL)
                                         _008158_ (net)
                 47.65    1.87  275.32 v _104758_/B (NAND3x2_ASAP7_75t_SL)
     7    6.37   32.40   22.74  298.06 ^ _104758_/Y (NAND3x2_ASAP7_75t_SL)
                                         _037598_ (net)
                 32.41    0.39  298.45 ^ place44352/A (BUFx3_ASAP7_75t_L)
     7    5.12   12.85   17.46  315.92 ^ place44352/Y (BUFx3_ASAP7_75t_L)
                                         net44177 (net)
                 12.86    0.21  316.13 ^ _105538_/B (OR3x1_ASAP7_75t_SL)
     3    2.91   16.77   13.35  329.48 ^ _105538_/Y (OR3x1_ASAP7_75t_SL)
                                         _038311_ (net)
                 16.77    0.12  329.59 ^ _105539_/B1 (OAI22x1_ASAP7_75t_R)
     4    4.30   27.77   17.02  346.61 v _105539_/Y (OAI22x1_ASAP7_75t_R)
                                         _038312_ (net)
                 27.77    0.23  346.83 v _105540_/C (NAND3x1_ASAP7_75t_R)
     9    7.51   57.04   36.82  383.66 ^ _105540_/Y (NAND3x1_ASAP7_75t_R)
                                         _038313_ (net)
                 57.07    0.81  384.46 ^ place41148/A (BUFx3_ASAP7_75t_L)
     5    3.41   10.49   17.97  402.44 ^ place41148/Y (BUFx3_ASAP7_75t_L)
                                         net40973 (net)
                 10.49    0.08  402.52 ^ place41147/A (BUFx3_ASAP7_75t_L)
    10    6.66   14.99   15.72  418.24 ^ place41147/Y (BUFx3_ASAP7_75t_L)
                                         net40972 (net)
                 15.01    0.34  418.57 ^ _105832_/C2 (OA222x2_ASAP7_75t_R)
     1    1.26   10.64   27.36  445.93 ^ _105832_/Y (OA222x2_ASAP7_75t_R)
                                         _038525_ (net)
                 10.64    0.07  446.00 ^ _105833_/B (NAND2x1_ASAP7_75t_R)
     1    0.74    7.70    6.33  452.34 v _105833_/Y (NAND2x1_ASAP7_75t_R)
                                         _038526_ (net)
                  7.70    0.03  452.37 v _105834_/A2 (AO21x1_ASAP7_75t_R)
     1    0.73    7.24   14.30  466.67 v _105834_/Y (AO21x1_ASAP7_75t_R)
                                         _038527_ (net)
                  7.24    0.03  466.70 v _105835_/B (OA21x2_ASAP7_75t_R)
     4    5.22   18.19   18.19  484.89 v _105835_/Y (OA21x2_ASAP7_75t_R)
                                         _011583_ (net)
                 18.23    0.47  485.36 v _197942_/A (HAxp5_ASAP7_75t_R)
     5    3.55   41.17   25.40  510.75 ^ _197942_/CON (HAxp5_ASAP7_75t_R)
                                         _012216_ (net)
     1    0.81   17.52   12.84  523.59 v _197942_/SN (HAxp5_ASAP7_75t_R)
                                         _012217_ (net)
                 17.52    0.03  523.62 v place39330/A (BUFx3_ASAP7_75t_L)
     8    6.49   13.27   17.56  541.19 v place39330/Y (BUFx3_ASAP7_75t_L)
                                         net39155 (net)
                 13.28    0.21  541.40 v _109013_/A1 (OA21x2_ASAP7_75t_R)
     1    0.77    7.65   17.62  559.02 v _109013_/Y (OA21x2_ASAP7_75t_R)
                                         _041693_ (net)
                  7.65    0.03  559.04 v _109014_/A2 (OA21x2_ASAP7_75t_SL)
     1    0.74    6.03   11.98  571.02 v _109014_/Y (OA21x2_ASAP7_75t_SL)
                                         _041694_ (net)
                  6.03    0.03  571.05 v _109015_/A2 (OA21x2_ASAP7_75t_R)
     2    1.62    9.31   17.46  588.51 v _109015_/Y (OA21x2_ASAP7_75t_R)
                                         _041695_ (net)
                  9.32    0.07  588.58 v _109016_/A2 (OA21x2_ASAP7_75t_SL)
     3    2.14   12.00   14.09  602.67 v _109016_/Y (OA21x2_ASAP7_75t_SL)
                                         _041696_ (net)
                 12.01    0.10  602.77 v _109017_/A2 (OA21x2_ASAP7_75t_R)
     2    1.89   10.68   19.63  622.40 v _109017_/Y (OA21x2_ASAP7_75t_R)
                                         _041697_ (net)
                 10.68    0.05  622.45 v _109018_/A2 (OA21x2_ASAP7_75t_R)
     3    2.43   11.84   20.12  642.57 v _109018_/Y (OA21x2_ASAP7_75t_R)
                                         _041698_ (net)
                 11.84    0.07  642.64 v _109214_/A2 (OA211x2_ASAP7_75t_R)
     1    0.53    9.79   22.35  664.99 v _109214_/Y (OA211x2_ASAP7_75t_R)
                                         _041892_ (net)
                  9.79    0.02  665.01 v _109215_/B (OA211x2_ASAP7_75t_R)
     1    0.96    9.85   26.13  691.14 v _109215_/Y (OA211x2_ASAP7_75t_R)
                                         _041893_ (net)
                  9.85    0.03  691.17 v _109219_/B (AO211x2_ASAP7_75t_R)
     2    2.27   10.10   19.36  710.53 v _109219_/Y (AO211x2_ASAP7_75t_R)
                                         _041897_ (net)
                 10.12    0.23  710.77 v _109220_/D (OR4x1_ASAP7_75t_L)
     1    0.72    8.78   20.85  731.61 v _109220_/Y (OR4x1_ASAP7_75t_L)
                                         _041898_ (net)
                  8.78    0.04  731.65 v _109302_/D (OR5x1_ASAP7_75t_SL)
     2    2.18   16.46   25.56  757.21 v _109302_/Y (OR5x1_ASAP7_75t_SL)
                                         _041978_ (net)
                 16.48    0.32  757.53 v _109324_/C (OR4x1_ASAP7_75t_SL)
     4    4.29   24.02   26.68  784.21 v _109324_/Y (OR4x1_ASAP7_75t_SL)
                                         _042000_ (net)
                 24.04    0.45  784.66 v _109325_/B (NAND2x1_ASAP7_75t_SL)
     1    1.52   17.58   10.23  794.89 ^ _109325_/Y (NAND2x1_ASAP7_75t_SL)
                                         _042001_ (net)
                 17.58    0.08  794.98 ^ _109337_/A1 (AOI21x1_ASAP7_75t_SL)
     2    8.73   39.73   17.64  812.62 v _109337_/Y (AOI21x1_ASAP7_75t_SL)
                                         _042013_ (net)
                 43.47    6.36  818.98 v _113711_/A2 (OAI21x1_ASAP7_75t_R)
     4    3.53   33.99   22.90  841.88 ^ _113711_/Y (OAI21x1_ASAP7_75t_R)
                                         _046370_ (net)
                 33.99    0.15  842.03 ^ _127345_/B (NAND2x1_ASAP7_75t_R)
     3   17.65   99.10   38.84  880.88 v _127345_/Y (NAND2x1_ASAP7_75t_R)
                                         _057510_ (net)
                120.41   23.72  904.59 v _127364_/A (OR4x2_ASAP7_75t_SL)
     2   13.50   39.43   59.28  963.87 v _127364_/Y (OR4x2_ASAP7_75t_SL)
                                         _057529_ (net)
                 59.78   14.58  978.45 v _127368_/A (OR3x1_ASAP7_75t_SL)
     5   13.02   64.71   45.06 1023.51 v _127368_/Y (OR3x1_ASAP7_75t_SL)
                                         _057533_ (net)
                 66.64    6.22 1029.73 v _127369_/A (INVx1_ASAP7_75t_SL)
     2   12.83   77.88   40.28 1070.01 ^ _127369_/Y (INVx1_ASAP7_75t_SL)
                                         gen_cache_hpd.i_cache_subsystem.i_cva6_icache.cache_wren (net)
                 85.24   12.41 1082.42 ^ place36395/A (BUFx3_ASAP7_75t_L)
     2   19.66   40.86   28.10 1110.52 ^ place36395/Y (BUFx3_ASAP7_75t_L)
                                         net36220 (net)
                 30.88    2.16 1112.68 ^ gen_cache_hpd.i_cache_subsystem.i_cva6_icache.gen_sram[0].data_sram.gen_techno_cut.genblk1.i_tc_sram_wrapper/we_in (fakeram7_64x256)
                               1112.68   data arrival time

                       1000.00 1000.00   clock main_clk (rise edge)
                          0.00 1000.00   clock source latency
     1   12.21    0.00    0.00 1000.00 ^ clk_i (in)
                                         clk_i (net)
                 58.11   18.33 1018.33 ^ wire47475/A (BUFx10_ASAP7_75t_SL)
     2   16.24   11.77   18.24 1036.57 ^ wire47475/Y (BUFx10_ASAP7_75t_SL)
                                         net47300 (net)
                 96.83   30.39 1066.96 ^ clkbuf_0_clk_i/A (BUFx24_ASAP7_75t_SL)
     2   15.73   17.66   23.14 1090.10 ^ clkbuf_0_clk_i/Y (BUFx24_ASAP7_75t_SL)
                                         clknet_0_clk_i (net)
                 31.92    9.15 1099.26 ^ clkbuf_1_0_0_clk_i/A (BUFx24_ASAP7_75t_SL)
     4  125.27   17.76   20.11 1119.36 ^ clkbuf_1_0_0_clk_i/Y (BUFx24_ASAP7_75t_SL)
                                         clknet_1_0_0_clk_i (net)
                110.42   42.64 1162.00 ^ gen_cache_hpd.i_cache_subsystem.i_cva6_icache.gen_sram[0].data_sram.gen_techno_cut.genblk1.i_tc_sram_wrapper/clk (fakeram7_64x256)
                          0.88 1162.88   clock reconvergence pessimism
                        -50.00 1112.88   library setup time
                               1112.88   data required time
-----------------------------------------------------------------------------
                               1112.88   data required time
                               -1112.68   data arrival time
-----------------------------------------------------------------------------
                                  0.19   slack (MET)



==========================================================================
cts final report_check_types -max_slew -max_cap -max_fanout -violators
--------------------------------------------------------------------------
max fanout

Pin                                   Limit Fanout  Slack
---------------------------------------------------------
clkbuf_leaf_247_clk_i_regs/Y             10     29    -19 (VIOLATED)
clkbuf_leaf_135_clk_i_regs/Y             10     28    -18 (VIOLATED)
clkbuf_leaf_209_clk_i_regs/Y             10     28    -18 (VIOLATED)
clkbuf_leaf_289_clk_i_regs/Y             10     28    -18 (VIOLATED)
clkbuf_leaf_2_clk_i_regs/Y               10     28    -18 (VIOLATED)
clkbuf_leaf_310_clk_i_regs/Y             10     28    -18 (VIOLATED)
clkbuf_leaf_313_clk_i_regs/Y             10     28    -18 (VIOLATED)
clkbuf_leaf_132_clk_i_regs/Y             10     27    -17 (VIOLATED)
clkbuf_leaf_143_clk_i_regs/Y             10     27    -17 (VIOLATED)
clkbuf_leaf_149_clk_i_regs/Y             10     27    -17 (VIOLATED)
clkbuf_leaf_249_clk_i_regs/Y             10     27    -17 (VIOLATED)
clkbuf_leaf_251_clk_i_regs/Y             10     27    -17 (VIOLATED)
clkbuf_leaf_269_clk_i_regs/Y             10     27    -17 (VIOLATED)
clkbuf_leaf_279_clk_i_regs/Y             10     27    -17 (VIOLATED)
clkbuf_leaf_283_clk_i_regs/Y             10     27    -17 (VIOLATED)
clkbuf_leaf_309_clk_i_regs/Y             10     27    -17 (VIOLATED)
clkbuf_leaf_311_clk_i_regs/Y             10     27    -17 (VIOLATED)
clkbuf_leaf_41_clk_i_regs/Y              10     27    -17 (VIOLATED)
clkbuf_leaf_62_clk_i_regs/Y              10     27    -17 (VIOLATED)
clkbuf_leaf_68_clk_i_regs/Y              10     27    -17 (VIOLATED)
clkbuf_leaf_81_clk_i_regs/Y              10     27    -17 (VIOLATED)
clkbuf_leaf_86_clk_i_regs/Y              10     27    -17 (VIOLATED)
clkbuf_leaf_88_clk_i_regs/Y              10     27    -17 (VIOLATED)
clkbuf_leaf_114_clk_i_regs/Y             10     26    -16 (VIOLATED)
clkbuf_leaf_123_clk_i_regs/Y             10     26    -16 (VIOLATED)
clkbuf_leaf_128_clk_i_regs/Y             10     26    -16 (VIOLATED)
clkbuf_leaf_130_clk_i_regs/Y             10     26    -16 (VIOLATED)
clkbuf_leaf_133_clk_i_regs/Y             10     26    -16 (VIOLATED)
clkbuf_leaf_154_clk_i_regs/Y             10     26    -16 (VIOLATED)
clkbuf_leaf_163_clk_i_regs/Y             10     26    -16 (VIOLATED)
clkbuf_leaf_165_clk_i_regs/Y             10     26    -16 (VIOLATED)
clkbuf_leaf_166_clk_i_regs/Y             10     26    -16 (VIOLATED)
clkbuf_leaf_172_clk_i_regs/Y             10     26    -16 (VIOLATED)
clkbuf_leaf_174_clk_i_regs/Y             10     26    -16 (VIOLATED)
clkbuf_leaf_180_clk_i_regs/Y             10     26    -16 (VIOLATED)
clkbuf_leaf_250_clk_i_regs/Y             10     26    -16 (VIOLATED)
clkbuf_leaf_252_clk_i_regs/Y             10     26    -16 (VIOLATED)
clkbuf_leaf_268_clk_i_regs/Y             10     26    -16 (VIOLATED)
clkbuf_leaf_274_clk_i_regs/Y             10     26    -16 (VIOLATED)
clkbuf_leaf_284_clk_i_regs/Y             10     26    -16 (VIOLATED)
clkbuf_leaf_285_clk_i_regs/Y             10     26    -16 (VIOLATED)
clkbuf_leaf_287_clk_i_regs/Y             10     26    -16 (VIOLATED)
clkbuf_leaf_290_clk_i_regs/Y             10     26    -16 (VIOLATED)
clkbuf_leaf_291_clk_i_regs/Y             10     26    -16 (VIOLATED)
clkbuf_leaf_296_clk_i_regs/Y             10     26    -16 (VIOLATED)
clkbuf_leaf_315_clk_i_regs/Y             10     26    -16 (VIOLATED)
clkbuf_leaf_326_clk_i_regs/Y             10     26    -16 (VIOLATED)
clkbuf_leaf_330_clk_i_regs/Y             10     26    -16 (VIOLATED)
clkbuf_leaf_332_clk_i_regs/Y             10     26    -16 (VIOLATED)
clkbuf_leaf_63_clk_i_regs/Y              10     26    -16 (VIOLATED)
clkbuf_leaf_72_clk_i_regs/Y              10     26    -16 (VIOLATED)
clkbuf_leaf_7_clk_i_regs/Y               10     26    -16 (VIOLATED)
clkbuf_leaf_85_clk_i_regs/Y              10     26    -16 (VIOLATED)
clkbuf_leaf_89_clk_i_regs/Y              10     26    -16 (VIOLATED)
clkbuf_leaf_8_clk_i_regs/Y               10     26    -16 (VIOLATED)
clkbuf_leaf_103_clk_i_regs/Y             10     25    -15 (VIOLATED)
clkbuf_leaf_110_clk_i_regs/Y             10     25    -15 (VIOLATED)
clkbuf_leaf_115_clk_i_regs/Y             10     25    -15 (VIOLATED)
clkbuf_leaf_122_clk_i_regs/Y             10     25    -15 (VIOLATED)
clkbuf_leaf_126_clk_i_regs/Y             10     25    -15 (VIOLATED)
clkbuf_leaf_127_clk_i_regs/Y             10     25    -15 (VIOLATED)
clkbuf_leaf_129_clk_i_regs/Y             10     25    -15 (VIOLATED)
clkbuf_leaf_148_clk_i_regs/Y             10     25    -15 (VIOLATED)
clkbuf_leaf_152_clk_i_regs/Y             10     25    -15 (VIOLATED)
clkbuf_leaf_153_clk_i_regs/Y             10     25    -15 (VIOLATED)
clkbuf_leaf_184_clk_i_regs/Y             10     25    -15 (VIOLATED)
clkbuf_leaf_185_clk_i_regs/Y             10     25    -15 (VIOLATED)
clkbuf_leaf_195_clk_i_regs/Y             10     25    -15 (VIOLATED)
clkbuf_leaf_198_clk_i_regs/Y             10     25    -15 (VIOLATED)
clkbuf_leaf_22_clk_i_regs/Y              10     25    -15 (VIOLATED)
clkbuf_leaf_253_clk_i_regs/Y             10     25    -15 (VIOLATED)
clkbuf_leaf_264_clk_i_regs/Y             10     25    -15 (VIOLATED)
clkbuf_leaf_266_clk_i_regs/Y             10     25    -15 (VIOLATED)
clkbuf_leaf_267_clk_i_regs/Y             10     25    -15 (VIOLATED)
clkbuf_leaf_280_clk_i_regs/Y             10     25    -15 (VIOLATED)
clkbuf_leaf_282_clk_i_regs/Y             10     25    -15 (VIOLATED)
clkbuf_leaf_292_clk_i_regs/Y             10     25    -15 (VIOLATED)
clkbuf_leaf_314_clk_i_regs/Y             10     25    -15 (VIOLATED)
clkbuf_leaf_318_clk_i_regs/Y             10     25    -15 (VIOLATED)
clkbuf_leaf_320_clk_i_regs/Y             10     25    -15 (VIOLATED)
clkbuf_leaf_322_clk_i_regs/Y             10     25    -15 (VIOLATED)
clkbuf_leaf_324_clk_i_regs/Y             10     25    -15 (VIOLATED)
clkbuf_leaf_325_clk_i_regs/Y             10     25    -15 (VIOLATED)
clkbuf_leaf_331_clk_i_regs/Y             10     25    -15 (VIOLATED)
clkbuf_leaf_33_clk_i_regs/Y              10     25    -15 (VIOLATED)
clkbuf_leaf_51_clk_i_regs/Y              10     25    -15 (VIOLATED)
clkbuf_leaf_56_clk_i_regs/Y              10     25    -15 (VIOLATED)
clkbuf_leaf_66_clk_i_regs/Y              10     25    -15 (VIOLATED)
clkbuf_leaf_74_clk_i_regs/Y              10     25    -15 (VIOLATED)
clkbuf_leaf_77_clk_i_regs/Y              10     25    -15 (VIOLATED)
clkbuf_leaf_79_clk_i_regs/Y              10     25    -15 (VIOLATED)
clkbuf_leaf_87_clk_i_regs/Y              10     25    -15 (VIOLATED)
clkbuf_leaf_93_clk_i_regs/Y              10     25    -15 (VIOLATED)
clkbuf_leaf_98_clk_i_regs/Y              10     25    -15 (VIOLATED)
clkbuf_leaf_113_clk_i_regs/Y             10     24    -14 (VIOLATED)
clkbuf_leaf_116_clk_i_regs/Y             10     24    -14 (VIOLATED)
clkbuf_leaf_120_clk_i_regs/Y             10     24    -14 (VIOLATED)
clkbuf_leaf_121_clk_i_regs/Y             10     24    -14 (VIOLATED)
clkbuf_leaf_125_clk_i_regs/Y             10     24    -14 (VIOLATED)
clkbuf_leaf_142_clk_i_regs/Y             10     24    -14 (VIOLATED)
clkbuf_leaf_158_clk_i_regs/Y             10     24    -14 (VIOLATED)
clkbuf_leaf_169_clk_i_regs/Y             10     24    -14 (VIOLATED)
clkbuf_leaf_186_clk_i_regs/Y             10     24    -14 (VIOLATED)
clkbuf_leaf_201_clk_i_regs/Y             10     24    -14 (VIOLATED)
clkbuf_leaf_237_clk_i_regs/Y             10     24    -14 (VIOLATED)
clkbuf_leaf_238_clk_i_regs/Y             10     24    -14 (VIOLATED)
clkbuf_leaf_24_clk_i_regs/Y              10     24    -14 (VIOLATED)
clkbuf_leaf_25_clk_i_regs/Y              10     24    -14 (VIOLATED)
clkbuf_leaf_262_clk_i_regs/Y             10     24    -14 (VIOLATED)
clkbuf_leaf_265_clk_i_regs/Y             10     24    -14 (VIOLATED)
clkbuf_leaf_275_clk_i_regs/Y             10     24    -14 (VIOLATED)
clkbuf_leaf_276_clk_i_regs/Y             10     24    -14 (VIOLATED)
clkbuf_leaf_277_clk_i_regs/Y             10     24    -14 (VIOLATED)
clkbuf_leaf_278_clk_i_regs/Y             10     24    -14 (VIOLATED)
clkbuf_leaf_27_clk_i_regs/Y              10     24    -14 (VIOLATED)
clkbuf_leaf_286_clk_i_regs/Y             10     24    -14 (VIOLATED)
clkbuf_leaf_293_clk_i_regs/Y             10     24    -14 (VIOLATED)
clkbuf_leaf_299_clk_i_regs/Y             10     24    -14 (VIOLATED)
clkbuf_leaf_307_clk_i_regs/Y             10     24    -14 (VIOLATED)
clkbuf_leaf_317_clk_i_regs/Y             10     24    -14 (VIOLATED)
clkbuf_leaf_329_clk_i_regs/Y             10     24    -14 (VIOLATED)
clkbuf_leaf_45_clk_i_regs/Y              10     24    -14 (VIOLATED)
clkbuf_leaf_47_clk_i_regs/Y              10     24    -14 (VIOLATED)
clkbuf_leaf_49_clk_i_regs/Y              10     24    -14 (VIOLATED)
clkbuf_leaf_50_clk_i_regs/Y              10     24    -14 (VIOLATED)
clkbuf_leaf_55_clk_i_regs/Y              10     24    -14 (VIOLATED)
clkbuf_leaf_61_clk_i_regs/Y              10     24    -14 (VIOLATED)
clkbuf_leaf_65_clk_i_regs/Y              10     24    -14 (VIOLATED)
clkbuf_leaf_69_clk_i_regs/Y              10     24    -14 (VIOLATED)
clkbuf_leaf_71_clk_i_regs/Y              10     24    -14 (VIOLATED)
clkbuf_leaf_73_clk_i_regs/Y              10     24    -14 (VIOLATED)
clkbuf_leaf_75_clk_i_regs/Y              10     24    -14 (VIOLATED)
clkbuf_leaf_76_clk_i_regs/Y              10     24    -14 (VIOLATED)
clkbuf_leaf_80_clk_i_regs/Y              10     24    -14 (VIOLATED)
clkbuf_leaf_83_clk_i_regs/Y              10     24    -14 (VIOLATED)
clkbuf_leaf_90_clk_i_regs/Y              10     24    -14 (VIOLATED)
clkbuf_leaf_94_clk_i_regs/Y              10     24    -14 (VIOLATED)
clkbuf_leaf_0_clk_i_regs/Y               10     23    -13 (VIOLATED)
clkbuf_leaf_105_clk_i_regs/Y             10     23    -13 (VIOLATED)
clkbuf_leaf_109_clk_i_regs/Y             10     23    -13 (VIOLATED)
clkbuf_leaf_111_clk_i_regs/Y             10     23    -13 (VIOLATED)
clkbuf_leaf_119_clk_i_regs/Y             10     23    -13 (VIOLATED)
clkbuf_leaf_11_clk_i_regs/Y              10     23    -13 (VIOLATED)
clkbuf_leaf_124_clk_i_regs/Y             10     23    -13 (VIOLATED)
clkbuf_leaf_136_clk_i_regs/Y             10     23    -13 (VIOLATED)
clkbuf_leaf_138_clk_i_regs/Y             10     23    -13 (VIOLATED)
clkbuf_leaf_140_clk_i_regs/Y             10     23    -13 (VIOLATED)
clkbuf_leaf_164_clk_i_regs/Y             10     23    -13 (VIOLATED)
clkbuf_leaf_168_clk_i_regs/Y             10     23    -13 (VIOLATED)
clkbuf_leaf_171_clk_i_regs/Y             10     23    -13 (VIOLATED)
clkbuf_leaf_194_clk_i_regs/Y             10     23    -13 (VIOLATED)
clkbuf_leaf_200_clk_i_regs/Y             10     23    -13 (VIOLATED)
clkbuf_leaf_212_clk_i_regs/Y             10     23    -13 (VIOLATED)
clkbuf_leaf_21_clk_i_regs/Y              10     23    -13 (VIOLATED)
clkbuf_leaf_223_clk_i_regs/Y             10     23    -13 (VIOLATED)
clkbuf_leaf_226_clk_i_regs/Y             10     23    -13 (VIOLATED)
clkbuf_leaf_227_clk_i_regs/Y             10     23    -13 (VIOLATED)
clkbuf_leaf_235_clk_i_regs/Y             10     23    -13 (VIOLATED)
clkbuf_leaf_240_clk_i_regs/Y             10     23    -13 (VIOLATED)
clkbuf_leaf_241_clk_i_regs/Y             10     23    -13 (VIOLATED)
clkbuf_leaf_243_clk_i_regs/Y             10     23    -13 (VIOLATED)
clkbuf_leaf_254_clk_i_regs/Y             10     23    -13 (VIOLATED)
clkbuf_leaf_255_clk_i_regs/Y             10     23    -13 (VIOLATED)
clkbuf_leaf_256_clk_i_regs/Y             10     23    -13 (VIOLATED)
clkbuf_leaf_261_clk_i_regs/Y             10     23    -13 (VIOLATED)
clkbuf_leaf_263_clk_i_regs/Y             10     23    -13 (VIOLATED)
clkbuf_leaf_271_clk_i_regs/Y             10     23    -13 (VIOLATED)
clkbuf_leaf_288_clk_i_regs/Y             10     23    -13 (VIOLATED)
clkbuf_leaf_294_clk_i_regs/Y             10     23    -13 (VIOLATED)
clkbuf_leaf_295_clk_i_regs/Y             10     23    -13 (VIOLATED)
clkbuf_leaf_305_clk_i_regs/Y             10     23    -13 (VIOLATED)
clkbuf_leaf_312_clk_i_regs/Y             10     23    -13 (VIOLATED)
clkbuf_leaf_316_clk_i_regs/Y             10     23    -13 (VIOLATED)
clkbuf_leaf_319_clk_i_regs/Y             10     23    -13 (VIOLATED)
clkbuf_leaf_327_clk_i_regs/Y             10     23    -13 (VIOLATED)
clkbuf_leaf_328_clk_i_regs/Y             10     23    -13 (VIOLATED)
clkbuf_leaf_52_clk_i_regs/Y              10     23    -13 (VIOLATED)
clkbuf_leaf_58_clk_i_regs/Y              10     23    -13 (VIOLATED)
clkbuf_leaf_67_clk_i_regs/Y              10     23    -13 (VIOLATED)
clkbuf_leaf_82_clk_i_regs/Y              10     23    -13 (VIOLATED)
clkbuf_leaf_84_clk_i_regs/Y              10     23    -13 (VIOLATED)
clkbuf_leaf_92_clk_i_regs/Y              10     23    -13 (VIOLATED)
clkbuf_leaf_106_clk_i_regs/Y             10     22    -12 (VIOLATED)
clkbuf_leaf_10_clk_i_regs/Y              10     22    -12 (VIOLATED)
clkbuf_leaf_117_clk_i_regs/Y             10     22    -12 (VIOLATED)
clkbuf_leaf_118_clk_i_regs/Y             10     22    -12 (VIOLATED)
clkbuf_leaf_137_clk_i_regs/Y             10     22    -12 (VIOLATED)
clkbuf_leaf_162_clk_i_regs/Y             10     22    -12 (VIOLATED)
clkbuf_leaf_181_clk_i_regs/Y             10     22    -12 (VIOLATED)
clkbuf_leaf_183_clk_i_regs/Y             10     22    -12 (VIOLATED)
clkbuf_leaf_19_clk_i_regs/Y              10     22    -12 (VIOLATED)
clkbuf_leaf_215_clk_i_regs/Y             10     22    -12 (VIOLATED)
clkbuf_leaf_218_clk_i_regs/Y             10     22    -12 (VIOLATED)
clkbuf_leaf_220_clk_i_regs/Y             10     22    -12 (VIOLATED)
clkbuf_leaf_221_clk_i_regs/Y             10     22    -12 (VIOLATED)
clkbuf_leaf_231_clk_i_regs/Y             10     22    -12 (VIOLATED)
clkbuf_leaf_232_clk_i_regs/Y             10     22    -12 (VIOLATED)
clkbuf_leaf_233_clk_i_regs/Y             10     22    -12 (VIOLATED)
clkbuf_leaf_234_clk_i_regs/Y             10     22    -12 (VIOLATED)
clkbuf_leaf_244_clk_i_regs/Y             10     22    -12 (VIOLATED)
clkbuf_leaf_248_clk_i_regs/Y             10     22    -12 (VIOLATED)
clkbuf_leaf_258_clk_i_regs/Y             10     22    -12 (VIOLATED)
clkbuf_leaf_260_clk_i_regs/Y             10     22    -12 (VIOLATED)
clkbuf_leaf_270_clk_i_regs/Y             10     22    -12 (VIOLATED)
clkbuf_leaf_303_clk_i_regs/Y             10     22    -12 (VIOLATED)
clkbuf_leaf_304_clk_i_regs/Y             10     22    -12 (VIOLATED)
clkbuf_leaf_306_clk_i_regs/Y             10     22    -12 (VIOLATED)
clkbuf_leaf_31_clk_i_regs/Y              10     22    -12 (VIOLATED)
clkbuf_leaf_323_clk_i_regs/Y             10     22    -12 (VIOLATED)
clkbuf_leaf_48_clk_i_regs/Y              10     22    -12 (VIOLATED)
clkbuf_leaf_4_clk_i_regs/Y               10     22    -12 (VIOLATED)
clkbuf_leaf_60_clk_i_regs/Y              10     22    -12 (VIOLATED)
clkbuf_leaf_64_clk_i_regs/Y              10     22    -12 (VIOLATED)
clkbuf_leaf_6_clk_i_regs/Y               10     22    -12 (VIOLATED)
clkbuf_leaf_100_clk_i_regs/Y             10     21    -11 (VIOLATED)
clkbuf_leaf_101_clk_i_regs/Y             10     21    -11 (VIOLATED)
clkbuf_leaf_104_clk_i_regs/Y             10     21    -11 (VIOLATED)
clkbuf_leaf_107_clk_i_regs/Y             10     21    -11 (VIOLATED)
clkbuf_leaf_131_clk_i_regs/Y             10     21    -11 (VIOLATED)
clkbuf_leaf_134_clk_i_regs/Y             10     21    -11 (VIOLATED)
clkbuf_leaf_147_clk_i_regs/Y             10     21    -11 (VIOLATED)
clkbuf_leaf_159_clk_i_regs/Y             10     21    -11 (VIOLATED)
clkbuf_leaf_173_clk_i_regs/Y             10     21    -11 (VIOLATED)
clkbuf_leaf_17_clk_i_regs/Y              10     21    -11 (VIOLATED)
clkbuf_leaf_18_clk_i_regs/Y              10     21    -11 (VIOLATED)
clkbuf_leaf_192_clk_i_regs/Y             10     21    -11 (VIOLATED)
clkbuf_leaf_193_clk_i_regs/Y             10     21    -11 (VIOLATED)
clkbuf_leaf_1_clk_i_regs/Y               10     21    -11 (VIOLATED)
clkbuf_leaf_224_clk_i_regs/Y             10     21    -11 (VIOLATED)
clkbuf_leaf_225_clk_i_regs/Y             10     21    -11 (VIOLATED)
clkbuf_leaf_228_clk_i_regs/Y             10     21    -11 (VIOLATED)
clkbuf_leaf_229_clk_i_regs/Y             10     21    -11 (VIOLATED)
clkbuf_leaf_245_clk_i_regs/Y             10     21    -11 (VIOLATED)
clkbuf_leaf_26_clk_i_regs/Y              10     21    -11 (VIOLATED)
clkbuf_leaf_28_clk_i_regs/Y              10     21    -11 (VIOLATED)
clkbuf_leaf_29_clk_i_regs/Y              10     21    -11 (VIOLATED)
clkbuf_leaf_300_clk_i_regs/Y             10     21    -11 (VIOLATED)
clkbuf_leaf_32_clk_i_regs/Y              10     21    -11 (VIOLATED)
clkbuf_leaf_34_clk_i_regs/Y              10     21    -11 (VIOLATED)
clkbuf_leaf_36_clk_i_regs/Y              10     21    -11 (VIOLATED)
clkbuf_leaf_38_clk_i_regs/Y              10     21    -11 (VIOLATED)
clkbuf_leaf_39_clk_i_regs/Y              10     21    -11 (VIOLATED)
clkbuf_leaf_40_clk_i_regs/Y              10     21    -11 (VIOLATED)
clkbuf_leaf_43_clk_i_regs/Y              10     21    -11 (VIOLATED)
clkbuf_leaf_44_clk_i_regs/Y              10     21    -11 (VIOLATED)
clkbuf_leaf_53_clk_i_regs/Y              10     21    -11 (VIOLATED)
clkbuf_leaf_95_clk_i_regs/Y              10     21    -11 (VIOLATED)
clkbuf_leaf_97_clk_i_regs/Y              10     21    -11 (VIOLATED)
clkbuf_leaf_99_clk_i_regs/Y              10     21    -11 (VIOLATED)
clkbuf_leaf_112_clk_i_regs/Y             10     20    -10 (VIOLATED)
clkbuf_leaf_141_clk_i_regs/Y             10     20    -10 (VIOLATED)
clkbuf_leaf_151_clk_i_regs/Y             10     20    -10 (VIOLATED)
clkbuf_leaf_160_clk_i_regs/Y             10     20    -10 (VIOLATED)
clkbuf_leaf_167_clk_i_regs/Y             10     20    -10 (VIOLATED)
clkbuf_leaf_188_clk_i_regs/Y             10     20    -10 (VIOLATED)
clkbuf_leaf_196_clk_i_regs/Y             10     20    -10 (VIOLATED)
clkbuf_leaf_202_clk_i_regs/Y             10     20    -10 (VIOLATED)
clkbuf_leaf_211_clk_i_regs/Y             10     20    -10 (VIOLATED)
clkbuf_leaf_213_clk_i_regs/Y             10     20    -10 (VIOLATED)
clkbuf_leaf_217_clk_i_regs/Y             10     20    -10 (VIOLATED)
clkbuf_leaf_222_clk_i_regs/Y             10     20    -10 (VIOLATED)
clkbuf_leaf_239_clk_i_regs/Y             10     20    -10 (VIOLATED)
clkbuf_leaf_246_clk_i_regs/Y             10     20    -10 (VIOLATED)
clkbuf_leaf_259_clk_i_regs/Y             10     20    -10 (VIOLATED)
clkbuf_leaf_281_clk_i_regs/Y             10     20    -10 (VIOLATED)
clkbuf_leaf_297_clk_i_regs/Y             10     20    -10 (VIOLATED)
clkbuf_leaf_308_clk_i_regs/Y             10     20    -10 (VIOLATED)
clkbuf_leaf_57_clk_i_regs/Y              10     20    -10 (VIOLATED)
clkbuf_leaf_70_clk_i_regs/Y              10     20    -10 (VIOLATED)
clkbuf_leaf_78_clk_i_regs/Y              10     20    -10 (VIOLATED)
clkbuf_leaf_139_clk_i_regs/Y             10     19     -9 (VIOLATED)
clkbuf_leaf_145_clk_i_regs/Y             10     19     -9 (VIOLATED)
clkbuf_leaf_155_clk_i_regs/Y             10     19     -9 (VIOLATED)
clkbuf_leaf_157_clk_i_regs/Y             10     19     -9 (VIOLATED)
clkbuf_leaf_175_clk_i_regs/Y             10     19     -9 (VIOLATED)
clkbuf_leaf_182_clk_i_regs/Y             10     19     -9 (VIOLATED)
clkbuf_leaf_187_clk_i_regs/Y             10     19     -9 (VIOLATED)
clkbuf_leaf_191_clk_i_regs/Y             10     19     -9 (VIOLATED)
clkbuf_leaf_214_clk_i_regs/Y             10     19     -9 (VIOLATED)
clkbuf_leaf_219_clk_i_regs/Y             10     19     -9 (VIOLATED)
clkbuf_leaf_236_clk_i_regs/Y             10     19     -9 (VIOLATED)
clkbuf_leaf_257_clk_i_regs/Y             10     19     -9 (VIOLATED)
clkbuf_leaf_298_clk_i_regs/Y             10     19     -9 (VIOLATED)
clkbuf_leaf_301_clk_i_regs/Y             10     19     -9 (VIOLATED)
clkbuf_leaf_302_clk_i_regs/Y             10     19     -9 (VIOLATED)
clkbuf_leaf_30_clk_i_regs/Y              10     19     -9 (VIOLATED)
clkbuf_leaf_35_clk_i_regs/Y              10     19     -9 (VIOLATED)
clkbuf_leaf_37_clk_i_regs/Y              10     19     -9 (VIOLATED)
clkbuf_leaf_59_clk_i_regs/Y              10     19     -9 (VIOLATED)
clkbuf_leaf_108_clk_i_regs/Y             10     18     -8 (VIOLATED)
clkbuf_leaf_144_clk_i_regs/Y             10     18     -8 (VIOLATED)
clkbuf_leaf_150_clk_i_regs/Y             10     18     -8 (VIOLATED)
clkbuf_leaf_16_clk_i_regs/Y              10     18     -8 (VIOLATED)
clkbuf_leaf_170_clk_i_regs/Y             10     18     -8 (VIOLATED)
clkbuf_leaf_189_clk_i_regs/Y             10     18     -8 (VIOLATED)
clkbuf_leaf_190_clk_i_regs/Y             10     18     -8 (VIOLATED)
clkbuf_leaf_197_clk_i_regs/Y             10     18     -8 (VIOLATED)
clkbuf_leaf_206_clk_i_regs/Y             10     18     -8 (VIOLATED)
clkbuf_leaf_207_clk_i_regs/Y             10     18     -8 (VIOLATED)
clkbuf_leaf_208_clk_i_regs/Y             10     18     -8 (VIOLATED)
clkbuf_leaf_216_clk_i_regs/Y             10     18     -8 (VIOLATED)
clkbuf_leaf_230_clk_i_regs/Y             10     18     -8 (VIOLATED)
clkbuf_leaf_23_clk_i_regs/Y              10     18     -8 (VIOLATED)
clkbuf_leaf_42_clk_i_regs/Y              10     18     -8 (VIOLATED)
clkbuf_leaf_46_clk_i_regs/Y              10     18     -8 (VIOLATED)
clkbuf_leaf_5_clk_i_regs/Y               10     18     -8 (VIOLATED)
clkbuf_leaf_91_clk_i_regs/Y              10     18     -8 (VIOLATED)
clkbuf_leaf_156_clk_i_regs/Y             10     17     -7 (VIOLATED)
clkbuf_leaf_199_clk_i_regs/Y             10     17     -7 (VIOLATED)
clkbuf_leaf_242_clk_i_regs/Y             10     17     -7 (VIOLATED)
clkbuf_leaf_272_clk_i_regs/Y             10     17     -7 (VIOLATED)
clkbuf_leaf_273_clk_i_regs/Y             10     17     -7 (VIOLATED)
clkbuf_leaf_3_clk_i_regs/Y               10     16     -6 (VIOLATED)
clkbuf_leaf_9_clk_i_regs/Y               10     16     -6 (VIOLATED)
clkbuf_leaf_12_clk_i_regs/Y              10     15     -5 (VIOLATED)
clkbuf_leaf_15_clk_i_regs/Y              10     15     -5 (VIOLATED)
clkbuf_leaf_176_clk_i_regs/Y             10     15     -5 (VIOLATED)
clkbuf_leaf_205_clk_i_regs/Y             10     15     -5 (VIOLATED)
clkbuf_leaf_321_clk_i_regs/Y             10     15     -5 (VIOLATED)
clkbuf_leaf_54_clk_i_regs/Y              10     15     -5 (VIOLATED)
clkbuf_leaf_102_clk_i_regs/Y             10     14     -4 (VIOLATED)
clkbuf_leaf_179_clk_i_regs/Y             10     14     -4 (VIOLATED)
clkbuf_leaf_203_clk_i_regs/Y             10     14     -4 (VIOLATED)
clkbuf_leaf_96_clk_i_regs/Y              10     14     -4 (VIOLATED)
clkbuf_leaf_146_clk_i_regs/Y             10     13     -3 (VIOLATED)
clkbuf_leaf_204_clk_i_regs/Y             10     13     -3 (VIOLATED)
clkbuf_leaf_20_clk_i_regs/Y              10     13     -3 (VIOLATED)


==========================================================================
cts final max_slew_check_slack
--------------------------------------------------------------------------
70.52513885498047

==========================================================================
cts final max_slew_check_limit
--------------------------------------------------------------------------
320.0

==========================================================================
cts final max_slew_check_slack_limit
--------------------------------------------------------------------------
0.2204

==========================================================================
cts final max_fanout_check_slack
--------------------------------------------------------------------------
-19.0

==========================================================================
cts final max_fanout_check_limit
--------------------------------------------------------------------------
10.0

==========================================================================
cts final max_fanout_check_slack_limit
--------------------------------------------------------------------------
-1.9000

==========================================================================
cts final max_capacitance_check_slack
--------------------------------------------------------------------------
2.631741523742676

==========================================================================
cts final max_capacitance_check_limit
--------------------------------------------------------------------------
23.040000915527344

==========================================================================
cts final max_capacitance_check_slack_limit
--------------------------------------------------------------------------
0.1142

==========================================================================
cts final max_slew_violation_count
--------------------------------------------------------------------------
max slew violation count 0

==========================================================================
cts final max_fanout_violation_count
--------------------------------------------------------------------------
max fanout violation count 327

==========================================================================
cts final max_cap_violation_count
--------------------------------------------------------------------------
max cap violation count 0

==========================================================================
cts final setup_violation_count
--------------------------------------------------------------------------
setup violation count 0

==========================================================================
cts final hold_violation_count
--------------------------------------------------------------------------
hold violation count 0

==========================================================================
cts final report_checks -path_delay max reg to reg
--------------------------------------------------------------------------
Startpoint: issue_stage_i.i_issue_read_operands.branch_valid_o[1]$_DFF_PN0_
            (rising edge-triggered flip-flop clocked by main_clk)
Endpoint: gen_cache_hpd.i_cache_subsystem.i_cva6_icache.gen_sram[0].data_sram.gen_techno_cut.genblk1.i_tc_sram_wrapper
          (rising edge-triggered flip-flop clocked by main_clk)
Path Group: main_clk
Path Type: max

  Delay    Time   Description
---------------------------------------------------------
   0.00    0.00   clock main_clk (rise edge)
   0.00    0.00   clock source latency
   0.00    0.00 ^ clk_i (in)
  37.45   37.45 ^ wire47475/Y (BUFx10_ASAP7_75t_SL)
  54.15   91.59 ^ clkbuf_regs_0_main_clk/Y (BUFx24_ASAP7_75t_SL)
  16.18  107.77 ^ clkbuf_0_clk_i_regs/Y (BUFx24_ASAP7_75t_SL)
  26.09  133.86 ^ clkbuf_1_0_0_clk_i_regs/Y (BUFx24_ASAP7_75t_SL)
  30.48  164.34 ^ clkbuf_3_3_0_clk_i_regs/Y (BUFx24_ASAP7_75t_SL)
  25.43  189.78 ^ clkbuf_5_15_0_clk_i_regs/Y (BUFx24_ASAP7_75t_SL)
  18.34  208.12 ^ clkbuf_6_30__f_clk_i_regs/Y (BUFx24_ASAP7_75t_SL)
  17.95  226.07 ^ clkbuf_leaf_193_clk_i_regs/Y (BUFx24_ASAP7_75t_SL)
   1.17  227.24 ^ issue_stage_i.i_issue_read_operands.branch_valid_o[1]$_DFF_PN0_/CLK (DFFASRHQNx1_ASAP7_75t_SL)
  46.21  273.45 v issue_stage_i.i_issue_read_operands.branch_valid_o[1]$_DFF_PN0_/QN (DFFASRHQNx1_ASAP7_75t_SL)
  24.61  298.06 ^ _104758_/Y (NAND3x2_ASAP7_75t_SL)
  17.86  315.92 ^ place44352/Y (BUFx3_ASAP7_75t_L)
  13.56  329.48 ^ _105538_/Y (OR3x1_ASAP7_75t_SL)
  17.13  346.61 v _105539_/Y (OAI22x1_ASAP7_75t_R)
  37.05  383.66 ^ _105540_/Y (NAND3x1_ASAP7_75t_R)
  18.78  402.44 ^ place41148/Y (BUFx3_ASAP7_75t_L)
  15.80  418.24 ^ place41147/Y (BUFx3_ASAP7_75t_L)
  27.70  445.93 ^ _105832_/Y (OA222x2_ASAP7_75t_R)
   6.40  452.34 v _105833_/Y (NAND2x1_ASAP7_75t_R)
  14.33  466.67 v _105834_/Y (AO21x1_ASAP7_75t_R)
  18.23  484.89 v _105835_/Y (OA21x2_ASAP7_75t_R)
  25.86  510.75 ^ _197942_/CON (HAxp5_ASAP7_75t_R)
  12.84  523.59 v _197942_/SN (HAxp5_ASAP7_75t_R)
  17.60  541.19 v place39330/Y (BUFx3_ASAP7_75t_L)
  17.83  559.02 v _109013_/Y (OA21x2_ASAP7_75t_R)
  12.01  571.02 v _109014_/Y (OA21x2_ASAP7_75t_SL)
  17.49  588.51 v _109015_/Y (OA21x2_ASAP7_75t_R)
  14.16  602.67 v _109016_/Y (OA21x2_ASAP7_75t_SL)
  19.72  622.40 v _109017_/Y (OA21x2_ASAP7_75t_R)
  20.17  642.57 v _109018_/Y (OA21x2_ASAP7_75t_R)
  22.42  664.99 v _109214_/Y (OA211x2_ASAP7_75t_R)
  26.15  691.14 v _109215_/Y (OA211x2_ASAP7_75t_R)
  19.39  710.53 v _109219_/Y (AO211x2_ASAP7_75t_R)
  21.08  731.61 v _109220_/Y (OR4x1_ASAP7_75t_L)
  25.60  757.21 v _109302_/Y (OR5x1_ASAP7_75t_SL)
  27.00  784.21 v _109324_/Y (OR4x1_ASAP7_75t_SL)
  10.68  794.89 ^ _109325_/Y (NAND2x1_ASAP7_75t_SL)
  17.73  812.62 v _109337_/Y (AOI21x1_ASAP7_75t_SL)
  29.26  841.88 ^ _113711_/Y (OAI21x1_ASAP7_75t_R)
  39.00  880.88 v _127345_/Y (NAND2x1_ASAP7_75t_R)
  83.00  963.87 v _127364_/Y (OR4x2_ASAP7_75t_SL)
  59.64 1023.51 v _127368_/Y (OR3x1_ASAP7_75t_SL)
  46.50 1070.01 ^ _127369_/Y (INVx1_ASAP7_75t_SL)
  40.51 1110.52 ^ place36395/Y (BUFx3_ASAP7_75t_L)
   2.16 1112.68 ^ gen_cache_hpd.i_cache_subsystem.i_cva6_icache.gen_sram[0].data_sram.gen_techno_cut.genblk1.i_tc_sram_wrapper/we_in (fakeram7_64x256)
        1112.68   data arrival time

1000.00 1000.00   clock main_clk (rise edge)
   0.00 1000.00   clock source latency
   0.00 1000.00 ^ clk_i (in)
  36.57 1036.57 ^ wire47475/Y (BUFx10_ASAP7_75t_SL)
  53.54 1090.10 ^ clkbuf_0_clk_i/Y (BUFx24_ASAP7_75t_SL)
  29.26 1119.36 ^ clkbuf_1_0_0_clk_i/Y (BUFx24_ASAP7_75t_SL)
  42.64 1162.00 ^ gen_cache_hpd.i_cache_subsystem.i_cva6_icache.gen_sram[0].data_sram.gen_techno_cut.genblk1.i_tc_sram_wrapper/clk (fakeram7_64x256)
   0.88 1162.88   clock reconvergence pessimism
 -50.00 1112.88   library setup time
        1112.88   data required time
---------------------------------------------------------
        1112.88   data required time
        -1112.68   data arrival time
---------------------------------------------------------
           0.19   slack (MET)



==========================================================================
cts final report_checks -path_delay min reg to reg
--------------------------------------------------------------------------
Startpoint: gen_cache_hpd.i_cache_subsystem.i_cva6_icache.cl_tag_q[10]$_DFF_PN0_
            (rising edge-triggered flip-flop clocked by main_clk)
Endpoint: gen_cache_hpd.i_cache_subsystem.i_cva6_icache.gen_sram[1].tag_sram.gen_techno_cut.genblk1.i_tc_sram_wrapper
          (rising edge-triggered flip-flop clocked by main_clk)
Path Group: main_clk
Path Type: min

  Delay    Time   Description
---------------------------------------------------------
   0.00    0.00   clock main_clk (rise edge)
   0.00    0.00   clock source latency
   0.00    0.00 ^ clk_i (in)
  36.57   36.57 ^ wire47475/Y (BUFx10_ASAP7_75t_SL)
  50.93   87.50 ^ clkbuf_regs_0_main_clk/Y (BUFx24_ASAP7_75t_SL)
  15.98  103.48 ^ clkbuf_0_clk_i_regs/Y (BUFx24_ASAP7_75t_SL)
  25.86  129.34 ^ clkbuf_1_1_0_clk_i_regs/Y (BUFx24_ASAP7_75t_SL)
  36.45  165.79 ^ clkbuf_3_5_0_clk_i_regs/Y (BUFx24_ASAP7_75t_SL)
  26.79  192.58 ^ clkbuf_5_20_0_clk_i_regs/Y (BUFx24_ASAP7_75t_SL)
  18.25  210.82 ^ clkbuf_6_40__f_clk_i_regs/Y (BUFx24_ASAP7_75t_SL)
  24.02  234.84 ^ clkbuf_leaf_41_clk_i_regs/Y (BUFx24_ASAP7_75t_SL)
   1.25  236.10 ^ gen_cache_hpd.i_cache_subsystem.i_cva6_icache.cl_tag_q[10]$_DFF_PN0_/CLK (DFFASRHQNx1_ASAP7_75t_SL)
  29.89  265.99 ^ gen_cache_hpd.i_cache_subsystem.i_cva6_icache.cl_tag_q[10]$_DFF_PN0_/QN (DFFASRHQNx1_ASAP7_75t_SL)
  33.62  299.61 v _104689_/Y (INVx1_ASAP7_75t_R)
   2.44  302.05 v gen_cache_hpd.i_cache_subsystem.i_cva6_icache.gen_sram[1].tag_sram.gen_techno_cut.genblk1.i_tc_sram_wrapper/wd_in[10] (fakeram7_64x25)
         302.05   data arrival time

   0.00    0.00   clock main_clk (rise edge)
   0.00    0.00   clock source latency
   0.00    0.00 ^ clk_i (in)
  37.45   37.45 ^ wire47475/Y (BUFx10_ASAP7_75t_SL)
  56.99   94.43 ^ clkbuf_0_clk_i/Y (BUFx24_ASAP7_75t_SL)
  30.09  124.53 ^ clkbuf_1_1_0_clk_i/Y (BUFx24_ASAP7_75t_SL)
 128.05  252.57 ^ gen_cache_hpd.i_cache_subsystem.i_cva6_icache.gen_sram[1].tag_sram.gen_techno_cut.genblk1.i_tc_sram_wrapper/clk (fakeram7_64x25)
  -0.88  251.70   clock reconvergence pessimism
  50.00  301.70   library hold time
         301.70   data required time
---------------------------------------------------------
         301.70   data required time
        -302.05   data arrival time
---------------------------------------------------------
           0.36   slack (MET)



==========================================================================
cts final critical path target clock latency max path
--------------------------------------------------------------------------
0

==========================================================================
cts final critical path target clock latency min path
--------------------------------------------------------------------------
0

==========================================================================
cts final critical path source clock latency min path
--------------------------------------------------------------------------
0

==========================================================================
cts final critical path delay
--------------------------------------------------------------------------
1112.6820

==========================================================================
cts final critical path slack
--------------------------------------------------------------------------
0.1941

==========================================================================
cts final slack div critical path delay
--------------------------------------------------------------------------
0.017444

==========================================================================
cts final report_power
--------------------------------------------------------------------------
Group                  Internal  Switching    Leakage      Total
                          Power      Power      Power      Power (Watts)
----------------------------------------------------------------
Sequential             1.56e-02   3.97e-03   6.42e-05   1.97e-02  15.5%
Combinational          2.98e-02   3.54e-02   7.35e-05   6.53e-02  51.7%
Clock                  1.12e-02   4.67e-03   2.31e-05   1.59e-02  12.6%
Macro                  2.45e-02   0.00e+00   1.03e-03   2.55e-02  20.2%
Pad                    0.00e+00   0.00e+00   0.00e+00   0.00e+00   0.0%
----------------------------------------------------------------
Total                  8.12e-02   4.41e-02   1.19e-03   1.26e-01 100.0%
                          64.2%      34.9%       0.9%
