
==========================================================================
detailed place report_tns
--------------------------------------------------------------------------
tns max -1885.27

==========================================================================
detailed place report_wns
--------------------------------------------------------------------------
wns max -39.29

==========================================================================
detailed place report_worst_slack
--------------------------------------------------------------------------
worst slack max -39.29

==========================================================================
detailed place report_clock_min_period
--------------------------------------------------------------------------
clk period_min = 229.97 fmax = 4348.45

==========================================================================
detailed place report_checks -path_delay min
--------------------------------------------------------------------------
Startpoint: rd_out[3]$_DFFE_PP_ (rising edge-triggered flip-flop clocked by clk)
Endpoint: rd_out[3]$_DFFE_PP_ (rising edge-triggered flip-flop clocked by clk)
Path Group: reg2reg
Path Type: min

Fanout     Cap    Slew   Delay    Time   Description
-----------------------------------------------------------------------------
                  0.00    0.00    0.00   clock clk (rise edge)
                          0.00    0.00   clock network delay (ideal)
                  0.00    0.00    0.00 ^ rd_out[3]$_DFFE_PP_/CLK (DFFHQNx1_ASAP7_75t_R)
     1    0.56   11.27   31.43   31.43 ^ rd_out[3]$_DFFE_PP_/QN (DFFHQNx1_ASAP7_75t_R)
                                         _083_ (net)
                 11.27    0.02   31.45 ^ _412_/A (INVx1_ASAP7_75t_R)
     2    1.08    8.35    7.13   38.58 v _412_/Y (INVx1_ASAP7_75t_R)
                                         net68 (net)
                  8.35    0.05   38.63 v _491_/A1 (OA21x2_ASAP7_75t_R)
     1    0.63    4.37   16.30   54.93 v _491_/Y (OA21x2_ASAP7_75t_R)
                                         _110_ (net)
                  4.37    0.03   54.96 v rd_out[3]$_DFFE_PP_/D (DFFHQNx1_ASAP7_75t_R)
                                 54.96   data arrival time

                  0.00    0.00    0.00   clock clk (rise edge)
                          0.00    0.00   clock network delay (ideal)
                          0.00    0.00   clock reconvergence pessimism
                                  0.00 ^ rd_out[3]$_DFFE_PP_/CLK (DFFHQNx1_ASAP7_75t_R)
                          8.80    8.80   library hold time
                                  8.80   data required time
-----------------------------------------------------------------------------
                                  8.80   data required time
                                -54.96   data arrival time
-----------------------------------------------------------------------------
                                 46.16   slack (MET)


Startpoint: mem[1][18]$_DFFE_PP_
            (rising edge-triggered flip-flop clocked by clk)
Endpoint: _tray_size4_184 (rising edge-triggered flip-flop clocked by clk)
Path Group: clk
Path Type: min

Fanout     Cap    Slew   Delay    Time   Description
-----------------------------------------------------------------------------
                  0.00    0.00    0.00   clock clk (rise edge)
                          0.00    0.00   clock network delay (ideal)
                  0.00    0.00    0.00 ^ mem[1][18]$_DFFE_PP_/CLK (DFFHQNx1_ASAP7_75t_R)
     2    1.70   18.93   36.52   36.52 ^ mem[1][18]$_DFFE_PP_/QN (DFFHQNx1_ASAP7_75t_R)
                                         _036_ (net)
                 18.93    0.05   36.57 ^ _714_/A2 (AO21x1_ASAP7_75t_R)
     1    0.62    6.09   15.39   51.96 ^ _714_/Y (AO21x1_ASAP7_75t_R)
                                         _388_ (net)
                  6.10    0.03   51.99 ^ _715_/B (NAND2x1_ASAP7_75t_R)
     1    0.59    5.81    5.04   57.03 v _715_/Y (NAND2x1_ASAP7_75t_R)
                                         _389_ (net)
                  5.81    0.03   57.06 v _716_/B (OA21x2_ASAP7_75t_R)
     1    0.63    4.38   11.09   68.15 v _716_/Y (OA21x2_ASAP7_75t_R)
                                         _192_ (net)
                  4.38    0.03   68.19 v _tray_size4_184/D0 (DFFHQNH2V2Xx1_ASAP7_75t_R)
                                 68.19   data arrival time

                  0.00    0.00    0.00   clock clk (rise edge)
                          0.00    0.00   clock network delay (ideal)
                          0.00    0.00   clock reconvergence pessimism
                                  0.00 ^ _tray_size4_184/CLK (DFFHQNH2V2Xx1_ASAP7_75t_R)
                          9.71    9.71   library hold time
                                  9.71   data required time
-----------------------------------------------------------------------------
                                  9.71   data required time
                                -68.19   data arrival time
-----------------------------------------------------------------------------
                                 58.48   slack (MET)



==========================================================================
detailed place report_checks -path_delay max
--------------------------------------------------------------------------
Startpoint: ce_in (input port)
Endpoint: mem[0][9]$_DFFE_PP_ (rising edge-triggered flip-flop clocked by clk)
Path Group: in2reg
Path Type: max

Fanout     Cap    Slew   Delay    Time   Description
-----------------------------------------------------------------------------
                          0.00    0.00 ^ input external delay
     1    0.86    0.00    0.00    0.00 ^ ce_in (in)
                                         ce_in (net)
                  0.14    0.04    0.04 ^ input9/A (BUFx2_ASAP7_75t_R)
     3    8.92   30.37   21.74   21.78 ^ input9/Y (BUFx2_ASAP7_75t_R)
                                         net9 (net)
                 30.38    0.41   22.19 ^ _504_/C (AND3x2_ASAP7_75t_R)
     3    5.60   23.96   31.37   53.56 ^ _504_/Y (AND3x2_ASAP7_75t_R)
                                         _256_ (net)
                 23.96    0.15   53.71 ^ place98/A (BUFx24_ASAP7_75t_R)
    32   40.69   24.71   26.82   80.53 ^ place98/Y (BUFx24_ASAP7_75t_R)
                                         net98 (net)
                 27.94    4.65   85.19 ^ _554_/B (NOR2x1p5_ASAP7_75t_R)
     1    0.78   10.17    8.65   93.84 v _554_/Y (NOR2x1p5_ASAP7_75t_R)
                                         _285_ (net)
                 10.17    0.04   93.89 v _555_/B (AO21x1_ASAP7_75t_R)
     1    0.83    8.00   16.46  110.35 v _555_/Y (AO21x1_ASAP7_75t_R)
                                         _135_ (net)
                  8.00    0.05  110.40 v mem[0][9]$_DFFE_PP_/D (DFFHQNx1_ASAP7_75t_R)
                                110.40   data arrival time

                         80.00   80.00   max_delay
                         -8.89   71.11   library setup time
                                 71.11   data required time
-----------------------------------------------------------------------------
                                 71.11   data required time
                               -110.40   data arrival time
-----------------------------------------------------------------------------
                                -39.29   slack (VIOLATED)


Startpoint: rd_out[26]$_DFFE_PP_
            (rising edge-triggered flip-flop clocked by clk)
Endpoint: rd_out[26] (output port)
Path Group: reg2out
Path Type: max

Fanout     Cap    Slew   Delay    Time   Description
-----------------------------------------------------------------------------
                  0.00    0.00    0.00 ^ rd_out[26]$_DFFE_PP_/CLK (DFFHQNx1_ASAP7_75t_R)
     1    0.73   12.38   32.22   32.22 ^ rd_out[26]$_DFFE_PP_/QN (DFFHQNx1_ASAP7_75t_R)
                                         _010_ (net)
                 12.38    0.03   32.25 ^ _403_/A (INVx1_ASAP7_75t_R)
     2    1.45   10.33    8.47   40.73 v _403_/Y (INVx1_ASAP7_75t_R)
                                         net61 (net)
                 10.33    0.04   40.77 v output61/A (BUFx2_ASAP7_75t_R)
     1    0.28    4.24   13.35   54.11 v output61/Y (BUFx2_ASAP7_75t_R)
                                         rd_out[26] (net)
                  4.24    0.01   54.12 v rd_out[26] (out)
                                 54.12   data arrival time

                         80.00   80.00   max_delay
                          0.00   80.00   output external delay
                                 80.00   data required time
-----------------------------------------------------------------------------
                                 80.00   data required time
                                -54.12   data arrival time
-----------------------------------------------------------------------------
                                 25.88   slack (MET)


Startpoint: index[0]$_DFFE_PP_ (rising edge-triggered flip-flop clocked by clk)
Endpoint: mem[1][2]$_DFFE_PP_ (rising edge-triggered flip-flop clocked by clk)
Path Group: reg2reg
Path Type: max

Fanout     Cap    Slew   Delay    Time   Description
-----------------------------------------------------------------------------
                  0.00    0.00    0.00   clock clk (rise edge)
                          0.00    0.00   clock network delay (ideal)
                  0.00    0.00    0.00 ^ index[0]$_DFFE_PP_/CLK (DFFHQNx1_ASAP7_75t_R)
     1    0.75   12.50   32.31   32.31 ^ index[0]$_DFFE_PP_/QN (DFFHQNx1_ASAP7_75t_R)
                                         _009_ (net)
                 12.50    0.03   32.34 ^ place104/A (BUFx3_ASAP7_75t_R)
    35   29.42   67.89   35.37   67.71 ^ place104/Y (BUFx3_ASAP7_75t_R)
                                         net104 (net)
                 73.63   10.45   78.17 ^ _429_/A (INVx3_ASAP7_75t_R)
    33   28.02   66.43   42.03  120.20 v _429_/Y (INVx3_ASAP7_75t_R)
                                         _198_ (net)
                 68.84    6.87  127.06 v _574_/A (AND3x4_ASAP7_75t_R)
    10   15.07   26.90   41.44  168.50 v _574_/Y (AND3x4_ASAP7_75t_R)
                                         _295_ (net)
                 28.45    3.45  171.95 v place90/A (BUFx6f_ASAP7_75t_R)
     8    9.81   13.02   21.66  193.62 v place90/Y (BUFx6f_ASAP7_75t_R)
                                         net90 (net)
                 13.10    0.56  194.17 v _638_/B (NOR2x1_ASAP7_75t_R)
     1    0.87   10.60    8.35  202.52 ^ _638_/Y (NOR2x1_ASAP7_75t_R)
                                         _331_ (net)
                 10.60    0.06  202.58 ^ _639_/B (AO21x1_ASAP7_75t_R)
     1    0.78    8.11   12.12  214.70 ^ _639_/Y (AO21x1_ASAP7_75t_R)
                                         _173_ (net)
                  8.11    0.04  214.74 ^ mem[1][2]$_DFFE_PP_/D (DFFHQNx1_ASAP7_75t_R)
                                214.74   data arrival time

                  0.00 1660.00 1660.00   clock clk (rise edge)
                          0.00 1660.00   clock network delay (ideal)
                          0.00 1660.00   clock reconvergence pessimism
                               1660.00 ^ mem[1][2]$_DFFE_PP_/CLK (DFFHQNx1_ASAP7_75t_R)
                        -15.23 1644.77   library setup time
                               1644.77   data required time
-----------------------------------------------------------------------------
                               1644.77   data required time
                               -214.74   data arrival time
-----------------------------------------------------------------------------
                               1430.03   slack (MET)


Startpoint: index[0]$_DFFE_PP_ (rising edge-triggered flip-flop clocked by clk)
Endpoint: _tray_size4_187 (rising edge-triggered flip-flop clocked by clk)
Path Group: clk
Path Type: max

Fanout     Cap    Slew   Delay    Time   Description
-----------------------------------------------------------------------------
                  0.00    0.00    0.00   clock clk (rise edge)
                          0.00    0.00   clock network delay (ideal)
                  0.00    0.00    0.00 ^ index[0]$_DFFE_PP_/CLK (DFFHQNx1_ASAP7_75t_R)
     1    0.75   12.50   32.31   32.31 ^ index[0]$_DFFE_PP_/QN (DFFHQNx1_ASAP7_75t_R)
                                         _009_ (net)
                 12.50    0.03   32.34 ^ place104/A (BUFx3_ASAP7_75t_R)
    35   29.42   67.89   35.37   67.71 ^ place104/Y (BUFx3_ASAP7_75t_R)
                                         net104 (net)
                 73.63   10.45   78.17 ^ _429_/A (INVx3_ASAP7_75t_R)
    33   28.02   66.43   42.03  120.20 v _429_/Y (INVx3_ASAP7_75t_R)
                                         _198_ (net)
                 68.84    6.87  127.06 v _574_/A (AND3x4_ASAP7_75t_R)
    10   15.07   26.90   41.44  168.50 v _574_/Y (AND3x4_ASAP7_75t_R)
                                         _295_ (net)
                 27.65    2.46  170.96 v place88/A (BUFx6f_ASAP7_75t_R)
    10   12.72   15.27   22.80  193.77 v place88/Y (BUFx6f_ASAP7_75t_R)
                                         net88 (net)
                 15.35    0.60  194.37 v _592_/B (NOR2x1p5_ASAP7_75t_R)
     1    0.69   10.54    7.84  202.21 ^ _592_/Y (NOR2x1p5_ASAP7_75t_R)
                                         _306_ (net)
                 10.54    0.03  202.24 ^ _593_/B (AO21x2_ASAP7_75t_R)
     1    0.66    6.31   12.31  214.55 ^ _593_/Y (AO21x2_ASAP7_75t_R)
                                         _152_ (net)
                  6.32    0.03  214.58 ^ _tray_size4_187/D3 (DFFHQNH2V2Xx1_ASAP7_75t_R)
                                214.58   data arrival time

                  0.00 1660.00 1660.00   clock clk (rise edge)
                          0.00 1660.00   clock network delay (ideal)
                          0.00 1660.00   clock reconvergence pessimism
                               1660.00 ^ _tray_size4_187/CLK (DFFHQNH2V2Xx1_ASAP7_75t_R)
                        -13.50 1646.50   library setup time
                               1646.50   data required time
-----------------------------------------------------------------------------
                               1646.50   data required time
                               -214.58   data arrival time
-----------------------------------------------------------------------------
                               1431.92   slack (MET)



==========================================================================
detailed place report_checks -unconstrained
--------------------------------------------------------------------------
Startpoint: ce_in (input port)
Endpoint: mem[0][9]$_DFFE_PP_ (rising edge-triggered flip-flop clocked by clk)
Path Group: in2reg
Path Type: max

Fanout     Cap    Slew   Delay    Time   Description
-----------------------------------------------------------------------------
                          0.00    0.00 ^ input external delay
     1    0.86    0.00    0.00    0.00 ^ ce_in (in)
                                         ce_in (net)
                  0.14    0.04    0.04 ^ input9/A (BUFx2_ASAP7_75t_R)
     3    8.92   30.37   21.74   21.78 ^ input9/Y (BUFx2_ASAP7_75t_R)
                                         net9 (net)
                 30.38    0.41   22.19 ^ _504_/C (AND3x2_ASAP7_75t_R)
     3    5.60   23.96   31.37   53.56 ^ _504_/Y (AND3x2_ASAP7_75t_R)
                                         _256_ (net)
                 23.96    0.15   53.71 ^ place98/A (BUFx24_ASAP7_75t_R)
    32   40.69   24.71   26.82   80.53 ^ place98/Y (BUFx24_ASAP7_75t_R)
                                         net98 (net)
                 27.94    4.65   85.19 ^ _554_/B (NOR2x1p5_ASAP7_75t_R)
     1    0.78   10.17    8.65   93.84 v _554_/Y (NOR2x1p5_ASAP7_75t_R)
                                         _285_ (net)
                 10.17    0.04   93.89 v _555_/B (AO21x1_ASAP7_75t_R)
     1    0.83    8.00   16.46  110.35 v _555_/Y (AO21x1_ASAP7_75t_R)
                                         _135_ (net)
                  8.00    0.05  110.40 v mem[0][9]$_DFFE_PP_/D (DFFHQNx1_ASAP7_75t_R)
                                110.40   data arrival time

                         80.00   80.00   max_delay
                         -8.89   71.11   library setup time
                                 71.11   data required time
-----------------------------------------------------------------------------
                                 71.11   data required time
                               -110.40   data arrival time
-----------------------------------------------------------------------------
                                -39.29   slack (VIOLATED)


Startpoint: rd_out[26]$_DFFE_PP_
            (rising edge-triggered flip-flop clocked by clk)
Endpoint: rd_out[26] (output port)
Path Group: reg2out
Path Type: max

Fanout     Cap    Slew   Delay    Time   Description
-----------------------------------------------------------------------------
                  0.00    0.00    0.00 ^ rd_out[26]$_DFFE_PP_/CLK (DFFHQNx1_ASAP7_75t_R)
     1    0.73   12.38   32.22   32.22 ^ rd_out[26]$_DFFE_PP_/QN (DFFHQNx1_ASAP7_75t_R)
                                         _010_ (net)
                 12.38    0.03   32.25 ^ _403_/A (INVx1_ASAP7_75t_R)
     2    1.45   10.33    8.47   40.73 v _403_/Y (INVx1_ASAP7_75t_R)
                                         net61 (net)
                 10.33    0.04   40.77 v output61/A (BUFx2_ASAP7_75t_R)
     1    0.28    4.24   13.35   54.11 v output61/Y (BUFx2_ASAP7_75t_R)
                                         rd_out[26] (net)
                  4.24    0.01   54.12 v rd_out[26] (out)
                                 54.12   data arrival time

                         80.00   80.00   max_delay
                          0.00   80.00   output external delay
                                 80.00   data required time
-----------------------------------------------------------------------------
                                 80.00   data required time
                                -54.12   data arrival time
-----------------------------------------------------------------------------
                                 25.88   slack (MET)


Startpoint: index[0]$_DFFE_PP_ (rising edge-triggered flip-flop clocked by clk)
Endpoint: mem[1][2]$_DFFE_PP_ (rising edge-triggered flip-flop clocked by clk)
Path Group: reg2reg
Path Type: max

Fanout     Cap    Slew   Delay    Time   Description
-----------------------------------------------------------------------------
                  0.00    0.00    0.00   clock clk (rise edge)
                          0.00    0.00   clock network delay (ideal)
                  0.00    0.00    0.00 ^ index[0]$_DFFE_PP_/CLK (DFFHQNx1_ASAP7_75t_R)
     1    0.75   12.50   32.31   32.31 ^ index[0]$_DFFE_PP_/QN (DFFHQNx1_ASAP7_75t_R)
                                         _009_ (net)
                 12.50    0.03   32.34 ^ place104/A (BUFx3_ASAP7_75t_R)
    35   29.42   67.89   35.37   67.71 ^ place104/Y (BUFx3_ASAP7_75t_R)
                                         net104 (net)
                 73.63   10.45   78.17 ^ _429_/A (INVx3_ASAP7_75t_R)
    33   28.02   66.43   42.03  120.20 v _429_/Y (INVx3_ASAP7_75t_R)
                                         _198_ (net)
                 68.84    6.87  127.06 v _574_/A (AND3x4_ASAP7_75t_R)
    10   15.07   26.90   41.44  168.50 v _574_/Y (AND3x4_ASAP7_75t_R)
                                         _295_ (net)
                 28.45    3.45  171.95 v place90/A (BUFx6f_ASAP7_75t_R)
     8    9.81   13.02   21.66  193.62 v place90/Y (BUFx6f_ASAP7_75t_R)
                                         net90 (net)
                 13.10    0.56  194.17 v _638_/B (NOR2x1_ASAP7_75t_R)
     1    0.87   10.60    8.35  202.52 ^ _638_/Y (NOR2x1_ASAP7_75t_R)
                                         _331_ (net)
                 10.60    0.06  202.58 ^ _639_/B (AO21x1_ASAP7_75t_R)
     1    0.78    8.11   12.12  214.70 ^ _639_/Y (AO21x1_ASAP7_75t_R)
                                         _173_ (net)
                  8.11    0.04  214.74 ^ mem[1][2]$_DFFE_PP_/D (DFFHQNx1_ASAP7_75t_R)
                                214.74   data arrival time

                  0.00 1660.00 1660.00   clock clk (rise edge)
                          0.00 1660.00   clock network delay (ideal)
                          0.00 1660.00   clock reconvergence pessimism
                               1660.00 ^ mem[1][2]$_DFFE_PP_/CLK (DFFHQNx1_ASAP7_75t_R)
                        -15.23 1644.77   library setup time
                               1644.77   data required time
-----------------------------------------------------------------------------
                               1644.77   data required time
                               -214.74   data arrival time
-----------------------------------------------------------------------------
                               1430.03   slack (MET)


Startpoint: index[0]$_DFFE_PP_ (rising edge-triggered flip-flop clocked by clk)
Endpoint: _tray_size4_187 (rising edge-triggered flip-flop clocked by clk)
Path Group: clk
Path Type: max

Fanout     Cap    Slew   Delay    Time   Description
-----------------------------------------------------------------------------
                  0.00    0.00    0.00   clock clk (rise edge)
                          0.00    0.00   clock network delay (ideal)
                  0.00    0.00    0.00 ^ index[0]$_DFFE_PP_/CLK (DFFHQNx1_ASAP7_75t_R)
     1    0.75   12.50   32.31   32.31 ^ index[0]$_DFFE_PP_/QN (DFFHQNx1_ASAP7_75t_R)
                                         _009_ (net)
                 12.50    0.03   32.34 ^ place104/A (BUFx3_ASAP7_75t_R)
    35   29.42   67.89   35.37   67.71 ^ place104/Y (BUFx3_ASAP7_75t_R)
                                         net104 (net)
                 73.63   10.45   78.17 ^ _429_/A (INVx3_ASAP7_75t_R)
    33   28.02   66.43   42.03  120.20 v _429_/Y (INVx3_ASAP7_75t_R)
                                         _198_ (net)
                 68.84    6.87  127.06 v _574_/A (AND3x4_ASAP7_75t_R)
    10   15.07   26.90   41.44  168.50 v _574_/Y (AND3x4_ASAP7_75t_R)
                                         _295_ (net)
                 27.65    2.46  170.96 v place88/A (BUFx6f_ASAP7_75t_R)
    10   12.72   15.27   22.80  193.77 v place88/Y (BUFx6f_ASAP7_75t_R)
                                         net88 (net)
                 15.35    0.60  194.37 v _592_/B (NOR2x1p5_ASAP7_75t_R)
     1    0.69   10.54    7.84  202.21 ^ _592_/Y (NOR2x1p5_ASAP7_75t_R)
                                         _306_ (net)
                 10.54    0.03  202.24 ^ _593_/B (AO21x2_ASAP7_75t_R)
     1    0.66    6.31   12.31  214.55 ^ _593_/Y (AO21x2_ASAP7_75t_R)
                                         _152_ (net)
                  6.32    0.03  214.58 ^ _tray_size4_187/D3 (DFFHQNH2V2Xx1_ASAP7_75t_R)
                                214.58   data arrival time

                  0.00 1660.00 1660.00   clock clk (rise edge)
                          0.00 1660.00   clock network delay (ideal)
                          0.00 1660.00   clock reconvergence pessimism
                               1660.00 ^ _tray_size4_187/CLK (DFFHQNH2V2Xx1_ASAP7_75t_R)
                        -13.50 1646.50   library setup time
                               1646.50   data required time
-----------------------------------------------------------------------------
                               1646.50   data required time
                               -214.58   data arrival time
-----------------------------------------------------------------------------
                               1431.92   slack (MET)



==========================================================================
detailed place report_check_types -max_slew -max_cap -max_fanout -violators
--------------------------------------------------------------------------

==========================================================================
detailed place max_slew_check_slack
--------------------------------------------------------------------------
243.9893035888672

==========================================================================
detailed place max_slew_check_limit
--------------------------------------------------------------------------
320.0

==========================================================================
detailed place max_slew_check_slack_limit
--------------------------------------------------------------------------
0.7625

==========================================================================
detailed place max_fanout_check_slack
--------------------------------------------------------------------------
1.0000000150474662e+30

==========================================================================
detailed place max_fanout_check_limit
--------------------------------------------------------------------------
1.0000000150474662e+30

==========================================================================
detailed place max_capacitance_check_slack
--------------------------------------------------------------------------
22.233823776245117

==========================================================================
detailed place max_capacitance_check_limit
--------------------------------------------------------------------------
23.040000915527344

==========================================================================
detailed place max_capacitance_check_slack_limit
--------------------------------------------------------------------------
0.9650

==========================================================================
detailed place max_slew_violation_count
--------------------------------------------------------------------------
max slew violation count 0

==========================================================================
detailed place max_fanout_violation_count
--------------------------------------------------------------------------
max fanout violation count 0

==========================================================================
detailed place max_cap_violation_count
--------------------------------------------------------------------------
max cap violation count 0

==========================================================================
detailed place setup_violation_count
--------------------------------------------------------------------------
setup violation count 55

==========================================================================
detailed place hold_violation_count
--------------------------------------------------------------------------
hold violation count 0

==========================================================================
detailed place report_checks -path_delay max reg to reg
--------------------------------------------------------------------------
Startpoint: index[0]$_DFFE_PP_ (rising edge-triggered flip-flop clocked by clk)
Endpoint: mem[1][2]$_DFFE_PP_ (rising edge-triggered flip-flop clocked by clk)
Path Group: reg2reg
Path Type: max

  Delay    Time   Description
---------------------------------------------------------
   0.00    0.00   clock clk (rise edge)
   0.00    0.00   clock network delay (ideal)
   0.00    0.00 ^ index[0]$_DFFE_PP_/CLK (DFFHQNx1_ASAP7_75t_R)
  32.31   32.31 ^ index[0]$_DFFE_PP_/QN (DFFHQNx1_ASAP7_75t_R)
  35.40   67.71 ^ place104/Y (BUFx3_ASAP7_75t_R)
  52.49  120.20 v _429_/Y (INVx3_ASAP7_75t_R)
  48.31  168.50 v _574_/Y (AND3x4_ASAP7_75t_R)
  25.11  193.62 v place90/Y (BUFx6f_ASAP7_75t_R)
   8.91  202.52 ^ _638_/Y (NOR2x1_ASAP7_75t_R)
  12.17  214.70 ^ _639_/Y (AO21x1_ASAP7_75t_R)
   0.04  214.74 ^ mem[1][2]$_DFFE_PP_/D (DFFHQNx1_ASAP7_75t_R)
         214.74   data arrival time

1660.00 1660.00   clock clk (rise edge)
   0.00 1660.00   clock network delay (ideal)
   0.00 1660.00   clock reconvergence pessimism
        1660.00 ^ mem[1][2]$_DFFE_PP_/CLK (DFFHQNx1_ASAP7_75t_R)
 -15.23 1644.77   library setup time
        1644.77   data required time
---------------------------------------------------------
        1644.77   data required time
        -214.74   data arrival time
---------------------------------------------------------
        1430.03   slack (MET)


Startpoint: index[0]$_DFFE_PP_ (rising edge-triggered flip-flop clocked by clk)
Endpoint: _tray_size4_187 (rising edge-triggered flip-flop clocked by clk)
Path Group: clk
Path Type: max

  Delay    Time   Description
---------------------------------------------------------
   0.00    0.00   clock clk (rise edge)
   0.00    0.00   clock network delay (ideal)
   0.00    0.00 ^ index[0]$_DFFE_PP_/CLK (DFFHQNx1_ASAP7_75t_R)
  32.31   32.31 ^ index[0]$_DFFE_PP_/QN (DFFHQNx1_ASAP7_75t_R)
  35.40   67.71 ^ place104/Y (BUFx3_ASAP7_75t_R)
  52.49  120.20 v _429_/Y (INVx3_ASAP7_75t_R)
  48.31  168.50 v _574_/Y (AND3x4_ASAP7_75t_R)
  25.26  193.77 v place88/Y (BUFx6f_ASAP7_75t_R)
   8.44  202.21 ^ _592_/Y (NOR2x1p5_ASAP7_75t_R)
  12.34  214.55 ^ _593_/Y (AO21x2_ASAP7_75t_R)
   0.03  214.58 ^ _tray_size4_187/D3 (DFFHQNH2V2Xx1_ASAP7_75t_R)
         214.58   data arrival time

1660.00 1660.00   clock clk (rise edge)
   0.00 1660.00   clock network delay (ideal)
   0.00 1660.00   clock reconvergence pessimism
        1660.00 ^ _tray_size4_187/CLK (DFFHQNH2V2Xx1_ASAP7_75t_R)
 -13.50 1646.50   library setup time
        1646.50   data required time
---------------------------------------------------------
        1646.50   data required time
        -214.58   data arrival time
---------------------------------------------------------
        1431.92   slack (MET)



==========================================================================
detailed place report_checks -path_delay min reg to reg
--------------------------------------------------------------------------
Startpoint: rd_out[3]$_DFFE_PP_ (rising edge-triggered flip-flop clocked by clk)
Endpoint: rd_out[3]$_DFFE_PP_ (rising edge-triggered flip-flop clocked by clk)
Path Group: reg2reg
Path Type: min

  Delay    Time   Description
---------------------------------------------------------
   0.00    0.00   clock clk (rise edge)
   0.00    0.00   clock network delay (ideal)
   0.00    0.00 ^ rd_out[3]$_DFFE_PP_/CLK (DFFHQNx1_ASAP7_75t_R)
  31.43   31.43 ^ rd_out[3]$_DFFE_PP_/QN (DFFHQNx1_ASAP7_75t_R)
   7.15   38.58 v _412_/Y (INVx1_ASAP7_75t_R)
  16.35   54.93 v _491_/Y (OA21x2_ASAP7_75t_R)
   0.03   54.96 v rd_out[3]$_DFFE_PP_/D (DFFHQNx1_ASAP7_75t_R)
          54.96   data arrival time

   0.00    0.00   clock clk (rise edge)
   0.00    0.00   clock network delay (ideal)
   0.00    0.00   clock reconvergence pessimism
           0.00 ^ rd_out[3]$_DFFE_PP_/CLK (DFFHQNx1_ASAP7_75t_R)
   8.80    8.80   library hold time
           8.80   data required time
---------------------------------------------------------
           8.80   data required time
         -54.96   data arrival time
---------------------------------------------------------
          46.16   slack (MET)


Startpoint: mem[1][18]$_DFFE_PP_
            (rising edge-triggered flip-flop clocked by clk)
Endpoint: _tray_size4_184 (rising edge-triggered flip-flop clocked by clk)
Path Group: clk
Path Type: min

  Delay    Time   Description
---------------------------------------------------------
   0.00    0.00   clock clk (rise edge)
   0.00    0.00   clock network delay (ideal)
   0.00    0.00 ^ mem[1][18]$_DFFE_PP_/CLK (DFFHQNx1_ASAP7_75t_R)
  36.52   36.52 ^ mem[1][18]$_DFFE_PP_/QN (DFFHQNx1_ASAP7_75t_R)
  15.44   51.96 ^ _714_/Y (AO21x1_ASAP7_75t_R)
   5.07   57.03 v _715_/Y (NAND2x1_ASAP7_75t_R)
  11.12   68.15 v _716_/Y (OA21x2_ASAP7_75t_R)
   0.03   68.19 v _tray_size4_184/D0 (DFFHQNH2V2Xx1_ASAP7_75t_R)
          68.19   data arrival time

   0.00    0.00   clock clk (rise edge)
   0.00    0.00   clock network delay (ideal)
   0.00    0.00   clock reconvergence pessimism
           0.00 ^ _tray_size4_184/CLK (DFFHQNH2V2Xx1_ASAP7_75t_R)
   9.71    9.71   library hold time
           9.71   data required time
---------------------------------------------------------
           9.71   data required time
         -68.19   data arrival time
---------------------------------------------------------
          58.48   slack (MET)



==========================================================================
detailed place critical path target clock latency max path
--------------------------------------------------------------------------
0.0000

==========================================================================
detailed place critical path target clock latency min path
--------------------------------------------------------------------------
0

==========================================================================
detailed place critical path source clock latency min path
--------------------------------------------------------------------------
0

==========================================================================
detailed place critical path delay
--------------------------------------------------------------------------
110.3989

==========================================================================
detailed place critical path slack
--------------------------------------------------------------------------
-39.2930

==========================================================================
detailed place slack div critical path delay
--------------------------------------------------------------------------
-35.591840

==========================================================================
detailed place report_power
--------------------------------------------------------------------------
Group                  Internal  Switching    Leakage      Total
                          Power      Power      Power      Power (Watts)
----------------------------------------------------------------
Sequential             1.44e-04   2.50e-05   1.36e-08   1.69e-04  53.7%
Combinational          8.92e-05   5.60e-05   2.79e-08   1.45e-04  46.3%
Clock                  0.00e+00   0.00e+00   0.00e+00   0.00e+00   0.0%
Macro                  0.00e+00   0.00e+00   0.00e+00   0.00e+00   0.0%
Pad                    0.00e+00   0.00e+00   0.00e+00   0.00e+00   0.0%
----------------------------------------------------------------
Total                  2.33e-04   8.09e-05   4.15e-08   3.14e-04 100.0%
                          74.2%      25.8%       0.0%
