
==========================================================================
detailed place report_tns
--------------------------------------------------------------------------
tns max 0.00

==========================================================================
detailed place report_wns
--------------------------------------------------------------------------
wns max 0.00

==========================================================================
detailed place report_worst_slack
--------------------------------------------------------------------------
worst slack max 119.87

==========================================================================
detailed place report_clock_min_period
--------------------------------------------------------------------------
clk period_min = 260.13 fmax = 3844.23

==========================================================================
detailed place report_checks -path_delay min
--------------------------------------------------------------------------
Startpoint: rcnt[2]$_SDFF_PP0_ (rising edge-triggered flip-flop clocked by clk)
Endpoint: out[28]$_SDFF_PP0_ (rising edge-triggered flip-flop clocked by clk)
Path Group: clk
Path Type: min

Fanout     Cap    Slew   Delay    Time   Description
-----------------------------------------------------------------------------
                  0.00    0.00    0.00   clock clk (rise edge)
                          0.00    0.00   clock network delay (ideal)
                  0.00    0.00    0.00 ^ rcnt[2]$_SDFF_PP0_/CLK (DFFHQNx1_ASAP7_75t_R)
     3    3.27   27.06   41.19   41.19 v rcnt[2]$_SDFF_PP0_/QN (DFFHQNx1_ASAP7_75t_R)
                                         _016_ (net)
                 27.06    0.15   41.34 v _116_/A (HAxp5_ASAP7_75t_R)
     1    0.68   14.69   16.16   57.50 ^ _116_/CON (HAxp5_ASAP7_75t_R)
                                         _017_ (net)
                 14.69    0.04   57.53 ^ _094_/A (INVx1_ASAP7_75t_R)
     1    1.03    8.94    7.63   65.16 v _094_/Y (INVx1_ASAP7_75t_R)
                                         _046_ (net)
                  8.94    0.06   65.22 v _095_/B (OAI21x1_ASAP7_75t_R)
     1    1.13    6.61    6.06   71.28 ^ _095_/Y (OAI21x1_ASAP7_75t_R)
                                         _047_ (net)
                  6.62    0.08   71.36 ^ _098_/A1 (AOI21x1_ASAP7_75t_R)
     1    0.61    7.70    6.49   77.85 v _098_/Y (AOI21x1_ASAP7_75t_R)
                                         _024_ (net)
                  7.70    0.03   77.87 v out[28]$_SDFF_PP0_/D (DFFHQNx1_ASAP7_75t_R)
                                 77.87   data arrival time

                  0.00    0.00    0.00   clock clk (rise edge)
                          0.00    0.00   clock network delay (ideal)
                          0.00    0.00   clock reconvergence pessimism
                                  0.00 ^ out[28]$_SDFF_PP0_/CLK (DFFHQNx1_ASAP7_75t_R)
                          8.50    8.50   library hold time
                                  8.50   data required time
-----------------------------------------------------------------------------
                                  8.50   data required time
                                -77.87   data arrival time
-----------------------------------------------------------------------------
                                 69.38   slack (MET)



==========================================================================
detailed place report_checks -path_delay max
--------------------------------------------------------------------------
Startpoint: _tray_size2_20 (rising edge-triggered flip-flop clocked by clk)
Endpoint: out[28]$_SDFF_PP0_ (rising edge-triggered flip-flop clocked by clk)
Path Group: clk
Path Type: max

Fanout     Cap    Slew   Delay    Time   Description
-----------------------------------------------------------------------------
                  0.00    0.00    0.00   clock clk (rise edge)
                          0.00    0.00   clock network delay (ideal)
                  0.00    0.00    0.00 ^ _tray_size2_20/CLK (DFFHQNV2Xx1_ASAP7_75t_R)
     4    5.26   51.93   67.30   67.30 v _tray_size2_20/QN1 (DFFHQNV2Xx1_ASAP7_75t_R)
                                         _009_ (net)
                 51.93    0.20   67.50 v _071_/A (INVx1_ASAP7_75t_R)
     2    1.97   24.17   19.42   86.93 ^ _071_/Y (INVx1_ASAP7_75t_R)
                                         rcnt[1] (net)
                 24.17    0.06   86.98 ^ _115_/B (HAxp5_ASAP7_75t_R)
     1    0.73   20.20   13.75  100.73 v _115_/CON (HAxp5_ASAP7_75t_R)
                                         _014_ (net)
                 20.20    0.03  100.76 v _073_/A (INVx1_ASAP7_75t_R)
     2    1.98   16.94   13.26  114.02 ^ _073_/Y (INVx1_ASAP7_75t_R)
                                         _015_ (net)
                 16.94    0.08  114.10 ^ _116_/B (HAxp5_ASAP7_75t_R)
     4    4.82   84.19   66.63  180.73 v _116_/SN (HAxp5_ASAP7_75t_R)
                                         rcnt_next[2] (net)
                 84.19    0.15  180.88 v _079_/A (INVx2_ASAP7_75t_R)
     3    4.26   31.50   24.46  205.33 ^ _079_/Y (INVx2_ASAP7_75t_R)
                                         _036_ (net)
                 31.50    0.21  205.54 ^ _096_/A (AND2x2_ASAP7_75t_R)
     1    1.53    9.36   18.96  224.50 ^ _096_/Y (AND2x2_ASAP7_75t_R)
                                         _048_ (net)
                  9.37    0.09  224.58 ^ _097_/B (OAI21x1_ASAP7_75t_R)
     2    2.53   20.14   11.37  235.96 v _097_/Y (OAI21x1_ASAP7_75t_R)
                                         _049_ (net)
                 20.14    0.10  236.06 v _098_/A2 (AOI21x1_ASAP7_75t_R)
     1    0.69   16.42   10.49  246.55 ^ _098_/Y (AOI21x1_ASAP7_75t_R)
                                         _024_ (net)
                 16.42    0.03  246.58 ^ out[28]$_SDFF_PP0_/D (DFFHQNx1_ASAP7_75t_R)
                                246.58   data arrival time

                  0.00  380.00  380.00   clock clk (rise edge)
                          0.00  380.00   clock network delay (ideal)
                          0.00  380.00   clock reconvergence pessimism
                                380.00 ^ out[28]$_SDFF_PP0_/CLK (DFFHQNx1_ASAP7_75t_R)
                        -13.55  366.45   library setup time
                                366.45   data required time
-----------------------------------------------------------------------------
                                366.45   data required time
                               -246.58   data arrival time
-----------------------------------------------------------------------------
                                119.87   slack (MET)



==========================================================================
detailed place report_checks -unconstrained
--------------------------------------------------------------------------
Startpoint: _tray_size2_20 (rising edge-triggered flip-flop clocked by clk)
Endpoint: out[28]$_SDFF_PP0_ (rising edge-triggered flip-flop clocked by clk)
Path Group: clk
Path Type: max

Fanout     Cap    Slew   Delay    Time   Description
-----------------------------------------------------------------------------
                  0.00    0.00    0.00   clock clk (rise edge)
                          0.00    0.00   clock network delay (ideal)
                  0.00    0.00    0.00 ^ _tray_size2_20/CLK (DFFHQNV2Xx1_ASAP7_75t_R)
     4    5.26   51.93   67.30   67.30 v _tray_size2_20/QN1 (DFFHQNV2Xx1_ASAP7_75t_R)
                                         _009_ (net)
                 51.93    0.20   67.50 v _071_/A (INVx1_ASAP7_75t_R)
     2    1.97   24.17   19.42   86.93 ^ _071_/Y (INVx1_ASAP7_75t_R)
                                         rcnt[1] (net)
                 24.17    0.06   86.98 ^ _115_/B (HAxp5_ASAP7_75t_R)
     1    0.73   20.20   13.75  100.73 v _115_/CON (HAxp5_ASAP7_75t_R)
                                         _014_ (net)
                 20.20    0.03  100.76 v _073_/A (INVx1_ASAP7_75t_R)
     2    1.98   16.94   13.26  114.02 ^ _073_/Y (INVx1_ASAP7_75t_R)
                                         _015_ (net)
                 16.94    0.08  114.10 ^ _116_/B (HAxp5_ASAP7_75t_R)
     4    4.82   84.19   66.63  180.73 v _116_/SN (HAxp5_ASAP7_75t_R)
                                         rcnt_next[2] (net)
                 84.19    0.15  180.88 v _079_/A (INVx2_ASAP7_75t_R)
     3    4.26   31.50   24.46  205.33 ^ _079_/Y (INVx2_ASAP7_75t_R)
                                         _036_ (net)
                 31.50    0.21  205.54 ^ _096_/A (AND2x2_ASAP7_75t_R)
     1    1.53    9.36   18.96  224.50 ^ _096_/Y (AND2x2_ASAP7_75t_R)
                                         _048_ (net)
                  9.37    0.09  224.58 ^ _097_/B (OAI21x1_ASAP7_75t_R)
     2    2.53   20.14   11.37  235.96 v _097_/Y (OAI21x1_ASAP7_75t_R)
                                         _049_ (net)
                 20.14    0.10  236.06 v _098_/A2 (AOI21x1_ASAP7_75t_R)
     1    0.69   16.42   10.49  246.55 ^ _098_/Y (AOI21x1_ASAP7_75t_R)
                                         _024_ (net)
                 16.42    0.03  246.58 ^ out[28]$_SDFF_PP0_/D (DFFHQNx1_ASAP7_75t_R)
                                246.58   data arrival time

                  0.00  380.00  380.00   clock clk (rise edge)
                          0.00  380.00   clock network delay (ideal)
                          0.00  380.00   clock reconvergence pessimism
                                380.00 ^ out[28]$_SDFF_PP0_/CLK (DFFHQNx1_ASAP7_75t_R)
                        -13.55  366.45   library setup time
                                366.45   data required time
-----------------------------------------------------------------------------
                                366.45   data required time
                               -246.58   data arrival time
-----------------------------------------------------------------------------
                                119.87   slack (MET)



==========================================================================
detailed place report_check_types -max_slew -max_cap -max_fanout -violators
--------------------------------------------------------------------------

==========================================================================
detailed place max_slew_check_slack
--------------------------------------------------------------------------
235.8059539794922

==========================================================================
detailed place max_slew_check_limit
--------------------------------------------------------------------------
320.0

==========================================================================
detailed place max_slew_check_slack_limit
--------------------------------------------------------------------------
0.7369

==========================================================================
detailed place max_fanout_check_slack
--------------------------------------------------------------------------
1.0000000150474662e+30

==========================================================================
detailed place max_fanout_check_limit
--------------------------------------------------------------------------
1.0000000150474662e+30

==========================================================================
detailed place max_capacitance_check_slack
--------------------------------------------------------------------------
16.164352416992188

==========================================================================
detailed place max_capacitance_check_limit
--------------------------------------------------------------------------
23.040000915527344

==========================================================================
detailed place max_capacitance_check_slack_limit
--------------------------------------------------------------------------
0.7016

==========================================================================
detailed place max_slew_violation_count
--------------------------------------------------------------------------
max slew violation count 0

==========================================================================
detailed place max_fanout_violation_count
--------------------------------------------------------------------------
max fanout violation count 0

==========================================================================
detailed place max_cap_violation_count
--------------------------------------------------------------------------
max cap violation count 0

==========================================================================
detailed place setup_violation_count
--------------------------------------------------------------------------
setup violation count 0

==========================================================================
detailed place hold_violation_count
--------------------------------------------------------------------------
hold violation count 0

==========================================================================
detailed place report_checks -path_delay max reg to reg
--------------------------------------------------------------------------
Startpoint: _tray_size2_20 (rising edge-triggered flip-flop clocked by clk)
Endpoint: out[28]$_SDFF_PP0_ (rising edge-triggered flip-flop clocked by clk)
Path Group: clk
Path Type: max

  Delay    Time   Description
---------------------------------------------------------
   0.00    0.00   clock clk (rise edge)
   0.00    0.00   clock network delay (ideal)
   0.00    0.00 ^ _tray_size2_20/CLK (DFFHQNV2Xx1_ASAP7_75t_R)
  67.30   67.30 v _tray_size2_20/QN1 (DFFHQNV2Xx1_ASAP7_75t_R)
  19.63   86.93 ^ _071_/Y (INVx1_ASAP7_75t_R)
  13.81  100.73 v _115_/CON (HAxp5_ASAP7_75t_R)
  13.29  114.02 ^ _073_/Y (INVx1_ASAP7_75t_R)
  66.70  180.73 v _116_/SN (HAxp5_ASAP7_75t_R)
  24.60  205.33 ^ _079_/Y (INVx2_ASAP7_75t_R)
  19.17  224.50 ^ _096_/Y (AND2x2_ASAP7_75t_R)
  11.46  235.96 v _097_/Y (OAI21x1_ASAP7_75t_R)
  10.59  246.55 ^ _098_/Y (AOI21x1_ASAP7_75t_R)
   0.03  246.58 ^ out[28]$_SDFF_PP0_/D (DFFHQNx1_ASAP7_75t_R)
         246.58   data arrival time

 380.00  380.00   clock clk (rise edge)
   0.00  380.00   clock network delay (ideal)
   0.00  380.00   clock reconvergence pessimism
         380.00 ^ out[28]$_SDFF_PP0_/CLK (DFFHQNx1_ASAP7_75t_R)
 -13.55  366.45   library setup time
         366.45   data required time
---------------------------------------------------------
         366.45   data required time
        -246.58   data arrival time
---------------------------------------------------------
         119.87   slack (MET)



==========================================================================
detailed place report_checks -path_delay min reg to reg
--------------------------------------------------------------------------
Startpoint: rcnt[2]$_SDFF_PP0_ (rising edge-triggered flip-flop clocked by clk)
Endpoint: out[28]$_SDFF_PP0_ (rising edge-triggered flip-flop clocked by clk)
Path Group: clk
Path Type: min

  Delay    Time   Description
---------------------------------------------------------
   0.00    0.00   clock clk (rise edge)
   0.00    0.00   clock network delay (ideal)
   0.00    0.00 ^ rcnt[2]$_SDFF_PP0_/CLK (DFFHQNx1_ASAP7_75t_R)
  41.19   41.19 v rcnt[2]$_SDFF_PP0_/QN (DFFHQNx1_ASAP7_75t_R)
  16.31   57.50 ^ _116_/CON (HAxp5_ASAP7_75t_R)
   7.66   65.16 v _094_/Y (INVx1_ASAP7_75t_R)
   6.12   71.28 ^ _095_/Y (OAI21x1_ASAP7_75t_R)
   6.57   77.85 v _098_/Y (AOI21x1_ASAP7_75t_R)
   0.03   77.87 v out[28]$_SDFF_PP0_/D (DFFHQNx1_ASAP7_75t_R)
          77.87   data arrival time

   0.00    0.00   clock clk (rise edge)
   0.00    0.00   clock network delay (ideal)
   0.00    0.00   clock reconvergence pessimism
           0.00 ^ out[28]$_SDFF_PP0_/CLK (DFFHQNx1_ASAP7_75t_R)
   8.50    8.50   library hold time
           8.50   data required time
---------------------------------------------------------
           8.50   data required time
         -77.87   data arrival time
---------------------------------------------------------
          69.38   slack (MET)



==========================================================================
detailed place critical path target clock latency max path
--------------------------------------------------------------------------
0.0000

==========================================================================
detailed place critical path target clock latency min path
--------------------------------------------------------------------------
0.0000

==========================================================================
detailed place critical path source clock latency min path
--------------------------------------------------------------------------
0.0000

==========================================================================
detailed place critical path delay
--------------------------------------------------------------------------
246.5784

==========================================================================
detailed place critical path slack
--------------------------------------------------------------------------
119.8696

==========================================================================
detailed place slack div critical path delay
--------------------------------------------------------------------------
48.613179

==========================================================================
detailed place report_power
--------------------------------------------------------------------------
Group                  Internal  Switching    Leakage      Total
                          Power      Power      Power      Power (Watts)
----------------------------------------------------------------
Sequential             4.37e-05   1.96e-06   1.74e-09   4.56e-05  69.1%
Combinational          8.08e-06   1.23e-05   3.79e-09   2.04e-05  30.9%
Clock                  0.00e+00   0.00e+00   0.00e+00   0.00e+00   0.0%
Macro                  0.00e+00   0.00e+00   0.00e+00   0.00e+00   0.0%
Pad                    0.00e+00   0.00e+00   0.00e+00   0.00e+00   0.0%
----------------------------------------------------------------
Total                  5.18e-05   1.43e-05   5.53e-09   6.60e-05 100.0%
                          78.4%      21.6%       0.0%
