
==========================================================================
global route report_tns
--------------------------------------------------------------------------
tns max -18266.19

==========================================================================
global route report_wns
--------------------------------------------------------------------------
wns max -321.30

==========================================================================
global route report_worst_slack
--------------------------------------------------------------------------
worst slack max -321.30

==========================================================================
global route report_clock_min_period
--------------------------------------------------------------------------
clock period_min = 621.30 fmax = 1609.54

==========================================================================
global route report_clock_skew
--------------------------------------------------------------------------
Clock clock
  90.39 source latency multResult_mult.pp_row42_10$_DFF_P_/CLK ^
 -78.21 target latency multResult_mult.final_a_registered[47]$_DFF_P_/CLK ^
  -1.24 CRPR
--------------
  10.94 setup skew


==========================================================================
global route report_checks -path_delay min
--------------------------------------------------------------------------
Startpoint: multResult_mult.pp_row0_1$_DFF_P_
            (rising edge-triggered flip-flop clocked by clock)
Endpoint: _tray_size4_2551 (rising edge-triggered flip-flop clocked by clock)
Path Group: clock
Path Type: min

Fanout     Cap    Slew   Delay    Time   Description
-----------------------------------------------------------------------------
                          0.00    0.00   clock clock (rise edge)
                          0.00    0.00   clock source latency
     1   11.60    0.00    0.00    0.00 ^ clock (in)
                                         clock (net)
                 16.06    5.07    5.07 ^ clkbuf_0_clock/A (BUFx16f_ASAP7_75t_R)
     4   18.82   15.07   18.29   23.35 ^ clkbuf_0_clock/Y (BUFx16f_ASAP7_75t_R)
                                         clknet_0_clock (net)
                 18.67    3.78   27.13 ^ clkbuf_2_3__f_clock/A (BUFx16f_ASAP7_75t_R)
     9   34.18   22.46   22.49   49.62 ^ clkbuf_2_3__f_clock/Y (BUFx16f_ASAP7_75t_R)
                                         clknet_2_3__leaf_clock (net)
                 23.98    3.11   52.73 ^ clkbuf_leaf_22_clock/A (BUFx24_ASAP7_75t_R)
    15   13.96   11.89   22.99   75.72 ^ clkbuf_leaf_22_clock/Y (BUFx24_ASAP7_75t_R)
                                         clknet_leaf_22_clock (net)
                 14.51    2.81   78.54 ^ multResult_mult.pp_row0_1$_DFF_P_/CLK (DFFHQNx1_ASAP7_75t_R)
     1    0.67   11.98   36.24  114.78 ^ multResult_mult.pp_row0_1$_DFF_P_/QN (DFFHQNx1_ASAP7_75t_R)
                                         _0413_ (net)
                 11.98    0.04  114.82 ^ _5514_/A (INVx1_ASAP7_75t_R)
     1    1.00    8.22    7.01  121.83 v _5514_/Y (INVx1_ASAP7_75t_R)
                                         _2022_ (net)
                  8.23    0.15  121.98 v _tray_size4_2551/D2 (DFFHQNH2V2Xx1_ASAP7_75t_R)
                                121.98   data arrival time

                          0.00    0.00   clock clock (rise edge)
                          0.00    0.00   clock source latency
     1   12.26    0.00    0.00    0.00 ^ clock (in)
                                         clock (net)
                 17.71    5.59    5.59 ^ clkbuf_0_clock/A (BUFx16f_ASAP7_75t_R)
     4   21.46   16.71   19.00   24.59 ^ clkbuf_0_clock/Y (BUFx16f_ASAP7_75t_R)
                                         clknet_0_clock (net)
                 21.05    4.35   28.94 ^ clkbuf_2_3__f_clock/A (BUFx16f_ASAP7_75t_R)
     9   42.06   26.82   24.37   53.31 ^ clkbuf_2_3__f_clock/Y (BUFx16f_ASAP7_75t_R)
                                         clknet_2_3__leaf_clock (net)
                 28.65    3.73   57.04 ^ clkbuf_leaf_22_clock/A (BUFx24_ASAP7_75t_R)
    15   16.59   13.35   24.46   81.51 ^ clkbuf_leaf_22_clock/Y (BUFx24_ASAP7_75t_R)
                                         clknet_leaf_22_clock (net)
                 14.35    1.75   83.26 ^ _tray_size4_2551/CLK (DFFHQNH2V2Xx1_ASAP7_75t_R)
                         -5.79   77.47   clock reconvergence pessimism
                         13.17   90.65   library hold time
                                 90.65   data required time
-----------------------------------------------------------------------------
                                 90.65   data required time
                               -121.98   data arrival time
-----------------------------------------------------------------------------
                                 31.33   slack (MET)



==========================================================================
global route report_checks -path_delay max
--------------------------------------------------------------------------
Startpoint: _tray_size2_2548 (rising edge-triggered flip-flop clocked by clock)
Endpoint: io_out_REG[0]$_DFF_P_
          (rising edge-triggered flip-flop clocked by clock)
Path Group: clock
Path Type: max

Fanout     Cap    Slew   Delay    Time   Description
-----------------------------------------------------------------------------
                          0.00    0.00   clock clock (rise edge)
                          0.00    0.00   clock source latency
     1   12.26    0.00    0.00    0.00 ^ clock (in)
                                         clock (net)
                 17.71    5.59    5.59 ^ clkbuf_0_clock/A (BUFx16f_ASAP7_75t_R)
     4   21.46   16.71   19.00   24.59 ^ clkbuf_0_clock/Y (BUFx16f_ASAP7_75t_R)
                                         clknet_0_clock (net)
                 21.05    4.35   28.94 ^ clkbuf_2_3__f_clock/A (BUFx16f_ASAP7_75t_R)
     9   42.06   26.82   24.37   53.31 ^ clkbuf_2_3__f_clock/Y (BUFx16f_ASAP7_75t_R)
                                         clknet_2_3__leaf_clock (net)
                 28.65    3.73   57.04 ^ clkbuf_leaf_22_clock/A (BUFx24_ASAP7_75t_R)
    15   16.59   13.35   24.46   81.51 ^ clkbuf_leaf_22_clock/Y (BUFx24_ASAP7_75t_R)
                                         clknet_leaf_22_clock (net)
                 15.14    2.41   83.92 ^ _tray_size2_2548/CLK (DFFHQNV2Xx1_ASAP7_75t_R)
     3    2.35   31.99   59.20  143.11 v _tray_size2_2548/QN1 (DFFHQNV2Xx1_ASAP7_75t_R)
                                         _0020_ (net)
                 31.99    0.22  143.33 v _8539_/A (INVx1_ASAP7_75t_R)
     2    1.57   17.53   14.30  157.63 ^ _8539_/Y (INVx1_ASAP7_75t_R)
                                         _4983_ (net)
                 17.53    0.16  157.79 ^ _5709_/C (AND4x1_ASAP7_75t_R)
     2    2.23   20.27   28.45  186.24 ^ _5709_/Y (AND4x1_ASAP7_75t_R)
                                         _2217_ (net)
                 20.29    0.31  186.55 ^ _5710_/A (OR2x6_ASAP7_75t_R)
     6   14.68   21.98   23.14  209.69 ^ _5710_/Y (OR2x6_ASAP7_75t_R)
                                         _2218_ (net)
                 28.93    6.41  216.09 ^ place1768/A (BUFx12f_ASAP7_75t_R)
     7   12.29   12.16   18.62  234.71 ^ place1768/Y (BUFx12f_ASAP7_75t_R)
                                         net1766 (net)
                 12.81    1.49  236.20 ^ place1766/A (BUFx12f_ASAP7_75t_R)
     4    5.17    6.95   13.58  249.79 ^ place1766/Y (BUFx12f_ASAP7_75t_R)
                                         net1764 (net)
                  7.52    1.02  250.81 ^ _5766_/A (XNOR2x2_ASAP7_75t_R)
     1    1.17    8.68   24.63  275.44 v _5766_/Y (XNOR2x2_ASAP7_75t_R)
                                         _2274_ (net)
                  8.69    0.09  275.52 v extendedResult\\ALU_64_0_64_0_65_unused_CO_X_HAN_CARLSON/_0655_/A (XOR2x2_ASAP7_75t_R)
     2    2.05   11.22   20.89  296.41 v extendedResult\\ALU_64_0_64_0_65_unused_CO_X_HAN_CARLSON/_0655_/Y (XOR2x2_ASAP7_75t_R)
                                         extendedResult\\ALU_64_0_64_0_65_unused_CO_X_HAN_CARLSON/_0213_ (net)
                 11.23    0.23  296.64 v extendedResult\\ALU_64_0_64_0_65_unused_CO_X_HAN_CARLSON/_0613_/A (HAxp5_ASAP7_75t_R)
     3    2.45   45.48   39.59  336.23 v extendedResult\\ALU_64_0_64_0_65_unused_CO_X_HAN_CARLSON/_0613_/SN (HAxp5_ASAP7_75t_R)
                                         extendedResult\\ALU_64_0_64_0_65_unused_CO_X_HAN_CARLSON/_0153_ (net)
                 45.48    0.24  336.47 v extendedResult\\ALU_64_0_64_0_65_unused_CO_X_HAN_CARLSON/_0661_/B (OR4x1_ASAP7_75t_R)
     3    3.14   23.33   39.84  376.31 v extendedResult\\ALU_64_0_64_0_65_unused_CO_X_HAN_CARLSON/_0661_/Y (OR4x1_ASAP7_75t_R)
                                         extendedResult\\ALU_64_0_64_0_65_unused_CO_X_HAN_CARLSON/_0219_ (net)
                 23.36    0.40  376.71 v extendedResult\\ALU_64_0_64_0_65_unused_CO_X_HAN_CARLSON/_0663_/B (NOR2x1_ASAP7_75t_R)
     3    2.98   23.86   17.29  394.00 ^ extendedResult\\ALU_64_0_64_0_65_unused_CO_X_HAN_CARLSON/_0663_/Y (NOR2x1_ASAP7_75t_R)
                                         extendedResult\\ALU_64_0_64_0_65_unused_CO_X_HAN_CARLSON/_0221_ (net)
                 23.87    0.24  394.24 ^ extendedResult\\ALU_64_0_64_0_65_unused_CO_X_HAN_CARLSON/_0664_/A (AND2x2_ASAP7_75t_R)
     1    0.85    6.91   16.82  411.06 ^ extendedResult\\ALU_64_0_64_0_65_unused_CO_X_HAN_CARLSON/_0664_/Y (AND2x2_ASAP7_75t_R)
                                         extendedResult\\ALU_64_0_64_0_65_unused_CO_X_HAN_CARLSON/_0222_ (net)
                  6.91    0.10  411.16 ^ extendedResult\\ALU_64_0_64_0_65_unused_CO_X_HAN_CARLSON/_0665_/B1 (AO221x1_ASAP7_75t_R)
     2    2.27   18.96   22.49  433.64 ^ extendedResult\\ALU_64_0_64_0_65_unused_CO_X_HAN_CARLSON/_0665_/Y (AO221x1_ASAP7_75t_R)
                                         extendedResult\\ALU_64_0_64_0_65_unused_CO_X_HAN_CARLSON/_0223_ (net)
                 19.00    0.41  434.05 ^ extendedResult\\ALU_64_0_64_0_65_unused_CO_X_HAN_CARLSON/_0757_/B1 (AO221x2_ASAP7_75t_R)
     2    3.87   18.85   29.19  463.24 ^ extendedResult\\ALU_64_0_64_0_65_unused_CO_X_HAN_CARLSON/_0757_/Y (AO221x2_ASAP7_75t_R)
                                         extendedResult\\ALU_64_0_64_0_65_unused_CO_X_HAN_CARLSON/_0315_ (net)
                 18.99    0.90  464.14 ^ extendedResult\\ALU_64_0_64_0_65_unused_CO_X_HAN_CARLSON/_0549_/B (FAx1_ASAP7_75t_R)
     1    1.20   23.41   18.19  482.33 v extendedResult\\ALU_64_0_64_0_65_unused_CO_X_HAN_CARLSON/_0549_/CON (FAx1_ASAP7_75t_R)
                                         extendedResult\\ALU_64_0_64_0_65_unused_CO_X_HAN_CARLSON/_0024_ (net)
     1    0.99   30.77   14.76  497.08 ^ extendedResult\\ALU_64_0_64_0_65_unused_CO_X_HAN_CARLSON/_0549_/SN (FAx1_ASAP7_75t_R)
                                         extendedResult\\ALU_64_0_64_0_65_unused_CO_X_HAN_CARLSON/_0025_ (net)
                 30.77    0.12  497.21 ^ extendedResult\\ALU_64_0_64_0_65_unused_CO_X_HAN_CARLSON/_0968_/A (INVx1_ASAP7_75t_R)
     2    1.95   17.29   13.35  510.55 v extendedResult\\ALU_64_0_64_0_65_unused_CO_X_HAN_CARLSON/_0968_/Y (INVx1_ASAP7_75t_R)
                                         extendedResult[38] (net)
                 17.30    0.25  510.80 v _7090_/A (OR4x1_ASAP7_75t_R)
     1    1.97   16.80   29.17  539.98 v _7090_/Y (OR4x1_ASAP7_75t_R)
                                         _3598_ (net)
                 16.83    0.39  540.36 v _7091_/D (OR4x1_ASAP7_75t_R)
     1    0.98   11.23   28.33  568.69 v _7091_/Y (OR4x1_ASAP7_75t_R)
                                         _3599_ (net)
                 11.24    0.10  568.78 v _7099_/A (OR4x1_ASAP7_75t_R)
     1    1.27   12.84   25.18  593.97 v _7099_/Y (OR4x1_ASAP7_75t_R)
                                         _3607_ (net)
                 12.85    0.23  594.19 v _7114_/B (OR5x1_ASAP7_75t_R)
     3    4.13   30.83   40.54  634.73 v _7114_/Y (OR5x1_ASAP7_75t_R)
                                         _3622_ (net)
                 31.02    1.36  636.09 v place1187/A (BUFx3_ASAP7_75t_R)
     1    1.42    6.69   19.33  655.43 v place1187/Y (BUFx3_ASAP7_75t_R)
                                         net1185 (net)
                  6.71    0.19  655.62 v _7243_/B (NAND2x1_ASAP7_75t_R)
     1    0.66   10.89    6.57  662.19 ^ _7243_/Y (NAND2x1_ASAP7_75t_R)
                                         _3751_ (net)
                 10.89    0.04  662.23 ^ _7244_/A3 (AO32x1_ASAP7_75t_R)
     1    0.73   10.58   17.96  680.18 ^ _7244_/Y (AO32x1_ASAP7_75t_R)
                                         _3752_ (net)
                 10.58    0.05  680.23 ^ _7246_/B1 (AO221x1_ASAP7_75t_R)
     1    0.79   10.28   18.67  698.90 ^ _7246_/Y (AO221x1_ASAP7_75t_R)
                                         _3754_ (net)
                 10.28    0.08  698.98 ^ io_out_REG[0]$_DFF_P_/D (DFFHQNx1_ASAP7_75t_R)
                                698.98   data arrival time

                        300.00  300.00   clock clock (rise edge)
                          0.00  300.00   clock source latency
     1   11.60    0.00    0.00  300.00 ^ clock (in)
                                         clock (net)
                 16.06    5.07  305.07 ^ clkbuf_0_clock/A (BUFx16f_ASAP7_75t_R)
     4   18.82   15.07   18.29  323.35 ^ clkbuf_0_clock/Y (BUFx16f_ASAP7_75t_R)
                                         clknet_0_clock (net)
                 18.67    3.78  327.13 ^ clkbuf_2_3__f_clock/A (BUFx16f_ASAP7_75t_R)
     9   34.18   22.46   22.49  349.62 ^ clkbuf_2_3__f_clock/Y (BUFx16f_ASAP7_75t_R)
                                         clknet_2_3__leaf_clock (net)
                 23.98    3.11  352.73 ^ clkbuf_leaf_22_clock/A (BUFx24_ASAP7_75t_R)
    15   13.96   11.89   22.99  375.72 ^ clkbuf_leaf_22_clock/Y (BUFx24_ASAP7_75t_R)
                                         clknet_leaf_22_clock (net)
                 13.36    2.01  377.74 ^ io_out_REG[0]$_DFF_P_/CLK (DFFHQNx1_ASAP7_75t_R)
                          5.79  383.52   clock reconvergence pessimism
                         -5.84  377.68   library setup time
                                377.68   data required time
-----------------------------------------------------------------------------
                                377.68   data required time
                               -698.98   data arrival time
-----------------------------------------------------------------------------
                               -321.30   slack (VIOLATED)



==========================================================================
global route report_checks -unconstrained
--------------------------------------------------------------------------
Startpoint: _tray_size2_2548 (rising edge-triggered flip-flop clocked by clock)
Endpoint: io_out_REG[0]$_DFF_P_
          (rising edge-triggered flip-flop clocked by clock)
Path Group: clock
Path Type: max

Fanout     Cap    Slew   Delay    Time   Description
-----------------------------------------------------------------------------
                          0.00    0.00   clock clock (rise edge)
                          0.00    0.00   clock source latency
     1   12.26    0.00    0.00    0.00 ^ clock (in)
                                         clock (net)
                 17.71    5.59    5.59 ^ clkbuf_0_clock/A (BUFx16f_ASAP7_75t_R)
     4   21.46   16.71   19.00   24.59 ^ clkbuf_0_clock/Y (BUFx16f_ASAP7_75t_R)
                                         clknet_0_clock (net)
                 21.05    4.35   28.94 ^ clkbuf_2_3__f_clock/A (BUFx16f_ASAP7_75t_R)
     9   42.06   26.82   24.37   53.31 ^ clkbuf_2_3__f_clock/Y (BUFx16f_ASAP7_75t_R)
                                         clknet_2_3__leaf_clock (net)
                 28.65    3.73   57.04 ^ clkbuf_leaf_22_clock/A (BUFx24_ASAP7_75t_R)
    15   16.59   13.35   24.46   81.51 ^ clkbuf_leaf_22_clock/Y (BUFx24_ASAP7_75t_R)
                                         clknet_leaf_22_clock (net)
                 15.14    2.41   83.92 ^ _tray_size2_2548/CLK (DFFHQNV2Xx1_ASAP7_75t_R)
     3    2.35   31.99   59.20  143.11 v _tray_size2_2548/QN1 (DFFHQNV2Xx1_ASAP7_75t_R)
                                         _0020_ (net)
                 31.99    0.22  143.33 v _8539_/A (INVx1_ASAP7_75t_R)
     2    1.57   17.53   14.30  157.63 ^ _8539_/Y (INVx1_ASAP7_75t_R)
                                         _4983_ (net)
                 17.53    0.16  157.79 ^ _5709_/C (AND4x1_ASAP7_75t_R)
     2    2.23   20.27   28.45  186.24 ^ _5709_/Y (AND4x1_ASAP7_75t_R)
                                         _2217_ (net)
                 20.29    0.31  186.55 ^ _5710_/A (OR2x6_ASAP7_75t_R)
     6   14.68   21.98   23.14  209.69 ^ _5710_/Y (OR2x6_ASAP7_75t_R)
                                         _2218_ (net)
                 28.93    6.41  216.09 ^ place1768/A (BUFx12f_ASAP7_75t_R)
     7   12.29   12.16   18.62  234.71 ^ place1768/Y (BUFx12f_ASAP7_75t_R)
                                         net1766 (net)
                 12.81    1.49  236.20 ^ place1766/A (BUFx12f_ASAP7_75t_R)
     4    5.17    6.95   13.58  249.79 ^ place1766/Y (BUFx12f_ASAP7_75t_R)
                                         net1764 (net)
                  7.52    1.02  250.81 ^ _5766_/A (XNOR2x2_ASAP7_75t_R)
     1    1.17    8.68   24.63  275.44 v _5766_/Y (XNOR2x2_ASAP7_75t_R)
                                         _2274_ (net)
                  8.69    0.09  275.52 v extendedResult\\ALU_64_0_64_0_65_unused_CO_X_HAN_CARLSON/_0655_/A (XOR2x2_ASAP7_75t_R)
     2    2.05   11.22   20.89  296.41 v extendedResult\\ALU_64_0_64_0_65_unused_CO_X_HAN_CARLSON/_0655_/Y (XOR2x2_ASAP7_75t_R)
                                         extendedResult\\ALU_64_0_64_0_65_unused_CO_X_HAN_CARLSON/_0213_ (net)
                 11.23    0.23  296.64 v extendedResult\\ALU_64_0_64_0_65_unused_CO_X_HAN_CARLSON/_0613_/A (HAxp5_ASAP7_75t_R)
     3    2.45   45.48   39.59  336.23 v extendedResult\\ALU_64_0_64_0_65_unused_CO_X_HAN_CARLSON/_0613_/SN (HAxp5_ASAP7_75t_R)
                                         extendedResult\\ALU_64_0_64_0_65_unused_CO_X_HAN_CARLSON/_0153_ (net)
                 45.48    0.24  336.47 v extendedResult\\ALU_64_0_64_0_65_unused_CO_X_HAN_CARLSON/_0661_/B (OR4x1_ASAP7_75t_R)
     3    3.14   23.33   39.84  376.31 v extendedResult\\ALU_64_0_64_0_65_unused_CO_X_HAN_CARLSON/_0661_/Y (OR4x1_ASAP7_75t_R)
                                         extendedResult\\ALU_64_0_64_0_65_unused_CO_X_HAN_CARLSON/_0219_ (net)
                 23.36    0.40  376.71 v extendedResult\\ALU_64_0_64_0_65_unused_CO_X_HAN_CARLSON/_0663_/B (NOR2x1_ASAP7_75t_R)
     3    2.98   23.86   17.29  394.00 ^ extendedResult\\ALU_64_0_64_0_65_unused_CO_X_HAN_CARLSON/_0663_/Y (NOR2x1_ASAP7_75t_R)
                                         extendedResult\\ALU_64_0_64_0_65_unused_CO_X_HAN_CARLSON/_0221_ (net)
                 23.87    0.24  394.24 ^ extendedResult\\ALU_64_0_64_0_65_unused_CO_X_HAN_CARLSON/_0664_/A (AND2x2_ASAP7_75t_R)
     1    0.85    6.91   16.82  411.06 ^ extendedResult\\ALU_64_0_64_0_65_unused_CO_X_HAN_CARLSON/_0664_/Y (AND2x2_ASAP7_75t_R)
                                         extendedResult\\ALU_64_0_64_0_65_unused_CO_X_HAN_CARLSON/_0222_ (net)
                  6.91    0.10  411.16 ^ extendedResult\\ALU_64_0_64_0_65_unused_CO_X_HAN_CARLSON/_0665_/B1 (AO221x1_ASAP7_75t_R)
     2    2.27   18.96   22.49  433.64 ^ extendedResult\\ALU_64_0_64_0_65_unused_CO_X_HAN_CARLSON/_0665_/Y (AO221x1_ASAP7_75t_R)
                                         extendedResult\\ALU_64_0_64_0_65_unused_CO_X_HAN_CARLSON/_0223_ (net)
                 19.00    0.41  434.05 ^ extendedResult\\ALU_64_0_64_0_65_unused_CO_X_HAN_CARLSON/_0757_/B1 (AO221x2_ASAP7_75t_R)
     2    3.87   18.85   29.19  463.24 ^ extendedResult\\ALU_64_0_64_0_65_unused_CO_X_HAN_CARLSON/_0757_/Y (AO221x2_ASAP7_75t_R)
                                         extendedResult\\ALU_64_0_64_0_65_unused_CO_X_HAN_CARLSON/_0315_ (net)
                 18.99    0.90  464.14 ^ extendedResult\\ALU_64_0_64_0_65_unused_CO_X_HAN_CARLSON/_0549_/B (FAx1_ASAP7_75t_R)
     1    1.20   23.41   18.19  482.33 v extendedResult\\ALU_64_0_64_0_65_unused_CO_X_HAN_CARLSON/_0549_/CON (FAx1_ASAP7_75t_R)
                                         extendedResult\\ALU_64_0_64_0_65_unused_CO_X_HAN_CARLSON/_0024_ (net)
     1    0.99   30.77   14.76  497.08 ^ extendedResult\\ALU_64_0_64_0_65_unused_CO_X_HAN_CARLSON/_0549_/SN (FAx1_ASAP7_75t_R)
                                         extendedResult\\ALU_64_0_64_0_65_unused_CO_X_HAN_CARLSON/_0025_ (net)
                 30.77    0.12  497.21 ^ extendedResult\\ALU_64_0_64_0_65_unused_CO_X_HAN_CARLSON/_0968_/A (INVx1_ASAP7_75t_R)
     2    1.95   17.29   13.35  510.55 v extendedResult\\ALU_64_0_64_0_65_unused_CO_X_HAN_CARLSON/_0968_/Y (INVx1_ASAP7_75t_R)
                                         extendedResult[38] (net)
                 17.30    0.25  510.80 v _7090_/A (OR4x1_ASAP7_75t_R)
     1    1.97   16.80   29.17  539.98 v _7090_/Y (OR4x1_ASAP7_75t_R)
                                         _3598_ (net)
                 16.83    0.39  540.36 v _7091_/D (OR4x1_ASAP7_75t_R)
     1    0.98   11.23   28.33  568.69 v _7091_/Y (OR4x1_ASAP7_75t_R)
                                         _3599_ (net)
                 11.24    0.10  568.78 v _7099_/A (OR4x1_ASAP7_75t_R)
     1    1.27   12.84   25.18  593.97 v _7099_/Y (OR4x1_ASAP7_75t_R)
                                         _3607_ (net)
                 12.85    0.23  594.19 v _7114_/B (OR5x1_ASAP7_75t_R)
     3    4.13   30.83   40.54  634.73 v _7114_/Y (OR5x1_ASAP7_75t_R)
                                         _3622_ (net)
                 31.02    1.36  636.09 v place1187/A (BUFx3_ASAP7_75t_R)
     1    1.42    6.69   19.33  655.43 v place1187/Y (BUFx3_ASAP7_75t_R)
                                         net1185 (net)
                  6.71    0.19  655.62 v _7243_/B (NAND2x1_ASAP7_75t_R)
     1    0.66   10.89    6.57  662.19 ^ _7243_/Y (NAND2x1_ASAP7_75t_R)
                                         _3751_ (net)
                 10.89    0.04  662.23 ^ _7244_/A3 (AO32x1_ASAP7_75t_R)
     1    0.73   10.58   17.96  680.18 ^ _7244_/Y (AO32x1_ASAP7_75t_R)
                                         _3752_ (net)
                 10.58    0.05  680.23 ^ _7246_/B1 (AO221x1_ASAP7_75t_R)
     1    0.79   10.28   18.67  698.90 ^ _7246_/Y (AO221x1_ASAP7_75t_R)
                                         _3754_ (net)
                 10.28    0.08  698.98 ^ io_out_REG[0]$_DFF_P_/D (DFFHQNx1_ASAP7_75t_R)
                                698.98   data arrival time

                        300.00  300.00   clock clock (rise edge)
                          0.00  300.00   clock source latency
     1   11.60    0.00    0.00  300.00 ^ clock (in)
                                         clock (net)
                 16.06    5.07  305.07 ^ clkbuf_0_clock/A (BUFx16f_ASAP7_75t_R)
     4   18.82   15.07   18.29  323.35 ^ clkbuf_0_clock/Y (BUFx16f_ASAP7_75t_R)
                                         clknet_0_clock (net)
                 18.67    3.78  327.13 ^ clkbuf_2_3__f_clock/A (BUFx16f_ASAP7_75t_R)
     9   34.18   22.46   22.49  349.62 ^ clkbuf_2_3__f_clock/Y (BUFx16f_ASAP7_75t_R)
                                         clknet_2_3__leaf_clock (net)
                 23.98    3.11  352.73 ^ clkbuf_leaf_22_clock/A (BUFx24_ASAP7_75t_R)
    15   13.96   11.89   22.99  375.72 ^ clkbuf_leaf_22_clock/Y (BUFx24_ASAP7_75t_R)
                                         clknet_leaf_22_clock (net)
                 13.36    2.01  377.74 ^ io_out_REG[0]$_DFF_P_/CLK (DFFHQNx1_ASAP7_75t_R)
                          5.79  383.52   clock reconvergence pessimism
                         -5.84  377.68   library setup time
                                377.68   data required time
-----------------------------------------------------------------------------
                                377.68   data required time
                               -698.98   data arrival time
-----------------------------------------------------------------------------
                               -321.30   slack (VIOLATED)



==========================================================================
global route report_check_types -max_slew -max_cap -max_fanout -violators
--------------------------------------------------------------------------

==========================================================================
global route max_slew_check_slack
--------------------------------------------------------------------------
105.316162109375

==========================================================================
global route max_slew_check_limit
--------------------------------------------------------------------------
320.0

==========================================================================
global route max_slew_check_slack_limit
--------------------------------------------------------------------------
0.3291

==========================================================================
global route max_fanout_check_slack
--------------------------------------------------------------------------
1.0000000150474662e+30

==========================================================================
global route max_fanout_check_limit
--------------------------------------------------------------------------
1.0000000150474662e+30

==========================================================================
global route max_capacitance_check_slack
--------------------------------------------------------------------------
18.801877975463867

==========================================================================
global route max_capacitance_check_limit
--------------------------------------------------------------------------
23.040000915527344

==========================================================================
global route max_capacitance_check_slack_limit
--------------------------------------------------------------------------
0.8161

==========================================================================
global route max_slew_violation_count
--------------------------------------------------------------------------
max slew violation count 0

==========================================================================
global route max_fanout_violation_count
--------------------------------------------------------------------------
max fanout violation count 0

==========================================================================
global route max_cap_violation_count
--------------------------------------------------------------------------
max cap violation count 0

==========================================================================
global route setup_violation_count
--------------------------------------------------------------------------
setup violation count 338

==========================================================================
global route hold_violation_count
--------------------------------------------------------------------------
hold violation count 0

==========================================================================
global route report_checks -path_delay max reg to reg
--------------------------------------------------------------------------
Startpoint: _tray_size2_2548 (rising edge-triggered flip-flop clocked by clock)
Endpoint: io_out_REG[0]$_DFF_P_
          (rising edge-triggered flip-flop clocked by clock)
Path Group: clock
Path Type: max

  Delay    Time   Description
---------------------------------------------------------
   0.00    0.00   clock clock (rise edge)
   0.00    0.00   clock source latency
   0.00    0.00 ^ clock (in)
  24.59   24.59 ^ clkbuf_0_clock/Y (BUFx16f_ASAP7_75t_R)
  28.72   53.31 ^ clkbuf_2_3__f_clock/Y (BUFx16f_ASAP7_75t_R)
  28.19   81.51 ^ clkbuf_leaf_22_clock/Y (BUFx24_ASAP7_75t_R)
   2.41   83.92 ^ _tray_size2_2548/CLK (DFFHQNV2Xx1_ASAP7_75t_R)
  59.20  143.11 v _tray_size2_2548/QN1 (DFFHQNV2Xx1_ASAP7_75t_R)
  14.52  157.63 ^ _8539_/Y (INVx1_ASAP7_75t_R)
  28.61  186.24 ^ _5709_/Y (AND4x1_ASAP7_75t_R)
  23.44  209.69 ^ _5710_/Y (OR2x6_ASAP7_75t_R)
  25.02  234.71 ^ place1768/Y (BUFx12f_ASAP7_75t_R)
  15.08  249.79 ^ place1766/Y (BUFx12f_ASAP7_75t_R)
  25.65  275.44 v _5766_/Y (XNOR2x2_ASAP7_75t_R)
  20.97  296.41 v extendedResult\\ALU_64_0_64_0_65_unused_CO_X_HAN_CARLSON/_0655_/Y (XOR2x2_ASAP7_75t_R)
  39.82  336.23 v extendedResult\\ALU_64_0_64_0_65_unused_CO_X_HAN_CARLSON/_0613_/SN (HAxp5_ASAP7_75t_R)
  40.08  376.31 v extendedResult\\ALU_64_0_64_0_65_unused_CO_X_HAN_CARLSON/_0661_/Y (OR4x1_ASAP7_75t_R)
  17.69  394.00 ^ extendedResult\\ALU_64_0_64_0_65_unused_CO_X_HAN_CARLSON/_0663_/Y (NOR2x1_ASAP7_75t_R)
  17.06  411.06 ^ extendedResult\\ALU_64_0_64_0_65_unused_CO_X_HAN_CARLSON/_0664_/Y (AND2x2_ASAP7_75t_R)
  22.58  433.64 ^ extendedResult\\ALU_64_0_64_0_65_unused_CO_X_HAN_CARLSON/_0665_/Y (AO221x1_ASAP7_75t_R)
  29.60  463.24 ^ extendedResult\\ALU_64_0_64_0_65_unused_CO_X_HAN_CARLSON/_0757_/Y (AO221x2_ASAP7_75t_R)
  19.08  482.33 v extendedResult\\ALU_64_0_64_0_65_unused_CO_X_HAN_CARLSON/_0549_/CON (FAx1_ASAP7_75t_R)
  14.76  497.08 ^ extendedResult\\ALU_64_0_64_0_65_unused_CO_X_HAN_CARLSON/_0549_/SN (FAx1_ASAP7_75t_R)
  13.47  510.55 v extendedResult\\ALU_64_0_64_0_65_unused_CO_X_HAN_CARLSON/_0968_/Y (INVx1_ASAP7_75t_R)
  29.42  539.98 v _7090_/Y (OR4x1_ASAP7_75t_R)
  28.71  568.69 v _7091_/Y (OR4x1_ASAP7_75t_R)
  25.28  593.97 v _7099_/Y (OR4x1_ASAP7_75t_R)
  40.76  634.73 v _7114_/Y (OR5x1_ASAP7_75t_R)
  20.70  655.43 v place1187/Y (BUFx3_ASAP7_75t_R)
   6.76  662.19 ^ _7243_/Y (NAND2x1_ASAP7_75t_R)
  18.00  680.18 ^ _7244_/Y (AO32x1_ASAP7_75t_R)
  18.72  698.90 ^ _7246_/Y (AO221x1_ASAP7_75t_R)
   0.08  698.98 ^ io_out_REG[0]$_DFF_P_/D (DFFHQNx1_ASAP7_75t_R)
         698.98   data arrival time

 300.00  300.00   clock clock (rise edge)
   0.00  300.00   clock source latency
   0.00  300.00 ^ clock (in)
  23.35  323.35 ^ clkbuf_0_clock/Y (BUFx16f_ASAP7_75t_R)
  26.27  349.62 ^ clkbuf_2_3__f_clock/Y (BUFx16f_ASAP7_75t_R)
  26.10  375.72 ^ clkbuf_leaf_22_clock/Y (BUFx24_ASAP7_75t_R)
   2.01  377.74 ^ io_out_REG[0]$_DFF_P_/CLK (DFFHQNx1_ASAP7_75t_R)
   5.79  383.52   clock reconvergence pessimism
  -5.84  377.68   library setup time
         377.68   data required time
---------------------------------------------------------
         377.68   data required time
        -698.98   data arrival time
---------------------------------------------------------
        -321.30   slack (VIOLATED)



==========================================================================
global route report_checks -path_delay min reg to reg
--------------------------------------------------------------------------
Startpoint: multResult_mult.pp_row0_1$_DFF_P_
            (rising edge-triggered flip-flop clocked by clock)
Endpoint: _tray_size4_2551 (rising edge-triggered flip-flop clocked by clock)
Path Group: clock
Path Type: min

  Delay    Time   Description
---------------------------------------------------------
   0.00    0.00   clock clock (rise edge)
   0.00    0.00   clock source latency
   0.00    0.00 ^ clock (in)
  23.35   23.35 ^ clkbuf_0_clock/Y (BUFx16f_ASAP7_75t_R)
  26.27   49.62 ^ clkbuf_2_3__f_clock/Y (BUFx16f_ASAP7_75t_R)
  26.10   75.72 ^ clkbuf_leaf_22_clock/Y (BUFx24_ASAP7_75t_R)
   2.81   78.54 ^ multResult_mult.pp_row0_1$_DFF_P_/CLK (DFFHQNx1_ASAP7_75t_R)
  36.24  114.78 ^ multResult_mult.pp_row0_1$_DFF_P_/QN (DFFHQNx1_ASAP7_75t_R)
   7.05  121.83 v _5514_/Y (INVx1_ASAP7_75t_R)
   0.15  121.98 v _tray_size4_2551/D2 (DFFHQNH2V2Xx1_ASAP7_75t_R)
         121.98   data arrival time

   0.00    0.00   clock clock (rise edge)
   0.00    0.00   clock source latency
   0.00    0.00 ^ clock (in)
  24.59   24.59 ^ clkbuf_0_clock/Y (BUFx16f_ASAP7_75t_R)
  28.72   53.31 ^ clkbuf_2_3__f_clock/Y (BUFx16f_ASAP7_75t_R)
  28.19   81.51 ^ clkbuf_leaf_22_clock/Y (BUFx24_ASAP7_75t_R)
   1.75   83.26 ^ _tray_size4_2551/CLK (DFFHQNH2V2Xx1_ASAP7_75t_R)
  -5.79   77.47   clock reconvergence pessimism
  13.17   90.65   library hold time
          90.65   data required time
---------------------------------------------------------
          90.65   data required time
        -121.98   data arrival time
---------------------------------------------------------
          31.33   slack (MET)



==========================================================================
global route critical path target clock latency max path
--------------------------------------------------------------------------
76.5843

==========================================================================
global route critical path target clock latency min path
--------------------------------------------------------------------------
85.1639

==========================================================================
global route critical path source clock latency min path
--------------------------------------------------------------------------
0.0000

==========================================================================
global route critical path delay
--------------------------------------------------------------------------
698.9773

==========================================================================
global route critical path slack
--------------------------------------------------------------------------
-321.2950

==========================================================================
global route slack div critical path delay
--------------------------------------------------------------------------
-45.966443

==========================================================================
global route report_power
--------------------------------------------------------------------------
Group                  Internal  Switching    Leakage      Total
                          Power      Power      Power      Power (Watts)
----------------------------------------------------------------
Sequential             8.08e-03   4.45e-04   1.85e-07   8.53e-03  15.4%
Combinational          1.64e-02   2.69e-02   7.76e-07   4.32e-02  77.9%
Clock                  2.15e-03   1.56e-03   2.33e-08   3.72e-03   6.7%
Macro                  0.00e+00   0.00e+00   0.00e+00   0.00e+00   0.0%
Pad                    0.00e+00   0.00e+00   0.00e+00   0.00e+00   0.0%
----------------------------------------------------------------
Total                  2.66e-02   2.89e-02   9.84e-07   5.55e-02 100.0%
                          47.9%      52.1%       0.0%
