
==========================================================================
finish report_tns
--------------------------------------------------------------------------
tns max -15768.09

==========================================================================
finish report_wns
--------------------------------------------------------------------------
wns max -303.24

==========================================================================
finish report_worst_slack
--------------------------------------------------------------------------
worst slack max -303.24

==========================================================================
finish report_clock_min_period
--------------------------------------------------------------------------
clock period_min = 603.24 fmax = 1657.71

==========================================================================
finish report_clock_skew
--------------------------------------------------------------------------
Clock clock
  82.57 source latency _tray_size4_2725/CLK ^
 -69.41 target latency _tray_size4_2557/CLK ^
  -1.24 CRPR
--------------
  11.92 setup skew


==========================================================================
finish report_checks -path_delay min
--------------------------------------------------------------------------
Startpoint: multResult_mult.pp_row0_1$_DFF_P_
            (rising edge-triggered flip-flop clocked by clock)
Endpoint: _tray_size4_2551 (rising edge-triggered flip-flop clocked by clock)
Path Group: clock
Path Type: min

Fanout     Cap    Slew   Delay    Time   Description
-----------------------------------------------------------------------------
                          0.00    0.00   clock clock (rise edge)
                          0.00    0.00   clock source latency
     1    7.39    0.00    0.00    0.00 ^ clock (in)
                                         clock (net)
                 12.00    3.79    3.79 ^ clkbuf_0_clock/A (BUFx16f_ASAP7_75t_R)
     4   14.59   12.34   16.71   20.49 ^ clkbuf_0_clock/Y (BUFx16f_ASAP7_75t_R)
                                         clknet_0_clock (net)
                 14.21    2.48   22.97 ^ clkbuf_2_3__f_clock/A (BUFx16f_ASAP7_75t_R)
     9   30.59   20.42   20.73   43.70 ^ clkbuf_2_3__f_clock/Y (BUFx16f_ASAP7_75t_R)
                                         clknet_2_3__leaf_clock (net)
                 21.41    2.42   46.12 ^ clkbuf_leaf_22_clock/A (BUFx24_ASAP7_75t_R)
    15   13.27   11.32   22.49   68.61 ^ clkbuf_leaf_22_clock/Y (BUFx24_ASAP7_75t_R)
                                         clknet_leaf_22_clock (net)
                 12.34    1.58   70.19 ^ multResult_mult.pp_row0_1$_DFF_P_/CLK (DFFHQNx1_ASAP7_75t_R)
     1    0.53   11.10   35.06  105.25 ^ multResult_mult.pp_row0_1$_DFF_P_/QN (DFFHQNx1_ASAP7_75t_R)
                                         _0413_ (net)
                 11.10    0.02  105.27 ^ _5514_/A (INVx1_ASAP7_75t_R)
     1    0.70    6.57    5.99  111.27 v _5514_/Y (INVx1_ASAP7_75t_R)
                                         _2022_ (net)
                  6.57    0.06  111.33 v _tray_size4_2551/D2 (DFFHQNH2V2Xx1_ASAP7_75t_R)
                                111.33   data arrival time

                          0.00    0.00   clock clock (rise edge)
                          0.00    0.00   clock source latency
     1    8.05    0.00    0.00    0.00 ^ clock (in)
                                         clock (net)
                 13.54    4.27    4.27 ^ clkbuf_0_clock/A (BUFx16f_ASAP7_75t_R)
     4   17.23   14.00   17.46   21.73 ^ clkbuf_0_clock/Y (BUFx16f_ASAP7_75t_R)
                                         clknet_0_clock (net)
                 16.37    2.96   24.70 ^ clkbuf_2_3__f_clock/A (BUFx16f_ASAP7_75t_R)
     9   38.47   24.78   22.62   47.32 ^ clkbuf_2_3__f_clock/Y (BUFx16f_ASAP7_75t_R)
                                         clknet_2_3__leaf_clock (net)
                 26.01    2.97   50.29 ^ clkbuf_leaf_22_clock/A (BUFx24_ASAP7_75t_R)
    15   15.91   12.73   24.02   74.31 ^ clkbuf_leaf_22_clock/Y (BUFx24_ASAP7_75t_R)
                                         clknet_leaf_22_clock (net)
                 12.96    0.76   75.07 ^ _tray_size4_2551/CLK (DFFHQNH2V2Xx1_ASAP7_75t_R)
                         -5.70   69.37   clock reconvergence pessimism
                         13.11   82.48   library hold time
                                 82.48   data required time
-----------------------------------------------------------------------------
                                 82.48   data required time
                               -111.33   data arrival time
-----------------------------------------------------------------------------
                                 28.85   slack (MET)



==========================================================================
finish report_checks -path_delay max
--------------------------------------------------------------------------
Startpoint: _tray_size2_2548 (rising edge-triggered flip-flop clocked by clock)
Endpoint: io_out_REG[0]$_DFF_P_
          (rising edge-triggered flip-flop clocked by clock)
Path Group: clock
Path Type: max

Fanout     Cap    Slew   Delay    Time   Description
-----------------------------------------------------------------------------
                          0.00    0.00   clock clock (rise edge)
                          0.00    0.00   clock source latency
     1    8.05    0.00    0.00    0.00 ^ clock (in)
                                         clock (net)
                 13.54    4.27    4.27 ^ clkbuf_0_clock/A (BUFx16f_ASAP7_75t_R)
     4   17.23   14.00   17.46   21.73 ^ clkbuf_0_clock/Y (BUFx16f_ASAP7_75t_R)
                                         clknet_0_clock (net)
                 16.37    2.96   24.70 ^ clkbuf_2_3__f_clock/A (BUFx16f_ASAP7_75t_R)
     9   38.47   24.78   22.62   47.32 ^ clkbuf_2_3__f_clock/Y (BUFx16f_ASAP7_75t_R)
                                         clknet_2_3__leaf_clock (net)
                 26.01    2.97   50.29 ^ clkbuf_leaf_22_clock/A (BUFx24_ASAP7_75t_R)
    15   15.91   12.73   24.02   74.31 ^ clkbuf_leaf_22_clock/Y (BUFx24_ASAP7_75t_R)
                                         clknet_leaf_22_clock (net)
                 13.07    0.94   75.25 ^ _tray_size2_2548/CLK (DFFHQNV2Xx1_ASAP7_75t_R)
     3    2.21   31.79   58.69  133.94 ^ _tray_size2_2548/QN1 (DFFHQNV2Xx1_ASAP7_75t_R)
                                         _0020_ (net)
                 31.79    0.13  134.07 ^ rebuffer2245/A (BUFx3_ASAP7_75t_R)
     1    1.04    6.36   17.43  151.51 ^ rebuffer2245/Y (BUFx3_ASAP7_75t_R)
                                         net2243 (net)
                  6.38    0.15  151.66 ^ _5707_/B (AND4x1_ASAP7_75t_R)
     1    1.64   16.70   24.05  175.71 ^ _5707_/Y (AND4x1_ASAP7_75t_R)
                                         _2215_ (net)
                 16.72    0.30  176.01 ^ _5710_/B (OR2x6_ASAP7_75t_R)
     6   10.53   15.29   23.57  199.57 ^ _5710_/Y (OR2x6_ASAP7_75t_R)
                                         _2218_ (net)
                 15.29    0.00  199.57 ^ place1768/A (BUFx12f_ASAP7_75t_R)
     7   12.36   11.76   15.97  215.55 ^ place1768/Y (BUFx12f_ASAP7_75t_R)
                                         net1766 (net)
                 13.10    2.08  217.63 ^ place1767/A (BUFx12f_ASAP7_75t_R)
     5    5.73    7.28   13.86  231.49 ^ place1767/Y (BUFx12f_ASAP7_75t_R)
                                         net1765 (net)
                  7.53    0.70  232.18 ^ _5830_/B (XNOR2x2_ASAP7_75t_R)
     1    1.00    8.47   24.37  256.55 v _5830_/Y (XNOR2x2_ASAP7_75t_R)
                                         _2338_ (net)
                  8.47    0.00  256.55 v extendedResult\\ALU_64_0_64_0_65_unused_CO_X_HAN_CARLSON/_0797_/A (XOR2x2_ASAP7_75t_R)
     2    2.53   11.43   21.67  278.22 v extendedResult\\ALU_64_0_64_0_65_unused_CO_X_HAN_CARLSON/_0797_/Y (XOR2x2_ASAP7_75t_R)
                                         extendedResult\\ALU_64_0_64_0_65_unused_CO_X_HAN_CARLSON/_0355_ (net)
                 11.44    0.21  278.43 v extendedResult\\ALU_64_0_64_0_65_unused_CO_X_HAN_CARLSON/_0589_/A (HAxp5_ASAP7_75t_R)
     2    2.20   40.73   36.84  315.27 v extendedResult\\ALU_64_0_64_0_65_unused_CO_X_HAN_CARLSON/_0589_/SN (HAxp5_ASAP7_75t_R)
                                         extendedResult\\ALU_64_0_64_0_65_unused_CO_X_HAN_CARLSON/_0105_ (net)
                 40.73    0.24  315.51 v extendedResult\\ALU_64_0_64_0_65_unused_CO_X_HAN_CARLSON/_0803_/D (OR4x1_ASAP7_75t_R)
     3    3.50   25.24   39.34  354.85 v extendedResult\\ALU_64_0_64_0_65_unused_CO_X_HAN_CARLSON/_0803_/Y (OR4x1_ASAP7_75t_R)
                                         extendedResult\\ALU_64_0_64_0_65_unused_CO_X_HAN_CARLSON/_0361_ (net)
                 25.31    0.69  355.54 v extendedResult\\ALU_64_0_64_0_65_unused_CO_X_HAN_CARLSON/_0805_/B (NOR2x1_ASAP7_75t_R)
     3    2.51   21.87   16.26  371.81 ^ extendedResult\\ALU_64_0_64_0_65_unused_CO_X_HAN_CARLSON/_0805_/Y (NOR2x1_ASAP7_75t_R)
                                         extendedResult\\ALU_64_0_64_0_65_unused_CO_X_HAN_CARLSON/_0363_ (net)
                 21.88    0.15  371.96 ^ extendedResult\\ALU_64_0_64_0_65_unused_CO_X_HAN_CARLSON/_0807_/B (AND2x2_ASAP7_75t_R)
     2    1.46    8.69   19.00  390.96 ^ extendedResult\\ALU_64_0_64_0_65_unused_CO_X_HAN_CARLSON/_0807_/Y (AND2x2_ASAP7_75t_R)
                                         extendedResult\\ALU_64_0_64_0_65_unused_CO_X_HAN_CARLSON/_0365_ (net)
                  8.70    0.09  391.06 ^ extendedResult\\ALU_64_0_64_0_65_unused_CO_X_HAN_CARLSON/_0808_/B (AND2x2_ASAP7_75t_R)
     1    0.92    6.77   14.70  405.75 ^ extendedResult\\ALU_64_0_64_0_65_unused_CO_X_HAN_CARLSON/_0808_/Y (AND2x2_ASAP7_75t_R)
                                         extendedResult\\ALU_64_0_64_0_65_unused_CO_X_HAN_CARLSON/_0366_ (net)
                  6.78    0.12  405.87 ^ extendedResult\\ALU_64_0_64_0_65_unused_CO_X_HAN_CARLSON/_0809_/B1 (AO221x2_ASAP7_75t_R)
     2    4.07   19.61   25.96  431.82 ^ extendedResult\\ALU_64_0_64_0_65_unused_CO_X_HAN_CARLSON/_0809_/Y (AO221x2_ASAP7_75t_R)
                                         extendedResult\\ALU_64_0_64_0_65_unused_CO_X_HAN_CARLSON/_0367_ (net)
                 19.79    1.04  432.86 ^ extendedResult\\ALU_64_0_64_0_65_unused_CO_X_HAN_CARLSON/_0545_/CI (FAx1_ASAP7_75t_R)
     1    1.24   23.29   17.52  450.38 v extendedResult\\ALU_64_0_64_0_65_unused_CO_X_HAN_CARLSON/_0545_/CON (FAx1_ASAP7_75t_R)
                                         extendedResult\\ALU_64_0_64_0_65_unused_CO_X_HAN_CARLSON/_0016_ (net)
     1    0.93   28.74   14.43  464.81 ^ extendedResult\\ALU_64_0_64_0_65_unused_CO_X_HAN_CARLSON/_0545_/SN (FAx1_ASAP7_75t_R)
                                         extendedResult\\ALU_64_0_64_0_65_unused_CO_X_HAN_CARLSON/_0017_ (net)
                 28.74    0.12  464.94 ^ extendedResult\\ALU_64_0_64_0_65_unused_CO_X_HAN_CARLSON/_0972_/A (INVx1_ASAP7_75t_R)
     2    1.26   12.93   10.65  475.58 v extendedResult\\ALU_64_0_64_0_65_unused_CO_X_HAN_CARLSON/_0972_/Y (INVx1_ASAP7_75t_R)
                                         extendedResult[46] (net)
                 12.93    0.00  475.58 v _7092_/C (OR4x1_ASAP7_75t_R)
     1    0.75    9.91   26.53  502.11 v _7092_/Y (OR4x1_ASAP7_75t_R)
                                         _3600_ (net)
                  9.92    0.07  502.18 v _7094_/E (OR5x1_ASAP7_75t_R)
     1    1.83   17.83   36.69  538.88 v _7094_/Y (OR5x1_ASAP7_75t_R)
                                         _3602_ (net)
                 17.88    0.52  539.39 v _7099_/B (OR4x1_ASAP7_75t_R)
     1    1.19   12.41   28.17  567.56 v _7099_/Y (OR4x1_ASAP7_75t_R)
                                         _3607_ (net)
                 12.42    0.21  567.77 v _7114_/B (OR5x1_ASAP7_75t_R)
     3    4.28   31.95   40.68  608.45 v _7114_/Y (OR5x1_ASAP7_75t_R)
                                         _3622_ (net)
                 32.26    1.75  610.20 v place1187/A (BUFx3_ASAP7_75t_R)
     1    1.16    6.30   19.33  629.53 v place1187/Y (BUFx3_ASAP7_75t_R)
                                         net1185 (net)
                  6.30    0.10  629.63 v _7243_/B (NAND2x1_ASAP7_75t_R)
     1    0.60    9.59    6.28  635.91 ^ _7243_/Y (NAND2x1_ASAP7_75t_R)
                                         _3751_ (net)
                  9.59    0.05  635.96 ^ _7244_/A3 (AO32x1_ASAP7_75t_R)
     1    0.76   10.80   17.89  653.85 ^ _7244_/Y (AO32x1_ASAP7_75t_R)
                                         _3752_ (net)
                 10.80    0.07  653.91 ^ _7246_/B1 (AO221x1_ASAP7_75t_R)
     1    0.71    9.81   18.47  672.38 ^ _7246_/Y (AO221x1_ASAP7_75t_R)
                                         _3754_ (net)
                  9.81    0.06  672.43 ^ io_out_REG[0]$_DFF_P_/D (DFFHQNx1_ASAP7_75t_R)
                                672.43   data arrival time

                        300.00  300.00   clock clock (rise edge)
                          0.00  300.00   clock source latency
     1    7.39    0.00    0.00  300.00 ^ clock (in)
                                         clock (net)
                 12.00    3.79  303.79 ^ clkbuf_0_clock/A (BUFx16f_ASAP7_75t_R)
     4   14.59   12.34   16.71  320.49 ^ clkbuf_0_clock/Y (BUFx16f_ASAP7_75t_R)
                                         clknet_0_clock (net)
                 14.21    2.48  322.97 ^ clkbuf_2_3__f_clock/A (BUFx16f_ASAP7_75t_R)
     9   30.59   20.42   20.73  343.70 ^ clkbuf_2_3__f_clock/Y (BUFx16f_ASAP7_75t_R)
                                         clknet_2_3__leaf_clock (net)
                 21.41    2.42  346.12 ^ clkbuf_leaf_22_clock/A (BUFx24_ASAP7_75t_R)
    15   13.27   11.32   22.49  368.61 ^ clkbuf_leaf_22_clock/Y (BUFx24_ASAP7_75t_R)
                                         clknet_leaf_22_clock (net)
                 11.65    0.77  369.38 ^ io_out_REG[0]$_DFF_P_/CLK (DFFHQNx1_ASAP7_75t_R)
                          5.70  375.08   clock reconvergence pessimism
                         -5.89  369.19   library setup time
                                369.19   data required time
-----------------------------------------------------------------------------
                                369.19   data required time
                               -672.43   data arrival time
-----------------------------------------------------------------------------
                               -303.24   slack (VIOLATED)



==========================================================================
finish report_checks -unconstrained
--------------------------------------------------------------------------
Startpoint: _tray_size2_2548 (rising edge-triggered flip-flop clocked by clock)
Endpoint: io_out_REG[0]$_DFF_P_
          (rising edge-triggered flip-flop clocked by clock)
Path Group: clock
Path Type: max

Fanout     Cap    Slew   Delay    Time   Description
-----------------------------------------------------------------------------
                          0.00    0.00   clock clock (rise edge)
                          0.00    0.00   clock source latency
     1    8.05    0.00    0.00    0.00 ^ clock (in)
                                         clock (net)
                 13.54    4.27    4.27 ^ clkbuf_0_clock/A (BUFx16f_ASAP7_75t_R)
     4   17.23   14.00   17.46   21.73 ^ clkbuf_0_clock/Y (BUFx16f_ASAP7_75t_R)
                                         clknet_0_clock (net)
                 16.37    2.96   24.70 ^ clkbuf_2_3__f_clock/A (BUFx16f_ASAP7_75t_R)
     9   38.47   24.78   22.62   47.32 ^ clkbuf_2_3__f_clock/Y (BUFx16f_ASAP7_75t_R)
                                         clknet_2_3__leaf_clock (net)
                 26.01    2.97   50.29 ^ clkbuf_leaf_22_clock/A (BUFx24_ASAP7_75t_R)
    15   15.91   12.73   24.02   74.31 ^ clkbuf_leaf_22_clock/Y (BUFx24_ASAP7_75t_R)
                                         clknet_leaf_22_clock (net)
                 13.07    0.94   75.25 ^ _tray_size2_2548/CLK (DFFHQNV2Xx1_ASAP7_75t_R)
     3    2.21   31.79   58.69  133.94 ^ _tray_size2_2548/QN1 (DFFHQNV2Xx1_ASAP7_75t_R)
                                         _0020_ (net)
                 31.79    0.13  134.07 ^ rebuffer2245/A (BUFx3_ASAP7_75t_R)
     1    1.04    6.36   17.43  151.51 ^ rebuffer2245/Y (BUFx3_ASAP7_75t_R)
                                         net2243 (net)
                  6.38    0.15  151.66 ^ _5707_/B (AND4x1_ASAP7_75t_R)
     1    1.64   16.70   24.05  175.71 ^ _5707_/Y (AND4x1_ASAP7_75t_R)
                                         _2215_ (net)
                 16.72    0.30  176.01 ^ _5710_/B (OR2x6_ASAP7_75t_R)
     6   10.53   15.29   23.57  199.57 ^ _5710_/Y (OR2x6_ASAP7_75t_R)
                                         _2218_ (net)
                 15.29    0.00  199.57 ^ place1768/A (BUFx12f_ASAP7_75t_R)
     7   12.36   11.76   15.97  215.55 ^ place1768/Y (BUFx12f_ASAP7_75t_R)
                                         net1766 (net)
                 13.10    2.08  217.63 ^ place1767/A (BUFx12f_ASAP7_75t_R)
     5    5.73    7.28   13.86  231.49 ^ place1767/Y (BUFx12f_ASAP7_75t_R)
                                         net1765 (net)
                  7.53    0.70  232.18 ^ _5830_/B (XNOR2x2_ASAP7_75t_R)
     1    1.00    8.47   24.37  256.55 v _5830_/Y (XNOR2x2_ASAP7_75t_R)
                                         _2338_ (net)
                  8.47    0.00  256.55 v extendedResult\\ALU_64_0_64_0_65_unused_CO_X_HAN_CARLSON/_0797_/A (XOR2x2_ASAP7_75t_R)
     2    2.53   11.43   21.67  278.22 v extendedResult\\ALU_64_0_64_0_65_unused_CO_X_HAN_CARLSON/_0797_/Y (XOR2x2_ASAP7_75t_R)
                                         extendedResult\\ALU_64_0_64_0_65_unused_CO_X_HAN_CARLSON/_0355_ (net)
                 11.44    0.21  278.43 v extendedResult\\ALU_64_0_64_0_65_unused_CO_X_HAN_CARLSON/_0589_/A (HAxp5_ASAP7_75t_R)
     2    2.20   40.73   36.84  315.27 v extendedResult\\ALU_64_0_64_0_65_unused_CO_X_HAN_CARLSON/_0589_/SN (HAxp5_ASAP7_75t_R)
                                         extendedResult\\ALU_64_0_64_0_65_unused_CO_X_HAN_CARLSON/_0105_ (net)
                 40.73    0.24  315.51 v extendedResult\\ALU_64_0_64_0_65_unused_CO_X_HAN_CARLSON/_0803_/D (OR4x1_ASAP7_75t_R)
     3    3.50   25.24   39.34  354.85 v extendedResult\\ALU_64_0_64_0_65_unused_CO_X_HAN_CARLSON/_0803_/Y (OR4x1_ASAP7_75t_R)
                                         extendedResult\\ALU_64_0_64_0_65_unused_CO_X_HAN_CARLSON/_0361_ (net)
                 25.31    0.69  355.54 v extendedResult\\ALU_64_0_64_0_65_unused_CO_X_HAN_CARLSON/_0805_/B (NOR2x1_ASAP7_75t_R)
     3    2.51   21.87   16.26  371.81 ^ extendedResult\\ALU_64_0_64_0_65_unused_CO_X_HAN_CARLSON/_0805_/Y (NOR2x1_ASAP7_75t_R)
                                         extendedResult\\ALU_64_0_64_0_65_unused_CO_X_HAN_CARLSON/_0363_ (net)
                 21.88    0.15  371.96 ^ extendedResult\\ALU_64_0_64_0_65_unused_CO_X_HAN_CARLSON/_0807_/B (AND2x2_ASAP7_75t_R)
     2    1.46    8.69   19.00  390.96 ^ extendedResult\\ALU_64_0_64_0_65_unused_CO_X_HAN_CARLSON/_0807_/Y (AND2x2_ASAP7_75t_R)
                                         extendedResult\\ALU_64_0_64_0_65_unused_CO_X_HAN_CARLSON/_0365_ (net)
                  8.70    0.09  391.06 ^ extendedResult\\ALU_64_0_64_0_65_unused_CO_X_HAN_CARLSON/_0808_/B (AND2x2_ASAP7_75t_R)
     1    0.92    6.77   14.70  405.75 ^ extendedResult\\ALU_64_0_64_0_65_unused_CO_X_HAN_CARLSON/_0808_/Y (AND2x2_ASAP7_75t_R)
                                         extendedResult\\ALU_64_0_64_0_65_unused_CO_X_HAN_CARLSON/_0366_ (net)
                  6.78    0.12  405.87 ^ extendedResult\\ALU_64_0_64_0_65_unused_CO_X_HAN_CARLSON/_0809_/B1 (AO221x2_ASAP7_75t_R)
     2    4.07   19.61   25.96  431.82 ^ extendedResult\\ALU_64_0_64_0_65_unused_CO_X_HAN_CARLSON/_0809_/Y (AO221x2_ASAP7_75t_R)
                                         extendedResult\\ALU_64_0_64_0_65_unused_CO_X_HAN_CARLSON/_0367_ (net)
                 19.79    1.04  432.86 ^ extendedResult\\ALU_64_0_64_0_65_unused_CO_X_HAN_CARLSON/_0545_/CI (FAx1_ASAP7_75t_R)
     1    1.24   23.29   17.52  450.38 v extendedResult\\ALU_64_0_64_0_65_unused_CO_X_HAN_CARLSON/_0545_/CON (FAx1_ASAP7_75t_R)
                                         extendedResult\\ALU_64_0_64_0_65_unused_CO_X_HAN_CARLSON/_0016_ (net)
     1    0.93   28.74   14.43  464.81 ^ extendedResult\\ALU_64_0_64_0_65_unused_CO_X_HAN_CARLSON/_0545_/SN (FAx1_ASAP7_75t_R)
                                         extendedResult\\ALU_64_0_64_0_65_unused_CO_X_HAN_CARLSON/_0017_ (net)
                 28.74    0.12  464.94 ^ extendedResult\\ALU_64_0_64_0_65_unused_CO_X_HAN_CARLSON/_0972_/A (INVx1_ASAP7_75t_R)
     2    1.26   12.93   10.65  475.58 v extendedResult\\ALU_64_0_64_0_65_unused_CO_X_HAN_CARLSON/_0972_/Y (INVx1_ASAP7_75t_R)
                                         extendedResult[46] (net)
                 12.93    0.00  475.58 v _7092_/C (OR4x1_ASAP7_75t_R)
     1    0.75    9.91   26.53  502.11 v _7092_/Y (OR4x1_ASAP7_75t_R)
                                         _3600_ (net)
                  9.92    0.07  502.18 v _7094_/E (OR5x1_ASAP7_75t_R)
     1    1.83   17.83   36.69  538.88 v _7094_/Y (OR5x1_ASAP7_75t_R)
                                         _3602_ (net)
                 17.88    0.52  539.39 v _7099_/B (OR4x1_ASAP7_75t_R)
     1    1.19   12.41   28.17  567.56 v _7099_/Y (OR4x1_ASAP7_75t_R)
                                         _3607_ (net)
                 12.42    0.21  567.77 v _7114_/B (OR5x1_ASAP7_75t_R)
     3    4.28   31.95   40.68  608.45 v _7114_/Y (OR5x1_ASAP7_75t_R)
                                         _3622_ (net)
                 32.26    1.75  610.20 v place1187/A (BUFx3_ASAP7_75t_R)
     1    1.16    6.30   19.33  629.53 v place1187/Y (BUFx3_ASAP7_75t_R)
                                         net1185 (net)
                  6.30    0.10  629.63 v _7243_/B (NAND2x1_ASAP7_75t_R)
     1    0.60    9.59    6.28  635.91 ^ _7243_/Y (NAND2x1_ASAP7_75t_R)
                                         _3751_ (net)
                  9.59    0.05  635.96 ^ _7244_/A3 (AO32x1_ASAP7_75t_R)
     1    0.76   10.80   17.89  653.85 ^ _7244_/Y (AO32x1_ASAP7_75t_R)
                                         _3752_ (net)
                 10.80    0.07  653.91 ^ _7246_/B1 (AO221x1_ASAP7_75t_R)
     1    0.71    9.81   18.47  672.38 ^ _7246_/Y (AO221x1_ASAP7_75t_R)
                                         _3754_ (net)
                  9.81    0.06  672.43 ^ io_out_REG[0]$_DFF_P_/D (DFFHQNx1_ASAP7_75t_R)
                                672.43   data arrival time

                        300.00  300.00   clock clock (rise edge)
                          0.00  300.00   clock source latency
     1    7.39    0.00    0.00  300.00 ^ clock (in)
                                         clock (net)
                 12.00    3.79  303.79 ^ clkbuf_0_clock/A (BUFx16f_ASAP7_75t_R)
     4   14.59   12.34   16.71  320.49 ^ clkbuf_0_clock/Y (BUFx16f_ASAP7_75t_R)
                                         clknet_0_clock (net)
                 14.21    2.48  322.97 ^ clkbuf_2_3__f_clock/A (BUFx16f_ASAP7_75t_R)
     9   30.59   20.42   20.73  343.70 ^ clkbuf_2_3__f_clock/Y (BUFx16f_ASAP7_75t_R)
                                         clknet_2_3__leaf_clock (net)
                 21.41    2.42  346.12 ^ clkbuf_leaf_22_clock/A (BUFx24_ASAP7_75t_R)
    15   13.27   11.32   22.49  368.61 ^ clkbuf_leaf_22_clock/Y (BUFx24_ASAP7_75t_R)
                                         clknet_leaf_22_clock (net)
                 11.65    0.77  369.38 ^ io_out_REG[0]$_DFF_P_/CLK (DFFHQNx1_ASAP7_75t_R)
                          5.70  375.08   clock reconvergence pessimism
                         -5.89  369.19   library setup time
                                369.19   data required time
-----------------------------------------------------------------------------
                                369.19   data required time
                               -672.43   data arrival time
-----------------------------------------------------------------------------
                               -303.24   slack (VIOLATED)



==========================================================================
finish report_check_types -max_slew -max_cap -max_fanout -violators
--------------------------------------------------------------------------

==========================================================================
finish max_slew_check_slack
--------------------------------------------------------------------------
107.62203979492188

==========================================================================
finish max_slew_check_limit
--------------------------------------------------------------------------
320.0

==========================================================================
finish max_slew_check_slack_limit
--------------------------------------------------------------------------
0.3363

==========================================================================
finish max_fanout_check_slack
--------------------------------------------------------------------------
1.0000000150474662e+30

==========================================================================
finish max_fanout_check_limit
--------------------------------------------------------------------------
1.0000000150474662e+30

==========================================================================
finish max_capacitance_check_slack
--------------------------------------------------------------------------
18.950210571289062

==========================================================================
finish max_capacitance_check_limit
--------------------------------------------------------------------------
23.040000915527344

==========================================================================
finish max_capacitance_check_slack_limit
--------------------------------------------------------------------------
0.8225

==========================================================================
finish max_slew_violation_count
--------------------------------------------------------------------------
max slew violation count 0

==========================================================================
finish max_fanout_violation_count
--------------------------------------------------------------------------
max fanout violation count 0

==========================================================================
finish max_cap_violation_count
--------------------------------------------------------------------------
max cap violation count 0

==========================================================================
finish setup_violation_count
--------------------------------------------------------------------------
setup violation count 244

==========================================================================
finish hold_violation_count
--------------------------------------------------------------------------
hold violation count 0

==========================================================================
finish report_checks -path_delay max reg to reg
--------------------------------------------------------------------------
Startpoint: _tray_size2_2548 (rising edge-triggered flip-flop clocked by clock)
Endpoint: io_out_REG[0]$_DFF_P_
          (rising edge-triggered flip-flop clocked by clock)
Path Group: clock
Path Type: max

  Delay    Time   Description
---------------------------------------------------------
   0.00    0.00   clock clock (rise edge)
   0.00    0.00   clock source latency
   0.00    0.00 ^ clock (in)
  21.73   21.73 ^ clkbuf_0_clock/Y (BUFx16f_ASAP7_75t_R)
  25.59   47.32 ^ clkbuf_2_3__f_clock/Y (BUFx16f_ASAP7_75t_R)
  26.99   74.31 ^ clkbuf_leaf_22_clock/Y (BUFx24_ASAP7_75t_R)
   0.94   75.25 ^ _tray_size2_2548/CLK (DFFHQNV2Xx1_ASAP7_75t_R)
  58.69  133.94 ^ _tray_size2_2548/QN1 (DFFHQNV2Xx1_ASAP7_75t_R)
  17.56  151.51 ^ rebuffer2245/Y (BUFx3_ASAP7_75t_R)
  24.20  175.71 ^ _5707_/Y (AND4x1_ASAP7_75t_R)
  23.87  199.57 ^ _5710_/Y (OR2x6_ASAP7_75t_R)
  15.97  215.55 ^ place1768/Y (BUFx12f_ASAP7_75t_R)
  15.94  231.49 ^ place1767/Y (BUFx12f_ASAP7_75t_R)
  25.06  256.55 v _5830_/Y (XNOR2x2_ASAP7_75t_R)
  21.67  278.22 v extendedResult\\ALU_64_0_64_0_65_unused_CO_X_HAN_CARLSON/_0797_/Y (XOR2x2_ASAP7_75t_R)
  37.05  315.27 v extendedResult\\ALU_64_0_64_0_65_unused_CO_X_HAN_CARLSON/_0589_/SN (HAxp5_ASAP7_75t_R)
  39.58  354.85 v extendedResult\\ALU_64_0_64_0_65_unused_CO_X_HAN_CARLSON/_0803_/Y (OR4x1_ASAP7_75t_R)
  16.96  371.81 ^ extendedResult\\ALU_64_0_64_0_65_unused_CO_X_HAN_CARLSON/_0805_/Y (NOR2x1_ASAP7_75t_R)
  19.16  390.96 ^ extendedResult\\ALU_64_0_64_0_65_unused_CO_X_HAN_CARLSON/_0807_/Y (AND2x2_ASAP7_75t_R)
  14.79  405.75 ^ extendedResult\\ALU_64_0_64_0_65_unused_CO_X_HAN_CARLSON/_0808_/Y (AND2x2_ASAP7_75t_R)
  26.07  431.82 ^ extendedResult\\ALU_64_0_64_0_65_unused_CO_X_HAN_CARLSON/_0809_/Y (AO221x2_ASAP7_75t_R)
  18.56  450.38 v extendedResult\\ALU_64_0_64_0_65_unused_CO_X_HAN_CARLSON/_0545_/CON (FAx1_ASAP7_75t_R)
  14.43  464.81 ^ extendedResult\\ALU_64_0_64_0_65_unused_CO_X_HAN_CARLSON/_0545_/SN (FAx1_ASAP7_75t_R)
  10.77  475.58 v extendedResult\\ALU_64_0_64_0_65_unused_CO_X_HAN_CARLSON/_0972_/Y (INVx1_ASAP7_75t_R)
  26.53  502.11 v _7092_/Y (OR4x1_ASAP7_75t_R)
  36.76  538.88 v _7094_/Y (OR5x1_ASAP7_75t_R)
  28.68  567.56 v _7099_/Y (OR4x1_ASAP7_75t_R)
  40.89  608.45 v _7114_/Y (OR5x1_ASAP7_75t_R)
  21.08  629.53 v place1187/Y (BUFx3_ASAP7_75t_R)
   6.37  635.91 ^ _7243_/Y (NAND2x1_ASAP7_75t_R)
  17.94  653.85 ^ _7244_/Y (AO32x1_ASAP7_75t_R)
  18.53  672.38 ^ _7246_/Y (AO221x1_ASAP7_75t_R)
   0.06  672.43 ^ io_out_REG[0]$_DFF_P_/D (DFFHQNx1_ASAP7_75t_R)
         672.43   data arrival time

 300.00  300.00   clock clock (rise edge)
   0.00  300.00   clock source latency
   0.00  300.00 ^ clock (in)
  20.49  320.49 ^ clkbuf_0_clock/Y (BUFx16f_ASAP7_75t_R)
  23.21  343.70 ^ clkbuf_2_3__f_clock/Y (BUFx16f_ASAP7_75t_R)
  24.91  368.61 ^ clkbuf_leaf_22_clock/Y (BUFx24_ASAP7_75t_R)
   0.77  369.38 ^ io_out_REG[0]$_DFF_P_/CLK (DFFHQNx1_ASAP7_75t_R)
   5.70  375.08   clock reconvergence pessimism
  -5.89  369.19   library setup time
         369.19   data required time
---------------------------------------------------------
         369.19   data required time
        -672.43   data arrival time
---------------------------------------------------------
        -303.24   slack (VIOLATED)



==========================================================================
finish report_checks -path_delay min reg to reg
--------------------------------------------------------------------------
Startpoint: multResult_mult.pp_row0_1$_DFF_P_
            (rising edge-triggered flip-flop clocked by clock)
Endpoint: _tray_size4_2551 (rising edge-triggered flip-flop clocked by clock)
Path Group: clock
Path Type: min

  Delay    Time   Description
---------------------------------------------------------
   0.00    0.00   clock clock (rise edge)
   0.00    0.00   clock source latency
   0.00    0.00 ^ clock (in)
  20.49   20.49 ^ clkbuf_0_clock/Y (BUFx16f_ASAP7_75t_R)
  23.21   43.70 ^ clkbuf_2_3__f_clock/Y (BUFx16f_ASAP7_75t_R)
  24.91   68.61 ^ clkbuf_leaf_22_clock/Y (BUFx24_ASAP7_75t_R)
   1.58   70.19 ^ multResult_mult.pp_row0_1$_DFF_P_/CLK (DFFHQNx1_ASAP7_75t_R)
  35.06  105.25 ^ multResult_mult.pp_row0_1$_DFF_P_/QN (DFFHQNx1_ASAP7_75t_R)
   6.01  111.27 v _5514_/Y (INVx1_ASAP7_75t_R)
   0.06  111.33 v _tray_size4_2551/D2 (DFFHQNH2V2Xx1_ASAP7_75t_R)
         111.33   data arrival time

   0.00    0.00   clock clock (rise edge)
   0.00    0.00   clock source latency
   0.00    0.00 ^ clock (in)
  21.73   21.73 ^ clkbuf_0_clock/Y (BUFx16f_ASAP7_75t_R)
  25.59   47.32 ^ clkbuf_2_3__f_clock/Y (BUFx16f_ASAP7_75t_R)
  26.99   74.31 ^ clkbuf_leaf_22_clock/Y (BUFx24_ASAP7_75t_R)
   0.76   75.07 ^ _tray_size4_2551/CLK (DFFHQNH2V2Xx1_ASAP7_75t_R)
  -5.70   69.37   clock reconvergence pessimism
  13.11   82.48   library hold time
          82.48   data required time
---------------------------------------------------------
          82.48   data required time
        -111.33   data arrival time
---------------------------------------------------------
          28.85   slack (MET)



==========================================================================
finish critical path target clock latency max path
--------------------------------------------------------------------------
70.5717

==========================================================================
finish critical path target clock latency min path
--------------------------------------------------------------------------
80.5745

==========================================================================
finish critical path source clock latency min path
--------------------------------------------------------------------------
0.0000

==========================================================================
finish critical path delay
--------------------------------------------------------------------------
672.4340

==========================================================================
finish critical path slack
--------------------------------------------------------------------------
-303.2419

==========================================================================
finish slack div critical path delay
--------------------------------------------------------------------------
-45.096158

==========================================================================
finish report_power
--------------------------------------------------------------------------
Group                  Internal  Switching    Leakage      Total
                          Power      Power      Power      Power (Watts)
----------------------------------------------------------------
Sequential             8.15e-03   3.93e-04   1.85e-07   8.55e-03  15.9%
Combinational          1.66e-02   2.49e-02   7.76e-07   4.15e-02  77.4%
Clock                  2.15e-03   1.43e-03   2.33e-08   3.58e-03   6.7%
Macro                  0.00e+00   0.00e+00   0.00e+00   0.00e+00   0.0%
Pad                    0.00e+00   0.00e+00   0.00e+00   0.00e+00   0.0%
----------------------------------------------------------------
Total                  2.69e-02   2.67e-02   9.84e-07   5.36e-02 100.0%
                          50.2%      49.8%       0.0%
