
==========================================================================
cts final report_tns
--------------------------------------------------------------------------
tns max -201.40

==========================================================================
cts final report_wns
--------------------------------------------------------------------------
wns max -29.01

==========================================================================
cts final report_worst_slack
--------------------------------------------------------------------------
worst slack max -29.01

==========================================================================
cts final report_clock_min_period
--------------------------------------------------------------------------
core_clock period_min = 339.01 fmax = 2949.75

==========================================================================
cts final report_clock_skew
--------------------------------------------------------------------------
Clock core_clock
  36.30 source latency _tray_size2_68/CLK ^
 -32.35 target latency _tray_size4_67/CLK ^
  -0.48 CRPR
--------------
   3.47 setup skew


==========================================================================
cts final report_checks -path_delay min
--------------------------------------------------------------------------
Startpoint: reset (input port clocked by core_clock)
Endpoint: _tray_size2_68 (rising edge-triggered flip-flop clocked by core_clock)
Path Group: core_clock
Path Type: min

Fanout     Cap    Slew   Delay    Time   Description
-----------------------------------------------------------------------------
                          0.00    0.00   clock core_clock (rise edge)
                          0.00    0.00   clock network delay (propagated)
                         62.00   62.00 ^ input external delay
     1    0.77    0.00    0.00   62.00 ^ reset (in)
                                         reset (net)
                  0.11    0.04   62.04 ^ input34/A (BUFx2_ASAP7_75t_R)
     4    2.59   10.91   13.14   75.18 ^ input34/Y (BUFx2_ASAP7_75t_R)
                                         net34 (net)
                 10.91    0.08   75.26 ^ _446_/B (AOI21x1_ASAP7_75t_R)
     1    0.73    6.54    6.44   81.70 v _446_/Y (AOI21x1_ASAP7_75t_R)
                                         _001_ (net)
                  6.54    0.04   81.74 v _tray_size2_68/D0 (DFFHQNV2Xx1_ASAP7_75t_R)
                                 81.74   data arrival time

                          0.00    0.00   clock core_clock (rise edge)
                          0.00    0.00   clock source latency
     1    1.68    0.00    0.00    0.00 ^ clk (in)
                                         clk (net)
                  1.03    0.33    0.33 ^ clkbuf_0_clk/A (BUFx2_ASAP7_75t_R)
     2    1.59    7.99   11.82   12.15 ^ clkbuf_0_clk/Y (BUFx2_ASAP7_75t_R)
                                         clknet_0_clk (net)
                  8.00    0.11   12.26 ^ clkbuf_1_0__f_clk/A (BUFx2_ASAP7_75t_R)
    11    8.42   28.85   23.56   35.82 ^ clkbuf_1_0__f_clk/Y (BUFx2_ASAP7_75t_R)
                                         clknet_1_0__leaf_clk (net)
                 28.87    0.48   36.30 ^ _tray_size2_68/CLK (DFFHQNV2Xx1_ASAP7_75t_R)
                          0.00   36.30   clock reconvergence pessimism
                         18.00   54.29   library hold time
                                 54.29   data required time
-----------------------------------------------------------------------------
                                 54.29   data required time
                                -81.74   data arrival time
-----------------------------------------------------------------------------
                                 27.45   slack (MET)



==========================================================================
cts final report_checks -path_delay max
--------------------------------------------------------------------------
Startpoint: _tray_size4_64
            (rising edge-triggered flip-flop clocked by core_clock)
Endpoint: resp_msg[11] (output port clocked by core_clock)
Path Group: core_clock
Path Type: max

Fanout     Cap    Slew   Delay    Time   Description
-----------------------------------------------------------------------------
                          0.00    0.00   clock core_clock (rise edge)
                          0.00    0.00   clock source latency
     1    1.68    0.00    0.00    0.00 ^ clk (in)
                                         clk (net)
                  1.03    0.33    0.33 ^ clkbuf_0_clk/A (BUFx2_ASAP7_75t_R)
     2    1.59    7.99   11.82   12.15 ^ clkbuf_0_clk/Y (BUFx2_ASAP7_75t_R)
                                         clknet_0_clk (net)
                  8.00    0.09   12.24 ^ clkbuf_1_1__f_clk/A (BUFx2_ASAP7_75t_R)
    10    7.41   25.66   22.16   34.39 ^ clkbuf_1_1__f_clk/Y (BUFx2_ASAP7_75t_R)
                                         clknet_1_1__leaf_clk (net)
                 25.70    0.59   34.98 ^ _tray_size4_64/CLK (DFFHQNH2V2Xx1_ASAP7_75t_R)
     1    0.79   18.12   53.85   88.83 ^ _tray_size4_64/QN2 (DFFHQNH2V2Xx1_ASAP7_75t_R)
                                         _009_ (net)
                 18.12    0.03   88.86 ^ _312_/A (INVx1_ASAP7_75t_R)
     3    2.68   17.42   13.12  101.98 v _312_/Y (INVx1_ASAP7_75t_R)
                                         dpath.a_lt_b$in0[4] (net)
                 17.42    0.22  102.20 v _590_/A (HAxp5_ASAP7_75t_R)
     2    1.45   24.43   16.83  119.03 ^ _590_/CON (HAxp5_ASAP7_75t_R)
                                         _046_ (net)
     1    0.72   16.51   10.26  129.29 v _590_/SN (HAxp5_ASAP7_75t_R)
                                         _047_ (net)
                 16.51    0.02  129.31 v rebuffer90/A (BUFx3_ASAP7_75t_R)
     4    2.76    8.21   17.24  146.55 v rebuffer90/Y (BUFx3_ASAP7_75t_R)
                                         net90 (net)
                  8.22    0.10  146.65 v _326_/A (OR2x2_ASAP7_75t_R)
     1    0.71    7.71   16.14  162.79 v _326_/Y (OR2x2_ASAP7_75t_R)
                                         _103_ (net)
                  7.71    0.03  162.81 v _327_/B (AO21x1_ASAP7_75t_R)
     2    1.35   11.43   17.46  180.27 v _327_/Y (AO21x1_ASAP7_75t_R)
                                         _104_ (net)
                 11.43    0.05  180.33 v _331_/A2 (OA211x2_ASAP7_75t_R)
     4    3.67   17.10   27.93  208.26 v _331_/Y (OA211x2_ASAP7_75t_R)
                                         _108_ (net)
                 17.10    0.20  208.46 v rebuffer96/A (BUFx6f_ASAP7_75t_R)
     3    3.05    6.20   15.61  224.07 v rebuffer96/Y (BUFx6f_ASAP7_75t_R)
                                         net96 (net)
                  6.20    0.06  224.13 v _401_/A1 (OA21x2_ASAP7_75t_R)
     1    1.43    8.12   17.19  241.32 v _401_/Y (OA21x2_ASAP7_75t_R)
                                         _174_ (net)
                  8.13    0.13  241.45 v _402_/A (XOR2x2_ASAP7_75t_R)
     2    1.35    8.61   24.23  265.69 ^ _402_/Y (XOR2x2_ASAP7_75t_R)
                                         net39 (net)
                  8.61    0.05  265.73 ^ output39/A (BUFx3_ASAP7_75t_R)
     1    0.20    4.02   11.27  277.01 ^ output39/Y (BUFx3_ASAP7_75t_R)
                                         resp_msg[11] (net)
                  4.02    0.01  277.01 ^ resp_msg[11] (out)
                                277.01   data arrival time

                        310.00  310.00   clock core_clock (rise edge)
                          0.00  310.00   clock network delay (propagated)
                          0.00  310.00   clock reconvergence pessimism
                        -62.00  248.00   output external delay
                                248.00   data required time
-----------------------------------------------------------------------------
                                248.00   data required time
                               -277.01   data arrival time
-----------------------------------------------------------------------------
                                -29.01   slack (VIOLATED)



==========================================================================
cts final report_checks -unconstrained
--------------------------------------------------------------------------
Startpoint: _tray_size4_64
            (rising edge-triggered flip-flop clocked by core_clock)
Endpoint: resp_msg[11] (output port clocked by core_clock)
Path Group: core_clock
Path Type: max

Fanout     Cap    Slew   Delay    Time   Description
-----------------------------------------------------------------------------
                          0.00    0.00   clock core_clock (rise edge)
                          0.00    0.00   clock source latency
     1    1.68    0.00    0.00    0.00 ^ clk (in)
                                         clk (net)
                  1.03    0.33    0.33 ^ clkbuf_0_clk/A (BUFx2_ASAP7_75t_R)
     2    1.59    7.99   11.82   12.15 ^ clkbuf_0_clk/Y (BUFx2_ASAP7_75t_R)
                                         clknet_0_clk (net)
                  8.00    0.09   12.24 ^ clkbuf_1_1__f_clk/A (BUFx2_ASAP7_75t_R)
    10    7.41   25.66   22.16   34.39 ^ clkbuf_1_1__f_clk/Y (BUFx2_ASAP7_75t_R)
                                         clknet_1_1__leaf_clk (net)
                 25.70    0.59   34.98 ^ _tray_size4_64/CLK (DFFHQNH2V2Xx1_ASAP7_75t_R)
     1    0.79   18.12   53.85   88.83 ^ _tray_size4_64/QN2 (DFFHQNH2V2Xx1_ASAP7_75t_R)
                                         _009_ (net)
                 18.12    0.03   88.86 ^ _312_/A (INVx1_ASAP7_75t_R)
     3    2.68   17.42   13.12  101.98 v _312_/Y (INVx1_ASAP7_75t_R)
                                         dpath.a_lt_b$in0[4] (net)
                 17.42    0.22  102.20 v _590_/A (HAxp5_ASAP7_75t_R)
     2    1.45   24.43   16.83  119.03 ^ _590_/CON (HAxp5_ASAP7_75t_R)
                                         _046_ (net)
     1    0.72   16.51   10.26  129.29 v _590_/SN (HAxp5_ASAP7_75t_R)
                                         _047_ (net)
                 16.51    0.02  129.31 v rebuffer90/A (BUFx3_ASAP7_75t_R)
     4    2.76    8.21   17.24  146.55 v rebuffer90/Y (BUFx3_ASAP7_75t_R)
                                         net90 (net)
                  8.22    0.10  146.65 v _326_/A (OR2x2_ASAP7_75t_R)
     1    0.71    7.71   16.14  162.79 v _326_/Y (OR2x2_ASAP7_75t_R)
                                         _103_ (net)
                  7.71    0.03  162.81 v _327_/B (AO21x1_ASAP7_75t_R)
     2    1.35   11.43   17.46  180.27 v _327_/Y (AO21x1_ASAP7_75t_R)
                                         _104_ (net)
                 11.43    0.05  180.33 v _331_/A2 (OA211x2_ASAP7_75t_R)
     4    3.67   17.10   27.93  208.26 v _331_/Y (OA211x2_ASAP7_75t_R)
                                         _108_ (net)
                 17.10    0.20  208.46 v rebuffer96/A (BUFx6f_ASAP7_75t_R)
     3    3.05    6.20   15.61  224.07 v rebuffer96/Y (BUFx6f_ASAP7_75t_R)
                                         net96 (net)
                  6.20    0.06  224.13 v _401_/A1 (OA21x2_ASAP7_75t_R)
     1    1.43    8.12   17.19  241.32 v _401_/Y (OA21x2_ASAP7_75t_R)
                                         _174_ (net)
                  8.13    0.13  241.45 v _402_/A (XOR2x2_ASAP7_75t_R)
     2    1.35    8.61   24.23  265.69 ^ _402_/Y (XOR2x2_ASAP7_75t_R)
                                         net39 (net)
                  8.61    0.05  265.73 ^ output39/A (BUFx3_ASAP7_75t_R)
     1    0.20    4.02   11.27  277.01 ^ output39/Y (BUFx3_ASAP7_75t_R)
                                         resp_msg[11] (net)
                  4.02    0.01  277.01 ^ resp_msg[11] (out)
                                277.01   data arrival time

                        310.00  310.00   clock core_clock (rise edge)
                          0.00  310.00   clock network delay (propagated)
                          0.00  310.00   clock reconvergence pessimism
                        -62.00  248.00   output external delay
                                248.00   data required time
-----------------------------------------------------------------------------
                                248.00   data required time
                               -277.01   data arrival time
-----------------------------------------------------------------------------
                                -29.01   slack (VIOLATED)



==========================================================================
cts final report_check_types -max_slew -max_cap -max_fanout -violators
--------------------------------------------------------------------------

==========================================================================
cts final max_slew_check_slack
--------------------------------------------------------------------------
243.91461181640625

==========================================================================
cts final max_slew_check_limit
--------------------------------------------------------------------------
320.0

==========================================================================
cts final max_slew_check_slack_limit
--------------------------------------------------------------------------
0.7622

==========================================================================
cts final max_fanout_check_slack
--------------------------------------------------------------------------
1.0000000150474662e+30

==========================================================================
cts final max_fanout_check_limit
--------------------------------------------------------------------------
1.0000000150474662e+30

==========================================================================
cts final max_capacitance_check_slack
--------------------------------------------------------------------------
19.251794815063477

==========================================================================
cts final max_capacitance_check_limit
--------------------------------------------------------------------------
23.040000915527344

==========================================================================
cts final max_capacitance_check_slack_limit
--------------------------------------------------------------------------
0.8356

==========================================================================
cts final max_slew_violation_count
--------------------------------------------------------------------------
max slew violation count 0

==========================================================================
cts final max_fanout_violation_count
--------------------------------------------------------------------------
max fanout violation count 0

==========================================================================
cts final max_cap_violation_count
--------------------------------------------------------------------------
max cap violation count 0

==========================================================================
cts final setup_violation_count
--------------------------------------------------------------------------
setup violation count 10

==========================================================================
cts final hold_violation_count
--------------------------------------------------------------------------
hold violation count 0

==========================================================================
cts final report_checks -path_delay max reg to reg
--------------------------------------------------------------------------
Startpoint: _tray_size2_63
            (rising edge-triggered flip-flop clocked by core_clock)
Endpoint: _tray_size4_65 (rising edge-triggered flip-flop clocked by core_clock)
Path Group: core_clock
Path Type: max

  Delay    Time   Description
---------------------------------------------------------
   0.00    0.00   clock core_clock (rise edge)
   0.00    0.00   clock source latency
   0.00    0.00 ^ clk (in)
  12.15   12.15 ^ clkbuf_0_clk/Y (BUFx2_ASAP7_75t_R)
  22.25   34.39 ^ clkbuf_1_1__f_clk/Y (BUFx2_ASAP7_75t_R)
   0.49   34.88 ^ _tray_size2_63/CLK (DFFHQNV2Xx1_ASAP7_75t_R)
  62.77   97.65 v _tray_size2_63/QN0 (DFFHQNV2Xx1_ASAP7_75t_R)
  20.67  118.32 ^ _588_/CON (HAxp5_ASAP7_75t_R)
  10.40  128.72 v _588_/SN (HAxp5_ASAP7_75t_R)
  17.48  146.20 v rebuffer89/Y (BUFx3_ASAP7_75t_R)
  13.87  160.07 v rebuffer88/Y (BUFx3_ASAP7_75t_R)
  14.42  174.50 v _395_/Y (AO21x1_ASAP7_75t_R)
  15.36  189.86 v _396_/Y (AND2x2_ASAP7_75t_R)
  22.76  212.62 v _397_/Y (OR3x1_ASAP7_75t_R)
  15.99  228.62 v rebuffer104/Y (BUFx3_ASAP7_75t_R)
  32.80  261.41 v _453_/Y (OA21x2_ASAP7_75t_R)
  16.63  278.05 ^ _455_/Y (NOR2x1_ASAP7_75t_R)
  23.51  301.56 ^ place75/Y (BUFx3_ASAP7_75t_R)
  25.29  326.85 ^ _569_/Y (AO221x1_ASAP7_75t_R)
   0.05  326.90 ^ _tray_size4_65/D1 (DFFHQNH2V2Xx1_ASAP7_75t_R)
         326.90   data arrival time

 310.00  310.00   clock core_clock (rise edge)
   0.00  310.00   clock source latency
   0.00  310.00 ^ clk (in)
  11.67  321.67 ^ clkbuf_0_clk/Y (BUFx2_ASAP7_75t_R)
  21.73  343.40 ^ clkbuf_1_0__f_clk/Y (BUFx2_ASAP7_75t_R)
   0.38  343.78 ^ _tray_size4_65/CLK (DFFHQNH2V2Xx1_ASAP7_75t_R)
   0.48  344.26   clock reconvergence pessimism
  -7.78  336.48   library setup time
         336.48   data required time
---------------------------------------------------------
         336.48   data required time
        -326.90   data arrival time
---------------------------------------------------------
           9.58   slack (MET)



==========================================================================
cts final report_checks -path_delay min reg to reg
--------------------------------------------------------------------------
Startpoint: dpath.b_reg.out[0]$_DFFE_PP_
            (rising edge-triggered flip-flop clocked by core_clock)
Endpoint: _tray_size2_68 (rising edge-triggered flip-flop clocked by core_clock)
Path Group: core_clock
Path Type: min

  Delay    Time   Description
---------------------------------------------------------
   0.00    0.00   clock core_clock (rise edge)
   0.00    0.00   clock source latency
   0.00    0.00 ^ clk (in)
  11.67   11.67 ^ clkbuf_0_clk/Y (BUFx2_ASAP7_75t_R)
  21.73   33.40 ^ clkbuf_1_0__f_clk/Y (BUFx2_ASAP7_75t_R)
   0.29   33.69 ^ dpath.b_reg.out[0]$_DFFE_PP_/CLK (DFFHQNx1_ASAP7_75t_R)
  41.23   74.91 ^ dpath.b_reg.out[0]$_DFFE_PP_/QN (DFFHQNx1_ASAP7_75t_R)
  10.90   85.82 v _323_/Y (INVx1_ASAP7_75t_R)
  20.18  106.00 v _563_/Y (AO221x1_ASAP7_75t_R)
   0.06  106.06 v _tray_size2_68/D1 (DFFHQNV2Xx1_ASAP7_75t_R)
         106.06   data arrival time

   0.00    0.00   clock core_clock (rise edge)
   0.00    0.00   clock source latency
   0.00    0.00 ^ clk (in)
  12.15   12.15 ^ clkbuf_0_clk/Y (BUFx2_ASAP7_75t_R)
  23.67   35.82 ^ clkbuf_1_0__f_clk/Y (BUFx2_ASAP7_75t_R)
   0.48   36.30 ^ _tray_size2_68/CLK (DFFHQNV2Xx1_ASAP7_75t_R)
  -2.42   33.88   clock reconvergence pessimism
  17.52   51.40   library hold time
          51.40   data required time
---------------------------------------------------------
          51.40   data required time
        -106.06   data arrival time
---------------------------------------------------------
          54.66   slack (MET)



==========================================================================
cts final critical path target clock latency max path
--------------------------------------------------------------------------
33.8032

==========================================================================
cts final critical path target clock latency min path
--------------------------------------------------------------------------
36.2987

==========================================================================
cts final critical path source clock latency min path
--------------------------------------------------------------------------
0.0000

==========================================================================
cts final critical path delay
--------------------------------------------------------------------------
277.0113

==========================================================================
cts final critical path slack
--------------------------------------------------------------------------
-29.0113

==========================================================================
cts final slack div critical path delay
--------------------------------------------------------------------------
-10.472966

==========================================================================
cts final report_power
--------------------------------------------------------------------------
Group                  Internal  Switching    Leakage      Total
                          Power      Power      Power      Power (Watts)
----------------------------------------------------------------
Sequential             1.73e-04   1.56e-05   4.74e-09   1.88e-04  23.0%
Combinational          3.37e-04   2.43e-04   2.33e-08   5.80e-04  70.8%
Clock                  1.73e-05   3.34e-05   1.74e-10   5.08e-05   6.2%
Macro                  0.00e+00   0.00e+00   0.00e+00   0.00e+00   0.0%
Pad                    0.00e+00   0.00e+00   0.00e+00   0.00e+00   0.0%
----------------------------------------------------------------
Total                  5.27e-04   2.92e-04   2.82e-08   8.19e-04 100.0%
                          64.3%      35.7%       0.0%
