
==========================================================================
detailed place report_tns
--------------------------------------------------------------------------
tns max -4614.87

==========================================================================
detailed place report_wns
--------------------------------------------------------------------------
wns max -47.88

==========================================================================
detailed place report_worst_slack
--------------------------------------------------------------------------
worst slack max -47.88

==========================================================================
detailed place report_clock_min_period
--------------------------------------------------------------------------
clk period_min = 427.88 fmax = 2337.10

==========================================================================
detailed place report_checks -path_delay min
--------------------------------------------------------------------------
Startpoint: dcnt[3]$_SDFFE_PN0P_
            (rising edge-triggered flip-flop clocked by clk)
Endpoint: dcnt[3]$_SDFFE_PN0P_ (rising edge-triggered flip-flop clocked by clk)
Path Group: clk
Path Type: min

Fanout     Cap    Slew   Delay    Time   Description
-----------------------------------------------------------------------------
                  0.00    0.00    0.00   clock clk (rise edge)
                          0.00    0.00   clock network delay (ideal)
                  0.00    0.00    0.00 ^ dcnt[3]$_SDFFE_PN0P_/CLK (DFFHQNx1_ASAP7_75t_R)
     2    1.22   15.72   34.51   34.51 ^ dcnt[3]$_SDFFE_PN0P_/QN (DFFHQNx1_ASAP7_75t_R)
                                         _00413_ (net)
                 15.72    0.05   34.56 ^ _30044_/B (AO21x1_ASAP7_75t_R)
     1    1.15    9.39   13.65   48.21 ^ _30044_/Y (AO21x1_ASAP7_75t_R)
                                         _07437_ (net)
                  9.39    0.06   48.28 ^ _30045_/A2 (AOI21x1_ASAP7_75t_R)
     1    0.70    6.72    6.78   55.06 v _30045_/Y (AOI21x1_ASAP7_75t_R)
                                         _01555_ (net)
                  6.72    0.03   55.09 v dcnt[3]$_SDFFE_PN0P_/D (DFFHQNx1_ASAP7_75t_R)
                                 55.09   data arrival time

                  0.00    0.00    0.00   clock clk (rise edge)
                          0.00    0.00   clock network delay (ideal)
                          0.00    0.00   clock reconvergence pessimism
                                  0.00 ^ dcnt[3]$_SDFFE_PN0P_/CLK (DFFHQNx1_ASAP7_75t_R)
                          8.58    8.58   library hold time
                                  8.58   data required time
-----------------------------------------------------------------------------
                                  8.58   data required time
                                -55.09   data arrival time
-----------------------------------------------------------------------------
                                 46.51   slack (MET)



==========================================================================
detailed place report_checks -path_delay max
--------------------------------------------------------------------------
Startpoint: _tray_size4_1107 (rising edge-triggered flip-flop clocked by clk)
Endpoint: _tray_size4_1014 (rising edge-triggered flip-flop clocked by clk)
Path Group: clk
Path Type: max

Fanout     Cap    Slew   Delay    Time   Description
-----------------------------------------------------------------------------
                  0.00    0.00    0.00   clock clk (rise edge)
                          0.00    0.00   clock network delay (ideal)
                  0.00    0.00    0.00 ^ _tray_size4_1107/CLK (DFFHQNH2V2Xx1_ASAP7_75t_R)
     2    4.15   49.50   63.32   63.32 ^ _tray_size4_1107/QN3 (DFFHQNH2V2Xx1_ASAP7_75t_R)
                                         _00917_ (net)
                 49.62    1.40   64.72 ^ _20882_/A (XOR2x2_ASAP7_75t_R)
     4    4.99   20.37   38.52  103.24 ^ _20882_/Y (XOR2x2_ASAP7_75t_R)
                                         _12652_ (net)
                 20.38    0.22  103.46 ^ _20895_/B (XOR2x2_ASAP7_75t_R)
     2    2.21   11.38   29.82  133.28 ^ _20895_/Y (XOR2x2_ASAP7_75t_R)
                                         _12664_ (net)
                 11.38    0.07  133.35 ^ _20900_/B (XNOR2x2_ASAP7_75t_R)
     1    1.73    9.34   26.53  159.88 v _20900_/Y (XNOR2x2_ASAP7_75t_R)
                                         _12669_ (net)
                  9.34    0.07  159.94 v _20901_/B (NOR2x1p5_ASAP7_75t_R)
     2    2.43   15.72    9.93  169.88 ^ _20901_/Y (NOR2x1p5_ASAP7_75t_R)
                                         _12670_ (net)
                 15.72    0.06  169.94 ^ _20922_/A1 (OAI21x1_ASAP7_75t_R)
     1    1.70   18.07    9.50  179.44 v _20922_/Y (OAI21x1_ASAP7_75t_R)
                                         _12689_ (net)
                 18.07    0.08  179.52 v _20923_/A (NAND2x1p5_ASAP7_75t_R)
     2    3.79   20.40   15.55  195.07 ^ _20923_/Y (NAND2x1p5_ASAP7_75t_R)
                                         _12690_ (net)
                 20.62    1.14  196.20 ^ _30194_/B (HAxp5_ASAP7_75t_R)
     4    4.95   53.82   30.58  226.78 v _30194_/CON (HAxp5_ASAP7_75t_R)
                                         _01139_ (net)
     2    2.10   32.07   21.47  248.25 ^ _30194_/SN (HAxp5_ASAP7_75t_R)
                                         _01140_ (net)
                 32.07    0.05  248.30 ^ _20967_/A (INVx1_ASAP7_75t_R)
     3    3.49   24.52   18.59  266.89 v _20967_/Y (INVx1_ASAP7_75t_R)
                                         _12732_ (net)
                 24.52    0.13  267.02 v _21000_/B (AOI21x1_ASAP7_75t_R)
     5    7.30   49.93   30.24  297.27 ^ _21000_/Y (AOI21x1_ASAP7_75t_R)
                                         _12765_ (net)
                 49.94    0.42  297.68 ^ _21060_/A (INVx2_ASAP7_75t_R)
     5    9.23   35.43   24.90  322.58 v _21060_/Y (INVx2_ASAP7_75t_R)
                                         _12825_ (net)
                 35.55    1.19  323.77 v _21459_/B (NAND2x1p5_ASAP7_75t_R)
     1    1.38   14.20   12.89  336.66 ^ _21459_/Y (NAND2x1p5_ASAP7_75t_R)
                                         _13218_ (net)
                 14.20    0.10  336.76 ^ _21461_/A2 (AOI21x1_ASAP7_75t_R)
     1    1.27   14.92    8.74  345.50 v _21461_/Y (AOI21x1_ASAP7_75t_R)
                                         _13220_ (net)
                 14.92    0.07  345.57 v _21462_/B (NAND2x1_ASAP7_75t_R)
     1    1.16   15.78   10.38  355.95 ^ _21462_/Y (NAND2x1_ASAP7_75t_R)
                                         _13221_ (net)
                 15.78    0.05  356.00 ^ _21466_/A (NAND2x1_ASAP7_75t_R)
     1    1.27   11.36    8.53  364.53 v _21466_/Y (NAND2x1_ASAP7_75t_R)
                                         _13225_ (net)
                 11.37    0.07  364.60 v _21467_/A2 (AOI21x1_ASAP7_75t_R)
     1    1.25   19.42   10.42  375.02 ^ _21467_/Y (AOI21x1_ASAP7_75t_R)
                                         _13226_ (net)
                 19.42    0.07  375.09 ^ _21468_/A2 (OAI21x1_ASAP7_75t_R)
     1    2.55   24.79   12.38  387.47 v _21468_/Y (OAI21x1_ASAP7_75t_R)
                                         _13227_ (net)
                 24.84    0.55  388.01 v _21469_/B (NAND2x1_ASAP7_75t_R)
     1    3.11   24.93   19.01  407.02 ^ _21469_/Y (NAND2x1_ASAP7_75t_R)
                                         _00113_ (net)
                 25.04    0.92  407.94 ^ _tray_size4_1014/D2 (DFFHQNH2V2Xx1_ASAP7_75t_R)
                                407.94   data arrival time

                  0.00  380.00  380.00   clock clk (rise edge)
                          0.00  380.00   clock network delay (ideal)
                          0.00  380.00   clock reconvergence pessimism
                                380.00 ^ _tray_size4_1014/CLK (DFFHQNH2V2Xx1_ASAP7_75t_R)
                        -19.94  360.06   library setup time
                                360.06   data required time
-----------------------------------------------------------------------------
                                360.06   data required time
                               -407.94   data arrival time
-----------------------------------------------------------------------------
                                -47.88   slack (VIOLATED)



==========================================================================
detailed place report_checks -unconstrained
--------------------------------------------------------------------------
Startpoint: _tray_size4_1107 (rising edge-triggered flip-flop clocked by clk)
Endpoint: _tray_size4_1014 (rising edge-triggered flip-flop clocked by clk)
Path Group: clk
Path Type: max

Fanout     Cap    Slew   Delay    Time   Description
-----------------------------------------------------------------------------
                  0.00    0.00    0.00   clock clk (rise edge)
                          0.00    0.00   clock network delay (ideal)
                  0.00    0.00    0.00 ^ _tray_size4_1107/CLK (DFFHQNH2V2Xx1_ASAP7_75t_R)
     2    4.15   49.50   63.32   63.32 ^ _tray_size4_1107/QN3 (DFFHQNH2V2Xx1_ASAP7_75t_R)
                                         _00917_ (net)
                 49.62    1.40   64.72 ^ _20882_/A (XOR2x2_ASAP7_75t_R)
     4    4.99   20.37   38.52  103.24 ^ _20882_/Y (XOR2x2_ASAP7_75t_R)
                                         _12652_ (net)
                 20.38    0.22  103.46 ^ _20895_/B (XOR2x2_ASAP7_75t_R)
     2    2.21   11.38   29.82  133.28 ^ _20895_/Y (XOR2x2_ASAP7_75t_R)
                                         _12664_ (net)
                 11.38    0.07  133.35 ^ _20900_/B (XNOR2x2_ASAP7_75t_R)
     1    1.73    9.34   26.53  159.88 v _20900_/Y (XNOR2x2_ASAP7_75t_R)
                                         _12669_ (net)
                  9.34    0.07  159.94 v _20901_/B (NOR2x1p5_ASAP7_75t_R)
     2    2.43   15.72    9.93  169.88 ^ _20901_/Y (NOR2x1p5_ASAP7_75t_R)
                                         _12670_ (net)
                 15.72    0.06  169.94 ^ _20922_/A1 (OAI21x1_ASAP7_75t_R)
     1    1.70   18.07    9.50  179.44 v _20922_/Y (OAI21x1_ASAP7_75t_R)
                                         _12689_ (net)
                 18.07    0.08  179.52 v _20923_/A (NAND2x1p5_ASAP7_75t_R)
     2    3.79   20.40   15.55  195.07 ^ _20923_/Y (NAND2x1p5_ASAP7_75t_R)
                                         _12690_ (net)
                 20.62    1.14  196.20 ^ _30194_/B (HAxp5_ASAP7_75t_R)
     4    4.95   53.82   30.58  226.78 v _30194_/CON (HAxp5_ASAP7_75t_R)
                                         _01139_ (net)
     2    2.10   32.07   21.47  248.25 ^ _30194_/SN (HAxp5_ASAP7_75t_R)
                                         _01140_ (net)
                 32.07    0.05  248.30 ^ _20967_/A (INVx1_ASAP7_75t_R)
     3    3.49   24.52   18.59  266.89 v _20967_/Y (INVx1_ASAP7_75t_R)
                                         _12732_ (net)
                 24.52    0.13  267.02 v _21000_/B (AOI21x1_ASAP7_75t_R)
     5    7.30   49.93   30.24  297.27 ^ _21000_/Y (AOI21x1_ASAP7_75t_R)
                                         _12765_ (net)
                 49.94    0.42  297.68 ^ _21060_/A (INVx2_ASAP7_75t_R)
     5    9.23   35.43   24.90  322.58 v _21060_/Y (INVx2_ASAP7_75t_R)
                                         _12825_ (net)
                 35.55    1.19  323.77 v _21459_/B (NAND2x1p5_ASAP7_75t_R)
     1    1.38   14.20   12.89  336.66 ^ _21459_/Y (NAND2x1p5_ASAP7_75t_R)
                                         _13218_ (net)
                 14.20    0.10  336.76 ^ _21461_/A2 (AOI21x1_ASAP7_75t_R)
     1    1.27   14.92    8.74  345.50 v _21461_/Y (AOI21x1_ASAP7_75t_R)
                                         _13220_ (net)
                 14.92    0.07  345.57 v _21462_/B (NAND2x1_ASAP7_75t_R)
     1    1.16   15.78   10.38  355.95 ^ _21462_/Y (NAND2x1_ASAP7_75t_R)
                                         _13221_ (net)
                 15.78    0.05  356.00 ^ _21466_/A (NAND2x1_ASAP7_75t_R)
     1    1.27   11.36    8.53  364.53 v _21466_/Y (NAND2x1_ASAP7_75t_R)
                                         _13225_ (net)
                 11.37    0.07  364.60 v _21467_/A2 (AOI21x1_ASAP7_75t_R)
     1    1.25   19.42   10.42  375.02 ^ _21467_/Y (AOI21x1_ASAP7_75t_R)
                                         _13226_ (net)
                 19.42    0.07  375.09 ^ _21468_/A2 (OAI21x1_ASAP7_75t_R)
     1    2.55   24.79   12.38  387.47 v _21468_/Y (OAI21x1_ASAP7_75t_R)
                                         _13227_ (net)
                 24.84    0.55  388.01 v _21469_/B (NAND2x1_ASAP7_75t_R)
     1    3.11   24.93   19.01  407.02 ^ _21469_/Y (NAND2x1_ASAP7_75t_R)
                                         _00113_ (net)
                 25.04    0.92  407.94 ^ _tray_size4_1014/D2 (DFFHQNH2V2Xx1_ASAP7_75t_R)
                                407.94   data arrival time

                  0.00  380.00  380.00   clock clk (rise edge)
                          0.00  380.00   clock network delay (ideal)
                          0.00  380.00   clock reconvergence pessimism
                                380.00 ^ _tray_size4_1014/CLK (DFFHQNH2V2Xx1_ASAP7_75t_R)
                        -19.94  360.06   library setup time
                                360.06   data required time
-----------------------------------------------------------------------------
                                360.06   data required time
                               -407.94   data arrival time
-----------------------------------------------------------------------------
                                -47.88   slack (VIOLATED)



==========================================================================
detailed place report_check_types -max_slew -max_cap -max_fanout -violators
--------------------------------------------------------------------------

==========================================================================
detailed place max_slew_check_slack
--------------------------------------------------------------------------
132.0746307373047

==========================================================================
detailed place max_slew_check_limit
--------------------------------------------------------------------------
320.0

==========================================================================
detailed place max_slew_check_slack_limit
--------------------------------------------------------------------------
0.4127

==========================================================================
detailed place max_fanout_check_slack
--------------------------------------------------------------------------
1.0000000150474662e+30

==========================================================================
detailed place max_fanout_check_limit
--------------------------------------------------------------------------
1.0000000150474662e+30

==========================================================================
detailed place max_capacitance_check_slack
--------------------------------------------------------------------------
9.419571876525879

==========================================================================
detailed place max_capacitance_check_limit
--------------------------------------------------------------------------
23.040000915527344

==========================================================================
detailed place max_capacitance_check_slack_limit
--------------------------------------------------------------------------
0.4088

==========================================================================
detailed place max_slew_violation_count
--------------------------------------------------------------------------
max slew violation count 0

==========================================================================
detailed place max_fanout_violation_count
--------------------------------------------------------------------------
max fanout violation count 0

==========================================================================
detailed place max_cap_violation_count
--------------------------------------------------------------------------
max cap violation count 0

==========================================================================
detailed place setup_violation_count
--------------------------------------------------------------------------
setup violation count 160

==========================================================================
detailed place hold_violation_count
--------------------------------------------------------------------------
hold violation count 0

==========================================================================
detailed place report_checks -path_delay max reg to reg
--------------------------------------------------------------------------
Startpoint: _tray_size4_1107 (rising edge-triggered flip-flop clocked by clk)
Endpoint: _tray_size4_1014 (rising edge-triggered flip-flop clocked by clk)
Path Group: clk
Path Type: max

  Delay    Time   Description
---------------------------------------------------------
   0.00    0.00   clock clk (rise edge)
   0.00    0.00   clock network delay (ideal)
   0.00    0.00 ^ _tray_size4_1107/CLK (DFFHQNH2V2Xx1_ASAP7_75t_R)
  63.32   63.32 ^ _tray_size4_1107/QN3 (DFFHQNH2V2Xx1_ASAP7_75t_R)
  39.92  103.24 ^ _20882_/Y (XOR2x2_ASAP7_75t_R)
  30.04  133.28 ^ _20895_/Y (XOR2x2_ASAP7_75t_R)
  26.60  159.88 v _20900_/Y (XNOR2x2_ASAP7_75t_R)
  10.00  169.88 ^ _20901_/Y (NOR2x1p5_ASAP7_75t_R)
   9.56  179.44 v _20922_/Y (OAI21x1_ASAP7_75t_R)
  15.63  195.07 ^ _20923_/Y (NAND2x1p5_ASAP7_75t_R)
  31.71  226.78 v _30194_/CON (HAxp5_ASAP7_75t_R)
  21.47  248.25 ^ _30194_/SN (HAxp5_ASAP7_75t_R)
  18.64  266.89 v _20967_/Y (INVx1_ASAP7_75t_R)
  30.38  297.27 ^ _21000_/Y (AOI21x1_ASAP7_75t_R)
  25.32  322.58 v _21060_/Y (INVx2_ASAP7_75t_R)
  14.07  336.66 ^ _21459_/Y (NAND2x1p5_ASAP7_75t_R)
   8.84  345.50 v _21461_/Y (AOI21x1_ASAP7_75t_R)
  10.45  355.95 ^ _21462_/Y (NAND2x1_ASAP7_75t_R)
   8.57  364.53 v _21466_/Y (NAND2x1_ASAP7_75t_R)
  10.49  375.02 ^ _21467_/Y (AOI21x1_ASAP7_75t_R)
  12.45  387.47 v _21468_/Y (OAI21x1_ASAP7_75t_R)
  19.55  407.02 ^ _21469_/Y (NAND2x1_ASAP7_75t_R)
   0.92  407.94 ^ _tray_size4_1014/D2 (DFFHQNH2V2Xx1_ASAP7_75t_R)
         407.94   data arrival time

 380.00  380.00   clock clk (rise edge)
   0.00  380.00   clock network delay (ideal)
   0.00  380.00   clock reconvergence pessimism
         380.00 ^ _tray_size4_1014/CLK (DFFHQNH2V2Xx1_ASAP7_75t_R)
 -19.94  360.06   library setup time
         360.06   data required time
---------------------------------------------------------
         360.06   data required time
        -407.94   data arrival time
---------------------------------------------------------
         -47.88   slack (VIOLATED)



==========================================================================
detailed place report_checks -path_delay min reg to reg
--------------------------------------------------------------------------
Startpoint: dcnt[3]$_SDFFE_PN0P_
            (rising edge-triggered flip-flop clocked by clk)
Endpoint: dcnt[3]$_SDFFE_PN0P_ (rising edge-triggered flip-flop clocked by clk)
Path Group: clk
Path Type: min

  Delay    Time   Description
---------------------------------------------------------
   0.00    0.00   clock clk (rise edge)
   0.00    0.00   clock network delay (ideal)
   0.00    0.00 ^ dcnt[3]$_SDFFE_PN0P_/CLK (DFFHQNx1_ASAP7_75t_R)
  34.51   34.51 ^ dcnt[3]$_SDFFE_PN0P_/QN (DFFHQNx1_ASAP7_75t_R)
  13.70   48.21 ^ _30044_/Y (AO21x1_ASAP7_75t_R)
   6.84   55.06 v _30045_/Y (AOI21x1_ASAP7_75t_R)
   0.03   55.09 v dcnt[3]$_SDFFE_PN0P_/D (DFFHQNx1_ASAP7_75t_R)
          55.09   data arrival time

   0.00    0.00   clock clk (rise edge)
   0.00    0.00   clock network delay (ideal)
   0.00    0.00   clock reconvergence pessimism
           0.00 ^ dcnt[3]$_SDFFE_PN0P_/CLK (DFFHQNx1_ASAP7_75t_R)
   8.58    8.58   library hold time
           8.58   data required time
---------------------------------------------------------
           8.58   data required time
         -55.09   data arrival time
---------------------------------------------------------
          46.51   slack (MET)



==========================================================================
detailed place critical path target clock latency max path
--------------------------------------------------------------------------
0.0000

==========================================================================
detailed place critical path target clock latency min path
--------------------------------------------------------------------------
0.0000

==========================================================================
detailed place critical path source clock latency min path
--------------------------------------------------------------------------
0.0000

==========================================================================
detailed place critical path delay
--------------------------------------------------------------------------
407.9363

==========================================================================
detailed place critical path slack
--------------------------------------------------------------------------
-47.8806

==========================================================================
detailed place slack div critical path delay
--------------------------------------------------------------------------
-11.737274

==========================================================================
detailed place report_power
--------------------------------------------------------------------------
Group                  Internal  Switching    Leakage      Total
                          Power      Power      Power      Power (Watts)
----------------------------------------------------------------
Sequential             3.47e-03   1.06e-03   6.89e-08   4.53e-03   2.9%
Combinational          5.71e-02   9.38e-02   1.03e-06   1.51e-01  97.1%
Clock                  0.00e+00   0.00e+00   0.00e+00   0.00e+00   0.0%
Macro                  0.00e+00   0.00e+00   0.00e+00   0.00e+00   0.0%
Pad                    0.00e+00   0.00e+00   0.00e+00   0.00e+00   0.0%
----------------------------------------------------------------
Total                  6.06e-02   9.48e-02   1.10e-06   1.55e-01 100.0%
                          39.0%      61.0%       0.0%
