OpenROAD ee3d65ce03b2656092ed62bf9205c5c11049c575 
Features included (+) or not (-): +GPU +GUI +Python
This program is licensed under the BSD-3 license. See the LICENSE file for details.
Components of this program may be licensed under more restrictive licenses which must be honored.
[INFO ORD-0030] Using 32 thread(s).
source /home/lucast/workspace/OR-flow-TCC/flow/platforms/asap7/liberty_suppressions.tcl
read_liberty /home/lucast/workspace/OR-flow-TCC/flow/platforms/asap7/lib/NLDM/asap7sc7p5t_AO_RVT_FF_nldm_211120.lib.gz
read_liberty /home/lucast/workspace/OR-flow-TCC/flow/platforms/asap7/lib/NLDM/asap7sc7p5t_INVBUF_RVT_FF_nldm_220122.lib.gz
read_liberty /home/lucast/workspace/OR-flow-TCC/flow/platforms/asap7/lib/NLDM/asap7sc7p5t_OA_RVT_FF_nldm_211120.lib.gz
read_liberty /home/lucast/workspace/OR-flow-TCC/flow/platforms/asap7/lib/NLDM/asap7sc7p5t_SIMPLE_RVT_FF_nldm_211120.lib.gz
read_liberty /home/lucast/workspace/OR-flow-TCC/flow/platforms/asap7/lib/NLDM/asap7sc7p5t_SEQ_RVT_FF_nldm_220123.lib
read_liberty /home/lucast/workspace/OR-flow-TCC/flow/platforms/asap7/lib/NLDM/asap7sc7p5t_DFFHQNH2V2X_RVT_TT_nldm_FAKE.lib
read_liberty /home/lucast/workspace/OR-flow-TCC/flow/platforms/asap7/lib/NLDM/asap7sc7p5t_DFFHQNV2X_RVT_TT_nldm_FAKE.lib
read_db ./results/asap7/aes-mbff/modified_alpha_2-beta_0.1/5_1_grt.odb
source /home/lucast/workspace/OR-flow-TCC/flow/platforms/asap7/setRC.tcl
detailed_route -output_drc ./reports/asap7/aes-mbff/modified_alpha_2-beta_0.1/5_route_drc.rpt -output_maze ./results/asap7/aes-mbff/modified_alpha_2-beta_0.1/maze.log -droute_end_iter 64 -verbose 1 -drc_report_iter_step 5
[INFO DRT-0149] Reading tech and libs.

Units:                1000
Number of layers:     21
Number of macros:     230
Number of vias:       14
Number of viarulegen: 11

[INFO DRT-0150] Reading design.

Design:                   aes_cipher_top
Die area:                 ( 0 0 ) ( 68348 68348 )
Number of track patterns: 32
Number of DEF vias:       0
Number of components:     17903
Number of terminals:      390
Number of snets:          2
Number of nets:           17750

[INFO DRT-0167] List of default vias:
  Layer V2
    default via: VIA23
  Layer V3
    default via: VIA34
  Layer V4
    default via: VIA45
  Layer V5
    default via: VIA56
  Layer V6
    default via: VIA67
  Layer V7
    default via: VIA78
  Layer V8
    default via: VIA89
  Layer V9
    default via: VIA9Pad
[INFO DRT-0162] Library cell analysis.
[INFO DRT-0163] Instance analysis.
[INFO DRT-0164] Number of unique instances = 215.
[INFO DRT-0168] Init region query.
[INFO DRT-0024]   Complete Active.
[INFO DRT-0024]   Complete V0.
[INFO DRT-0024]   Complete M1.
[INFO DRT-0024]   Complete V1.
[INFO DRT-0024]   Complete M2.
[INFO DRT-0024]   Complete V2.
[INFO DRT-0024]   Complete M3.
[INFO DRT-0024]   Complete V3.
[INFO DRT-0024]   Complete M4.
[INFO DRT-0024]   Complete V4.
[INFO DRT-0024]   Complete M5.
[INFO DRT-0024]   Complete V5.
[INFO DRT-0024]   Complete M6.
[INFO DRT-0024]   Complete V6.
[INFO DRT-0024]   Complete M7.
[INFO DRT-0024]   Complete V7.
[INFO DRT-0024]   Complete M8.
[INFO DRT-0024]   Complete V8.
[INFO DRT-0024]   Complete M9.
[INFO DRT-0024]   Complete V9.
[INFO DRT-0024]   Complete Pad.
[INFO DRT-0033] Active shape region query size = 0.
[INFO DRT-0033] V0 shape region query size = 0.
[INFO DRT-0033] M1 shape region query size = 258391.
[INFO DRT-0033] V1 shape region query size = 430024.
[INFO DRT-0033] M2 shape region query size = 5101.
[INFO DRT-0033] V2 shape region query size = 8616.
[INFO DRT-0033] M3 shape region query size = 8592.
[INFO DRT-0033] V3 shape region query size = 5712.
[INFO DRT-0033] M4 shape region query size = 5935.
[INFO DRT-0033] V4 shape region query size = 5712.
[INFO DRT-0033] M5 shape region query size = 3333.
[INFO DRT-0033] V5 shape region query size = 576.
[INFO DRT-0033] M6 shape region query size = 336.
[INFO DRT-0033] V6 shape region query size = 0.
[INFO DRT-0033] M7 shape region query size = 0.
[INFO DRT-0033] V7 shape region query size = 0.
[INFO DRT-0033] M8 shape region query size = 0.
[INFO DRT-0033] V8 shape region query size = 0.
[INFO DRT-0033] M9 shape region query size = 0.
[INFO DRT-0033] V9 shape region query size = 0.
[INFO DRT-0033] Pad shape region query size = 0.
[INFO DRT-0165] Start pin access.
[INFO DRT-0076]   Complete 1000 pins.
[INFO DRT-0078]   Complete 1169 pins.
[INFO DRT-0079]   Complete 100 unique inst patterns.
[INFO DRT-0079]   Complete 200 unique inst patterns.
[INFO DRT-0081]   Complete 215 unique inst patterns.
[INFO DRT-0082]   Complete 10000 groups.
[INFO DRT-0084]   Complete 10564 groups.
#scanned instances     = 17903
#unique  instances     = 215
#stdCellGenAp          = 7310
#stdCellValidPlanarAp  = 47
#stdCellValidViaAp     = 5362
#stdCellPinNoAp        = 0
#stdCellPinCnt         = 54685
#instTermValidViaApCnt = 0
#macroGenAp            = 0
#macroValidPlanarAp    = 0
#macroValidViaAp       = 0
#macroNoAp             = 0
[INFO DRT-0166] Complete pin access.
[INFO DRT-0267] cpu time = 00:03:55, elapsed time = 00:00:11, memory = 447.50 (MB), peak = 443.34 (MB)
[INFO DRT-0156] guideIn read 100000 guides.

[INFO DRT-0157] Number of guides:     139899

[INFO DRT-0169] Post process guides.
[INFO DRT-0176] GCELLGRID X 0 DO 119 STEP 570 ;
[INFO DRT-0177] GCELLGRID Y 0 DO 119 STEP 570 ;
[INFO DRT-0026]   Complete 100000 origin guides.
[INFO DRT-0028]   Complete Active.
[INFO DRT-0028]   Complete V0.
[INFO DRT-0028]   Complete M1.
[INFO DRT-0028]   Complete V1.
[INFO DRT-0028]   Complete M2.
[INFO DRT-0028]   Complete V2.
[INFO DRT-0028]   Complete M3.
[INFO DRT-0028]   Complete V3.
[INFO DRT-0028]   Complete M4.
[INFO DRT-0028]   Complete V4.
[INFO DRT-0028]   Complete M5.
[INFO DRT-0028]   Complete V5.
[INFO DRT-0028]   Complete M6.
[INFO DRT-0028]   Complete V6.
[INFO DRT-0028]   Complete M7.
[INFO DRT-0028]   Complete V7.
[INFO DRT-0028]   Complete M8.
[INFO DRT-0028]   Complete V8.
[INFO DRT-0028]   Complete M9.
[INFO DRT-0028]   Complete V9.
[INFO DRT-0028]   Complete Pad.
[INFO DRT-0178] Init guide query.
[INFO DRT-0035]   Complete Active (guide).
[INFO DRT-0035]   Complete V0 (guide).
[INFO DRT-0035]   Complete M1 (guide).
[INFO DRT-0035]   Complete V1 (guide).
[INFO DRT-0035]   Complete M2 (guide).
[INFO DRT-0035]   Complete V2 (guide).
[INFO DRT-0035]   Complete M3 (guide).
[INFO DRT-0035]   Complete V3 (guide).
[INFO DRT-0035]   Complete M4 (guide).
[INFO DRT-0035]   Complete V4 (guide).
[INFO DRT-0035]   Complete M5 (guide).
[INFO DRT-0035]   Complete V5 (guide).
[INFO DRT-0035]   Complete M6 (guide).
[INFO DRT-0035]   Complete V6 (guide).
[INFO DRT-0035]   Complete M7 (guide).
[INFO DRT-0035]   Complete V7 (guide).
[INFO DRT-0035]   Complete M8 (guide).
[INFO DRT-0035]   Complete V8 (guide).
[INFO DRT-0035]   Complete M9 (guide).
[INFO DRT-0035]   Complete V9 (guide).
[INFO DRT-0035]   Complete Pad (guide).
[INFO DRT-0036] Active guide region query size = 0.
[INFO DRT-0036] V0 guide region query size = 0.
[INFO DRT-0036] M1 guide region query size = 47080.
[INFO DRT-0036] V1 guide region query size = 0.
[INFO DRT-0036] M2 guide region query size = 41291.
[INFO DRT-0036] V2 guide region query size = 0.
[INFO DRT-0036] M3 guide region query size = 21852.
[INFO DRT-0036] V3 guide region query size = 0.
[INFO DRT-0036] M4 guide region query size = 1796.
[INFO DRT-0036] V4 guide region query size = 0.
[INFO DRT-0036] M5 guide region query size = 520.
[INFO DRT-0036] V5 guide region query size = 0.
[INFO DRT-0036] M6 guide region query size = 20.
[INFO DRT-0036] V6 guide region query size = 0.
[INFO DRT-0036] M7 guide region query size = 8.
[INFO DRT-0036] V7 guide region query size = 0.
[INFO DRT-0036] M8 guide region query size = 0.
[INFO DRT-0036] V8 guide region query size = 0.
[INFO DRT-0036] M9 guide region query size = 0.
[INFO DRT-0036] V9 guide region query size = 0.
[INFO DRT-0036] Pad guide region query size = 0.
[INFO DRT-0179] Init gr pin query.
[INFO DRT-0267] cpu time = 00:00:00, elapsed time = 00:00:00, memory = 488.52 (MB), peak = 483.84 (MB)
[INFO DRT-0245] skipped writing guide updates to database.
[INFO DRT-0185] Post process initialize RPin region query.
[INFO DRT-0181] Start track assignment.
[INFO DRT-0184] Done with 69460 vertical wires in 3 frboxes and 43107 horizontal wires in 3 frboxes.
[INFO DRT-0186] Done with 8740 vertical wires in 3 frboxes and 13220 horizontal wires in 3 frboxes.
[INFO DRT-0182] Complete track assignment.
[INFO DRT-0267] cpu time = 00:00:04, elapsed time = 00:00:02, memory = 876.43 (MB), peak = 872.49 (MB)
[INFO DRT-0187] Start routing data preparation.
[INFO DRT-0267] cpu time = 00:00:00, elapsed time = 00:00:00, memory = 876.49 (MB), peak = 872.49 (MB)
[INFO DRT-0194] Start detail routing.
[INFO DRT-0195] Start 0th optimization iteration.
    Completing 10% with 0 violations.
    elapsed time = 00:00:02, memory = 7460.37 (MB).
    Completing 20% with 0 violations.
    elapsed time = 00:00:03, memory = 6753.20 (MB).
    Completing 30% with 496 violations.
    elapsed time = 00:00:06, memory = 8205.11 (MB).
    Completing 40% with 496 violations.
    elapsed time = 00:00:09, memory = 8918.65 (MB).
    Completing 50% with 496 violations.
    elapsed time = 00:00:11, memory = 5141.70 (MB).
    Completing 60% with 886 violations.
    elapsed time = 00:00:16, memory = 9940.21 (MB).
    Completing 70% with 886 violations.
    elapsed time = 00:00:19, memory = 8683.88 (MB).
    Completing 80% with 1216 violations.
    elapsed time = 00:00:23, memory = 10441.82 (MB).
    Completing 90% with 1216 violations.
    elapsed time = 00:00:28, memory = 10548.69 (MB).
    Completing 100% with 1576 violations.
    elapsed time = 00:00:32, memory = 4803.07 (MB).
[INFO DRT-0199]   Number of violations = 2372.
Viol/Layer          M1     M2     V2     M3     V3     M4     V4     M5
CutSpcTbl            0      0      0      0     12      0      5      0
EOL                  0     95      0     39      0     14      0      0
Metal Spacing       66     74      0    187      0      6      0      0
Recheck              0    457      0    264      0     64      0     11
Short                0    267      3     52      1      2      3      4
eolKeepOut           0    557      0    136      0     53      0      0
[INFO DRT-0267] cpu time = 00:12:24, elapsed time = 00:00:32, memory = 5145.93 (MB), peak = 11369.83 (MB)
Total wire length = 65364 um.
Total wire length on LAYER M1 = 0 um.
Total wire length on LAYER M2 = 19499 um.
Total wire length on LAYER M3 = 29029 um.
Total wire length on LAYER M4 = 13295 um.
Total wire length on LAYER M5 = 3263 um.
Total wire length on LAYER M6 = 148 um.
Total wire length on LAYER M7 = 127 um.
Total wire length on LAYER M8 = 0 um.
Total wire length on LAYER M9 = 0 um.
Total wire length on LAYER Pad = 0 um.
Total number of vias = 162925.
Up-via summary (total 162925):

-----------------
 Active         0
     M1     54432
     M2     90802
     M3     16044
     M4      1594
     M5        34
     M6        19
     M7         0
     M8         0
     M9         0
-----------------
       162925


[INFO DRT-0195] Start 1st optimization iteration.
    Completing 10% with 2372 violations.
    elapsed time = 00:00:04, memory = 11958.38 (MB).
    Completing 20% with 2372 violations.
    elapsed time = 00:00:07, memory = 8572.62 (MB).
    Completing 30% with 1746 violations.
    elapsed time = 00:00:11, memory = 11565.36 (MB).
    Completing 40% with 1746 violations.
    elapsed time = 00:00:15, memory = 11900.61 (MB).
    Completing 50% with 1746 violations.
    elapsed time = 00:00:18, memory = 5688.44 (MB).
    Completing 60% with 1210 violations.
    elapsed time = 00:00:23, memory = 12287.59 (MB).
    Completing 70% with 1210 violations.
    elapsed time = 00:00:25, memory = 9334.11 (MB).
    Completing 80% with 648 violations.
    elapsed time = 00:00:30, memory = 12002.07 (MB).
    Completing 90% with 648 violations.
    elapsed time = 00:00:33, memory = 11937.26 (MB).
    Completing 100% with 197 violations.
    elapsed time = 00:00:37, memory = 5802.54 (MB).
[INFO DRT-0199]   Number of violations = 197.
Viol/Layer          M1     M2     M3     V3     M4     V4
CutSpcTbl            0      0      0      2      0      1
EOL                  0     12      2      0      2      0
Metal Spacing       15      2     70      0      2      0
Short                0      9     19      0      0      0
eolKeepOut           0     48      6      0      7      0
[INFO DRT-0267] cpu time = 00:14:39, elapsed time = 00:00:38, memory = 5806.00 (MB), peak = 12564.30 (MB)
Total wire length = 64818 um.
Total wire length on LAYER M1 = 0 um.
Total wire length on LAYER M2 = 18552 um.
Total wire length on LAYER M3 = 28806 um.
Total wire length on LAYER M4 = 13887 um.
Total wire length on LAYER M5 = 3282 um.
Total wire length on LAYER M6 = 161 um.
Total wire length on LAYER M7 = 127 um.
Total wire length on LAYER M8 = 0 um.
Total wire length on LAYER M9 = 0 um.
Total wire length on LAYER Pad = 0 um.
Total number of vias = 158051.
Up-via summary (total 158051):

-----------------
 Active         0
     M1     54415
     M2     86502
     M3     15387
     M4      1680
     M5        49
     M6        18
     M7         0
     M8         0
     M9         0
-----------------
       158051


[INFO DRT-0195] Start 2nd optimization iteration.
    Completing 10% with 197 violations.
    elapsed time = 00:00:00, memory = 5806.00 (MB).
    Completing 20% with 197 violations.
    elapsed time = 00:00:03, memory = 9350.06 (MB).
    Completing 30% with 166 violations.
    elapsed time = 00:00:06, memory = 5778.11 (MB).
    Completing 40% with 166 violations.
    elapsed time = 00:00:06, memory = 5778.11 (MB).
    Completing 50% with 166 violations.
    elapsed time = 00:00:10, memory = 5778.11 (MB).
    Completing 60% with 138 violations.
    elapsed time = 00:00:11, memory = 5765.25 (MB).
    Completing 70% with 138 violations.
    elapsed time = 00:00:13, memory = 9282.23 (MB).
    Completing 80% with 105 violations.
    elapsed time = 00:00:16, memory = 5765.25 (MB).
    Completing 90% with 105 violations.
    elapsed time = 00:00:16, memory = 5765.25 (MB).
    Completing 100% with 71 violations.
    elapsed time = 00:00:20, memory = 5765.25 (MB).
[INFO DRT-0199]   Number of violations = 71.
Viol/Layer          M1     M2     V2     M3     V4
CutSpcTbl            0      0      0      0      1
EOL                  0      3      0      0      0
Metal Spacing        7      0      0     28      0
Short                0      3      1     10      0
eolKeepOut           0     18      0      0      0
[INFO DRT-0267] cpu time = 00:05:09, elapsed time = 00:00:20, memory = 5765.25 (MB), peak = 12564.30 (MB)
Total wire length = 64754 um.
Total wire length on LAYER M1 = 0 um.
Total wire length on LAYER M2 = 18498 um.
Total wire length on LAYER M3 = 28817 um.
Total wire length on LAYER M4 = 13850 um.
Total wire length on LAYER M5 = 3291 um.
Total wire length on LAYER M6 = 169 um.
Total wire length on LAYER M7 = 127 um.
Total wire length on LAYER M8 = 0 um.
Total wire length on LAYER M9 = 0 um.
Total wire length on LAYER Pad = 0 um.
Total number of vias = 157457.
Up-via summary (total 157457):

-----------------
 Active         0
     M1     54413
     M2     86098
     M3     15218
     M4      1647
     M5        62
     M6        19
     M7         0
     M8         0
     M9         0
-----------------
       157457


[INFO DRT-0195] Start 3rd guides tiles iteration.
    Completing 10% with 71 violations.
    elapsed time = 00:00:00, memory = 6491.25 (MB).
    Completing 20% with 47 violations.
    elapsed time = 00:00:01, memory = 5765.25 (MB).
    Completing 30% with 40 violations.
    elapsed time = 00:00:02, memory = 5765.25 (MB).
    Completing 40% with 40 violations.
    elapsed time = 00:00:03, memory = 6055.55 (MB).
    Completing 50% with 33 violations.
    elapsed time = 00:00:03, memory = 5765.25 (MB).
    Completing 60% with 31 violations.
    elapsed time = 00:00:04, memory = 6215.89 (MB).
    Completing 70% with 21 violations.
    elapsed time = 00:00:05, memory = 6244.02 (MB).
    Completing 80% with 14 violations.
    elapsed time = 00:00:06, memory = 5765.25 (MB).
    Completing 90% with 9 violations.
    elapsed time = 00:00:07, memory = 5765.25 (MB).
    Completing 100% with 1 violations.
    elapsed time = 00:00:08, memory = 5765.32 (MB).
[INFO DRT-0199]   Number of violations = 1.
Viol/Layer          M1
Metal Spacing        1
[INFO DRT-0267] cpu time = 00:00:34, elapsed time = 00:00:08, memory = 5746.87 (MB), peak = 12564.30 (MB)
Total wire length = 64763 um.
Total wire length on LAYER M1 = 0 um.
Total wire length on LAYER M2 = 18473 um.
Total wire length on LAYER M3 = 28807 um.
Total wire length on LAYER M4 = 13883 um.
Total wire length on LAYER M5 = 3301 um.
Total wire length on LAYER M6 = 170 um.
Total wire length on LAYER M7 = 127 um.
Total wire length on LAYER M8 = 0 um.
Total wire length on LAYER M9 = 0 um.
Total wire length on LAYER Pad = 0 um.
Total number of vias = 157509.
Up-via summary (total 157509):

-----------------
 Active         0
     M1     54413
     M2     86038
     M3     15307
     M4      1668
     M5        64
     M6        19
     M7         0
     M8         0
     M9         0
-----------------
       157509


[INFO DRT-0195] Start 4th guides tiles iteration.
    Completing 50% with 1 violations.
    elapsed time = 00:00:00, memory = 5746.87 (MB).
    Completing 100% with 1 violations.
    elapsed time = 00:00:01, memory = 5746.87 (MB).
[INFO DRT-0199]   Number of violations = 1.
Viol/Layer          M1
Metal Spacing        1
[INFO DRT-0267] cpu time = 00:00:02, elapsed time = 00:00:01, memory = 5746.87 (MB), peak = 12564.30 (MB)
Total wire length = 64763 um.
Total wire length on LAYER M1 = 0 um.
Total wire length on LAYER M2 = 18473 um.
Total wire length on LAYER M3 = 28807 um.
Total wire length on LAYER M4 = 13883 um.
Total wire length on LAYER M5 = 3301 um.
Total wire length on LAYER M6 = 170 um.
Total wire length on LAYER M7 = 127 um.
Total wire length on LAYER M8 = 0 um.
Total wire length on LAYER M9 = 0 um.
Total wire length on LAYER Pad = 0 um.
Total number of vias = 157509.
Up-via summary (total 157509):

-----------------
 Active         0
     M1     54413
     M2     86038
     M3     15307
     M4      1668
     M5        64
     M6        19
     M7         0
     M8         0
     M9         0
-----------------
       157509


[INFO DRT-0195] Start 5th stubborn tiles iteration.
    Completing 10% with 1 violations.
    elapsed time = 00:00:04, memory = 11875.05 (MB).
    Completing 20% with 1 violations.
    elapsed time = 00:00:04, memory = 11943.36 (MB).
    Completing 30% with 1 violations.
    elapsed time = 00:00:04, memory = 12171.11 (MB).
    Completing 40% with 1 violations.
    elapsed time = 00:00:04, memory = 11242.40 (MB).
    Completing 50% with 1 violations.
    elapsed time = 00:00:04, memory = 10239.19 (MB).
    Completing 60% with 1 violations.
    elapsed time = 00:00:04, memory = 9679.80 (MB).
    Completing 70% with 1 violations.
    elapsed time = 00:00:05, memory = 8861.39 (MB).
    Completing 80% with 1 violations.
    elapsed time = 00:00:07, memory = 7994.82 (MB).
    Completing 90% with 1 violations.
    elapsed time = 00:00:07, memory = 6829.54 (MB).
    Completing 100% with 0 violations.
    elapsed time = 00:00:08, memory = 5909.57 (MB).
[INFO DRT-0199]   Number of violations = 0.
[INFO DRT-0267] cpu time = 00:03:07, elapsed time = 00:00:08, memory = 5909.69 (MB), peak = 13118.45 (MB)
Total wire length = 64763 um.
Total wire length on LAYER M1 = 0 um.
Total wire length on LAYER M2 = 18473 um.
Total wire length on LAYER M3 = 28807 um.
Total wire length on LAYER M4 = 13883 um.
Total wire length on LAYER M5 = 3301 um.
Total wire length on LAYER M6 = 170 um.
Total wire length on LAYER M7 = 127 um.
Total wire length on LAYER M8 = 0 um.
Total wire length on LAYER M9 = 0 um.
Total wire length on LAYER Pad = 0 um.
Total number of vias = 157510.
Up-via summary (total 157510):

-----------------
 Active         0
     M1     54413
     M2     86039
     M3     15307
     M4      1668
     M5        64
     M6        19
     M7         0
     M8         0
     M9         0
-----------------
       157510


[INFO DRT-0198] Complete detail routing.
Total wire length = 64763 um.
Total wire length on LAYER M1 = 0 um.
Total wire length on LAYER M2 = 18473 um.
Total wire length on LAYER M3 = 28807 um.
Total wire length on LAYER M4 = 13883 um.
Total wire length on LAYER M5 = 3301 um.
Total wire length on LAYER M6 = 170 um.
Total wire length on LAYER M7 = 127 um.
Total wire length on LAYER M8 = 0 um.
Total wire length on LAYER M9 = 0 um.
Total wire length on LAYER Pad = 0 um.
Total number of vias = 157510.
Up-via summary (total 157510):

-----------------
 Active         0
     M1     54413
     M2     86039
     M3     15307
     M4      1668
     M5        64
     M6        19
     M7         0
     M8         0
     M9         0
-----------------
       157510


[INFO DRT-0267] cpu time = 00:35:58, elapsed time = 00:01:50, memory = 5909.69 (MB), peak = 13118.45 (MB)

[INFO DRT-0180] Post processing.
Took 125 seconds: detailed_route -output_drc ./reports/asap7/aes-mbff/modified_alpha_2-beta_0.1/5_route_drc.rpt -output_maze ./results/asap7/aes-mbff/modified_alpha_2-beta_0.1/maze.log -droute_end_iter 64 -verbose 1 -drc_report_iter_step 5
[WARNING GRT-0246] No diode with LEF class CORE ANTENNACELL found.
[INFO ANT-0002] Found 0 net violations.
[INFO ANT-0001] Found 0 pin violations.
[INFO ANT-0002] Found 0 net violations.
[INFO ANT-0001] Found 0 pin violations.
write_db ./results/asap7/aes-mbff/modified_alpha_2-beta_0.1/5_2_route.odb
Elapsed time: 2:07.20[h:]min:sec. CPU time: user 2326.07 sys 97.54 (1905%). Peak memory: 13433288KB.
Log                        Elapsed/s Peak Memory/MB  sha1sum .odb [0:20)
5_2_route                        127          13118 28316b01e2c342a33e42
