OpenROAD fe1aa0f9d0254fac87b82c886c04ee1544e46885 
Features included (+) or not (-): +GPU +GUI +Python
This program is licensed under the BSD-3 license. See the LICENSE file for details.
Components of this program may be licensed under more restrictive licenses which must be honored.
[INFO ORD-0030] Using 32 thread(s).
source /home/lucast/workspace/OR-flow-TCC/flow/platforms/asap7/liberty_suppressions.tcl
read_liberty /home/lucast/workspace/OR-flow-TCC/flow/platforms/asap7/lib/NLDM/asap7sc7p5t_AO_RVT_FF_nldm_211120.lib.gz
read_liberty /home/lucast/workspace/OR-flow-TCC/flow/platforms/asap7/lib/NLDM/asap7sc7p5t_INVBUF_RVT_FF_nldm_220122.lib.gz
read_liberty /home/lucast/workspace/OR-flow-TCC/flow/platforms/asap7/lib/NLDM/asap7sc7p5t_OA_RVT_FF_nldm_211120.lib.gz
read_liberty /home/lucast/workspace/OR-flow-TCC/flow/platforms/asap7/lib/NLDM/asap7sc7p5t_SIMPLE_RVT_FF_nldm_211120.lib.gz
read_liberty /home/lucast/workspace/OR-flow-TCC/flow/platforms/asap7/lib/NLDM/asap7sc7p5t_SEQ_RVT_FF_nldm_220123.lib
read_liberty /home/lucast/workspace/OR-flow-TCC/flow/platforms/asap7/lib/NLDM/asap7sc7p5t_DFFHQNH2V2X_RVT_TT_nldm_FAKE.lib
read_liberty /home/lucast/workspace/OR-flow-TCC/flow/platforms/asap7/lib/NLDM/asap7sc7p5t_DFFHQNV2X_RVT_TT_nldm_FAKE.lib
read_db ./results/asap7/aes/baseline_alpha_8-beta_0.1/3_2_place_iop.odb
source /home/lucast/workspace/OR-flow-TCC/flow/platforms/asap7/setRC.tcl
[INFO RSZ-0026] Removed 974 buffers.
Perform port buffering...
[INFO RSZ-0027] Inserted 258 BUFx2_ASAP7_75t_R input buffers.
[INFO RSZ-0028] Inserted 129 BUFx2_ASAP7_75t_R output buffers.
global_placement -density 0.65 -pad_left 0 -pad_right 0 -routability_driven -timing_driven -force_center_initial_place -min_phi_coef 0.95 -max_phi_coef 1.05
[INFO GPL-0001] ---- Initialize GPL Main Data Structures
[INFO GPL-0002] DBU: 1000
[INFO GPL-0003] SiteSize: (  0.054  0.270 ) um
[INFO GPL-0004] CoreBBox: (  2.052  2.160 ) ( 50.598 50.490 ) um
[INFO GPL-0036] Movable instances area:       1611.746 um^2
[INFO GPL-0037] Total instances area:         1624.810 um^2
[INFO GPL-0035] Pin density area adjust:       123.363 um^2
[INFO GPL-0032] ---- Initialize Region: Top-level
[INFO GPL-0006] Number of instances:             15250
[INFO GPL-0007] Movable instances:               14802
[INFO GPL-0008] Fixed instances:                   448
[INFO GPL-0009] Dummy instances:                     0
[INFO GPL-0010] Number of nets:                  15352
[INFO GPL-0011] Number of pins:                  50287
[INFO GPL-0012] Die BBox:  (  0.000  0.000 ) ( 52.642 52.642 ) um
[INFO GPL-0013] Core BBox: (  2.052  2.160 ) ( 50.598 50.490 ) um
[INFO GPL-0016] Core area:                    2346.228 um^2
[INFO GPL-0014] Region name: top-level.
[INFO GPL-0015] Region area:                  2346.228 um^2
[INFO GPL-0017] Fixed instances area:           13.064 um^2
[INFO GPL-0018] Movable instances area:       1735.109 um^2
[INFO GPL-0019] Utilization:                    74.367 %
[INFO GPL-0020] Standard cells area:          1735.109 um^2
[INFO GPL-0021] Large instances area:            0.000 um^2
[INFO GPL-0005] ---- Execute Conjugate Gradient Initial Placement.
[INFO GPL-0051] Source of initial instance position counters:
	Odb location = 0	Core center = 14802	Region center = 0
[InitialPlace]  Iter: 1 conjugate gradient residual: 0.00003033 HPWL: 54009204
[InitialPlace]  Iter: 2 conjugate gradient residual: 0.00003095 HPWL: 24728068
[InitialPlace]  Iter: 3 conjugate gradient residual: 0.00000216 HPWL: 24607573
[InitialPlace]  Iter: 4 conjugate gradient residual: 0.00000325 HPWL: 24753391
[InitialPlace]  Iter: 5 conjugate gradient residual: 0.00000121 HPWL: 24766355
[INFO GPL-0033] ---- Initialize Nesterov Region: Top-level
[WARNING GPL-0302] Target density 0.6500 is too low for the available free area.
Automatically adjusting to uniform density 0.7500.
[INFO GPL-0023] Placement target density:       0.7500
[INFO GPL-0024] Movable insts average area:      0.117 um^2
[INFO GPL-0025] Ideal bin area:                  0.156 um^2
[INFO GPL-0026] Ideal bin count:                 15011
[INFO GPL-0027] Total bin area:               2346.228 um^2
[INFO GPL-0028] Bin count (X, Y):          64 ,     64
[INFO GPL-0029] Bin size (W * H):       0.759 *  0.755 um
[INFO GPL-0030] Number of bins:                   4096
[INFO GPL-0007] ---- Execute Nesterov Global Placement.
[INFO GPL-0031] HPWL: Half-Perimeter Wirelength
Iteration | Overflow |     HPWL (um) |  HPWL(%) |   Penalty | Group
---------------------------------------------------------------
        0 |   0.8904 |  2.151529e+04 |   +0.00% |  1.76e-12 |      
       10 |   0.8286 |  1.679495e+04 |  -21.94% |  2.87e-12 |      
       20 |   0.7961 |  1.741947e+04 |   +3.72% |  4.68e-12 |      
       30 |   0.7934 |  1.733488e+04 |   -0.49% |  7.62e-12 |      
       40 |   0.7961 |  1.707925e+04 |   -1.47% |  1.24e-11 |      
       50 |   0.7941 |  1.705472e+04 |   -0.14% |  2.02e-11 |      
       60 |   0.7907 |  1.708572e+04 |   +0.18% |  3.29e-11 |      
       70 |   0.7879 |  1.708384e+04 |   -0.01% |  5.36e-11 |      
       80 |   0.7868 |  1.708387e+04 |   +0.00% |  8.74e-11 |      
       90 |   0.7846 |  1.711183e+04 |   +0.16% |  1.42e-10 |      
      100 |   0.7825 |  1.716966e+04 |   +0.34% |  2.32e-10 |      
      110 |   0.7806 |  1.724948e+04 |   +0.46% |  3.78e-10 |      
      120 |   0.7779 |  1.735766e+04 |   +0.63% |  6.15e-10 |      
      130 |   0.7751 |  1.752076e+04 |   +0.94% |  1.00e-09 |      
      140 |   0.7683 |  1.778236e+04 |   +1.49% |  1.63e-09 |      
      150 |   0.7597 |  1.820153e+04 |   +2.36% |  2.66e-09 |      
      160 |   0.7484 |  1.888111e+04 |   +3.73% |  4.33e-09 |      
      170 |   0.7330 |  1.988325e+04 |   +5.31% |  7.05e-09 |      
      180 |   0.7168 |  2.124075e+04 |   +6.83% |  1.15e-08 |      
      190 |   0.7024 |  2.289992e+04 |   +7.81% |  1.87e-08 |      
      200 |   0.6797 |  2.476387e+04 |   +8.14% |  3.05e-08 |      
      210 |   0.6549 |  2.641694e+04 |   +6.68% |  4.96e-08 |      
[INFO GPL-0100] Timing-driven iteration 1/2, virtual: false.
[INFO GPL-0101]    Iter: 220, overflow: 0.633, keep resizer changes at: 1, HPWL: 27460176
Iteration |   Area    | Resized | Buffers | Nets repaired | Remaining
---------------------------------------------------------------------
        0 |     +0.0% |       0 |       0 |             0 |     15352
    final |     +1.2% |      23 |      63 |            34 |         0
---------------------------------------------------------------------
[INFO RSZ-0034] Found 33 slew violations.
[INFO RSZ-0036] Found 14 capacitance violations.
[INFO RSZ-0039] Resized 23 instances.
[INFO RSZ-0038] Inserted 63 buffers in 34 nets.
   Iter   |    Area   | Removed | Inserted |   Pins
          |           | Buffers | Buffers  | Remaining
-------------------------------------------------------
        0 |     +0.0% |       0 |        0 |     15093
     1500 |     +0.0% |       0 |        0 |     13593
     3000 |     +0.0% |       0 |        1 |     12093
     4500 |     +0.1% |       0 |       12 |     10593
     6000 |     +0.4% |       0 |       79 |      9093
     7500 |     +1.2% |       0 |      221 |      7593
     9000 |     +2.6% |       0 |      472 |      6093
    10500 |     +5.7% |       0 |     1026 |      4593
    12000 |    +16.2% |      46 |     2921 |      3093
    13500 |    +16.9% |      49 |     3074 |      1593
    15000 |    +18.6% |      60 |     3415 |        93
    final |    +18.6% |      63 |     3423 |         0
-------------------------------------------------------
[INFO GPL-0106] Timing-driven: worst slack -1.21e-11
[INFO GPL-0107] Timing-driven: repair_design delta area: 326.098 um^2 (+18.79%)
[INFO GPL-0108] Timing-driven: repair_design, gpl delta gcells: 3423 (+23.13%)
[INFO GPL-0109] Timing-driven: repair_design, gcells created: 3486, deleted: 63
[INFO GPL-0110] Timing-driven: new target density: 0.8897665
Iteration | Overflow |     HPWL (um) |  HPWL(%) |   Penalty | Group
---------------------------------------------------------------
      220 |   0.6440 |  3.131790e+04 |  +18.55% |  8.08e-08 |      
[INFO GPL-0038] Routability snapshot saved at iter = 227
      226 |   0.5982 |  3.466847e+04 |          |           |      
      230 |   0.5816 |  3.518309e+04 |  +12.34% |  1.31e-07 |      
      240 |   0.5752 |  3.477252e+04 |   -1.17% |  2.14e-07 |      
      250 |   0.5275 |  3.702568e+04 |   +6.48% |  3.49e-07 |      
      260 |   0.4944 |  3.806473e+04 |   +2.81% |  5.68e-07 |      
      270 |   0.4509 |  3.973422e+04 |   +4.39% |  9.25e-07 |      
      280 |   0.4057 |  4.095000e+04 |   +3.06% |  1.51e-06 |      
      290 |   0.3525 |  4.241760e+04 |   +3.58% |  2.45e-06 |      
      300 |   0.2992 |  4.352138e+04 |   +2.60% |  3.69e-06 |      
[INFO GPL-0040] Routability iteration: 1
[INFO GPL-0041] Total routing overflow: 0.0000
[INFO GPL-0042] Number of overflowed tiles: 0 (0.00%)
[INFO GPL-0043] Average top 0.5% routing congestion: 0.8994
[INFO GPL-0044] Average top 1.0% routing congestion: 0.8709
[INFO GPL-0045] Average top 2.0% routing congestion: 0.8353
[INFO GPL-0046] Average top 5.0% routing congestion: 0.7806
[INFO GPL-0047] Routability iteration weighted routing congestion: 0.8852
[INFO GPL-0050] Weighted routing congestion is lower than target routing congestion(1.0100), end routability optimization.
[INFO GPL-0090] Routability finished. Target routing congestion achieved succesfully.
Iteration | Overflow |     HPWL (um) |  HPWL(%) |   Penalty | Group
---------------------------------------------------------------
      310 |   0.2504 |  4.449624e+04 |   +2.24% |  5.43e-06 |      
      320 |   0.2022 |  4.537994e+04 |   +1.99% |  8.00e-06 |      
[INFO GPL-0100] Timing-driven iteration 2/2, virtual: false.
[INFO GPL-0101]    Iter: 323, overflow: 0.194, keep resizer changes at: 1, HPWL: 45516122
Iteration |   Area    | Resized | Buffers | Nets repaired | Remaining
---------------------------------------------------------------------
        0 |     +0.0% |       0 |       0 |             0 |     18775
    final |     +0.0% |       0 |       0 |             0 |         0
---------------------------------------------------------------------
   Iter   |    Area   | Removed | Inserted |   Pins
          |           | Buffers | Buffers  | Remaining
-------------------------------------------------------
        0 |     +0.0% |       0 |        0 |     15093
     1500 |     +0.0% |       0 |        0 |     13593
     3000 |     -0.0% |       1 |        0 |     12093
     4500 |     -0.0% |      12 |        9 |     10593
     6000 |     -0.3% |      79 |       24 |      9093
     7500 |     -0.7% |     221 |       72 |      7593
     9000 |     -1.5% |     472 |      140 |      6093
    10500 |     -3.3% |    1026 |      313 |      4593
    12000 |     -8.5% |    2921 |     1114 |      3093
    13500 |     -8.9% |    3074 |     1178 |      1593
    15000 |     -9.4% |    3415 |     1397 |        93
    final |     -9.4% |    3423 |     1405 |         0
-------------------------------------------------------
[INFO GPL-0106] Timing-driven: worst slack -3.03e-11
[INFO GPL-0107] Timing-driven: repair_design delta area: -183.591 um^2 (-8.91%)
[INFO GPL-0108] Timing-driven: repair_design, gpl delta gcells: -2018 (-11.07%)
[INFO GPL-0109] Timing-driven: repair_design, gcells created: 1405, deleted: 3423
[INFO GPL-0110] Timing-driven: new target density: 0.8110788
Iteration | Overflow |     HPWL (um) |  HPWL(%) |   Penalty | Group
---------------------------------------------------------------
      330 |   0.1703 |  4.469989e+04 |   -1.50% |  1.18e-05 |      
      340 |   0.1452 |  4.464462e+04 |   -0.12% |  1.74e-05 |      
      350 |   0.1189 |  4.475901e+04 |   +0.26% |  2.56e-05 |      
      359 |   0.0999 |  4.482103e+04 |          |  3.77e-05 |      
---------------------------------------------------------------
[INFO GPL-1001] Global placement finished at iteration 359
[INFO GPL-1003] Routability mode iteration count: 73
[INFO GPL-1005] Routability final weighted congestion: 0.7869
[INFO GPL-1002] Placed Cell Area             1877.6160
[INFO GPL-1003] Available Free Area          2333.1645
[INFO GPL-1004] Minimum Feasible Density        0.7500 (cell_area / free_area)
[INFO GPL-1006]   Suggested Target Densities:
[INFO GPL-1007]     - For 90% usage of free space: 0.8942
[INFO GPL-1008]     - For 80% usage of free space: 1.0059
[INFO GPL-1011] Original area (um^2): 1735.11
[INFO GPL-1012] Total routability artificial inflation: 0.00 (+0.00%)
[INFO GPL-1013] Total timing-driven delta area: 142.51 (+8.21%)
[INFO GPL-1014] Final placement area: 1877.62 (+8.21%)
Took 8 seconds: global_placement -density 0.65 -pad_left 0 -pad_right 0 -routability_driven -timing_driven -force_center_initial_place -min_phi_coef 0.95 -max_phi_coef 1.05
estimate_parasitics -placement
Alpha = 8.0, Beta = 0.1, #paths = 0, max size = 500
Total ILP Cost: 4087.058
Total Timing Critical Path Displacement: 0.0
Average slot-to-flop displacement: 0.537
Final Objective Value: 4087.058
Sizes used
  1-bit: 106
  2-bit: 12
  4-bit: 108
estimate_parasitics -placement
Report metrics stage 3, global place...

==========================================================================
global place report_design_area
--------------------------------------------------------------------------
Design area 1767 um^2 75% utilization.
write_db ./results/asap7/aes/baseline_alpha_8-beta_0.1/3_3_place_gp.odb
Elapsed time: 0:13.11[h:]min:sec. CPU time: user 75.45 sys 14.82 (688%). Peak memory: 533880KB.
Log                        Elapsed/s Peak Memory/MB  sha1sum .odb [0:20)
3_3_place_gp                      13            521 e42e5b7bef15548afbf2
