OpenROAD fe1aa0f9d0254fac87b82c886c04ee1544e46885 
Features included (+) or not (-): +GPU +GUI +Python
This program is licensed under the BSD-3 license. See the LICENSE file for details.
Components of this program may be licensed under more restrictive licenses which must be honored.
[INFO ORD-0030] Using 32 thread(s).
source /home/lucast/workspace/OR-flow-TCC/flow/platforms/asap7/liberty_suppressions.tcl
read_liberty /home/lucast/workspace/OR-flow-TCC/flow/platforms/asap7/lib/NLDM/asap7sc7p5t_AO_LVT_FF_nldm_211120.lib.gz
read_liberty /home/lucast/workspace/OR-flow-TCC/flow/platforms/asap7/lib/NLDM/asap7sc7p5t_INVBUF_LVT_FF_nldm_220122.lib.gz
read_liberty /home/lucast/workspace/OR-flow-TCC/flow/platforms/asap7/lib/NLDM/asap7sc7p5t_OA_LVT_FF_nldm_211120.lib.gz
read_liberty /home/lucast/workspace/OR-flow-TCC/flow/platforms/asap7/lib/NLDM/asap7sc7p5t_SIMPLE_LVT_FF_nldm_211120.lib.gz
read_liberty /home/lucast/workspace/OR-flow-TCC/flow/platforms/asap7/lib/NLDM/asap7sc7p5t_SEQ_LVT_FF_nldm_220123.lib
read_db ./results/asap7/aes_lvt/base/3_2_place_iop.odb
source /home/lucast/workspace/OR-flow-TCC/flow/platforms/asap7/setRC.tcl
[INFO RSZ-0026] Removed 988 buffers.
Perform port buffering...
[INFO RSZ-0027] Inserted 258 BUFx2_ASAP7_75t_L input buffers.
[INFO RSZ-0028] Inserted 129 BUFx2_ASAP7_75t_L output buffers.
global_placement -density 0.65 -pad_left 0 -pad_right 0 -routability_driven -timing_driven -force_center_initial_place -min_phi_coef 0.95 -max_phi_coef 1.05
[INFO GPL-0001] ---- Initialize GPL Main Data Structures
[INFO GPL-0002] DBU: 1000
[INFO GPL-0003] SiteSize: (  0.054  0.270 ) um
[INFO GPL-0004] CoreBBox: (  2.052  2.160 ) ( 66.312 66.150 ) um
[INFO GPL-0036] Movable instances area:       1609.311 um^2
[INFO GPL-0037] Total instances area:         1630.102 um^2
[INFO GPL-0035] Pin density area adjust:       117.348 um^2
[INFO GPL-0032] ---- Initialize Region: Top-level
[INFO GPL-0006] Number of instances:             15630
[INFO GPL-0007] Movable instances:               14917
[INFO GPL-0008] Fixed instances:                   713
[INFO GPL-0009] Dummy instances:                     0
[INFO GPL-0010] Number of nets:                  15467
[INFO GPL-0011] Number of pins:                  50646
[INFO GPL-0012] Die BBox:  (  0.000  0.000 ) ( 68.362 68.362 ) um
[INFO GPL-0013] Core BBox: (  2.052  2.160 ) ( 66.312 66.150 ) um
[INFO GPL-0016] Core area:                    4111.997 um^2
[INFO GPL-0014] Region name: top-level.
[INFO GPL-0015] Region area:                  4111.997 um^2
[INFO GPL-0017] Fixed instances area:           20.791 um^2
[INFO GPL-0018] Movable instances area:       1726.659 um^2
[INFO GPL-0019] Utilization:                    42.204 %
[INFO GPL-0020] Standard cells area:          1726.659 um^2
[INFO GPL-0021] Large instances area:            0.000 um^2
[INFO GPL-0005] ---- Execute Conjugate Gradient Initial Placement.
[INFO GPL-0051] Source of initial instance position counters:
	Odb location = 0	Core center = 14917	Region center = 0
[InitialPlace]  Iter: 1 conjugate gradient residual: 0.00003625 HPWL: 60069742
[InitialPlace]  Iter: 2 conjugate gradient residual: 0.00000959 HPWL: 27857385
[InitialPlace]  Iter: 3 conjugate gradient residual: 0.00000054 HPWL: 27822961
[InitialPlace]  Iter: 4 conjugate gradient residual: 0.00000095 HPWL: 27940971
[InitialPlace]  Iter: 5 conjugate gradient residual: 0.00000149 HPWL: 27957528
[INFO GPL-0033] ---- Initialize Nesterov Region: Top-level
[INFO GPL-0023] Placement target density:       0.6500
[INFO GPL-0024] Movable insts average area:      0.116 um^2
[INFO GPL-0025] Ideal bin area:                  0.178 um^2
[INFO GPL-0026] Ideal bin count:                 23090
[INFO GPL-0027] Total bin area:               4111.997 um^2
[INFO GPL-0028] Bin count (X, Y):         128 ,    128
[INFO GPL-0029] Bin size (W * H):       0.502 *  0.500 um
[INFO GPL-0030] Number of bins:                  16384
[INFO GPL-0007] ---- Execute Nesterov Global Placement.
[INFO GPL-0031] HPWL: Half-Perimeter Wirelength
Iteration | Overflow |     HPWL (um) |  HPWL(%) |   Penalty | Group
---------------------------------------------------------------
        0 |   0.9074 |  2.634105e+04 |   +0.00% |  1.08e-12 |      
       10 |   0.8376 |  2.146674e+04 |  -18.50% |  1.76e-12 |      
       20 |   0.7931 |  2.241755e+04 |   +4.43% |  2.87e-12 |      
       30 |   0.7888 |  2.235249e+04 |   -0.29% |  4.68e-12 |      
       40 |   0.7934 |  2.196920e+04 |   -1.71% |  7.62e-12 |      
       50 |   0.7938 |  2.181173e+04 |   -0.72% |  1.24e-11 |      
       60 |   0.7911 |  2.185254e+04 |   +0.19% |  2.02e-11 |      
       70 |   0.7890 |  2.189936e+04 |   +0.21% |  3.29e-11 |      
       80 |   0.7877 |  2.192256e+04 |   +0.11% |  5.36e-11 |      
       90 |   0.7863 |  2.194556e+04 |   +0.10% |  8.73e-11 |      
      100 |   0.7850 |  2.200941e+04 |   +0.29% |  1.42e-10 |      
      110 |   0.7835 |  2.211415e+04 |   +0.48% |  2.32e-10 |      
      120 |   0.7820 |  2.223934e+04 |   +0.57% |  3.77e-10 |      
      130 |   0.7782 |  2.240203e+04 |   +0.73% |  6.15e-10 |      
      140 |   0.7748 |  2.267580e+04 |   +1.22% |  1.00e-09 |      
      150 |   0.7692 |  2.312549e+04 |   +1.98% |  1.63e-09 |      
      160 |   0.7611 |  2.381146e+04 |   +2.97% |  2.66e-09 |      
      170 |   0.7489 |  2.468462e+04 |   +3.67% |  4.33e-09 |      
      180 |   0.7360 |  2.569753e+04 |   +4.10% |  7.05e-09 |      
      190 |   0.7205 |  2.713672e+04 |   +5.60% |  1.15e-08 |      
      200 |   0.7017 |  2.895541e+04 |   +6.70% |  1.87e-08 |      
      210 |   0.6837 |  3.000231e+04 |   +3.62% |  3.04e-08 |      
      220 |   0.6638 |  3.130572e+04 |   +4.34% |  4.96e-08 |      
      230 |   0.6407 |  3.216472e+04 |   +2.74% |  8.08e-08 |      
[INFO GPL-0100] Timing-driven iteration 1/2, virtual: false.
[INFO GPL-0101]    Iter: 234, overflow: 0.633, keep resizer changes at: 1, HPWL: 32526910
Iteration |   Area    | Resized | Buffers | Nets repaired | Remaining
---------------------------------------------------------------------
        0 |     +0.0% |       0 |       0 |             0 |     15467
    final |     +2.0% |      10 |     111 |            42 |         0
---------------------------------------------------------------------
[INFO RSZ-0034] Found 41 slew violations.
[INFO RSZ-0036] Found 36 capacitance violations.
[INFO RSZ-0039] Resized 10 instances.
[INFO RSZ-0038] Inserted 111 buffers in 42 nets.
   Iter   |    Area   | Removed | Inserted |   Pins
          |           | Buffers | Buffers  | Remaining
-------------------------------------------------------
        0 |     +0.0% |       0 |        0 |     15208
     1500 |     +0.0% |       0 |        0 |     13708
     3000 |     +0.0% |       0 |        1 |     12208
     4500 |     +0.1% |       0 |       26 |     10708
     6000 |     +0.6% |       0 |      116 |      9208
     7500 |     +1.7% |       0 |      310 |      7708
     9000 |     +2.9% |       0 |      541 |      6208
    10500 |     +5.9% |       0 |     1075 |      4708
    12000 |    +14.2% |      93 |     2727 |      3208
    13500 |    +15.7% |      95 |     2987 |      1708
    15000 |    +16.7% |     106 |     3199 |       208
    final |    +16.6% |     111 |     3208 |         0
-------------------------------------------------------
[INFO GPL-0106] Timing-driven: worst slack 2.95e-11
[INFO GPL-0107] Timing-driven: repair_design delta area: 309.110 um^2 (+17.90%)
[INFO GPL-0108] Timing-driven: repair_design, gpl delta gcells: 3208 (+21.51%)
[INFO GPL-0109] Timing-driven: repair_design, gcells created: 3319, deleted: 111
[INFO GPL-0110] Timing-driven: new target density: 0.72555476
Iteration | Overflow |     HPWL (um) |  HPWL(%) |   Penalty | Group
---------------------------------------------------------------
      240 |   0.6042 |  4.003814e+04 |  +24.48% |  1.31e-07 |      
[INFO GPL-0038] Routability snapshot saved at iter = 242
      241 |   0.5979 |  4.036602e+04 |          |           |      
      250 |   0.5835 |  4.037709e+04 |   +0.85% |  2.14e-07 |      
      260 |   0.5462 |  4.212958e+04 |   +4.34% |  3.49e-07 |      
      270 |   0.5030 |  4.368356e+04 |   +3.69% |  5.68e-07 |      
      280 |   0.4568 |  4.525356e+04 |   +3.59% |  9.25e-07 |      
      290 |   0.4022 |  4.680937e+04 |   +3.44% |  1.51e-06 |      
      300 |   0.3348 |  4.862084e+04 |   +3.87% |  2.43e-06 |      
[INFO GPL-0040] Routability iteration: 1
[INFO GPL-0041] Total routing overflow: 0.0000
[INFO GPL-0042] Number of overflowed tiles: 0 (0.00%)
[INFO GPL-0043] Average top 0.5% routing congestion: 0.8089
[INFO GPL-0044] Average top 1.0% routing congestion: 0.7824
[INFO GPL-0045] Average top 2.0% routing congestion: 0.7522
[INFO GPL-0046] Average top 5.0% routing congestion: 0.7041
[INFO GPL-0047] Routability iteration weighted routing congestion: 0.7956
[INFO GPL-0050] Weighted routing congestion is lower than target routing congestion(1.0100), end routability optimization.
[INFO GPL-0090] Routability finished. Target routing congestion achieved succesfully.
Iteration | Overflow |     HPWL (um) |  HPWL(%) |   Penalty | Group
---------------------------------------------------------------
      310 |   0.2804 |  5.005867e+04 |   +2.96% |  3.58e-06 |      
      320 |   0.2433 |  5.092145e+04 |   +1.72% |  5.27e-06 |      
      330 |   0.2068 |  5.175687e+04 |   +1.64% |  7.76e-06 |      
[INFO GPL-0100] Timing-driven iteration 2/2, virtual: false.
[INFO GPL-0101]    Iter: 336, overflow: 0.193, keep resizer changes at: 1, HPWL: 52085875
Iteration |   Area    | Resized | Buffers | Nets repaired | Remaining
---------------------------------------------------------------------
        0 |     +0.0% |       0 |       0 |             0 |     18675
    final |     +0.0% |       0 |       0 |             0 |         0
---------------------------------------------------------------------
   Iter   |    Area   | Removed | Inserted |   Pins
          |           | Buffers | Buffers  | Remaining
-------------------------------------------------------
        0 |     +0.0% |       0 |        0 |     15208
     1500 |     +0.0% |       0 |        0 |     13708
     3000 |     -0.0% |       1 |        0 |     12208
     4500 |     -0.1% |      26 |        0 |     10708
     6000 |     -0.5% |     116 |        1 |      9208
     7500 |     -1.4% |     310 |       13 |      7708
     9000 |     -2.5% |     541 |       15 |      6208
    10500 |     -4.9% |    1075 |       40 |      4708
    12000 |    -11.1% |    2727 |      461 |      3208
    13500 |    -11.9% |    2987 |      544 |      1708
    15000 |    -12.4% |    3199 |      654 |       208
    final |    -12.4% |    3208 |      662 |         0
-------------------------------------------------------
[INFO GPL-0106] Timing-driven: worst slack -2.15e-11
[INFO GPL-0107] Timing-driven: repair_design delta area: -240.103 um^2 (-11.79%)
[INFO GPL-0108] Timing-driven: repair_design, gpl delta gcells: -2546 (-14.05%)
[INFO GPL-0109] Timing-driven: repair_design, gcells created: 662, deleted: 3208
[INFO GPL-0110] Timing-driven: new target density: 0.6668671
Iteration | Overflow |     HPWL (um) |  HPWL(%) |   Penalty | Group
---------------------------------------------------------------
      340 |   0.1998 |  4.948811e+04 |   -4.38% |  1.14e-05 |      
      350 |   0.1665 |  4.946648e+04 |   -0.04% |  1.68e-05 |      
      360 |   0.1408 |  4.915018e+04 |   -0.64% |  2.48e-05 |      
      370 |   0.1197 |  4.903852e+04 |   -0.23% |  3.65e-05 |      
      380 |   0.1034 |  4.906586e+04 |   +0.06% |  5.38e-05 |      
      383 |   0.0983 |  4.908116e+04 |          |  6.29e-05 |      
---------------------------------------------------------------
[INFO GPL-1001] Global placement finished at iteration 383
[INFO GPL-1003] Routability mode iteration count: 64
[INFO GPL-1005] Routability final weighted congestion: 0.7398
[INFO GPL-1002] Placed Cell Area             1795.6661
[INFO GPL-1003] Available Free Area          4091.2063
[INFO GPL-1004] Minimum Feasible Density        0.4300 (cell_area / free_area)
[INFO GPL-1006]   Suggested Target Densities:
[INFO GPL-1007]     - For 90% usage of free space: 0.4877
[INFO GPL-1008]     - For 80% usage of free space: 0.5486
[INFO GPL-1009]     - For 50% usage of free space: 0.8778
[INFO GPL-1011] Original area (um^2): 1726.66
[INFO GPL-1012] Total routability artificial inflation: 0.00 (+0.00%)
[INFO GPL-1013] Total timing-driven delta area: 69.01 (+4.00%)
[INFO GPL-1014] Final placement area: 1795.67 (+4.00%)
Took 9 seconds: global_placement -density 0.65 -pad_left 0 -pad_right 0 -routability_driven -timing_driven -force_center_initial_place -min_phi_coef 0.95 -max_phi_coef 1.05
estimate_parasitics -placement
Report metrics stage 3, global place...

==========================================================================
global place report_design_area
--------------------------------------------------------------------------
Design area 1699 um^2 41% utilization.
write_db ./results/asap7/aes_lvt/base/3_3_place_gp.odb
Elapsed time: 0:10.64[h:]min:sec. CPU time: user 88.37 sys 12.78 (949%). Peak memory: 561840KB.
Log                        Elapsed/s Peak Memory/MB  sha1sum .odb [0:20)
3_3_place_gp                      10            548 f83cb102813312bb6265
