violation type: Metal Spacing
	srcs: net:_006562_ net:VSS
	bbox = (23.9970, 139.3030) - (24.0120, 139.3370) on Layer M3
violation type: Metal Spacing
	srcs: net:net43156 net:_066969_
	bbox = (83.4710, 59.2020) - (83.4790, 59.2200) on Layer M2
violation type: Metal Spacing
	srcs: net:net41967 net:VSS
	bbox = (83.3970, 58.8760) - (83.4120, 58.8770) on Layer M3
violation type: Metal Spacing
	srcs: net:net41951 net:VSS
	bbox = (83.3970, 91.7830) - (83.4120, 91.8170) on Layer M3
violation type: Metal Spacing
	srcs: net:VDD net:net47300
	bbox = (83.4920, 79.1220) - (83.5960, 79.1520) on Layer M4
violation type: Metal Spacing
	srcs: net:_050740_ net:VDD
	bbox = (67.3890, 101.2330) - (67.3920, 101.2670) on Layer M3
violation type: Metal Spacing
	srcs: net:net42454 net:VSS
	bbox = (67.1970, 96.1030) - (67.2120, 96.1370) on Layer M3
violation type: Metal Spacing
	srcs: net:net41747 net:VSS
	bbox = (83.3970, 59.9230) - (83.4120, 59.9570) on Layer M3
violation type: Short
	srcs: net:net46028 net:net46041
	bbox = (72.6070, 67.1040) - (72.9410, 67.1220) on Layer M2
violation type: Short
	srcs: net:net43643 net:net46041
	bbox = (72.5260, 67.1040) - (72.5630, 67.1220) on Layer M2
violation type: Short
	srcs: net:_056177_ net:net45986
	bbox = (72.6480, 67.1710) - (72.6660, 67.3610) on Layer M3
violation type: Short
	srcs: net:_066991_ net:net37493
	bbox = (83.6500, 58.9320) - (83.6510, 58.9500) on Layer M2
violation type: Short
	srcs: net:_066969_ net:VDD
	bbox = (83.4990, 59.1130) - (83.5020, 59.1470) on Layer M3
violation type: Short
	srcs: net:VDD net:net45975
	bbox = (72.6990, 99.0730) - (72.7020, 99.1070) on Layer M3
violation type: Lef58SpacingEndOfLine
	srcs: net:_056069_ net:_056177_
	bbox = (72.6170, 67.0320) - (72.6430, 67.0500) on Layer M2
violation type: Lef58SpacingEndOfLine
	srcs: net:net43156 net:_066969_
	bbox = (83.4710, 59.2020) - (83.4790, 59.2200) on Layer M2
violation type: Lef58EolKeepOut
	srcs: net:_056069_ net:_056177_
	bbox = (72.6170, 67.0500) - (72.6430, 67.0500) on Layer M2
violation type: Lef58EolKeepOut
	srcs: net:_056069_ net:_056177_
	bbox = (72.6170, 67.0320) - (72.6430, 67.0500) on Layer M2
violation type: Lef58EolKeepOut
	srcs: net:_056069_ net:_056177_
	bbox = (72.6170, 67.0320) - (72.6430, 67.0320) on Layer M2
violation type: Lef58EolKeepOut
	srcs: net:net43156 net:_066969_
	bbox = (83.4710, 59.2020) - (83.4790, 59.2020) on Layer M2
violation type: Lef58EolKeepOut
	srcs: net:net43156 net:_066969_
	bbox = (83.4710, 59.2200) - (83.4790, 59.2200) on Layer M2
violation type: Lef58EolKeepOut
	srcs: net:net43156 net:_066969_
	bbox = (83.4710, 59.2020) - (83.4790, 59.2200) on Layer M2
