
==========================================================================
cts final report_tns
--------------------------------------------------------------------------
tns max -412.07

==========================================================================
cts final report_wns
--------------------------------------------------------------------------
wns max -31.27

==========================================================================
cts final report_worst_slack
--------------------------------------------------------------------------
worst slack max -31.27

==========================================================================
cts final report_clock_min_period
--------------------------------------------------------------------------
core_clock period_min = 1031.27 fmax = 969.68

==========================================================================
cts final report_clock_skew
--------------------------------------------------------------------------
Clock core_clock
 160.44 source latency cs_registers_i.mcycle_counter_i.counter_val_o[33]$_DFFE_PN0P_/CLK ^
-124.65 target latency gen_regfile_ff.register_file_i.rf_reg[65]$_DFFE_PN0P_/CLK ^
   0.00 CRPR
--------------
  35.79 setup skew


==========================================================================
cts final report_checks -path_delay min
--------------------------------------------------------------------------
Startpoint: rst_ni (input port clocked by core_clock)
Endpoint: cs_registers_i.mcycle_counter_i.counter_val_o[54]$_DFFE_PN0P_
          (removal check against rising-edge clock core_clock)
Path Group: asynchronous
Path Type: min

Fanout     Cap    Slew   Delay    Time   Description
-----------------------------------------------------------------------------
                          0.00    0.00   clock core_clock (rise edge)
                          0.00    0.00   clock network delay (propagated)
                        200.00  200.00 ^ input external delay
     1    1.26    0.00    0.00  200.00 ^ rst_ni (in)
                                         rst_ni (net)
                  0.27    0.09  200.09 ^ input1829/A (BUFx8_ASAP7_75t_R)
    49   61.10   58.75   21.81  221.90 ^ input1829/Y (BUFx8_ASAP7_75t_R)
                                         net1828 (net)
                 61.81    6.63  228.52 ^ cs_registers_i.mcycle_counter_i.counter_val_o[54]$_DFFE_PN0P_/RESETN (DFFASRHQNx1_ASAP7_75t_R)
                                228.52   data arrival time

                          0.00    0.00   clock core_clock (rise edge)
                          0.00    0.00   clock source latency
     2   13.56    0.00    0.00    0.00 ^ clk_i (in)
                                         clk_i (net)
                 51.88   16.37   16.37 ^ clkbuf_0_clk_i/A (BUFx16f_ASAP7_75t_R)
     1    2.89    7.21   22.74   39.10 ^ clkbuf_0_clk_i/Y (BUFx16f_ASAP7_75t_R)
                                         clknet_0_clk_i (net)
                  7.23    0.36   39.46 ^ clkbuf_1_0__f_clk_i/A (BUFx16f_ASAP7_75t_R)
     1    0.64    4.62   12.93   52.39 ^ clkbuf_1_0__f_clk_i/Y (BUFx16f_ASAP7_75t_R)
                                         clknet_1_0__leaf_clk_i (net)
                  4.62    0.03   52.42 ^ _23024_/A (AND2x2_ASAP7_75t_R)
     1    2.82   13.47   16.86   69.28 ^ _23024_/Y (AND2x2_ASAP7_75t_R)
                                         _08202_ (net)
                 13.49    0.29   69.57 ^ clkbuf_0__08202_/A (BUFx16f_ASAP7_75t_R)
     4   19.42   14.99   16.91   86.48 ^ clkbuf_0__08202_/Y (BUFx16f_ASAP7_75t_R)
                                         clknet_0__08202_ (net)
                 24.12    6.07   92.54 ^ clkbuf_2_3__f__08202_/A (BUFx16f_ASAP7_75t_R)
    15   51.24   31.36   24.41  116.95 ^ clkbuf_2_3__f__08202_/Y (BUFx16f_ASAP7_75t_R)
                                         clknet_2_3__leaf__08202_ (net)
                 43.82   10.32  127.27 ^ clkbuf_leaf_25__08202_/A (BUFx24_ASAP7_75t_R)
    20   15.19   13.08   28.23  155.50 ^ clkbuf_leaf_25__08202_/Y (BUFx24_ASAP7_75t_R)
                                         clknet_leaf_25__08202_ (net)
                 13.21    0.62  156.13 ^ cs_registers_i.mcycle_counter_i.counter_val_o[54]$_DFFE_PN0P_/CLK (DFFASRHQNx1_ASAP7_75t_R)
                          0.00  156.13   clock reconvergence pessimism
                         25.68  181.80   library removal time
                                181.80   data required time
-----------------------------------------------------------------------------
                                181.80   data required time
                               -228.52   data arrival time
-----------------------------------------------------------------------------
                                 46.72   slack (MET)


Startpoint: core_clock_gate_i.en_latch$_DLATCH_N_
            (negative level-sensitive latch clocked by core_clock)
Endpoint: _23024_ (rising clock gating-check end-point clocked by core_clock)
Path Group: gated clock
Path Type: min

Fanout     Cap    Slew   Delay    Time   Description
-----------------------------------------------------------------------------
                        500.00  500.00   clock core_clock (fall edge)
                          0.00  500.00   clock source latency
     2   12.23    0.00    0.00  500.00 v clk_i (in)
                                         clk_i (net)
                 34.61   10.92  510.92 v delaybuf_0_core_clock/A (BUFx16f_ASAP7_75t_R)
     1    6.40    7.34   22.32  533.24 v delaybuf_0_core_clock/Y (BUFx16f_ASAP7_75t_R)
                                         delaynet_0_core_clock (net)
                 17.98    5.25  538.49 v clkbuf_regs_0_core_clock/A (BUFx16f_ASAP7_75t_R)
     1    3.85    6.01   17.72  556.21 v clkbuf_regs_0_core_clock/Y (BUFx16f_ASAP7_75t_R)
                                         clk_i_regs (net)
                  8.01    1.90  558.10 v clkbuf_0_clk_i_regs/A (BUFx16f_ASAP7_75t_R)
     4   16.74   12.42   15.71  573.81 v clkbuf_0_clk_i_regs/Y (BUFx16f_ASAP7_75t_R)
                                         clknet_0_clk_i_regs (net)
                 19.71    4.85  578.66 v clkbuf_2_3__f_clk_i_regs/A (BUFx16f_ASAP7_75t_R)
    15   43.97   25.70   23.38  602.03 v clkbuf_2_3__f_clk_i_regs/Y (BUFx16f_ASAP7_75t_R)
                                         clknet_2_3__leaf_clk_i_regs (net)
                 38.99    9.92  611.96 v clkbuf_leaf_9_clk_i_regs/A (BUFx24_ASAP7_75t_R)
     8   19.12   13.62   29.94  641.90 v clkbuf_leaf_9_clk_i_regs/Y (BUFx24_ASAP7_75t_R)
                                         clknet_leaf_9_clk_i_regs (net)
                 20.24    5.08  646.97 v core_clock_gate_i.en_latch$_DLATCH_N_/CLK (DLLx1_ASAP7_75t_R)
     1    6.55   44.95   40.81  687.78 ^ core_clock_gate_i.en_latch$_DLATCH_N_/Q (DLLx1_ASAP7_75t_R)
                                         core_clock_gate_i.en_latch (net)
                 46.15    4.00  691.79 ^ _23024_/B (AND2x2_ASAP7_75t_R)
                                691.79   data arrival time

                        500.00  500.00   clock core_clock (fall edge)
                          0.00  500.00   clock source latency
     2   13.56    0.00    0.00  500.00 v clk_i (in)
                                         clk_i (net)
                 51.88   16.37  516.37 v clkbuf_0_clk_i/A (BUFx16f_ASAP7_75t_R)
     1    2.89    7.39   25.53  541.89 v clkbuf_0_clk_i/Y (BUFx16f_ASAP7_75t_R)
                                         clknet_0_clk_i (net)
                  7.40    0.36  542.25 v clkbuf_1_0__f_clk_i/A (BUFx16f_ASAP7_75t_R)
     1    0.63    4.54   13.76  556.01 v clkbuf_1_0__f_clk_i/Y (BUFx16f_ASAP7_75t_R)
                                         clknet_1_0__leaf_clk_i (net)
                  4.54    0.03  556.04 v _23024_/A (AND2x2_ASAP7_75t_R)
                          0.00  556.04   clock reconvergence pessimism
                          0.00  556.04   clock gating hold time
                                556.04   data required time
-----------------------------------------------------------------------------
                                556.04   data required time
                               -691.79   data arrival time
-----------------------------------------------------------------------------
                                135.74   slack (MET)


Startpoint: id_stage_i.controller_i.ctrl_fsm_cs[3]$_DFF_PN0_
            (rising edge-triggered flip-flop clocked by core_clock)
Endpoint: id_stage_i.controller_i.ctrl_fsm_cs[8]$_DFF_PN0_
          (rising edge-triggered flip-flop clocked by core_clock)
Path Group: core_clock
Path Type: min

Fanout     Cap    Slew   Delay    Time   Description
-----------------------------------------------------------------------------
                          0.00    0.00   clock core_clock (rise edge)
                          0.00    0.00   clock source latency
     2   12.24    0.00    0.00    0.00 ^ clk_i (in)
                                         clk_i (net)
                 45.47   14.35   14.35 ^ clkbuf_0_clk_i/A (BUFx16f_ASAP7_75t_R)
     1    2.23    6.68   21.74   36.08 ^ clkbuf_0_clk_i/Y (BUFx16f_ASAP7_75t_R)
                                         clknet_0_clk_i (net)
                  6.69    0.27   36.36 ^ clkbuf_1_0__f_clk_i/A (BUFx16f_ASAP7_75t_R)
     1    0.51    4.56   12.73   49.09 ^ clkbuf_1_0__f_clk_i/Y (BUFx16f_ASAP7_75t_R)
                                         clknet_1_0__leaf_clk_i (net)
                  4.56    0.03   49.11 ^ _23024_/A (AND2x2_ASAP7_75t_R)
     1    2.16   10.63   15.74   64.86 ^ _23024_/Y (AND2x2_ASAP7_75t_R)
                                         _08202_ (net)
                 10.65    0.22   65.07 ^ clkbuf_0__08202_/A (BUFx16f_ASAP7_75t_R)
     4   16.78   13.33   15.96   81.03 ^ clkbuf_0__08202_/Y (BUFx16f_ASAP7_75t_R)
                                         clknet_0__08202_ (net)
                 20.72    5.09   86.12 ^ clkbuf_2_3__f__08202_/A (BUFx16f_ASAP7_75t_R)
    15   42.22   27.18   22.70  108.82 ^ clkbuf_2_3__f__08202_/Y (BUFx16f_ASAP7_75t_R)
                                         clknet_2_3__leaf__08202_ (net)
                 35.17    7.55  116.37 ^ clkbuf_leaf_16__08202_/A (BUFx24_ASAP7_75t_R)
    23   13.41   12.00   26.10  142.47 ^ clkbuf_leaf_16__08202_/Y (BUFx24_ASAP7_75t_R)
                                         clknet_leaf_16__08202_ (net)
                 12.33    0.98  143.45 ^ id_stage_i.controller_i.ctrl_fsm_cs[3]$_DFF_PN0_/CLK (DFFASRHQNx1_ASAP7_75t_R)
     2    1.44   18.26   42.62  186.07 ^ id_stage_i.controller_i.ctrl_fsm_cs[3]$_DFF_PN0_/QN (DFFASRHQNx1_ASAP7_75t_R)
                                         _01828_ (net)
                 18.26    0.04  186.11 ^ _23902_/B (OAI21x1_ASAP7_75t_R)
     1    0.75    8.18    7.05  193.17 v _23902_/Y (OAI21x1_ASAP7_75t_R)
                                         _09080_ (net)
                  8.19    0.04  193.21 v id_stage_i.controller_i.ctrl_fsm_cs[8]$_DFF_PN0_/D (DFFASRHQNx1_ASAP7_75t_R)
                                193.21   data arrival time

                          0.00    0.00   clock core_clock (rise edge)
                          0.00    0.00   clock source latency
     2   13.56    0.00    0.00    0.00 ^ clk_i (in)
                                         clk_i (net)
                 51.88   16.37   16.37 ^ clkbuf_0_clk_i/A (BUFx16f_ASAP7_75t_R)
     1    2.89    7.21   22.74   39.10 ^ clkbuf_0_clk_i/Y (BUFx16f_ASAP7_75t_R)
                                         clknet_0_clk_i (net)
                  7.23    0.36   39.46 ^ clkbuf_1_0__f_clk_i/A (BUFx16f_ASAP7_75t_R)
     1    0.64    4.62   12.93   52.39 ^ clkbuf_1_0__f_clk_i/Y (BUFx16f_ASAP7_75t_R)
                                         clknet_1_0__leaf_clk_i (net)
                  4.62    0.03   52.42 ^ _23024_/A (AND2x2_ASAP7_75t_R)
     1    2.82   13.47   16.86   69.28 ^ _23024_/Y (AND2x2_ASAP7_75t_R)
                                         _08202_ (net)
                 13.49    0.29   69.57 ^ clkbuf_0__08202_/A (BUFx16f_ASAP7_75t_R)
     4   19.42   14.99   16.91   86.48 ^ clkbuf_0__08202_/Y (BUFx16f_ASAP7_75t_R)
                                         clknet_0__08202_ (net)
                 24.12    6.07   92.54 ^ clkbuf_2_3__f__08202_/A (BUFx16f_ASAP7_75t_R)
    15   51.24   31.36   24.41  116.95 ^ clkbuf_2_3__f__08202_/Y (BUFx16f_ASAP7_75t_R)
                                         clknet_2_3__leaf__08202_ (net)
                 41.52    9.16  126.11 ^ clkbuf_leaf_16__08202_/A (BUFx24_ASAP7_75t_R)
    23   16.18   13.42   28.00  154.11 ^ clkbuf_leaf_16__08202_/Y (BUFx24_ASAP7_75t_R)
                                         clknet_leaf_16__08202_ (net)
                 13.84    1.19  155.30 ^ id_stage_i.controller_i.ctrl_fsm_cs[8]$_DFF_PN0_/CLK (DFFASRHQNx1_ASAP7_75t_R)
                        -11.64  143.66   clock reconvergence pessimism
                         12.49  156.15   library hold time
                                156.15   data required time
-----------------------------------------------------------------------------
                                156.15   data required time
                               -193.21   data arrival time
-----------------------------------------------------------------------------
                                 37.06   slack (MET)



==========================================================================
cts final report_checks -path_delay max
--------------------------------------------------------------------------
Startpoint: rst_ni (input port clocked by core_clock)
Endpoint: ex_block_i.gen_multdiv_fast.multdiv_i.md_state_q[0]$_DFF_PN1_
          (recovery check against rising-edge clock core_clock)
Path Group: asynchronous
Path Type: max

Fanout     Cap    Slew   Delay    Time   Description
-----------------------------------------------------------------------------
                          0.00    0.00   clock core_clock (rise edge)
                          0.00    0.00   clock network delay (propagated)
                        200.00  200.00 ^ input external delay
     1    1.47    0.00    0.00  200.00 ^ rst_ni (in)
                                         rst_ni (net)
                  0.33    0.10  200.10 ^ input1829/A (BUFx8_ASAP7_75t_R)
    49   67.81   64.59   22.50  222.60 ^ input1829/Y (BUFx8_ASAP7_75t_R)
                                         net1828 (net)
                132.31   38.85  261.45 ^ place5009/A (BUFx6f_ASAP7_75t_R)
    52   61.15   72.93   50.07  311.52 ^ place5009/Y (BUFx6f_ASAP7_75t_R)
                                         net5008 (net)
                 92.81   19.95  331.47 ^ place5006/A (BUFx3_ASAP7_75t_R)
    43   42.60   97.72   57.53  389.00 ^ place5006/Y (BUFx3_ASAP7_75t_R)
                                         net5005 (net)
                 99.52    7.49  396.49 ^ place5005/A (BUFx3_ASAP7_75t_R)
    51   55.66  125.37   70.23  466.72 ^ place5005/Y (BUFx3_ASAP7_75t_R)
                                         net5004 (net)
                127.15    8.45  475.17 ^ ex_block_i.gen_multdiv_fast.multdiv_i.md_state_q[0]$_DFF_PN1_/SETN (DFFASRHQNx1_ASAP7_75t_R)
                                475.17   data arrival time

                       1000.00 1000.00   clock core_clock (rise edge)
                          0.00 1000.00   clock source latency
     2   12.24    0.00    0.00 1000.00 ^ clk_i (in)
                                         clk_i (net)
                 45.47   14.35 1014.35 ^ clkbuf_0_clk_i/A (BUFx16f_ASAP7_75t_R)
     1    2.23    6.68   21.74 1036.08 ^ clkbuf_0_clk_i/Y (BUFx16f_ASAP7_75t_R)
                                         clknet_0_clk_i (net)
                  6.69    0.27 1036.36 ^ clkbuf_1_0__f_clk_i/A (BUFx16f_ASAP7_75t_R)
     1    0.51    4.56   12.73 1049.09 ^ clkbuf_1_0__f_clk_i/Y (BUFx16f_ASAP7_75t_R)
                                         clknet_1_0__leaf_clk_i (net)
                  4.56    0.03 1049.11 ^ _23024_/A (AND2x2_ASAP7_75t_R)
     1    2.16   10.63   15.74 1064.86 ^ _23024_/Y (AND2x2_ASAP7_75t_R)
                                         _08202_ (net)
                 10.65    0.22 1065.07 ^ clkbuf_0__08202_/A (BUFx16f_ASAP7_75t_R)
     4   16.78   13.33   15.96 1081.03 ^ clkbuf_0__08202_/Y (BUFx16f_ASAP7_75t_R)
                                         clknet_0__08202_ (net)
                 23.36    6.23 1087.26 ^ clkbuf_2_0__f__08202_/A (BUFx16f_ASAP7_75t_R)
    11   38.32   24.66   24.06 1111.32 ^ clkbuf_2_0__f__08202_/Y (BUFx16f_ASAP7_75t_R)
                                         clknet_2_0__leaf__08202_ (net)
                 26.37    3.42 1114.74 ^ clkbuf_leaf_3__08202_/A (BUFx24_ASAP7_75t_R)
    21   12.95   11.47   23.87 1138.61 ^ clkbuf_leaf_3__08202_/Y (BUFx24_ASAP7_75t_R)
                                         clknet_leaf_3__08202_ (net)
                 11.53    0.39 1139.00 ^ ex_block_i.gen_multdiv_fast.multdiv_i.md_state_q[0]$_DFF_PN1_/CLK (DFFASRHQNx1_ASAP7_75t_R)
                          0.00 1139.00   clock reconvergence pessimism
                         -9.22 1129.78   library recovery time
                               1129.78   data required time
-----------------------------------------------------------------------------
                               1129.78   data required time
                               -475.17   data arrival time
-----------------------------------------------------------------------------
                                654.61   slack (MET)


Startpoint: core_clock_gate_i.en_latch$_DLATCH_N_
            (negative level-sensitive latch clocked by core_clock)
Endpoint: _23024_ (rising clock gating-check end-point clocked by core_clock)
Path Group: gated clock
Path Type: max

Fanout     Cap    Slew   Delay    Time   Description
-----------------------------------------------------------------------------
                        500.00  500.00   clock core_clock (fall edge)
                          0.00  500.00   clock source latency
     2   13.56    0.00    0.00  500.00 v clk_i (in)
                                         clk_i (net)
                 39.27   12.39  512.39 v delaybuf_0_core_clock/A (BUFx16f_ASAP7_75t_R)
     1    7.07    7.70   23.54  535.93 v delaybuf_0_core_clock/Y (BUFx16f_ASAP7_75t_R)
                                         delaynet_0_core_clock (net)
                 20.52    6.02  541.95 v clkbuf_regs_0_core_clock/A (BUFx16f_ASAP7_75t_R)
     1    4.51    6.28   18.57  560.52 v clkbuf_regs_0_core_clock/Y (BUFx16f_ASAP7_75t_R)
                                         clk_i_regs (net)
                  9.12    2.28  562.80 v clkbuf_0_clk_i_regs/A (BUFx16f_ASAP7_75t_R)
     4   19.41   13.93   16.18  578.97 v clkbuf_0_clk_i_regs/Y (BUFx16f_ASAP7_75t_R)
                                         clknet_0_clk_i_regs (net)
                 22.89    5.76  584.74 v clkbuf_2_3__f_clk_i_regs/A (BUFx16f_ASAP7_75t_R)
    15   52.83   28.91   25.12  609.86 v clkbuf_2_3__f_clk_i_regs/Y (BUFx16f_ASAP7_75t_R)
                                         clknet_2_3__leaf_clk_i_regs (net)
                 44.79   11.49  621.35 v clkbuf_leaf_9_clk_i_regs/A (BUFx24_ASAP7_75t_R)
     8   22.41   15.30   31.75  653.10 v clkbuf_leaf_9_clk_i_regs/Y (BUFx24_ASAP7_75t_R)
                                         clknet_leaf_9_clk_i_regs (net)
                 22.32    5.53  658.63 v core_clock_gate_i.en_latch$_DLATCH_N_/CLK (DLLx1_ASAP7_75t_R)
     1    6.81   40.26   49.18  707.82 v core_clock_gate_i.en_latch$_DLATCH_N_/Q (DLLx1_ASAP7_75t_R)
                                         core_clock_gate_i.en_latch (net)
                 41.81    4.27  712.08 v _23024_/B (AND2x2_ASAP7_75t_R)
                                712.08   data arrival time

                       1000.00 1000.00   clock core_clock (rise edge)
                          0.00 1000.00   clock source latency
     2   12.24    0.00    0.00 1000.00 ^ clk_i (in)
                                         clk_i (net)
                 45.47   14.35 1014.35 ^ clkbuf_0_clk_i/A (BUFx16f_ASAP7_75t_R)
     1    2.23    6.68   21.74 1036.08 ^ clkbuf_0_clk_i/Y (BUFx16f_ASAP7_75t_R)
                                         clknet_0_clk_i (net)
                  6.69    0.27 1036.36 ^ clkbuf_1_0__f_clk_i/A (BUFx16f_ASAP7_75t_R)
     1    0.51    4.56   12.73 1049.09 ^ clkbuf_1_0__f_clk_i/Y (BUFx16f_ASAP7_75t_R)
                                         clknet_1_0__leaf_clk_i (net)
                  4.56    0.03 1049.11 ^ _23024_/A (AND2x2_ASAP7_75t_R)
                          0.00 1049.11   clock reconvergence pessimism
                          0.00 1049.11   clock gating setup time
                               1049.11   data required time
-----------------------------------------------------------------------------
                               1049.11   data required time
                               -712.08   data arrival time
-----------------------------------------------------------------------------
                                337.03   slack (MET)


Startpoint: if_stage_i.instr_rdata_id_o[20]$_DFFE_PP_
            (rising edge-triggered flip-flop clocked by core_clock)
Endpoint: instr_addr_o[31] (output port clocked by core_clock)
Path Group: core_clock
Path Type: max

Fanout     Cap    Slew   Delay    Time   Description
-----------------------------------------------------------------------------
                          0.00    0.00   clock core_clock (rise edge)
                          0.00    0.00   clock source latency
     2   13.56    0.00    0.00    0.00 ^ clk_i (in)
                                         clk_i (net)
                 51.88   16.37   16.37 ^ clkbuf_0_clk_i/A (BUFx16f_ASAP7_75t_R)
     1    2.89    7.21   22.74   39.10 ^ clkbuf_0_clk_i/Y (BUFx16f_ASAP7_75t_R)
                                         clknet_0_clk_i (net)
                  7.23    0.36   39.46 ^ clkbuf_1_0__f_clk_i/A (BUFx16f_ASAP7_75t_R)
     1    0.64    4.62   12.93   52.39 ^ clkbuf_1_0__f_clk_i/Y (BUFx16f_ASAP7_75t_R)
                                         clknet_1_0__leaf_clk_i (net)
                  4.62    0.03   52.42 ^ _23024_/A (AND2x2_ASAP7_75t_R)
     1    2.82   13.47   16.86   69.28 ^ _23024_/Y (AND2x2_ASAP7_75t_R)
                                         _08202_ (net)
                 13.49    0.29   69.57 ^ clkbuf_0__08202_/A (BUFx16f_ASAP7_75t_R)
     4   19.42   14.99   16.91   86.48 ^ clkbuf_0__08202_/Y (BUFx16f_ASAP7_75t_R)
                                         clknet_0__08202_ (net)
                 27.20    7.40   93.88 ^ clkbuf_2_1__f__08202_/A (BUFx16f_ASAP7_75t_R)
    11   48.87   29.22   26.20  120.08 ^ clkbuf_2_1__f__08202_/Y (BUFx16f_ASAP7_75t_R)
                                         clknet_2_1__leaf__08202_ (net)
                 34.37    6.18  126.25 ^ clkbuf_leaf_15__08202_/A (BUFx24_ASAP7_75t_R)
    14   12.98   11.76   25.89  152.14 ^ clkbuf_leaf_15__08202_/Y (BUFx24_ASAP7_75t_R)
                                         clknet_leaf_15__08202_ (net)
                 11.88    0.59  152.73 ^ if_stage_i.instr_rdata_id_o[20]$_DFFE_PP_/CLK (DFFHQNx3_ASAP7_75t_R)
     3    9.89   39.81   60.55  213.28 v if_stage_i.instr_rdata_id_o[20]$_DFFE_PP_/QN (DFFHQNx3_ASAP7_75t_R)
                                         _00231_ (net)
                 43.19    6.11  219.38 v rebuffer5055/A (BUFx12f_ASAP7_75t_R)
     7   19.79   16.85   22.39  241.77 v rebuffer5055/Y (BUFx12f_ASAP7_75t_R)
                                         net5054 (net)
                 31.75    8.79  250.56 v _18185_/A (INVx8_ASAP7_75t_R)
     5    7.99   14.58   11.45  262.01 ^ _18185_/Y (INVx8_ASAP7_75t_R)
                                         _03363_ (net)
                 14.71    0.76  262.77 ^ place4802/A (BUFx12f_ASAP7_75t_R)
     5    9.89   10.60   14.52  277.29 ^ place4802/Y (BUFx12f_ASAP7_75t_R)
                                         net4801 (net)
                 16.04    3.92  281.21 ^ place4801/A (BUFx12f_ASAP7_75t_R)
     6    7.25    8.43   15.01  296.22 ^ place4801/Y (BUFx12f_ASAP7_75t_R)
                                         net4800 (net)
                  8.64    0.71  296.93 ^ _21315_/B (OA211x2_ASAP7_75t_R)
     1    1.28   10.00   20.41  317.33 ^ _21315_/Y (OA211x2_ASAP7_75t_R)
                                         _06493_ (net)
                 10.00    0.04  317.38 ^ _21316_/B (AOI21x1_ASAP7_75t_R)
     1    2.42   17.95    9.79  327.16 v _21316_/Y (AOI21x1_ASAP7_75t_R)
                                         _06494_ (net)
                 18.01    0.54  327.71 v _21317_/C1 (AO222x2_ASAP7_75t_R)
     1    1.40   11.75   31.26  358.97 v _21317_/Y (AO222x2_ASAP7_75t_R)
                                         _06495_ (net)
                 11.76    0.17  359.14 v _21330_/A1 (AO21x2_ASAP7_75t_R)
     2    2.19   10.23   20.59  379.74 v _21330_/Y (AO21x2_ASAP7_75t_R)
                                         _06508_ (net)
                 10.26    0.31  380.05 v _21355_/B (OR4x2_ASAP7_75t_R)
     2    6.93   28.83   39.76  419.81 v _21355_/Y (OR4x2_ASAP7_75t_R)
                                         _06533_ (net)
                 30.93    4.11  423.93 v rebuffer5069/A (BUFx3_ASAP7_75t_R)
     1    2.33    8.30   20.28  444.21 v rebuffer5069/Y (BUFx3_ASAP7_75t_R)
                                         net5068 (net)
                  8.38    0.44  444.65 v _21357_/A2 (AOI21x1_ASAP7_75t_R)
     3    2.62   22.89   13.20  457.85 ^ _21357_/Y (AOI21x1_ASAP7_75t_R)
                                         _06535_ (net)
                 22.90    0.25  458.10 ^ _21358_/C (AND3x1_ASAP7_75t_R)
     1    0.70    9.46   19.18  477.28 ^ _21358_/Y (AND3x1_ASAP7_75t_R)
                                         _06536_ (net)
                  9.46    0.03  477.30 ^ _21361_/B (AO21x1_ASAP7_75t_R)
     1    0.71    9.26   11.64  488.95 ^ _21361_/Y (AO21x1_ASAP7_75t_R)
                                         _06539_ (net)
                  9.26    0.03  488.98 ^ _21362_/B (AO21x1_ASAP7_75t_R)
     1    1.33   11.85   13.37  502.34 ^ _21362_/Y (AO21x1_ASAP7_75t_R)
                                         _06540_ (net)
                 11.85    0.09  502.43 ^ alu_adder_result_ex\\ALU_33_0_33_0_33_unused_CO_X_Y[0]_HAN_CARLSON/_560_/B (XOR2x2_ASAP7_75t_R)
     1    2.97   13.83   20.85  523.28 ^ alu_adder_result_ex\\ALU_33_0_33_0_33_unused_CO_X_Y[0]_HAN_CARLSON/_560_/Y (XOR2x2_ASAP7_75t_R)
                                         alu_adder_result_ex\\ALU_33_0_33_0_33_unused_CO_X_Y[0]_HAN_CARLSON/_257_ (net)
                 13.97    0.76  524.04 ^ alu_adder_result_ex\\ALU_33_0_33_0_33_unused_CO_X_Y[0]_HAN_CARLSON/_315_/A (HAxp5_ASAP7_75t_R)
     2    2.13   39.50   37.10  561.14 v alu_adder_result_ex\\ALU_33_0_33_0_33_unused_CO_X_Y[0]_HAN_CARLSON/_315_/SN (HAxp5_ASAP7_75t_R)
                                         alu_adder_result_ex\\ALU_33_0_33_0_33_unused_CO_X_Y[0]_HAN_CARLSON/_003_ (net)
                 39.51    0.29  561.43 v alu_adder_result_ex\\ALU_33_0_33_0_33_unused_CO_X_Y[0]_HAN_CARLSON/_516_/D (OR4x1_ASAP7_75t_R)
     2    1.53   14.69   33.32  594.75 v alu_adder_result_ex\\ALU_33_0_33_0_33_unused_CO_X_Y[0]_HAN_CARLSON/_516_/Y (OR4x1_ASAP7_75t_R)
                                         alu_adder_result_ex\\ALU_33_0_33_0_33_unused_CO_X_Y[0]_HAN_CARLSON/_214_ (net)
                 14.70    0.08  594.83 v alu_adder_result_ex\\ALU_33_0_33_0_33_unused_CO_X_Y[0]_HAN_CARLSON/_517_/B (OR4x1_ASAP7_75t_R)
     2    1.54   14.26   28.85  623.68 v alu_adder_result_ex\\ALU_33_0_33_0_33_unused_CO_X_Y[0]_HAN_CARLSON/_517_/Y (OR4x1_ASAP7_75t_R)
                                         alu_adder_result_ex\\ALU_33_0_33_0_33_unused_CO_X_Y[0]_HAN_CARLSON/_215_ (net)
                 14.26    0.07  623.76 v alu_adder_result_ex\\ALU_33_0_33_0_33_unused_CO_X_Y[0]_HAN_CARLSON/_519_/A (OR3x1_ASAP7_75t_R)
     1    0.87    9.56   20.95  644.70 v alu_adder_result_ex\\ALU_33_0_33_0_33_unused_CO_X_Y[0]_HAN_CARLSON/_519_/Y (OR3x1_ASAP7_75t_R)
                                         alu_adder_result_ex\\ALU_33_0_33_0_33_unused_CO_X_Y[0]_HAN_CARLSON/_217_ (net)
                  9.57    0.05  644.75 v alu_adder_result_ex\\ALU_33_0_33_0_33_unused_CO_X_Y[0]_HAN_CARLSON/_518_/A (INVx1_ASAP7_75t_R)
     1    0.70    7.22    6.43  651.18 ^ alu_adder_result_ex\\ALU_33_0_33_0_33_unused_CO_X_Y[0]_HAN_CARLSON/_518_/Y (INVx1_ASAP7_75t_R)
                                         alu_adder_result_ex\\ALU_33_0_33_0_33_unused_CO_X_Y[0]_HAN_CARLSON/_216_ (net)
                  7.22    0.03  651.20 ^ alu_adder_result_ex\\ALU_33_0_33_0_33_unused_CO_X_Y[0]_HAN_CARLSON/_524_/A1 (AO21x1_ASAP7_75t_R)
     1    1.18   10.64   14.11  665.31 ^ alu_adder_result_ex\\ALU_33_0_33_0_33_unused_CO_X_Y[0]_HAN_CARLSON/_524_/Y (AO21x1_ASAP7_75t_R)
                                         alu_adder_result_ex\\ALU_33_0_33_0_33_unused_CO_X_Y[0]_HAN_CARLSON/_222_ (net)
                 10.65    0.06  665.37 ^ alu_adder_result_ex\\ALU_33_0_33_0_33_unused_CO_X_Y[0]_HAN_CARLSON/_527_/B (XNOR2x2_ASAP7_75t_R)
     2    3.40   13.74   29.17  694.55 v alu_adder_result_ex\\ALU_33_0_33_0_33_unused_CO_X_Y[0]_HAN_CARLSON/_527_/Y (XNOR2x2_ASAP7_75t_R)
                                         net1853 (net)
                 13.75    0.15  694.69 v place4354/A (BUFx12f_ASAP7_75t_R)
     2    4.59    5.98   14.42  709.12 v place4354/Y (BUFx12f_ASAP7_75t_R)
                                         net4353 (net)
                  7.27    1.41  710.53 v _25057_/A1 (OA211x2_ASAP7_75t_R)
     1    0.71    9.28   21.40  731.93 v _25057_/Y (OA211x2_ASAP7_75t_R)
                                         _10233_ (net)
                  9.28    0.03  731.96 v _25058_/B (OR3x1_ASAP7_75t_R)
     1    0.72   10.56   20.12  752.08 v _25058_/Y (OR3x1_ASAP7_75t_R)
                                         _10234_ (net)
                 10.56    0.03  752.11 v _25059_/B (OA21x2_ASAP7_75t_R)
     1    3.07   12.86   16.50  768.62 v _25059_/Y (OA21x2_ASAP7_75t_R)
                                         _10235_ (net)
                 12.92    0.49  769.10 v _25061_/B (NAND2x2_ASAP7_75t_R)
     2    2.78   31.78   10.55  779.65 ^ _25061_/Y (NAND2x2_ASAP7_75t_R)
                                         _10237_ (net)
                 31.83    0.62  780.27 ^ _25146_/C (OA211x2_ASAP7_75t_R)
     1    1.48   12.92   23.63  803.90 ^ _25146_/Y (OA211x2_ASAP7_75t_R)
                                         _10322_ (net)
                 12.92    0.10  804.00 ^ _25147_/B (AOI21x1_ASAP7_75t_R)
     2    1.48   28.18    8.81  812.81 v _25147_/Y (AOI21x1_ASAP7_75t_R)
                                         net1921 (net)
                 28.18    0.05  812.86 v output1922/A (BUFx3_ASAP7_75t_R)
     1    1.05    5.94   18.29  831.15 v output1922/Y (BUFx3_ASAP7_75t_R)
                                         instr_addr_o[31] (net)
                  5.95    0.12  831.27 v instr_addr_o[31] (out)
                                831.27   data arrival time

                       1000.00 1000.00   clock core_clock (rise edge)
                          0.00 1000.00   clock network delay (propagated)
                          0.00 1000.00   clock reconvergence pessimism
                       -200.00  800.00   output external delay
                                800.00   data required time
-----------------------------------------------------------------------------
                                800.00   data required time
                               -831.27   data arrival time
-----------------------------------------------------------------------------
                                -31.27   slack (VIOLATED)



==========================================================================
cts final report_checks -unconstrained
--------------------------------------------------------------------------
Startpoint: rst_ni (input port clocked by core_clock)
Endpoint: ex_block_i.gen_multdiv_fast.multdiv_i.md_state_q[0]$_DFF_PN1_
          (recovery check against rising-edge clock core_clock)
Path Group: asynchronous
Path Type: max

Fanout     Cap    Slew   Delay    Time   Description
-----------------------------------------------------------------------------
                          0.00    0.00   clock core_clock (rise edge)
                          0.00    0.00   clock network delay (propagated)
                        200.00  200.00 ^ input external delay
     1    1.47    0.00    0.00  200.00 ^ rst_ni (in)
                                         rst_ni (net)
                  0.33    0.10  200.10 ^ input1829/A (BUFx8_ASAP7_75t_R)
    49   67.81   64.59   22.50  222.60 ^ input1829/Y (BUFx8_ASAP7_75t_R)
                                         net1828 (net)
                132.31   38.85  261.45 ^ place5009/A (BUFx6f_ASAP7_75t_R)
    52   61.15   72.93   50.07  311.52 ^ place5009/Y (BUFx6f_ASAP7_75t_R)
                                         net5008 (net)
                 92.81   19.95  331.47 ^ place5006/A (BUFx3_ASAP7_75t_R)
    43   42.60   97.72   57.53  389.00 ^ place5006/Y (BUFx3_ASAP7_75t_R)
                                         net5005 (net)
                 99.52    7.49  396.49 ^ place5005/A (BUFx3_ASAP7_75t_R)
    51   55.66  125.37   70.23  466.72 ^ place5005/Y (BUFx3_ASAP7_75t_R)
                                         net5004 (net)
                127.15    8.45  475.17 ^ ex_block_i.gen_multdiv_fast.multdiv_i.md_state_q[0]$_DFF_PN1_/SETN (DFFASRHQNx1_ASAP7_75t_R)
                                475.17   data arrival time

                       1000.00 1000.00   clock core_clock (rise edge)
                          0.00 1000.00   clock source latency
     2   12.24    0.00    0.00 1000.00 ^ clk_i (in)
                                         clk_i (net)
                 45.47   14.35 1014.35 ^ clkbuf_0_clk_i/A (BUFx16f_ASAP7_75t_R)
     1    2.23    6.68   21.74 1036.08 ^ clkbuf_0_clk_i/Y (BUFx16f_ASAP7_75t_R)
                                         clknet_0_clk_i (net)
                  6.69    0.27 1036.36 ^ clkbuf_1_0__f_clk_i/A (BUFx16f_ASAP7_75t_R)
     1    0.51    4.56   12.73 1049.09 ^ clkbuf_1_0__f_clk_i/Y (BUFx16f_ASAP7_75t_R)
                                         clknet_1_0__leaf_clk_i (net)
                  4.56    0.03 1049.11 ^ _23024_/A (AND2x2_ASAP7_75t_R)
     1    2.16   10.63   15.74 1064.86 ^ _23024_/Y (AND2x2_ASAP7_75t_R)
                                         _08202_ (net)
                 10.65    0.22 1065.07 ^ clkbuf_0__08202_/A (BUFx16f_ASAP7_75t_R)
     4   16.78   13.33   15.96 1081.03 ^ clkbuf_0__08202_/Y (BUFx16f_ASAP7_75t_R)
                                         clknet_0__08202_ (net)
                 23.36    6.23 1087.26 ^ clkbuf_2_0__f__08202_/A (BUFx16f_ASAP7_75t_R)
    11   38.32   24.66   24.06 1111.32 ^ clkbuf_2_0__f__08202_/Y (BUFx16f_ASAP7_75t_R)
                                         clknet_2_0__leaf__08202_ (net)
                 26.37    3.42 1114.74 ^ clkbuf_leaf_3__08202_/A (BUFx24_ASAP7_75t_R)
    21   12.95   11.47   23.87 1138.61 ^ clkbuf_leaf_3__08202_/Y (BUFx24_ASAP7_75t_R)
                                         clknet_leaf_3__08202_ (net)
                 11.53    0.39 1139.00 ^ ex_block_i.gen_multdiv_fast.multdiv_i.md_state_q[0]$_DFF_PN1_/CLK (DFFASRHQNx1_ASAP7_75t_R)
                          0.00 1139.00   clock reconvergence pessimism
                         -9.22 1129.78   library recovery time
                               1129.78   data required time
-----------------------------------------------------------------------------
                               1129.78   data required time
                               -475.17   data arrival time
-----------------------------------------------------------------------------
                                654.61   slack (MET)


Startpoint: core_clock_gate_i.en_latch$_DLATCH_N_
            (negative level-sensitive latch clocked by core_clock)
Endpoint: _23024_ (rising clock gating-check end-point clocked by core_clock)
Path Group: gated clock
Path Type: max

Fanout     Cap    Slew   Delay    Time   Description
-----------------------------------------------------------------------------
                        500.00  500.00   clock core_clock (fall edge)
                          0.00  500.00   clock source latency
     2   13.56    0.00    0.00  500.00 v clk_i (in)
                                         clk_i (net)
                 39.27   12.39  512.39 v delaybuf_0_core_clock/A (BUFx16f_ASAP7_75t_R)
     1    7.07    7.70   23.54  535.93 v delaybuf_0_core_clock/Y (BUFx16f_ASAP7_75t_R)
                                         delaynet_0_core_clock (net)
                 20.52    6.02  541.95 v clkbuf_regs_0_core_clock/A (BUFx16f_ASAP7_75t_R)
     1    4.51    6.28   18.57  560.52 v clkbuf_regs_0_core_clock/Y (BUFx16f_ASAP7_75t_R)
                                         clk_i_regs (net)
                  9.12    2.28  562.80 v clkbuf_0_clk_i_regs/A (BUFx16f_ASAP7_75t_R)
     4   19.41   13.93   16.18  578.97 v clkbuf_0_clk_i_regs/Y (BUFx16f_ASAP7_75t_R)
                                         clknet_0_clk_i_regs (net)
                 22.89    5.76  584.74 v clkbuf_2_3__f_clk_i_regs/A (BUFx16f_ASAP7_75t_R)
    15   52.83   28.91   25.12  609.86 v clkbuf_2_3__f_clk_i_regs/Y (BUFx16f_ASAP7_75t_R)
                                         clknet_2_3__leaf_clk_i_regs (net)
                 44.79   11.49  621.35 v clkbuf_leaf_9_clk_i_regs/A (BUFx24_ASAP7_75t_R)
     8   22.41   15.30   31.75  653.10 v clkbuf_leaf_9_clk_i_regs/Y (BUFx24_ASAP7_75t_R)
                                         clknet_leaf_9_clk_i_regs (net)
                 22.32    5.53  658.63 v core_clock_gate_i.en_latch$_DLATCH_N_/CLK (DLLx1_ASAP7_75t_R)
     1    6.81   40.26   49.18  707.82 v core_clock_gate_i.en_latch$_DLATCH_N_/Q (DLLx1_ASAP7_75t_R)
                                         core_clock_gate_i.en_latch (net)
                 41.81    4.27  712.08 v _23024_/B (AND2x2_ASAP7_75t_R)
                                712.08   data arrival time

                       1000.00 1000.00   clock core_clock (rise edge)
                          0.00 1000.00   clock source latency
     2   12.24    0.00    0.00 1000.00 ^ clk_i (in)
                                         clk_i (net)
                 45.47   14.35 1014.35 ^ clkbuf_0_clk_i/A (BUFx16f_ASAP7_75t_R)
     1    2.23    6.68   21.74 1036.08 ^ clkbuf_0_clk_i/Y (BUFx16f_ASAP7_75t_R)
                                         clknet_0_clk_i (net)
                  6.69    0.27 1036.36 ^ clkbuf_1_0__f_clk_i/A (BUFx16f_ASAP7_75t_R)
     1    0.51    4.56   12.73 1049.09 ^ clkbuf_1_0__f_clk_i/Y (BUFx16f_ASAP7_75t_R)
                                         clknet_1_0__leaf_clk_i (net)
                  4.56    0.03 1049.11 ^ _23024_/A (AND2x2_ASAP7_75t_R)
                          0.00 1049.11   clock reconvergence pessimism
                          0.00 1049.11   clock gating setup time
                               1049.11   data required time
-----------------------------------------------------------------------------
                               1049.11   data required time
                               -712.08   data arrival time
-----------------------------------------------------------------------------
                                337.03   slack (MET)


Startpoint: if_stage_i.instr_rdata_id_o[20]$_DFFE_PP_
            (rising edge-triggered flip-flop clocked by core_clock)
Endpoint: instr_addr_o[31] (output port clocked by core_clock)
Path Group: core_clock
Path Type: max

Fanout     Cap    Slew   Delay    Time   Description
-----------------------------------------------------------------------------
                          0.00    0.00   clock core_clock (rise edge)
                          0.00    0.00   clock source latency
     2   13.56    0.00    0.00    0.00 ^ clk_i (in)
                                         clk_i (net)
                 51.88   16.37   16.37 ^ clkbuf_0_clk_i/A (BUFx16f_ASAP7_75t_R)
     1    2.89    7.21   22.74   39.10 ^ clkbuf_0_clk_i/Y (BUFx16f_ASAP7_75t_R)
                                         clknet_0_clk_i (net)
                  7.23    0.36   39.46 ^ clkbuf_1_0__f_clk_i/A (BUFx16f_ASAP7_75t_R)
     1    0.64    4.62   12.93   52.39 ^ clkbuf_1_0__f_clk_i/Y (BUFx16f_ASAP7_75t_R)
                                         clknet_1_0__leaf_clk_i (net)
                  4.62    0.03   52.42 ^ _23024_/A (AND2x2_ASAP7_75t_R)
     1    2.82   13.47   16.86   69.28 ^ _23024_/Y (AND2x2_ASAP7_75t_R)
                                         _08202_ (net)
                 13.49    0.29   69.57 ^ clkbuf_0__08202_/A (BUFx16f_ASAP7_75t_R)
     4   19.42   14.99   16.91   86.48 ^ clkbuf_0__08202_/Y (BUFx16f_ASAP7_75t_R)
                                         clknet_0__08202_ (net)
                 27.20    7.40   93.88 ^ clkbuf_2_1__f__08202_/A (BUFx16f_ASAP7_75t_R)
    11   48.87   29.22   26.20  120.08 ^ clkbuf_2_1__f__08202_/Y (BUFx16f_ASAP7_75t_R)
                                         clknet_2_1__leaf__08202_ (net)
                 34.37    6.18  126.25 ^ clkbuf_leaf_15__08202_/A (BUFx24_ASAP7_75t_R)
    14   12.98   11.76   25.89  152.14 ^ clkbuf_leaf_15__08202_/Y (BUFx24_ASAP7_75t_R)
                                         clknet_leaf_15__08202_ (net)
                 11.88    0.59  152.73 ^ if_stage_i.instr_rdata_id_o[20]$_DFFE_PP_/CLK (DFFHQNx3_ASAP7_75t_R)
     3    9.89   39.81   60.55  213.28 v if_stage_i.instr_rdata_id_o[20]$_DFFE_PP_/QN (DFFHQNx3_ASAP7_75t_R)
                                         _00231_ (net)
                 43.19    6.11  219.38 v rebuffer5055/A (BUFx12f_ASAP7_75t_R)
     7   19.79   16.85   22.39  241.77 v rebuffer5055/Y (BUFx12f_ASAP7_75t_R)
                                         net5054 (net)
                 31.75    8.79  250.56 v _18185_/A (INVx8_ASAP7_75t_R)
     5    7.99   14.58   11.45  262.01 ^ _18185_/Y (INVx8_ASAP7_75t_R)
                                         _03363_ (net)
                 14.71    0.76  262.77 ^ place4802/A (BUFx12f_ASAP7_75t_R)
     5    9.89   10.60   14.52  277.29 ^ place4802/Y (BUFx12f_ASAP7_75t_R)
                                         net4801 (net)
                 16.04    3.92  281.21 ^ place4801/A (BUFx12f_ASAP7_75t_R)
     6    7.25    8.43   15.01  296.22 ^ place4801/Y (BUFx12f_ASAP7_75t_R)
                                         net4800 (net)
                  8.64    0.71  296.93 ^ _21315_/B (OA211x2_ASAP7_75t_R)
     1    1.28   10.00   20.41  317.33 ^ _21315_/Y (OA211x2_ASAP7_75t_R)
                                         _06493_ (net)
                 10.00    0.04  317.38 ^ _21316_/B (AOI21x1_ASAP7_75t_R)
     1    2.42   17.95    9.79  327.16 v _21316_/Y (AOI21x1_ASAP7_75t_R)
                                         _06494_ (net)
                 18.01    0.54  327.71 v _21317_/C1 (AO222x2_ASAP7_75t_R)
     1    1.40   11.75   31.26  358.97 v _21317_/Y (AO222x2_ASAP7_75t_R)
                                         _06495_ (net)
                 11.76    0.17  359.14 v _21330_/A1 (AO21x2_ASAP7_75t_R)
     2    2.19   10.23   20.59  379.74 v _21330_/Y (AO21x2_ASAP7_75t_R)
                                         _06508_ (net)
                 10.26    0.31  380.05 v _21355_/B (OR4x2_ASAP7_75t_R)
     2    6.93   28.83   39.76  419.81 v _21355_/Y (OR4x2_ASAP7_75t_R)
                                         _06533_ (net)
                 30.93    4.11  423.93 v rebuffer5069/A (BUFx3_ASAP7_75t_R)
     1    2.33    8.30   20.28  444.21 v rebuffer5069/Y (BUFx3_ASAP7_75t_R)
                                         net5068 (net)
                  8.38    0.44  444.65 v _21357_/A2 (AOI21x1_ASAP7_75t_R)
     3    2.62   22.89   13.20  457.85 ^ _21357_/Y (AOI21x1_ASAP7_75t_R)
                                         _06535_ (net)
                 22.90    0.25  458.10 ^ _21358_/C (AND3x1_ASAP7_75t_R)
     1    0.70    9.46   19.18  477.28 ^ _21358_/Y (AND3x1_ASAP7_75t_R)
                                         _06536_ (net)
                  9.46    0.03  477.30 ^ _21361_/B (AO21x1_ASAP7_75t_R)
     1    0.71    9.26   11.64  488.95 ^ _21361_/Y (AO21x1_ASAP7_75t_R)
                                         _06539_ (net)
                  9.26    0.03  488.98 ^ _21362_/B (AO21x1_ASAP7_75t_R)
     1    1.33   11.85   13.37  502.34 ^ _21362_/Y (AO21x1_ASAP7_75t_R)
                                         _06540_ (net)
                 11.85    0.09  502.43 ^ alu_adder_result_ex\\ALU_33_0_33_0_33_unused_CO_X_Y[0]_HAN_CARLSON/_560_/B (XOR2x2_ASAP7_75t_R)
     1    2.97   13.83   20.85  523.28 ^ alu_adder_result_ex\\ALU_33_0_33_0_33_unused_CO_X_Y[0]_HAN_CARLSON/_560_/Y (XOR2x2_ASAP7_75t_R)
                                         alu_adder_result_ex\\ALU_33_0_33_0_33_unused_CO_X_Y[0]_HAN_CARLSON/_257_ (net)
                 13.97    0.76  524.04 ^ alu_adder_result_ex\\ALU_33_0_33_0_33_unused_CO_X_Y[0]_HAN_CARLSON/_315_/A (HAxp5_ASAP7_75t_R)
     2    2.13   39.50   37.10  561.14 v alu_adder_result_ex\\ALU_33_0_33_0_33_unused_CO_X_Y[0]_HAN_CARLSON/_315_/SN (HAxp5_ASAP7_75t_R)
                                         alu_adder_result_ex\\ALU_33_0_33_0_33_unused_CO_X_Y[0]_HAN_CARLSON/_003_ (net)
                 39.51    0.29  561.43 v alu_adder_result_ex\\ALU_33_0_33_0_33_unused_CO_X_Y[0]_HAN_CARLSON/_516_/D (OR4x1_ASAP7_75t_R)
     2    1.53   14.69   33.32  594.75 v alu_adder_result_ex\\ALU_33_0_33_0_33_unused_CO_X_Y[0]_HAN_CARLSON/_516_/Y (OR4x1_ASAP7_75t_R)
                                         alu_adder_result_ex\\ALU_33_0_33_0_33_unused_CO_X_Y[0]_HAN_CARLSON/_214_ (net)
                 14.70    0.08  594.83 v alu_adder_result_ex\\ALU_33_0_33_0_33_unused_CO_X_Y[0]_HAN_CARLSON/_517_/B (OR4x1_ASAP7_75t_R)
     2    1.54   14.26   28.85  623.68 v alu_adder_result_ex\\ALU_33_0_33_0_33_unused_CO_X_Y[0]_HAN_CARLSON/_517_/Y (OR4x1_ASAP7_75t_R)
                                         alu_adder_result_ex\\ALU_33_0_33_0_33_unused_CO_X_Y[0]_HAN_CARLSON/_215_ (net)
                 14.26    0.07  623.76 v alu_adder_result_ex\\ALU_33_0_33_0_33_unused_CO_X_Y[0]_HAN_CARLSON/_519_/A (OR3x1_ASAP7_75t_R)
     1    0.87    9.56   20.95  644.70 v alu_adder_result_ex\\ALU_33_0_33_0_33_unused_CO_X_Y[0]_HAN_CARLSON/_519_/Y (OR3x1_ASAP7_75t_R)
                                         alu_adder_result_ex\\ALU_33_0_33_0_33_unused_CO_X_Y[0]_HAN_CARLSON/_217_ (net)
                  9.57    0.05  644.75 v alu_adder_result_ex\\ALU_33_0_33_0_33_unused_CO_X_Y[0]_HAN_CARLSON/_518_/A (INVx1_ASAP7_75t_R)
     1    0.70    7.22    6.43  651.18 ^ alu_adder_result_ex\\ALU_33_0_33_0_33_unused_CO_X_Y[0]_HAN_CARLSON/_518_/Y (INVx1_ASAP7_75t_R)
                                         alu_adder_result_ex\\ALU_33_0_33_0_33_unused_CO_X_Y[0]_HAN_CARLSON/_216_ (net)
                  7.22    0.03  651.20 ^ alu_adder_result_ex\\ALU_33_0_33_0_33_unused_CO_X_Y[0]_HAN_CARLSON/_524_/A1 (AO21x1_ASAP7_75t_R)
     1    1.18   10.64   14.11  665.31 ^ alu_adder_result_ex\\ALU_33_0_33_0_33_unused_CO_X_Y[0]_HAN_CARLSON/_524_/Y (AO21x1_ASAP7_75t_R)
                                         alu_adder_result_ex\\ALU_33_0_33_0_33_unused_CO_X_Y[0]_HAN_CARLSON/_222_ (net)
                 10.65    0.06  665.37 ^ alu_adder_result_ex\\ALU_33_0_33_0_33_unused_CO_X_Y[0]_HAN_CARLSON/_527_/B (XNOR2x2_ASAP7_75t_R)
     2    3.40   13.74   29.17  694.55 v alu_adder_result_ex\\ALU_33_0_33_0_33_unused_CO_X_Y[0]_HAN_CARLSON/_527_/Y (XNOR2x2_ASAP7_75t_R)
                                         net1853 (net)
                 13.75    0.15  694.69 v place4354/A (BUFx12f_ASAP7_75t_R)
     2    4.59    5.98   14.42  709.12 v place4354/Y (BUFx12f_ASAP7_75t_R)
                                         net4353 (net)
                  7.27    1.41  710.53 v _25057_/A1 (OA211x2_ASAP7_75t_R)
     1    0.71    9.28   21.40  731.93 v _25057_/Y (OA211x2_ASAP7_75t_R)
                                         _10233_ (net)
                  9.28    0.03  731.96 v _25058_/B (OR3x1_ASAP7_75t_R)
     1    0.72   10.56   20.12  752.08 v _25058_/Y (OR3x1_ASAP7_75t_R)
                                         _10234_ (net)
                 10.56    0.03  752.11 v _25059_/B (OA21x2_ASAP7_75t_R)
     1    3.07   12.86   16.50  768.62 v _25059_/Y (OA21x2_ASAP7_75t_R)
                                         _10235_ (net)
                 12.92    0.49  769.10 v _25061_/B (NAND2x2_ASAP7_75t_R)
     2    2.78   31.78   10.55  779.65 ^ _25061_/Y (NAND2x2_ASAP7_75t_R)
                                         _10237_ (net)
                 31.83    0.62  780.27 ^ _25146_/C (OA211x2_ASAP7_75t_R)
     1    1.48   12.92   23.63  803.90 ^ _25146_/Y (OA211x2_ASAP7_75t_R)
                                         _10322_ (net)
                 12.92    0.10  804.00 ^ _25147_/B (AOI21x1_ASAP7_75t_R)
     2    1.48   28.18    8.81  812.81 v _25147_/Y (AOI21x1_ASAP7_75t_R)
                                         net1921 (net)
                 28.18    0.05  812.86 v output1922/A (BUFx3_ASAP7_75t_R)
     1    1.05    5.94   18.29  831.15 v output1922/Y (BUFx3_ASAP7_75t_R)
                                         instr_addr_o[31] (net)
                  5.95    0.12  831.27 v instr_addr_o[31] (out)
                                831.27   data arrival time

                       1000.00 1000.00   clock core_clock (rise edge)
                          0.00 1000.00   clock network delay (propagated)
                          0.00 1000.00   clock reconvergence pessimism
                       -200.00  800.00   output external delay
                                800.00   data required time
-----------------------------------------------------------------------------
                                800.00   data required time
                               -831.27   data arrival time
-----------------------------------------------------------------------------
                                -31.27   slack (VIOLATED)



==========================================================================
cts final report_check_types -max_slew -max_cap -max_fanout -violators
--------------------------------------------------------------------------

==========================================================================
cts final max_slew_check_slack
--------------------------------------------------------------------------
108.08244323730469

==========================================================================
cts final max_slew_check_limit
--------------------------------------------------------------------------
320.0

==========================================================================
cts final max_slew_check_slack_limit
--------------------------------------------------------------------------
0.3378

==========================================================================
cts final max_fanout_check_slack
--------------------------------------------------------------------------
1.0000000150474662e+30

==========================================================================
cts final max_fanout_check_limit
--------------------------------------------------------------------------
1.0000000150474662e+30

==========================================================================
cts final max_capacitance_check_slack
--------------------------------------------------------------------------
3.737333059310913

==========================================================================
cts final max_capacitance_check_limit
--------------------------------------------------------------------------
23.040000915527344

==========================================================================
cts final max_capacitance_check_slack_limit
--------------------------------------------------------------------------
0.1622

==========================================================================
cts final max_slew_violation_count
--------------------------------------------------------------------------
max slew violation count 0

==========================================================================
cts final max_fanout_violation_count
--------------------------------------------------------------------------
max fanout violation count 0

==========================================================================
cts final max_cap_violation_count
--------------------------------------------------------------------------
max cap violation count 0

==========================================================================
cts final setup_violation_count
--------------------------------------------------------------------------
setup violation count 19

==========================================================================
cts final hold_violation_count
--------------------------------------------------------------------------
hold violation count 0

==========================================================================
cts final report_checks -path_delay max reg to reg
--------------------------------------------------------------------------
Startpoint: if_stage_i.instr_rdata_id_o[22]$_DFFE_PP_
            (rising edge-triggered flip-flop clocked by core_clock)
Endpoint: gen_regfile_ff.register_file_i.rf_reg[534]$_DFFE_PN0P_
          (rising edge-triggered flip-flop clocked by core_clock)
Path Group: core_clock
Path Type: max

  Delay    Time   Description
---------------------------------------------------------
   0.00    0.00   clock core_clock (rise edge)
   0.00    0.00   clock source latency
   0.00    0.00 ^ clk_i (in)
  39.10   39.10 ^ clkbuf_0_clk_i/Y (BUFx16f_ASAP7_75t_R)
  13.29   52.39 ^ clkbuf_1_0__f_clk_i/Y (BUFx16f_ASAP7_75t_R)
  16.89   69.28 ^ _23024_/Y (AND2x2_ASAP7_75t_R)
  17.20   86.48 ^ clkbuf_0__08202_/Y (BUFx16f_ASAP7_75t_R)
  34.05  120.52 ^ clkbuf_2_0__f__08202_/Y (BUFx16f_ASAP7_75t_R)
  29.88  150.41 ^ clkbuf_leaf_3__08202_/Y (BUFx24_ASAP7_75t_R)
   0.86  151.27 ^ if_stage_i.instr_rdata_id_o[22]$_DFFE_PP_/CLK (DFFHQNx3_ASAP7_75t_R)
  62.52  213.79 ^ if_stage_i.instr_rdata_id_o[22]$_DFFE_PP_/QN (DFFHQNx3_ASAP7_75t_R)
  32.13  245.92 ^ place4878/Y (BUFx12f_ASAP7_75t_R)
  17.99  263.91 ^ place4876/Y (BUFx12f_ASAP7_75t_R)
  29.91  293.81 ^ place4875/Y (BUFx12f_ASAP7_75t_R)
  13.68  307.49 ^ rebuffer5188/Y (BUFx6f_ASAP7_75t_R)
   6.37  313.87 v _20184_/Y (NAND2x1_ASAP7_75t_R)
  27.90  341.77 v _20185_/Y (OA211x2_ASAP7_75t_R)
  30.69  372.46 v _20188_/Y (OR4x1_ASAP7_75t_R)
  15.51  387.97 v _20197_/Y (AND4x1_ASAP7_75t_R)
  29.59  417.56 v _20220_/Y (OA211x2_ASAP7_75t_R)
  15.83  433.39 v rebuffer5176/Y (BUFx6f_ASAP7_75t_R)
  43.93  477.32 v _21529_/Y (AO22x1_ASAP7_75t_R)
  36.06  513.38 v place4559/Y (BUFx3_ASAP7_75t_R)
  16.78  530.16 v _21577_/Y (AND2x2_ASAP7_75t_R)
  28.64  558.80 v _17701_/SN (FAx1_ASAP7_75t_R)
  12.47  571.27 ^ _25923_/Y (INVx1_ASAP7_75t_R)
  31.22  602.49 v _17616_/SN (FAx1_ASAP7_75t_R)
  11.01  613.50 ^ _25932_/Y (INVx1_ASAP7_75t_R)
  23.82  637.32 v _18069_/SN (HAxp5_ASAP7_75t_R)
  14.26  651.58 ^ _25943_/Y (INVx1_ASAP7_75t_R)
  33.16  684.74 v _17606_/SN (FAx1_ASAP7_75t_R)
  15.31  700.04 ^ _25970_/Y (INVx1_ASAP7_75t_R)
  32.36  732.40 v _17647_/SN (FAx1_ASAP7_75t_R)
  15.26  747.66 ^ _26002_/Y (INVx1_ASAP7_75t_R)
  36.18  783.84 v _17672_/SN (FAx1_ASAP7_75t_R)
  11.40  795.24 ^ _26008_/Y (INVx1_ASAP7_75t_R)
  18.95  814.19 v _18080_/_313_/CON (HAxp5_ASAP7_75t_R)
  11.58  825.77 ^ _18080_/_313_/SN (HAxp5_ASAP7_75t_R)
  17.61  843.38 ^ _18080_/rebuffer5220/Y (BUFx3_ASAP7_75t_R)
  14.17  857.55 v _18080_/_629_/Y (NOR2x1_ASAP7_75t_R)
  18.19  875.74 ^ _18080_/_631_/Y (NAND2x1_ASAP7_75t_R)
   9.10  884.83 v _18080_/_632_/Y (NOR2x1_ASAP7_75t_R)
  25.27  910.10 v _18080_/_635_/Y (AO221x1_ASAP7_75t_R)
  27.70  937.80 v _18080_/_371_/Y (AO221x1_ASAP7_75t_R)
  24.78  962.58 ^ _18080_/_498_/Y (XNOR2x2_ASAP7_75t_R)
  30.11  992.68 ^ _23686_/Y (AO22x1_ASAP7_75t_R)
  33.28 1025.97 v _23688_/Y (AOI211x1_ASAP7_75t_R)
  31.62 1057.58 ^ _23711_/Y (OAI21x1_ASAP7_75t_R)
  32.19 1089.77 ^ place4215/Y (BUFx3_ASAP7_75t_R)
  21.16 1110.93 ^ _30605_/Y (OA21x2_ASAP7_75t_R)
   0.03 1110.96 ^ gen_regfile_ff.register_file_i.rf_reg[534]$_DFFE_PN0P_/D (DFFASRHQNx1_ASAP7_75t_R)
        1110.96   data arrival time

1000.00 1000.00   clock core_clock (rise edge)
   0.00 1000.00   clock source latency
   0.00 1000.00 ^ clk_i (in)
  31.31 1031.31 ^ delaybuf_0_core_clock/Y (BUFx16f_ASAP7_75t_R)
  21.92 1053.23 ^ clkbuf_regs_0_core_clock/Y (BUFx16f_ASAP7_75t_R)
  17.06 1070.29 ^ clkbuf_0_clk_i_regs/Y (BUFx16f_ASAP7_75t_R)
  29.43 1099.72 ^ clkbuf_2_1__f_clk_i_regs/Y (BUFx16f_ASAP7_75t_R)
  24.49 1124.22 ^ clkbuf_leaf_7_clk_i_regs/Y (BUFx24_ASAP7_75t_R)
   0.47 1124.68 ^ gen_regfile_ff.register_file_i.rf_reg[534]$_DFFE_PN0P_/CLK (DFFASRHQNx1_ASAP7_75t_R)
   0.00 1124.68   clock reconvergence pessimism
 -11.84 1112.85   library setup time
        1112.85   data required time
---------------------------------------------------------
        1112.85   data required time
        -1110.96   data arrival time
---------------------------------------------------------
           1.89   slack (MET)



==========================================================================
cts final report_checks -path_delay min reg to reg
--------------------------------------------------------------------------
Startpoint: id_stage_i.controller_i.ctrl_fsm_cs[3]$_DFF_PN0_
            (rising edge-triggered flip-flop clocked by core_clock)
Endpoint: id_stage_i.controller_i.ctrl_fsm_cs[8]$_DFF_PN0_
          (rising edge-triggered flip-flop clocked by core_clock)
Path Group: core_clock
Path Type: min

  Delay    Time   Description
---------------------------------------------------------
   0.00    0.00   clock core_clock (rise edge)
   0.00    0.00   clock source latency
   0.00    0.00 ^ clk_i (in)
  36.08   36.08 ^ clkbuf_0_clk_i/Y (BUFx16f_ASAP7_75t_R)
  13.00   49.09 ^ clkbuf_1_0__f_clk_i/Y (BUFx16f_ASAP7_75t_R)
  15.77   64.86 ^ _23024_/Y (AND2x2_ASAP7_75t_R)
  16.18   81.03 ^ clkbuf_0__08202_/Y (BUFx16f_ASAP7_75t_R)
  27.79  108.82 ^ clkbuf_2_3__f__08202_/Y (BUFx16f_ASAP7_75t_R)
  33.65  142.47 ^ clkbuf_leaf_16__08202_/Y (BUFx24_ASAP7_75t_R)
   0.98  143.45 ^ id_stage_i.controller_i.ctrl_fsm_cs[3]$_DFF_PN0_/CLK (DFFASRHQNx1_ASAP7_75t_R)
  42.62  186.07 ^ id_stage_i.controller_i.ctrl_fsm_cs[3]$_DFF_PN0_/QN (DFFASRHQNx1_ASAP7_75t_R)
   7.10  193.17 v _23902_/Y (OAI21x1_ASAP7_75t_R)
   0.04  193.21 v id_stage_i.controller_i.ctrl_fsm_cs[8]$_DFF_PN0_/D (DFFASRHQNx1_ASAP7_75t_R)
         193.21   data arrival time

   0.00    0.00   clock core_clock (rise edge)
   0.00    0.00   clock source latency
   0.00    0.00 ^ clk_i (in)
  39.10   39.10 ^ clkbuf_0_clk_i/Y (BUFx16f_ASAP7_75t_R)
  13.29   52.39 ^ clkbuf_1_0__f_clk_i/Y (BUFx16f_ASAP7_75t_R)
  16.89   69.28 ^ _23024_/Y (AND2x2_ASAP7_75t_R)
  17.20   86.48 ^ clkbuf_0__08202_/Y (BUFx16f_ASAP7_75t_R)
  30.47  116.95 ^ clkbuf_2_3__f__08202_/Y (BUFx16f_ASAP7_75t_R)
  37.16  154.11 ^ clkbuf_leaf_16__08202_/Y (BUFx24_ASAP7_75t_R)
   1.19  155.30 ^ id_stage_i.controller_i.ctrl_fsm_cs[8]$_DFF_PN0_/CLK (DFFASRHQNx1_ASAP7_75t_R)
 -11.64  143.66   clock reconvergence pessimism
  12.49  156.15   library hold time
         156.15   data required time
---------------------------------------------------------
         156.15   data required time
        -193.21   data arrival time
---------------------------------------------------------
          37.06   slack (MET)



==========================================================================
cts final critical path target clock latency max path
--------------------------------------------------------------------------
138.9967

==========================================================================
cts final critical path target clock latency min path
--------------------------------------------------------------------------
156.1277

==========================================================================
cts final critical path source clock latency min path
--------------------------------------------------------------------------
0.0000

==========================================================================
cts final critical path delay
--------------------------------------------------------------------------
831.2686

==========================================================================
cts final critical path slack
--------------------------------------------------------------------------
-31.2686

==========================================================================
cts final slack div critical path delay
--------------------------------------------------------------------------
-3.761552

==========================================================================
cts final report_power
--------------------------------------------------------------------------
Group                  Internal  Switching    Leakage      Total
                          Power      Power      Power      Power (Watts)
----------------------------------------------------------------
Sequential             2.80e-03   3.24e-04   2.39e-07   3.13e-03  12.7%
Combinational          8.01e-03   1.06e-02   1.33e-06   1.86e-02  75.3%
Clock                  1.73e-03   1.22e-03   6.24e-08   2.96e-03  12.0%
Macro                  0.00e+00   0.00e+00   0.00e+00   0.00e+00   0.0%
Pad                    0.00e+00   0.00e+00   0.00e+00   0.00e+00   0.0%
----------------------------------------------------------------
Total                  1.25e-02   1.21e-02   1.63e-06   2.46e-02 100.0%
                          50.9%      49.1%       0.0%
