violation type: Lef58EolKeepOut
	srcs: net:_039764_ net:net8542
	bbox = (4.0910, 63.8640) - (4.1170, 63.8820) on Layer M2
violation type: Lef58EolKeepOut
	srcs: net:_039764_ net:net8542
	bbox = (4.0910, 63.8820) - (4.1170, 63.8820) on Layer M2
violation type: Lef58EolKeepOut
	srcs: net:_039764_ net:net8542
	bbox = (4.0910, 63.8640) - (4.1170, 63.8640) on Layer M2
violation type: Short
	srcs: net:_037521_ net:VDD
	bbox = (29.4990, 43.9930) - (29.5020, 44.0270) on Layer M3
violation type: Short
	srcs: net:_056898_ net:_056907_
	bbox = (93.0050, 31.9500) - (93.0070, 31.9510) on Layer M1
violation type: Metal Spacing
	srcs: net:_056898_ net:_056907_
	bbox = (93.0060, 31.9280) - (93.0170, 31.9320) on Layer M1
violation type: Metal Spacing
	srcs: net:_056898_ net:_056907_
	bbox = (93.0060, 31.9320) - (93.0170, 31.9510) on Layer M1
violation type: Metal Spacing
	srcs: net:_056898_ net:_056907_
	bbox = (93.0060, 31.9320) - (93.0170, 31.9500) on Layer M1
