OpenROAD ee3d65ce03b2656092ed62bf9205c5c11049c575 
Features included (+) or not (-): +GPU +GUI +Python
This program is licensed under the BSD-3 license. See the LICENSE file for details.
Components of this program may be licensed under more restrictive licenses which must be honored.
[INFO ORD-0030] Using 32 thread(s).
source /home/lucast/workspace/OR-flow-TCC/flow/platforms/asap7/liberty_suppressions.tcl
read_liberty /home/lucast/workspace/OR-flow-TCC/flow/platforms/asap7/lib/NLDM/asap7sc7p5t_AO_RVT_FF_nldm_211120.lib.gz
read_liberty /home/lucast/workspace/OR-flow-TCC/flow/platforms/asap7/lib/NLDM/asap7sc7p5t_INVBUF_RVT_FF_nldm_220122.lib.gz
read_liberty /home/lucast/workspace/OR-flow-TCC/flow/platforms/asap7/lib/NLDM/asap7sc7p5t_OA_RVT_FF_nldm_211120.lib.gz
read_liberty /home/lucast/workspace/OR-flow-TCC/flow/platforms/asap7/lib/NLDM/asap7sc7p5t_SIMPLE_RVT_FF_nldm_211120.lib.gz
read_liberty /home/lucast/workspace/OR-flow-TCC/flow/platforms/asap7/lib/NLDM/asap7sc7p5t_SEQ_RVT_FF_nldm_220123.lib
read_liberty ./results/asap7/riscv32i-mock-sram_fakeram7_256x32/modified_alpha_4-beta_0.1/fakeram7_256x32_typ.lib
read_liberty /home/lucast/workspace/OR-flow-TCC/flow/platforms/asap7/lib/NLDM/asap7sc7p5t_DFFHQNH2V2X_RVT_TT_nldm_FAKE.lib
read_liberty /home/lucast/workspace/OR-flow-TCC/flow/platforms/asap7/lib/NLDM/asap7sc7p5t_DFFHQNV2X_RVT_TT_nldm_FAKE.lib
read_db -hier ./results/asap7/riscv32i-mock-sram/modified_alpha_4-beta_0.1/5_1_grt.odb
[WARNING ORD-0012] Hierarchical flow (-hier) is currently in development and may cause multiple issues. Do not use in production environments.
source /home/lucast/workspace/OR-flow-TCC/flow/platforms/asap7/setRC.tcl
detailed_route -output_drc ./reports/asap7/riscv32i-mock-sram/modified_alpha_4-beta_0.1/5_route_drc.rpt -output_maze ./results/asap7/riscv32i-mock-sram/modified_alpha_4-beta_0.1/maze.log -droute_end_iter 64 -verbose 1 -drc_report_iter_step 5
[INFO DRT-0149] Reading tech and libs.

Units:                1000
Number of layers:     21
Number of macros:     231
Number of vias:       20
Number of viarulegen: 11

[INFO DRT-0150] Reading design.

Design:                   riscv_top
Die area:                 ( 0 0 ) ( 64318 64318 )
Number of track patterns: 32
Number of DEF vias:       0
Number of components:     9632
Number of terminals:      137
Number of snets:          2
Number of nets:           10081

[INFO DRT-0167] List of default vias:
  Layer V2
    default via: VIA23
  Layer V3
    default via: VIA34
  Layer V4
    default via: VIA45
  Layer V5
    default via: VIA56
  Layer V6
    default via: VIA67
  Layer V7
    default via: VIA78
  Layer V8
    default via: VIA89
  Layer V9
    default via: VIA9Pad
[INFO DRT-0162] Library cell analysis.
[INFO DRT-0163] Instance analysis.
[INFO DRT-0164] Number of unique instances = 262.
[INFO DRT-0168] Init region query.
[INFO DRT-0024]   Complete Active.
[INFO DRT-0024]   Complete V0.
[INFO DRT-0024]   Complete M1.
[INFO DRT-0024]   Complete V1.
[INFO DRT-0024]   Complete M2.
[INFO DRT-0024]   Complete V2.
[INFO DRT-0024]   Complete M3.
[INFO DRT-0024]   Complete V3.
[INFO DRT-0024]   Complete M4.
[INFO DRT-0024]   Complete V4.
[INFO DRT-0024]   Complete M5.
[INFO DRT-0024]   Complete V5.
[INFO DRT-0024]   Complete M6.
[INFO DRT-0024]   Complete V6.
[INFO DRT-0024]   Complete M7.
[INFO DRT-0024]   Complete V7.
[INFO DRT-0024]   Complete M8.
[INFO DRT-0024]   Complete V8.
[INFO DRT-0024]   Complete M9.
[INFO DRT-0024]   Complete V9.
[INFO DRT-0024]   Complete Pad.
[INFO DRT-0033] Active shape region query size = 0.
[INFO DRT-0033] V0 shape region query size = 0.
[INFO DRT-0033] M1 shape region query size = 172498.
[INFO DRT-0033] V1 shape region query size = 166871.
[INFO DRT-0033] M2 shape region query size = 6917.
[INFO DRT-0033] V2 shape region query size = 8227.
[INFO DRT-0033] M3 shape region query size = 8010.
[INFO DRT-0033] V3 shape region query size = 5190.
[INFO DRT-0033] M4 shape region query size = 5494.
[INFO DRT-0033] V4 shape region query size = 5190.
[INFO DRT-0033] M5 shape region query size = 3466.
[INFO DRT-0033] V5 shape region query size = 3064.
[INFO DRT-0033] M6 shape region query size = 714.
[INFO DRT-0033] V6 shape region query size = 0.
[INFO DRT-0033] M7 shape region query size = 0.
[INFO DRT-0033] V7 shape region query size = 0.
[INFO DRT-0033] M8 shape region query size = 0.
[INFO DRT-0033] V8 shape region query size = 0.
[INFO DRT-0033] M9 shape region query size = 0.
[INFO DRT-0033] V9 shape region query size = 0.
[INFO DRT-0033] Pad shape region query size = 0.
[INFO DRT-0165] Start pin access.
[INFO DRT-0076]   Complete 1000 pins.
[INFO DRT-0078]   Complete 1859 pins.
[INFO DRT-0079]   Complete 100 unique inst patterns.
[INFO DRT-0079]   Complete 200 unique inst patterns.
[INFO DRT-0081]   Complete 256 unique inst patterns.
[INFO DRT-0084]   Complete 4844 groups.
#scanned instances     = 9632
#unique  instances     = 260
#stdCellGenAp          = 8421
#stdCellValidPlanarAp  = 70
#stdCellValidViaAp     = 6476
#stdCellPinNoAp        = 0
#stdCellPinCnt         = 34468
#instTermValidViaApCnt = 0
#macroGenAp            = 1050
#macroValidPlanarAp    = 1050
#macroValidViaAp       = 0
#macroNoAp             = 0
[INFO DRT-0166] Complete pin access.
[INFO DRT-0267] cpu time = 00:06:20, elapsed time = 00:00:16, memory = 407.05 (MB), peak = 402.51 (MB)

[INFO DRT-0157] Number of guides:     94636

[INFO DRT-0169] Post process guides.
[INFO DRT-0176] GCELLGRID X 0 DO 112 STEP 570 ;
[INFO DRT-0177] GCELLGRID Y 0 DO 112 STEP 570 ;
[INFO DRT-0028]   Complete Active.
[INFO DRT-0028]   Complete V0.
[INFO DRT-0028]   Complete M1.
[INFO DRT-0028]   Complete V1.
[INFO DRT-0028]   Complete M2.
[INFO DRT-0028]   Complete V2.
[INFO DRT-0028]   Complete M3.
[INFO DRT-0028]   Complete V3.
[INFO DRT-0028]   Complete M4.
[INFO DRT-0028]   Complete V4.
[INFO DRT-0028]   Complete M5.
[INFO DRT-0028]   Complete V5.
[INFO DRT-0028]   Complete M6.
[INFO DRT-0028]   Complete V6.
[INFO DRT-0028]   Complete M7.
[INFO DRT-0028]   Complete V7.
[INFO DRT-0028]   Complete M8.
[INFO DRT-0028]   Complete V8.
[INFO DRT-0028]   Complete M9.
[INFO DRT-0028]   Complete V9.
[INFO DRT-0028]   Complete Pad.
[INFO DRT-0178] Init guide query.
[INFO DRT-0035]   Complete Active (guide).
[INFO DRT-0035]   Complete V0 (guide).
[INFO DRT-0035]   Complete M1 (guide).
[INFO DRT-0035]   Complete V1 (guide).
[INFO DRT-0035]   Complete M2 (guide).
[INFO DRT-0035]   Complete V2 (guide).
[INFO DRT-0035]   Complete M3 (guide).
[INFO DRT-0035]   Complete V3 (guide).
[INFO DRT-0035]   Complete M4 (guide).
[INFO DRT-0035]   Complete V4 (guide).
[INFO DRT-0035]   Complete M5 (guide).
[INFO DRT-0035]   Complete V5 (guide).
[INFO DRT-0035]   Complete M6 (guide).
[INFO DRT-0035]   Complete V6 (guide).
[INFO DRT-0035]   Complete M7 (guide).
[INFO DRT-0035]   Complete V7 (guide).
[INFO DRT-0035]   Complete M8 (guide).
[INFO DRT-0035]   Complete V8 (guide).
[INFO DRT-0035]   Complete M9 (guide).
[INFO DRT-0035]   Complete V9 (guide).
[INFO DRT-0035]   Complete Pad (guide).
[INFO DRT-0036] Active guide region query size = 0.
[INFO DRT-0036] V0 guide region query size = 0.
[INFO DRT-0036] M1 guide region query size = 29885.
[INFO DRT-0036] V1 guide region query size = 0.
[INFO DRT-0036] M2 guide region query size = 27026.
[INFO DRT-0036] V2 guide region query size = 0.
[INFO DRT-0036] M3 guide region query size = 15260.
[INFO DRT-0036] V3 guide region query size = 0.
[INFO DRT-0036] M4 guide region query size = 2831.
[INFO DRT-0036] V4 guide region query size = 0.
[INFO DRT-0036] M5 guide region query size = 1040.
[INFO DRT-0036] V5 guide region query size = 0.
[INFO DRT-0036] M6 guide region query size = 225.
[INFO DRT-0036] V6 guide region query size = 0.
[INFO DRT-0036] M7 guide region query size = 74.
[INFO DRT-0036] V7 guide region query size = 0.
[INFO DRT-0036] M8 guide region query size = 0.
[INFO DRT-0036] V8 guide region query size = 0.
[INFO DRT-0036] M9 guide region query size = 0.
[INFO DRT-0036] V9 guide region query size = 0.
[INFO DRT-0036] Pad guide region query size = 0.
[INFO DRT-0179] Init gr pin query.
[INFO DRT-0267] cpu time = 00:00:00, elapsed time = 00:00:00, memory = 434.53 (MB), peak = 429.76 (MB)
[INFO DRT-0245] skipped writing guide updates to database.
[INFO DRT-0185] Post process initialize RPin region query.
[INFO DRT-0181] Start track assignment.
[INFO DRT-0184] Done with 46259 vertical wires in 3 frboxes and 30082 horizontal wires in 3 frboxes.
[INFO DRT-0186] Done with 7702 vertical wires in 3 frboxes and 10400 horizontal wires in 3 frboxes.
[INFO DRT-0182] Complete track assignment.
[INFO DRT-0267] cpu time = 00:00:02, elapsed time = 00:00:01, memory = 656.32 (MB), peak = 651.93 (MB)
[INFO DRT-0187] Start routing data preparation.
[INFO DRT-0267] cpu time = 00:00:00, elapsed time = 00:00:00, memory = 656.41 (MB), peak = 651.93 (MB)
[INFO DRT-0194] Start detail routing.
[INFO DRT-0195] Start 0th optimization iteration.
    Completing 10% with 0 violations.
    elapsed time = 00:00:00, memory = 6545.31 (MB).
    Completing 20% with 0 violations.
    elapsed time = 00:00:04, memory = 3999.21 (MB).
    Completing 30% with 1171 violations.
    elapsed time = 00:00:07, memory = 7135.44 (MB).
    Completing 40% with 1171 violations.
    elapsed time = 00:00:08, memory = 6852.35 (MB).
    Completing 50% with 1171 violations.
    elapsed time = 00:00:15, memory = 2566.75 (MB).
    Completing 60% with 2236 violations.
    elapsed time = 00:00:18, memory = 8948.97 (MB).
    Completing 70% with 2236 violations.
    elapsed time = 00:00:24, memory = 5495.87 (MB).
    Completing 80% with 3364 violations.
    elapsed time = 00:00:30, memory = 9434.19 (MB).
    Completing 90% with 3364 violations.
    elapsed time = 00:00:32, memory = 8765.98 (MB).
    Completing 100% with 4264 violations.
    elapsed time = 00:00:43, memory = 3438.68 (MB).
[INFO DRT-0199]   Number of violations = 4928.
Viol/Layer          M1     M2     V2     M3     V3     M4     V4     M5     V5     M6     V6     M7
Corner Spacing       0      0      0      0      0      1      0      0      0      0      0      0
CutSpcTbl            0      0      0      0     49      0     17      0      0      0      7      0
EOL                  0    357      0     70      0     37      0      2      0      0      0      0
Metal Spacing       39    150      0    466      0     41      0      5      0     12      0      0
Recheck              0    368      0    230      0     55      0     10      0      1      0      0
Short                6    393      9     47      1     52      1     42      1      8      2      2
eolKeepOut           0   2052      0    219      0    155      0     12      0      9      0      0
[INFO DRT-0267] cpu time = 00:12:49, elapsed time = 00:00:44, memory = 3853.73 (MB), peak = 9947.76 (MB)
Total wire length = 52918 um.
Total wire length on LAYER M1 = 0 um.
Total wire length on LAYER M2 = 11344 um.
Total wire length on LAYER M3 = 20131 um.
Total wire length on LAYER M4 = 12958 um.
Total wire length on LAYER M5 = 6265 um.
Total wire length on LAYER M6 = 1583 um.
Total wire length on LAYER M7 = 634 um.
Total wire length on LAYER M8 = 0 um.
Total wire length on LAYER M9 = 0 um.
Total wire length on LAYER Pad = 0 um.
Total number of vias = 117159.
Up-via summary (total 117159):

-----------------
 Active         0
     M1     34301
     M2     59089
     M3     19049
     M4      3909
     M5       636
     M6       175
     M7         0
     M8         0
     M9         0
-----------------
       117159


[INFO DRT-0195] Start 1st optimization iteration.
    Completing 10% with 4928 violations.
    elapsed time = 00:00:01, memory = 10283.88 (MB).
    Completing 20% with 4928 violations.
    elapsed time = 00:00:05, memory = 9080.32 (MB).
    Completing 30% with 3904 violations.
    elapsed time = 00:00:13, memory = 8605.05 (MB).
    Completing 40% with 3904 violations.
    elapsed time = 00:00:15, memory = 10684.09 (MB).
    Completing 50% with 3904 violations.
    elapsed time = 00:00:23, memory = 6240.62 (MB).
    Completing 60% with 2882 violations.
    elapsed time = 00:00:27, memory = 10701.57 (MB).
    Completing 70% with 2882 violations.
    elapsed time = 00:00:31, memory = 9153.04 (MB).
    Completing 80% with 1846 violations.
    elapsed time = 00:00:41, memory = 10523.13 (MB).
    Completing 90% with 1846 violations.
    elapsed time = 00:00:43, memory = 10180.07 (MB).
    Completing 100% with 1000 violations.
    elapsed time = 00:00:55, memory = 4361.29 (MB).
[INFO DRT-0199]   Number of violations = 1000.
Viol/Layer          M1     M2     V2     M3     V3     M4     V4     V5
CutSpcTbl            0      0      0      0     20      0      5      1
EOL                  0     84      0     12      0     10      0      0
Metal Spacing       24     24      0    252      0     10      0      0
Short                4     44      2      8      0     15      0      0
eolKeepOut           0    390      0     36      0     59      0      0
[INFO DRT-0267] cpu time = 00:15:13, elapsed time = 00:00:55, memory = 4328.51 (MB), peak = 11038.07 (MB)
Total wire length = 52585 um.
Total wire length on LAYER M1 = 0 um.
Total wire length on LAYER M2 = 10573 um.
Total wire length on LAYER M3 = 19899 um.
Total wire length on LAYER M4 = 13378 um.
Total wire length on LAYER M5 = 6367 um.
Total wire length on LAYER M6 = 1735 um.
Total wire length on LAYER M7 = 631 um.
Total wire length on LAYER M8 = 0 um.
Total wire length on LAYER M9 = 0 um.
Total wire length on LAYER Pad = 0 um.
Total number of vias = 114452.
Up-via summary (total 114452):

-----------------
 Active         0
     M1     34287
     M2     56360
     M3     18427
     M4      4450
     M5       782
     M6       146
     M7         0
     M8         0
     M9         0
-----------------
       114452


[INFO DRT-0195] Start 2nd optimization iteration.
    Completing 10% with 1000 violations.
    elapsed time = 00:00:00, memory = 4328.51 (MB).
    Completing 20% with 1000 violations.
    elapsed time = 00:00:03, memory = 9625.29 (MB).
    Completing 30% with 863 violations.
    elapsed time = 00:00:13, memory = 4348.61 (MB).
    Completing 40% with 863 violations.
    elapsed time = 00:00:13, memory = 4348.61 (MB).
    Completing 50% with 863 violations.
    elapsed time = 00:00:21, memory = 6389.24 (MB).
    Completing 60% with 824 violations.
    elapsed time = 00:00:25, memory = 4370.05 (MB).
    Completing 70% with 824 violations.
    elapsed time = 00:00:26, memory = 9274.95 (MB).
    Completing 80% with 845 violations.
    elapsed time = 00:00:38, memory = 4383.14 (MB).
    Completing 90% with 845 violations.
    elapsed time = 00:00:38, memory = 4393.96 (MB).
    Completing 100% with 810 violations.
    elapsed time = 00:00:51, memory = 4391.42 (MB).
[INFO DRT-0199]   Number of violations = 810.
Viol/Layer          M1     M2     M3     V3     M4     V4
CutSpcTbl            0      0      0      8      0      1
EOL                  0     71     10      0      7      0
Metal Spacing       31     18    220      0     10      0
Short                6     32      2      0      9      0
eolKeepOut           0    324     28      0     33      0
[INFO DRT-0267] cpu time = 00:11:25, elapsed time = 00:00:51, memory = 4330.81 (MB), peak = 11038.07 (MB)
Total wire length = 52445 um.
Total wire length on LAYER M1 = 0 um.
Total wire length on LAYER M2 = 10486 um.
Total wire length on LAYER M3 = 19845 um.
Total wire length on LAYER M4 = 13296 um.
Total wire length on LAYER M5 = 6344 um.
Total wire length on LAYER M6 = 1829 um.
Total wire length on LAYER M7 = 642 um.
Total wire length on LAYER M8 = 0 um.
Total wire length on LAYER M9 = 0 um.
Total wire length on LAYER Pad = 0 um.
Total number of vias = 113426.
Up-via summary (total 113426):

-----------------
 Active         0
     M1     34288
     M2     55689
     M3     17826
     M4      4577
     M5       885
     M6       161
     M7         0
     M8         0
     M9         0
-----------------
       113426


[INFO DRT-0195] Start 3rd optimization iteration.
    Completing 10% with 810 violations.
    elapsed time = 00:00:00, memory = 4330.81 (MB).
    Completing 20% with 810 violations.
    elapsed time = 00:00:04, memory = 7046.80 (MB).
    Completing 30% with 629 violations.
    elapsed time = 00:00:06, memory = 4315.75 (MB).
    Completing 40% with 629 violations.
    elapsed time = 00:00:06, memory = 4315.75 (MB).
    Completing 50% with 629 violations.
    elapsed time = 00:00:13, memory = 4349.96 (MB).
    Completing 60% with 390 violations.
    elapsed time = 00:00:13, memory = 4349.96 (MB).
    Completing 70% with 390 violations.
    elapsed time = 00:00:17, memory = 7096.45 (MB).
    Completing 80% with 224 violations.
    elapsed time = 00:00:22, memory = 4396.30 (MB).
    Completing 90% with 224 violations.
    elapsed time = 00:00:22, memory = 4396.30 (MB).
    Completing 100% with 53 violations.
    elapsed time = 00:00:29, memory = 4408.62 (MB).
[INFO DRT-0199]   Number of violations = 53.
Viol/Layer          M2     M3     V3     M4
CutSpcTbl            0      0      1      0
EOL                  3      1      0      1
Metal Spacing        2     11      0      2
Short                4      0      0      1
eolKeepOut          21      1      0      5
[INFO DRT-0267] cpu time = 00:06:15, elapsed time = 00:00:29, memory = 4379.91 (MB), peak = 11038.07 (MB)
Total wire length = 52478 um.
Total wire length on LAYER M1 = 0 um.
Total wire length on LAYER M2 = 10182 um.
Total wire length on LAYER M3 = 19612 um.
Total wire length on LAYER M4 = 13528 um.
Total wire length on LAYER M5 = 6590 um.
Total wire length on LAYER M6 = 1918 um.
Total wire length on LAYER M7 = 644 um.
Total wire length on LAYER M8 = 0 um.
Total wire length on LAYER M9 = 0 um.
Total wire length on LAYER Pad = 0 um.
Total number of vias = 113570.
Up-via summary (total 113570):

-----------------
 Active         0
     M1     34288
     M2     54662
     M3     18395
     M4      5042
     M5      1017
     M6       166
     M7         0
     M8         0
     M9         0
-----------------
       113570


[INFO DRT-0195] Start 4th guides tiles iteration.
    Completing 10% with 53 violations.
    elapsed time = 00:00:00, memory = 5251.08 (MB).
    Completing 20% with 53 violations.
    elapsed time = 00:00:04, memory = 4486.12 (MB).
    Completing 30% with 34 violations.
    elapsed time = 00:00:05, memory = 5091.51 (MB).
    Completing 40% with 34 violations.
    elapsed time = 00:00:06, memory = 4640.57 (MB).
    Completing 50% with 25 violations.
    elapsed time = 00:00:08, memory = 5022.36 (MB).
    Completing 60% with 25 violations.
    elapsed time = 00:00:10, memory = 4474.43 (MB).
    Completing 70% with 10 violations.
    elapsed time = 00:00:11, memory = 4664.87 (MB).
    Completing 80% with 9 violations.
    elapsed time = 00:00:12, memory = 4612.41 (MB).
    Completing 90% with 5 violations.
    elapsed time = 00:00:14, memory = 4474.43 (MB).
    Completing 100% with 0 violations.
    elapsed time = 00:00:19, memory = 4477.61 (MB).
[INFO DRT-0199]   Number of violations = 0.
[INFO DRT-0267] cpu time = 00:00:37, elapsed time = 00:00:19, memory = 4477.61 (MB), peak = 11038.07 (MB)
Total wire length = 52477 um.
Total wire length on LAYER M1 = 0 um.
Total wire length on LAYER M2 = 10178 um.
Total wire length on LAYER M3 = 19602 um.
Total wire length on LAYER M4 = 13499 um.
Total wire length on LAYER M5 = 6587 um.
Total wire length on LAYER M6 = 1954 um.
Total wire length on LAYER M7 = 654 um.
Total wire length on LAYER M8 = 0 um.
Total wire length on LAYER M9 = 0 um.
Total wire length on LAYER Pad = 0 um.
Total number of vias = 113566.
Up-via summary (total 113566):

-----------------
 Active         0
     M1     34288
     M2     54651
     M3     18385
     M4      5039
     M5      1031
     M6       172
     M7         0
     M8         0
     M9         0
-----------------
       113566


[INFO DRT-0198] Complete detail routing.
Total wire length = 52477 um.
Total wire length on LAYER M1 = 0 um.
Total wire length on LAYER M2 = 10178 um.
Total wire length on LAYER M3 = 19602 um.
Total wire length on LAYER M4 = 13499 um.
Total wire length on LAYER M5 = 6587 um.
Total wire length on LAYER M6 = 1954 um.
Total wire length on LAYER M7 = 654 um.
Total wire length on LAYER M8 = 0 um.
Total wire length on LAYER M9 = 0 um.
Total wire length on LAYER Pad = 0 um.
Total number of vias = 113566.
Up-via summary (total 113566):

-----------------
 Active         0
     M1     34288
     M2     54651
     M3     18385
     M4      5039
     M5      1031
     M6       172
     M7         0
     M8         0
     M9         0
-----------------
       113566


[INFO DRT-0267] cpu time = 00:46:21, elapsed time = 00:03:20, memory = 4477.73 (MB), peak = 11038.07 (MB)

[INFO DRT-0180] Post processing.
Took 218 seconds: detailed_route -output_drc ./reports/asap7/riscv32i-mock-sram/modified_alpha_4-beta_0.1/5_route_drc.rpt -output_maze ./results/asap7/riscv32i-mock-sram/modified_alpha_4-beta_0.1/maze.log -droute_end_iter 64 -verbose 1 -drc_report_iter_step 5
[WARNING GRT-0246] No diode with LEF class CORE ANTENNACELL found.
[INFO ANT-0002] Found 0 net violations.
[INFO ANT-0001] Found 0 pin violations.
[INFO ANT-0002] Found 0 net violations.
[INFO ANT-0001] Found 0 pin violations.
write_db ./results/asap7/riscv32i-mock-sram/modified_alpha_4-beta_0.1/5_2_route.odb
Elapsed time: 3:40.47[h:]min:sec. CPU time: user 3089.27 sys 101.99 (1447%). Peak memory: 11302980KB.
Log                        Elapsed/s Peak Memory/MB  sha1sum .odb [0:20)
5_2_route                        220          11038 01d6b4d2402be8f96708
