
==========================================================================
finish report_tns
--------------------------------------------------------------------------
tns max -332.04

==========================================================================
finish report_wns
--------------------------------------------------------------------------
wns max -21.75

==========================================================================
finish report_worst_slack
--------------------------------------------------------------------------
worst slack max -21.75

==========================================================================
finish report_clock_min_period
--------------------------------------------------------------------------
clk period_min = 971.75 fmax = 1029.08

==========================================================================
finish report_clock_skew
--------------------------------------------------------------------------
Clock clk
 100.13 source latency riscv.dp.rf.rf[22][26]$_DFFE_PP_/CLK ^
 -50.45 target latency dmem.dmem3/clk ^
   0.00 CRPR
--------------
  49.68 setup skew


==========================================================================
finish report_checks -path_delay min
--------------------------------------------------------------------------
Startpoint: reset (input port clocked by clk)
Endpoint: riscv.dp.pcreg.q[27]$_DFF_PP0_
          (removal check against rising-edge clock clk)
Path Group: asynchronous
Path Type: min

Fanout     Cap    Slew   Delay    Time   Description
-----------------------------------------------------------------------------
                          0.00    0.00   clock clk (rise edge)
                          0.00    0.00   clock network delay (propagated)
                        118.75  118.75 v input external delay
     1    1.22    0.00    0.00  118.75 v reset (in)
                                         reset (net)
                  0.50    0.16  118.91 v input102/A (BUFx2_ASAP7_75t_R)
     1    5.37   18.66   15.81  134.72 v input102/Y (BUFx2_ASAP7_75t_R)
                                         net64 (net)
                 21.21    3.60  138.32 v _14891_/A (INVx1_ASAP7_75t_R)
     1    0.58    9.42    8.26  146.58 ^ _14891_/Y (INVx1_ASAP7_75t_R)
                                         _07736_ (net)
                  9.42    0.04  146.62 ^ place1885/A (BUFx3_ASAP7_75t_R)
    32   28.89   68.83   30.21  176.84 ^ place1885/Y (BUFx3_ASAP7_75t_R)
                                         net1847 (net)
                 70.12    5.41  182.25 ^ riscv.dp.pcreg.q[27]$_DFF_PP0_/RESETN (DFFASRHQNx1_ASAP7_75t_R)
                                182.25   data arrival time

                          0.00    0.00   clock clk (rise edge)
                          0.00    0.00   clock source latency
     2   10.98    0.00    0.00    0.00 ^ clk (in)
                                         clk (net)
                 16.49    5.20    5.20 ^ clkbuf_regs_0_clk/A (BUFx16f_ASAP7_75t_R)
     1    2.75    5.84   16.11   21.31 ^ clkbuf_regs_0_clk/Y (BUFx16f_ASAP7_75t_R)
                                         clk_regs (net)
                  5.88    0.39   21.71 ^ clkbuf_0_clk_regs/A (BUFx16f_ASAP7_75t_R)
     4   17.36   14.04   15.14   36.84 ^ clkbuf_0_clk_regs/Y (BUFx16f_ASAP7_75t_R)
                                         clknet_0_clk_regs (net)
                 17.39    3.53   40.37 ^ clkbuf_2_1__f_clk_regs/A (BUFx16f_ASAP7_75t_R)
    14   49.48   30.52   24.29   64.66 ^ clkbuf_2_1__f_clk_regs/Y (BUFx16f_ASAP7_75t_R)
                                         clknet_2_1__leaf_clk_regs (net)
                 35.63    6.52   71.18 ^ clkbuf_leaf_15_clk_regs/A (BUFx24_ASAP7_75t_R)
    11    9.15   10.16   25.39   96.58 ^ clkbuf_leaf_15_clk_regs/Y (BUFx24_ASAP7_75t_R)
                                         clknet_leaf_15_clk_regs (net)
                 10.97    1.38   97.96 ^ riscv.dp.pcreg.q[27]$_DFF_PP0_/CLK (DFFASRHQNx1_ASAP7_75t_R)
                          0.00   97.96   clock reconvergence pessimism
                         26.33  124.29   library removal time
                                124.29   data required time
-----------------------------------------------------------------------------
                                124.29   data required time
                               -182.25   data arrival time
-----------------------------------------------------------------------------
                                 57.96   slack (MET)


Startpoint: riscv.dp.rf.rf[0][1]$_DFFE_PP_
            (rising edge-triggered flip-flop clocked by clk)
Endpoint: riscv.dp.rf.rf[0][1]$_DFFE_PP_
          (rising edge-triggered flip-flop clocked by clk)
Path Group: clk
Path Type: min

Fanout     Cap    Slew   Delay    Time   Description
-----------------------------------------------------------------------------
                          0.00    0.00   clock clk (rise edge)
                          0.00    0.00   clock source latency
     2    9.66    0.00    0.00    0.00 ^ clk (in)
                                         clk (net)
                 14.08    4.44    4.44 ^ clkbuf_regs_0_clk/A (BUFx16f_ASAP7_75t_R)
     1    2.09    5.46   15.28   19.72 ^ clkbuf_regs_0_clk/Y (BUFx16f_ASAP7_75t_R)
                                         clk_regs (net)
                  5.47    0.30   20.02 ^ clkbuf_0_clk_regs/A (BUFx16f_ASAP7_75t_R)
     4   14.73   12.42   14.72   34.74 ^ clkbuf_0_clk_regs/Y (BUFx16f_ASAP7_75t_R)
                                         clknet_0_clk_regs (net)
                 14.66    2.72   37.46 ^ clkbuf_2_2__f_clk_regs/A (BUFx16f_ASAP7_75t_R)
    14   39.33   25.59   20.68   58.14 ^ clkbuf_2_2__f_clk_regs/Y (BUFx16f_ASAP7_75t_R)
                                         clknet_2_2__leaf_clk_regs (net)
                 33.53    7.35   65.49 ^ clkbuf_leaf_25_clk_regs/A (BUFx24_ASAP7_75t_R)
    11    6.53    9.20   24.50   89.99 ^ clkbuf_leaf_25_clk_regs/Y (BUFx24_ASAP7_75t_R)
                                         clknet_leaf_25_clk_regs (net)
                  9.20    0.13   90.12 ^ riscv.dp.rf.rf[0][1]$_DFFE_PP_/CLK (DFFHQNx1_ASAP7_75t_R)
     2    1.07   14.70   36.66  126.78 ^ riscv.dp.rf.rf[0][1]$_DFFE_PP_/QN (DFFHQNx1_ASAP7_75t_R)
                                         _01026_ (net)
                 14.71    0.08  126.86 ^ _11839_/A (INVx1_ASAP7_75t_R)
     2    1.20    9.74    8.17  135.03 v _11839_/Y (INVx1_ASAP7_75t_R)
                                         _04719_ (net)
                  9.74    0.07  135.10 v riscv.dp.rf.rf[0][1]$_DFFE_PP_/D (DFFHQNx1_ASAP7_75t_R)
                                135.10   data arrival time

                          0.00    0.00   clock clk (rise edge)
                          0.00    0.00   clock source latency
     2   10.98    0.00    0.00    0.00 ^ clk (in)
                                         clk (net)
                 16.49    5.20    5.20 ^ clkbuf_regs_0_clk/A (BUFx16f_ASAP7_75t_R)
     1    2.75    5.84   16.11   21.31 ^ clkbuf_regs_0_clk/Y (BUFx16f_ASAP7_75t_R)
                                         clk_regs (net)
                  5.88    0.39   21.71 ^ clkbuf_0_clk_regs/A (BUFx16f_ASAP7_75t_R)
     4   17.36   14.04   15.14   36.84 ^ clkbuf_0_clk_regs/Y (BUFx16f_ASAP7_75t_R)
                                         clknet_0_clk_regs (net)
                 16.90    3.26   40.11 ^ clkbuf_2_2__f_clk_regs/A (BUFx16f_ASAP7_75t_R)
    14   47.74   29.43   22.23   62.34 ^ clkbuf_2_2__f_clk_regs/Y (BUFx16f_ASAP7_75t_R)
                                         clknet_2_2__leaf_clk_regs (net)
                 39.54    8.92   71.26 ^ clkbuf_leaf_25_clk_regs/A (BUFx24_ASAP7_75t_R)
    11    7.80    9.93   26.19   97.45 ^ clkbuf_leaf_25_clk_regs/Y (BUFx24_ASAP7_75t_R)
                                         clknet_leaf_25_clk_regs (net)
                  9.93    0.16   97.60 ^ riscv.dp.rf.rf[0][1]$_DFFE_PP_/CLK (DFFHQNx1_ASAP7_75t_R)
                         -7.49   90.12   clock reconvergence pessimism
                         10.78  100.89   library hold time
                                100.89   data required time
-----------------------------------------------------------------------------
                                100.89   data required time
                               -135.10   data arrival time
-----------------------------------------------------------------------------
                                 34.20   slack (MET)



==========================================================================
finish report_checks -path_delay max
--------------------------------------------------------------------------
Startpoint: reset (input port clocked by clk)
Endpoint: riscv.dp.pcreg.q[2]$_DFF_PP0_
          (recovery check against rising-edge clock clk)
Path Group: asynchronous
Path Type: max

Fanout     Cap    Slew   Delay    Time   Description
-----------------------------------------------------------------------------
                          0.00    0.00   clock clk (rise edge)
                          0.00    0.00   clock network delay (propagated)
                        118.75  118.75 v input external delay
     1    1.35    0.00    0.00  118.75 v reset (in)
                                         reset (net)
                  0.59    0.18  118.93 v input102/A (BUFx2_ASAP7_75t_R)
     1    5.54   19.07   15.96  134.89 v input102/Y (BUFx2_ASAP7_75t_R)
                                         net64 (net)
                 21.85    3.79  138.68 v _14891_/A (INVx1_ASAP7_75t_R)
     1    0.73   10.36    8.97  147.66 ^ _14891_/Y (INVx1_ASAP7_75t_R)
                                         _07736_ (net)
                 10.36    0.05  147.71 ^ place1885/A (BUFx3_ASAP7_75t_R)
    32   32.27   76.26   32.31  180.02 ^ place1885/Y (BUFx3_ASAP7_75t_R)
                                         net1847 (net)
                 89.52   16.66  196.68 ^ riscv.dp.pcreg.q[2]$_DFF_PP0_/RESETN (DFFASRHQNx1_ASAP7_75t_R)
                                196.68   data arrival time

                        950.00  950.00   clock clk (rise edge)
                          0.00  950.00   clock source latency
     2    9.66    0.00    0.00  950.00 ^ clk (in)
                                         clk (net)
                 14.08    4.44  954.44 ^ clkbuf_regs_0_clk/A (BUFx16f_ASAP7_75t_R)
     1    2.09    5.46   15.28  969.72 ^ clkbuf_regs_0_clk/Y (BUFx16f_ASAP7_75t_R)
                                         clk_regs (net)
                  5.47    0.30  970.02 ^ clkbuf_0_clk_regs/A (BUFx16f_ASAP7_75t_R)
     4   14.73   12.42   14.72  984.74 ^ clkbuf_0_clk_regs/Y (BUFx16f_ASAP7_75t_R)
                                         clknet_0_clk_regs (net)
                 15.14    3.01  987.75 ^ clkbuf_2_1__f_clk_regs/A (BUFx16f_ASAP7_75t_R)
    14   41.06   26.45   22.38 1010.13 ^ clkbuf_2_1__f_clk_regs/Y (BUFx16f_ASAP7_75t_R)
                                         clknet_2_1__leaf_clk_regs (net)
                 28.78    4.16 1014.29 ^ clkbuf_leaf_18_clk_regs/A (BUFx24_ASAP7_75t_R)
    11    6.75    9.09   23.37 1037.66 ^ clkbuf_leaf_18_clk_regs/Y (BUFx24_ASAP7_75t_R)
                                         clknet_leaf_18_clk_regs (net)
                  9.10    0.31 1037.96 ^ riscv.dp.pcreg.q[2]$_DFF_PP0_/CLK (DFFASRHQNx1_ASAP7_75t_R)
                          0.00 1037.96   clock reconvergence pessimism
                         19.30 1057.26   library recovery time
                               1057.26   data required time
-----------------------------------------------------------------------------
                               1057.26   data required time
                               -196.68   data arrival time
-----------------------------------------------------------------------------
                                860.58   slack (MET)


Startpoint: riscv.dp.pcreg.q[31]$_DFF_PP0_
            (rising edge-triggered flip-flop clocked by clk)
Endpoint: dataadr[0] (output port clocked by clk)
Path Group: clk
Path Type: max

Fanout     Cap    Slew   Delay    Time   Description
-----------------------------------------------------------------------------
                          0.00    0.00   clock clk (rise edge)
                          0.00    0.00   clock source latency
     2   10.98    0.00    0.00    0.00 ^ clk (in)
                                         clk (net)
                 16.49    5.20    5.20 ^ clkbuf_regs_0_clk/A (BUFx16f_ASAP7_75t_R)
     1    2.75    5.84   16.11   21.31 ^ clkbuf_regs_0_clk/Y (BUFx16f_ASAP7_75t_R)
                                         clk_regs (net)
                  5.88    0.39   21.71 ^ clkbuf_0_clk_regs/A (BUFx16f_ASAP7_75t_R)
     4   17.36   14.04   15.14   36.84 ^ clkbuf_0_clk_regs/Y (BUFx16f_ASAP7_75t_R)
                                         clknet_0_clk_regs (net)
                 17.39    3.53   40.37 ^ clkbuf_2_1__f_clk_regs/A (BUFx16f_ASAP7_75t_R)
    14   49.48   30.52   24.29   64.66 ^ clkbuf_2_1__f_clk_regs/Y (BUFx16f_ASAP7_75t_R)
                                         clknet_2_1__leaf_clk_regs (net)
                 33.40    4.95   69.61 ^ clkbuf_leaf_18_clk_regs/A (BUFx24_ASAP7_75t_R)
    11    8.08    9.78   24.73   94.34 ^ clkbuf_leaf_18_clk_regs/Y (BUFx24_ASAP7_75t_R)
                                         clknet_leaf_18_clk_regs (net)
                 10.00    0.81   95.15 ^ riscv.dp.pcreg.q[31]$_DFF_PP0_/CLK (DFFASRHQNx1_ASAP7_75t_R)
     3    3.65   32.62   50.28  145.43 ^ riscv.dp.pcreg.q[31]$_DFF_PP0_/QN (DFFASRHQNx1_ASAP7_75t_R)
                                         _00000_ (net)
                 32.63    0.37  145.80 ^ rebuffer1975/A (BUFx6f_ASAP7_75t_R)
     1    4.89   10.04   18.01  163.81 ^ rebuffer1975/Y (BUFx6f_ASAP7_75t_R)
                                         net1937 (net)
                 11.58    2.05  165.85 ^ _12799_/A (INVx4_ASAP7_75t_R)
     5    5.77    9.96    8.17  174.03 v _12799_/Y (INVx4_ASAP7_75t_R)
                                         net122 (net)
                  9.96    0.00  174.03 v place1867/A (BUFx6f_ASAP7_75t_R)
    21   33.34   33.69   16.73  190.75 v place1867/Y (BUFx6f_ASAP7_75t_R)
                                         net1829 (net)
                100.98   31.53  222.28 v place1864/A (BUFx12f_ASAP7_75t_R)
    75   69.59   26.76   32.49  254.78 v place1864/Y (BUFx12f_ASAP7_75t_R)
                                         net1826 (net)
                174.15   54.77  309.55 v place1863/A (BUFx12f_ASAP7_75t_R)
    14   12.05   15.23   38.28  347.83 v place1863/Y (BUFx12f_ASAP7_75t_R)
                                         net1825 (net)
                 19.63    4.24  352.07 v _10405_/B (AND3x1_ASAP7_75t_R)
     1    0.67    7.37   14.90  366.96 v _10405_/Y (AND3x1_ASAP7_75t_R)
                                         _03341_ (net)
                  7.37    0.07  367.04 v _10406_/C (AO221x1_ASAP7_75t_R)
     1    0.48    8.48   20.66  387.70 v _10406_/Y (AO221x1_ASAP7_75t_R)
                                         _03342_ (net)
                  8.48    0.02  387.71 v _10409_/B (OA211x2_ASAP7_75t_R)
     1    0.69   10.83   25.17  412.89 v _10409_/Y (OA211x2_ASAP7_75t_R)
                                         _03345_ (net)
                 10.83    0.05  412.94 v _10410_/C (OR3x1_ASAP7_75t_R)
     1    0.76    9.84   20.90  433.84 v _10410_/Y (OR3x1_ASAP7_75t_R)
                                         _03346_ (net)
                  9.84    0.08  433.91 v _10424_/B (OA211x2_ASAP7_75t_R)
     1    1.55   11.61   27.26  461.17 v _10424_/Y (OA211x2_ASAP7_75t_R)
                                         _03360_ (net)
                 11.63    0.24  461.41 v _10448_/C (AOI211x1_ASAP7_75t_R)
     1    1.37   23.35   12.96  474.37 ^ _10448_/Y (AOI211x1_ASAP7_75t_R)
                                         _03384_ (net)
                 23.35    0.10  474.48 ^ rebuffer1987/A (BUFx6f_ASAP7_75t_R)
     2    6.83   11.66   17.15  491.63 ^ rebuffer1987/Y (BUFx6f_ASAP7_75t_R)
                                         net1949 (net)
                 14.41    2.94  494.57 ^ _10452_/A2 (AO21x1_ASAP7_75t_R)
     1    1.36   12.42   16.69  511.26 ^ _10452_/Y (AO21x1_ASAP7_75t_R)
                                         _03388_ (net)
                 12.43    0.16  511.42 ^ _10454_/A (XOR2x2_ASAP7_75t_R)
     2    1.69    9.28   21.50  532.92 v _10454_/Y (XOR2x2_ASAP7_75t_R)
                                         _03390_ (net)
                  9.28    0.00  532.92 v riscv.dp.alu.sum\\ALU_33_0_33_0_33_unused_CO_X_HAN_CARLSON/_565_/A (XOR2x2_ASAP7_75t_R)
     1    1.16    7.73   19.54  552.47 v riscv.dp.alu.sum\\ALU_33_0_33_0_33_unused_CO_X_HAN_CARLSON/_565_/Y (XOR2x2_ASAP7_75t_R)
                                         riscv.dp.alu.sum\\ALU_33_0_33_0_33_unused_CO_X_HAN_CARLSON/_262_ (net)
                  7.73    0.09  552.56 v riscv.dp.alu.sum\\ALU_33_0_33_0_33_unused_CO_X_HAN_CARLSON/_319_/A (HAxp5_ASAP7_75t_R)
     2    1.51   24.41   13.67  566.23 ^ riscv.dp.alu.sum\\ALU_33_0_33_0_33_unused_CO_X_HAN_CARLSON/_319_/CON (HAxp5_ASAP7_75t_R)
                                         riscv.dp.alu.sum\\ALU_33_0_33_0_33_unused_CO_X_HAN_CARLSON/_012_ (net)
     1    0.96   20.28   11.31  577.54 v riscv.dp.alu.sum\\ALU_33_0_33_0_33_unused_CO_X_HAN_CARLSON/_319_/SN (HAxp5_ASAP7_75t_R)
                                         riscv.dp.alu.sum\\ALU_33_0_33_0_33_unused_CO_X_HAN_CARLSON/_013_ (net)
                 20.28    0.09  577.64 v riscv.dp.alu.sum\\ALU_33_0_33_0_33_unused_CO_X_HAN_CARLSON/rebuffer1960/A (BUFx3_ASAP7_75t_R)
     6    5.24   13.31   20.19  597.83 v riscv.dp.alu.sum\\ALU_33_0_33_0_33_unused_CO_X_HAN_CARLSON/rebuffer1960/Y (BUFx3_ASAP7_75t_R)
                                         riscv.dp.alu.sum\\ALU_33_0_33_0_33_unused_CO_X_HAN_CARLSON/net1922 (net)
                 13.73    1.28  599.11 v riscv.dp.alu.sum\\ALU_33_0_33_0_33_unused_CO_X_HAN_CARLSON/_488_/B (OR2x2_ASAP7_75t_R)
     3    2.21   10.18   20.02  619.13 v riscv.dp.alu.sum\\ALU_33_0_33_0_33_unused_CO_X_HAN_CARLSON/_488_/Y (OR2x2_ASAP7_75t_R)
                                         riscv.dp.alu.sum\\ALU_33_0_33_0_33_unused_CO_X_HAN_CARLSON/_190_ (net)
                 10.20    0.27  619.40 v riscv.dp.alu.sum\\ALU_33_0_33_0_33_unused_CO_X_HAN_CARLSON/_489_/C (OR3x1_ASAP7_75t_R)
     3    2.78   19.01   27.02  646.42 v riscv.dp.alu.sum\\ALU_33_0_33_0_33_unused_CO_X_HAN_CARLSON/_489_/Y (OR3x1_ASAP7_75t_R)
                                         riscv.dp.alu.sum\\ALU_33_0_33_0_33_unused_CO_X_HAN_CARLSON/_191_ (net)
                 19.02    0.17  646.59 v riscv.dp.alu.sum\\ALU_33_0_33_0_33_unused_CO_X_HAN_CARLSON/_527_/A (OR2x2_ASAP7_75t_R)
     2    1.62    8.64   20.06  666.66 v riscv.dp.alu.sum\\ALU_33_0_33_0_33_unused_CO_X_HAN_CARLSON/_527_/Y (OR2x2_ASAP7_75t_R)
                                         riscv.dp.alu.sum\\ALU_33_0_33_0_33_unused_CO_X_HAN_CARLSON/_225_ (net)
                  8.66    0.20  666.86 v riscv.dp.alu.sum\\ALU_33_0_33_0_33_unused_CO_X_HAN_CARLSON/_529_/C (OR3x1_ASAP7_75t_R)
     1    0.83    9.21   20.74  687.60 v riscv.dp.alu.sum\\ALU_33_0_33_0_33_unused_CO_X_HAN_CARLSON/_529_/Y (OR3x1_ASAP7_75t_R)
                                         riscv.dp.alu.sum\\ALU_33_0_33_0_33_unused_CO_X_HAN_CARLSON/_227_ (net)
                  9.22    0.10  687.70 v riscv.dp.alu.sum\\ALU_33_0_33_0_33_unused_CO_X_HAN_CARLSON/_528_/A (INVx1_ASAP7_75t_R)
     1    0.71    7.16    6.32  694.02 ^ riscv.dp.alu.sum\\ALU_33_0_33_0_33_unused_CO_X_HAN_CARLSON/_528_/Y (INVx1_ASAP7_75t_R)
                                         riscv.dp.alu.sum\\ALU_33_0_33_0_33_unused_CO_X_HAN_CARLSON/_226_ (net)
                  7.17    0.07  694.09 ^ riscv.dp.alu.sum\\ALU_33_0_33_0_33_unused_CO_X_HAN_CARLSON/_534_/B2 (AO221x1_ASAP7_75t_R)
     1    3.42   25.88   25.36  719.45 ^ riscv.dp.alu.sum\\ALU_33_0_33_0_33_unused_CO_X_HAN_CARLSON/_534_/Y (AO221x1_ASAP7_75t_R)
                                         riscv.dp.alu.sum\\ALU_33_0_33_0_33_unused_CO_X_HAN_CARLSON/_232_ (net)
                 25.99    0.90  720.35 ^ riscv.dp.alu.sum\\ALU_33_0_33_0_33_unused_CO_X_HAN_CARLSON/_537_/A (XNOR2x2_ASAP7_75t_R)
     1    0.52    6.52   27.57  747.93 v riscv.dp.alu.sum\\ALU_33_0_33_0_33_unused_CO_X_HAN_CARLSON/_537_/Y (XNOR2x2_ASAP7_75t_R)
                                         riscv.dp.alu.sum[32] (net)
                  6.52    0.00  747.93 v _11552_/A1 (AO221x1_ASAP7_75t_R)
     1    0.61    8.14   20.37  768.29 v _11552_/Y (AO221x1_ASAP7_75t_R)
                                         _04440_ (net)
                  8.14    0.05  768.34 v _11571_/A3 (AO32x1_ASAP7_75t_R)
     1    0.77   10.53   22.70  791.05 v _11571_/Y (AO32x1_ASAP7_75t_R)
                                         _04459_ (net)
                 10.53    0.06  791.11 v _11575_/B (AO21x2_ASAP7_75t_R)
     2    5.45   19.69   24.77  815.88 v _11575_/Y (AO21x2_ASAP7_75t_R)
                                         net65 (net)
                 19.90    1.17  817.05 v place1519/A (BUFx6f_ASAP7_75t_R)
     2    7.57   11.17   18.08  835.13 v place1519/Y (BUFx6f_ASAP7_75t_R)
                                         net1481 (net)
                 13.45    2.61  837.74 v output103/A (BUFx2_ASAP7_75t_R)
     1    0.80    5.54   15.10  852.84 v output103/Y (BUFx2_ASAP7_75t_R)
                                         dataadr[0] (net)
                  5.56    0.16  853.00 v dataadr[0] (out)
                                853.00   data arrival time

                        950.00  950.00   clock clk (rise edge)
                          0.00  950.00   clock network delay (propagated)
                          0.00  950.00   clock reconvergence pessimism
                       -118.75  831.25   output external delay
                                831.25   data required time
-----------------------------------------------------------------------------
                                831.25   data required time
                               -853.00   data arrival time
-----------------------------------------------------------------------------
                                -21.75   slack (VIOLATED)



==========================================================================
finish report_checks -unconstrained
--------------------------------------------------------------------------
Startpoint: reset (input port clocked by clk)
Endpoint: riscv.dp.pcreg.q[2]$_DFF_PP0_
          (recovery check against rising-edge clock clk)
Path Group: asynchronous
Path Type: max

Fanout     Cap    Slew   Delay    Time   Description
-----------------------------------------------------------------------------
                          0.00    0.00   clock clk (rise edge)
                          0.00    0.00   clock network delay (propagated)
                        118.75  118.75 v input external delay
     1    1.35    0.00    0.00  118.75 v reset (in)
                                         reset (net)
                  0.59    0.18  118.93 v input102/A (BUFx2_ASAP7_75t_R)
     1    5.54   19.07   15.96  134.89 v input102/Y (BUFx2_ASAP7_75t_R)
                                         net64 (net)
                 21.85    3.79  138.68 v _14891_/A (INVx1_ASAP7_75t_R)
     1    0.73   10.36    8.97  147.66 ^ _14891_/Y (INVx1_ASAP7_75t_R)
                                         _07736_ (net)
                 10.36    0.05  147.71 ^ place1885/A (BUFx3_ASAP7_75t_R)
    32   32.27   76.26   32.31  180.02 ^ place1885/Y (BUFx3_ASAP7_75t_R)
                                         net1847 (net)
                 89.52   16.66  196.68 ^ riscv.dp.pcreg.q[2]$_DFF_PP0_/RESETN (DFFASRHQNx1_ASAP7_75t_R)
                                196.68   data arrival time

                        950.00  950.00   clock clk (rise edge)
                          0.00  950.00   clock source latency
     2    9.66    0.00    0.00  950.00 ^ clk (in)
                                         clk (net)
                 14.08    4.44  954.44 ^ clkbuf_regs_0_clk/A (BUFx16f_ASAP7_75t_R)
     1    2.09    5.46   15.28  969.72 ^ clkbuf_regs_0_clk/Y (BUFx16f_ASAP7_75t_R)
                                         clk_regs (net)
                  5.47    0.30  970.02 ^ clkbuf_0_clk_regs/A (BUFx16f_ASAP7_75t_R)
     4   14.73   12.42   14.72  984.74 ^ clkbuf_0_clk_regs/Y (BUFx16f_ASAP7_75t_R)
                                         clknet_0_clk_regs (net)
                 15.14    3.01  987.75 ^ clkbuf_2_1__f_clk_regs/A (BUFx16f_ASAP7_75t_R)
    14   41.06   26.45   22.38 1010.13 ^ clkbuf_2_1__f_clk_regs/Y (BUFx16f_ASAP7_75t_R)
                                         clknet_2_1__leaf_clk_regs (net)
                 28.78    4.16 1014.29 ^ clkbuf_leaf_18_clk_regs/A (BUFx24_ASAP7_75t_R)
    11    6.75    9.09   23.37 1037.66 ^ clkbuf_leaf_18_clk_regs/Y (BUFx24_ASAP7_75t_R)
                                         clknet_leaf_18_clk_regs (net)
                  9.10    0.31 1037.96 ^ riscv.dp.pcreg.q[2]$_DFF_PP0_/CLK (DFFASRHQNx1_ASAP7_75t_R)
                          0.00 1037.96   clock reconvergence pessimism
                         19.30 1057.26   library recovery time
                               1057.26   data required time
-----------------------------------------------------------------------------
                               1057.26   data required time
                               -196.68   data arrival time
-----------------------------------------------------------------------------
                                860.58   slack (MET)


Startpoint: riscv.dp.pcreg.q[31]$_DFF_PP0_
            (rising edge-triggered flip-flop clocked by clk)
Endpoint: dataadr[0] (output port clocked by clk)
Path Group: clk
Path Type: max

Fanout     Cap    Slew   Delay    Time   Description
-----------------------------------------------------------------------------
                          0.00    0.00   clock clk (rise edge)
                          0.00    0.00   clock source latency
     2   10.98    0.00    0.00    0.00 ^ clk (in)
                                         clk (net)
                 16.49    5.20    5.20 ^ clkbuf_regs_0_clk/A (BUFx16f_ASAP7_75t_R)
     1    2.75    5.84   16.11   21.31 ^ clkbuf_regs_0_clk/Y (BUFx16f_ASAP7_75t_R)
                                         clk_regs (net)
                  5.88    0.39   21.71 ^ clkbuf_0_clk_regs/A (BUFx16f_ASAP7_75t_R)
     4   17.36   14.04   15.14   36.84 ^ clkbuf_0_clk_regs/Y (BUFx16f_ASAP7_75t_R)
                                         clknet_0_clk_regs (net)
                 17.39    3.53   40.37 ^ clkbuf_2_1__f_clk_regs/A (BUFx16f_ASAP7_75t_R)
    14   49.48   30.52   24.29   64.66 ^ clkbuf_2_1__f_clk_regs/Y (BUFx16f_ASAP7_75t_R)
                                         clknet_2_1__leaf_clk_regs (net)
                 33.40    4.95   69.61 ^ clkbuf_leaf_18_clk_regs/A (BUFx24_ASAP7_75t_R)
    11    8.08    9.78   24.73   94.34 ^ clkbuf_leaf_18_clk_regs/Y (BUFx24_ASAP7_75t_R)
                                         clknet_leaf_18_clk_regs (net)
                 10.00    0.81   95.15 ^ riscv.dp.pcreg.q[31]$_DFF_PP0_/CLK (DFFASRHQNx1_ASAP7_75t_R)
     3    3.65   32.62   50.28  145.43 ^ riscv.dp.pcreg.q[31]$_DFF_PP0_/QN (DFFASRHQNx1_ASAP7_75t_R)
                                         _00000_ (net)
                 32.63    0.37  145.80 ^ rebuffer1975/A (BUFx6f_ASAP7_75t_R)
     1    4.89   10.04   18.01  163.81 ^ rebuffer1975/Y (BUFx6f_ASAP7_75t_R)
                                         net1937 (net)
                 11.58    2.05  165.85 ^ _12799_/A (INVx4_ASAP7_75t_R)
     5    5.77    9.96    8.17  174.03 v _12799_/Y (INVx4_ASAP7_75t_R)
                                         net122 (net)
                  9.96    0.00  174.03 v place1867/A (BUFx6f_ASAP7_75t_R)
    21   33.34   33.69   16.73  190.75 v place1867/Y (BUFx6f_ASAP7_75t_R)
                                         net1829 (net)
                100.98   31.53  222.28 v place1864/A (BUFx12f_ASAP7_75t_R)
    75   69.59   26.76   32.49  254.78 v place1864/Y (BUFx12f_ASAP7_75t_R)
                                         net1826 (net)
                174.15   54.77  309.55 v place1863/A (BUFx12f_ASAP7_75t_R)
    14   12.05   15.23   38.28  347.83 v place1863/Y (BUFx12f_ASAP7_75t_R)
                                         net1825 (net)
                 19.63    4.24  352.07 v _10405_/B (AND3x1_ASAP7_75t_R)
     1    0.67    7.37   14.90  366.96 v _10405_/Y (AND3x1_ASAP7_75t_R)
                                         _03341_ (net)
                  7.37    0.07  367.04 v _10406_/C (AO221x1_ASAP7_75t_R)
     1    0.48    8.48   20.66  387.70 v _10406_/Y (AO221x1_ASAP7_75t_R)
                                         _03342_ (net)
                  8.48    0.02  387.71 v _10409_/B (OA211x2_ASAP7_75t_R)
     1    0.69   10.83   25.17  412.89 v _10409_/Y (OA211x2_ASAP7_75t_R)
                                         _03345_ (net)
                 10.83    0.05  412.94 v _10410_/C (OR3x1_ASAP7_75t_R)
     1    0.76    9.84   20.90  433.84 v _10410_/Y (OR3x1_ASAP7_75t_R)
                                         _03346_ (net)
                  9.84    0.08  433.91 v _10424_/B (OA211x2_ASAP7_75t_R)
     1    1.55   11.61   27.26  461.17 v _10424_/Y (OA211x2_ASAP7_75t_R)
                                         _03360_ (net)
                 11.63    0.24  461.41 v _10448_/C (AOI211x1_ASAP7_75t_R)
     1    1.37   23.35   12.96  474.37 ^ _10448_/Y (AOI211x1_ASAP7_75t_R)
                                         _03384_ (net)
                 23.35    0.10  474.48 ^ rebuffer1987/A (BUFx6f_ASAP7_75t_R)
     2    6.83   11.66   17.15  491.63 ^ rebuffer1987/Y (BUFx6f_ASAP7_75t_R)
                                         net1949 (net)
                 14.41    2.94  494.57 ^ _10452_/A2 (AO21x1_ASAP7_75t_R)
     1    1.36   12.42   16.69  511.26 ^ _10452_/Y (AO21x1_ASAP7_75t_R)
                                         _03388_ (net)
                 12.43    0.16  511.42 ^ _10454_/A (XOR2x2_ASAP7_75t_R)
     2    1.69    9.28   21.50  532.92 v _10454_/Y (XOR2x2_ASAP7_75t_R)
                                         _03390_ (net)
                  9.28    0.00  532.92 v riscv.dp.alu.sum\\ALU_33_0_33_0_33_unused_CO_X_HAN_CARLSON/_565_/A (XOR2x2_ASAP7_75t_R)
     1    1.16    7.73   19.54  552.47 v riscv.dp.alu.sum\\ALU_33_0_33_0_33_unused_CO_X_HAN_CARLSON/_565_/Y (XOR2x2_ASAP7_75t_R)
                                         riscv.dp.alu.sum\\ALU_33_0_33_0_33_unused_CO_X_HAN_CARLSON/_262_ (net)
                  7.73    0.09  552.56 v riscv.dp.alu.sum\\ALU_33_0_33_0_33_unused_CO_X_HAN_CARLSON/_319_/A (HAxp5_ASAP7_75t_R)
     2    1.51   24.41   13.67  566.23 ^ riscv.dp.alu.sum\\ALU_33_0_33_0_33_unused_CO_X_HAN_CARLSON/_319_/CON (HAxp5_ASAP7_75t_R)
                                         riscv.dp.alu.sum\\ALU_33_0_33_0_33_unused_CO_X_HAN_CARLSON/_012_ (net)
     1    0.96   20.28   11.31  577.54 v riscv.dp.alu.sum\\ALU_33_0_33_0_33_unused_CO_X_HAN_CARLSON/_319_/SN (HAxp5_ASAP7_75t_R)
                                         riscv.dp.alu.sum\\ALU_33_0_33_0_33_unused_CO_X_HAN_CARLSON/_013_ (net)
                 20.28    0.09  577.64 v riscv.dp.alu.sum\\ALU_33_0_33_0_33_unused_CO_X_HAN_CARLSON/rebuffer1960/A (BUFx3_ASAP7_75t_R)
     6    5.24   13.31   20.19  597.83 v riscv.dp.alu.sum\\ALU_33_0_33_0_33_unused_CO_X_HAN_CARLSON/rebuffer1960/Y (BUFx3_ASAP7_75t_R)
                                         riscv.dp.alu.sum\\ALU_33_0_33_0_33_unused_CO_X_HAN_CARLSON/net1922 (net)
                 13.73    1.28  599.11 v riscv.dp.alu.sum\\ALU_33_0_33_0_33_unused_CO_X_HAN_CARLSON/_488_/B (OR2x2_ASAP7_75t_R)
     3    2.21   10.18   20.02  619.13 v riscv.dp.alu.sum\\ALU_33_0_33_0_33_unused_CO_X_HAN_CARLSON/_488_/Y (OR2x2_ASAP7_75t_R)
                                         riscv.dp.alu.sum\\ALU_33_0_33_0_33_unused_CO_X_HAN_CARLSON/_190_ (net)
                 10.20    0.27  619.40 v riscv.dp.alu.sum\\ALU_33_0_33_0_33_unused_CO_X_HAN_CARLSON/_489_/C (OR3x1_ASAP7_75t_R)
     3    2.78   19.01   27.02  646.42 v riscv.dp.alu.sum\\ALU_33_0_33_0_33_unused_CO_X_HAN_CARLSON/_489_/Y (OR3x1_ASAP7_75t_R)
                                         riscv.dp.alu.sum\\ALU_33_0_33_0_33_unused_CO_X_HAN_CARLSON/_191_ (net)
                 19.02    0.17  646.59 v riscv.dp.alu.sum\\ALU_33_0_33_0_33_unused_CO_X_HAN_CARLSON/_527_/A (OR2x2_ASAP7_75t_R)
     2    1.62    8.64   20.06  666.66 v riscv.dp.alu.sum\\ALU_33_0_33_0_33_unused_CO_X_HAN_CARLSON/_527_/Y (OR2x2_ASAP7_75t_R)
                                         riscv.dp.alu.sum\\ALU_33_0_33_0_33_unused_CO_X_HAN_CARLSON/_225_ (net)
                  8.66    0.20  666.86 v riscv.dp.alu.sum\\ALU_33_0_33_0_33_unused_CO_X_HAN_CARLSON/_529_/C (OR3x1_ASAP7_75t_R)
     1    0.83    9.21   20.74  687.60 v riscv.dp.alu.sum\\ALU_33_0_33_0_33_unused_CO_X_HAN_CARLSON/_529_/Y (OR3x1_ASAP7_75t_R)
                                         riscv.dp.alu.sum\\ALU_33_0_33_0_33_unused_CO_X_HAN_CARLSON/_227_ (net)
                  9.22    0.10  687.70 v riscv.dp.alu.sum\\ALU_33_0_33_0_33_unused_CO_X_HAN_CARLSON/_528_/A (INVx1_ASAP7_75t_R)
     1    0.71    7.16    6.32  694.02 ^ riscv.dp.alu.sum\\ALU_33_0_33_0_33_unused_CO_X_HAN_CARLSON/_528_/Y (INVx1_ASAP7_75t_R)
                                         riscv.dp.alu.sum\\ALU_33_0_33_0_33_unused_CO_X_HAN_CARLSON/_226_ (net)
                  7.17    0.07  694.09 ^ riscv.dp.alu.sum\\ALU_33_0_33_0_33_unused_CO_X_HAN_CARLSON/_534_/B2 (AO221x1_ASAP7_75t_R)
     1    3.42   25.88   25.36  719.45 ^ riscv.dp.alu.sum\\ALU_33_0_33_0_33_unused_CO_X_HAN_CARLSON/_534_/Y (AO221x1_ASAP7_75t_R)
                                         riscv.dp.alu.sum\\ALU_33_0_33_0_33_unused_CO_X_HAN_CARLSON/_232_ (net)
                 25.99    0.90  720.35 ^ riscv.dp.alu.sum\\ALU_33_0_33_0_33_unused_CO_X_HAN_CARLSON/_537_/A (XNOR2x2_ASAP7_75t_R)
     1    0.52    6.52   27.57  747.93 v riscv.dp.alu.sum\\ALU_33_0_33_0_33_unused_CO_X_HAN_CARLSON/_537_/Y (XNOR2x2_ASAP7_75t_R)
                                         riscv.dp.alu.sum[32] (net)
                  6.52    0.00  747.93 v _11552_/A1 (AO221x1_ASAP7_75t_R)
     1    0.61    8.14   20.37  768.29 v _11552_/Y (AO221x1_ASAP7_75t_R)
                                         _04440_ (net)
                  8.14    0.05  768.34 v _11571_/A3 (AO32x1_ASAP7_75t_R)
     1    0.77   10.53   22.70  791.05 v _11571_/Y (AO32x1_ASAP7_75t_R)
                                         _04459_ (net)
                 10.53    0.06  791.11 v _11575_/B (AO21x2_ASAP7_75t_R)
     2    5.45   19.69   24.77  815.88 v _11575_/Y (AO21x2_ASAP7_75t_R)
                                         net65 (net)
                 19.90    1.17  817.05 v place1519/A (BUFx6f_ASAP7_75t_R)
     2    7.57   11.17   18.08  835.13 v place1519/Y (BUFx6f_ASAP7_75t_R)
                                         net1481 (net)
                 13.45    2.61  837.74 v output103/A (BUFx2_ASAP7_75t_R)
     1    0.80    5.54   15.10  852.84 v output103/Y (BUFx2_ASAP7_75t_R)
                                         dataadr[0] (net)
                  5.56    0.16  853.00 v dataadr[0] (out)
                                853.00   data arrival time

                        950.00  950.00   clock clk (rise edge)
                          0.00  950.00   clock network delay (propagated)
                          0.00  950.00   clock reconvergence pessimism
                       -118.75  831.25   output external delay
                                831.25   data required time
-----------------------------------------------------------------------------
                                831.25   data required time
                               -853.00   data arrival time
-----------------------------------------------------------------------------
                                -21.75   slack (VIOLATED)



==========================================================================
finish report_check_types -max_slew -max_cap -max_fanout -violators
--------------------------------------------------------------------------

==========================================================================
finish max_slew_check_slack
--------------------------------------------------------------------------
14.099332809448242

==========================================================================
finish max_slew_check_limit
--------------------------------------------------------------------------
320.0

==========================================================================
finish max_slew_check_slack_limit
--------------------------------------------------------------------------
0.0441

==========================================================================
finish max_fanout_check_slack
--------------------------------------------------------------------------
1.0000000150474662e+30

==========================================================================
finish max_fanout_check_limit
--------------------------------------------------------------------------
1.0000000150474662e+30

==========================================================================
finish max_capacitance_check_slack
--------------------------------------------------------------------------
0.09231642633676529

==========================================================================
finish max_capacitance_check_limit
--------------------------------------------------------------------------
23.040000915527344

==========================================================================
finish max_capacitance_check_slack_limit
--------------------------------------------------------------------------
0.0040

==========================================================================
finish max_slew_violation_count
--------------------------------------------------------------------------
max slew violation count 0

==========================================================================
finish max_fanout_violation_count
--------------------------------------------------------------------------
max fanout violation count 0

==========================================================================
finish max_cap_violation_count
--------------------------------------------------------------------------
max cap violation count 0

==========================================================================
finish setup_violation_count
--------------------------------------------------------------------------
setup violation count 73

==========================================================================
finish hold_violation_count
--------------------------------------------------------------------------
hold violation count 0

==========================================================================
finish report_checks -path_delay max reg to reg
--------------------------------------------------------------------------
Startpoint: riscv.dp.pcreg.q[31]$_DFF_PP0_
            (rising edge-triggered flip-flop clocked by clk)
Endpoint: _tray_size4_1997 (rising edge-triggered flip-flop clocked by clk)
Path Group: clk
Path Type: max

  Delay    Time   Description
---------------------------------------------------------
   0.00    0.00   clock clk (rise edge)
   0.00    0.00   clock source latency
   0.00    0.00 ^ clk (in)
  21.31   21.31 ^ clkbuf_regs_0_clk/Y (BUFx16f_ASAP7_75t_R)
  15.53   36.84 ^ clkbuf_0_clk_regs/Y (BUFx16f_ASAP7_75t_R)
  27.82   64.66 ^ clkbuf_2_1__f_clk_regs/Y (BUFx16f_ASAP7_75t_R)
  29.68   94.34 ^ clkbuf_leaf_18_clk_regs/Y (BUFx24_ASAP7_75t_R)
   0.81   95.15 ^ riscv.dp.pcreg.q[31]$_DFF_PP0_/CLK (DFFASRHQNx1_ASAP7_75t_R)
  50.28  145.43 ^ riscv.dp.pcreg.q[31]$_DFF_PP0_/QN (DFFASRHQNx1_ASAP7_75t_R)
  18.38  163.81 ^ rebuffer1975/Y (BUFx6f_ASAP7_75t_R)
  10.22  174.03 v _12799_/Y (INVx4_ASAP7_75t_R)
  16.73  190.75 v place1867/Y (BUFx6f_ASAP7_75t_R)
  64.03  254.78 v place1864/Y (BUFx12f_ASAP7_75t_R)
 101.14  355.92 v place1861/Y (BUFx16f_ASAP7_75t_R)
  15.99  371.91 v _09452_/Y (AND3x1_ASAP7_75t_R)
  20.70  392.61 v _09453_/Y (AO221x1_ASAP7_75t_R)
  25.23  417.83 v _09457_/Y (OA211x2_ASAP7_75t_R)
  21.32  439.15 v _09458_/Y (OR3x1_ASAP7_75t_R)
  13.71  452.86 v _09470_/Y (OA21x2_ASAP7_75t_R)
  27.14  480.00 ^ _09471_/Y (OAI21x1_ASAP7_75t_R)
  34.70  514.70 ^ _09474_/Y (AO21x1_ASAP7_75t_R)
  31.52  546.22 ^ _09476_/Y (XOR2x2_ASAP7_75t_R)
  17.31  563.53 ^ riscv.dp.alu.sum\\ALU_33_0_33_0_33_unused_CO_X_HAN_CARLSON/_548_/Y (XOR2x2_ASAP7_75t_R)
  14.61  578.14 v riscv.dp.alu.sum\\ALU_33_0_33_0_33_unused_CO_X_HAN_CARLSON/_336_/CON (HAxp5_ASAP7_75t_R)
  11.34  589.48 ^ riscv.dp.alu.sum\\ALU_33_0_33_0_33_unused_CO_X_HAN_CARLSON/_336_/SN (HAxp5_ASAP7_75t_R)
  16.35  605.83 ^ riscv.dp.alu.sum\\ALU_33_0_33_0_33_unused_CO_X_HAN_CARLSON/rebuffer2010/Y (BUFx3_ASAP7_75t_R)
  16.23  622.07 ^ riscv.dp.alu.sum\\ALU_33_0_33_0_33_unused_CO_X_HAN_CARLSON/_612_/Y (OA21x2_ASAP7_75t_R)
  18.27  640.34 ^ riscv.dp.alu.sum\\ALU_33_0_33_0_33_unused_CO_X_HAN_CARLSON/_614_/Y (OA21x2_ASAP7_75t_R)
   6.75  647.08 v riscv.dp.alu.sum\\ALU_33_0_33_0_33_unused_CO_X_HAN_CARLSON/_370_/Y (OAI21x1_ASAP7_75t_R)
  22.80  669.89 v riscv.dp.alu.sum\\ALU_33_0_33_0_33_unused_CO_X_HAN_CARLSON/_371_/Y (AO21x1_ASAP7_75t_R)
  20.35  690.24 v riscv.dp.alu.sum\\ALU_33_0_33_0_33_unused_CO_X_HAN_CARLSON/_444_/Y (AO21x1_ASAP7_75t_R)
  21.43  711.67 ^ riscv.dp.alu.sum\\ALU_33_0_33_0_33_unused_CO_X_HAN_CARLSON/_445_/Y (XNOR2x2_ASAP7_75t_R)
  21.73  733.40 v _11372_/Y (AOI221x1_ASAP7_75t_R)
  37.80  771.20 ^ _11376_/Y (NAND2x1p5_ASAP7_75t_R)
  24.62  795.81 ^ place1543/Y (BUFx6f_ASAP7_75t_R)
  18.24  814.05 ^ place1542/Y (BUFx6f_ASAP7_75t_R)
  76.87  890.93 ^ _12482_/Y (AO221x1_ASAP7_75t_R)
  30.78  921.71 ^ _12484_/Y (AO32x1_ASAP7_75t_R)
  12.62  934.33 ^ _12485_/Y (OR3x1_ASAP7_75t_R)
  36.41  970.73 ^ _12488_/Y (AND4x2_ASAP7_75t_R)
  35.84 1006.58 ^ place1466/Y (BUFx3_ASAP7_75t_R)
  28.00 1034.57 ^ _12821_/Y (AO21x1_ASAP7_75t_R)
   0.06 1034.64 ^ _tray_size4_1997/D0 (DFFHQNH2V2Xx1_ASAP7_75t_R)
        1034.64   data arrival time

 950.00  950.00   clock clk (rise edge)
   0.00  950.00   clock source latency
   0.00  950.00 ^ clk (in)
  19.72  969.72 ^ clkbuf_regs_0_clk/Y (BUFx16f_ASAP7_75t_R)
  15.02  984.74 ^ clkbuf_0_clk_regs/Y (BUFx16f_ASAP7_75t_R)
  23.40 1008.14 ^ clkbuf_2_2__f_clk_regs/Y (BUFx16f_ASAP7_75t_R)
  26.28 1034.42 ^ clkbuf_leaf_34_clk_regs/Y (BUFx24_ASAP7_75t_R)
   0.35 1034.77 ^ _tray_size4_1997/CLK (DFFHQNH2V2Xx1_ASAP7_75t_R)
   2.10 1036.88   clock reconvergence pessimism
 -10.71 1026.17   library setup time
        1026.17   data required time
---------------------------------------------------------
        1026.17   data required time
        -1034.64   data arrival time
---------------------------------------------------------
          -8.47   slack (VIOLATED)



==========================================================================
finish report_checks -path_delay min reg to reg
--------------------------------------------------------------------------
Startpoint: riscv.dp.rf.rf[0][1]$_DFFE_PP_
            (rising edge-triggered flip-flop clocked by clk)
Endpoint: riscv.dp.rf.rf[0][1]$_DFFE_PP_
          (rising edge-triggered flip-flop clocked by clk)
Path Group: clk
Path Type: min

  Delay    Time   Description
---------------------------------------------------------
   0.00    0.00   clock clk (rise edge)
   0.00    0.00   clock source latency
   0.00    0.00 ^ clk (in)
  19.72   19.72 ^ clkbuf_regs_0_clk/Y (BUFx16f_ASAP7_75t_R)
  15.02   34.74 ^ clkbuf_0_clk_regs/Y (BUFx16f_ASAP7_75t_R)
  23.40   58.14 ^ clkbuf_2_2__f_clk_regs/Y (BUFx16f_ASAP7_75t_R)
  31.85   89.99 ^ clkbuf_leaf_25_clk_regs/Y (BUFx24_ASAP7_75t_R)
   0.13   90.12 ^ riscv.dp.rf.rf[0][1]$_DFFE_PP_/CLK (DFFHQNx1_ASAP7_75t_R)
  36.66  126.78 ^ riscv.dp.rf.rf[0][1]$_DFFE_PP_/QN (DFFHQNx1_ASAP7_75t_R)
   8.25  135.03 v _11839_/Y (INVx1_ASAP7_75t_R)
   0.07  135.10 v riscv.dp.rf.rf[0][1]$_DFFE_PP_/D (DFFHQNx1_ASAP7_75t_R)
         135.10   data arrival time

   0.00    0.00   clock clk (rise edge)
   0.00    0.00   clock source latency
   0.00    0.00 ^ clk (in)
  21.31   21.31 ^ clkbuf_regs_0_clk/Y (BUFx16f_ASAP7_75t_R)
  15.53   36.84 ^ clkbuf_0_clk_regs/Y (BUFx16f_ASAP7_75t_R)
  25.50   62.34 ^ clkbuf_2_2__f_clk_regs/Y (BUFx16f_ASAP7_75t_R)
  35.11   97.45 ^ clkbuf_leaf_25_clk_regs/Y (BUFx24_ASAP7_75t_R)
   0.16   97.60 ^ riscv.dp.rf.rf[0][1]$_DFFE_PP_/CLK (DFFHQNx1_ASAP7_75t_R)
  -7.49   90.12   clock reconvergence pessimism
  10.78  100.89   library hold time
         100.89   data required time
---------------------------------------------------------
         100.89   data required time
        -135.10   data arrival time
---------------------------------------------------------
          34.20   slack (MET)



==========================================================================
finish critical path target clock latency max path
--------------------------------------------------------------------------
87.9639

==========================================================================
finish critical path target clock latency min path
--------------------------------------------------------------------------
97.9614

==========================================================================
finish critical path source clock latency min path
--------------------------------------------------------------------------
0.0000

==========================================================================
finish critical path delay
--------------------------------------------------------------------------
852.9956

==========================================================================
finish critical path slack
--------------------------------------------------------------------------
-21.7457

==========================================================================
finish slack div critical path delay
--------------------------------------------------------------------------
-2.549333

==========================================================================
finish report_power
--------------------------------------------------------------------------
Group                  Internal  Switching    Leakage      Total
                          Power      Power      Power      Power (Watts)
----------------------------------------------------------------
Sequential             1.63e-03   1.79e-04   1.31e-07   1.81e-03  11.8%
Combinational          4.96e-03   7.34e-03   6.57e-07   1.23e-02  80.0%
Clock                  8.75e-04   3.96e-04   2.87e-08   1.27e-03   8.3%
Macro                  0.00e+00   0.00e+00   0.00e+00   0.00e+00   0.0%
Pad                    0.00e+00   0.00e+00   0.00e+00   0.00e+00   0.0%
----------------------------------------------------------------
Total                  7.47e-03   7.91e-03   8.16e-07   1.54e-02 100.0%
                          48.6%      51.4%       0.0%
