OpenROAD ee3d65ce03b2656092ed62bf9205c5c11049c575 
Features included (+) or not (-): +GPU +GUI +Python
This program is licensed under the BSD-3 license. See the LICENSE file for details.
Components of this program may be licensed under more restrictive licenses which must be honored.
[INFO ORD-0030] Using 32 thread(s).
source /home/lucast/workspace/OR-flow-TCC/flow/platforms/asap7/liberty_suppressions.tcl
read_liberty /home/lucast/workspace/OR-flow-TCC/flow/platforms/asap7/lib/NLDM/asap7sc7p5t_AO_RVT_FF_nldm_211120.lib.gz
read_liberty /home/lucast/workspace/OR-flow-TCC/flow/platforms/asap7/lib/NLDM/asap7sc7p5t_INVBUF_RVT_FF_nldm_220122.lib.gz
read_liberty /home/lucast/workspace/OR-flow-TCC/flow/platforms/asap7/lib/NLDM/asap7sc7p5t_OA_RVT_FF_nldm_211120.lib.gz
read_liberty /home/lucast/workspace/OR-flow-TCC/flow/platforms/asap7/lib/NLDM/asap7sc7p5t_SIMPLE_RVT_FF_nldm_211120.lib.gz
read_liberty /home/lucast/workspace/OR-flow-TCC/flow/platforms/asap7/lib/NLDM/asap7sc7p5t_SEQ_RVT_FF_nldm_220123.lib
read_liberty /home/lucast/workspace/OR-flow-TCC/flow/platforms/asap7/lib/NLDM/fakeram7_256x32.lib
read_liberty /home/lucast/workspace/OR-flow-TCC/flow/platforms/asap7/lib/NLDM/asap7sc7p5t_DFFHQNH2V2X_RVT_TT_nldm_FAKE.lib
read_liberty /home/lucast/workspace/OR-flow-TCC/flow/platforms/asap7/lib/NLDM/asap7sc7p5t_DFFHQNV2X_RVT_TT_nldm_FAKE.lib
read_db -hier ./results/asap7/riscv32i/modified_alpha_4-beta_0.1/5_1_grt.odb
[WARNING ORD-0012] Hierarchical flow (-hier) is currently in development and may cause multiple issues. Do not use in production environments.
source /home/lucast/workspace/OR-flow-TCC/flow/platforms/asap7/setRC.tcl
detailed_route -output_drc ./reports/asap7/riscv32i/modified_alpha_4-beta_0.1/5_route_drc.rpt -output_maze ./results/asap7/riscv32i/modified_alpha_4-beta_0.1/maze.log -droute_end_iter 64 -verbose 1 -drc_report_iter_step 5
[INFO DRT-0149] Reading tech and libs.

Units:                1000
Number of layers:     21
Number of macros:     231
Number of vias:       15
Number of viarulegen: 11

[INFO DRT-0150] Reading design.
[WARNING DRT-0120] Large net net2406 has 106 pins which may impact routing performance. Consider optimization.

Design:                   riscv_top
Die area:                 ( 0 0 ) ( 73373 73373 )
Number of track patterns: 32
Number of DEF vias:       0
Number of components:     10329
Number of terminals:      137
Number of snets:          2
Number of nets:           10645

[INFO DRT-0167] List of default vias:
  Layer V2
    default via: VIA23
  Layer V3
    default via: VIA34
  Layer V4
    default via: VIA45
  Layer V5
    default via: VIA56
  Layer V6
    default via: VIA67
  Layer V7
    default via: VIA78
  Layer V8
    default via: VIA89
  Layer V9
    default via: VIA9Pad
[INFO DRT-0162] Library cell analysis.
[INFO DRT-0163] Instance analysis.
[INFO DRT-0164] Number of unique instances = 272.
[INFO DRT-0168] Init region query.
[INFO DRT-0024]   Complete Active.
[INFO DRT-0024]   Complete V0.
[INFO DRT-0024]   Complete M1.
[INFO DRT-0024]   Complete V1.
[INFO DRT-0024]   Complete M2.
[INFO DRT-0024]   Complete V2.
[INFO DRT-0024]   Complete M3.
[INFO DRT-0024]   Complete V3.
[INFO DRT-0024]   Complete M4.
[INFO DRT-0024]   Complete V4.
[INFO DRT-0024]   Complete M5.
[INFO DRT-0024]   Complete V5.
[INFO DRT-0024]   Complete M6.
[INFO DRT-0024]   Complete V6.
[INFO DRT-0024]   Complete M7.
[INFO DRT-0024]   Complete V7.
[INFO DRT-0024]   Complete M8.
[INFO DRT-0024]   Complete V8.
[INFO DRT-0024]   Complete M9.
[INFO DRT-0024]   Complete V9.
[INFO DRT-0024]   Complete Pad.
[INFO DRT-0033] Active shape region query size = 0.
[INFO DRT-0033] V0 shape region query size = 0.
[INFO DRT-0033] M1 shape region query size = 178878.
[INFO DRT-0033] V1 shape region query size = 189441.
[INFO DRT-0033] M2 shape region query size = 5626.
[INFO DRT-0033] V2 shape region query size = 4241.
[INFO DRT-0033] M3 shape region query size = 4046.
[INFO DRT-0033] V3 shape region query size = 2562.
[INFO DRT-0033] M4 shape region query size = 4021.
[INFO DRT-0033] V4 shape region query size = 3937.
[INFO DRT-0033] M5 shape region query size = 2443.
[INFO DRT-0033] V5 shape region query size = 576.
[INFO DRT-0033] M6 shape region query size = 336.
[INFO DRT-0033] V6 shape region query size = 0.
[INFO DRT-0033] M7 shape region query size = 0.
[INFO DRT-0033] V7 shape region query size = 0.
[INFO DRT-0033] M8 shape region query size = 0.
[INFO DRT-0033] V8 shape region query size = 0.
[INFO DRT-0033] M9 shape region query size = 0.
[INFO DRT-0033] V9 shape region query size = 0.
[INFO DRT-0033] Pad shape region query size = 0.
[INFO DRT-0165] Start pin access.
[INFO DRT-0076]   Complete 1000 pins.
[INFO DRT-0078]   Complete 1861 pins.
[INFO DRT-0079]   Complete 100 unique inst patterns.
[INFO DRT-0079]   Complete 200 unique inst patterns.
[INFO DRT-0081]   Complete 269 unique inst patterns.
[INFO DRT-0084]   Complete 5354 groups.
#scanned instances     = 10329
#unique  instances     = 272
#stdCellGenAp          = 8867
#stdCellValidPlanarAp  = 70
#stdCellValidViaAp     = 6912
#stdCellPinNoAp        = 0
#stdCellPinCnt         = 35510
#instTermValidViaApCnt = 0
#macroGenAp            = 225
#macroValidPlanarAp    = 225
#macroValidViaAp       = 0
#macroNoAp             = 0
[INFO DRT-0166] Complete pin access.
[INFO DRT-0267] cpu time = 00:05:47, elapsed time = 00:00:15, memory = 411.32 (MB), peak = 406.69 (MB)

[INFO DRT-0157] Number of guides:     95737

[INFO DRT-0169] Post process guides.
[INFO DRT-0176] GCELLGRID X 0 DO 128 STEP 570 ;
[INFO DRT-0177] GCELLGRID Y 0 DO 128 STEP 570 ;
[INFO DRT-0028]   Complete Active.
[INFO DRT-0028]   Complete V0.
[INFO DRT-0028]   Complete M1.
[INFO DRT-0028]   Complete V1.
[INFO DRT-0028]   Complete M2.
[INFO DRT-0028]   Complete V2.
[INFO DRT-0028]   Complete M3.
[INFO DRT-0028]   Complete V3.
[INFO DRT-0028]   Complete M4.
[INFO DRT-0028]   Complete V4.
[INFO DRT-0028]   Complete M5.
[INFO DRT-0028]   Complete V5.
[INFO DRT-0028]   Complete M6.
[INFO DRT-0028]   Complete V6.
[INFO DRT-0028]   Complete M7.
[INFO DRT-0028]   Complete V7.
[INFO DRT-0028]   Complete M8.
[INFO DRT-0028]   Complete V8.
[INFO DRT-0028]   Complete M9.
[INFO DRT-0028]   Complete V9.
[INFO DRT-0028]   Complete Pad.
[INFO DRT-0178] Init guide query.
[INFO DRT-0035]   Complete Active (guide).
[INFO DRT-0035]   Complete V0 (guide).
[INFO DRT-0035]   Complete M1 (guide).
[INFO DRT-0035]   Complete V1 (guide).
[INFO DRT-0035]   Complete M2 (guide).
[INFO DRT-0035]   Complete V2 (guide).
[INFO DRT-0035]   Complete M3 (guide).
[INFO DRT-0035]   Complete V3 (guide).
[INFO DRT-0035]   Complete M4 (guide).
[INFO DRT-0035]   Complete V4 (guide).
[INFO DRT-0035]   Complete M5 (guide).
[INFO DRT-0035]   Complete V5 (guide).
[INFO DRT-0035]   Complete M6 (guide).
[INFO DRT-0035]   Complete V6 (guide).
[INFO DRT-0035]   Complete M7 (guide).
[INFO DRT-0035]   Complete V7 (guide).
[INFO DRT-0035]   Complete M8 (guide).
[INFO DRT-0035]   Complete V8 (guide).
[INFO DRT-0035]   Complete M9 (guide).
[INFO DRT-0035]   Complete V9 (guide).
[INFO DRT-0035]   Complete Pad (guide).
[INFO DRT-0036] Active guide region query size = 0.
[INFO DRT-0036] V0 guide region query size = 0.
[INFO DRT-0036] M1 guide region query size = 30773.
[INFO DRT-0036] V1 guide region query size = 0.
[INFO DRT-0036] M2 guide region query size = 27709.
[INFO DRT-0036] V2 guide region query size = 0.
[INFO DRT-0036] M3 guide region query size = 15367.
[INFO DRT-0036] V3 guide region query size = 0.
[INFO DRT-0036] M4 guide region query size = 2295.
[INFO DRT-0036] V4 guide region query size = 0.
[INFO DRT-0036] M5 guide region query size = 1022.
[INFO DRT-0036] V5 guide region query size = 0.
[INFO DRT-0036] M6 guide region query size = 285.
[INFO DRT-0036] V6 guide region query size = 0.
[INFO DRT-0036] M7 guide region query size = 18.
[INFO DRT-0036] V7 guide region query size = 0.
[INFO DRT-0036] M8 guide region query size = 0.
[INFO DRT-0036] V8 guide region query size = 0.
[INFO DRT-0036] M9 guide region query size = 0.
[INFO DRT-0036] V9 guide region query size = 0.
[INFO DRT-0036] Pad guide region query size = 0.
[INFO DRT-0179] Init gr pin query.
[INFO DRT-0267] cpu time = 00:00:00, elapsed time = 00:00:00, memory = 438.63 (MB), peak = 433.94 (MB)
[INFO DRT-0245] skipped writing guide updates to database.
[INFO DRT-0185] Post process initialize RPin region query.
[INFO DRT-0181] Start track assignment.
[INFO DRT-0184] Done with 47180 vertical wires in 3 frboxes and 30289 horizontal wires in 3 frboxes.
[INFO DRT-0186] Done with 6528 vertical wires in 3 frboxes and 10089 horizontal wires in 3 frboxes.
[INFO DRT-0182] Complete track assignment.
[INFO DRT-0267] cpu time = 00:00:02, elapsed time = 00:00:01, memory = 652.43 (MB), peak = 648.14 (MB)
[INFO DRT-0187] Start routing data preparation.
[INFO DRT-0267] cpu time = 00:00:00, elapsed time = 00:00:00, memory = 652.43 (MB), peak = 648.14 (MB)
[INFO DRT-0194] Start detail routing.
[INFO DRT-0195] Start 0th optimization iteration.
    Completing 10% with 0 violations.
    elapsed time = 00:00:01, memory = 6769.09 (MB).
    Completing 20% with 0 violations.
    elapsed time = 00:00:02, memory = 6452.36 (MB).
    Completing 30% with 803 violations.
    elapsed time = 00:00:07, memory = 6955.04 (MB).
    Completing 40% with 803 violations.
    elapsed time = 00:00:10, memory = 7811.81 (MB).
    Completing 50% with 803 violations.
    elapsed time = 00:00:11, memory = 4170.72 (MB).
    Completing 60% with 1666 violations.
    elapsed time = 00:00:16, memory = 8435.11 (MB).
    Completing 70% with 1666 violations.
    elapsed time = 00:00:18, memory = 8116.53 (MB).
    Completing 80% with 2278 violations.
    elapsed time = 00:00:27, memory = 9349.88 (MB).
    Completing 90% with 2278 violations.
    elapsed time = 00:00:30, memory = 9805.27 (MB).
    Completing 100% with 2981 violations.
    elapsed time = 00:00:39, memory = 3438.24 (MB).
[INFO DRT-0199]   Number of violations = 3534.
Viol/Layer          M1     M2     V2     M3     V3     M4     V4     M5     V5     M6
CutSpcTbl            0      0      0      0     25      0      8      0      3      0
EOL                  0    277      0     44      0     12      0      0      0      0
Metal Spacing       41     93      0    221      0     16      0      1      0      4
Recheck              1    301      0    191      0     43      0     15      0      2
Short                3    283      7     68      0     27      1      5      1      8
eolKeepOut           0   1623      0    153      0     57      0      0      0      0
[INFO DRT-0267] cpu time = 00:12:00, elapsed time = 00:00:39, memory = 3875.08 (MB), peak = 10067.48 (MB)
Total wire length = 58156 um.
Total wire length on LAYER M1 = 0 um.
Total wire length on LAYER M2 = 12632 um.
Total wire length on LAYER M3 = 21647 um.
Total wire length on LAYER M4 = 13421 um.
Total wire length on LAYER M5 = 5878 um.
Total wire length on LAYER M6 = 4214 um.
Total wire length on LAYER M7 = 361 um.
Total wire length on LAYER M8 = 0 um.
Total wire length on LAYER M9 = 0 um.
Total wire length on LAYER Pad = 0 um.
Total number of vias = 116520.
Up-via summary (total 116520):

-----------------
 Active         0
     M1     35343
     M2     60915
     M3     16482
     M4      3032
     M5       695
     M6        53
     M7         0
     M8         0
     M9         0
-----------------
       116520


[INFO DRT-0195] Start 1st optimization iteration.
    Completing 10% with 3534 violations.
    elapsed time = 00:00:02, memory = 10665.70 (MB).
    Completing 20% with 3534 violations.
    elapsed time = 00:00:04, memory = 10347.34 (MB).
    Completing 30% with 2740 violations.
    elapsed time = 00:00:14, memory = 9608.29 (MB).
    Completing 40% with 2740 violations.
    elapsed time = 00:00:17, memory = 10855.76 (MB).
    Completing 50% with 2740 violations.
    elapsed time = 00:00:21, memory = 6495.29 (MB).
    Completing 60% with 1853 violations.
    elapsed time = 00:00:27, memory = 10514.07 (MB).
    Completing 70% with 1853 violations.
    elapsed time = 00:00:28, memory = 10265.11 (MB).
    Completing 80% with 1173 violations.
    elapsed time = 00:00:40, memory = 10678.66 (MB).
    Completing 90% with 1173 violations.
    elapsed time = 00:00:42, memory = 10642.47 (MB).
    Completing 100% with 664 violations.
    elapsed time = 00:00:50, memory = 4423.83 (MB).
[INFO DRT-0199]   Number of violations = 664.
Viol/Layer          M1     M2     M3     V3     M4     M5
Corner Spacing       0      0      0      0      1      0
CutSpcTbl            0      0      0     10      0      0
EOL                  0     79      2      0      5      0
Metal Spacing       18     16     91      0      3      0
Short                1     34     26      0      4      0
eolKeepOut           0    342     11      0     18      3
[INFO DRT-0267] cpu time = 00:14:20, elapsed time = 00:00:50, memory = 4399.74 (MB), peak = 11099.36 (MB)
Total wire length = 57785 um.
Total wire length on LAYER M1 = 0 um.
Total wire length on LAYER M2 = 11893 um.
Total wire length on LAYER M3 = 21454 um.
Total wire length on LAYER M4 = 13854 um.
Total wire length on LAYER M5 = 5908 um.
Total wire length on LAYER M6 = 4311 um.
Total wire length on LAYER M7 = 362 um.
Total wire length on LAYER M8 = 0 um.
Total wire length on LAYER M9 = 0 um.
Total wire length on LAYER Pad = 0 um.
Total number of vias = 112713.
Up-via summary (total 112713):

-----------------
 Active         0
     M1     35331
     M2     57790
     M3     15486
     M4      3260
     M5       798
     M6        48
     M7         0
     M8         0
     M9         0
-----------------
       112713


[INFO DRT-0195] Start 2nd optimization iteration.
    Completing 10% with 664 violations.
    elapsed time = 00:00:00, memory = 4399.74 (MB).
    Completing 20% with 664 violations.
    elapsed time = 00:00:00, memory = 4399.74 (MB).
    Completing 30% with 663 violations.
    elapsed time = 00:00:09, memory = 4404.66 (MB).
    Completing 40% with 663 violations.
    elapsed time = 00:00:09, memory = 4405.35 (MB).
    Completing 50% with 663 violations.
    elapsed time = 00:00:15, memory = 6622.93 (MB).
    Completing 60% with 612 violations.
    elapsed time = 00:00:19, memory = 4405.13 (MB).
    Completing 70% with 612 violations.
    elapsed time = 00:00:20, memory = 10286.30 (MB).
    Completing 80% with 538 violations.
    elapsed time = 00:00:29, memory = 4412.41 (MB).
    Completing 90% with 538 violations.
    elapsed time = 00:00:29, memory = 4412.41 (MB).
    Completing 100% with 523 violations.
    elapsed time = 00:00:39, memory = 4435.09 (MB).
[INFO DRT-0199]   Number of violations = 526.
Viol/Layer          M1     M2     V2     M3     V3     M4     V4
CutSpcTbl            0      0      0      0      7      0      2
EOL                  0     51      0      3      0      4      0
Metal Spacing       20     14      0     78      0      1      0
Recheck              0      1      0      2      0      0      0
Short                1     31      1     28      0      1      0
eolKeepOut           0    255      0     11      0     15      0
[INFO DRT-0267] cpu time = 00:09:13, elapsed time = 00:00:39, memory = 4409.68 (MB), peak = 11099.36 (MB)
Total wire length = 57751 um.
Total wire length on LAYER M1 = 0 um.
Total wire length on LAYER M2 = 11822 um.
Total wire length on LAYER M3 = 21413 um.
Total wire length on LAYER M4 = 13828 um.
Total wire length on LAYER M5 = 5972 um.
Total wire length on LAYER M6 = 4354 um.
Total wire length on LAYER M7 = 359 um.
Total wire length on LAYER M8 = 0 um.
Total wire length on LAYER M9 = 0 um.
Total wire length on LAYER Pad = 0 um.
Total number of vias = 112798.
Up-via summary (total 112798):

-----------------
 Active         0
     M1     35331
     M2     57621
     M3     15425
     M4      3501
     M5       867
     M6        53
     M7         0
     M8         0
     M9         0
-----------------
       112798


[INFO DRT-0195] Start 3rd optimization iteration.
    Completing 10% with 526 violations.
    elapsed time = 00:00:00, memory = 4409.68 (MB).
    Completing 20% with 526 violations.
    elapsed time = 00:00:00, memory = 4409.68 (MB).
    Completing 30% with 408 violations.
    elapsed time = 00:00:06, memory = 4419.02 (MB).
    Completing 40% with 408 violations.
    elapsed time = 00:00:06, memory = 4419.02 (MB).
    Completing 50% with 408 violations.
    elapsed time = 00:00:10, memory = 6641.73 (MB).
    Completing 60% with 230 violations.
    elapsed time = 00:00:13, memory = 4438.04 (MB).
    Completing 70% with 230 violations.
    elapsed time = 00:00:13, memory = 4438.04 (MB).
    Completing 80% with 133 violations.
    elapsed time = 00:00:19, memory = 4439.61 (MB).
    Completing 90% with 133 violations.
    elapsed time = 00:00:19, memory = 4439.61 (MB).
    Completing 100% with 26 violations.
    elapsed time = 00:00:25, memory = 4448.04 (MB).
[INFO DRT-0199]   Number of violations = 26.
Viol/Layer          M1     M2     M3
EOL                  0      3      1
Metal Spacing        1      0      5
Short                0      4      0
eolKeepOut           0      9      3
[INFO DRT-0267] cpu time = 00:05:10, elapsed time = 00:00:25, memory = 4411.77 (MB), peak = 11266.63 (MB)
Total wire length = 57767 um.
Total wire length on LAYER M1 = 0 um.
Total wire length on LAYER M2 = 11540 um.
Total wire length on LAYER M3 = 21269 um.
Total wire length on LAYER M4 = 14078 um.
Total wire length on LAYER M5 = 6115 um.
Total wire length on LAYER M6 = 4403 um.
Total wire length on LAYER M7 = 359 um.
Total wire length on LAYER M8 = 0 um.
Total wire length on LAYER M9 = 0 um.
Total wire length on LAYER Pad = 0 um.
Total number of vias = 112859.
Up-via summary (total 112859):

-----------------
 Active         0
     M1     35331
     M2     56865
     M3     15913
     M4      3755
     M5       942
     M6        53
     M7         0
     M8         0
     M9         0
-----------------
       112859


[INFO DRT-0195] Start 4th guides tiles iteration.
    Completing 10% with 26 violations.
    elapsed time = 00:00:00, memory = 4886.69 (MB).
    Completing 20% with 26 violations.
    elapsed time = 00:00:00, memory = 4751.34 (MB).
    Completing 30% with 26 violations.
    elapsed time = 00:00:01, memory = 4574.19 (MB).
    Completing 40% with 19 violations.
    elapsed time = 00:00:01, memory = 4411.77 (MB).
    Completing 50% with 19 violations.
    elapsed time = 00:00:02, memory = 4758.45 (MB).
    Completing 60% with 19 violations.
    elapsed time = 00:00:03, memory = 4431.93 (MB).
    Completing 70% with 14 violations.
    elapsed time = 00:00:04, memory = 4424.25 (MB).
    Completing 80% with 9 violations.
    elapsed time = 00:00:05, memory = 4424.25 (MB).
    Completing 90% with 9 violations.
    elapsed time = 00:00:05, memory = 4424.25 (MB).
    Completing 100% with 3 violations.
    elapsed time = 00:00:05, memory = 4424.25 (MB).
[INFO DRT-0199]   Number of violations = 3.
Viol/Layer          M1     M2
Metal Spacing        1      0
Short                0      2
[INFO DRT-0267] cpu time = 00:00:12, elapsed time = 00:00:05, memory = 4424.25 (MB), peak = 11266.63 (MB)
Total wire length = 57766 um.
Total wire length on LAYER M1 = 0 um.
Total wire length on LAYER M2 = 11540 um.
Total wire length on LAYER M3 = 21262 um.
Total wire length on LAYER M4 = 14077 um.
Total wire length on LAYER M5 = 6115 um.
Total wire length on LAYER M6 = 4403 um.
Total wire length on LAYER M7 = 367 um.
Total wire length on LAYER M8 = 0 um.
Total wire length on LAYER M9 = 0 um.
Total wire length on LAYER Pad = 0 um.
Total number of vias = 112852.
Up-via summary (total 112852):

-----------------
 Active         0
     M1     35331
     M2     56855
     M3     15910
     M4      3757
     M5       944
     M6        55
     M7         0
     M8         0
     M9         0
-----------------
       112852


[INFO DRT-0195] Start 5th guides tiles iteration.
    Completing 50% with 3 violations.
    elapsed time = 00:00:00, memory = 4424.25 (MB).
    Completing 100% with 1 violations.
    elapsed time = 00:00:00, memory = 4424.25 (MB).
[INFO DRT-0199]   Number of violations = 1.
Viol/Layer          M1
Metal Spacing        1
[INFO DRT-0267] cpu time = 00:00:01, elapsed time = 00:00:00, memory = 4424.43 (MB), peak = 11266.63 (MB)
Total wire length = 57767 um.
Total wire length on LAYER M1 = 0 um.
Total wire length on LAYER M2 = 11540 um.
Total wire length on LAYER M3 = 21262 um.
Total wire length on LAYER M4 = 14078 um.
Total wire length on LAYER M5 = 6115 um.
Total wire length on LAYER M6 = 4403 um.
Total wire length on LAYER M7 = 367 um.
Total wire length on LAYER M8 = 0 um.
Total wire length on LAYER M9 = 0 um.
Total wire length on LAYER Pad = 0 um.
Total number of vias = 112859.
Up-via summary (total 112859):

-----------------
 Active         0
     M1     35331
     M2     56860
     M3     15912
     M4      3757
     M5       944
     M6        55
     M7         0
     M8         0
     M9         0
-----------------
       112859


[INFO DRT-0195] Start 6th guides tiles iteration.
    Completing 100% with 1 violations.
    elapsed time = 00:00:00, memory = 4424.43 (MB).
[INFO DRT-0199]   Number of violations = 1.
Viol/Layer          M1
Metal Spacing        1
[INFO DRT-0267] cpu time = 00:00:00, elapsed time = 00:00:00, memory = 4424.43 (MB), peak = 11266.63 (MB)
Total wire length = 57767 um.
Total wire length on LAYER M1 = 0 um.
Total wire length on LAYER M2 = 11540 um.
Total wire length on LAYER M3 = 21262 um.
Total wire length on LAYER M4 = 14078 um.
Total wire length on LAYER M5 = 6115 um.
Total wire length on LAYER M6 = 4403 um.
Total wire length on LAYER M7 = 367 um.
Total wire length on LAYER M8 = 0 um.
Total wire length on LAYER M9 = 0 um.
Total wire length on LAYER Pad = 0 um.
Total number of vias = 112859.
Up-via summary (total 112859):

-----------------
 Active         0
     M1     35331
     M2     56860
     M3     15912
     M4      3757
     M5       944
     M6        55
     M7         0
     M8         0
     M9         0
-----------------
       112859


[INFO DRT-0195] Start 7th stubborn tiles iteration.
    Completing 10% with 1 violations.
    elapsed time = 00:00:06, memory = 10787.61 (MB).
    Completing 20% with 1 violations.
    elapsed time = 00:00:06, memory = 11855.44 (MB).
    Completing 30% with 1 violations.
    elapsed time = 00:00:07, memory = 11750.51 (MB).
    Completing 40% with 1 violations.
    elapsed time = 00:00:07, memory = 11334.37 (MB).
    Completing 50% with 1 violations.
    elapsed time = 00:00:07, memory = 10375.98 (MB).
    Completing 60% with 1 violations.
    elapsed time = 00:00:07, memory = 9469.17 (MB).
    Completing 70% with 1 violations.
    elapsed time = 00:00:08, memory = 8345.58 (MB).
    Completing 80% with 1 violations.
    elapsed time = 00:00:10, memory = 7389.71 (MB).
    Completing 90% with 1 violations.
    elapsed time = 00:00:10, memory = 6219.75 (MB).
    Completing 100% with 0 violations.
    elapsed time = 00:00:12, memory = 5252.59 (MB).
[INFO DRT-0199]   Number of violations = 0.
[INFO DRT-0267] cpu time = 00:04:47, elapsed time = 00:00:12, memory = 5252.59 (MB), peak = 12249.13 (MB)
Total wire length = 57768 um.
Total wire length on LAYER M1 = 0 um.
Total wire length on LAYER M2 = 11540 um.
Total wire length on LAYER M3 = 21262 um.
Total wire length on LAYER M4 = 14078 um.
Total wire length on LAYER M5 = 6115 um.
Total wire length on LAYER M6 = 4403 um.
Total wire length on LAYER M7 = 367 um.
Total wire length on LAYER M8 = 0 um.
Total wire length on LAYER M9 = 0 um.
Total wire length on LAYER Pad = 0 um.
Total number of vias = 112859.
Up-via summary (total 112859):

-----------------
 Active         0
     M1     35331
     M2     56859
     M3     15913
     M4      3757
     M5       944
     M6        55
     M7         0
     M8         0
     M9         0
-----------------
       112859


[INFO DRT-0198] Complete detail routing.
Total wire length = 57768 um.
Total wire length on LAYER M1 = 0 um.
Total wire length on LAYER M2 = 11540 um.
Total wire length on LAYER M3 = 21262 um.
Total wire length on LAYER M4 = 14078 um.
Total wire length on LAYER M5 = 6115 um.
Total wire length on LAYER M6 = 4403 um.
Total wire length on LAYER M7 = 367 um.
Total wire length on LAYER M8 = 0 um.
Total wire length on LAYER M9 = 0 um.
Total wire length on LAYER Pad = 0 um.
Total number of vias = 112859.
Up-via summary (total 112859):

-----------------
 Active         0
     M1     35331
     M2     56859
     M3     15913
     M4      3757
     M5       944
     M6        55
     M7         0
     M8         0
     M9         0
-----------------
       112859


[INFO DRT-0267] cpu time = 00:45:46, elapsed time = 00:02:54, memory = 5252.59 (MB), peak = 12249.13 (MB)

[INFO DRT-0180] Post processing.
Took 192 seconds: detailed_route -output_drc ./reports/asap7/riscv32i/modified_alpha_4-beta_0.1/5_route_drc.rpt -output_maze ./results/asap7/riscv32i/modified_alpha_4-beta_0.1/maze.log -droute_end_iter 64 -verbose 1 -drc_report_iter_step 5
[WARNING GRT-0246] No diode with LEF class CORE ANTENNACELL found.
[INFO ANT-0002] Found 0 net violations.
[INFO ANT-0001] Found 0 pin violations.
[INFO ANT-0002] Found 0 net violations.
[INFO ANT-0001] Found 0 pin violations.
write_db ./results/asap7/riscv32i/modified_alpha_4-beta_0.1/5_2_route.odb
Elapsed time: 3:13.38[h:]min:sec. CPU time: user 3000.75 sys 120.07 (1613%). Peak memory: 12543112KB.
Log                        Elapsed/s Peak Memory/MB  sha1sum .odb [0:20)
5_2_route                        193          12249 c767b5f45a0e6613e914
