OpenROAD fe1aa0f9d0254fac87b82c886c04ee1544e46885 
Features included (+) or not (-): +GPU +GUI +Python
This program is licensed under the BSD-3 license. See the LICENSE file for details.
Components of this program may be licensed under more restrictive licenses which must be honored.
[INFO ORD-0030] Using 32 thread(s).
source /home/lucast/workspace/OR-flow-TCC/flow/platforms/asap7/liberty_suppressions.tcl
read_liberty /home/lucast/workspace/OR-flow-TCC/flow/platforms/asap7/lib/NLDM/asap7sc7p5t_AO_RVT_FF_nldm_211120.lib.gz
read_liberty /home/lucast/workspace/OR-flow-TCC/flow/platforms/asap7/lib/NLDM/asap7sc7p5t_INVBUF_RVT_FF_nldm_220122.lib.gz
read_liberty /home/lucast/workspace/OR-flow-TCC/flow/platforms/asap7/lib/NLDM/asap7sc7p5t_OA_RVT_FF_nldm_211120.lib.gz
read_liberty /home/lucast/workspace/OR-flow-TCC/flow/platforms/asap7/lib/NLDM/asap7sc7p5t_SIMPLE_RVT_FF_nldm_211120.lib.gz
read_liberty /home/lucast/workspace/OR-flow-TCC/flow/platforms/asap7/lib/NLDM/asap7sc7p5t_SEQ_RVT_FF_nldm_220123.lib
read_liberty /home/lucast/workspace/OR-flow-TCC/flow/platforms/asap7/lib/NLDM/asap7sc7p5t_DFFHQNH2V2X_RVT_TT_nldm_FAKE.lib
read_liberty /home/lucast/workspace/OR-flow-TCC/flow/platforms/asap7/lib/NLDM/asap7sc7p5t_DFFHQNV2X_RVT_TT_nldm_FAKE.lib
read_db -hier ./results/asap7/ibex/baseline_alpha_8-beta_0.1/6_1_fill.odb
[WARNING ORD-0012] Hierarchical flow (-hier) is currently in development and may cause multiple issues. Do not use in production environments.
source /home/lucast/workspace/OR-flow-TCC/flow/platforms/asap7/setRC.tcl
write_db ./results/asap7/ibex/baseline_alpha_8-beta_0.1/6_final.odb
Deleted 0 routing obstructions
Warning: master DFFHQNH2V2Xx1_ASAP7_75t_L has signal pins but no liberty cell
Warning: master DFFHQNH2V2Xx1_ASAP7_75t_SL has signal pins but no liberty cell
Warning: master DFFHQNH2V2Xx2_ASAP7_75t_L has signal pins but no liberty cell
Warning: master DFFHQNH2V2Xx2_ASAP7_75t_SL has signal pins but no liberty cell
Warning: master DFFHQNH2V2Xx3_ASAP7_75t_L has signal pins but no liberty cell
Warning: master DFFHQNH2V2Xx3_ASAP7_75t_SL has signal pins but no liberty cell
Warning: master DFFHQNV2Xx1_ASAP7_75t_L has signal pins but no liberty cell
Warning: master DFFHQNV2Xx1_ASAP7_75t_SL has signal pins but no liberty cell
Warning: master DFFHQNV2Xx2_ASAP7_75t_L has signal pins but no liberty cell
Warning: master DFFHQNV2Xx2_ASAP7_75t_SL has signal pins but no liberty cell
Warning: master DFFHQNV2Xx3_ASAP7_75t_L has signal pins but no liberty cell
Warning: master DFFHQNV2Xx3_ASAP7_75t_SL has signal pins but no liberty cell
[INFO RCX-0431] Defined process_corner X with ext_model_index 0
[INFO RCX-0029] Defined extraction corner X
[INFO RCX-0435] Reading extraction model file /home/lucast/workspace/OR-flow-TCC/flow/platforms/asap7/rcx_patterns.rules ...
[INFO RCX-0436] RC segment generation ibex_core (max_merge_res 50.0) ...
[INFO RCX-0040] Final 166771 rc segments
[INFO RCX-0439] Coupling Cap extraction ibex_core ...
[INFO RCX-0440] Coupling threshhold is 0.1000 fF, coupling capacitance less than 0.1000 fF will be grounded.
[INFO RCX-0442] 25% of 174474 wires extracted
[INFO RCX-0442] 54% of 174474 wires extracted
[INFO RCX-0442] 69% of 174474 wires extracted
[INFO RCX-0442] 100% of 174474 wires extracted
[INFO RCX-0045] Extract 21617 nets, 188295 rsegs, 188295 caps, 261957 ccs
[INFO RCX-0443] 21617 nets finished
[INFO PSM-0040] All shapes on net VDD are connected.
########## IR report #################
Net              : VDD
Corner           : default
Total power      : 2.46e-02 W
Supply voltage   : 7.70e-01 V
Worstcase voltage: 7.56e-01 V
Average voltage  : 7.69e-01 V
Average IR drop  : 9.09e-04 V
Worstcase IR drop: 1.38e-02 V
Percentage drop  : 1.79 %
######################################
[INFO PSM-0040] All shapes on net VSS are connected.
########## IR report #################
Net              : VSS
Corner           : default
Total power      : 2.46e-02 W
Supply voltage   : 0.00e+00 V
Worstcase voltage: 1.22e-02 V
Average voltage  : 9.13e-04 V
Average IR drop  : 9.13e-04 V
Worstcase IR drop: 1.22e-02 V
Percentage drop  : 1.58 %
######################################
Cell type report:                       Count       Area
  Fill cell                             28784    2927.96
  Tap cell                                821      23.94
  Tie cell                               1681      73.53
  Clock buffer                            136      50.72
  Timing Repair Buffer                   1500     154.90
  Inverter                               2279     100.38
  Clock inverter                           62       8.28
  Sequential cell                        1754     711.58
  Multi-Input combinational cell        13275    1405.76
  Total                                 50292    5457.05
Report metrics stage 6, finish...

==========================================================================
finish report_design_area
--------------------------------------------------------------------------
Design area 2529 um^2 46% utilization.
Elapsed time: 0:17.47[h:]min:sec. CPU time: user 38.56 sys 9.28 (273%). Peak memory: 832024KB.
Log                        Elapsed/s Peak Memory/MB  sha1sum .odb [0:20)
6_report                          17            812                  N/A
