
==========================================================================
global route report_tns
--------------------------------------------------------------------------
tns max -5292.20

==========================================================================
global route report_wns
--------------------------------------------------------------------------
wns max -64.44

==========================================================================
global route report_worst_slack
--------------------------------------------------------------------------
worst slack max -64.44

==========================================================================
global route report_clock_min_period
--------------------------------------------------------------------------
clk period_min = 514.44 fmax = 1943.85

==========================================================================
global route report_clock_skew
--------------------------------------------------------------------------
Clock clk
  81.32 source latency u0/r0/clk ^
-110.78 target latency u0/w[3][31]$_DFF_P_/CLK ^
   0.00 CRPR
--------------
 -29.46 setup skew


==========================================================================
global route report_checks -path_delay min
--------------------------------------------------------------------------
Startpoint: text_in[7] (input port clocked by clk)
Endpoint: _tray_size4_986 (rising edge-triggered flip-flop clocked by clk)
Path Group: clk
Path Type: min

Fanout     Cap    Slew   Delay    Time   Description
-----------------------------------------------------------------------------
                          0.00    0.00   clock clk (rise edge)
                          0.00    0.00   clock network delay (propagated)
                         90.00   90.00 v input external delay
     1    1.08    0.00    0.00   90.00 v text_in[7] (in)
                                         text_in[7] (net)
                  0.29    0.09   90.09 v input236/A (BUFx2_ASAP7_75t_R)
     1    0.67    5.04   10.64  100.73 v input236/Y (BUFx2_ASAP7_75t_R)
                                         net236 (net)
                  5.05    0.12  100.85 v _4679_/A2 (AO21x1_ASAP7_75t_R)
     1    0.70    6.60   13.46  114.31 v _4679_/Y (AO21x1_ASAP7_75t_R)
                                         _0702_ (net)
                  6.61    0.07  114.38 v _tray_size4_986/D2 (DFFHQNH2V2Xx1_ASAP7_75t_R)
                                114.38   data arrival time

                          0.00    0.00   clock clk (rise edge)
                          0.00    0.00   clock source latency
     2   16.98    0.00    0.00    0.00 ^ clk (in)
                                         clk (net)
                 26.81    8.46    8.46 ^ clkbuf_regs_0_clk/A (BUFx24_ASAP7_75t_R)
     1    3.89    7.90   22.35   30.81 ^ clkbuf_regs_0_clk/Y (BUFx24_ASAP7_75t_R)
                                         clk_regs (net)
                  8.16    1.00   31.81 ^ clkbuf_0_clk_regs/A (BUFx24_ASAP7_75t_R)
     2   12.40   10.81   18.04   49.85 ^ clkbuf_0_clk_regs/Y (BUFx24_ASAP7_75t_R)
                                         clknet_0_clk_regs (net)
                 15.12    3.50   53.35 ^ clkbuf_1_1__f_clk_regs/A (BUFx24_ASAP7_75t_R)
    10   47.90   26.90   22.95   76.29 ^ clkbuf_1_1__f_clk_regs/Y (BUFx24_ASAP7_75t_R)
                                         clknet_1_1__leaf_clk_regs (net)
                 43.86   11.45   87.75 ^ clkbuf_leaf_5_clk_regs/A (BUFx24_ASAP7_75t_R)
    13   16.98   13.90   28.07  115.82 ^ clkbuf_leaf_5_clk_regs/Y (BUFx24_ASAP7_75t_R)
                                         clknet_leaf_5_clk_regs (net)
                 17.07    3.37  119.19 ^ _tray_size4_986/CLK (DFFHQNH2V2Xx1_ASAP7_75t_R)
                          0.00  119.19   clock reconvergence pessimism
                         14.30  133.49   library hold time
                                133.49   data required time
-----------------------------------------------------------------------------
                                133.49   data required time
                               -114.38   data arrival time
-----------------------------------------------------------------------------
                                -19.11   slack (VIOLATED)



==========================================================================
global route report_checks -path_delay max
--------------------------------------------------------------------------
Startpoint: _tray_size4_1006 (rising edge-triggered flip-flop clocked by clk)
Endpoint: _tray_size4_958 (rising edge-triggered flip-flop clocked by clk)
Path Group: clk
Path Type: max

Fanout     Cap    Slew   Delay    Time   Description
-----------------------------------------------------------------------------
                          0.00    0.00   clock clk (rise edge)
                          0.00    0.00   clock source latency
     2   16.98    0.00    0.00    0.00 ^ clk (in)
                                         clk (net)
                 26.81    8.46    8.46 ^ clkbuf_regs_0_clk/A (BUFx24_ASAP7_75t_R)
     1    3.89    7.90   22.35   30.81 ^ clkbuf_regs_0_clk/Y (BUFx24_ASAP7_75t_R)
                                         clk_regs (net)
                  8.16    1.00   31.81 ^ clkbuf_0_clk_regs/A (BUFx24_ASAP7_75t_R)
     2   12.40   10.81   18.04   49.85 ^ clkbuf_0_clk_regs/Y (BUFx24_ASAP7_75t_R)
                                         clknet_0_clk_regs (net)
                 15.12    3.50   53.35 ^ clkbuf_1_1__f_clk_regs/A (BUFx24_ASAP7_75t_R)
    10   47.90   26.90   22.95   76.29 ^ clkbuf_1_1__f_clk_regs/Y (BUFx24_ASAP7_75t_R)
                                         clknet_1_1__leaf_clk_regs (net)
                 41.04   10.17   86.46 ^ clkbuf_leaf_7_clk_regs/A (BUFx24_ASAP7_75t_R)
    11   15.20   13.12   27.29  113.75 ^ clkbuf_leaf_7_clk_regs/Y (BUFx24_ASAP7_75t_R)
                                         clknet_leaf_7_clk_regs (net)
                 16.75    3.56  117.31 ^ _tray_size4_1006/CLK (DFFHQNH2V2Xx2_ASAP7_75t_R)
     1    6.99   49.19   77.34  194.65 v _tray_size4_1006/QN3 (DFFHQNH2V2Xx2_ASAP7_75t_R)
                                         _0420_ (net)
                 51.86    6.10  200.75 v _4725_/A (INVx2_ASAP7_75t_R)
     1    2.38   18.68   14.75  215.51 ^ _4725_/Y (INVx2_ASAP7_75t_R)
                                         sa30[0] (net)
                 18.72    0.53  216.04 ^ us30/a[0] (aes_sbox)
     2   18.52   52.71  225.73  441.77 v us30/d[4] (aes_sbox)
                                         sa30_sub[4] (net)
                115.45   34.01  475.77 v rebuffer1027/A (BUFx6f_ASAP7_75t_R)
     2    4.33   11.39   31.41  507.19 v rebuffer1027/Y (BUFx6f_ASAP7_75t_R)
                                         net1027 (net)
                 12.80    2.05  509.24 v _3328_/A (XOR2x2_ASAP7_75t_R)
     4    4.93   19.72   31.30  540.54 ^ _3328_/Y (XOR2x2_ASAP7_75t_R)
                                         _1386_ (net)
                 19.77    0.53  541.07 ^ _3426_/B (XOR2x2_ASAP7_75t_R)
     2    2.51   12.33   30.12  571.19 ^ _3426_/Y (XOR2x2_ASAP7_75t_R)
                                         _1478_ (net)
                 12.35    0.27  571.46 ^ _3427_/A (NAND2x1_ASAP7_75t_R)
     1    1.73   13.36    9.04  580.50 v _3427_/Y (NAND2x1_ASAP7_75t_R)
                                         _1479_ (net)
                 13.37    0.28  580.78 v _3428_/A1 (AOI21x1_ASAP7_75t_R)
     1    1.47   19.63   10.70  591.48 ^ _3428_/Y (AOI21x1_ASAP7_75t_R)
                                         _1480_ (net)
                 19.63    0.17  591.65 ^ _3429_/A1 (OAI21x1_ASAP7_75t_R)
     1    1.45   21.19    9.40  601.05 v _3429_/Y (OAI21x1_ASAP7_75t_R)
                                         _1481_ (net)
                 21.20    0.21  601.26 v _3436_/A (NAND2x1_ASAP7_75t_R)
     1    1.19   15.11   14.10  615.36 ^ _3436_/Y (NAND2x1_ASAP7_75t_R)
                                         _0078_ (net)
                 15.12    0.19  615.55 ^ _tray_size4_958/D3 (DFFHQNH2V2Xx1_ASAP7_75t_R)
                                615.55   data arrival time

                        450.00  450.00   clock clk (rise edge)
                          0.00  450.00   clock source latency
     2   15.78    0.00    0.00  450.00 ^ clk (in)
                                         clk (net)
                 24.49    7.72  457.72 ^ clkbuf_regs_0_clk/A (BUFx24_ASAP7_75t_R)
     1    3.29    7.56   21.69  479.41 ^ clkbuf_regs_0_clk/Y (BUFx24_ASAP7_75t_R)
                                         clk_regs (net)
                  7.71    0.82  480.23 ^ clkbuf_0_clk_regs/A (BUFx24_ASAP7_75t_R)
     2   11.20   10.24   17.81  498.04 ^ clkbuf_0_clk_regs/Y (BUFx24_ASAP7_75t_R)
                                         clknet_0_clk_regs (net)
                 14.49    3.42  501.45 ^ clkbuf_1_0__f_clk_regs/A (BUFx24_ASAP7_75t_R)
     9   37.66   23.03   22.15  523.61 ^ clkbuf_1_0__f_clk_regs/Y (BUFx24_ASAP7_75t_R)
                                         clknet_1_0__leaf_clk_regs (net)
                 35.13    8.64  532.25 ^ clkbuf_leaf_0_clk_regs/A (BUFx24_ASAP7_75t_R)
    15   13.59   12.16   25.86  558.11 ^ clkbuf_leaf_0_clk_regs/Y (BUFx24_ASAP7_75t_R)
                                         clknet_leaf_0_clk_regs (net)
                 13.10    1.62  559.73 ^ _tray_size4_958/CLK (DFFHQNH2V2Xx1_ASAP7_75t_R)
                          1.81  561.54   clock reconvergence pessimism
                        -10.43  551.11   library setup time
                                551.11   data required time
-----------------------------------------------------------------------------
                                551.11   data required time
                               -615.55   data arrival time
-----------------------------------------------------------------------------
                                -64.44   slack (VIOLATED)



==========================================================================
global route report_checks -unconstrained
--------------------------------------------------------------------------
Startpoint: _tray_size4_1006 (rising edge-triggered flip-flop clocked by clk)
Endpoint: _tray_size4_958 (rising edge-triggered flip-flop clocked by clk)
Path Group: clk
Path Type: max

Fanout     Cap    Slew   Delay    Time   Description
-----------------------------------------------------------------------------
                          0.00    0.00   clock clk (rise edge)
                          0.00    0.00   clock source latency
     2   16.98    0.00    0.00    0.00 ^ clk (in)
                                         clk (net)
                 26.81    8.46    8.46 ^ clkbuf_regs_0_clk/A (BUFx24_ASAP7_75t_R)
     1    3.89    7.90   22.35   30.81 ^ clkbuf_regs_0_clk/Y (BUFx24_ASAP7_75t_R)
                                         clk_regs (net)
                  8.16    1.00   31.81 ^ clkbuf_0_clk_regs/A (BUFx24_ASAP7_75t_R)
     2   12.40   10.81   18.04   49.85 ^ clkbuf_0_clk_regs/Y (BUFx24_ASAP7_75t_R)
                                         clknet_0_clk_regs (net)
                 15.12    3.50   53.35 ^ clkbuf_1_1__f_clk_regs/A (BUFx24_ASAP7_75t_R)
    10   47.90   26.90   22.95   76.29 ^ clkbuf_1_1__f_clk_regs/Y (BUFx24_ASAP7_75t_R)
                                         clknet_1_1__leaf_clk_regs (net)
                 41.04   10.17   86.46 ^ clkbuf_leaf_7_clk_regs/A (BUFx24_ASAP7_75t_R)
    11   15.20   13.12   27.29  113.75 ^ clkbuf_leaf_7_clk_regs/Y (BUFx24_ASAP7_75t_R)
                                         clknet_leaf_7_clk_regs (net)
                 16.75    3.56  117.31 ^ _tray_size4_1006/CLK (DFFHQNH2V2Xx2_ASAP7_75t_R)
     1    6.99   49.19   77.34  194.65 v _tray_size4_1006/QN3 (DFFHQNH2V2Xx2_ASAP7_75t_R)
                                         _0420_ (net)
                 51.86    6.10  200.75 v _4725_/A (INVx2_ASAP7_75t_R)
     1    2.38   18.68   14.75  215.51 ^ _4725_/Y (INVx2_ASAP7_75t_R)
                                         sa30[0] (net)
                 18.72    0.53  216.04 ^ us30/a[0] (aes_sbox)
     2   18.52   52.71  225.73  441.77 v us30/d[4] (aes_sbox)
                                         sa30_sub[4] (net)
                115.45   34.01  475.77 v rebuffer1027/A (BUFx6f_ASAP7_75t_R)
     2    4.33   11.39   31.41  507.19 v rebuffer1027/Y (BUFx6f_ASAP7_75t_R)
                                         net1027 (net)
                 12.80    2.05  509.24 v _3328_/A (XOR2x2_ASAP7_75t_R)
     4    4.93   19.72   31.30  540.54 ^ _3328_/Y (XOR2x2_ASAP7_75t_R)
                                         _1386_ (net)
                 19.77    0.53  541.07 ^ _3426_/B (XOR2x2_ASAP7_75t_R)
     2    2.51   12.33   30.12  571.19 ^ _3426_/Y (XOR2x2_ASAP7_75t_R)
                                         _1478_ (net)
                 12.35    0.27  571.46 ^ _3427_/A (NAND2x1_ASAP7_75t_R)
     1    1.73   13.36    9.04  580.50 v _3427_/Y (NAND2x1_ASAP7_75t_R)
                                         _1479_ (net)
                 13.37    0.28  580.78 v _3428_/A1 (AOI21x1_ASAP7_75t_R)
     1    1.47   19.63   10.70  591.48 ^ _3428_/Y (AOI21x1_ASAP7_75t_R)
                                         _1480_ (net)
                 19.63    0.17  591.65 ^ _3429_/A1 (OAI21x1_ASAP7_75t_R)
     1    1.45   21.19    9.40  601.05 v _3429_/Y (OAI21x1_ASAP7_75t_R)
                                         _1481_ (net)
                 21.20    0.21  601.26 v _3436_/A (NAND2x1_ASAP7_75t_R)
     1    1.19   15.11   14.10  615.36 ^ _3436_/Y (NAND2x1_ASAP7_75t_R)
                                         _0078_ (net)
                 15.12    0.19  615.55 ^ _tray_size4_958/D3 (DFFHQNH2V2Xx1_ASAP7_75t_R)
                                615.55   data arrival time

                        450.00  450.00   clock clk (rise edge)
                          0.00  450.00   clock source latency
     2   15.78    0.00    0.00  450.00 ^ clk (in)
                                         clk (net)
                 24.49    7.72  457.72 ^ clkbuf_regs_0_clk/A (BUFx24_ASAP7_75t_R)
     1    3.29    7.56   21.69  479.41 ^ clkbuf_regs_0_clk/Y (BUFx24_ASAP7_75t_R)
                                         clk_regs (net)
                  7.71    0.82  480.23 ^ clkbuf_0_clk_regs/A (BUFx24_ASAP7_75t_R)
     2   11.20   10.24   17.81  498.04 ^ clkbuf_0_clk_regs/Y (BUFx24_ASAP7_75t_R)
                                         clknet_0_clk_regs (net)
                 14.49    3.42  501.45 ^ clkbuf_1_0__f_clk_regs/A (BUFx24_ASAP7_75t_R)
     9   37.66   23.03   22.15  523.61 ^ clkbuf_1_0__f_clk_regs/Y (BUFx24_ASAP7_75t_R)
                                         clknet_1_0__leaf_clk_regs (net)
                 35.13    8.64  532.25 ^ clkbuf_leaf_0_clk_regs/A (BUFx24_ASAP7_75t_R)
    15   13.59   12.16   25.86  558.11 ^ clkbuf_leaf_0_clk_regs/Y (BUFx24_ASAP7_75t_R)
                                         clknet_leaf_0_clk_regs (net)
                 13.10    1.62  559.73 ^ _tray_size4_958/CLK (DFFHQNH2V2Xx1_ASAP7_75t_R)
                          1.81  561.54   clock reconvergence pessimism
                        -10.43  551.11   library setup time
                                551.11   data required time
-----------------------------------------------------------------------------
                                551.11   data required time
                               -615.55   data arrival time
-----------------------------------------------------------------------------
                                -64.44   slack (VIOLATED)



==========================================================================
global route report_check_types -max_slew -max_cap -max_fanout -violators
--------------------------------------------------------------------------

==========================================================================
global route max_slew_check_slack
--------------------------------------------------------------------------
58.21418380737305

==========================================================================
global route max_slew_check_limit
--------------------------------------------------------------------------
320.0

==========================================================================
global route max_slew_check_slack_limit
--------------------------------------------------------------------------
0.1819

==========================================================================
global route max_fanout_check_slack
--------------------------------------------------------------------------
1.0000000150474662e+30

==========================================================================
global route max_fanout_check_limit
--------------------------------------------------------------------------
1.0000000150474662e+30

==========================================================================
global route max_capacitance_check_slack
--------------------------------------------------------------------------
7.69563627243042

==========================================================================
global route max_capacitance_check_limit
--------------------------------------------------------------------------
23.040000915527344

==========================================================================
global route max_capacitance_check_slack_limit
--------------------------------------------------------------------------
0.3340

==========================================================================
global route max_slew_violation_count
--------------------------------------------------------------------------
max slew violation count 0

==========================================================================
global route max_fanout_violation_count
--------------------------------------------------------------------------
max fanout violation count 0

==========================================================================
global route max_cap_violation_count
--------------------------------------------------------------------------
max cap violation count 0

==========================================================================
global route setup_violation_count
--------------------------------------------------------------------------
setup violation count 138

==========================================================================
global route hold_violation_count
--------------------------------------------------------------------------
hold violation count 146

==========================================================================
global route report_checks -path_delay max reg to reg
--------------------------------------------------------------------------
Startpoint: _tray_size4_1006 (rising edge-triggered flip-flop clocked by clk)
Endpoint: _tray_size4_958 (rising edge-triggered flip-flop clocked by clk)
Path Group: clk
Path Type: max

  Delay    Time   Description
---------------------------------------------------------
   0.00    0.00   clock clk (rise edge)
   0.00    0.00   clock source latency
   0.00    0.00 ^ clk (in)
  30.81   30.81 ^ clkbuf_regs_0_clk/Y (BUFx24_ASAP7_75t_R)
  19.04   49.85 ^ clkbuf_0_clk_regs/Y (BUFx24_ASAP7_75t_R)
  26.45   76.29 ^ clkbuf_1_1__f_clk_regs/Y (BUFx24_ASAP7_75t_R)
  37.46  113.75 ^ clkbuf_leaf_7_clk_regs/Y (BUFx24_ASAP7_75t_R)
   3.56  117.31 ^ _tray_size4_1006/CLK (DFFHQNH2V2Xx2_ASAP7_75t_R)
  77.34  194.65 v _tray_size4_1006/QN3 (DFFHQNH2V2Xx2_ASAP7_75t_R)
  20.85  215.51 ^ _4725_/Y (INVx2_ASAP7_75t_R)
 226.26  441.77 v us30/d[4] (aes_sbox)
  65.42  507.19 v rebuffer1027/Y (BUFx6f_ASAP7_75t_R)
  33.35  540.54 ^ _3328_/Y (XOR2x2_ASAP7_75t_R)
  30.65  571.19 ^ _3426_/Y (XOR2x2_ASAP7_75t_R)
   9.31  580.50 v _3427_/Y (NAND2x1_ASAP7_75t_R)
  10.98  591.48 ^ _3428_/Y (AOI21x1_ASAP7_75t_R)
   9.57  601.05 v _3429_/Y (OAI21x1_ASAP7_75t_R)
  14.31  615.36 ^ _3436_/Y (NAND2x1_ASAP7_75t_R)
   0.19  615.55 ^ _tray_size4_958/D3 (DFFHQNH2V2Xx1_ASAP7_75t_R)
         615.55   data arrival time

 450.00  450.00   clock clk (rise edge)
   0.00  450.00   clock source latency
   0.00  450.00 ^ clk (in)
  29.41  479.41 ^ clkbuf_regs_0_clk/Y (BUFx24_ASAP7_75t_R)
  18.63  498.04 ^ clkbuf_0_clk_regs/Y (BUFx24_ASAP7_75t_R)
  25.57  523.61 ^ clkbuf_1_0__f_clk_regs/Y (BUFx24_ASAP7_75t_R)
  34.50  558.11 ^ clkbuf_leaf_0_clk_regs/Y (BUFx24_ASAP7_75t_R)
   1.62  559.73 ^ _tray_size4_958/CLK (DFFHQNH2V2Xx1_ASAP7_75t_R)
   1.81  561.54   clock reconvergence pessimism
 -10.43  551.11   library setup time
         551.11   data required time
---------------------------------------------------------
         551.11   data required time
        -615.55   data arrival time
---------------------------------------------------------
         -64.44   slack (VIOLATED)



==========================================================================
global route report_checks -path_delay min reg to reg
--------------------------------------------------------------------------
Startpoint: text_in_r[33]$_DFFE_PP_
            (rising edge-triggered flip-flop clocked by clk)
Endpoint: text_in_r[33]$_DFFE_PP_
          (rising edge-triggered flip-flop clocked by clk)
Path Group: clk
Path Type: min

  Delay    Time   Description
---------------------------------------------------------
   0.00    0.00   clock clk (rise edge)
   0.00    0.00   clock source latency
   0.00    0.00 ^ clk (in)
  29.41   29.41 ^ clkbuf_regs_0_clk/Y (BUFx24_ASAP7_75t_R)
  18.63   48.04 ^ clkbuf_0_clk_regs/Y (BUFx24_ASAP7_75t_R)
  25.33   73.37 ^ clkbuf_1_1__f_clk_regs/Y (BUFx24_ASAP7_75t_R)
  34.28  107.65 ^ clkbuf_leaf_11_clk_regs/Y (BUFx24_ASAP7_75t_R)
   4.06  111.71 ^ text_in_r[33]$_DFFE_PP_/CLK (DFFHQNx1_ASAP7_75t_R)
  40.06  151.77 ^ text_in_r[33]$_DFFE_PP_/QN (DFFHQNx1_ASAP7_75t_R)
   9.94  161.71 v _4621_/Y (NOR2x1_ASAP7_75t_R)
  14.21  175.92 v _4622_/Y (AO21x1_ASAP7_75t_R)
   0.11  176.03 v text_in_r[33]$_DFFE_PP_/D (DFFHQNx1_ASAP7_75t_R)
         176.03   data arrival time

   0.00    0.00   clock clk (rise edge)
   0.00    0.00   clock source latency
   0.00    0.00 ^ clk (in)
  30.81   30.81 ^ clkbuf_regs_0_clk/Y (BUFx24_ASAP7_75t_R)
  19.04   49.85 ^ clkbuf_0_clk_regs/Y (BUFx24_ASAP7_75t_R)
  26.45   76.29 ^ clkbuf_1_1__f_clk_regs/Y (BUFx24_ASAP7_75t_R)
  36.54  112.83 ^ clkbuf_leaf_11_clk_regs/Y (BUFx24_ASAP7_75t_R)
   4.53  117.36 ^ text_in_r[33]$_DFFE_PP_/CLK (DFFHQNx1_ASAP7_75t_R)
  -5.65  111.71   clock reconvergence pessimism
  13.25  124.96   library hold time
         124.96   data required time
---------------------------------------------------------
         124.96   data required time
        -176.03   data arrival time
---------------------------------------------------------
          51.06   slack (MET)



==========================================================================
global route critical path target clock latency max path
--------------------------------------------------------------------------
108.4572

==========================================================================
global route critical path target clock latency min path
--------------------------------------------------------------------------
119.1912

==========================================================================
global route critical path source clock latency min path
--------------------------------------------------------------------------
0.0000

==========================================================================
global route critical path delay
--------------------------------------------------------------------------
615.5482

==========================================================================
global route critical path slack
--------------------------------------------------------------------------
-64.4424

==========================================================================
global route slack div critical path delay
--------------------------------------------------------------------------
-10.469107

==========================================================================
global route report_power
--------------------------------------------------------------------------
Group                  Internal  Switching    Leakage      Total
                          Power      Power      Power      Power (Watts)
----------------------------------------------------------------
Sequential             1.80e-03   2.86e-04   6.94e-08   2.08e-03  33.5%
Combinational          1.14e-03   1.57e-03   3.44e-07   2.71e-03  43.6%
Clock                  8.88e-04   5.38e-04   1.41e-08   1.43e-03  23.0%
Macro                  0.00e+00   0.00e+00   0.00e+00   0.00e+00   0.0%
Pad                    0.00e+00   0.00e+00   0.00e+00   0.00e+00   0.0%
----------------------------------------------------------------
Total                  3.82e-03   2.39e-03   4.27e-07   6.22e-03 100.0%
                          61.5%      38.5%       0.0%
