OpenROAD ee3d65ce03b2656092ed62bf9205c5c11049c575 
Features included (+) or not (-): +GPU +GUI +Python
This program is licensed under the BSD-3 license. See the LICENSE file for details.
Components of this program may be licensed under more restrictive licenses which must be honored.
[INFO ORD-0030] Using 32 thread(s).
source /home/lucast/workspace/OR-flow-TCC/flow/platforms/asap7/liberty_suppressions.tcl
read_liberty /home/lucast/workspace/OR-flow-TCC/flow/platforms/asap7/lib/NLDM/asap7sc7p5t_AO_RVT_FF_nldm_211120.lib.gz
read_liberty /home/lucast/workspace/OR-flow-TCC/flow/platforms/asap7/lib/NLDM/asap7sc7p5t_INVBUF_RVT_FF_nldm_220122.lib.gz
read_liberty /home/lucast/workspace/OR-flow-TCC/flow/platforms/asap7/lib/NLDM/asap7sc7p5t_OA_RVT_FF_nldm_211120.lib.gz
read_liberty /home/lucast/workspace/OR-flow-TCC/flow/platforms/asap7/lib/NLDM/asap7sc7p5t_SIMPLE_RVT_FF_nldm_211120.lib.gz
read_liberty /home/lucast/workspace/OR-flow-TCC/flow/platforms/asap7/lib/NLDM/asap7sc7p5t_SEQ_RVT_FF_nldm_220123.lib
read_liberty /home/lucast/workspace/OR-flow-TCC/flow/platforms/asap7/lib/NLDM/asap7sc7p5t_DFFHQNH2V2X_RVT_TT_nldm_FAKE.lib
read_liberty /home/lucast/workspace/OR-flow-TCC/flow/platforms/asap7/lib/NLDM/asap7sc7p5t_DFFHQNV2X_RVT_TT_nldm_FAKE.lib
read_db ./results/asap7/jpeg/modified_alpha_16-beta_0.1/4_cts.odb
source /home/lucast/workspace/OR-flow-TCC/flow/platforms/asap7/setRC.tcl
pin_access
[INFO DRT-0149] Reading tech and libs.

Units:                1000
Number of layers:     21
Number of macros:     230
Number of vias:       14
Number of viarulegen: 11

[INFO DRT-0150] Reading design.

Design:                   jpeg_encoder
Die area:                 ( 0 0 ) ( 98136 98136 )
Number of track patterns: 32
Number of DEF vias:       0
Number of components:     53816
Number of terminals:      49
Number of snets:          2
Number of nets:           63634

[INFO DRT-0167] List of default vias:
  Layer V2
    default via: VIA23
  Layer V3
    default via: VIA34
  Layer V4
    default via: VIA45
  Layer V5
    default via: VIA56
  Layer V6
    default via: VIA67
  Layer V7
    default via: VIA78
  Layer V8
    default via: VIA89
  Layer V9
    default via: VIA9Pad
[INFO DRT-0162] Library cell analysis.
[INFO DRT-0163] Instance analysis.
[INFO DRT-0164] Number of unique instances = 214.
[INFO DRT-0168] Init region query.
[INFO DRT-0024]   Complete Active.
[INFO DRT-0024]   Complete V0.
[INFO DRT-0024]   Complete M1.
[INFO DRT-0024]   Complete V1.
[INFO DRT-0024]   Complete M2.
[INFO DRT-0024]   Complete V2.
[INFO DRT-0024]   Complete M3.
[INFO DRT-0024]   Complete V3.
[INFO DRT-0024]   Complete M4.
[INFO DRT-0024]   Complete V4.
[INFO DRT-0024]   Complete M5.
[INFO DRT-0024]   Complete V5.
[INFO DRT-0024]   Complete M6.
[INFO DRT-0024]   Complete V6.
[INFO DRT-0024]   Complete M7.
[INFO DRT-0024]   Complete V7.
[INFO DRT-0024]   Complete M8.
[INFO DRT-0024]   Complete V8.
[INFO DRT-0024]   Complete M9.
[INFO DRT-0024]   Complete V9.
[INFO DRT-0024]   Complete Pad.
[INFO DRT-0033] Active shape region query size = 0.
[INFO DRT-0033] V0 shape region query size = 0.
[INFO DRT-0033] M1 shape region query size = 966596.
[INFO DRT-0033] V1 shape region query size = 1002244.
[INFO DRT-0033] M2 shape region query size = 39259.
[INFO DRT-0033] V2 shape region query size = 20994.
[INFO DRT-0033] M3 shape region query size = 19920.
[INFO DRT-0033] V3 shape region query size = 12564.
[INFO DRT-0033] M4 shape region query size = 12586.
[INFO DRT-0033] V4 shape region query size = 12564.
[INFO DRT-0033] M5 shape region query size = 6991.
[INFO DRT-0033] V5 shape region query size = 1296.
[INFO DRT-0033] M6 shape region query size = 720.
[INFO DRT-0033] V6 shape region query size = 0.
[INFO DRT-0033] M7 shape region query size = 0.
[INFO DRT-0033] V7 shape region query size = 0.
[INFO DRT-0033] M8 shape region query size = 0.
[INFO DRT-0033] V8 shape region query size = 0.
[INFO DRT-0033] M9 shape region query size = 0.
[INFO DRT-0033] V9 shape region query size = 0.
[INFO DRT-0033] Pad shape region query size = 0.
[INFO DRT-0165] Start pin access.
[INFO DRT-0076]   Complete 1000 pins.
[INFO DRT-0078]   Complete 1254 pins.
[INFO DRT-0079]   Complete 100 unique inst patterns.
[INFO DRT-0079]   Complete 200 unique inst patterns.
[INFO DRT-0081]   Complete 214 unique inst patterns.
[INFO DRT-0082]   Complete 10000 groups.
[INFO DRT-0082]   Complete 20000 groups.
[INFO DRT-0084]   Complete 27358 groups.
#scanned instances     = 53816
#unique  instances     = 214
#stdCellGenAp          = 6904
#stdCellValidPlanarAp  = 70
#stdCellValidViaAp     = 5116
#stdCellPinNoAp        = 0
#stdCellPinCnt         = 180096
#instTermValidViaApCnt = 0
#macroGenAp            = 0
#macroValidPlanarAp    = 0
#macroValidViaAp       = 0
#macroNoAp             = 0
[INFO DRT-0166] Complete pin access.
[INFO DRT-0267] cpu time = 00:33:36, elapsed time = 00:01:07, memory = 482.56 (MB), peak = 477.71 (MB)
Took 68 seconds: pin_access
global_route -congestion_report_file ./reports/asap7/jpeg/modified_alpha_16-beta_0.1/congestion.rpt -congestion_iterations 30 -congestion_report_iter_step 5 -verbose
[INFO GRT-0020] Min routing layer: M2
[INFO GRT-0021] Max routing layer: M7
[INFO GRT-0022] Global adjustment: 0%
[INFO GRT-0023] Grid origin: (0, 0)
[INFO GRT-0088] Layer M1      Track-Pitch = 0.0360  line-2-Via Pitch: 0.0360
[INFO GRT-0088] Layer M2      Track-Pitch = 0.0390  line-2-Via Pitch: 0.0360
[INFO GRT-0088] Layer M3      Track-Pitch = 0.0360  line-2-Via Pitch: 0.0360
[INFO GRT-0088] Layer M4      Track-Pitch = 0.0480  line-2-Via Pitch: 0.0480
[INFO GRT-0088] Layer M5      Track-Pitch = 0.0480  line-2-Via Pitch: 0.0480
[INFO GRT-0088] Layer M6      Track-Pitch = 0.0640  line-2-Via Pitch: 0.0640
[INFO GRT-0088] Layer M7      Track-Pitch = 0.0640  line-2-Via Pitch: 0.0640
[INFO GRT-0003] Macros: 0
[INFO GRT-0004] Blockages: 13344
[INFO GRT-0019] Found 105 clock nets.
[INFO GRT-0001] Minimum degree: 2
[INFO GRT-0002] Maximum degree: 21

[INFO GRT-0053] Routing resources analysis:
          Routing      Original      Derated      Resource
Layer     Direction    Resources     Resources    Reduction (%)
---------------------------------------------------------------
M1         Vertical            0             0          0.00%
M2         Horizontal     336741        242030          28.13%
M3         Vertical       446882        331746          25.76%
M4         Horizontal     343089        254726          25.76%
M5         Vertical       331324        245725          25.84%
M6         Horizontal     231123        156183          32.42%
M7         Vertical       262143        176643          32.62%
---------------------------------------------------------------

[INFO GRT-0197] Via related to pin nodes: 321995
[INFO GRT-0198] Via related Steiner nodes: 5731
[INFO GRT-0199] Via filling finished.
[INFO GRT-0111] Final number of vias: 408220
[INFO GRT-0112] Final usage 3D: 1512179

[INFO GRT-0096] Final congestion report:
Layer         Resource        Demand        Usage (%)    Max H / Max V / Total Overflow
---------------------------------------------------------------------------------------
M1                   0             0            0.00%             0 /  0 /  0
M2              242030        109994           45.45%             0 /  0 /  0
M3              331746        123867           37.34%             0 /  0 /  0
M4              254726         44032           17.29%             0 /  0 /  0
M5              245725          8456            3.44%             0 /  0 /  0
M6              156183          1115            0.71%             0 /  0 /  0
M7              176643            55            0.03%             0 /  0 /  0
---------------------------------------------------------------------------------------
Total          1407053        287519           20.43%             0 /  0 /  0

[INFO GRT-0018] Total wirelength: 240235 um
[INFO GRT-0014] Routed nets: 63606
[INFO GRT-0303] Global routing runtime = 00:00:01
estimate_parasitics -global_routing
Perform buffer insertion and gate resizing...
repair_design -verbose
Iteration |   Area    | Resized | Buffers | Nets repaired | Remaining
---------------------------------------------------------------------
        0 |     +0.0% |       0 |       0 |             0 |     63707
     1000 |     +0.0% |       0 |       0 |             0 |     62707
     2000 |     +0.0% |       0 |       0 |             0 |     61707
     3000 |     +0.0% |       0 |       0 |             0 |     60707
     4000 |     +0.0% |       0 |       0 |             0 |     59707
     5000 |     +0.0% |       0 |       0 |             0 |     58707
     6000 |     +0.0% |       0 |       0 |             0 |     57707
     7000 |     +0.0% |       0 |       0 |             0 |     56707
     8000 |     +0.0% |       0 |       0 |             0 |     55707
[WARNING RSZ-0104] Net _060576_ only has one pin. Check if it is intended to be dangling.
     9000 |     +0.0% |       0 |       0 |             0 |     54707
    10000 |     +0.0% |       0 |       0 |             0 |     53707
[WARNING RSZ-0104] Net _060575_ only has one pin. Check if it is intended to be dangling.
    11000 |     +0.0% |       0 |       0 |             0 |     52707
[WARNING RSZ-0104] Net _060573_ only has one pin. Check if it is intended to be dangling.
    12000 |     +0.0% |       0 |       0 |             0 |     51707
    13000 |     +0.0% |       0 |       0 |             0 |     50707
    14000 |     +0.0% |       0 |       0 |             0 |     49707
    15000 |     +0.0% |       0 |       0 |             0 |     48707
    16000 |     +0.0% |       0 |       0 |             0 |     47707
[WARNING RSZ-0104] Net _060574_ only has one pin. Check if it is intended to be dangling.
    17000 |     +0.0% |       0 |       0 |             0 |     46707
    18000 |     +0.0% |       0 |       0 |             0 |     45707
    19000 |     +0.0% |       0 |       0 |             0 |     44707
    20000 |     +0.0% |       0 |       0 |             0 |     43707
    21000 |     +0.0% |       0 |       0 |             0 |     42707
    22000 |     +0.0% |       0 |       0 |             0 |     41707
    23000 |     +0.0% |       0 |       0 |             0 |     40707
    24000 |     +0.0% |       0 |       0 |             0 |     39707
    25000 |     +0.0% |       0 |       0 |             0 |     38707
    26000 |     +0.0% |       0 |       0 |             0 |     37707
    27000 |     +0.0% |       0 |       0 |             0 |     36707
    28000 |     +0.0% |       0 |       0 |             0 |     35707
    29000 |     +0.0% |       0 |       0 |             0 |     34707
    30000 |     +0.0% |       0 |       0 |             0 |     33707
[WARNING RSZ-0104] Net _060450_ only has one pin. Check if it is intended to be dangling.
    31000 |     +0.0% |       0 |       0 |             0 |     32707
    32000 |     +0.0% |       0 |       0 |             0 |     31707
    33000 |     +0.0% |       0 |       0 |             0 |     30707
    34000 |     +0.0% |       0 |       0 |             0 |     29707
    35000 |     +0.0% |       0 |       0 |             0 |     28707
    36000 |     +0.0% |       0 |       0 |             0 |     27707
[WARNING RSZ-0104] Net _060558_ only has one pin. Check if it is intended to be dangling.
[WARNING RSZ-0104] Net _060402_ only has one pin. Check if it is intended to be dangling.
[WARNING RSZ-0104] Net _059903_ only has one pin. Check if it is intended to be dangling.
    37000 |     +0.0% |       0 |       0 |             0 |     26707
    38000 |     +0.0% |       0 |       0 |             0 |     25707
    39000 |     +0.0% |       0 |       0 |             0 |     24707
    40000 |     +0.0% |       0 |       0 |             0 |     23707
    41000 |     +0.0% |       0 |       0 |             0 |     22707
[WARNING RSZ-0104] Net _060149_ only has one pin. Check if it is intended to be dangling.
    42000 |     +0.0% |       0 |       0 |             0 |     21707
    43000 |     +0.0% |       0 |       0 |             0 |     20707
    44000 |     +0.0% |       0 |       0 |             0 |     19707
    45000 |     +0.0% |       0 |       0 |             0 |     18707
    46000 |     +0.0% |       0 |       0 |             0 |     17707
[WARNING RSZ-0104] Net _060557_ only has one pin. Check if it is intended to be dangling.
[WARNING RSZ-0104] Net _060556_ only has one pin. Check if it is intended to be dangling.
[WARNING RSZ-0104] Net _060554_ only has one pin. Check if it is intended to be dangling.
[WARNING RSZ-0104] Net _060553_ only has one pin. Check if it is intended to be dangling.
[WARNING RSZ-0104] Net _060550_ only has one pin. Check if it is intended to be dangling.
[WARNING RSZ-0104] Net _060549_ only has one pin. Check if it is intended to be dangling.
[WARNING RSZ-0104] Net _060548_ only has one pin. Check if it is intended to be dangling.
[WARNING RSZ-0104] Net _060547_ only has one pin. Check if it is intended to be dangling.
[WARNING RSZ-0104] Net _060534_ only has one pin. Check if it is intended to be dangling.
[WARNING RSZ-0104] Net _060533_ only has one pin. Check if it is intended to be dangling.
[WARNING RSZ-0104] Net _060532_ only has one pin. Check if it is intended to be dangling.
[WARNING RSZ-0104] Net _060531_ only has one pin. Check if it is intended to be dangling.
[WARNING RSZ-0104] Net _060530_ only has one pin. Check if it is intended to be dangling.
[WARNING RSZ-0104] Net _060529_ only has one pin. Check if it is intended to be dangling.
[WARNING RSZ-0104] Net _060528_ only has one pin. Check if it is intended to be dangling.
    47000 |     +0.0% |       0 |       0 |             0 |     16707
    48000 |     +0.0% |       0 |       0 |             0 |     15707
    49000 |     +0.0% |       0 |       0 |             0 |     14707
    50000 |     +0.0% |       0 |       0 |             0 |     13707
    51000 |     +0.0% |       0 |       0 |             0 |     12707
[WARNING RSZ-0104] Net _060546_ only has one pin. Check if it is intended to be dangling.
[WARNING RSZ-0104] Net _060545_ only has one pin. Check if it is intended to be dangling.
[WARNING RSZ-0104] Net _060544_ only has one pin. Check if it is intended to be dangling.
    52000 |     +0.0% |       0 |       0 |             0 |     11707
    53000 |     +0.0% |       0 |       0 |             0 |     10707
    54000 |     +0.0% |       0 |       0 |             0 |      9707
[WARNING RSZ-0104] Net _060527_ only has one pin. Check if it is intended to be dangling.
    55000 |     +0.0% |       0 |       0 |             0 |      8707
    56000 |     +0.0% |       0 |       0 |             0 |      7707
    57000 |     +0.0% |       0 |       0 |             0 |      6707
    58000 |     +0.0% |       0 |       0 |             0 |      5707
    59000 |     +0.0% |       0 |       0 |             0 |      4707
    60000 |     +0.0% |       0 |       0 |             0 |      3707
    61000 |     +0.0% |       0 |       0 |             0 |      2707
    62000 |     +0.0% |       0 |       0 |             0 |      1707
    63000 |     +0.0% |       0 |       0 |             0 |       707
    final |     +0.0% |       0 |       0 |             0 |         0
---------------------------------------------------------------------
global_route -start_incremental
detailed_placement
[INFO DPL-0005] Max displacement: +/- 500 sites horizontally, +/- 100 rows vertically.
Movements Summary
---------------------------------------
Total cells:                   52595
Diamond Move Success:          52595 (100.00%)
Diamond Move Failure:              0
Rip-up and replace Success:        0 (  0.00% of diamond failures)
Rip-up and replace Failure:        0
Total Placement Failures:          0
---------------------------------------
Placement Analysis
---------------------------------
total displacement          0.0 u
average displacement        0.0 u
max displacement            0.0 u
original HPWL          151647.4 u
legalized HPWL         151647.4 u
delta HPWL                    0 %

global_route -end_incremental -congestion_report_file ./reports/asap7/jpeg/modified_alpha_16-beta_0.1/congestion_post_repair_design.rpt
Repair setup and hold violations...
estimate_parasitics -global_routing
repair_timing -setup_margin 0 -hold_margin 0 -repair_tns 100 -verbose
[INFO RSZ-0100] Repair move sequence: UnbufferMove SizeUpMove SwapPinsMove BufferMove CloneMove SplitLoadMove 
[INFO RSZ-0094] Found 120 endpoints with setup violations.
[INFO RSZ-0099] Repairing 120 out of 120 (100.00%) violating endpoints...
   Iter   | Removed | Resized | Inserted | Cloned |  Pin  |   Area   |    WNS   |   TNS      |  Viol  | Worst
          | Buffers |  Gates  | Buffers  |  Gates | Swaps |          |          |            | Endpts | Endpt
--------------------------------------------------------------------------------------------------------------
        0 |       0 |       0 |        0 |      0 |     0 |    +0.0% |  -35.926 |    -1501.3 |    120 | _tray_size4_7712/D2
       10 |       0 |       0 |        8 |      0 |     5 |    +0.0% |  -28.819 |    -1384.2 |    120 | _tray_size4_7822/D3
       20 |       0 |       0 |       16 |      0 |    10 |    +0.0% |  -24.842 |    -1259.0 |    120 | _tray_size4_7933/D1
       25 |       0 |       0 |       21 |      0 |    13 |    +0.0% |  -23.676 |    -1210.5 |    118 | _tray_size4_7986/D0
       29 |       0 |       1 |       23 |      0 |    14 |    +0.0% |  -23.676 |    -1128.7 |    116 | _tray_size4_7986/D0
       30 |       0 |       1 |       23 |      0 |    14 |    +0.0% |  -23.676 |    -1128.7 |    116 | _tray_size4_7986/D0
       32 |       0 |       1 |       24 |      0 |    15 |    +0.0% |  -23.676 |    -1097.8 |    114 | _tray_size4_7986/D0
       35 |       0 |       1 |       28 |      0 |    15 |    +0.0% |  -23.676 |    -1075.5 |    112 | _tray_size4_7986/D0
       38 |       0 |       1 |       29 |      0 |    16 |    +0.0% |  -23.676 |    -1041.1 |    110 | _tray_size4_7986/D0
       39 |       0 |       1 |       29 |      0 |    16 |    +0.0% |  -23.676 |    -1041.1 |    109 | _tray_size4_7986/D0
       40 |       0 |       1 |       29 |      0 |    16 |    +0.0% |  -23.676 |    -1041.1 |    109 | _tray_size4_7986/D0
       41 |       0 |       1 |       29 |      0 |    17 |    +0.0% |  -23.676 |    -1032.1 |    107 | _tray_size4_7986/D0
       45 |       0 |       1 |       31 |      0 |    19 |    +0.0% |  -23.676 |     -992.5 |    105 | _tray_size4_7986/D0
       48 |       0 |       1 |       32 |      0 |    20 |    +0.0% |  -23.676 |     -983.4 |    103 | _tray_size4_7986/D0
       50 |       0 |       1 |       32 |      0 |    21 |    +0.0% |  -23.676 |     -984.2 |    103 | _tray_size4_7986/D0
       52 |       0 |       1 |       35 |      0 |    22 |    +0.0% |  -23.676 |     -939.5 |    101 | _tray_size4_7986/D0
       54 |       0 |       1 |       35 |      0 |    23 |    +0.0% |  -23.676 |     -934.5 |     99 | _tray_size4_7986/D0
       56 |       0 |       1 |       37 |      0 |    23 |    +0.1% |  -23.310 |     -890.8 |     97 | _tray_size4_8348/D1
       57 |       0 |       1 |       37 |      0 |    23 |    +0.1% |  -23.310 |     -890.8 |     96 | _tray_size4_8348/D1
       60 |       0 |       1 |       39 |      0 |    24 |    +0.1% |  -23.132 |     -845.5 |     95 | _tray_size4_8500/D1
       60 |       0 |       1 |       39 |      0 |    24 |    +0.1% |  -23.132 |     -845.5 |     94 | _tray_size4_8500/D1
       65 |       0 |       1 |       44 |      0 |    26 |    +0.1% |  -22.957 |     -809.6 |     92 | _tray_size4_8022/D2
       70 |       0 |       1 |       47 |      0 |    28 |    +0.1% |  -22.639 |     -771.3 |     91 | _tray_size4_8146/D0
       70 |       0 |       1 |       47 |      0 |    28 |    +0.1% |  -22.639 |     -771.3 |     90 | _tray_size4_8146/D0
       77 |       0 |       1 |       53 |      0 |    31 |    +0.1% |  -22.204 |     -745.7 |     88 | _tray_size4_8219/D1
       80 |       0 |       1 |       56 |      0 |    32 |    +0.1% |  -22.187 |     -723.4 |     87 | _tray_size4_8131/D0
       80 |       0 |       1 |       56 |      0 |    32 |    +0.1% |  -22.187 |     -723.4 |     86 | _tray_size4_8131/D0
       83 |       0 |       1 |       58 |      0 |    33 |    +0.1% |  -21.747 |     -697.7 |     84 | _tray_size4_8379/D2
       90 |       0 |       1 |       62 |      0 |    36 |    +0.1% |  -21.725 |     -668.8 |     83 | _tray_size4_7829/D1
       90 |       0 |       1 |       62 |      0 |    36 |    +0.1% |  -21.725 |     -668.8 |     82 | _tray_size4_7829/D1
       95 |       0 |       1 |       67 |      0 |    38 |    +0.1% |  -21.469 |     -646.5 |     80 | _tray_size4_8119/D1
       98 |       0 |       1 |       69 |      0 |    39 |    +0.1% |  -19.284 |     -625.0 |     78 | _tray_size4_7814/D0
      100 |       0 |       1 |       69 |      0 |    40 |    +0.1% |  -20.560 |     -626.3 |     78 | _tray_size4_7814/D0
      101 |       0 |       1 |       71 |      0 |    40 |    +0.1% |  -19.193 |     -605.7 |     76 | _tray_size4_7944/D2
      104 |       0 |       1 |       72 |      0 |    41 |    +0.1% |  -18.801 |     -586.5 |     74 | _tray_size4_7973/D0
      107 |       0 |       1 |       75 |      0 |    42 |    +0.1% |  -18.520 |     -567.7 |     72 | _tray_size4_7805/D2
      108 |       0 |       1 |       75 |      0 |    42 |    +0.1% |  -18.520 |     -567.7 |     71 | _tray_size4_7805/D2
      110 |       0 |       1 |       75 |      0 |    43 |    +0.1% |  -18.520 |     -567.5 |     71 | _tray_size4_7805/D2
      111 |       0 |       1 |       76 |      0 |    43 |    +0.1% |  -18.520 |     -559.0 |     69 | _tray_size4_7805/D2
      114 |       0 |       1 |       77 |      0 |    44 |    +0.1% |  -18.255 |     -540.4 |     67 | _tray_size4_7995/D1
      119 |       0 |       1 |       79 |      0 |    46 |    +0.1% |  -18.033 |     -515.8 |     65 | _tray_size4_7826/D0
      120 |       0 |       1 |       79 |      0 |    46 |    +0.1% |  -18.033 |     -515.8 |     65 | _tray_size4_7826/D0
      124 |       0 |       1 |       83 |      0 |    48 |    +0.1% |  -17.763 |     -482.9 |     63 | _tray_size4_8171/D1
      130 |       0 |       1 |       86 |      0 |    51 |    +0.1% |  -16.814 |     -386.6 |     63 | _tray_size4_7957/D2
      132 |       0 |       1 |       89 |      0 |    52 |    +0.1% |  -16.814 |     -384.5 |     61 | _tray_size4_7957/D2
      135 |       0 |       1 |       91 |      0 |    53 |    +0.1% |  -16.814 |     -379.3 |     59 | _tray_size4_7957/D2
      136 |       0 |       1 |       91 |      0 |    53 |    +0.1% |  -16.814 |     -379.3 |     58 | _tray_size4_7957/D2
      139 |       0 |       1 |       92 |      0 |    54 |    +0.1% |  -15.914 |     -342.8 |     56 | _tray_size4_7908/D0
      140 |       0 |       1 |       92 |      0 |    54 |    +0.1% |  -15.914 |     -342.8 |     56 | _tray_size4_7908/D0
      140 |       0 |       1 |       92 |      0 |    54 |    +0.1% |  -15.914 |     -342.8 |     55 | _tray_size4_7908/D0
      144 |       0 |       2 |       94 |      0 |    55 |    +0.1% |  -15.771 |     -326.9 |     53 | _tray_size4_7918/D2
      147 |       0 |       2 |       95 |      0 |    56 |    +0.1% |  -15.771 |     -324.0 |     51 | _tray_size4_7918/D2
      149 |       0 |       3 |       95 |      0 |    56 |    +0.1% |  -14.629 |     -293.9 |     49 | _tray_size4_7703/D2
      150 |       0 |       3 |       95 |      0 |    56 |    +0.1% |  -14.629 |     -293.9 |     49 | _tray_size4_7703/D2
      150 |       0 |       3 |       95 |      0 |    56 |    +0.1% |  -14.629 |     -293.9 |     48 | _tray_size4_7703/D2
      153 |       0 |       5 |       95 |      0 |    56 |    +0.1% |  -14.629 |     -235.4 |     46 | _tray_size4_7703/D2
      160 |       0 |       5 |      102 |      0 |    59 |    +0.1% |  -14.194 |     -220.8 |     45 | _tray_size4_7812/D3
      160 |       0 |       5 |      102 |      0 |    59 |    +0.1% |  -14.194 |     -220.8 |     44 | _tray_size4_7812/D3
      161 |       0 |       5 |      102 |      0 |    59 |    +0.1% |  -14.194 |     -220.8 |     43 | _tray_size4_7812/D3
      162 |       0 |       5 |      102 |      0 |    59 |    +0.1% |  -14.194 |     -220.8 |     42 | _tray_size4_7812/D3
      165 |       0 |       5 |      104 |      0 |    60 |    +0.2% |  -13.893 |     -206.6 |     40 | _tray_size4_8142/D2
      166 |       0 |       5 |      104 |      0 |    60 |    +0.2% |  -13.893 |     -206.6 |     39 | _tray_size4_8142/D2
      167 |       0 |       5 |      104 |      0 |    60 |    +0.2% |  -13.893 |     -206.6 |     38 | _tray_size4_8142/D2
      168 |       0 |       5 |      104 |      0 |    60 |    +0.2% |  -13.893 |     -206.6 |     37 | _tray_size4_8142/D2
      170 |       0 |       5 |      104 |      0 |    61 |    +0.2% |  -15.286 |     -209.3 |     37 | _tray_size4_8142/D2
      175 |       0 |       5 |      110 |      0 |    63 |    +0.2% |  -13.182 |     -179.8 |     35 | _tray_size4_7752/D1
      176 |       0 |       5 |      110 |      0 |    63 |    +0.2% |  -13.182 |     -179.8 |     34 | _tray_size4_7752/D1
      179 |       0 |       5 |      114 |      0 |    64 |    +0.2% |  -13.182 |     -177.3 |     32 | _tray_size4_7752/D1
      180 |       0 |       5 |      114 |      0 |    64 |    +0.2% |  -13.182 |     -177.3 |     32 | _tray_size4_7752/D1
      182 |       0 |       5 |      116 |      0 |    65 |    +0.2% |  -10.521 |     -161.7 |     30 | _tray_size4_8049/D3
      185 |       0 |       5 |      117 |      0 |    66 |    +0.2% |  -10.521 |     -148.4 |     28 | _tray_size4_8049/D3
      186 |       0 |       5 |      117 |      0 |    66 |    +0.2% |  -10.521 |     -148.4 |     27 | _tray_size4_8049/D3
      187 |       0 |       5 |      117 |      0 |    66 |    +0.2% |  -10.521 |     -148.4 |     26 | _tray_size4_8049/D3
      188 |       0 |       5 |      117 |      0 |    66 |    +0.2% |  -10.521 |     -148.4 |     25 | _tray_size4_8049/D3
      189 |       0 |       5 |      117 |      0 |    66 |    +0.2% |  -10.521 |     -148.4 |     24 | _tray_size4_8049/D3
      190 |       0 |       5 |      117 |      0 |    66 |    +0.2% |  -10.521 |     -148.4 |     24 | _tray_size4_8049/D3
      190 |       0 |       5 |      117 |      0 |    66 |    +0.2% |  -10.521 |     -148.4 |     23 | _tray_size4_8049/D3
      193 |       0 |       5 |      120 |      0 |    67 |    +0.2% |  -10.521 |     -146.0 |     21 | _tray_size4_8049/D3
      194 |       0 |       5 |      120 |      0 |    67 |    +0.2% |  -10.521 |     -146.0 |     20 | _tray_size4_8049/D3
      195 |       0 |       5 |      120 |      0 |    67 |    +0.2% |  -10.521 |     -146.0 |     19 | _tray_size4_8049/D3
      196 |       0 |       5 |      120 |      0 |    67 |    +0.2% |  -10.521 |     -146.0 |     18 | _tray_size4_8049/D3
      197 |       0 |       5 |      120 |      0 |    67 |    +0.2% |  -10.521 |     -146.0 |     17 | _tray_size4_8049/D3
      198 |       0 |       5 |      120 |      0 |    67 |    +0.2% |  -10.521 |     -146.0 |     16 | _tray_size4_8049/D3
      199 |       0 |       5 |      120 |      0 |    67 |    +0.2% |  -10.521 |     -146.0 |     15 | _tray_size4_8049/D3
      200 |       0 |       5 |      120 |      0 |    67 |    +0.2% |  -10.521 |     -146.0 |     15 | _tray_size4_8049/D3
      200 |       0 |       5 |      120 |      0 |    67 |    +0.2% |  -10.521 |     -146.0 |     14 | _tray_size4_8049/D3
      205 |       0 |       5 |      122 |      0 |    69 |    +0.2% |  -10.480 |     -130.4 |     12 | _tray_size4_8016/D2
      210 |       0 |       5 |      125 |      0 |    71 |    +0.2% |  -10.281 |     -110.1 |     11 | _tray_size4_8215/D2
      210 |       0 |       5 |      125 |      0 |    71 |    +0.2% |  -10.281 |     -110.1 |     10 | _tray_size4_8215/D2
      213 |       0 |       5 |      127 |      0 |    72 |    +0.2% |  -10.281 |      -99.4 |      8 | _tray_size4_8215/D2
      218 |       0 |       5 |      129 |      0 |    74 |    +0.2% |   -9.971 |      -89.1 |      6 | _tray_size4_8670/D2
      219 |       0 |       5 |      129 |      0 |    74 |    +0.2% |   -9.971 |      -89.1 |      5 | _tray_size4_8670/D2
      220 |       0 |       5 |      129 |      0 |    74 |    +0.2% |   -9.971 |      -89.1 |      5 | _tray_size4_8670/D2
      220 |       0 |       5 |      129 |      0 |    74 |    +0.2% |   -9.971 |      -89.1 |      4 | _tray_size4_8670/D2
      223 |       0 |       5 |      132 |      0 |    75 |    +0.2% |   -9.536 |      -79.2 |      2 | _tray_size4_8540/D3
      224 |       0 |       5 |      132 |      0 |    75 |    +0.2% |   -9.536 |      -79.2 |      1 | _tray_size4_8540/D3
      225 |       0 |       5 |      132 |      0 |    75 |    +0.2% |   -9.536 |      -79.2 |      0 | _tray_size4_8540/D3
      229 |       0 |       5 |      133 |      0 |    77 |    +0.2% |   -8.900 |      -69.6 |      0 | _tray_size4_8641/D1
      230 |       0 |       5 |      133 |      0 |    77 |    +0.2% |   -8.900 |      -69.6 |      0 | _tray_size4_8641/D1
      230 |       0 |       5 |      133 |      0 |    77 |    +0.2% |   -8.900 |      -69.6 |      0 | _tray_size4_8641/D1
      231 |       0 |       5 |      133 |      0 |    77 |    +0.2% |   -8.900 |      -69.6 |      0 | _tray_size4_8641/D1
      236 |       0 |       5 |      138 |      0 |    79 |    +0.2% |   -8.814 |      -53.3 |      0 | _tray_size4_8293/D1
      237 |       0 |       5 |      138 |      0 |    79 |    +0.2% |   -8.814 |      -53.3 |      0 | _tray_size4_8293/D1
      240 |       0 |       5 |      141 |      0 |    80 |    +0.2% |   -8.681 |      -44.5 |      0 | _tray_size4_8455/D2
      240 |       0 |       5 |      141 |      0 |    80 |    +0.2% |   -8.681 |      -44.5 |      0 | _tray_size4_8455/D2
      241 |       0 |       5 |      141 |      0 |    80 |    +0.2% |   -8.681 |      -44.5 |      0 | _tray_size4_8455/D2
      244 |       0 |       5 |      143 |      0 |    81 |    +0.2% |   -6.407 |      -35.7 |      0 | _tray_size4_7829/D0
      245 |       0 |       5 |      143 |      0 |    81 |    +0.2% |   -6.407 |      -35.7 |      0 | _tray_size4_7829/D0
      246 |       0 |       5 |      143 |      0 |    81 |    +0.2% |   -6.407 |      -35.7 |      0 | _tray_size4_7829/D0
      247 |       0 |       5 |      143 |      0 |    81 |    +0.2% |   -6.407 |      -35.7 |      0 | _tray_size4_7829/D0
      250 |       0 |       5 |      146 |      0 |    82 |    +0.2% |   -6.183 |      -25.1 |      0 | _tray_size4_8016/D0
      250 |       0 |       5 |      146 |      0 |    82 |    +0.2% |   -6.183 |      -25.1 |      0 | _tray_size4_8016/D0
      251 |       0 |       5 |      146 |      0 |    82 |    +0.2% |   -6.183 |      -25.1 |      0 | _tray_size4_8016/D0
      252 |       0 |       5 |      146 |      0 |    82 |    +0.2% |   -6.183 |      -25.1 |      0 | _tray_size4_8016/D0
      253 |       0 |       5 |      146 |      0 |    82 |    +0.2% |   -6.183 |      -25.1 |      0 | _tray_size4_8016/D0
      256 |       0 |       5 |      147 |      0 |    83 |    +0.2% |   -5.136 |      -18.9 |      0 | _tray_size4_8219/D2
      257 |       0 |       5 |      147 |      0 |    83 |    +0.2% |   -5.136 |      -18.9 |      0 | _tray_size4_8219/D2
      258 |       0 |       5 |      147 |      0 |    83 |    +0.2% |   -5.136 |      -18.9 |      0 | _tray_size4_8219/D2
      260 |       0 |       5 |      147 |      0 |    84 |    +0.2% |   -3.903 |      -16.4 |      0 | _tray_size4_8459/D3
      263 |       0 |       5 |      151 |      0 |    85 |    +0.2% |   -3.903 |       -9.3 |      0 | _tray_size4_8459/D3
      264 |       0 |       5 |      151 |      0 |    85 |    +0.2% |   -3.903 |       -9.3 |      0 | _tray_size4_8459/D3
      265 |       0 |       5 |      151 |      0 |    85 |    +0.2% |   -3.903 |       -9.3 |      0 | _tray_size4_8459/D3
      266 |       0 |       5 |      151 |      0 |    85 |    +0.2% |   -3.903 |       -9.3 |      0 | _tray_size4_8459/D3
      267 |       0 |       5 |      151 |      0 |    85 |    +0.2% |   -3.903 |       -9.3 |      0 | _tray_size4_8459/D3
      268 |       0 |       5 |      151 |      0 |    85 |    +0.2% |   -3.903 |       -9.3 |      0 | _tray_size4_8459/D3
      270 |       0 |       6 |      151 |      0 |    85 |    +0.2% |   -1.771 |       -5.3 |      0 | _tray_size4_7804/D3
      270 |       0 |       6 |      151 |      0 |    85 |    +0.2% |   -1.771 |       -5.3 |      0 | _tray_size4_7804/D3
      271 |       0 |       6 |      151 |      0 |    85 |    +0.2% |   -1.771 |       -5.3 |      0 | _tray_size4_7804/D3
      272 |       0 |       6 |      151 |      0 |    85 |    +0.2% |   -1.771 |       -5.3 |      0 | _tray_size4_7804/D3
      273 |       0 |       6 |      151 |      0 |    85 |    +0.2% |   -1.771 |       -5.3 |      0 | _tray_size4_7804/D3
      274 |       0 |       6 |      151 |      0 |    85 |    +0.2% |   -1.771 |       -5.3 |      0 | _tray_size4_7804/D3
      275 |       0 |       6 |      151 |      0 |    85 |    +0.2% |   -1.771 |       -5.3 |      0 | _tray_size4_7804/D3
      278 |       0 |       6 |      154 |      0 |    86 |    +0.2% |   -1.577 |       -2.8 |      0 | _tray_size4_8606/D0
      279 |       0 |       6 |      154 |      0 |    86 |    +0.2% |   -1.577 |       -2.8 |      0 | _tray_size4_8606/D0
      280 |       0 |       6 |      154 |      0 |    86 |    +0.2% |   -1.577 |       -2.8 |      0 | _tray_size4_8606/D0
      280 |       0 |       6 |      154 |      0 |    86 |    +0.2% |   -1.577 |       -2.8 |      0 | _tray_size4_8606/D0
      283 |       0 |       6 |      155 |      0 |    87 |    +0.2% |   -1.208 |       -1.2 |      0 | _tray_size4_8278/D2
      284 |       0 |       6 |      155 |      0 |    87 |    +0.2% |   -1.208 |       -1.2 |      0 | _tray_size4_8278/D2
      285 |       0 |       6 |      155 |      0 |    87 |    +0.2% |   -1.208 |       -1.2 |      0 | _tray_size4_8278/D2
      286 |       0 |       6 |      155 |      0 |    87 |    +0.2% |   -1.208 |       -1.2 |      0 | _tray_size4_8278/D2
      287 |       0 |       6 |      155 |      0 |    87 |    +0.2% |   -1.208 |       -1.2 |      0 | _tray_size4_8278/D2
      288 |       0 |       6 |      155 |      0 |    87 |    +0.2% |   -1.208 |       -1.2 |      0 | _tray_size4_8278/D2
      289 |       0 |       6 |      155 |      0 |    87 |    +0.2% |   -1.208 |       -1.2 |      0 | _tray_size4_8278/D2
      290 |       0 |       6 |      155 |      0 |    87 |    +0.2% |   -1.208 |       -1.2 |      0 | _tray_size4_8278/D2
      290 |       0 |       6 |      155 |      0 |    87 |    +0.2% |   -1.208 |       -1.2 |      0 | _tray_size4_8278/D2
      292 |       0 |       6 |      155 |      0 |    88 |    +0.2% |    0.047 |        0.0 |      0 | _tray_size4_7829/D0
      293 |       0 |       6 |      155 |      0 |    88 |    +0.2% |    0.047 |        0.0 |      0 | _tray_size4_7829/D0
      294 |       0 |       6 |      155 |      0 |    88 |    +0.2% |    0.047 |        0.0 |      0 | _tray_size4_7829/D0
      295 |       0 |       6 |      155 |      0 |    88 |    +0.2% |    0.047 |        0.0 |      0 | _tray_size4_7829/D0
      296 |       0 |       6 |      155 |      0 |    88 |    +0.2% |    0.047 |        0.0 |      0 | _tray_size4_7829/D0
    final |       0 |       6 |      155 |      0 |    88 |    +0.2% |    0.047 |        0.0 |      0 | _tray_size4_7829/D0
--------------------------------------------------------------------------------------------------------------
[INFO RSZ-0040] Inserted 155 buffers.
[INFO RSZ-0051] Resized 6 instances: 6 up, 0 up match, 0 down, 0 VT
[INFO RSZ-0043] Swapped pins on 88 instances.
[INFO RSZ-0033] No hold violations found.
Took 7 seconds: repair_timing -setup_margin 0 -hold_margin 0 -repair_tns 100 -verbose
global_route -start_incremental
detailed_placement
[INFO DPL-0005] Max displacement: +/- 500 sites horizontally, +/- 100 rows vertically.
Movements Summary
---------------------------------------
Total cells:                   52750
Diamond Move Success:          52750 (100.00%)
Diamond Move Failure:              0
Rip-up and replace Success:        0 (  0.00% of diamond failures)
Rip-up and replace Failure:        0
Total Placement Failures:          0
---------------------------------------
Placement Analysis
---------------------------------
total displacement        191.0 u
average displacement        0.0 u
max displacement            1.2 u
original HPWL          151723.8 u
legalized HPWL         151914.9 u
delta HPWL                    0 %

global_route -end_incremental -congestion_report_file ./reports/asap7/jpeg/modified_alpha_16-beta_0.1/congestion_post_repair_timing.rpt
global_route -start_incremental
global_route -end_incremental -congestion_report_file ./reports/asap7/jpeg/modified_alpha_16-beta_0.1/congestion_post_recover_power.rpt
Repair antennas...
[WARNING GRT-0246] No diode with LEF class CORE ANTENNACELL found.
[INFO ANT-0002] Found 0 net violations.
[INFO ANT-0001] Found 0 pin violations.
Estimate parasitics...
estimate_parasitics -global_routing
Report metrics stage 5, global route...

==========================================================================
global route report_design_area
--------------------------------------------------------------------------
Design area 6352 um^2 72% utilization.
[INFO FLW-0007] clock clk period 680.000000
[INFO FLW-0008] Clock clk period 648.103
[INFO FLW-0009] Clock clk slack -2.214
[INFO FLW-0011] Path endpoint path count 4575
write_db ./results/asap7/jpeg/modified_alpha_16-beta_0.1/5_1_grt.odb
write_sdc -no_timestamp ./results/asap7/jpeg/modified_alpha_16-beta_0.1/5_1_grt.sdc
Elapsed time: 1:37.41[h:]min:sec. CPU time: user 2191.74 sys 20.36 (2270%). Peak memory: 1218264KB.
Log                        Elapsed/s Peak Memory/MB  sha1sum .odb [0:20)
5_1_grt                           97           1189 b9a8dd530fb090599836
