OpenROAD fe1aa0f9d0254fac87b82c886c04ee1544e46885 
Features included (+) or not (-): +GPU +GUI +Python
This program is licensed under the BSD-3 license. See the LICENSE file for details.
Components of this program may be licensed under more restrictive licenses which must be honored.
[INFO ORD-0030] Using 32 thread(s).
source /home/lucast/workspace/OR-flow-TCC/flow/platforms/asap7/liberty_suppressions.tcl
read_liberty /home/lucast/workspace/OR-flow-TCC/flow/platforms/asap7/lib/NLDM/asap7sc7p5t_AO_RVT_FF_nldm_211120.lib.gz
read_liberty /home/lucast/workspace/OR-flow-TCC/flow/platforms/asap7/lib/NLDM/asap7sc7p5t_INVBUF_RVT_FF_nldm_220122.lib.gz
read_liberty /home/lucast/workspace/OR-flow-TCC/flow/platforms/asap7/lib/NLDM/asap7sc7p5t_OA_RVT_FF_nldm_211120.lib.gz
read_liberty /home/lucast/workspace/OR-flow-TCC/flow/platforms/asap7/lib/NLDM/asap7sc7p5t_SIMPLE_RVT_FF_nldm_211120.lib.gz
read_liberty /home/lucast/workspace/OR-flow-TCC/flow/platforms/asap7/lib/NLDM/asap7sc7p5t_SEQ_RVT_FF_nldm_220123.lib
read_liberty /home/lucast/workspace/OR-flow-TCC/flow/platforms/asap7/lib/NLDM/asap7sc7p5t_DFFHQNH2V2X_RVT_TT_nldm_FAKE.lib
read_liberty /home/lucast/workspace/OR-flow-TCC/flow/platforms/asap7/lib/NLDM/asap7sc7p5t_DFFHQNV2X_RVT_TT_nldm_FAKE.lib
read_db ./results/asap7/ethmac/baseline_alpha_2-beta_0.1/6_1_fill.odb
source /home/lucast/workspace/OR-flow-TCC/flow/platforms/asap7/setRC.tcl
write_db ./results/asap7/ethmac/baseline_alpha_2-beta_0.1/6_final.odb
Deleted 0 routing obstructions
Warning: master DFFHQNH2V2Xx1_ASAP7_75t_L has signal pins but no liberty cell
Warning: master DFFHQNH2V2Xx1_ASAP7_75t_SL has signal pins but no liberty cell
Warning: master DFFHQNH2V2Xx2_ASAP7_75t_L has signal pins but no liberty cell
Warning: master DFFHQNH2V2Xx2_ASAP7_75t_SL has signal pins but no liberty cell
Warning: master DFFHQNH2V2Xx3_ASAP7_75t_L has signal pins but no liberty cell
Warning: master DFFHQNH2V2Xx3_ASAP7_75t_SL has signal pins but no liberty cell
Warning: master DFFHQNV2Xx1_ASAP7_75t_L has signal pins but no liberty cell
Warning: master DFFHQNV2Xx1_ASAP7_75t_SL has signal pins but no liberty cell
Warning: master DFFHQNV2Xx2_ASAP7_75t_L has signal pins but no liberty cell
Warning: master DFFHQNV2Xx2_ASAP7_75t_SL has signal pins but no liberty cell
Warning: master DFFHQNV2Xx3_ASAP7_75t_L has signal pins but no liberty cell
Warning: master DFFHQNV2Xx3_ASAP7_75t_SL has signal pins but no liberty cell
[INFO RCX-0431] Defined process_corner X with ext_model_index 0
[INFO RCX-0029] Defined extraction corner X
[INFO RCX-0435] Reading extraction model file /home/lucast/workspace/OR-flow-TCC/flow/platforms/asap7/rcx_patterns.rules ...
[INFO RCX-0436] RC segment generation ethmac (max_merge_res 50.0) ...
[INFO RCX-0040] Final 416082 rc segments
[INFO RCX-0439] Coupling Cap extraction ethmac ...
[INFO RCX-0440] Coupling threshhold is 0.1000 fF, coupling capacitance less than 0.1000 fF will be grounded.
[INFO RCX-0442] 18% of 435819 wires extracted
[INFO RCX-0442] 55% of 435819 wires extracted
[INFO RCX-0442] 69% of 435819 wires extracted
[INFO RCX-0442] 100% of 435819 wires extracted
[INFO RCX-0045] Extract 59197 nets, 475218 rsegs, 475218 caps, 629305 ccs
[INFO RCX-0443] 59197 nets finished
[INFO PSM-0040] All shapes on net VDD are connected.
########## IR report #################
Net              : VDD
Corner           : default
Total power      : 1.01e-01 W
Supply voltage   : 7.70e-01 V
Worstcase voltage: 7.58e-01 V
Average voltage  : 7.68e-01 V
Average IR drop  : 1.99e-03 V
Worstcase IR drop: 1.21e-02 V
Percentage drop  : 1.57 %
######################################
[INFO PSM-0040] All shapes on net VSS are connected.
########## IR report #################
Net              : VSS
Corner           : default
Total power      : 1.01e-01 W
Supply voltage   : 0.00e+00 V
Worstcase voltage: 1.24e-02 V
Average voltage  : 2.00e-03 V
Average IR drop  : 2.00e-03 V
Worstcase IR drop: 1.24e-02 V
Percentage drop  : 1.61 %
######################################
Cell type report:                       Count       Area
  Fill cell                             48328    2548.99
  Tap cell                               1516      44.21
  Tie cell                               1245      54.46
  Clock buffer                            772     276.98
  Timing Repair Buffer                   5843     509.35
  Inverter                               1797      79.52
  Clock inverter                          130      13.28
  Sequential cell                        8898    3183.78
  Multi-Input combinational cell        38997    3733.24
  Total                                107526   10443.80
Report metrics stage 6, finish...

==========================================================================
finish report_design_area
--------------------------------------------------------------------------
Design area 7895 um^2 76% utilization.
Elapsed time: 0:37.89[h:]min:sec. CPU time: user 48.23 sys 20.45 (181%). Peak memory: 1516044KB.
Log                        Elapsed/s Peak Memory/MB  sha1sum .odb [0:20)
6_report                          37           1480                  N/A
