OpenROAD 206ac68d3d40c3348b7d5dd95efee7cae4c2eb83 
Features included (+) or not (-): +GPU +GUI +Python
This program is licensed under the BSD-3 license. See the LICENSE file for details.
Components of this program may be licensed under more restrictive licenses which must be honored.
[INFO ORD-0030] Using 32 thread(s).
source /home/lucast/workspace/OR-flow-TCC/flow/platforms/asap7/liberty_suppressions.tcl
read_liberty /home/lucast/workspace/OR-flow-TCC/flow/platforms/asap7/lib/NLDM/asap7sc7p5t_AO_RVT_FF_nldm_211120.lib.gz
read_liberty /home/lucast/workspace/OR-flow-TCC/flow/platforms/asap7/lib/NLDM/asap7sc7p5t_INVBUF_RVT_FF_nldm_220122.lib.gz
read_liberty /home/lucast/workspace/OR-flow-TCC/flow/platforms/asap7/lib/NLDM/asap7sc7p5t_OA_RVT_FF_nldm_211120.lib.gz
read_liberty /home/lucast/workspace/OR-flow-TCC/flow/platforms/asap7/lib/NLDM/asap7sc7p5t_SIMPLE_RVT_FF_nldm_211120.lib.gz
read_liberty /home/lucast/workspace/OR-flow-TCC/flow/platforms/asap7/lib/NLDM/asap7sc7p5t_SEQ_RVT_FF_nldm_220123.lib
read_liberty /home/lucast/workspace/OR-flow-TCC/flow/platforms/asap7/lib/NLDM/asap7sc7p5t_DFFHQNH2V2X_RVT_TT_nldm_FAKE.lib
read_liberty /home/lucast/workspace/OR-flow-TCC/flow/platforms/asap7/lib/NLDM/asap7sc7p5t_DFFHQNV2X_RVT_TT_nldm_FAKE.lib
read_db ./results/asap7/gcd/modified_mcf_lp_alpha_8-beta_0.1-run4/3_place.odb
source /home/lucast/workspace/OR-flow-TCC/flow/platforms/asap7/setRC.tcl
clock_tree_synthesis -sink_clustering_enable -repair_clock_nets
[INFO CTS-0050] Root buffer is BUFx2_ASAP7_75t_R.
[INFO CTS-0051] Sink buffer is BUFx4_ASAP7_75t_R.
[INFO CTS-0052] The following clock buffers will be used for CTS:
                    BUFx2_ASAP7_75t_R
                    BUFx4_ASAP7_75t_R
[INFO CTS-0049] Characterization buffer is BUFx4_ASAP7_75t_R.
[INFO CTS-0007] Net "clk" found for clock "core_clock".
[INFO CTS-0010]  Clock net "clk" has 11 sinks.
[INFO CTS-0008] TritonCTS found 1 clock nets.
[INFO CTS-0097] Characterization used 2 buffer(s) types.
[INFO CTS-0201] 0 blockages from hard placement blockages and placed macros will be used.
[INFO CTS-0027] Generating H-Tree topology for net clk.
[INFO CTS-0028]  Total number of sinks: 11.
[INFO CTS-0090]  Sinks will be clustered based on buffer max cap.
[INFO CTS-0030]  Number of static layers: 0.
[INFO CTS-0020]  Wire segment unit: 1350  dbu (1 um).
[INFO CTS-0023]  Original sink region: [(1722, 810), (6582, 7290)].
[INFO CTS-0024]  Normalized sink region: [(1.27556, 0.6), (4.87556, 5.4)].
[INFO CTS-0025]     Width:  3.6000.
[INFO CTS-0026]     Height: 4.8000.
 Level 1
    Direction: Vertical
    Sinks per sub-region: 6
    Sub-region size: 3.6000 X 2.4000
[INFO CTS-0034]     Segment length (rounded): 1.
[INFO CTS-0032]  Stop criterion found. Max number of sinks is 15.
[INFO CTS-0035]  Number of sinks covered: 11.
[INFO CTS-0018]     Created 3 clock buffers.
[INFO CTS-0012]     Minimum number of buffers in the clock path: 2.
[INFO CTS-0013]     Maximum number of buffers in the clock path: 2.
[INFO CTS-0015]     Created 3 clock nets.
[INFO CTS-0016]     Fanout distribution for the current clock = 4:1, 7:1..
[INFO CTS-0017]     Max level of the clock tree: 1.
[INFO CTS-0098] Clock net "clk"
[INFO CTS-0099]  Sinks 12
[INFO CTS-0100]  Leaf buffers 0
[INFO CTS-0101]  Average sink wire length 11.94 um
[INFO CTS-0102]  Path depth 2 - 2
[INFO CTS-0207]  Dummy loads inserted 1
estimate_parasitics -placement
[INFO DPL-0005] Max displacement: +/- 500 sites horizontally, +/- 100 rows vertically.
Movements Summary
---------------------------------------
Total cells:                     357
Diamond Move Success:            357 (100.00%)
Diamond Move Failure:              0
Rip-up and replace Success:        0 (  0.00% of diamond failures)
Rip-up and replace Failure:        0
Total Placement Failures:          0
---------------------------------------
Placement Analysis
---------------------------------
total displacement          1.5 u
average displacement        0.0 u
max displacement            0.4 u
original HPWL             641.1 u
legalized HPWL            675.7 u
delta HPWL                    5 %

estimate_parasitics -placement
repair_timing -setup_margin 0 -hold_margin 0 -repair_tns 100 -skip_last_gasp -verbose
[INFO RSZ-0100] Repair move sequence: UnbufferMove SizeUpMove SwapPinsMove BufferMove CloneMove SplitLoadMove 
[INFO RSZ-0094] Found 21 endpoints with setup violations.
[INFO RSZ-0099] Repairing 21 out of 21 (100.00%) violating endpoints...
   Iter   | Removed | Resized | Inserted | Cloned |  Pin  |   Area   |    WNS   |   TNS      |  Viol  | Worst
          | Buffers |  Gates  | Buffers  |  Gates | Swaps |          |          |            | Endpts | Endpt
--------------------------------------------------------------------------------------------------------------
        0 |       0 |       0 |        0 |      0 |     0 |    +0.0% |  -58.218 |     -431.5 |     21 | resp_msg[13]
       10 |       0 |       0 |        6 |      0 |     5 |    +1.2% |  -44.429 |     -298.2 |     21 | resp_msg[13]
       20 |       0 |       0 |       11 |      0 |    10 |    +2.3% |  -30.880 |     -199.3 |     21 | resp_msg[13]
       30 |       0 |       3 |       14 |      0 |    14 |    +3.2% |  -26.374 |     -183.8 |     21 | resp_msg[9]
       31 |       0 |       1 |       14 |      0 |    13 |    +3.1% |  -26.304 |     -184.4 |     21 | resp_msg[15]
       36 |       0 |       1 |       14 |      0 |    13 |    +3.1% |  -26.304 |     -184.4 |     21 | resp_msg[15]
       40 |       0 |       2 |       14 |      0 |    15 |    +3.1% |  -26.227 |     -182.6 |     21 | resp_msg[15]
       40 |       0 |       2 |       14 |      0 |    15 |    +3.1% |  -26.227 |     -182.6 |     21 | resp_msg[15]
       46 |       0 |       3 |       16 |      0 |    17 |    +3.5% |  -26.227 |     -169.3 |     21 | resp_msg[15]
       48 |       0 |       4 |       16 |      0 |    17 |    +3.6% |  -26.227 |     -168.9 |     21 | resp_msg[15]
       50 |       0 |       4 |       16 |      0 |    18 |    +3.6% |  -26.227 |     -167.5 |     21 | resp_msg[15]
       60 |       0 |       4 |       21 |      0 |    23 |    +4.5% |  -26.227 |     -156.4 |     21 | resp_msg[15]
       62 |       0 |       4 |       24 |      0 |    23 |    +5.1% |  -26.227 |     -156.8 |     21 | resp_msg[15]
       65 |       0 |       5 |       24 |      0 |    24 |    +5.1% |  -26.227 |     -155.9 |     21 | resp_msg[15]
       70 |       0 |       6 |       24 |      0 |    27 |    +5.2% |  -26.227 |     -155.7 |     21 | resp_msg[15]
       70 |       0 |       5 |       24 |      0 |    25 |    +5.1% |  -26.227 |     -155.5 |     21 | resp_msg[15]
       73 |       0 |       5 |       25 |      0 |    26 |    +5.3% |  -26.227 |     -154.9 |     19 | resp_msg[15]
       76 |       0 |       6 |       25 |      0 |    27 |    +5.4% |  -26.227 |     -154.1 |     19 | resp_msg[15]
       77 |       0 |       6 |       25 |      0 |    27 |    +5.4% |  -26.227 |     -154.1 |     18 | resp_msg[15]
       78 |       0 |       6 |       25 |      0 |    27 |    +5.4% |  -26.227 |     -154.1 |     17 | resp_msg[15]
       79 |       0 |       6 |       25 |      0 |    27 |    +5.4% |  -26.227 |     -154.1 |     16 | resp_msg[15]
       80 |       0 |       6 |       25 |      0 |    27 |    +5.4% |  -26.227 |     -154.1 |     16 | resp_msg[15]
       80 |       0 |       6 |       25 |      0 |    27 |    +5.4% |  -26.227 |     -154.1 |     15 | resp_msg[15]
       81 |       0 |       6 |       25 |      0 |    27 |    +5.4% |  -26.227 |     -154.1 |     14 | resp_msg[15]
       82 |       0 |       6 |       25 |      0 |    27 |    +5.4% |  -26.227 |     -154.1 |     13 | resp_msg[15]
       83 |       0 |       6 |       25 |      0 |    27 |    +5.4% |  -26.227 |     -154.1 |     12 | resp_msg[15]
       84 |       0 |       6 |       25 |      0 |    27 |    +5.4% |  -26.227 |     -154.1 |     11 | resp_msg[15]
       85 |       0 |       6 |       25 |      0 |    27 |    +5.4% |  -26.227 |     -154.1 |     10 | resp_msg[15]
       86 |       0 |       6 |       25 |      0 |    27 |    +5.4% |  -26.227 |     -154.1 |      9 | resp_msg[15]
       87 |       0 |       6 |       25 |      0 |    27 |    +5.4% |  -26.227 |     -154.1 |      8 | resp_msg[15]
    final |       0 |       6 |       25 |      0 |    27 |    +5.4% |  -26.227 |     -154.1 |      8 | resp_msg[15]
--------------------------------------------------------------------------------------------------------------
[INFO RSZ-0040] Inserted 25 buffers.
[INFO RSZ-0051] Resized 6 instances: 6 up, 0 up match, 0 down, 0 VT
[INFO RSZ-0043] Swapped pins on 27 instances.
[WARNING RSZ-0062] Unable to repair all setup violations.
[INFO RSZ-0033] No hold violations found.
[INFO DPL-0005] Max displacement: +/- 500 sites horizontally, +/- 100 rows vertically.
Movements Summary
---------------------------------------
Total cells:                     382
Diamond Move Success:            382 (100.00%)
Diamond Move Failure:              0
Rip-up and replace Success:        0 (  0.00% of diamond failures)
Rip-up and replace Failure:        0
Total Placement Failures:          0
---------------------------------------
Placement Analysis
---------------------------------
total displacement         41.8 u
average displacement        0.1 u
max displacement            1.5 u
original HPWL             691.8 u
legalized HPWL            739.7 u
delta HPWL                    7 %

Report metrics stage 4, cts final...

==========================================================================
cts final report_design_area
--------------------------------------------------------------------------
Design area 48 um^2 82% utilization.
write_db ./results/asap7/gcd/modified_mcf_lp_alpha_8-beta_0.1-run4/4_1_cts.odb
write_sdc -no_timestamp ./results/asap7/gcd/modified_mcf_lp_alpha_8-beta_0.1-run4/4_cts.sdc
Elapsed time: 0:01.91[h:]min:sec. CPU time: user 1.95 sys 0.14 (109%). Peak memory: 230552KB.
Log                        Elapsed/s Peak Memory/MB  sha1sum .odb [0:20)
4_1_cts                            1            225 d035d8934328068f0b78
