OpenROAD ee3d65ce03b2656092ed62bf9205c5c11049c575 
Features included (+) or not (-): +GPU +GUI +Python
This program is licensed under the BSD-3 license. See the LICENSE file for details.
Components of this program may be licensed under more restrictive licenses which must be honored.
[INFO ORD-0030] Using 32 thread(s).
source /home/lucast/workspace/OR-flow-TCC/flow/platforms/asap7/liberty_suppressions.tcl
read_liberty /home/lucast/workspace/OR-flow-TCC/flow/platforms/asap7/lib/NLDM/asap7sc7p5t_AO_LVT_FF_nldm_211120.lib.gz
read_liberty /home/lucast/workspace/OR-flow-TCC/flow/platforms/asap7/lib/NLDM/asap7sc7p5t_INVBUF_LVT_FF_nldm_220122.lib.gz
read_liberty /home/lucast/workspace/OR-flow-TCC/flow/platforms/asap7/lib/NLDM/asap7sc7p5t_OA_LVT_FF_nldm_211120.lib.gz
read_liberty /home/lucast/workspace/OR-flow-TCC/flow/platforms/asap7/lib/NLDM/asap7sc7p5t_SIMPLE_LVT_FF_nldm_211120.lib.gz
read_liberty /home/lucast/workspace/OR-flow-TCC/flow/platforms/asap7/lib/NLDM/asap7sc7p5t_SEQ_LVT_FF_nldm_220123.lib
read_liberty /home/lucast/workspace/OR-flow-TCC/flow/platforms/asap7/lib/NLDM/asap7sc7p5t_DFFHQNH2V2X_LVT_TT_nldm_FAKE.lib
read_liberty /home/lucast/workspace/OR-flow-TCC/flow/platforms/asap7/lib/NLDM/asap7sc7p5t_DFFHQNV2X_LVT_TT_nldm_FAKE.lib
read_db ./results/asap7/jpeg_lvt/modified_alpha_193-beta_0.1/3_3_place_gp.odb
source /home/lucast/workspace/OR-flow-TCC/flow/platforms/asap7/setRC.tcl
estimate_parasitics -placement
Perform buffer insertion and gate resizing...
repair_design -verbose
Iteration |   Area    | Resized | Buffers | Nets repaired | Remaining
---------------------------------------------------------------------
        0 |     +0.0% |       0 |       0 |             0 |     64064
     1000 |     +0.0% |       0 |       0 |             0 |     63064
     2000 |     +0.0% |       0 |       0 |             0 |     62064
     3000 |     +0.0% |       0 |       0 |             0 |     61064
     4000 |     +0.0% |       0 |       0 |             0 |     60064
     5000 |     +0.0% |       0 |       0 |             0 |     59064
     6000 |     +0.0% |       0 |       0 |             0 |     58064
     7000 |     +0.0% |       0 |       0 |             0 |     57064
     8000 |     +0.0% |       0 |       0 |             0 |     56064
     9000 |     +0.0% |       0 |       0 |             0 |     55064
    10000 |     +0.0% |       0 |       0 |             0 |     54064
    11000 |     +0.0% |       0 |       0 |             0 |     53064
    12000 |     +0.0% |       0 |       0 |             0 |     52064
    13000 |     +0.0% |       0 |       0 |             0 |     51064
    14000 |     +0.0% |       0 |       0 |             0 |     50064
    15000 |     +0.0% |       0 |       0 |             0 |     49064
    16000 |     +0.0% |       0 |       0 |             0 |     48064
    17000 |     +0.0% |       0 |       0 |             0 |     47064
    18000 |     +0.0% |       0 |       0 |             0 |     46064
    19000 |     +0.0% |       0 |       0 |             0 |     45064
    20000 |     +0.0% |       0 |       0 |             0 |     44064
    21000 |     +0.0% |       0 |       0 |             0 |     43064
    22000 |     +0.0% |       0 |       0 |             0 |     42064
    23000 |     +0.0% |       0 |       0 |             0 |     41064
    24000 |     +0.0% |       0 |       0 |             0 |     40064
    25000 |     +0.0% |       0 |       0 |             0 |     39064
    26000 |     +0.0% |       0 |       0 |             0 |     38064
    27000 |     +0.0% |       0 |       0 |             0 |     37064
    28000 |     +0.0% |       0 |       0 |             0 |     36064
    29000 |     +0.0% |       0 |       0 |             0 |     35064
    30000 |     +0.0% |       0 |       0 |             0 |     34064
    31000 |     +0.0% |       0 |       0 |             0 |     33064
    32000 |     +0.0% |       0 |       0 |             0 |     32064
    33000 |     +0.0% |       0 |       0 |             0 |     31064
    34000 |     +0.0% |       0 |       0 |             0 |     30064
    35000 |     +0.0% |       0 |       0 |             0 |     29064
    36000 |     +0.0% |       0 |       0 |             0 |     28064
    37000 |     +0.0% |       0 |       0 |             0 |     27064
    38000 |     +0.0% |       0 |       0 |             0 |     26064
    39000 |     +0.0% |       0 |       0 |             0 |     25064
    40000 |     +0.0% |       0 |       0 |             0 |     24064
    41000 |     +0.0% |       0 |       0 |             0 |     23064
    42000 |     +0.0% |       0 |       0 |             0 |     22064
    43000 |     +0.0% |       0 |       0 |             0 |     21064
    44000 |     +0.0% |       0 |       0 |             0 |     20064
    45000 |     +0.0% |       0 |       0 |             0 |     19064
    46000 |     +0.0% |       0 |       0 |             0 |     18064
    47000 |     +0.0% |       0 |       0 |             0 |     17064
    48000 |     +0.0% |       0 |       0 |             0 |     16064
    49000 |     +0.0% |       0 |       0 |             0 |     15064
    50000 |     +0.0% |       0 |       0 |             0 |     14064
    51000 |     +0.0% |       0 |       0 |             0 |     13064
    52000 |     +0.0% |       0 |       0 |             0 |     12064
    53000 |     +0.0% |       0 |       0 |             0 |     11064
    54000 |     +0.0% |       0 |       0 |             0 |     10064
    55000 |     +0.0% |       0 |       0 |             0 |      9064
    56000 |     +0.0% |       0 |       0 |             0 |      8064
    57000 |     +0.0% |       0 |       0 |             0 |      7064
    58000 |     +0.0% |       0 |       0 |             0 |      6064
    59000 |     +0.0% |       0 |       0 |             0 |      5064
    60000 |     +0.0% |       0 |       0 |             0 |      4064
    61000 |     +0.0% |       0 |       0 |             0 |      3064
    62000 |     +0.0% |       0 |       0 |             0 |      2064
    63000 |     +0.0% |       0 |       0 |             0 |      1064
    64000 |     +0.0% |       0 |       0 |             0 |        64
    final |     +0.0% |       0 |       0 |             0 |         0
---------------------------------------------------------------------
Floating nets: 
Report metrics stage 3, resizer...

==========================================================================
resizer report_design_area
--------------------------------------------------------------------------
Design area 6291 um^2 30% utilization.
Instance count before 58569, after 58569
Pin count before 185374, after 185374
write_db ./results/asap7/jpeg_lvt/modified_alpha_193-beta_0.1/3_4_place_resized.odb
Elapsed time: 0:13.15[h:]min:sec. CPU time: user 20.01 sys 8.77 (218%). Peak memory: 506196KB.
Log                        Elapsed/s Peak Memory/MB  sha1sum .odb [0:20)
3_4_place_resized                 13            494 1c7a805a62eaba0b56e1
