OpenROAD 843a08803f27d34a8dee7637ed89fc9bb87aebfb 
Features included (+) or not (-): +GPU +GUI +Python
This program is licensed under the BSD-3 license. See the LICENSE file for details.
Components of this program may be licensed under more restrictive licenses which must be honored.
[INFO ORD-0030] Using 32 thread(s).
source /home/lucast/workspace/OR-flow-TCC/flow/platforms/asap7/liberty_suppressions.tcl
read_liberty /home/lucast/workspace/OR-flow-TCC/flow/platforms/asap7/lib/NLDM/asap7sc7p5t_AO_RVT_FF_nldm_211120.lib.gz
read_liberty /home/lucast/workspace/OR-flow-TCC/flow/platforms/asap7/lib/NLDM/asap7sc7p5t_INVBUF_RVT_FF_nldm_220122.lib.gz
read_liberty /home/lucast/workspace/OR-flow-TCC/flow/platforms/asap7/lib/NLDM/asap7sc7p5t_OA_RVT_FF_nldm_211120.lib.gz
read_liberty /home/lucast/workspace/OR-flow-TCC/flow/platforms/asap7/lib/NLDM/asap7sc7p5t_SIMPLE_RVT_FF_nldm_211120.lib.gz
read_liberty /home/lucast/workspace/OR-flow-TCC/flow/platforms/asap7/lib/NLDM/asap7sc7p5t_SEQ_RVT_FF_nldm_220123.lib
read_liberty /home/lucast/workspace/OR-flow-TCC/flow/platforms/asap7/lib/NLDM/fakeram7_256x32.lib
read_liberty /home/lucast/workspace/OR-flow-TCC/flow/platforms/asap7/lib/NLDM/asap7sc7p5t_DFFHQNH2V2X_RVT_TT_nldm_FAKE.lib
read_liberty /home/lucast/workspace/OR-flow-TCC/flow/platforms/asap7/lib/NLDM/asap7sc7p5t_DFFHQNV2X_RVT_TT_nldm_FAKE.lib
read_db -hier ./results/asap7/riscv32i/baseline_alpha_8-beta_0.1-run4/5_1_grt.odb
[WARNING ORD-0012] Hierarchical flow (-hier) is currently in development and may cause multiple issues. Do not use in production environments.
source /home/lucast/workspace/OR-flow-TCC/flow/platforms/asap7/setRC.tcl
[INFO ORD-0030] Using 16 thread(s).
detailed_route -output_drc ./reports/asap7/riscv32i/baseline_alpha_8-beta_0.1-run4/5_route_drc.rpt -output_maze ./results/asap7/riscv32i/baseline_alpha_8-beta_0.1-run4/maze.log -droute_end_iter 64 -verbose 1 -drc_report_iter_step 5
[INFO DRT-0149] Reading tech and libs.

Units:                1000
Number of layers:     21
Number of macros:     231
Number of vias:       15
Number of viarulegen: 11

[INFO DRT-0150] Reading design.
[WARNING DRT-0120] Large net net2406 has 106 pins which may impact routing performance. Consider optimization.

Design:                   riscv_top
Die area:                 ( 0 0 ) ( 73373 73373 )
Number of track patterns: 32
Number of DEF vias:       0
Number of components:     10073
Number of terminals:      137
Number of snets:          2
Number of nets:           10622

[INFO DRT-0167] List of default vias:
  Layer V2
    default via: VIA23
  Layer V3
    default via: VIA34
  Layer V4
    default via: VIA45
  Layer V5
    default via: VIA56
  Layer V6
    default via: VIA67
  Layer V7
    default via: VIA78
  Layer V8
    default via: VIA89
  Layer V9
    default via: VIA9Pad
[INFO DRT-0162] Library cell analysis.
[INFO DRT-0163] Instance analysis.
[INFO DRT-0164] Number of unique instances = 263.
[INFO DRT-0168] Init region query.
[INFO DRT-0024]   Complete Active.
[INFO DRT-0024]   Complete V0.
[INFO DRT-0024]   Complete M1.
[INFO DRT-0024]   Complete V1.
[INFO DRT-0024]   Complete M2.
[INFO DRT-0024]   Complete V2.
[INFO DRT-0024]   Complete M3.
[INFO DRT-0024]   Complete V3.
[INFO DRT-0024]   Complete M4.
[INFO DRT-0024]   Complete V4.
[INFO DRT-0024]   Complete M5.
[INFO DRT-0024]   Complete V5.
[INFO DRT-0024]   Complete M6.
[INFO DRT-0024]   Complete V6.
[INFO DRT-0024]   Complete M7.
[INFO DRT-0024]   Complete V7.
[INFO DRT-0024]   Complete M8.
[INFO DRT-0024]   Complete V8.
[INFO DRT-0024]   Complete M9.
[INFO DRT-0024]   Complete V9.
[INFO DRT-0024]   Complete Pad.
[INFO DRT-0033] Active shape region query size = 0.
[INFO DRT-0033] V0 shape region query size = 0.
[INFO DRT-0033] M1 shape region query size = 177835.
[INFO DRT-0033] V1 shape region query size = 189697.
[INFO DRT-0033] M2 shape region query size = 5732.
[INFO DRT-0033] V2 shape region query size = 4347.
[INFO DRT-0033] M3 shape region query size = 4099.
[INFO DRT-0033] V3 shape region query size = 2562.
[INFO DRT-0033] M4 shape region query size = 4021.
[INFO DRT-0033] V4 shape region query size = 3937.
[INFO DRT-0033] M5 shape region query size = 2443.
[INFO DRT-0033] V5 shape region query size = 576.
[INFO DRT-0033] M6 shape region query size = 336.
[INFO DRT-0033] V6 shape region query size = 0.
[INFO DRT-0033] M7 shape region query size = 0.
[INFO DRT-0033] V7 shape region query size = 0.
[INFO DRT-0033] M8 shape region query size = 0.
[INFO DRT-0033] V8 shape region query size = 0.
[INFO DRT-0033] M9 shape region query size = 0.
[INFO DRT-0033] V9 shape region query size = 0.
[INFO DRT-0033] Pad shape region query size = 0.
[INFO DRT-0165] Start pin access.
[INFO DRT-0076]   Complete 1000 pins.
[INFO DRT-0078]   Complete 1798 pins.
[INFO DRT-0079]   Complete 100 unique inst patterns.
[INFO DRT-0079]   Complete 200 unique inst patterns.
[INFO DRT-0081]   Complete 260 unique inst patterns.
[INFO DRT-0084]   Complete 5372 groups.
#scanned instances     = 10073
#unique  instances     = 263
#stdCellGenAp          = 8463
#stdCellValidPlanarAp  = 68
#stdCellValidViaAp     = 6710
#stdCellPinNoAp        = 0
#stdCellPinCnt         = 35231
#instTermValidViaApCnt = 0
#macroGenAp            = 225
#macroValidPlanarAp    = 225
#macroValidViaAp       = 0
#macroNoAp             = 0
[INFO DRT-0166] Complete pin access.
[INFO DRT-0267] cpu time = 00:03:48, elapsed time = 00:00:17, memory = 393.38 (MB), peak = 389.98 (MB)

[INFO DRT-0157] Number of guides:     96172

[INFO DRT-0169] Post process guides.
[INFO DRT-0176] GCELLGRID X 0 DO 128 STEP 570 ;
[INFO DRT-0177] GCELLGRID Y 0 DO 128 STEP 570 ;
[INFO DRT-0028]   Complete Active.
[INFO DRT-0028]   Complete V0.
[INFO DRT-0028]   Complete M1.
[INFO DRT-0028]   Complete V1.
[INFO DRT-0028]   Complete M2.
[INFO DRT-0028]   Complete V2.
[INFO DRT-0028]   Complete M3.
[INFO DRT-0028]   Complete V3.
[INFO DRT-0028]   Complete M4.
[INFO DRT-0028]   Complete V4.
[INFO DRT-0028]   Complete M5.
[INFO DRT-0028]   Complete V5.
[INFO DRT-0028]   Complete M6.
[INFO DRT-0028]   Complete V6.
[INFO DRT-0028]   Complete M7.
[INFO DRT-0028]   Complete V7.
[INFO DRT-0028]   Complete M8.
[INFO DRT-0028]   Complete V8.
[INFO DRT-0028]   Complete M9.
[INFO DRT-0028]   Complete V9.
[INFO DRT-0028]   Complete Pad.
[INFO DRT-0178] Init guide query.
[INFO DRT-0035]   Complete Active (guide).
[INFO DRT-0035]   Complete V0 (guide).
[INFO DRT-0035]   Complete M1 (guide).
[INFO DRT-0035]   Complete V1 (guide).
[INFO DRT-0035]   Complete M2 (guide).
[INFO DRT-0035]   Complete V2 (guide).
[INFO DRT-0035]   Complete M3 (guide).
[INFO DRT-0035]   Complete V3 (guide).
[INFO DRT-0035]   Complete M4 (guide).
[INFO DRT-0035]   Complete V4 (guide).
[INFO DRT-0035]   Complete M5 (guide).
[INFO DRT-0035]   Complete V5 (guide).
[INFO DRT-0035]   Complete M6 (guide).
[INFO DRT-0035]   Complete V6 (guide).
[INFO DRT-0035]   Complete M7 (guide).
[INFO DRT-0035]   Complete V7 (guide).
[INFO DRT-0035]   Complete M8 (guide).
[INFO DRT-0035]   Complete V8 (guide).
[INFO DRT-0035]   Complete M9 (guide).
[INFO DRT-0035]   Complete V9 (guide).
[INFO DRT-0035]   Complete Pad (guide).
[INFO DRT-0036] Active guide region query size = 0.
[INFO DRT-0036] V0 guide region query size = 0.
[INFO DRT-0036] M1 guide region query size = 30756.
[INFO DRT-0036] V1 guide region query size = 0.
[INFO DRT-0036] M2 guide region query size = 27794.
[INFO DRT-0036] V2 guide region query size = 0.
[INFO DRT-0036] M3 guide region query size = 15468.
[INFO DRT-0036] V3 guide region query size = 0.
[INFO DRT-0036] M4 guide region query size = 2312.
[INFO DRT-0036] V4 guide region query size = 0.
[INFO DRT-0036] M5 guide region query size = 1039.
[INFO DRT-0036] V5 guide region query size = 0.
[INFO DRT-0036] M6 guide region query size = 284.
[INFO DRT-0036] V6 guide region query size = 0.
[INFO DRT-0036] M7 guide region query size = 24.
[INFO DRT-0036] V7 guide region query size = 0.
[INFO DRT-0036] M8 guide region query size = 0.
[INFO DRT-0036] V8 guide region query size = 0.
[INFO DRT-0036] M9 guide region query size = 0.
[INFO DRT-0036] V9 guide region query size = 0.
[INFO DRT-0036] Pad guide region query size = 0.
[INFO DRT-0179] Init gr pin query.
[INFO DRT-0267] cpu time = 00:00:00, elapsed time = 00:00:00, memory = 421.96 (MB), peak = 418.48 (MB)
[INFO DRT-0245] skipped writing guide updates to database.
[INFO DRT-0185] Post process initialize RPin region query.
[INFO DRT-0181] Start track assignment.
[INFO DRT-0184] Done with 47287 vertical wires in 3 frboxes and 30390 horizontal wires in 3 frboxes.
[INFO DRT-0186] Done with 6750 vertical wires in 3 frboxes and 10241 horizontal wires in 3 frboxes.
[INFO DRT-0182] Complete track assignment.
[INFO DRT-0267] cpu time = 00:00:02, elapsed time = 00:00:01, memory = 610.52 (MB), peak = 606.73 (MB)
[INFO DRT-0187] Start routing data preparation.
[INFO DRT-0267] cpu time = 00:00:00, elapsed time = 00:00:00, memory = 610.52 (MB), peak = 606.73 (MB)
[INFO DRT-0194] Start detail routing.
[INFO DRT-0195] Start 0th optimization iteration.
    Completing 10% with 0 violations.
    elapsed time = 00:00:02, memory = 3718.20 (MB).
    Completing 20% with 0 violations.
    elapsed time = 00:00:03, memory = 4332.35 (MB).
    Completing 30% with 731 violations.
    elapsed time = 00:00:06, memory = 4033.25 (MB).
    Completing 40% with 731 violations.
    elapsed time = 00:00:10, memory = 4760.73 (MB).
    Completing 50% with 731 violations.
    elapsed time = 00:00:11, memory = 3997.01 (MB).
    Completing 60% with 1609 violations.
    elapsed time = 00:00:18, memory = 5243.93 (MB).
    Completing 70% with 1609 violations.
    elapsed time = 00:00:20, memory = 5666.17 (MB).
    Completing 80% with 2301 violations.
    elapsed time = 00:00:29, memory = 6164.24 (MB).
    Completing 90% with 2301 violations.
    elapsed time = 00:00:33, memory = 6189.45 (MB).
    Completing 100% with 2943 violations.
    elapsed time = 00:00:40, memory = 3080.39 (MB).
[INFO DRT-0199]   Number of violations = 3506.
Viol/Layer          M1     M2     V2     M3     V3     M4     V4     M5     V5     M6
CutSpcTbl            0      0      0      0     16      0     17      0      2      0
EOL                  0    268      0     46      0     13      0      2      0      0
Metal Spacing       21     89      0    210      0     21      0      7      0     10
Recheck              1    283      0    185      0     74      0     17      0      3
Short                2    302      8     52      1     13      3      9      1      8
eolKeepOut           0   1608      0    154      0     54      0      6      0      0
[INFO DRT-0267] cpu time = 00:07:46, elapsed time = 00:00:41, memory = 3412.08 (MB), peak = 6491.27 (MB)
Total wire length = 58944 um.
Total wire length on LAYER M1 = 0 um.
Total wire length on LAYER M2 = 12983 um.
Total wire length on LAYER M3 = 21870 um.
Total wire length on LAYER M4 = 13549 um.
Total wire length on LAYER M5 = 6283 um.
Total wire length on LAYER M6 = 3893 um.
Total wire length on LAYER M7 = 364 um.
Total wire length on LAYER M8 = 0 um.
Total wire length on LAYER M9 = 0 um.
Total wire length on LAYER Pad = 0 um.
Total number of vias = 115456.
Up-via summary (total 115456):

-----------------
 Active         0
     M1     35064
     M2     60424
     M3     16304
     M4      2917
     M5       670
     M6        77
     M7         0
     M8         0
     M9         0
-----------------
       115456


[INFO DRT-0195] Start 1st optimization iteration.
    Completing 10% with 3506 violations.
    elapsed time = 00:00:04, memory = 6162.36 (MB).
    Completing 20% with 3506 violations.
    elapsed time = 00:00:07, memory = 6822.60 (MB).
    Completing 30% with 2615 violations.
    elapsed time = 00:00:13, memory = 6366.51 (MB).
    Completing 40% with 2615 violations.
    elapsed time = 00:00:19, memory = 6582.80 (MB).
    Completing 50% with 2615 violations.
    elapsed time = 00:00:21, memory = 5546.18 (MB).
    Completing 60% with 1866 violations.
    elapsed time = 00:00:29, memory = 6538.72 (MB).
    Completing 70% with 1866 violations.
    elapsed time = 00:00:32, memory = 6604.44 (MB).
    Completing 80% with 1117 violations.
    elapsed time = 00:00:41, memory = 6735.63 (MB).
    Completing 90% with 1117 violations.
    elapsed time = 00:00:45, memory = 6702.58 (MB).
    Completing 100% with 556 violations.
    elapsed time = 00:00:51, memory = 3713.12 (MB).
[INFO DRT-0199]   Number of violations = 561.
Viol/Layer          M1     M2     M3     V3     M4     V4
CutSpcTbl            0      0      0      9      0      4
EOL                  0     62      6      0      3      0
Metal Spacing       13     13     80      0      2      0
Recheck              0      3      2      0      0      0
Short                1     38     28      0      1      0
eolKeepOut           0    264     22      0     10      0
[INFO DRT-0267] cpu time = 00:09:30, elapsed time = 00:00:51, memory = 3691.56 (MB), peak = 7362.50 (MB)
Total wire length = 58606 um.
Total wire length on LAYER M1 = 0 um.
Total wire length on LAYER M2 = 12171 um.
Total wire length on LAYER M3 = 21710 um.
Total wire length on LAYER M4 = 14117 um.
Total wire length on LAYER M5 = 6272 um.
Total wire length on LAYER M6 = 3971 um.
Total wire length on LAYER M7 = 364 um.
Total wire length on LAYER M8 = 0 um.
Total wire length on LAYER M9 = 0 um.
Total wire length on LAYER Pad = 0 um.
Total number of vias = 112246.
Up-via summary (total 112246):

-----------------
 Active         0
     M1     35051
     M2     57581
     M3     15729
     M4      3093
     M5       733
     M6        59
     M7         0
     M8         0
     M9         0
-----------------
       112246


[INFO DRT-0195] Start 2nd optimization iteration.
    Completing 10% with 561 violations.
    elapsed time = 00:00:02, memory = 6948.45 (MB).
    Completing 20% with 561 violations.
    elapsed time = 00:00:04, memory = 6953.90 (MB).
    Completing 30% with 546 violations.
    elapsed time = 00:00:10, memory = 3662.42 (MB).
    Completing 40% with 546 violations.
    elapsed time = 00:00:13, memory = 6808.43 (MB).
    Completing 50% with 546 violations.
    elapsed time = 00:00:15, memory = 5590.57 (MB).
    Completing 60% with 514 violations.
    elapsed time = 00:00:22, memory = 6966.58 (MB).
    Completing 70% with 514 violations.
    elapsed time = 00:00:25, memory = 6929.70 (MB).
    Completing 80% with 477 violations.
    elapsed time = 00:00:31, memory = 3703.03 (MB).
    Completing 90% with 477 violations.
    elapsed time = 00:00:33, memory = 7044.41 (MB).
    Completing 100% with 497 violations.
    elapsed time = 00:00:39, memory = 3699.86 (MB).
[INFO DRT-0199]   Number of violations = 497.
Viol/Layer          M1     M2     M3     V3     M4     V4
CutSpcTbl            0      0      0      4      0      5
EOL                  0     52      7      0      2      0
Metal Spacing       13     19     75      0      1      0
Short                1     27     20      0      4      0
eolKeepOut           0    237     21      0      9      0
[INFO DRT-0267] cpu time = 00:06:52, elapsed time = 00:00:39, memory = 3678.57 (MB), peak = 7362.50 (MB)
Total wire length = 58550 um.
Total wire length on LAYER M1 = 0 um.
Total wire length on LAYER M2 = 12123 um.
Total wire length on LAYER M3 = 21650 um.
Total wire length on LAYER M4 = 14094 um.
Total wire length on LAYER M5 = 6308 um.
Total wire length on LAYER M6 = 4005 um.
Total wire length on LAYER M7 = 367 um.
Total wire length on LAYER M8 = 0 um.
Total wire length on LAYER M9 = 0 um.
Total wire length on LAYER Pad = 0 um.
Total number of vias = 111852.
Up-via summary (total 111852):

-----------------
 Active         0
     M1     35051
     M2     57064
     M3     15614
     M4      3296
     M5       764
     M6        63
     M7         0
     M8         0
     M9         0
-----------------
       111852


[INFO DRT-0195] Start 3rd optimization iteration.
    Completing 10% with 497 violations.
    elapsed time = 00:00:01, memory = 6845.71 (MB).
    Completing 20% with 497 violations.
    elapsed time = 00:00:02, memory = 6954.23 (MB).
    Completing 30% with 333 violations.
    elapsed time = 00:00:06, memory = 3678.57 (MB).
    Completing 40% with 333 violations.
    elapsed time = 00:00:08, memory = 6787.39 (MB).
    Completing 50% with 333 violations.
    elapsed time = 00:00:09, memory = 5533.11 (MB).
    Completing 60% with 219 violations.
    elapsed time = 00:00:13, memory = 6991.17 (MB).
    Completing 70% with 219 violations.
    elapsed time = 00:00:14, memory = 7105.26 (MB).
    Completing 80% with 110 violations.
    elapsed time = 00:00:18, memory = 3682.25 (MB).
    Completing 90% with 110 violations.
    elapsed time = 00:00:20, memory = 7010.21 (MB).
    Completing 100% with 10 violations.
    elapsed time = 00:00:24, memory = 3682.25 (MB).
[INFO DRT-0199]   Number of violations = 10.
Viol/Layer          M2     M3
Metal Spacing        2      1
Short                1      0
eolKeepOut           6      0
[INFO DRT-0267] cpu time = 00:03:32, elapsed time = 00:00:24, memory = 3682.25 (MB), peak = 7362.50 (MB)
Total wire length = 58556 um.
Total wire length on LAYER M1 = 0 um.
Total wire length on LAYER M2 = 11875 um.
Total wire length on LAYER M3 = 21502 um.
Total wire length on LAYER M4 = 14304 um.
Total wire length on LAYER M5 = 6460 um.
Total wire length on LAYER M6 = 4044 um.
Total wire length on LAYER M7 = 369 um.
Total wire length on LAYER M8 = 0 um.
Total wire length on LAYER M9 = 0 um.
Total wire length on LAYER Pad = 0 um.
Total number of vias = 111916.
Up-via summary (total 111916):

-----------------
 Active         0
     M1     35051
     M2     56378
     M3     16034
     M4      3560
     M5       825
     M6        68
     M7         0
     M8         0
     M9         0
-----------------
       111916


[INFO DRT-0195] Start 4th guides tiles iteration.
    Completing 10% with 10 violations.
    elapsed time = 00:00:01, memory = 3977.71 (MB).
    Completing 20% with 10 violations.
    elapsed time = 00:00:01, memory = 3815.88 (MB).
    Completing 30% with 10 violations.
    elapsed time = 00:00:01, memory = 3682.25 (MB).
    Completing 40% with 5 violations.
    elapsed time = 00:00:01, memory = 3682.25 (MB).
    Completing 50% with 5 violations.
    elapsed time = 00:00:01, memory = 3682.25 (MB).
    Completing 60% with 5 violations.
    elapsed time = 00:00:02, memory = 3682.25 (MB).
    Completing 70% with 4 violations.
    elapsed time = 00:00:02, memory = 3682.25 (MB).
    Completing 80% with 4 violations.
    elapsed time = 00:00:03, memory = 3682.25 (MB).
    Completing 100% with 0 violations.
    elapsed time = 00:00:03, memory = 3682.25 (MB).
[INFO DRT-0199]   Number of violations = 0.
[INFO DRT-0267] cpu time = 00:00:06, elapsed time = 00:00:03, memory = 3682.25 (MB), peak = 7362.50 (MB)
Total wire length = 58556 um.
Total wire length on LAYER M1 = 0 um.
Total wire length on LAYER M2 = 11874 um.
Total wire length on LAYER M3 = 21501 um.
Total wire length on LAYER M4 = 14305 um.
Total wire length on LAYER M5 = 6461 um.
Total wire length on LAYER M6 = 4044 um.
Total wire length on LAYER M7 = 369 um.
Total wire length on LAYER M8 = 0 um.
Total wire length on LAYER M9 = 0 um.
Total wire length on LAYER Pad = 0 um.
Total number of vias = 111913.
Up-via summary (total 111913):

-----------------
 Active         0
     M1     35051
     M2     56372
     M3     16035
     M4      3562
     M5       825
     M6        68
     M7         0
     M8         0
     M9         0
-----------------
       111913


[INFO DRT-0198] Complete detail routing.
Total wire length = 58556 um.
Total wire length on LAYER M1 = 0 um.
Total wire length on LAYER M2 = 11874 um.
Total wire length on LAYER M3 = 21501 um.
Total wire length on LAYER M4 = 14305 um.
Total wire length on LAYER M5 = 6461 um.
Total wire length on LAYER M6 = 4044 um.
Total wire length on LAYER M7 = 369 um.
Total wire length on LAYER M8 = 0 um.
Total wire length on LAYER M9 = 0 um.
Total wire length on LAYER Pad = 0 um.
Total number of vias = 111913.
Up-via summary (total 111913):

-----------------
 Active         0
     M1     35051
     M2     56372
     M3     16035
     M4      3562
     M5       825
     M6        68
     M7         0
     M8         0
     M9         0
-----------------
       111913


[INFO DRT-0267] cpu time = 00:27:47, elapsed time = 00:02:39, memory = 3682.25 (MB), peak = 7362.50 (MB)

[INFO DRT-0180] Post processing.
Took 178 seconds: detailed_route -output_drc ./reports/asap7/riscv32i/baseline_alpha_8-beta_0.1-run4/5_route_drc.rpt -output_maze ./results/asap7/riscv32i/baseline_alpha_8-beta_0.1-run4/maze.log -droute_end_iter 64 -verbose 1 -drc_report_iter_step 5
[WARNING GRT-0246] No diode with LEF class CORE ANTENNACELL found.
[INFO ANT-0002] Found 0 net violations.
[INFO ANT-0001] Found 0 pin violations.
[INFO ANT-0002] Found 0 net violations.
[INFO ANT-0001] Found 0 pin violations.
write_db ./results/asap7/riscv32i/baseline_alpha_8-beta_0.1-run4/5_2_route.odb
[INFO ORD-0030] Using 32 thread(s).
Elapsed time: 3:00.92[h:]min:sec. CPU time: user 1865.21 sys 46.61 (1056%). Peak memory: 7539196KB.
Log                        Elapsed/s Peak Memory/MB  sha1sum .odb [0:20)
5_2_route                        180           7362 449d534b5c5fdd8fe910
