
==========================================================================
detailed place report_tns
--------------------------------------------------------------------------
tns max -385.32

==========================================================================
detailed place report_wns
--------------------------------------------------------------------------
wns max -29.48

==========================================================================
detailed place report_worst_slack
--------------------------------------------------------------------------
worst slack max -29.48

==========================================================================
detailed place report_clock_min_period
--------------------------------------------------------------------------
clk period_min = 709.48 fmax = 1409.48

==========================================================================
detailed place report_checks -path_delay min
--------------------------------------------------------------------------
Startpoint: rst (input port clocked by clk)
Endpoint: rle.rz4.den$_DFFE_PN0P_ (removal check against rising-edge clock clk)
Path Group: asynchronous
Path Type: min

Fanout     Cap    Slew   Delay    Time   Description
-----------------------------------------------------------------------------
                  0.00    0.00    0.00   clock clk (rise edge)
                          0.00    0.00   clock network delay (ideal)
                        136.00  136.00 ^ input external delay
     1    1.24    0.00    0.00  136.00 ^ rst (in)
                                         rst (net)
                  0.32    0.10  136.10 ^ input85/A (BUFx2_ASAP7_75t_R)
     6   13.75   49.16   22.79  158.89 ^ input85/Y (BUFx2_ASAP7_75t_R)
                                         net84 (net)
                 54.05    8.08  166.97 ^ rle.rz4.den$_DFFE_PN0P_/RESETN (DFFASRHQNx1_ASAP7_75t_R)
                                166.97   data arrival time

                  0.00    0.00    0.00   clock clk (rise edge)
                          0.00    0.00   clock network delay (ideal)
                          0.00    0.00   clock reconvergence pessimism
                                  0.00 ^ rle.rz4.den$_DFFE_PN0P_/CLK (DFFASRHQNx1_ASAP7_75t_R)
                         22.86   22.86   library removal time
                                 22.86   data required time
-----------------------------------------------------------------------------
                                 22.86   data required time
                               -166.97   data arrival time
-----------------------------------------------------------------------------
                                144.11   slack (MET)


Startpoint: fdct_zigzag.dct_mod.dct_block_2.dct_unit_2.macu.result[3]$_DFFE_PP_
            (rising edge-triggered flip-flop clocked by clk)
Endpoint: fdct_zigzag.dct_mod.dct_block_2.dct_unit_2.macu.result[3]$_DFFE_PP_
          (rising edge-triggered flip-flop clocked by clk)
Path Group: clk
Path Type: min

Fanout     Cap    Slew   Delay    Time   Description
-----------------------------------------------------------------------------
                  0.00    0.00    0.00   clock clk (rise edge)
                          0.00    0.00   clock network delay (ideal)
                  0.00    0.00    0.00 ^ fdct_zigzag.dct_mod.dct_block_2.dct_unit_2.macu.result[3]$_DFFE_PP_/CLK (DFFHQNx1_ASAP7_75t_R)
     2    1.61   18.25   36.16   36.16 ^ fdct_zigzag.dct_mod.dct_block_2.dct_unit_2.macu.result[3]$_DFFE_PP_/QN (DFFHQNx1_ASAP7_75t_R)
                                         _001247_ (net)
                 18.26    0.05   36.21 ^ _093816_/A1 (OAI21x1_ASAP7_75t_R)
     1    0.69    5.86    7.31   43.52 v _093816_/Y (OAI21x1_ASAP7_75t_R)
                                         _028293_ (net)
                  5.86    0.03   43.55 v fdct_zigzag.dct_mod.dct_block_2.dct_unit_2.macu.result[3]$_DFFE_PP_/D (DFFHQNx1_ASAP7_75t_R)
                                 43.55   data arrival time

                  0.00    0.00    0.00   clock clk (rise edge)
                          0.00    0.00   clock network delay (ideal)
                          0.00    0.00   clock reconvergence pessimism
                                  0.00 ^ fdct_zigzag.dct_mod.dct_block_2.dct_unit_2.macu.result[3]$_DFFE_PP_/CLK (DFFHQNx1_ASAP7_75t_R)
                          8.66    8.66   library hold time
                                  8.66   data required time
-----------------------------------------------------------------------------
                                  8.66   data required time
                                -43.55   data arrival time
-----------------------------------------------------------------------------
                                 34.89   slack (MET)



==========================================================================
detailed place report_checks -path_delay max
--------------------------------------------------------------------------
Startpoint: rst (input port clocked by clk)
Endpoint: fdct_zigzag.dct_mod.dddcnt$_DFFE_PN1P_
          (recovery check against rising-edge clock clk)
Path Group: asynchronous
Path Type: max

Fanout     Cap    Slew   Delay    Time   Description
-----------------------------------------------------------------------------
                  0.00    0.00    0.00   clock clk (rise edge)
                          0.00    0.00   clock network delay (ideal)
                        136.00  136.00 ^ input external delay
     1    1.37    0.00    0.00  136.00 ^ rst (in)
                                         rst (net)
                  0.37    0.12  136.12 ^ input85/A (BUFx2_ASAP7_75t_R)
     6   14.53   51.85   23.35  159.47 ^ input85/Y (BUFx2_ASAP7_75t_R)
                                         net84 (net)
                 62.85   12.41  171.88 ^ place9829/A (BUFx3_ASAP7_75t_R)
     8   13.80   35.28   29.78  201.67 ^ place9829/Y (BUFx3_ASAP7_75t_R)
                                         net9828 (net)
                 42.00    7.88  209.55 ^ place9828/A (BUFx3_ASAP7_75t_R)
    10   19.46   47.28   27.42  236.97 ^ place9828/Y (BUFx3_ASAP7_75t_R)
                                         net9827 (net)
                 78.77   21.42  258.39 ^ fdct_zigzag.dct_mod.dddcnt$_DFFE_PN1P_/SETN (DFFASRHQNx1_ASAP7_75t_R)
                                258.39   data arrival time

                  0.00  680.00  680.00   clock clk (rise edge)
                          0.00  680.00   clock network delay (ideal)
                          0.00  680.00   clock reconvergence pessimism
                                680.00 ^ fdct_zigzag.dct_mod.dddcnt$_DFFE_PN1P_/CLK (DFFASRHQNx1_ASAP7_75t_R)
                         -6.67  673.33   library recovery time
                                673.33   data required time
-----------------------------------------------------------------------------
                                673.33   data required time
                               -258.39   data arrival time
-----------------------------------------------------------------------------
                                414.94   slack (MET)


Startpoint: _tray_size4_8342 (rising edge-triggered flip-flop clocked by clk)
Endpoint: _tray_size4_7924 (rising edge-triggered flip-flop clocked by clk)
Path Group: clk
Path Type: max

Fanout     Cap    Slew   Delay    Time   Description
-----------------------------------------------------------------------------
                  0.00    0.00    0.00   clock clk (rise edge)
                          0.00    0.00   clock network delay (ideal)
                  0.00    0.00    0.00 ^ _tray_size4_8342/CLK (DFFHQNH2V2Xx1_ASAP7_75t_R)
     8   11.25  113.81   91.25   91.25 ^ _tray_size4_8342/QN1 (DFFHQNH2V2Xx1_ASAP7_75t_R)
                                         _003254_ (net)
                114.53    5.24   96.49 ^ _070552_/B (NOR2x1_ASAP7_75t_R)
     2    2.37   33.32   26.23  122.72 v _070552_/Y (NOR2x1_ASAP7_75t_R)
                                         _021472_ (net)
                 33.32    0.09  122.81 v _110132_/A (HAxp5_ASAP7_75t_R)
     4    7.95  137.03  104.27  227.08 v _110132_/SN (HAxp5_ASAP7_75t_R)
                                         _013648_ (net)
                137.04    0.58  227.66 v _107333_/B (FAx1_ASAP7_75t_R)
     4    6.44  110.57   82.67  310.34 ^ _107333_/CON (FAx1_ASAP7_75t_R)
                                         _013662_ (net)
     3    4.41   97.44   42.28  352.62 v _107333_/SN (FAx1_ASAP7_75t_R)
                                         _013654_ (net)
                 97.44    0.27  352.89 v _070556_/A (INVx1_ASAP7_75t_R)
     3    5.36   54.68   42.39  395.28 ^ _070556_/Y (INVx1_ASAP7_75t_R)
                                         _013649_ (net)
                 54.68    0.29  395.57 ^ _107341_/CI (FAx1_ASAP7_75t_R)
     1    2.61   56.57   64.20  459.76 v _107341_/SN (FAx1_ASAP7_75t_R)
                                         _059065_ (net)
                 56.57    0.23  459.99 v _107343_/B (FAx1_ASAP7_75t_R)
     1    0.78   42.01   27.92  487.91 ^ _107343_/CON (FAx1_ASAP7_75t_R)
                                         _013675_ (net)
     1    0.73   34.77   14.06  501.98 v _107343_/SN (FAx1_ASAP7_75t_R)
                                         _013676_ (net)
                 34.77    0.03  502.00 v _067936_/A (INVx1_ASAP7_75t_R)
     1    1.01   14.51   12.26  514.26 ^ _067936_/Y (INVx1_ASAP7_75t_R)
                                         _013678_ (net)
                 14.51    0.04  514.31 ^ _110137_/B (HAxp5_ASAP7_75t_R)
     4    4.87   85.14   66.34  580.65 v _110137_/SN (HAxp5_ASAP7_75t_R)
                                         _021485_ (net)
                 85.14    0.10  580.74 v _076984_/A (NOR2x1_ASAP7_75t_R)
     2    1.50   22.69   18.69  599.43 ^ _076984_/Y (NOR2x1_ASAP7_75t_R)
                                         _033397_ (net)
                 22.69    0.08  599.52 ^ _076985_/B (AND2x2_ASAP7_75t_R)
     2    1.53    8.99   19.26  618.78 ^ _076985_/Y (AND2x2_ASAP7_75t_R)
                                         _033398_ (net)
                  8.99    0.11  618.89 ^ _076988_/A (AND3x1_ASAP7_75t_R)
     1    0.54    8.31   16.39  635.28 ^ _076988_/Y (AND3x1_ASAP7_75t_R)
                                         _033401_ (net)
                  8.32    0.02  635.30 ^ _076997_/A2 (AO221x1_ASAP7_75t_R)
     1    1.00   11.25   21.35  656.65 ^ _076997_/Y (AO221x1_ASAP7_75t_R)
                                         _033410_ (net)
                 11.25    0.04  656.69 ^ _076999_/A (XOR2x2_ASAP7_75t_R)
     1    0.80    7.14   24.11  680.79 ^ _076999_/Y (XOR2x2_ASAP7_75t_R)
                                         _033412_ (net)
                  7.14    0.04  680.84 ^ _077001_/A1 (AO21x1_ASAP7_75t_R)
     1    0.68    7.76   12.55  693.39 ^ _077001_/Y (AO21x1_ASAP7_75t_R)
                                         _025448_ (net)
                  7.76    0.03  693.42 ^ _tray_size4_7924/D3 (DFFHQNH2V2Xx1_ASAP7_75t_R)
                                693.42   data arrival time

                  0.00  680.00  680.00   clock clk (rise edge)
                          0.00  680.00   clock network delay (ideal)
                          0.00  680.00   clock reconvergence pessimism
                                680.00 ^ _tray_size4_7924/CLK (DFFHQNH2V2Xx1_ASAP7_75t_R)
                        -16.06  663.94   library setup time
                                663.94   data required time
-----------------------------------------------------------------------------
                                663.94   data required time
                               -693.42   data arrival time
-----------------------------------------------------------------------------
                                -29.48   slack (VIOLATED)



==========================================================================
detailed place report_checks -unconstrained
--------------------------------------------------------------------------
Startpoint: rst (input port clocked by clk)
Endpoint: fdct_zigzag.dct_mod.dddcnt$_DFFE_PN1P_
          (recovery check against rising-edge clock clk)
Path Group: asynchronous
Path Type: max

Fanout     Cap    Slew   Delay    Time   Description
-----------------------------------------------------------------------------
                  0.00    0.00    0.00   clock clk (rise edge)
                          0.00    0.00   clock network delay (ideal)
                        136.00  136.00 ^ input external delay
     1    1.37    0.00    0.00  136.00 ^ rst (in)
                                         rst (net)
                  0.37    0.12  136.12 ^ input85/A (BUFx2_ASAP7_75t_R)
     6   14.53   51.85   23.35  159.47 ^ input85/Y (BUFx2_ASAP7_75t_R)
                                         net84 (net)
                 62.85   12.41  171.88 ^ place9829/A (BUFx3_ASAP7_75t_R)
     8   13.80   35.28   29.78  201.67 ^ place9829/Y (BUFx3_ASAP7_75t_R)
                                         net9828 (net)
                 42.00    7.88  209.55 ^ place9828/A (BUFx3_ASAP7_75t_R)
    10   19.46   47.28   27.42  236.97 ^ place9828/Y (BUFx3_ASAP7_75t_R)
                                         net9827 (net)
                 78.77   21.42  258.39 ^ fdct_zigzag.dct_mod.dddcnt$_DFFE_PN1P_/SETN (DFFASRHQNx1_ASAP7_75t_R)
                                258.39   data arrival time

                  0.00  680.00  680.00   clock clk (rise edge)
                          0.00  680.00   clock network delay (ideal)
                          0.00  680.00   clock reconvergence pessimism
                                680.00 ^ fdct_zigzag.dct_mod.dddcnt$_DFFE_PN1P_/CLK (DFFASRHQNx1_ASAP7_75t_R)
                         -6.67  673.33   library recovery time
                                673.33   data required time
-----------------------------------------------------------------------------
                                673.33   data required time
                               -258.39   data arrival time
-----------------------------------------------------------------------------
                                414.94   slack (MET)


Startpoint: _tray_size4_8342 (rising edge-triggered flip-flop clocked by clk)
Endpoint: _tray_size4_7924 (rising edge-triggered flip-flop clocked by clk)
Path Group: clk
Path Type: max

Fanout     Cap    Slew   Delay    Time   Description
-----------------------------------------------------------------------------
                  0.00    0.00    0.00   clock clk (rise edge)
                          0.00    0.00   clock network delay (ideal)
                  0.00    0.00    0.00 ^ _tray_size4_8342/CLK (DFFHQNH2V2Xx1_ASAP7_75t_R)
     8   11.25  113.81   91.25   91.25 ^ _tray_size4_8342/QN1 (DFFHQNH2V2Xx1_ASAP7_75t_R)
                                         _003254_ (net)
                114.53    5.24   96.49 ^ _070552_/B (NOR2x1_ASAP7_75t_R)
     2    2.37   33.32   26.23  122.72 v _070552_/Y (NOR2x1_ASAP7_75t_R)
                                         _021472_ (net)
                 33.32    0.09  122.81 v _110132_/A (HAxp5_ASAP7_75t_R)
     4    7.95  137.03  104.27  227.08 v _110132_/SN (HAxp5_ASAP7_75t_R)
                                         _013648_ (net)
                137.04    0.58  227.66 v _107333_/B (FAx1_ASAP7_75t_R)
     4    6.44  110.57   82.67  310.34 ^ _107333_/CON (FAx1_ASAP7_75t_R)
                                         _013662_ (net)
     3    4.41   97.44   42.28  352.62 v _107333_/SN (FAx1_ASAP7_75t_R)
                                         _013654_ (net)
                 97.44    0.27  352.89 v _070556_/A (INVx1_ASAP7_75t_R)
     3    5.36   54.68   42.39  395.28 ^ _070556_/Y (INVx1_ASAP7_75t_R)
                                         _013649_ (net)
                 54.68    0.29  395.57 ^ _107341_/CI (FAx1_ASAP7_75t_R)
     1    2.61   56.57   64.20  459.76 v _107341_/SN (FAx1_ASAP7_75t_R)
                                         _059065_ (net)
                 56.57    0.23  459.99 v _107343_/B (FAx1_ASAP7_75t_R)
     1    0.78   42.01   27.92  487.91 ^ _107343_/CON (FAx1_ASAP7_75t_R)
                                         _013675_ (net)
     1    0.73   34.77   14.06  501.98 v _107343_/SN (FAx1_ASAP7_75t_R)
                                         _013676_ (net)
                 34.77    0.03  502.00 v _067936_/A (INVx1_ASAP7_75t_R)
     1    1.01   14.51   12.26  514.26 ^ _067936_/Y (INVx1_ASAP7_75t_R)
                                         _013678_ (net)
                 14.51    0.04  514.31 ^ _110137_/B (HAxp5_ASAP7_75t_R)
     4    4.87   85.14   66.34  580.65 v _110137_/SN (HAxp5_ASAP7_75t_R)
                                         _021485_ (net)
                 85.14    0.10  580.74 v _076984_/A (NOR2x1_ASAP7_75t_R)
     2    1.50   22.69   18.69  599.43 ^ _076984_/Y (NOR2x1_ASAP7_75t_R)
                                         _033397_ (net)
                 22.69    0.08  599.52 ^ _076985_/B (AND2x2_ASAP7_75t_R)
     2    1.53    8.99   19.26  618.78 ^ _076985_/Y (AND2x2_ASAP7_75t_R)
                                         _033398_ (net)
                  8.99    0.11  618.89 ^ _076988_/A (AND3x1_ASAP7_75t_R)
     1    0.54    8.31   16.39  635.28 ^ _076988_/Y (AND3x1_ASAP7_75t_R)
                                         _033401_ (net)
                  8.32    0.02  635.30 ^ _076997_/A2 (AO221x1_ASAP7_75t_R)
     1    1.00   11.25   21.35  656.65 ^ _076997_/Y (AO221x1_ASAP7_75t_R)
                                         _033410_ (net)
                 11.25    0.04  656.69 ^ _076999_/A (XOR2x2_ASAP7_75t_R)
     1    0.80    7.14   24.11  680.79 ^ _076999_/Y (XOR2x2_ASAP7_75t_R)
                                         _033412_ (net)
                  7.14    0.04  680.84 ^ _077001_/A1 (AO21x1_ASAP7_75t_R)
     1    0.68    7.76   12.55  693.39 ^ _077001_/Y (AO21x1_ASAP7_75t_R)
                                         _025448_ (net)
                  7.76    0.03  693.42 ^ _tray_size4_7924/D3 (DFFHQNH2V2Xx1_ASAP7_75t_R)
                                693.42   data arrival time

                  0.00  680.00  680.00   clock clk (rise edge)
                          0.00  680.00   clock network delay (ideal)
                          0.00  680.00   clock reconvergence pessimism
                                680.00 ^ _tray_size4_7924/CLK (DFFHQNH2V2Xx1_ASAP7_75t_R)
                        -16.06  663.94   library setup time
                                663.94   data required time
-----------------------------------------------------------------------------
                                663.94   data required time
                               -693.42   data arrival time
-----------------------------------------------------------------------------
                                -29.48   slack (VIOLATED)



==========================================================================
detailed place report_check_types -max_slew -max_cap -max_fanout -violators
--------------------------------------------------------------------------

==========================================================================
detailed place max_slew_check_slack
--------------------------------------------------------------------------
52.80601119995117

==========================================================================
detailed place max_slew_check_limit
--------------------------------------------------------------------------
320.0

==========================================================================
detailed place max_slew_check_slack_limit
--------------------------------------------------------------------------
0.1650

==========================================================================
detailed place max_fanout_check_slack
--------------------------------------------------------------------------
0.0

==========================================================================
detailed place max_fanout_check_limit
--------------------------------------------------------------------------
10.0

==========================================================================
detailed place max_fanout_check_slack_limit
--------------------------------------------------------------------------
0.0000

==========================================================================
detailed place max_capacitance_check_slack
--------------------------------------------------------------------------
5.718275547027588

==========================================================================
detailed place max_capacitance_check_limit
--------------------------------------------------------------------------
23.040000915527344

==========================================================================
detailed place max_capacitance_check_slack_limit
--------------------------------------------------------------------------
0.2482

==========================================================================
detailed place max_slew_violation_count
--------------------------------------------------------------------------
max slew violation count 0

==========================================================================
detailed place max_fanout_violation_count
--------------------------------------------------------------------------
max fanout violation count 0

==========================================================================
detailed place max_cap_violation_count
--------------------------------------------------------------------------
max cap violation count 0

==========================================================================
detailed place setup_violation_count
--------------------------------------------------------------------------
setup violation count 34

==========================================================================
detailed place hold_violation_count
--------------------------------------------------------------------------
hold violation count 0

==========================================================================
detailed place report_checks -path_delay max reg to reg
--------------------------------------------------------------------------
Startpoint: _tray_size4_8342 (rising edge-triggered flip-flop clocked by clk)
Endpoint: _tray_size4_7924 (rising edge-triggered flip-flop clocked by clk)
Path Group: clk
Path Type: max

  Delay    Time   Description
---------------------------------------------------------
   0.00    0.00   clock clk (rise edge)
   0.00    0.00   clock network delay (ideal)
   0.00    0.00 ^ _tray_size4_8342/CLK (DFFHQNH2V2Xx1_ASAP7_75t_R)
  91.25   91.25 ^ _tray_size4_8342/QN1 (DFFHQNH2V2Xx1_ASAP7_75t_R)
  31.46  122.72 v _070552_/Y (NOR2x1_ASAP7_75t_R)
 104.36  227.08 v _110132_/SN (HAxp5_ASAP7_75t_R)
  83.26  310.34 ^ _107333_/CON (FAx1_ASAP7_75t_R)
  42.28  352.62 v _107333_/SN (FAx1_ASAP7_75t_R)
  42.66  395.28 ^ _070556_/Y (INVx1_ASAP7_75t_R)
  64.48  459.76 v _107341_/SN (FAx1_ASAP7_75t_R)
  28.15  487.91 ^ _107343_/CON (FAx1_ASAP7_75t_R)
  14.06  501.98 v _107343_/SN (FAx1_ASAP7_75t_R)
  12.29  514.26 ^ _067936_/Y (INVx1_ASAP7_75t_R)
  66.38  580.65 v _110137_/SN (HAxp5_ASAP7_75t_R)
  18.79  599.43 ^ _076984_/Y (NOR2x1_ASAP7_75t_R)
  19.35  618.78 ^ _076985_/Y (AND2x2_ASAP7_75t_R)
  16.50  635.28 ^ _076988_/Y (AND3x1_ASAP7_75t_R)
  21.36  656.65 ^ _076997_/Y (AO221x1_ASAP7_75t_R)
  24.15  680.79 ^ _076999_/Y (XOR2x2_ASAP7_75t_R)
  12.59  693.39 ^ _077001_/Y (AO21x1_ASAP7_75t_R)
   0.03  693.42 ^ _tray_size4_7924/D3 (DFFHQNH2V2Xx1_ASAP7_75t_R)
         693.42   data arrival time

 680.00  680.00   clock clk (rise edge)
   0.00  680.00   clock network delay (ideal)
   0.00  680.00   clock reconvergence pessimism
         680.00 ^ _tray_size4_7924/CLK (DFFHQNH2V2Xx1_ASAP7_75t_R)
 -16.06  663.94   library setup time
         663.94   data required time
---------------------------------------------------------
         663.94   data required time
        -693.42   data arrival time
---------------------------------------------------------
         -29.48   slack (VIOLATED)



==========================================================================
detailed place report_checks -path_delay min reg to reg
--------------------------------------------------------------------------
Startpoint: fdct_zigzag.dct_mod.dct_block_2.dct_unit_2.macu.result[3]$_DFFE_PP_
            (rising edge-triggered flip-flop clocked by clk)
Endpoint: fdct_zigzag.dct_mod.dct_block_2.dct_unit_2.macu.result[3]$_DFFE_PP_
          (rising edge-triggered flip-flop clocked by clk)
Path Group: clk
Path Type: min

  Delay    Time   Description
---------------------------------------------------------
   0.00    0.00   clock clk (rise edge)
   0.00    0.00   clock network delay (ideal)
   0.00    0.00 ^ fdct_zigzag.dct_mod.dct_block_2.dct_unit_2.macu.result[3]$_DFFE_PP_/CLK (DFFHQNx1_ASAP7_75t_R)
  36.16   36.16 ^ fdct_zigzag.dct_mod.dct_block_2.dct_unit_2.macu.result[3]$_DFFE_PP_/QN (DFFHQNx1_ASAP7_75t_R)
   7.36   43.52 v _093816_/Y (OAI21x1_ASAP7_75t_R)
   0.03   43.55 v fdct_zigzag.dct_mod.dct_block_2.dct_unit_2.macu.result[3]$_DFFE_PP_/D (DFFHQNx1_ASAP7_75t_R)
          43.55   data arrival time

   0.00    0.00   clock clk (rise edge)
   0.00    0.00   clock network delay (ideal)
   0.00    0.00   clock reconvergence pessimism
           0.00 ^ fdct_zigzag.dct_mod.dct_block_2.dct_unit_2.macu.result[3]$_DFFE_PP_/CLK (DFFHQNx1_ASAP7_75t_R)
   8.66    8.66   library hold time
           8.66   data required time
---------------------------------------------------------
           8.66   data required time
         -43.55   data arrival time
---------------------------------------------------------
          34.89   slack (MET)



==========================================================================
detailed place critical path target clock latency max path
--------------------------------------------------------------------------
0.0000

==========================================================================
detailed place critical path target clock latency min path
--------------------------------------------------------------------------
0.0000

==========================================================================
detailed place critical path source clock latency min path
--------------------------------------------------------------------------
0.0000

==========================================================================
detailed place critical path delay
--------------------------------------------------------------------------
693.4203

==========================================================================
detailed place critical path slack
--------------------------------------------------------------------------
-29.4798

==========================================================================
detailed place slack div critical path delay
--------------------------------------------------------------------------
-4.251361

==========================================================================
detailed place report_power
--------------------------------------------------------------------------
Group                  Internal  Switching    Leakage      Total
                          Power      Power      Power      Power (Watts)
----------------------------------------------------------------
Sequential             1.32e-02   3.18e-03   5.37e-07   1.64e-02  15.7%
Combinational          3.85e-02   4.95e-02   3.14e-06   8.80e-02  84.3%
Clock                  0.00e+00   0.00e+00   0.00e+00   0.00e+00   0.0%
Macro                  0.00e+00   0.00e+00   0.00e+00   0.00e+00   0.0%
Pad                    0.00e+00   0.00e+00   0.00e+00   0.00e+00   0.0%
----------------------------------------------------------------
Total                  5.17e-02   5.27e-02   3.68e-06   1.04e-01 100.0%
                          49.5%      50.5%       0.0%
