OpenROAD fe1aa0f9d0254fac87b82c886c04ee1544e46885 
Features included (+) or not (-): +GPU +GUI +Python
This program is licensed under the BSD-3 license. See the LICENSE file for details.
Components of this program may be licensed under more restrictive licenses which must be honored.
[INFO ORD-0030] Using 32 thread(s).
source /home/lucast/workspace/OR-flow-TCC/flow/platforms/asap7/liberty_suppressions.tcl
read_liberty /home/lucast/workspace/OR-flow-TCC/flow/platforms/asap7/lib/NLDM/asap7sc7p5t_AO_RVT_FF_nldm_211120.lib.gz
read_liberty /home/lucast/workspace/OR-flow-TCC/flow/platforms/asap7/lib/NLDM/asap7sc7p5t_INVBUF_RVT_FF_nldm_220122.lib.gz
read_liberty /home/lucast/workspace/OR-flow-TCC/flow/platforms/asap7/lib/NLDM/asap7sc7p5t_OA_RVT_FF_nldm_211120.lib.gz
read_liberty /home/lucast/workspace/OR-flow-TCC/flow/platforms/asap7/lib/NLDM/asap7sc7p5t_SIMPLE_RVT_FF_nldm_211120.lib.gz
read_liberty /home/lucast/workspace/OR-flow-TCC/flow/platforms/asap7/lib/NLDM/asap7sc7p5t_SEQ_RVT_FF_nldm_220123.lib
read_liberty /home/lucast/workspace/OR-flow-TCC/flow/platforms/asap7/lib/NLDM/asap7sc7p5t_DFFHQNH2V2X_RVT_TT_nldm_FAKE.lib
read_liberty /home/lucast/workspace/OR-flow-TCC/flow/platforms/asap7/lib/NLDM/asap7sc7p5t_DFFHQNV2X_RVT_TT_nldm_FAKE.lib
read_db ./results/asap7/aes-mbff-tcc-v1/baseline_alpha_2-beta_0.1/5_1_grt.odb
source /home/lucast/workspace/OR-flow-TCC/flow/platforms/asap7/setRC.tcl
detailed_route -output_drc ./reports/asap7/aes-mbff-tcc-v1/baseline_alpha_2-beta_0.1/5_route_drc.rpt -output_maze ./results/asap7/aes-mbff-tcc-v1/baseline_alpha_2-beta_0.1/maze.log -droute_end_iter 64 -verbose 1 -drc_report_iter_step 5
[INFO DRT-0149] Reading tech and libs.

Units:                1000
Number of layers:     21
Number of macros:     230
Number of vias:       14
Number of viarulegen: 11

[INFO DRT-0150] Reading design.

Design:                   aes_cipher_top
Die area:                 ( 0 0 ) ( 68348 68348 )
Number of track patterns: 32
Number of DEF vias:       0
Number of components:     18025
Number of terminals:      390
Number of snets:          2
Number of nets:           17862

[INFO DRT-0167] List of default vias:
  Layer V2
    default via: VIA23
  Layer V3
    default via: VIA34
  Layer V4
    default via: VIA45
  Layer V5
    default via: VIA56
  Layer V6
    default via: VIA67
  Layer V7
    default via: VIA78
  Layer V8
    default via: VIA89
  Layer V9
    default via: VIA9Pad
[INFO DRT-0162] Library cell analysis.
[INFO DRT-0163] Instance analysis.
[INFO DRT-0164] Number of unique instances = 221.
[INFO DRT-0168] Init region query.
[INFO DRT-0024]   Complete Active.
[INFO DRT-0024]   Complete V0.
[INFO DRT-0024]   Complete M1.
[INFO DRT-0024]   Complete V1.
[INFO DRT-0024]   Complete M2.
[INFO DRT-0024]   Complete V2.
[INFO DRT-0024]   Complete M3.
[INFO DRT-0024]   Complete V3.
[INFO DRT-0024]   Complete M4.
[INFO DRT-0024]   Complete V4.
[INFO DRT-0024]   Complete M5.
[INFO DRT-0024]   Complete V5.
[INFO DRT-0024]   Complete M6.
[INFO DRT-0024]   Complete V6.
[INFO DRT-0024]   Complete M7.
[INFO DRT-0024]   Complete V7.
[INFO DRT-0024]   Complete M8.
[INFO DRT-0024]   Complete V8.
[INFO DRT-0024]   Complete M9.
[INFO DRT-0024]   Complete V9.
[INFO DRT-0024]   Complete Pad.
[INFO DRT-0033] Active shape region query size = 0.
[INFO DRT-0033] V0 shape region query size = 0.
[INFO DRT-0033] M1 shape region query size = 260089.
[INFO DRT-0033] V1 shape region query size = 430006.
[INFO DRT-0033] M2 shape region query size = 5085.
[INFO DRT-0033] V2 shape region query size = 8600.
[INFO DRT-0033] M3 shape region query size = 8584.
[INFO DRT-0033] V3 shape region query size = 5712.
[INFO DRT-0033] M4 shape region query size = 5935.
[INFO DRT-0033] V4 shape region query size = 5712.
[INFO DRT-0033] M5 shape region query size = 3333.
[INFO DRT-0033] V5 shape region query size = 576.
[INFO DRT-0033] M6 shape region query size = 336.
[INFO DRT-0033] V6 shape region query size = 0.
[INFO DRT-0033] M7 shape region query size = 0.
[INFO DRT-0033] V7 shape region query size = 0.
[INFO DRT-0033] M8 shape region query size = 0.
[INFO DRT-0033] V8 shape region query size = 0.
[INFO DRT-0033] M9 shape region query size = 0.
[INFO DRT-0033] V9 shape region query size = 0.
[INFO DRT-0033] Pad shape region query size = 0.
[INFO DRT-0165] Start pin access.
[INFO DRT-0076]   Complete 1000 pins.
[INFO DRT-0078]   Complete 1197 pins.
[INFO DRT-0079]   Complete 100 unique inst patterns.
[INFO DRT-0079]   Complete 200 unique inst patterns.
[INFO DRT-0081]   Complete 221 unique inst patterns.
[INFO DRT-0082]   Complete 10000 groups.
[INFO DRT-0084]   Complete 10549 groups.
#scanned instances     = 18025
#unique  instances     = 221
#stdCellGenAp          = 7374
#stdCellValidPlanarAp  = 47
#stdCellValidViaAp     = 5426
#stdCellPinNoAp        = 0
#stdCellPinCnt         = 54920
#instTermValidViaApCnt = 0
#macroGenAp            = 0
#macroValidPlanarAp    = 0
#macroValidViaAp       = 0
#macroNoAp             = 0
[INFO DRT-0166] Complete pin access.
[INFO DRT-0267] cpu time = 00:04:07, elapsed time = 00:00:12, memory = 448.18 (MB), peak = 444.29 (MB)
[INFO DRT-0156] guideIn read 100000 guides.

[INFO DRT-0157] Number of guides:     139940

[INFO DRT-0169] Post process guides.
[INFO DRT-0176] GCELLGRID X 0 DO 119 STEP 570 ;
[INFO DRT-0177] GCELLGRID Y 0 DO 119 STEP 570 ;
[INFO DRT-0026]   Complete 100000 origin guides.
[INFO DRT-0028]   Complete Active.
[INFO DRT-0028]   Complete V0.
[INFO DRT-0028]   Complete M1.
[INFO DRT-0028]   Complete V1.
[INFO DRT-0028]   Complete M2.
[INFO DRT-0028]   Complete V2.
[INFO DRT-0028]   Complete M3.
[INFO DRT-0028]   Complete V3.
[INFO DRT-0028]   Complete M4.
[INFO DRT-0028]   Complete V4.
[INFO DRT-0028]   Complete M5.
[INFO DRT-0028]   Complete V5.
[INFO DRT-0028]   Complete M6.
[INFO DRT-0028]   Complete V6.
[INFO DRT-0028]   Complete M7.
[INFO DRT-0028]   Complete V7.
[INFO DRT-0028]   Complete M8.
[INFO DRT-0028]   Complete V8.
[INFO DRT-0028]   Complete M9.
[INFO DRT-0028]   Complete V9.
[INFO DRT-0028]   Complete Pad.
[INFO DRT-0178] Init guide query.
[INFO DRT-0035]   Complete Active (guide).
[INFO DRT-0035]   Complete V0 (guide).
[INFO DRT-0035]   Complete M1 (guide).
[INFO DRT-0035]   Complete V1 (guide).
[INFO DRT-0035]   Complete M2 (guide).
[INFO DRT-0035]   Complete V2 (guide).
[INFO DRT-0035]   Complete M3 (guide).
[INFO DRT-0035]   Complete V3 (guide).
[INFO DRT-0035]   Complete M4 (guide).
[INFO DRT-0035]   Complete V4 (guide).
[INFO DRT-0035]   Complete M5 (guide).
[INFO DRT-0035]   Complete V5 (guide).
[INFO DRT-0035]   Complete M6 (guide).
[INFO DRT-0035]   Complete V6 (guide).
[INFO DRT-0035]   Complete M7 (guide).
[INFO DRT-0035]   Complete V7 (guide).
[INFO DRT-0035]   Complete M8 (guide).
[INFO DRT-0035]   Complete V8 (guide).
[INFO DRT-0035]   Complete M9 (guide).
[INFO DRT-0035]   Complete V9 (guide).
[INFO DRT-0035]   Complete Pad (guide).
[INFO DRT-0036] Active guide region query size = 0.
[INFO DRT-0036] V0 guide region query size = 0.
[INFO DRT-0036] M1 guide region query size = 47257.
[INFO DRT-0036] V1 guide region query size = 0.
[INFO DRT-0036] M2 guide region query size = 41420.
[INFO DRT-0036] V2 guide region query size = 0.
[INFO DRT-0036] M3 guide region query size = 21891.
[INFO DRT-0036] V3 guide region query size = 0.
[INFO DRT-0036] M4 guide region query size = 1779.
[INFO DRT-0036] V4 guide region query size = 0.
[INFO DRT-0036] M5 guide region query size = 508.
[INFO DRT-0036] V5 guide region query size = 0.
[INFO DRT-0036] M6 guide region query size = 20.
[INFO DRT-0036] V6 guide region query size = 0.
[INFO DRT-0036] M7 guide region query size = 8.
[INFO DRT-0036] V7 guide region query size = 0.
[INFO DRT-0036] M8 guide region query size = 0.
[INFO DRT-0036] V8 guide region query size = 0.
[INFO DRT-0036] M9 guide region query size = 0.
[INFO DRT-0036] V9 guide region query size = 0.
[INFO DRT-0036] Pad guide region query size = 0.
[INFO DRT-0179] Init gr pin query.
[INFO DRT-0267] cpu time = 00:00:00, elapsed time = 00:00:00, memory = 489.11 (MB), peak = 485.04 (MB)
[INFO DRT-0245] skipped writing guide updates to database.
[INFO DRT-0185] Post process initialize RPin region query.
[INFO DRT-0181] Start track assignment.
[INFO DRT-0184] Done with 69664 vertical wires in 3 frboxes and 43219 horizontal wires in 3 frboxes.
[INFO DRT-0186] Done with 8800 vertical wires in 3 frboxes and 13308 horizontal wires in 3 frboxes.
[INFO DRT-0182] Complete track assignment.
[INFO DRT-0267] cpu time = 00:00:04, elapsed time = 00:00:02, memory = 902.68 (MB), peak = 898.84 (MB)
[INFO DRT-0187] Start routing data preparation.
[INFO DRT-0267] cpu time = 00:00:00, elapsed time = 00:00:00, memory = 902.68 (MB), peak = 898.84 (MB)
[INFO DRT-0194] Start detail routing.
[INFO DRT-0195] Start 0th optimization iteration.
    Completing 10% with 0 violations.
    elapsed time = 00:00:02, memory = 7624.55 (MB).
    Completing 20% with 0 violations.
    elapsed time = 00:00:03, memory = 6803.62 (MB).
    Completing 30% with 461 violations.
    elapsed time = 00:00:06, memory = 8385.40 (MB).
    Completing 40% with 461 violations.
    elapsed time = 00:00:09, memory = 8995.49 (MB).
    Completing 50% with 461 violations.
    elapsed time = 00:00:11, memory = 5158.25 (MB).
    Completing 60% with 827 violations.
    elapsed time = 00:00:16, memory = 9770.89 (MB).
    Completing 70% with 827 violations.
    elapsed time = 00:00:18, memory = 8654.68 (MB).
    Completing 80% with 1111 violations.
    elapsed time = 00:00:23, memory = 10737.83 (MB).
    Completing 90% with 1111 violations.
    elapsed time = 00:00:29, memory = 10876.38 (MB).
    Completing 100% with 1360 violations.
    elapsed time = 00:00:33, memory = 5027.33 (MB).
[INFO DRT-0199]   Number of violations = 2203.
Viol/Layer          M1     M2     V2     M3     V3     M4     V4     M5
CutSpcTbl            0      0      0      0      8      0      4      0
EOL                  0     92      0     40      0      4      0      0
Metal Spacing       53     40      0    210      0      4      0      1
Recheck              1    496      0    257      0     69      0     20
Short                0    224      4     42      0      6      2     14
eolKeepOut           0    474      0    120      0     15      0      3
[INFO DRT-0267] cpu time = 00:12:29, elapsed time = 00:00:33, memory = 5420.18 (MB), peak = 11549.27 (MB)
Total wire length = 65525 um.
Total wire length on LAYER M1 = 0 um.
Total wire length on LAYER M2 = 19613 um.
Total wire length on LAYER M3 = 29235 um.
Total wire length on LAYER M4 = 13286 um.
Total wire length on LAYER M5 = 3145 um.
Total wire length on LAYER M6 = 133 um.
Total wire length on LAYER M7 = 112 um.
Total wire length on LAYER M8 = 0 um.
Total wire length on LAYER M9 = 0 um.
Total wire length on LAYER Pad = 0 um.
Total number of vias = 163887.
Up-via summary (total 163887):

-----------------
 Active         0
     M1     54672
     M2     91359
     M3     16186
     M4      1601
     M5        51
     M6        18
     M7         0
     M8         0
     M9         0
-----------------
       163887


[INFO DRT-0195] Start 1st optimization iteration.
    Completing 10% with 2203 violations.
    elapsed time = 00:00:04, memory = 12229.61 (MB).
    Completing 20% with 2203 violations.
    elapsed time = 00:00:07, memory = 9147.39 (MB).
    Completing 30% with 1555 violations.
    elapsed time = 00:00:12, memory = 11689.34 (MB).
    Completing 40% with 1555 violations.
    elapsed time = 00:00:16, memory = 11912.92 (MB).
    Completing 50% with 1555 violations.
    elapsed time = 00:00:19, memory = 5799.05 (MB).
    Completing 60% with 1134 violations.
    elapsed time = 00:00:25, memory = 12465.69 (MB).
    Completing 70% with 1134 violations.
    elapsed time = 00:00:27, memory = 9299.80 (MB).
    Completing 80% with 590 violations.
    elapsed time = 00:00:33, memory = 12222.89 (MB).
    Completing 90% with 590 violations.
    elapsed time = 00:00:36, memory = 12072.10 (MB).
    Completing 100% with 174 violations.
    elapsed time = 00:00:39, memory = 6077.23 (MB).
[INFO DRT-0199]   Number of violations = 174.
Viol/Layer          M1     M2     M3     V3     V4
CutSpcTbl            0      0      0      5      1
EOL                  0      9      3      0      0
Metal Spacing       12      0     71      0      0
Recheck              0      3      1      0      0
Short                0      5     15      0      0
eolKeepOut           0     33     16      0      0
[INFO DRT-0267] cpu time = 00:15:09, elapsed time = 00:00:40, memory = 6015.45 (MB), peak = 12858.54 (MB)
Total wire length = 64987 um.
Total wire length on LAYER M1 = 0 um.
Total wire length on LAYER M2 = 18592 um.
Total wire length on LAYER M3 = 29028 um.
Total wire length on LAYER M4 = 13938 um.
Total wire length on LAYER M5 = 3178 um.
Total wire length on LAYER M6 = 138 um.
Total wire length on LAYER M7 = 111 um.
Total wire length on LAYER M8 = 0 um.
Total wire length on LAYER M9 = 0 um.
Total wire length on LAYER Pad = 0 um.
Total number of vias = 159104.
Up-via summary (total 159104):

-----------------
 Active         0
     M1     54646
     M2     86935
     M3     15729
     M4      1732
     M5        46
     M6        16
     M7         0
     M8         0
     M9         0
-----------------
       159104


[INFO DRT-0195] Start 2nd optimization iteration.
    Completing 10% with 174 violations.
    elapsed time = 00:00:00, memory = 6015.45 (MB).
    Completing 20% with 174 violations.
    elapsed time = 00:00:03, memory = 9406.28 (MB).
    Completing 30% with 149 violations.
    elapsed time = 00:00:05, memory = 6015.45 (MB).
    Completing 40% with 149 violations.
    elapsed time = 00:00:05, memory = 6015.45 (MB).
    Completing 50% with 149 violations.
    elapsed time = 00:00:10, memory = 6015.45 (MB).
    Completing 60% with 107 violations.
    elapsed time = 00:00:11, memory = 6015.45 (MB).
    Completing 70% with 107 violations.
    elapsed time = 00:00:14, memory = 9578.50 (MB).
    Completing 80% with 81 violations.
    elapsed time = 00:00:16, memory = 6012.51 (MB).
    Completing 90% with 81 violations.
    elapsed time = 00:00:16, memory = 6012.51 (MB).
    Completing 100% with 65 violations.
    elapsed time = 00:00:20, memory = 6012.51 (MB).
[INFO DRT-0199]   Number of violations = 65.
Viol/Layer          M1     M2     M3     V3     M4     V4
CutSpcTbl            0      0      0      1      0      1
EOL                  0      1      0      0      1      0
Metal Spacing        8      1     29      0      0      0
Short                0      0      8      0      0      0
eolKeepOut           0     12      0      0      3      0
[INFO DRT-0267] cpu time = 00:05:09, elapsed time = 00:00:21, memory = 6012.51 (MB), peak = 12858.54 (MB)
Total wire length = 64898 um.
Total wire length on LAYER M1 = 0 um.
Total wire length on LAYER M2 = 18549 um.
Total wire length on LAYER M3 = 29001 um.
Total wire length on LAYER M4 = 13895 um.
Total wire length on LAYER M5 = 3190 um.
Total wire length on LAYER M6 = 150 um.
Total wire length on LAYER M7 = 111 um.
Total wire length on LAYER M8 = 0 um.
Total wire length on LAYER M9 = 0 um.
Total wire length on LAYER Pad = 0 um.
Total number of vias = 158353.
Up-via summary (total 158353):

-----------------
 Active         0
     M1     54644
     M2     86375
     M3     15543
     M4      1723
     M5        52
     M6        16
     M7         0
     M8         0
     M9         0
-----------------
       158353


[INFO DRT-0195] Start 3rd guides tiles iteration.
    Completing 10% with 65 violations.
    elapsed time = 00:00:00, memory = 6515.77 (MB).
    Completing 20% with 47 violations.
    elapsed time = 00:00:01, memory = 6012.51 (MB).
    Completing 30% with 47 violations.
    elapsed time = 00:00:01, memory = 6510.58 (MB).
    Completing 40% with 39 violations.
    elapsed time = 00:00:02, memory = 6012.51 (MB).
    Completing 50% with 39 violations.
    elapsed time = 00:00:03, memory = 6158.89 (MB).
    Completing 60% with 35 violations.
    elapsed time = 00:00:03, memory = 6299.49 (MB).
    Completing 70% with 26 violations.
    elapsed time = 00:00:04, memory = 6276.44 (MB).
    Completing 80% with 20 violations.
    elapsed time = 00:00:06, memory = 5983.22 (MB).
    Completing 90% with 12 violations.
    elapsed time = 00:00:07, memory = 5983.22 (MB).
    Completing 100% with 3 violations.
    elapsed time = 00:00:09, memory = 5983.22 (MB).
[INFO DRT-0199]   Number of violations = 3.
Viol/Layer          M1     M3     V4
CutSpcTbl            0      0      1
Metal Spacing        1      1      0
[INFO DRT-0267] cpu time = 00:00:32, elapsed time = 00:00:09, memory = 5983.22 (MB), peak = 12858.54 (MB)
Total wire length = 64902 um.
Total wire length on LAYER M1 = 0 um.
Total wire length on LAYER M2 = 18539 um.
Total wire length on LAYER M3 = 28989 um.
Total wire length on LAYER M4 = 13907 um.
Total wire length on LAYER M5 = 3202 um.
Total wire length on LAYER M6 = 152 um.
Total wire length on LAYER M7 = 111 um.
Total wire length on LAYER M8 = 0 um.
Total wire length on LAYER M9 = 0 um.
Total wire length on LAYER Pad = 0 um.
Total number of vias = 158400.
Up-via summary (total 158400):

-----------------
 Active         0
     M1     54644
     M2     86351
     M3     15577
     M4      1754
     M5        58
     M6        16
     M7         0
     M8         0
     M9         0
-----------------
       158400


[INFO DRT-0195] Start 4th guides tiles iteration.
    Completing 50% with 3 violations.
    elapsed time = 00:00:00, memory = 5983.22 (MB).
    Completing 100% with 3 violations.
    elapsed time = 00:00:01, memory = 5983.22 (MB).
[INFO DRT-0199]   Number of violations = 3.
Viol/Layer          M1     M3     V4
CutSpcTbl            0      0      1
Metal Spacing        1      1      0
[INFO DRT-0267] cpu time = 00:00:01, elapsed time = 00:00:01, memory = 5983.22 (MB), peak = 12858.54 (MB)
Total wire length = 64902 um.
Total wire length on LAYER M1 = 0 um.
Total wire length on LAYER M2 = 18539 um.
Total wire length on LAYER M3 = 28989 um.
Total wire length on LAYER M4 = 13907 um.
Total wire length on LAYER M5 = 3202 um.
Total wire length on LAYER M6 = 152 um.
Total wire length on LAYER M7 = 111 um.
Total wire length on LAYER M8 = 0 um.
Total wire length on LAYER M9 = 0 um.
Total wire length on LAYER Pad = 0 um.
Total number of vias = 158400.
Up-via summary (total 158400):

-----------------
 Active         0
     M1     54644
     M2     86351
     M3     15577
     M4      1754
     M5        58
     M6        16
     M7         0
     M8         0
     M9         0
-----------------
       158400


[INFO DRT-0195] Start 5th stubborn tiles iteration.
    Completing 10% with 3 violations.
    elapsed time = 00:00:02, memory = 10386.64 (MB).
    Completing 20% with 3 violations.
    elapsed time = 00:00:02, memory = 9060.16 (MB).
    Completing 30% with 3 violations.
    elapsed time = 00:00:04, memory = 12739.76 (MB).
    Completing 40% with 3 violations.
    elapsed time = 00:00:06, memory = 13243.13 (MB).
    Completing 50% with 3 violations.
    elapsed time = 00:00:08, memory = 15124.61 (MB).
    Completing 60% with 3 violations.
    elapsed time = 00:00:09, memory = 15602.61 (MB).
    Completing 70% with 3 violations.
    elapsed time = 00:00:10, memory = 15435.96 (MB).
    Completing 80% with 3 violations.
    elapsed time = 00:00:11, memory = 16000.04 (MB).
    Completing 90% with 3 violations.
    elapsed time = 00:00:12, memory = 13291.17 (MB).
    Completing 100% with 0 violations.
    elapsed time = 00:00:15, memory = 10501.98 (MB).
[INFO DRT-0199]   Number of violations = 0.
[INFO DRT-0267] cpu time = 00:06:16, elapsed time = 00:00:15, memory = 10504.16 (MB), peak = 16704.56 (MB)
Total wire length = 64903 um.
Total wire length on LAYER M1 = 0 um.
Total wire length on LAYER M2 = 18539 um.
Total wire length on LAYER M3 = 28989 um.
Total wire length on LAYER M4 = 13908 um.
Total wire length on LAYER M5 = 3202 um.
Total wire length on LAYER M6 = 152 um.
Total wire length on LAYER M7 = 111 um.
Total wire length on LAYER M8 = 0 um.
Total wire length on LAYER M9 = 0 um.
Total wire length on LAYER Pad = 0 um.
Total number of vias = 158406.
Up-via summary (total 158406):

-----------------
 Active         0
     M1     54644
     M2     86353
     M3     15577
     M4      1758
     M5        58
     M6        16
     M7         0
     M8         0
     M9         0
-----------------
       158406


[INFO DRT-0198] Complete detail routing.
Total wire length = 64903 um.
Total wire length on LAYER M1 = 0 um.
Total wire length on LAYER M2 = 18539 um.
Total wire length on LAYER M3 = 28989 um.
Total wire length on LAYER M4 = 13908 um.
Total wire length on LAYER M5 = 3202 um.
Total wire length on LAYER M6 = 152 um.
Total wire length on LAYER M7 = 111 um.
Total wire length on LAYER M8 = 0 um.
Total wire length on LAYER M9 = 0 um.
Total wire length on LAYER Pad = 0 um.
Total number of vias = 158406.
Up-via summary (total 158406):

-----------------
 Active         0
     M1     54644
     M2     86353
     M3     15577
     M4      1758
     M5        58
     M6        16
     M7         0
     M8         0
     M9         0
-----------------
       158406


[INFO DRT-0267] cpu time = 00:39:38, elapsed time = 00:02:00, memory = 10504.16 (MB), peak = 16704.56 (MB)

[INFO DRT-0180] Post processing.
Took 136 seconds: detailed_route -output_drc ./reports/asap7/aes-mbff-tcc-v1/baseline_alpha_2-beta_0.1/5_route_drc.rpt -output_maze ./results/asap7/aes-mbff-tcc-v1/baseline_alpha_2-beta_0.1/maze.log -droute_end_iter 64 -verbose 1 -drc_report_iter_step 5
[WARNING GRT-0246] No diode with LEF class CORE ANTENNACELL found.
[INFO ANT-0002] Found 0 net violations.
[INFO ANT-0001] Found 0 pin violations.
[INFO ANT-0002] Found 0 net violations.
[INFO ANT-0001] Found 0 pin violations.
write_db ./results/asap7/aes-mbff-tcc-v1/baseline_alpha_2-beta_0.1/5_2_route.odb
Elapsed time: 2:17.84[h:]min:sec. CPU time: user 2551.35 sys 105.92 (1927%). Peak memory: 17105472KB.
Log                        Elapsed/s Peak Memory/MB  sha1sum .odb [0:20)
5_2_route                        137          16704 d26232a3c1c2635aab91
