OpenROAD ee3d65ce03b2656092ed62bf9205c5c11049c575 
Features included (+) or not (-): +GPU +GUI +Python
This program is licensed under the BSD-3 license. See the LICENSE file for details.
Components of this program may be licensed under more restrictive licenses which must be honored.
[INFO ORD-0030] Using 32 thread(s).
source /home/lucast/workspace/OR-flow-TCC/flow/platforms/asap7/liberty_suppressions.tcl
read_liberty /home/lucast/workspace/OR-flow-TCC/flow/platforms/asap7/lib/NLDM/asap7sc7p5t_AO_RVT_FF_nldm_211120.lib.gz
read_liberty /home/lucast/workspace/OR-flow-TCC/flow/platforms/asap7/lib/NLDM/asap7sc7p5t_INVBUF_RVT_FF_nldm_220122.lib.gz
read_liberty /home/lucast/workspace/OR-flow-TCC/flow/platforms/asap7/lib/NLDM/asap7sc7p5t_OA_RVT_FF_nldm_211120.lib.gz
read_liberty /home/lucast/workspace/OR-flow-TCC/flow/platforms/asap7/lib/NLDM/asap7sc7p5t_SIMPLE_RVT_FF_nldm_211120.lib.gz
read_liberty /home/lucast/workspace/OR-flow-TCC/flow/platforms/asap7/lib/NLDM/asap7sc7p5t_SEQ_RVT_FF_nldm_220123.lib
read_liberty /home/lucast/workspace/OR-flow-TCC/flow/platforms/asap7/lib/NLDM/asap7sc7p5t_DFFHQNH2V2X_RVT_TT_nldm_FAKE.lib
read_liberty /home/lucast/workspace/OR-flow-TCC/flow/platforms/asap7/lib/NLDM/asap7sc7p5t_DFFHQNV2X_RVT_TT_nldm_FAKE.lib
read_db ./results/asap7/riscv32i-mock-sram_fakeram7_256x32/modified_alpha_2-beta_0.1/4_cts.odb
source /home/lucast/workspace/OR-flow-TCC/flow/platforms/asap7/setRC.tcl
pin_access
[INFO DRT-0149] Reading tech and libs.

Units:                1000
Number of layers:     21
Number of macros:     230
Number of vias:       14
Number of viarulegen: 11

[INFO DRT-0150] Reading design.

Design:                   fakeram7_256x32
Die area:                 ( 0 0 ) ( 5802 32416 )
Number of track patterns: 32
Number of DEF vias:       0
Number of components:     745
Number of terminals:      77
Number of snets:          2
Number of nets:           561

[INFO DRT-0167] List of default vias:
  Layer V2
    default via: VIA23
  Layer V3
    default via: VIA34
  Layer V4
    default via: VIA45
  Layer V5
    default via: VIA56
  Layer V6
    default via: VIA67
  Layer V7
    default via: VIA78
  Layer V8
    default via: VIA89
  Layer V9
    default via: VIA9Pad
[INFO DRT-0162] Library cell analysis.
[INFO DRT-0163] Instance analysis.
[INFO DRT-0164] Number of unique instances = 84.
[INFO DRT-0168] Init region query.
[INFO DRT-0024]   Complete Active.
[INFO DRT-0024]   Complete V0.
[INFO DRT-0024]   Complete M1.
[INFO DRT-0024]   Complete V1.
[INFO DRT-0024]   Complete M2.
[INFO DRT-0024]   Complete V2.
[INFO DRT-0024]   Complete M3.
[INFO DRT-0024]   Complete V3.
[INFO DRT-0024]   Complete M4.
[INFO DRT-0024]   Complete V4.
[INFO DRT-0024]   Complete M5.
[INFO DRT-0024]   Complete V5.
[INFO DRT-0024]   Complete M6.
[INFO DRT-0024]   Complete V6.
[INFO DRT-0024]   Complete M7.
[INFO DRT-0024]   Complete V7.
[INFO DRT-0024]   Complete M8.
[INFO DRT-0024]   Complete V8.
[INFO DRT-0024]   Complete M9.
[INFO DRT-0024]   Complete V9.
[INFO DRT-0024]   Complete Pad.
[INFO DRT-0033] Active shape region query size = 0.
[INFO DRT-0033] V0 shape region query size = 0.
[INFO DRT-0033] M1 shape region query size = 10871.
[INFO DRT-0033] V1 shape region query size = 12518.
[INFO DRT-0033] M2 shape region query size = 636.
[INFO DRT-0033] V2 shape region query size = 345.
[INFO DRT-0033] M3 shape region query size = 342.
[INFO DRT-0033] V3 shape region query size = 226.
[INFO DRT-0033] M4 shape region query size = 317.
[INFO DRT-0033] V4 shape region query size = 274.
[INFO DRT-0033] M5 shape region query size = 137.
[INFO DRT-0033] V5 shape region query size = 0.
[INFO DRT-0033] M6 shape region query size = 0.
[INFO DRT-0033] V6 shape region query size = 0.
[INFO DRT-0033] M7 shape region query size = 0.
[INFO DRT-0033] V7 shape region query size = 0.
[INFO DRT-0033] M8 shape region query size = 0.
[INFO DRT-0033] V8 shape region query size = 0.
[INFO DRT-0033] M9 shape region query size = 0.
[INFO DRT-0033] V9 shape region query size = 0.
[INFO DRT-0033] Pad shape region query size = 0.
[INFO DRT-0165] Start pin access.
[INFO DRT-0078]   Complete 391 pins.
[INFO DRT-0081]   Complete 84 unique inst patterns.
[INFO DRT-0084]   Complete 283 groups.
#scanned instances     = 745
#unique  instances     = 84
#stdCellGenAp          = 2146
#stdCellValidPlanarAp  = 0
#stdCellValidViaAp     = 1840
#stdCellPinNoAp        = 0
#stdCellPinCnt         = 1537
#instTermValidViaApCnt = 0
#macroGenAp            = 0
#macroValidPlanarAp    = 0
#macroValidViaAp       = 0
#macroNoAp             = 0
[INFO DRT-0166] Complete pin access.
[INFO DRT-0267] cpu time = 00:00:14, elapsed time = 00:00:01, memory = 208.66 (MB), peak = 203.10 (MB)
global_route -congestion_report_file ./reports/asap7/riscv32i-mock-sram_fakeram7_256x32/modified_alpha_2-beta_0.1/congestion.rpt -congestion_iterations 30 -congestion_report_iter_step 5 -verbose
[INFO GRT-0020] Min routing layer: M2
[INFO GRT-0021] Max routing layer: M4
[INFO GRT-0022] Global adjustment: 0%
[INFO GRT-0023] Grid origin: (0, 0)
[INFO GRT-0088] Layer M1      Track-Pitch = 0.0360  line-2-Via Pitch: 0.0360
[INFO GRT-0088] Layer M2      Track-Pitch = 0.0390  line-2-Via Pitch: 0.0360
[INFO GRT-0088] Layer M3      Track-Pitch = 0.0360  line-2-Via Pitch: 0.0360
[INFO GRT-0088] Layer M4      Track-Pitch = 0.0480  line-2-Via Pitch: 0.0480
[INFO GRT-0003] Macros: 0
[INFO GRT-0004] Blockages: 291
[INFO GRT-0019] Found 10 clock nets.
[INFO GRT-0001] Minimum degree: 2
[INFO GRT-0002] Maximum degree: 36

[INFO GRT-0053] Routing resources analysis:
          Routing      Original      Derated      Resource
Layer     Direction    Resources     Resources    Reduction (%)
---------------------------------------------------------------
M1         Vertical            0             0          0.00%
M2         Horizontal       6339          4595          27.51%
M3         Vertical         8533          6332          25.79%
M4         Horizontal       5860          4347          25.82%
---------------------------------------------------------------

[INFO GRT-0197] Via related to pin nodes: 2809
[INFO GRT-0198] Via related Steiner nodes: 53
[INFO GRT-0199] Via filling finished.
[INFO GRT-0111] Final number of vias: 3526
[INFO GRT-0112] Final usage 3D: 12520

[INFO GRT-0096] Final congestion report:
Layer         Resource        Demand        Usage (%)    Max H / Max V / Total Overflow
---------------------------------------------------------------------------------------
M1                   0             0            0.00%             0 /  0 /  0
M2                4595           822           17.89%             0 /  0 /  0
M3                6332          1079           17.04%             0 /  0 /  0
M4                4347            41            0.94%             0 /  0 /  0
---------------------------------------------------------------------------------------
Total            15274          1942           12.71%             0 /  0 /  0

[INFO GRT-0018] Total wirelength: 1761 um
[INFO GRT-0014] Routed nets: 561
[INFO GRT-0303] Global routing runtime = 00:00:00
estimate_parasitics -global_routing
Perform buffer insertion and gate resizing...
repair_design -verbose
Iteration |   Area    | Resized | Buffers | Nets repaired | Remaining
---------------------------------------------------------------------
        0 |     +0.0% |       0 |       0 |             0 |       567
       10 |     +0.0% |       0 |       0 |             0 |       557
       20 |     +0.0% |       0 |       0 |             0 |       547
       30 |     +0.0% |       0 |       0 |             0 |       537
       40 |     +0.0% |       0 |       0 |             0 |       527
       50 |     +0.0% |       0 |       0 |             0 |       517
       60 |     +0.0% |       0 |       0 |             0 |       507
       70 |     +0.0% |       0 |       0 |             0 |       497
       80 |     +0.0% |       0 |       0 |             0 |       487
       90 |     +0.0% |       0 |       0 |             0 |       477
      100 |     +0.0% |       0 |       0 |             0 |       467
      110 |     +0.0% |       0 |       0 |             0 |       457
      120 |     +0.0% |       0 |       0 |             0 |       447
      130 |     +0.0% |       0 |       0 |             0 |       437
      140 |     +0.0% |       0 |       0 |             0 |       427
      150 |     +0.0% |       0 |       0 |             0 |       417
      160 |     +0.0% |       0 |       0 |             0 |       407
      170 |     +0.0% |       0 |       0 |             0 |       397
      180 |     +0.0% |       0 |       0 |             0 |       387
      190 |     +0.0% |       0 |       0 |             0 |       377
      200 |     +0.0% |       0 |       0 |             0 |       367
      210 |     +0.0% |       0 |       0 |             0 |       357
      220 |     +0.0% |       0 |       0 |             0 |       347
      230 |     +0.0% |       0 |       0 |             0 |       337
      240 |     +0.0% |       0 |       0 |             0 |       327
      250 |     +0.0% |       0 |       0 |             0 |       317
      260 |     +0.0% |       0 |       0 |             0 |       307
      270 |     +0.0% |       0 |       0 |             0 |       297
      280 |     +0.0% |       0 |       0 |             0 |       287
      290 |     +0.0% |       0 |       0 |             0 |       277
      300 |     +0.0% |       0 |       0 |             0 |       267
      310 |     +0.0% |       0 |       0 |             0 |       257
      320 |     +0.0% |       0 |       0 |             0 |       247
      330 |     +0.0% |       0 |       0 |             0 |       237
      340 |     +0.0% |       0 |       0 |             0 |       227
      350 |     +0.0% |       0 |       0 |             0 |       217
      360 |     +0.0% |       0 |       0 |             0 |       207
      370 |     +0.0% |       0 |       0 |             0 |       197
      380 |     +0.0% |       0 |       0 |             0 |       187
      390 |     +0.0% |       0 |       0 |             0 |       177
      400 |     +0.0% |       0 |       0 |             0 |       167
      410 |     +0.0% |       0 |       0 |             0 |       157
      420 |     +0.0% |       0 |       0 |             0 |       147
      430 |     +0.0% |       0 |       0 |             0 |       137
      440 |     +0.0% |       0 |       0 |             0 |       127
      450 |     +0.0% |       0 |       0 |             0 |       117
      460 |     +0.0% |       0 |       0 |             0 |       107
      470 |     +0.0% |       0 |       0 |             0 |        97
      480 |     +0.0% |       0 |       0 |             0 |        87
      490 |     +0.0% |       0 |       0 |             0 |        77
      500 |     +0.0% |       0 |       0 |             0 |        67
      510 |     +0.0% |       0 |       0 |             0 |        57
      520 |     +0.0% |       0 |       0 |             0 |        47
      530 |     +0.0% |       0 |       0 |             0 |        37
      540 |     +0.0% |       0 |       0 |             0 |        27
      550 |     +0.0% |       0 |       0 |             0 |        17
      560 |     +0.0% |       0 |       0 |             0 |         7
    final |     +0.0% |       0 |       0 |             0 |         0
---------------------------------------------------------------------
global_route -start_incremental
detailed_placement
[INFO DPL-0005] Max displacement: +/- 500 sites horizontally, +/- 100 rows vertically.
Movements Summary
---------------------------------------
Total cells:                     521
Diamond Move Success:            521 (100.00%)
Diamond Move Failure:              0
Rip-up and replace Success:        0 (  0.00% of diamond failures)
Rip-up and replace Failure:        0
Total Placement Failures:          0
---------------------------------------
Placement Analysis
---------------------------------
total displacement          0.0 u
average displacement        0.0 u
max displacement            0.0 u
original HPWL             992.9 u
legalized HPWL            992.9 u
delta HPWL                    0 %

global_route -end_incremental -congestion_report_file ./reports/asap7/riscv32i-mock-sram_fakeram7_256x32/modified_alpha_2-beta_0.1/congestion_post_repair_design.rpt
Repair setup and hold violations...
estimate_parasitics -global_routing
repair_timing -setup_margin 0 -hold_margin 0 -repair_tns 100 -verbose
[INFO RSZ-0100] Repair move sequence: UnbufferMove SizeUpMove SwapPinsMove BufferMove CloneMove SplitLoadMove 
[INFO RSZ-0094] Found 91 endpoints with setup violations.
[INFO RSZ-0099] Repairing 91 out of 91 (100.00%) violating endpoints...
   Iter   | Removed | Resized | Inserted | Cloned |  Pin  |   Area   |    WNS   |   TNS      |  Viol  | Worst
          | Buffers |  Gates  | Buffers  |  Gates | Swaps |          |          |            | Endpts | Endpt
--------------------------------------------------------------------------------------------------------------
        0 |       0 |       0 |        0 |      0 |     0 |    +0.0% |  -25.493 |    -1623.1 |     91 | mem[0][22]$_DFFE_PP_/D
        4 |       0 |       0 |        0 |      0 |     0 |    +0.0% |  -25.493 |    -1623.1 |     91 | mem[0][22]$_DFFE_PP_/D
        6 |       0 |       0 |        0 |      0 |     0 |    +0.0% |  -25.493 |    -1623.1 |     91 | mem[0][22]$_DFFE_PP_/D
        8 |       0 |       0 |        0 |      0 |     0 |    +0.0% |  -25.493 |    -1623.1 |     91 | mem[0][22]$_DFFE_PP_/D
       10 |       0 |       0 |        0 |      0 |     1 |    +0.0% |  -25.486 |    -1623.7 |     91 | mem[0][22]$_DFFE_PP_/D
       10 |       0 |       0 |        0 |      0 |     1 |    +0.0% |  -25.486 |    -1623.7 |     91 | mem[0][22]$_DFFE_PP_/D
       12 |       0 |       0 |        0 |      0 |     2 |    +0.0% |  -25.477 |    -1624.2 |     91 | mem[0][22]$_DFFE_PP_/D
       14 |       0 |       0 |        0 |      0 |     3 |    +0.0% |  -25.471 |    -1624.7 |     91 | mem[0][22]$_DFFE_PP_/D
       16 |       0 |       0 |        0 |      0 |     3 |    +0.0% |  -25.471 |    -1624.7 |     91 | mem[0][22]$_DFFE_PP_/D
       18 |       0 |       0 |        0 |      0 |     4 |    +0.0% |  -25.470 |    -1625.2 |     91 | mem[0][22]$_DFFE_PP_/D
       20 |       0 |       0 |        0 |      0 |     5 |    +0.0% |  -25.445 |    -1620.1 |     91 | mem[0][22]$_DFFE_PP_/D
       21 |       0 |       0 |        0 |      0 |     5 |    +0.0% |  -25.445 |    -1620.1 |     91 | mem[0][22]$_DFFE_PP_/D
       23 |       0 |       0 |        0 |      0 |     5 |    +0.0% |  -25.445 |    -1620.1 |     91 | mem[0][22]$_DFFE_PP_/D
       25 |       0 |       0 |        0 |      0 |     6 |    +0.0% |  -25.445 |    -1619.6 |     91 | mem[0][22]$_DFFE_PP_/D
       26 |       0 |       0 |        0 |      0 |     6 |    +0.0% |  -25.445 |    -1619.6 |     91 | mem[0][22]$_DFFE_PP_/D
       28 |       0 |       0 |        0 |      0 |     6 |    +0.0% |  -25.445 |    -1619.6 |     91 | mem[0][22]$_DFFE_PP_/D
       30 |       0 |       0 |        0 |      0 |     7 |    +0.0% |  -25.445 |    -1620.0 |     91 | mem[0][22]$_DFFE_PP_/D
       30 |       0 |       0 |        0 |      0 |     6 |    +0.0% |  -25.445 |    -1619.6 |     91 | mem[0][22]$_DFFE_PP_/D
       32 |       0 |       0 |        0 |      0 |     6 |    +0.0% |  -25.445 |    -1619.6 |     91 | mem[0][22]$_DFFE_PP_/D
       33 |       0 |       0 |        0 |      0 |     6 |    +0.0% |  -25.445 |    -1619.6 |     91 | mem[0][22]$_DFFE_PP_/D
       40 |       0 |       1 |        0 |      0 |    11 |    +0.0% |  -25.445 |    -1618.7 |     91 | mem[0][22]$_DFFE_PP_/D
       50 |       0 |       8 |        0 |      0 |    14 |    +0.2% |  -25.445 |    -1617.6 |     91 | mem[0][22]$_DFFE_PP_/D
       51 |       0 |       8 |        0 |      0 |    14 |    +0.2% |  -25.445 |    -1617.6 |     91 | mem[0][22]$_DFFE_PP_/D
       53 |       0 |       8 |        0 |      0 |    14 |    +0.2% |  -25.445 |    -1617.6 |     91 | mem[0][22]$_DFFE_PP_/D
       55 |       0 |       8 |        0 |      0 |    14 |    +0.2% |  -25.445 |    -1617.6 |     91 | mem[0][22]$_DFFE_PP_/D
       57 |       0 |       8 |        0 |      0 |    14 |    +0.2% |  -25.445 |    -1617.6 |     91 | mem[0][22]$_DFFE_PP_/D
       59 |       0 |       8 |        0 |      0 |    14 |    +0.2% |  -25.445 |    -1617.6 |     91 | mem[0][22]$_DFFE_PP_/D
       60 |       0 |       8 |        0 |      0 |    14 |    +0.2% |  -25.445 |    -1617.6 |     91 | mem[0][22]$_DFFE_PP_/D
       61 |       0 |       8 |        0 |      0 |    14 |    +0.2% |  -25.445 |    -1617.6 |     91 | mem[0][22]$_DFFE_PP_/D
       63 |       0 |       8 |        0 |      0 |    14 |    +0.2% |  -25.445 |    -1617.6 |     91 | mem[0][22]$_DFFE_PP_/D
       65 |       0 |       8 |        0 |      0 |    14 |    +0.2% |  -25.445 |    -1617.6 |     91 | mem[0][22]$_DFFE_PP_/D
       67 |       0 |       8 |        0 |      0 |    14 |    +0.2% |  -25.445 |    -1617.6 |     91 | mem[0][22]$_DFFE_PP_/D
       69 |       0 |       8 |        0 |      0 |    14 |    +0.2% |  -25.445 |    -1617.6 |     91 | mem[0][22]$_DFFE_PP_/D
       70 |       0 |       8 |        0 |      0 |    14 |    +0.2% |  -25.445 |    -1617.6 |     91 | mem[0][22]$_DFFE_PP_/D
       74 |       0 |       8 |        0 |      0 |    14 |    +0.2% |  -25.445 |    -1617.6 |     91 | mem[0][22]$_DFFE_PP_/D
       76 |       0 |       8 |        0 |      0 |    14 |    +0.2% |  -25.445 |    -1617.6 |     91 | mem[0][22]$_DFFE_PP_/D
       78 |       0 |       8 |        0 |      0 |    14 |    +0.2% |  -25.445 |    -1617.6 |     91 | mem[0][22]$_DFFE_PP_/D
       80 |       0 |       8 |        0 |      1 |    14 |    +0.3% |  -25.810 |    -1491.5 |     91 | mem[0][22]$_DFFE_PP_/D
       80 |       0 |       8 |        0 |      0 |    14 |    +0.2% |  -25.445 |    -1617.6 |     91 | mem[0][22]$_DFFE_PP_/D
       85 |       0 |       8 |        0 |      0 |    14 |    +0.2% |  -25.445 |    -1617.6 |     91 | mem[0][22]$_DFFE_PP_/D
       87 |       0 |       8 |        0 |      0 |    14 |    +0.2% |  -25.445 |    -1617.6 |     91 | mem[0][22]$_DFFE_PP_/D
       89 |       0 |       8 |        0 |      0 |    14 |    +0.2% |  -25.445 |    -1617.6 |     91 | mem[0][22]$_DFFE_PP_/D
       90 |       0 |       8 |        0 |      0 |    14 |    +0.2% |  -25.445 |    -1617.6 |     91 | mem[0][22]$_DFFE_PP_/D
       91 |       0 |       8 |        0 |      0 |    14 |    +0.2% |  -25.445 |    -1617.6 |     91 | mem[0][22]$_DFFE_PP_/D
       93 |       0 |       8 |        0 |      0 |    14 |    +0.2% |  -25.445 |    -1617.6 |     91 | mem[0][22]$_DFFE_PP_/D
       95 |       0 |       8 |        0 |      0 |    14 |    +0.2% |  -25.445 |    -1617.6 |     91 | mem[0][22]$_DFFE_PP_/D
      100 |       0 |      10 |        0 |      1 |    15 |    +0.5% |  -26.021 |    -1478.3 |     91 | mem[0][22]$_DFFE_PP_/D
      103 |       0 |       8 |        0 |      0 |    14 |    +0.2% |  -25.445 |    -1617.6 |     91 | mem[0][22]$_DFFE_PP_/D
      105 |       0 |       8 |        0 |      0 |    14 |    +0.2% |  -25.445 |    -1617.6 |     91 | mem[0][22]$_DFFE_PP_/D
      110 |       0 |      10 |        1 |      1 |    14 |    +0.6% |  -25.784 |    -1539.1 |     91 | mem[0][22]$_DFFE_PP_/D
      112 |       0 |       8 |        0 |      0 |    14 |    +0.2% |  -25.445 |    -1617.6 |     91 | mem[0][22]$_DFFE_PP_/D
      119 |       0 |       8 |        0 |      0 |    14 |    +0.2% |  -25.445 |    -1617.6 |     91 | mem[0][22]$_DFFE_PP_/D
      120 |       0 |       8 |        0 |      0 |    14 |    +0.2% |  -25.445 |    -1617.6 |     91 | mem[0][22]$_DFFE_PP_/D
      121 |       0 |       8 |        0 |      0 |    14 |    +0.2% |  -25.445 |    -1617.6 |     91 | mem[0][22]$_DFFE_PP_/D
      123 |       0 |       8 |        0 |      0 |    14 |    +0.2% |  -25.445 |    -1617.6 |     91 | mem[0][22]$_DFFE_PP_/D
      130 |       0 |      12 |        1 |      1 |    14 |    +0.6% |  -26.107 |    -1549.5 |     91 | mem[0][22]$_DFFE_PP_/D
      130 |       0 |       8 |        0 |      0 |    14 |    +0.2% |  -25.445 |    -1617.6 |     91 | mem[0][22]$_DFFE_PP_/D
      132 |       0 |       8 |        0 |      0 |    14 |    +0.2% |  -25.445 |    -1617.6 |     91 | mem[0][22]$_DFFE_PP_/D
      134 |       0 |       8 |        0 |      0 |    14 |    +0.2% |  -25.445 |    -1617.6 |     91 | mem[0][22]$_DFFE_PP_/D
      136 |       0 |       9 |        0 |      0 |    14 |    +0.3% |  -25.445 |    -1615.9 |     91 | mem[0][22]$_DFFE_PP_/D
      138 |       0 |       9 |        0 |      0 |    14 |    +0.3% |  -25.445 |    -1615.9 |     91 | mem[0][22]$_DFFE_PP_/D
      140 |       0 |      10 |        0 |      0 |    14 |    +0.3% |  -25.710 |    -1612.2 |     91 | mem[0][22]$_DFFE_PP_/D
      140 |       0 |       9 |        0 |      0 |    14 |    +0.3% |  -25.445 |    -1615.9 |     91 | mem[0][22]$_DFFE_PP_/D
      144 |       0 |       9 |        0 |      0 |    14 |    +0.3% |  -25.445 |    -1615.9 |     91 | mem[0][22]$_DFFE_PP_/D
      148 |       0 |       9 |        0 |      2 |    14 |    +0.5% |  -25.445 |    -1513.9 |     91 | mem[0][22]$_DFFE_PP_/D
      150 |       0 |       9 |        0 |      2 |    15 |    +0.5% |  -25.445 |    -1515.8 |     91 | mem[0][22]$_DFFE_PP_/D
      150 |       0 |       9 |        0 |      2 |    14 |    +0.5% |  -25.445 |    -1513.9 |     91 | mem[0][22]$_DFFE_PP_/D
      153 |       0 |       9 |        0 |      2 |    14 |    +0.5% |  -25.445 |    -1513.9 |     91 | mem[0][22]$_DFFE_PP_/D
      155 |       0 |       9 |        0 |      2 |    14 |    +0.5% |  -25.445 |    -1513.9 |     91 | mem[0][22]$_DFFE_PP_/D
      157 |       0 |       9 |        0 |      2 |    14 |    +0.5% |  -25.445 |    -1513.9 |     91 | mem[0][22]$_DFFE_PP_/D
      160 |       0 |      10 |        0 |      3 |    14 |    +0.7% |  -25.788 |    -1529.5 |     91 | mem[0][22]$_DFFE_PP_/D
      160 |       0 |       9 |        0 |      2 |    14 |    +0.5% |  -25.445 |    -1513.9 |     91 | mem[0][22]$_DFFE_PP_/D
      162 |       0 |       9 |        0 |      2 |    14 |    +0.5% |  -25.445 |    -1513.9 |     91 | mem[0][22]$_DFFE_PP_/D
      164 |       0 |       9 |        0 |      2 |    14 |    +0.5% |  -25.445 |    -1513.9 |     91 | mem[0][22]$_DFFE_PP_/D
      166 |       0 |       9 |        0 |      2 |    14 |    +0.5% |  -25.445 |    -1513.9 |     91 | mem[0][22]$_DFFE_PP_/D
      168 |       0 |       9 |        0 |      2 |    14 |    +0.5% |  -25.445 |    -1513.9 |     91 | mem[0][22]$_DFFE_PP_/D
      170 |       0 |       9 |        0 |      2 |    15 |    +0.5% |  -25.445 |    -1515.2 |     91 | mem[0][22]$_DFFE_PP_/D
      170 |       0 |       9 |        0 |      2 |    14 |    +0.5% |  -25.445 |    -1513.9 |     91 | mem[0][22]$_DFFE_PP_/D
      171 |       0 |       9 |        0 |      2 |    14 |    +0.5% |  -25.445 |    -1513.9 |     91 | mem[0][22]$_DFFE_PP_/D
      173 |       0 |       9 |        0 |      2 |    14 |    +0.5% |  -25.445 |    -1513.9 |     91 | mem[0][22]$_DFFE_PP_/D
      175 |       0 |       9 |        0 |      2 |    14 |    +0.5% |  -25.445 |    -1513.9 |     91 | mem[0][22]$_DFFE_PP_/D
      180 |       0 |      11 |        1 |      3 |    14 |    +0.9% |  -26.015 |    -1604.6 |     91 | mem[0][22]$_DFFE_PP_/D
      180 |       0 |       9 |        0 |      2 |    14 |    +0.5% |  -25.445 |    -1513.9 |     91 | mem[0][22]$_DFFE_PP_/D
      183 |       0 |      10 |        0 |      2 |    14 |    +0.5% |  -25.445 |    -1513.3 |     91 | mem[0][22]$_DFFE_PP_/D
      185 |       0 |      10 |        0 |      2 |    14 |    +0.5% |  -25.445 |    -1513.3 |     91 | mem[0][22]$_DFFE_PP_/D
      187 |       0 |      11 |        0 |      2 |    14 |    +0.6% |  -25.445 |    -1503.3 |     91 | mem[0][22]$_DFFE_PP_/D
      190 |       0 |      12 |        0 |      3 |    14 |    +0.9% |  -26.014 |    -1369.8 |     91 | mem[0][22]$_DFFE_PP_/D
      194 |       0 |      11 |        0 |      2 |    14 |    +0.6% |  -25.445 |    -1503.3 |     91 | mem[0][22]$_DFFE_PP_/D
      195 |       0 |      11 |        0 |      2 |    14 |    +0.6% |  -25.445 |    -1503.3 |     91 | mem[0][22]$_DFFE_PP_/D
      197 |       0 |      11 |        0 |      2 |    14 |    +0.6% |  -25.445 |    -1503.3 |     91 | mem[0][22]$_DFFE_PP_/D
      199 |       0 |      11 |        0 |      2 |    14 |    +0.6% |  -25.445 |    -1503.3 |     91 | mem[0][22]$_DFFE_PP_/D
      200 |       0 |      11 |        0 |      2 |    14 |    +0.6% |  -25.445 |    -1503.3 |     91 | mem[0][22]$_DFFE_PP_/D
      200 |       0 |      11 |        0 |      2 |    14 |    +0.6% |  -25.445 |    -1503.3 |     91 | mem[0][22]$_DFFE_PP_/D
      205 |       0 |      11 |        0 |      2 |    14 |    +0.6% |  -25.445 |    -1503.3 |     91 | mem[0][22]$_DFFE_PP_/D
      207 |       0 |      11 |        0 |      2 |    14 |    +0.6% |  -25.445 |    -1503.3 |     91 | mem[0][22]$_DFFE_PP_/D
      209 |       0 |      11 |        0 |      2 |    14 |    +0.6% |  -25.445 |    -1503.3 |     91 | mem[0][22]$_DFFE_PP_/D
      210 |       0 |      11 |        0 |      2 |    14 |    +0.6% |  -25.445 |    -1503.3 |     91 | mem[0][22]$_DFFE_PP_/D
      211 |       0 |      11 |        0 |      2 |    14 |    +0.6% |  -25.445 |    -1503.3 |     91 | mem[0][22]$_DFFE_PP_/D
      213 |       0 |      11 |        0 |      2 |    14 |    +0.6% |  -25.445 |    -1503.3 |     91 | mem[0][22]$_DFFE_PP_/D
      215 |       0 |      11 |        0 |      2 |    14 |    +0.6% |  -25.445 |    -1503.3 |     91 | mem[0][22]$_DFFE_PP_/D
      217 |       0 |      11 |        0 |      2 |    14 |    +0.6% |  -25.445 |    -1503.3 |     91 | mem[0][22]$_DFFE_PP_/D
      219 |       0 |      11 |        0 |      2 |    14 |    +0.6% |  -25.445 |    -1503.3 |     91 | mem[0][22]$_DFFE_PP_/D
      220 |       0 |      11 |        0 |      2 |    14 |    +0.6% |  -25.445 |    -1503.3 |     91 | mem[0][22]$_DFFE_PP_/D
      221 |       0 |      11 |        0 |      2 |    14 |    +0.6% |  -25.445 |    -1503.3 |     91 | mem[0][22]$_DFFE_PP_/D
      223 |       0 |      11 |        0 |      2 |    14 |    +0.6% |  -25.445 |    -1503.3 |     91 | mem[0][22]$_DFFE_PP_/D
      225 |       0 |      11 |        0 |      2 |    14 |    +0.6% |  -25.445 |    -1503.3 |     91 | mem[0][22]$_DFFE_PP_/D
      230 |       0 |      13 |        1 |      2 |    15 |    +0.9% |  -25.331 |    -1597.2 |     91 | mem[0][22]$_DFFE_PP_/D
      231 |       0 |      12 |        1 |      2 |    15 |    +0.9% |  -25.151 |    -1584.1 |     91 | mem[0][22]$_DFFE_PP_/D
      234 |       0 |      12 |        1 |      2 |    15 |    +0.9% |  -25.151 |    -1584.1 |     91 | mem[0][22]$_DFFE_PP_/D
      237 |       0 |      12 |        1 |      2 |    15 |    +0.9% |  -25.151 |    -1584.1 |     91 | mem[0][22]$_DFFE_PP_/D
      240 |       0 |      14 |        1 |      2 |    15 |    +1.0% |  -25.439 |    -1599.7 |     91 | mem[0][22]$_DFFE_PP_/D
      240 |       0 |      12 |        1 |      2 |    15 |    +0.9% |  -25.151 |    -1584.1 |     91 | mem[0][22]$_DFFE_PP_/D
      243 |       0 |      12 |        1 |      2 |    15 |    +0.9% |  -25.151 |    -1584.1 |     91 | mem[0][22]$_DFFE_PP_/D
      246 |       0 |      12 |        1 |      2 |    15 |    +0.9% |  -25.151 |    -1584.1 |     91 | mem[0][22]$_DFFE_PP_/D
      249 |       0 |      12 |        1 |      2 |    15 |    +0.9% |  -25.151 |    -1584.1 |     91 | mem[0][22]$_DFFE_PP_/D
      250 |       0 |      12 |        1 |      2 |    15 |    +0.9% |  -25.151 |    -1584.1 |     91 | mem[0][22]$_DFFE_PP_/D
      253 |       0 |      12 |        1 |      2 |    15 |    +0.9% |  -25.151 |    -1584.1 |     91 | mem[0][22]$_DFFE_PP_/D
     254* |       0 |      12 |        1 |      2 |    15 |    +0.9% |  -25.151 |    -1584.1 |     91 | mem[0][22]$_DFFE_PP_/D
     255* |       0 |      12 |        1 |      2 |    15 |    +0.9% |  -25.151 |    -1584.1 |     91 | mem[0][22]$_DFFE_PP_/D
     256* |       0 |      12 |        1 |      2 |    15 |    +0.9% |  -25.151 |    -1584.1 |     91 | mem[0][22]$_DFFE_PP_/D
     257* |       0 |      12 |        1 |      2 |    15 |    +0.9% |  -25.151 |    -1584.1 |     91 | mem[0][22]$_DFFE_PP_/D
     258* |       0 |      12 |        1 |      2 |    15 |    +0.9% |  -25.151 |    -1584.1 |     91 | mem[0][22]$_DFFE_PP_/D
     259* |       0 |      12 |        1 |      2 |    15 |    +0.9% |  -25.151 |    -1584.1 |     91 | mem[0][22]$_DFFE_PP_/D
     260* |       0 |      12 |        1 |      2 |    15 |    +0.9% |  -25.151 |    -1584.1 |     91 | mem[0][22]$_DFFE_PP_/D
     260* |       0 |      12 |        1 |      2 |    15 |    +0.9% |  -25.151 |    -1584.1 |     91 | mem[0][22]$_DFFE_PP_/D
     261* |       0 |      12 |        1 |      2 |    15 |    +0.9% |  -25.151 |    -1584.1 |     91 | mem[0][22]$_DFFE_PP_/D
     262* |       0 |      12 |        1 |      2 |    15 |    +0.9% |  -25.151 |    -1584.1 |     91 | mem[0][22]$_DFFE_PP_/D
     263* |       0 |      12 |        1 |      2 |    15 |    +0.9% |  -25.151 |    -1584.1 |     91 | mem[0][22]$_DFFE_PP_/D
     264* |       0 |      12 |        1 |      2 |    15 |    +0.9% |  -25.151 |    -1584.1 |     91 | mem[0][22]$_DFFE_PP_/D
     265* |       0 |      12 |        1 |      2 |    15 |    +0.9% |  -25.151 |    -1584.1 |     91 | mem[0][22]$_DFFE_PP_/D
     266* |       0 |      12 |        1 |      2 |    15 |    +0.9% |  -25.151 |    -1584.1 |     91 | mem[0][22]$_DFFE_PP_/D
     267* |       0 |      12 |        1 |      2 |    15 |    +0.9% |  -25.151 |    -1584.1 |     91 | mem[0][22]$_DFFE_PP_/D
     268* |       0 |      12 |        1 |      2 |    15 |    +0.9% |  -25.151 |    -1584.1 |     91 | mem[0][22]$_DFFE_PP_/D
     269* |       0 |      12 |        1 |      2 |    15 |    +0.9% |  -25.151 |    -1584.1 |     91 | mem[0][22]$_DFFE_PP_/D
     270* |       0 |      12 |        1 |      2 |    15 |    +0.9% |  -25.151 |    -1584.1 |     91 | mem[0][22]$_DFFE_PP_/D
     270* |       0 |      12 |        1 |      2 |    15 |    +0.9% |  -25.151 |    -1584.1 |     91 | mem[0][22]$_DFFE_PP_/D
     271* |       0 |      12 |        1 |      2 |    15 |    +0.9% |  -25.151 |    -1584.1 |     91 | mem[0][22]$_DFFE_PP_/D
     272* |       0 |      12 |        1 |      2 |    15 |    +0.9% |  -25.151 |    -1584.1 |     91 | mem[0][22]$_DFFE_PP_/D
     273* |       0 |      12 |        1 |      2 |    15 |    +0.9% |  -25.151 |    -1584.1 |     91 | mem[0][22]$_DFFE_PP_/D
     274* |       0 |      12 |        1 |      2 |    15 |    +0.9% |  -25.151 |    -1584.1 |     91 | mem[0][22]$_DFFE_PP_/D
     275* |       0 |      12 |        1 |      2 |    15 |    +0.9% |  -25.151 |    -1584.1 |     91 | mem[0][22]$_DFFE_PP_/D
     276* |       0 |      12 |        1 |      2 |    15 |    +0.9% |  -25.151 |    -1584.1 |     91 | mem[0][22]$_DFFE_PP_/D
     277* |       0 |      12 |        1 |      2 |    15 |    +0.9% |  -25.151 |    -1584.1 |     91 | mem[0][22]$_DFFE_PP_/D
     278* |       0 |      12 |        1 |      2 |    15 |    +0.9% |  -25.151 |    -1584.1 |     91 | mem[0][22]$_DFFE_PP_/D
     279* |       0 |      12 |        1 |      2 |    15 |    +0.9% |  -25.151 |    -1584.1 |     91 | mem[0][22]$_DFFE_PP_/D
     280* |       0 |      12 |        1 |      2 |    15 |    +0.9% |  -25.151 |    -1584.1 |     91 | mem[0][22]$_DFFE_PP_/D
     280* |       0 |      12 |        1 |      2 |    15 |    +0.9% |  -25.151 |    -1584.1 |     91 | mem[0][22]$_DFFE_PP_/D
     281* |       0 |      12 |        1 |      2 |    15 |    +0.9% |  -25.151 |    -1584.1 |     91 | mem[0][22]$_DFFE_PP_/D
     282* |       0 |      12 |        1 |      2 |    15 |    +0.9% |  -25.151 |    -1584.1 |     91 | mem[0][22]$_DFFE_PP_/D
     283* |       0 |      12 |        1 |      2 |    15 |    +0.9% |  -25.151 |    -1584.1 |     91 | mem[0][22]$_DFFE_PP_/D
     284* |       0 |      12 |        1 |      2 |    15 |    +0.9% |  -25.151 |    -1584.1 |     91 | mem[0][22]$_DFFE_PP_/D
     285* |       0 |      12 |        1 |      2 |    15 |    +0.9% |  -25.151 |    -1584.1 |     91 | mem[0][22]$_DFFE_PP_/D
     286* |       0 |      12 |        1 |      2 |    15 |    +0.9% |  -25.151 |    -1584.1 |     91 | mem[0][22]$_DFFE_PP_/D
     287* |       0 |      12 |        1 |      2 |    15 |    +0.9% |  -25.151 |    -1584.1 |     91 | mem[0][22]$_DFFE_PP_/D
     288* |       0 |      12 |        1 |      2 |    15 |    +0.9% |  -25.151 |    -1584.1 |     91 | mem[0][22]$_DFFE_PP_/D
     289* |       0 |      12 |        1 |      2 |    15 |    +0.9% |  -25.151 |    -1584.1 |     91 | mem[0][22]$_DFFE_PP_/D
     290* |       0 |      12 |        1 |      2 |    15 |    +0.9% |  -25.151 |    -1584.1 |     91 | mem[0][22]$_DFFE_PP_/D
     290* |       0 |      12 |        1 |      2 |    15 |    +0.9% |  -25.151 |    -1584.1 |     91 | mem[0][22]$_DFFE_PP_/D
     291* |       0 |      12 |        1 |      2 |    15 |    +0.9% |  -25.151 |    -1584.1 |     91 | mem[0][22]$_DFFE_PP_/D
     292* |       0 |      12 |        1 |      2 |    15 |    +0.9% |  -25.151 |    -1584.1 |     91 | mem[0][22]$_DFFE_PP_/D
     293* |       0 |      12 |        1 |      2 |    15 |    +0.9% |  -25.151 |    -1584.1 |     91 | mem[0][22]$_DFFE_PP_/D
     294* |       0 |      12 |        1 |      2 |    15 |    +0.9% |  -25.151 |    -1584.1 |     91 | mem[0][22]$_DFFE_PP_/D
     295* |       0 |      12 |        1 |      2 |    15 |    +0.9% |  -25.151 |    -1584.1 |     91 | mem[0][22]$_DFFE_PP_/D
     296* |       0 |      12 |        1 |      2 |    15 |    +0.9% |  -25.151 |    -1584.1 |     91 | mem[0][22]$_DFFE_PP_/D
     297* |       0 |      12 |        1 |      2 |    15 |    +0.9% |  -25.151 |    -1584.1 |     91 | mem[0][22]$_DFFE_PP_/D
     298* |       0 |      12 |        1 |      2 |    15 |    +0.9% |  -25.151 |    -1584.1 |     91 | mem[0][22]$_DFFE_PP_/D
     299* |       0 |      12 |        1 |      2 |    15 |    +0.9% |  -25.151 |    -1584.1 |     91 | mem[0][22]$_DFFE_PP_/D
     300* |       0 |      12 |        1 |      2 |    15 |    +0.9% |  -25.151 |    -1584.1 |     91 | mem[0][22]$_DFFE_PP_/D
     300* |       0 |      12 |        1 |      2 |    15 |    +0.9% |  -25.151 |    -1584.1 |     91 | mem[0][22]$_DFFE_PP_/D
     301* |       0 |      12 |        1 |      2 |    15 |    +0.9% |  -25.151 |    -1584.1 |     91 | mem[0][22]$_DFFE_PP_/D
     302* |       0 |      12 |        1 |      2 |    15 |    +0.9% |  -25.151 |    -1584.1 |     91 | mem[0][22]$_DFFE_PP_/D
     303* |       0 |      12 |        1 |      2 |    15 |    +0.9% |  -25.151 |    -1584.1 |     91 | mem[0][22]$_DFFE_PP_/D
     304* |       0 |      12 |        1 |      2 |    15 |    +0.9% |  -25.151 |    -1584.1 |     91 | mem[0][22]$_DFFE_PP_/D
     305* |       0 |      12 |        1 |      2 |    15 |    +0.9% |  -25.151 |    -1584.1 |     91 | mem[0][22]$_DFFE_PP_/D
     306* |       0 |      12 |        1 |      2 |    15 |    +0.9% |  -25.151 |    -1584.1 |     91 | mem[0][22]$_DFFE_PP_/D
     307* |       0 |      12 |        1 |      2 |    15 |    +0.9% |  -25.151 |    -1584.1 |     91 | mem[0][22]$_DFFE_PP_/D
     308* |       0 |      12 |        1 |      2 |    15 |    +0.9% |  -25.151 |    -1584.1 |     91 | mem[0][22]$_DFFE_PP_/D
     309* |       0 |      12 |        1 |      2 |    15 |    +0.9% |  -25.151 |    -1584.1 |     91 | mem[0][22]$_DFFE_PP_/D
     310* |       0 |      12 |        1 |      2 |    15 |    +0.9% |  -25.151 |    -1584.1 |     91 | mem[0][22]$_DFFE_PP_/D
     310* |       0 |      12 |        1 |      2 |    15 |    +0.9% |  -25.151 |    -1584.1 |     91 | mem[0][22]$_DFFE_PP_/D
     311* |       0 |      12 |        1 |      2 |    15 |    +0.9% |  -25.151 |    -1584.1 |     91 | mem[0][22]$_DFFE_PP_/D
     312* |       0 |      12 |        1 |      2 |    15 |    +0.9% |  -25.151 |    -1584.1 |     91 | mem[0][22]$_DFFE_PP_/D
     313* |       0 |      12 |        1 |      2 |    15 |    +0.9% |  -25.151 |    -1584.1 |     91 | mem[0][22]$_DFFE_PP_/D
     314* |       0 |      12 |        1 |      2 |    15 |    +0.9% |  -25.151 |    -1584.1 |     91 | mem[0][22]$_DFFE_PP_/D
     315* |       0 |      12 |        1 |      2 |    15 |    +0.9% |  -25.151 |    -1584.1 |     91 | mem[0][22]$_DFFE_PP_/D
     316* |       0 |      12 |        1 |      2 |    15 |    +0.9% |  -25.151 |    -1584.1 |     91 | mem[0][22]$_DFFE_PP_/D
     317* |       0 |      12 |        1 |      2 |    15 |    +0.9% |  -25.151 |    -1584.1 |     91 | mem[0][22]$_DFFE_PP_/D
     318* |       0 |      12 |        1 |      2 |    15 |    +0.9% |  -25.151 |    -1584.1 |     91 | mem[0][22]$_DFFE_PP_/D
     319* |       0 |      12 |        1 |      2 |    15 |    +0.9% |  -25.151 |    -1584.1 |     91 | mem[0][22]$_DFFE_PP_/D
     320* |       0 |      12 |        1 |      2 |    15 |    +0.9% |  -25.151 |    -1584.1 |     91 | mem[0][22]$_DFFE_PP_/D
     320* |       0 |      12 |        1 |      2 |    15 |    +0.9% |  -25.151 |    -1584.1 |     91 | mem[0][22]$_DFFE_PP_/D
     321* |       0 |      12 |        1 |      2 |    15 |    +0.9% |  -25.151 |    -1584.1 |     91 | mem[0][22]$_DFFE_PP_/D
     322* |       0 |      12 |        1 |      2 |    15 |    +0.9% |  -25.151 |    -1584.1 |     91 | mem[0][22]$_DFFE_PP_/D
     323* |       0 |      12 |        1 |      2 |    15 |    +0.9% |  -25.151 |    -1584.1 |     91 | mem[0][22]$_DFFE_PP_/D
     324* |       0 |      12 |        1 |      2 |    15 |    +0.9% |  -25.151 |    -1584.1 |     91 | mem[0][22]$_DFFE_PP_/D
     325* |       0 |      12 |        1 |      2 |    15 |    +0.9% |  -25.151 |    -1584.1 |     91 | mem[0][22]$_DFFE_PP_/D
     326* |       0 |      12 |        1 |      2 |    15 |    +0.9% |  -25.151 |    -1584.1 |     91 | mem[0][22]$_DFFE_PP_/D
     327* |       0 |      12 |        1 |      2 |    15 |    +0.9% |  -25.151 |    -1584.1 |     91 | mem[0][22]$_DFFE_PP_/D
     328* |       0 |      12 |        1 |      2 |    15 |    +0.9% |  -25.151 |    -1584.1 |     91 | mem[0][22]$_DFFE_PP_/D
     329* |       0 |      12 |        1 |      2 |    15 |    +0.9% |  -25.151 |    -1584.1 |     91 | mem[0][22]$_DFFE_PP_/D
     330* |       0 |      12 |        1 |      2 |    15 |    +0.9% |  -25.151 |    -1584.1 |     91 | mem[0][22]$_DFFE_PP_/D
     330* |       0 |      12 |        1 |      2 |    15 |    +0.9% |  -25.151 |    -1584.1 |     91 | mem[0][22]$_DFFE_PP_/D
     331* |       0 |      12 |        1 |      2 |    15 |    +0.9% |  -25.151 |    -1584.1 |     91 | mem[0][22]$_DFFE_PP_/D
     332* |       0 |      12 |        1 |      2 |    15 |    +0.9% |  -25.151 |    -1584.1 |     91 | mem[0][22]$_DFFE_PP_/D
     333* |       0 |      12 |        1 |      2 |    15 |    +0.9% |  -25.151 |    -1584.1 |     91 | mem[0][22]$_DFFE_PP_/D
     334* |       0 |      12 |        1 |      2 |    15 |    +0.9% |  -25.151 |    -1584.1 |     91 | mem[0][22]$_DFFE_PP_/D
     335* |       0 |      12 |        1 |      2 |    15 |    +0.9% |  -25.151 |    -1584.1 |     91 | mem[0][22]$_DFFE_PP_/D
     336* |       0 |      12 |        1 |      2 |    15 |    +0.9% |  -25.151 |    -1584.1 |     91 | mem[0][22]$_DFFE_PP_/D
     337* |       0 |      12 |        1 |      2 |    15 |    +0.9% |  -25.151 |    -1584.1 |     91 | mem[0][22]$_DFFE_PP_/D
     338* |       0 |      12 |        1 |      2 |    15 |    +0.9% |  -25.151 |    -1584.1 |     91 | mem[0][22]$_DFFE_PP_/D
     339* |       0 |      12 |        1 |      2 |    15 |    +0.9% |  -25.151 |    -1584.1 |     91 | mem[0][22]$_DFFE_PP_/D
     340* |       0 |      12 |        1 |      2 |    15 |    +0.9% |  -25.151 |    -1584.1 |     91 | mem[0][22]$_DFFE_PP_/D
     340* |       0 |      12 |        1 |      2 |    15 |    +0.9% |  -25.151 |    -1584.1 |     91 | mem[0][22]$_DFFE_PP_/D
     341* |       0 |      12 |        1 |      2 |    15 |    +0.9% |  -25.151 |    -1584.1 |     91 | mem[0][22]$_DFFE_PP_/D
     342* |       0 |      12 |        1 |      2 |    15 |    +0.9% |  -25.151 |    -1584.1 |     91 | mem[0][22]$_DFFE_PP_/D
     343* |       0 |      12 |        1 |      2 |    15 |    +0.9% |  -25.151 |    -1584.1 |     91 | mem[0][22]$_DFFE_PP_/D
     344* |       0 |      12 |        1 |      2 |    15 |    +0.9% |  -25.151 |    -1584.1 |     91 | mem[0][22]$_DFFE_PP_/D
    final |       0 |      12 |        1 |      2 |    15 |    +0.9% |  -25.151 |    -1584.1 |     91 | mem[0][22]$_DFFE_PP_/D
--------------------------------------------------------------------------------------------------------------
[INFO RSZ-0040] Inserted 1 buffers.
[INFO RSZ-0051] Resized 12 instances: 12 up, 0 up match, 0 down, 0 VT
[INFO RSZ-0043] Swapped pins on 15 instances.
[INFO RSZ-0049] Cloned 2 instances.
[WARNING RSZ-0062] Unable to repair all setup violations.
[INFO RSZ-0033] No hold violations found.
global_route -start_incremental
detailed_placement
[INFO DPL-0005] Max displacement: +/- 500 sites horizontally, +/- 100 rows vertically.
Movements Summary
---------------------------------------
Total cells:                     524
Diamond Move Success:            524 (100.00%)
Diamond Move Failure:              0
Rip-up and replace Success:        0 (  0.00% of diamond failures)
Rip-up and replace Failure:        0
Total Placement Failures:          0
---------------------------------------
Placement Analysis
---------------------------------
total displacement         21.9 u
average displacement        0.0 u
max displacement            2.4 u
original HPWL            1015.2 u
legalized HPWL           1045.4 u
delta HPWL                    3 %

global_route -end_incremental -congestion_report_file ./reports/asap7/riscv32i-mock-sram_fakeram7_256x32/modified_alpha_2-beta_0.1/congestion_post_repair_timing.rpt
global_route -start_incremental
global_route -end_incremental -congestion_report_file ./reports/asap7/riscv32i-mock-sram_fakeram7_256x32/modified_alpha_2-beta_0.1/congestion_post_recover_power.rpt
Repair antennas...
[WARNING GRT-0246] No diode with LEF class CORE ANTENNACELL found.
[INFO ANT-0002] Found 0 net violations.
[INFO ANT-0001] Found 0 pin violations.
Estimate parasitics...
estimate_parasitics -global_routing
Report metrics stage 5, global route...

==========================================================================
global route report_design_area
--------------------------------------------------------------------------
Design area 79 um^2 70% utilization.
[INFO FLW-0007] clock clk period 1660.000000
[INFO FLW-0008] Clock clk period 1600.870
[INFO FLW-0009] Clock clk slack -25.127
[INFO FLW-0011] Path endpoint path count 135
write_db ./results/asap7/riscv32i-mock-sram_fakeram7_256x32/modified_alpha_2-beta_0.1/5_1_grt.odb
write_sdc -no_timestamp ./results/asap7/riscv32i-mock-sram_fakeram7_256x32/modified_alpha_2-beta_0.1/5_1_grt.sdc
Elapsed time: 0:06.11[h:]min:sec. CPU time: user 86.50 sys 4.27 (1485%). Peak memory: 294620KB.
Log                        Elapsed/s Peak Memory/MB  sha1sum .odb [0:20)
5_1_grt                            6            287 475efdf7effb072a7014
