
==========================================================================
global route report_tns
--------------------------------------------------------------------------
tns max -1887.67

==========================================================================
global route report_wns
--------------------------------------------------------------------------
wns max -24.45

==========================================================================
global route report_worst_slack
--------------------------------------------------------------------------
worst slack max -24.45

==========================================================================
global route report_clock_min_period
--------------------------------------------------------------------------
clk period_min = 244.43 fmax = 4091.10

==========================================================================
global route report_clock_skew
--------------------------------------------------------------------------
Clock clk
  45.25 source latency index[0]$_DFFE_PP_/CLK ^
 -40.96 target latency mem[1][23]$_DFFE_PP_/CLK ^
  -0.80 CRPR
--------------
   3.48 setup skew


==========================================================================
global route report_checks -path_delay min
--------------------------------------------------------------------------
Startpoint: rd_out[10]$_DFFE_PP_
            (rising edge-triggered flip-flop clocked by clk)
Endpoint: rd_out[10]$_DFFE_PP_ (rising edge-triggered flip-flop clocked by clk)
Path Group: reg2reg
Path Type: min

Fanout     Cap    Slew   Delay    Time   Description
-----------------------------------------------------------------------------
                          0.00    0.00   clock clk (rise edge)
                          0.00    0.00   clock source latency
     1    3.14    0.00    0.00    0.00 ^ clk (in)
                                         clk (net)
                  2.24    0.71    0.71 ^ clkbuf_0_clk/A (BUFx8_ASAP7_75t_R)
     8   10.32   14.77   17.94   18.64 ^ clkbuf_0_clk/Y (BUFx8_ASAP7_75t_R)
                                         clknet_0_clk (net)
                 15.51    1.76   20.40 ^ clkbuf_3_7__f_clk/A (BUFx8_ASAP7_75t_R)
    14    8.51   12.69   21.56   41.96 ^ clkbuf_3_7__f_clk/Y (BUFx8_ASAP7_75t_R)
                                         clknet_3_7__leaf_clk (net)
                 12.95    0.98   42.94 ^ rd_out[10]$_DFFE_PP_/CLK (DFFHQNx1_ASAP7_75t_R)
     1    0.57   11.31   35.37   78.31 ^ rd_out[10]$_DFFE_PP_/QN (DFFHQNx1_ASAP7_75t_R)
                                         _090_ (net)
                 11.31    0.03   78.34 ^ _419_/A (INVx1_ASAP7_75t_R)
     2    1.16    8.75    7.38   85.72 v _419_/Y (INVx1_ASAP7_75t_R)
                                         net44 (net)
                  8.75    0.06   85.78 v _459_/A1 (OA21x2_ASAP7_75t_R)
     1    0.84    4.89   16.74  102.52 v _459_/Y (OA21x2_ASAP7_75t_R)
                                         _103_ (net)
                  4.90    0.10  102.62 v rd_out[10]$_DFFE_PP_/D (DFFHQNx1_ASAP7_75t_R)
                                102.62   data arrival time

                          0.00    0.00   clock clk (rise edge)
                          0.00    0.00   clock source latency
     1    3.34    0.00    0.00    0.00 ^ clk (in)
                                         clk (net)
                  2.50    0.79    0.79 ^ clkbuf_0_clk/A (BUFx8_ASAP7_75t_R)
     8   11.98   15.80   18.66   19.45 ^ clkbuf_0_clk/Y (BUFx8_ASAP7_75t_R)
                                         clknet_0_clk (net)
                 16.76    2.06   21.51 ^ clkbuf_3_7__f_clk/A (BUFx8_ASAP7_75t_R)
    14   10.08   14.18   22.58   44.08 ^ clkbuf_3_7__f_clk/Y (BUFx8_ASAP7_75t_R)
                                         clknet_3_7__leaf_clk (net)
                 14.51    1.16   45.25 ^ rd_out[10]$_DFFE_PP_/CLK (DFFHQNx1_ASAP7_75t_R)
                         -2.31   42.94   clock reconvergence pessimism
                         12.32   55.26   library hold time
                                 55.26   data required time
-----------------------------------------------------------------------------
                                 55.26   data required time
                               -102.62   data arrival time
-----------------------------------------------------------------------------
                                 47.36   slack (MET)



==========================================================================
global route report_checks -path_delay max
--------------------------------------------------------------------------
Startpoint: ce_in (input port)
Endpoint: mem[0][22]$_DFFE_PP_ (rising edge-triggered flip-flop clocked by clk)
Path Group: in2reg
Path Type: max

Fanout     Cap    Slew   Delay    Time   Description
-----------------------------------------------------------------------------
                          0.00    0.00 ^ input external delay
     1    3.10    0.00    0.00    0.00 ^ ce_in (in)
                                         ce_in (net)
                  1.04    0.33    0.33 ^ input9/A (BUFx12f_ASAP7_75t_R)
     4   10.76   10.95   11.40   11.72 ^ input9/Y (BUFx12f_ASAP7_75t_R)
                                         net9 (net)
                 11.49    1.31   13.04 ^ _504_/B (AND3x4_ASAP7_75t_R)
     7   16.78   34.90   32.14   45.17 ^ _504_/Y (AND3x4_ASAP7_75t_R)
                                         _256_ (net)
                 35.28    2.05   47.22 ^ rebuffer108/A (BUFx6f_ASAP7_75t_R)
     2    6.09   10.83   19.41   66.63 ^ rebuffer108/Y (BUFx6f_ASAP7_75t_R)
                                         net108 (net)
                 11.23    1.10   67.73 ^ clone107/A (BUFx16f_ASAP7_75t_R)
     8    7.85    8.24   15.61   83.34 ^ clone107/Y (BUFx16f_ASAP7_75t_R)
                                         net107 (net)
                  9.05    1.33   84.67 ^ _526_/A1 (AO21x1_ASAP7_75t_R)
     1    1.02    9.39   13.92   98.59 ^ _526_/Y (AO21x1_ASAP7_75t_R)
                                         _122_ (net)
                  9.40    0.14   98.73 ^ mem[0][22]$_DFFE_PP_/D (DFFHQNx1_ASAP7_75t_R)
                                 98.73   data arrival time

                         80.00   80.00   max_delay
                         -5.73   74.27   library setup time
                                 74.27   data required time
-----------------------------------------------------------------------------
                                 74.27   data required time
                                -98.73   data arrival time
-----------------------------------------------------------------------------
                                -24.45   slack (VIOLATED)


Startpoint: rd_out[21]$_DFFE_PP_
            (rising edge-triggered flip-flop clocked by clk)
Endpoint: rd_out[21] (output port)
Path Group: reg2out
Path Type: max

Fanout     Cap    Slew   Delay    Time   Description
-----------------------------------------------------------------------------
                 13.93    0.00    0.00 ^ rd_out[21]$_DFFE_PP_/CLK (DFFHQNx1_ASAP7_75t_R)
     1    1.06   14.65   37.85   37.85 ^ rd_out[21]$_DFFE_PP_/QN (DFFHQNx1_ASAP7_75t_R)
                                         _004_ (net)
                 14.65    0.14   37.99 ^ _398_/A (INVx1_ASAP7_75t_R)
     2    1.59   11.65    9.32   47.31 v _398_/Y (INVx1_ASAP7_75t_R)
                                         net56 (net)
                 11.65    0.13   47.45 v output56/A (BUFx2_ASAP7_75t_R)
     1    0.44    4.64   14.00   61.45 v output56/Y (BUFx2_ASAP7_75t_R)
                                         rd_out[21] (net)
                  4.64    0.04   61.49 v rd_out[21] (out)
                                 61.49   data arrival time

                         80.00   80.00   max_delay
                          0.00   80.00   output external delay
                                 80.00   data required time
-----------------------------------------------------------------------------
                                 80.00   data required time
                                -61.49   data arrival time
-----------------------------------------------------------------------------
                                 18.51   slack (MET)


Startpoint: index[0]$_DFFE_PP_ (rising edge-triggered flip-flop clocked by clk)
Endpoint: mem[1][29]$_DFFE_PP_ (rising edge-triggered flip-flop clocked by clk)
Path Group: reg2reg
Path Type: max

Fanout     Cap    Slew   Delay    Time   Description
-----------------------------------------------------------------------------
                          0.00    0.00   clock clk (rise edge)
                          0.00    0.00   clock source latency
     1    3.34    0.00    0.00    0.00 ^ clk (in)
                                         clk (net)
                  2.50    0.79    0.79 ^ clkbuf_0_clk/A (BUFx8_ASAP7_75t_R)
     8   11.98   15.80   18.66   19.45 ^ clkbuf_0_clk/Y (BUFx8_ASAP7_75t_R)
                                         clknet_0_clk (net)
                 16.76    2.06   21.51 ^ clkbuf_3_7__f_clk/A (BUFx8_ASAP7_75t_R)
    14   10.08   14.18   22.58   44.08 ^ clkbuf_3_7__f_clk/Y (BUFx8_ASAP7_75t_R)
                                         clknet_3_7__leaf_clk (net)
                 14.51    1.16   45.25 ^ index[0]$_DFFE_PP_/CLK (DFFHQNx1_ASAP7_75t_R)
     1    0.91   13.59   37.31   82.56 ^ index[0]$_DFFE_PP_/QN (DFFHQNx1_ASAP7_75t_R)
                                         _009_ (net)
                 13.59    0.10   82.66 ^ place104/A (BUFx3_ASAP7_75t_R)
    35   31.72   73.46   36.55  119.20 ^ place104/Y (BUFx3_ASAP7_75t_R)
                                         net104 (net)
                 81.08   12.44  131.64 ^ _429_/A (INVx3_ASAP7_75t_R)
    34   30.07   74.36   44.01  175.66 v _429_/Y (INVx3_ASAP7_75t_R)
                                         _198_ (net)
                 78.96    9.91  185.57 v _574_/A (AND3x4_ASAP7_75t_R)
     9   20.70   36.74   45.20  230.77 v _574_/Y (AND3x4_ASAP7_75t_R)
                                         _295_ (net)
                 40.75    6.37  237.14 v place89/A (BUFx12f_ASAP7_75t_R)
     5   10.32   10.67   22.40  259.54 v place89/Y (BUFx12f_ASAP7_75t_R)
                                         net89 (net)
                 11.02    1.05  260.59 v _580_/B (NOR2x1p5_ASAP7_75t_R)
     1    0.92   10.02    7.56  268.15 ^ _580_/Y (NOR2x1p5_ASAP7_75t_R)
                                         _300_ (net)
                 10.02    0.08  268.23 ^ _581_/B (AO21x2_ASAP7_75t_R)
     1    0.93    6.88   12.58  280.81 ^ _581_/Y (AO21x2_ASAP7_75t_R)
                                         _146_ (net)
                  6.88    0.11  280.92 ^ mem[1][29]$_DFFE_PP_/D (DFFHQNx1_ASAP7_75t_R)
                                280.92   data arrival time

                       1660.00 1660.00   clock clk (rise edge)
                          0.00 1660.00   clock source latency
     1    3.14    0.00    0.00 1660.00 ^ clk (in)
                                         clk (net)
                  2.24    0.71 1660.71 ^ clkbuf_0_clk/A (BUFx8_ASAP7_75t_R)
     8   10.32   14.77   17.94 1678.65 ^ clkbuf_0_clk/Y (BUFx8_ASAP7_75t_R)
                                         clknet_0_clk (net)
                 15.00    1.02 1679.67 ^ clkbuf_3_1__f_clk/A (BUFx8_ASAP7_75t_R)
    12    7.45   11.59   21.02 1700.69 ^ clkbuf_3_1__f_clk/Y (BUFx8_ASAP7_75t_R)
                                         clknet_3_1__leaf_clk (net)
                 11.68    0.56 1701.25 ^ mem[1][29]$_DFFE_PP_/CLK (DFFHQNx1_ASAP7_75t_R)
                          0.80 1702.06   clock reconvergence pessimism
                         -5.57 1696.49   library setup time
                               1696.49   data required time
-----------------------------------------------------------------------------
                               1696.49   data required time
                               -280.92   data arrival time
-----------------------------------------------------------------------------
                               1415.57   slack (MET)



==========================================================================
global route report_checks -unconstrained
--------------------------------------------------------------------------
Startpoint: ce_in (input port)
Endpoint: mem[0][22]$_DFFE_PP_ (rising edge-triggered flip-flop clocked by clk)
Path Group: in2reg
Path Type: max

Fanout     Cap    Slew   Delay    Time   Description
-----------------------------------------------------------------------------
                          0.00    0.00 ^ input external delay
     1    3.10    0.00    0.00    0.00 ^ ce_in (in)
                                         ce_in (net)
                  1.04    0.33    0.33 ^ input9/A (BUFx12f_ASAP7_75t_R)
     4   10.76   10.95   11.40   11.72 ^ input9/Y (BUFx12f_ASAP7_75t_R)
                                         net9 (net)
                 11.49    1.31   13.04 ^ _504_/B (AND3x4_ASAP7_75t_R)
     7   16.78   34.90   32.14   45.17 ^ _504_/Y (AND3x4_ASAP7_75t_R)
                                         _256_ (net)
                 35.28    2.05   47.22 ^ rebuffer108/A (BUFx6f_ASAP7_75t_R)
     2    6.09   10.83   19.41   66.63 ^ rebuffer108/Y (BUFx6f_ASAP7_75t_R)
                                         net108 (net)
                 11.23    1.10   67.73 ^ clone107/A (BUFx16f_ASAP7_75t_R)
     8    7.85    8.24   15.61   83.34 ^ clone107/Y (BUFx16f_ASAP7_75t_R)
                                         net107 (net)
                  9.05    1.33   84.67 ^ _526_/A1 (AO21x1_ASAP7_75t_R)
     1    1.02    9.39   13.92   98.59 ^ _526_/Y (AO21x1_ASAP7_75t_R)
                                         _122_ (net)
                  9.40    0.14   98.73 ^ mem[0][22]$_DFFE_PP_/D (DFFHQNx1_ASAP7_75t_R)
                                 98.73   data arrival time

                         80.00   80.00   max_delay
                         -5.73   74.27   library setup time
                                 74.27   data required time
-----------------------------------------------------------------------------
                                 74.27   data required time
                                -98.73   data arrival time
-----------------------------------------------------------------------------
                                -24.45   slack (VIOLATED)


Startpoint: rd_out[21]$_DFFE_PP_
            (rising edge-triggered flip-flop clocked by clk)
Endpoint: rd_out[21] (output port)
Path Group: reg2out
Path Type: max

Fanout     Cap    Slew   Delay    Time   Description
-----------------------------------------------------------------------------
                 13.93    0.00    0.00 ^ rd_out[21]$_DFFE_PP_/CLK (DFFHQNx1_ASAP7_75t_R)
     1    1.06   14.65   37.85   37.85 ^ rd_out[21]$_DFFE_PP_/QN (DFFHQNx1_ASAP7_75t_R)
                                         _004_ (net)
                 14.65    0.14   37.99 ^ _398_/A (INVx1_ASAP7_75t_R)
     2    1.59   11.65    9.32   47.31 v _398_/Y (INVx1_ASAP7_75t_R)
                                         net56 (net)
                 11.65    0.13   47.45 v output56/A (BUFx2_ASAP7_75t_R)
     1    0.44    4.64   14.00   61.45 v output56/Y (BUFx2_ASAP7_75t_R)
                                         rd_out[21] (net)
                  4.64    0.04   61.49 v rd_out[21] (out)
                                 61.49   data arrival time

                         80.00   80.00   max_delay
                          0.00   80.00   output external delay
                                 80.00   data required time
-----------------------------------------------------------------------------
                                 80.00   data required time
                                -61.49   data arrival time
-----------------------------------------------------------------------------
                                 18.51   slack (MET)


Startpoint: index[0]$_DFFE_PP_ (rising edge-triggered flip-flop clocked by clk)
Endpoint: mem[1][29]$_DFFE_PP_ (rising edge-triggered flip-flop clocked by clk)
Path Group: reg2reg
Path Type: max

Fanout     Cap    Slew   Delay    Time   Description
-----------------------------------------------------------------------------
                          0.00    0.00   clock clk (rise edge)
                          0.00    0.00   clock source latency
     1    3.34    0.00    0.00    0.00 ^ clk (in)
                                         clk (net)
                  2.50    0.79    0.79 ^ clkbuf_0_clk/A (BUFx8_ASAP7_75t_R)
     8   11.98   15.80   18.66   19.45 ^ clkbuf_0_clk/Y (BUFx8_ASAP7_75t_R)
                                         clknet_0_clk (net)
                 16.76    2.06   21.51 ^ clkbuf_3_7__f_clk/A (BUFx8_ASAP7_75t_R)
    14   10.08   14.18   22.58   44.08 ^ clkbuf_3_7__f_clk/Y (BUFx8_ASAP7_75t_R)
                                         clknet_3_7__leaf_clk (net)
                 14.51    1.16   45.25 ^ index[0]$_DFFE_PP_/CLK (DFFHQNx1_ASAP7_75t_R)
     1    0.91   13.59   37.31   82.56 ^ index[0]$_DFFE_PP_/QN (DFFHQNx1_ASAP7_75t_R)
                                         _009_ (net)
                 13.59    0.10   82.66 ^ place104/A (BUFx3_ASAP7_75t_R)
    35   31.72   73.46   36.55  119.20 ^ place104/Y (BUFx3_ASAP7_75t_R)
                                         net104 (net)
                 81.08   12.44  131.64 ^ _429_/A (INVx3_ASAP7_75t_R)
    34   30.07   74.36   44.01  175.66 v _429_/Y (INVx3_ASAP7_75t_R)
                                         _198_ (net)
                 78.96    9.91  185.57 v _574_/A (AND3x4_ASAP7_75t_R)
     9   20.70   36.74   45.20  230.77 v _574_/Y (AND3x4_ASAP7_75t_R)
                                         _295_ (net)
                 40.75    6.37  237.14 v place89/A (BUFx12f_ASAP7_75t_R)
     5   10.32   10.67   22.40  259.54 v place89/Y (BUFx12f_ASAP7_75t_R)
                                         net89 (net)
                 11.02    1.05  260.59 v _580_/B (NOR2x1p5_ASAP7_75t_R)
     1    0.92   10.02    7.56  268.15 ^ _580_/Y (NOR2x1p5_ASAP7_75t_R)
                                         _300_ (net)
                 10.02    0.08  268.23 ^ _581_/B (AO21x2_ASAP7_75t_R)
     1    0.93    6.88   12.58  280.81 ^ _581_/Y (AO21x2_ASAP7_75t_R)
                                         _146_ (net)
                  6.88    0.11  280.92 ^ mem[1][29]$_DFFE_PP_/D (DFFHQNx1_ASAP7_75t_R)
                                280.92   data arrival time

                       1660.00 1660.00   clock clk (rise edge)
                          0.00 1660.00   clock source latency
     1    3.14    0.00    0.00 1660.00 ^ clk (in)
                                         clk (net)
                  2.24    0.71 1660.71 ^ clkbuf_0_clk/A (BUFx8_ASAP7_75t_R)
     8   10.32   14.77   17.94 1678.65 ^ clkbuf_0_clk/Y (BUFx8_ASAP7_75t_R)
                                         clknet_0_clk (net)
                 15.00    1.02 1679.67 ^ clkbuf_3_1__f_clk/A (BUFx8_ASAP7_75t_R)
    12    7.45   11.59   21.02 1700.69 ^ clkbuf_3_1__f_clk/Y (BUFx8_ASAP7_75t_R)
                                         clknet_3_1__leaf_clk (net)
                 11.68    0.56 1701.25 ^ mem[1][29]$_DFFE_PP_/CLK (DFFHQNx1_ASAP7_75t_R)
                          0.80 1702.06   clock reconvergence pessimism
                         -5.57 1696.49   library setup time
                               1696.49   data required time
-----------------------------------------------------------------------------
                               1696.49   data required time
                               -280.92   data arrival time
-----------------------------------------------------------------------------
                               1415.57   slack (MET)



==========================================================================
global route report_check_types -max_slew -max_cap -max_fanout -violators
--------------------------------------------------------------------------

==========================================================================
global route max_slew_check_slack
--------------------------------------------------------------------------
233.4290313720703

==========================================================================
global route max_slew_check_limit
--------------------------------------------------------------------------
320.0

==========================================================================
global route max_slew_check_slack_limit
--------------------------------------------------------------------------
0.7295

==========================================================================
global route max_fanout_check_slack
--------------------------------------------------------------------------
1.0000000150474662e+30

==========================================================================
global route max_fanout_check_limit
--------------------------------------------------------------------------
1.0000000150474662e+30

==========================================================================
global route max_capacitance_check_slack
--------------------------------------------------------------------------
22.05959701538086

==========================================================================
global route max_capacitance_check_limit
--------------------------------------------------------------------------
23.040000915527344

==========================================================================
global route max_capacitance_check_slack_limit
--------------------------------------------------------------------------
0.9574

==========================================================================
global route max_slew_violation_count
--------------------------------------------------------------------------
max slew violation count 0

==========================================================================
global route max_fanout_violation_count
--------------------------------------------------------------------------
max fanout violation count 0

==========================================================================
global route max_cap_violation_count
--------------------------------------------------------------------------
max cap violation count 0

==========================================================================
global route setup_violation_count
--------------------------------------------------------------------------
setup violation count 97

==========================================================================
global route hold_violation_count
--------------------------------------------------------------------------
hold violation count 0

==========================================================================
global route report_checks -path_delay max reg to reg
--------------------------------------------------------------------------
Startpoint: index[0]$_DFFE_PP_ (rising edge-triggered flip-flop clocked by clk)
Endpoint: mem[1][29]$_DFFE_PP_ (rising edge-triggered flip-flop clocked by clk)
Path Group: reg2reg
Path Type: max

  Delay    Time   Description
---------------------------------------------------------
   0.00    0.00   clock clk (rise edge)
   0.00    0.00   clock source latency
   0.00    0.00 ^ clk (in)
  19.45   19.45 ^ clkbuf_0_clk/Y (BUFx8_ASAP7_75t_R)
  24.64   44.08 ^ clkbuf_3_7__f_clk/Y (BUFx8_ASAP7_75t_R)
   1.16   45.25 ^ index[0]$_DFFE_PP_/CLK (DFFHQNx1_ASAP7_75t_R)
  37.31   82.56 ^ index[0]$_DFFE_PP_/QN (DFFHQNx1_ASAP7_75t_R)
  36.64  119.20 ^ place104/Y (BUFx3_ASAP7_75t_R)
  56.45  175.66 v _429_/Y (INVx3_ASAP7_75t_R)
  55.11  230.77 v _574_/Y (AND3x4_ASAP7_75t_R)
  28.77  259.54 v place89/Y (BUFx12f_ASAP7_75t_R)
   8.61  268.15 ^ _580_/Y (NOR2x1p5_ASAP7_75t_R)
  12.66  280.81 ^ _581_/Y (AO21x2_ASAP7_75t_R)
   0.11  280.92 ^ mem[1][29]$_DFFE_PP_/D (DFFHQNx1_ASAP7_75t_R)
         280.92   data arrival time

1660.00 1660.00   clock clk (rise edge)
   0.00 1660.00   clock source latency
   0.00 1660.00 ^ clk (in)
  18.64 1678.65 ^ clkbuf_0_clk/Y (BUFx8_ASAP7_75t_R)
  22.05 1700.69 ^ clkbuf_3_1__f_clk/Y (BUFx8_ASAP7_75t_R)
   0.56 1701.25 ^ mem[1][29]$_DFFE_PP_/CLK (DFFHQNx1_ASAP7_75t_R)
   0.80 1702.06   clock reconvergence pessimism
  -5.57 1696.49   library setup time
        1696.49   data required time
---------------------------------------------------------
        1696.49   data required time
        -280.92   data arrival time
---------------------------------------------------------
        1415.57   slack (MET)



==========================================================================
global route report_checks -path_delay min reg to reg
--------------------------------------------------------------------------
Startpoint: rd_out[10]$_DFFE_PP_
            (rising edge-triggered flip-flop clocked by clk)
Endpoint: rd_out[10]$_DFFE_PP_ (rising edge-triggered flip-flop clocked by clk)
Path Group: reg2reg
Path Type: min

  Delay    Time   Description
---------------------------------------------------------
   0.00    0.00   clock clk (rise edge)
   0.00    0.00   clock source latency
   0.00    0.00 ^ clk (in)
  18.64   18.64 ^ clkbuf_0_clk/Y (BUFx8_ASAP7_75t_R)
  23.32   41.96 ^ clkbuf_3_7__f_clk/Y (BUFx8_ASAP7_75t_R)
   0.98   42.94 ^ rd_out[10]$_DFFE_PP_/CLK (DFFHQNx1_ASAP7_75t_R)
  35.37   78.31 ^ rd_out[10]$_DFFE_PP_/QN (DFFHQNx1_ASAP7_75t_R)
   7.41   85.72 v _419_/Y (INVx1_ASAP7_75t_R)
  16.80  102.52 v _459_/Y (OA21x2_ASAP7_75t_R)
   0.10  102.62 v rd_out[10]$_DFFE_PP_/D (DFFHQNx1_ASAP7_75t_R)
         102.62   data arrival time

   0.00    0.00   clock clk (rise edge)
   0.00    0.00   clock source latency
   0.00    0.00 ^ clk (in)
  19.45   19.45 ^ clkbuf_0_clk/Y (BUFx8_ASAP7_75t_R)
  24.64   44.08 ^ clkbuf_3_7__f_clk/Y (BUFx8_ASAP7_75t_R)
   1.16   45.25 ^ rd_out[10]$_DFFE_PP_/CLK (DFFHQNx1_ASAP7_75t_R)
  -2.31   42.94   clock reconvergence pessimism
  12.32   55.26   library hold time
          55.26   data required time
---------------------------------------------------------
          55.26   data required time
        -102.62   data arrival time
---------------------------------------------------------
          47.36   slack (MET)



==========================================================================
global route critical path target clock latency max path
--------------------------------------------------------------------------
42.0497

==========================================================================
global route critical path target clock latency min path
--------------------------------------------------------------------------
0

==========================================================================
global route critical path source clock latency min path
--------------------------------------------------------------------------
0

==========================================================================
global route critical path delay
--------------------------------------------------------------------------
98.7260

==========================================================================
global route critical path slack
--------------------------------------------------------------------------
-24.4515

==========================================================================
global route slack div critical path delay
--------------------------------------------------------------------------
-24.767032

==========================================================================
global route report_power
--------------------------------------------------------------------------
Group                  Internal  Switching    Leakage      Total
                          Power      Power      Power      Power (Watts)
----------------------------------------------------------------
Sequential             1.59e-04   3.02e-05   1.47e-08   1.90e-04  44.8%
Combinational          9.64e-05   6.69e-05   3.34e-08   1.63e-04  38.6%
Clock                  3.85e-05   3.16e-05   2.19e-09   7.01e-05  16.6%
Macro                  0.00e+00   0.00e+00   0.00e+00   0.00e+00   0.0%
Pad                    0.00e+00   0.00e+00   0.00e+00   0.00e+00   0.0%
----------------------------------------------------------------
Total                  2.94e-04   1.29e-04   5.03e-08   4.23e-04 100.0%
                          69.6%      30.4%       0.0%
