
==========================================================================
detailed place report_tns
--------------------------------------------------------------------------
tns max -38.69

==========================================================================
detailed place report_wns
--------------------------------------------------------------------------
wns max -20.51

==========================================================================
detailed place report_worst_slack
--------------------------------------------------------------------------
worst slack max -20.51

==========================================================================
detailed place report_clock_min_period
--------------------------------------------------------------------------
main_clk period_min = 1020.51 fmax = 979.90

==========================================================================
detailed place report_checks -path_delay min
--------------------------------------------------------------------------
Startpoint: gen_cache_hpd.i_cache_subsystem.i_axi_arbiter.genblk1.i_icache_hpdcache_data_upsize.buf_q[92]$_DFFE_PN0P_
            (rising edge-triggered flip-flop clocked by main_clk)
Endpoint: gen_cache_hpd.i_cache_subsystem.i_cva6_icache.gen_sram[0].data_sram.gen_techno_cut.genblk1.i_tc_sram_wrapper
          (rising edge-triggered flip-flop clocked by main_clk)
Path Group: main_clk
Path Type: min

Fanout     Cap    Slew   Delay    Time   Description
-----------------------------------------------------------------------------
                  0.00    0.00    0.00   clock main_clk (rise edge)
                          0.00    0.00   clock network delay (ideal)
                  0.00    0.00    0.00 ^ gen_cache_hpd.i_cache_subsystem.i_axi_arbiter.genblk1.i_icache_hpdcache_data_upsize.buf_q[92]$_DFFE_PN0P_/CLK (DFFASRHQNx1_ASAP7_75t_SL)
     2    1.42   15.10   28.39   28.39 ^ gen_cache_hpd.i_cache_subsystem.i_axi_arbiter.genblk1.i_icache_hpdcache_data_upsize.buf_q[92]$_DFFE_PN0P_/QN (DFFASRHQNx1_ASAP7_75t_SL)
                                         _005320_ (net)
                 15.10    0.05   28.43 ^ _104550_/A (INVx1_ASAP7_75t_R)
     1    0.59    6.88    6.27   34.70 v _104550_/Y (INVx1_ASAP7_75t_R)
                                         gen_cache_hpd.i_cache_subsystem.i_axi_arbiter.genblk1.i_icache_hpdcache_data_upsize.buf_q[92] (net)
                  6.88    0.02   34.72 v place44442/A (BUFx3_ASAP7_75t_L)
     3   21.45   37.67   20.49   55.21 v place44442/Y (BUFx3_ASAP7_75t_L)
                                         net44267 (net)
                 28.40    1.64   56.85 v gen_cache_hpd.i_cache_subsystem.i_cva6_icache.gen_sram[0].data_sram.gen_techno_cut.genblk1.i_tc_sram_wrapper/wd_in[220] (fakeram7_64x256)
                                 56.85   data arrival time

                  0.00    0.00    0.00   clock main_clk (rise edge)
                          0.00    0.00   clock network delay (ideal)
                          0.00    0.00   clock reconvergence pessimism
                                  0.00 ^ gen_cache_hpd.i_cache_subsystem.i_cva6_icache.gen_sram[0].data_sram.gen_techno_cut.genblk1.i_tc_sram_wrapper/clk (fakeram7_64x256)
                         50.00   50.00   library hold time
                                 50.00   data required time
-----------------------------------------------------------------------------
                                 50.00   data required time
                                -56.85   data arrival time
-----------------------------------------------------------------------------
                                  6.85   slack (MET)



==========================================================================
detailed place report_checks -path_delay max
--------------------------------------------------------------------------
Startpoint: issue_stage_i.i_issue_read_operands.mult_valid_o[1]$_DFF_PN0_
            (rising edge-triggered flip-flop clocked by main_clk)
Endpoint: ex_stage_i.i_mult.i_multiplier.mult_result_q[62]$_DFF_PN0_
          (rising edge-triggered flip-flop clocked by main_clk)
Path Group: main_clk
Path Type: max

Fanout     Cap    Slew   Delay    Time   Description
-----------------------------------------------------------------------------
                  0.00    0.00    0.00   clock main_clk (rise edge)
                          0.00    0.00   clock network delay (ideal)
                  0.00    0.00    0.00 ^ issue_stage_i.i_issue_read_operands.mult_valid_o[1]$_DFF_PN0_/CLK (DFFASRHQNx1_ASAP7_75t_SL)
     2    4.43   30.07   36.31   36.31 ^ issue_stage_i.i_issue_read_operands.mult_valid_o[1]$_DFF_PN0_/QN (DFFASRHQNx1_ASAP7_75t_SL)
                                         _008174_ (net)
                 30.08    0.20   36.51 ^ place44759/A (BUFx3_ASAP7_75t_L)
    10   12.38   26.31   22.62   59.13 ^ place44759/Y (BUFx3_ASAP7_75t_L)
                                         net44584 (net)
                 26.31    0.24   59.37 ^ place44751/A (BUFx3_ASAP7_75t_L)
     5    3.66   10.11   15.59   74.96 ^ place44751/Y (BUFx3_ASAP7_75t_L)
                                         net44576 (net)
                 10.11    0.08   75.04 ^ place44747/A (BUFx3_ASAP7_75t_L)
    10    8.71   19.21   17.00   92.03 ^ place44747/Y (BUFx3_ASAP7_75t_L)
                                         net44572 (net)
                 19.46    1.20   93.23 ^ place44746/A (BUFx3_ASAP7_75t_L)
    10    9.24   19.89   19.30  112.53 ^ place44746/Y (BUFx3_ASAP7_75t_L)
                                         net44571 (net)
                 19.92    0.47  113.00 ^ place44745/A (BUFx3_ASAP7_75t_L)
    10   10.73   22.79   20.47  133.46 ^ place44745/Y (BUFx3_ASAP7_75t_L)
                                         net44570 (net)
                 22.79    0.21  133.67 ^ place44744/A (BUFx3_ASAP7_75t_L)
    10    9.10   19.64   19.64  153.31 ^ place44744/Y (BUFx3_ASAP7_75t_L)
                                         net44569 (net)
                 19.66    0.29  153.61 ^ _115960_/A1 (OAI22x1_ASAP7_75t_R)
     2    2.33   26.72   14.80  168.41 v _115960_/Y (OAI22x1_ASAP7_75t_R)
                                         _048524_ (net)
                 26.74    0.38  168.78 v _125272_/A (AND2x2_ASAP7_75t_R)
     2    4.29   15.33   25.43  194.21 v _125272_/Y (AND2x2_ASAP7_75t_R)
                                         _056444_ (net)
                 15.33    0.10  194.31 v place39963/A (BUFx3_ASAP7_75t_L)
    10   15.86   28.73   22.77  217.08 v place39963/Y (BUFx3_ASAP7_75t_L)
                                         net39788 (net)
                 29.36    2.35  219.43 v _125353_/B (NAND2x1_ASAP7_75t_L)
     2    3.50   29.08   18.22  237.65 ^ _125353_/Y (NAND2x1_ASAP7_75t_L)
                                         _009840_ (net)
                 29.08    0.08  237.73 ^ _125354_/A (INVx2_ASAP7_75t_R)
     1    2.67   13.32   10.55  248.27 v _125354_/Y (INVx2_ASAP7_75t_R)
                                         _009745_ (net)
                 13.33    0.16  248.43 v _197140_/B (FAx1_ASAP7_75t_SL)
     4    7.25   80.32   37.61  286.04 ^ _197140_/CON (FAx1_ASAP7_75t_SL)
                                         _009750_ (net)
     2    1.81   33.39   13.40  299.44 v _197140_/SN (FAx1_ASAP7_75t_SL)
                                         _009749_ (net)
                 33.39    0.04  299.49 v place39234/A (BUFx3_ASAP7_75t_L)
     4    8.74   17.23   22.16  321.64 v place39234/Y (BUFx3_ASAP7_75t_L)
                                         net39059 (net)
                 17.25    0.36  322.01 v _197152_/A (FAx1_ASAP7_75t_R)
     1    2.46   54.24   51.53  373.54 v _197152_/SN (FAx1_ASAP7_75t_R)
                                         _103097_ (net)
                 54.24    0.16  373.70 v _197173_/B (FAx1_ASAP7_75t_R)
     1    2.38   51.28   60.99  434.69 v _197173_/SN (FAx1_ASAP7_75t_R)
                                         _103123_ (net)
                 51.29    0.12  434.81 v _197198_/B (FAx1_ASAP7_75t_R)
     1    1.83   42.95   33.81  468.62 ^ _197198_/CON (FAx1_ASAP7_75t_R)
                                         _103101_ (net)
     1    1.07   28.92   16.02  484.64 v _197198_/SN (FAx1_ASAP7_75t_R)
                                         _014565_ (net)
                 28.92    0.09  484.73 v _126046_/A (INVx1_ASAP7_75t_R)
     1    2.52   22.03   17.06  501.79 ^ _126046_/Y (INVx1_ASAP7_75t_R)
                                         _009897_ (net)
                 22.04    0.19  501.98 ^ _197204_/B (FAx1_ASAP7_75t_R)
     1    1.77   38.97   44.13  546.10 v _197204_/SN (FAx1_ASAP7_75t_R)
                                         _103130_ (net)
                 38.97    0.08  546.19 v _197207_/CI (FAx1_ASAP7_75t_R)
     1    0.97   33.65   24.41  570.59 ^ _197207_/CON (FAx1_ASAP7_75t_R)
                                         _009923_ (net)
     1    0.85   26.68   13.58  584.18 v _197207_/SN (FAx1_ASAP7_75t_R)
                                         _010001_ (net)
                 26.68    0.04  584.22 v _126056_/A (INVx1_ASAP7_75t_R)
     1    2.39   20.85   16.07  600.29 ^ _126056_/Y (INVx1_ASAP7_75t_R)
                                         _009926_ (net)
                 20.85    0.20  600.50 ^ _197233_/A (FAx1_ASAP7_75t_R)
     1    0.97   23.67   33.82  634.32 v _197233_/SN (FAx1_ASAP7_75t_R)
                                         _009999_ (net)
                 23.67    0.07  634.39 v _125652_/A (INVx1_ASAP7_75t_R)
     1    2.11   18.53   14.46  648.85 ^ _125652_/Y (INVx1_ASAP7_75t_R)
                                         _010000_ (net)
                 18.53    0.08  648.93 ^ _197260_/A (FAx1_ASAP7_75t_R)
     1    0.76   20.96   30.73  679.67 v _197260_/SN (FAx1_ASAP7_75t_R)
                                         _010078_ (net)
                 20.96    0.03  679.70 v _125218_/A (INVx1_ASAP7_75t_R)
     1    1.20   12.77   10.73  690.43 ^ _125218_/Y (INVx1_ASAP7_75t_R)
                                         _010080_ (net)
                 12.77    0.05  690.48 ^ _198689_/A (HAxp5_ASAP7_75t_R)
     6    4.69   82.10   63.50  753.98 v _198689_/SN (HAxp5_ASAP7_75t_R)
                                         _014593_ (net)
                 82.10    0.25  754.23 v _137373_/A (OR3x1_ASAP7_75t_R)
     1    1.10   11.91   34.81  789.04 v _137373_/Y (OR3x1_ASAP7_75t_R)
                                         _066178_ (net)
                 11.91    0.06  789.10 v _137374_/C (AO211x2_ASAP7_75t_R)
     2    2.44   10.57   19.58  808.67 v _137374_/Y (AO211x2_ASAP7_75t_R)
                                         _066179_ (net)
                 10.59    0.26  808.93 v _137380_/A1 (AO31x2_ASAP7_75t_R)
     3    3.92   13.85   17.47  826.40 v _137380_/Y (AO31x2_ASAP7_75t_R)
                                         _066185_ (net)
                 14.01    0.85  827.24 v _137382_/C1 (OA222x2_ASAP7_75t_SL)
     2    1.67   11.29   18.89  846.13 v _137382_/Y (OA222x2_ASAP7_75t_SL)
                                         _066187_ (net)
                 11.30    0.12  846.25 v _137383_/D (AND4x1_ASAP7_75t_SL)
     1    0.90    7.85   10.38  856.63 v _137383_/Y (AND4x1_ASAP7_75t_SL)
                                         _066188_ (net)
                  7.85    0.05  856.68 v _137386_/A2 (OA21x2_ASAP7_75t_SL)
     2    1.71    7.72   13.21  869.89 v _137386_/Y (OA21x2_ASAP7_75t_SL)
                                         _066191_ (net)
                  7.73    0.10  869.99 v _137387_/A (OR4x1_ASAP7_75t_SL)
     2    1.89   15.18   18.62  888.61 v _137387_/Y (OR4x1_ASAP7_75t_SL)
                                         _066192_ (net)
                 15.19    0.18  888.78 v _137392_/A1 (OA21x2_ASAP7_75t_SL)
     1    0.74    6.22   12.43  901.21 v _137392_/Y (OA21x2_ASAP7_75t_SL)
                                         _066197_ (net)
                  6.22    0.02  901.24 v _137393_/A2 (OA21x2_ASAP7_75t_SL)
     2    1.87    9.71   13.03  914.26 v _137393_/Y (OA21x2_ASAP7_75t_SL)
                                         _066198_ (net)
                  9.72    0.16  914.42 v _137394_/A2 (OA21x2_ASAP7_75t_SL)
     1    0.91    8.64   12.68  927.10 v _137394_/Y (OA21x2_ASAP7_75t_SL)
                                         _066199_ (net)
                  8.64    0.05  927.16 v _137395_/A2 (OA21x2_ASAP7_75t_SL)
     2    1.73    9.06   13.43  940.59 v _137395_/Y (OA21x2_ASAP7_75t_SL)
                                         _066200_ (net)
                  9.06    0.09  940.68 v _137396_/A2 (OA21x2_ASAP7_75t_SL)
     1    1.04    8.52   12.67  953.35 v _137396_/Y (OA21x2_ASAP7_75t_SL)
                                         _066201_ (net)
                  8.52    0.08  953.43 v _137397_/A2 (OA21x2_ASAP7_75t_SL)
     2    1.87    9.66   13.57  966.99 v _137397_/Y (OA21x2_ASAP7_75t_SL)
                                         _066202_ (net)
                  9.67    0.15  967.14 v _137398_/A2 (OA21x2_ASAP7_75t_SL)
     1    0.85    7.60   12.60  979.74 v _137398_/Y (OA21x2_ASAP7_75t_SL)
                                         _066203_ (net)
                  7.60    0.04  979.78 v _137399_/A2 (OA21x2_ASAP7_75t_SL)
     1    1.33    8.71   12.69  992.47 v _137399_/Y (OA21x2_ASAP7_75t_SL)
                                         _066204_ (net)
                  8.71    0.08  992.56 v _137400_/A (XOR2x2_ASAP7_75t_SL)
     1    0.76    7.20   17.40 1009.95 ^ _137400_/Y (XOR2x2_ASAP7_75t_SL)
                                         ex_stage_i.i_mult.i_multiplier.mult_result_d[62] (net)
                  7.20    0.03 1009.98 ^ ex_stage_i.i_mult.i_multiplier.mult_result_q[62]$_DFF_PN0_/D (DFFASRHQNx1_ASAP7_75t_SL)
                               1009.98   data arrival time

                  0.00 1000.00 1000.00   clock main_clk (rise edge)
                          0.00 1000.00   clock network delay (ideal)
                          0.00 1000.00   clock reconvergence pessimism
                               1000.00 ^ ex_stage_i.i_mult.i_multiplier.mult_result_q[62]$_DFF_PN0_/CLK (DFFASRHQNx1_ASAP7_75t_SL)
                        -10.53  989.47   library setup time
                                989.47   data required time
-----------------------------------------------------------------------------
                                989.47   data required time
                               -1009.98   data arrival time
-----------------------------------------------------------------------------
                                -20.51   slack (VIOLATED)



==========================================================================
detailed place report_checks -unconstrained
--------------------------------------------------------------------------
Startpoint: issue_stage_i.i_issue_read_operands.mult_valid_o[1]$_DFF_PN0_
            (rising edge-triggered flip-flop clocked by main_clk)
Endpoint: ex_stage_i.i_mult.i_multiplier.mult_result_q[62]$_DFF_PN0_
          (rising edge-triggered flip-flop clocked by main_clk)
Path Group: main_clk
Path Type: max

Fanout     Cap    Slew   Delay    Time   Description
-----------------------------------------------------------------------------
                  0.00    0.00    0.00   clock main_clk (rise edge)
                          0.00    0.00   clock network delay (ideal)
                  0.00    0.00    0.00 ^ issue_stage_i.i_issue_read_operands.mult_valid_o[1]$_DFF_PN0_/CLK (DFFASRHQNx1_ASAP7_75t_SL)
     2    4.43   30.07   36.31   36.31 ^ issue_stage_i.i_issue_read_operands.mult_valid_o[1]$_DFF_PN0_/QN (DFFASRHQNx1_ASAP7_75t_SL)
                                         _008174_ (net)
                 30.08    0.20   36.51 ^ place44759/A (BUFx3_ASAP7_75t_L)
    10   12.38   26.31   22.62   59.13 ^ place44759/Y (BUFx3_ASAP7_75t_L)
                                         net44584 (net)
                 26.31    0.24   59.37 ^ place44751/A (BUFx3_ASAP7_75t_L)
     5    3.66   10.11   15.59   74.96 ^ place44751/Y (BUFx3_ASAP7_75t_L)
                                         net44576 (net)
                 10.11    0.08   75.04 ^ place44747/A (BUFx3_ASAP7_75t_L)
    10    8.71   19.21   17.00   92.03 ^ place44747/Y (BUFx3_ASAP7_75t_L)
                                         net44572 (net)
                 19.46    1.20   93.23 ^ place44746/A (BUFx3_ASAP7_75t_L)
    10    9.24   19.89   19.30  112.53 ^ place44746/Y (BUFx3_ASAP7_75t_L)
                                         net44571 (net)
                 19.92    0.47  113.00 ^ place44745/A (BUFx3_ASAP7_75t_L)
    10   10.73   22.79   20.47  133.46 ^ place44745/Y (BUFx3_ASAP7_75t_L)
                                         net44570 (net)
                 22.79    0.21  133.67 ^ place44744/A (BUFx3_ASAP7_75t_L)
    10    9.10   19.64   19.64  153.31 ^ place44744/Y (BUFx3_ASAP7_75t_L)
                                         net44569 (net)
                 19.66    0.29  153.61 ^ _115960_/A1 (OAI22x1_ASAP7_75t_R)
     2    2.33   26.72   14.80  168.41 v _115960_/Y (OAI22x1_ASAP7_75t_R)
                                         _048524_ (net)
                 26.74    0.38  168.78 v _125272_/A (AND2x2_ASAP7_75t_R)
     2    4.29   15.33   25.43  194.21 v _125272_/Y (AND2x2_ASAP7_75t_R)
                                         _056444_ (net)
                 15.33    0.10  194.31 v place39963/A (BUFx3_ASAP7_75t_L)
    10   15.86   28.73   22.77  217.08 v place39963/Y (BUFx3_ASAP7_75t_L)
                                         net39788 (net)
                 29.36    2.35  219.43 v _125353_/B (NAND2x1_ASAP7_75t_L)
     2    3.50   29.08   18.22  237.65 ^ _125353_/Y (NAND2x1_ASAP7_75t_L)
                                         _009840_ (net)
                 29.08    0.08  237.73 ^ _125354_/A (INVx2_ASAP7_75t_R)
     1    2.67   13.32   10.55  248.27 v _125354_/Y (INVx2_ASAP7_75t_R)
                                         _009745_ (net)
                 13.33    0.16  248.43 v _197140_/B (FAx1_ASAP7_75t_SL)
     4    7.25   80.32   37.61  286.04 ^ _197140_/CON (FAx1_ASAP7_75t_SL)
                                         _009750_ (net)
     2    1.81   33.39   13.40  299.44 v _197140_/SN (FAx1_ASAP7_75t_SL)
                                         _009749_ (net)
                 33.39    0.04  299.49 v place39234/A (BUFx3_ASAP7_75t_L)
     4    8.74   17.23   22.16  321.64 v place39234/Y (BUFx3_ASAP7_75t_L)
                                         net39059 (net)
                 17.25    0.36  322.01 v _197152_/A (FAx1_ASAP7_75t_R)
     1    2.46   54.24   51.53  373.54 v _197152_/SN (FAx1_ASAP7_75t_R)
                                         _103097_ (net)
                 54.24    0.16  373.70 v _197173_/B (FAx1_ASAP7_75t_R)
     1    2.38   51.28   60.99  434.69 v _197173_/SN (FAx1_ASAP7_75t_R)
                                         _103123_ (net)
                 51.29    0.12  434.81 v _197198_/B (FAx1_ASAP7_75t_R)
     1    1.83   42.95   33.81  468.62 ^ _197198_/CON (FAx1_ASAP7_75t_R)
                                         _103101_ (net)
     1    1.07   28.92   16.02  484.64 v _197198_/SN (FAx1_ASAP7_75t_R)
                                         _014565_ (net)
                 28.92    0.09  484.73 v _126046_/A (INVx1_ASAP7_75t_R)
     1    2.52   22.03   17.06  501.79 ^ _126046_/Y (INVx1_ASAP7_75t_R)
                                         _009897_ (net)
                 22.04    0.19  501.98 ^ _197204_/B (FAx1_ASAP7_75t_R)
     1    1.77   38.97   44.13  546.10 v _197204_/SN (FAx1_ASAP7_75t_R)
                                         _103130_ (net)
                 38.97    0.08  546.19 v _197207_/CI (FAx1_ASAP7_75t_R)
     1    0.97   33.65   24.41  570.59 ^ _197207_/CON (FAx1_ASAP7_75t_R)
                                         _009923_ (net)
     1    0.85   26.68   13.58  584.18 v _197207_/SN (FAx1_ASAP7_75t_R)
                                         _010001_ (net)
                 26.68    0.04  584.22 v _126056_/A (INVx1_ASAP7_75t_R)
     1    2.39   20.85   16.07  600.29 ^ _126056_/Y (INVx1_ASAP7_75t_R)
                                         _009926_ (net)
                 20.85    0.20  600.50 ^ _197233_/A (FAx1_ASAP7_75t_R)
     1    0.97   23.67   33.82  634.32 v _197233_/SN (FAx1_ASAP7_75t_R)
                                         _009999_ (net)
                 23.67    0.07  634.39 v _125652_/A (INVx1_ASAP7_75t_R)
     1    2.11   18.53   14.46  648.85 ^ _125652_/Y (INVx1_ASAP7_75t_R)
                                         _010000_ (net)
                 18.53    0.08  648.93 ^ _197260_/A (FAx1_ASAP7_75t_R)
     1    0.76   20.96   30.73  679.67 v _197260_/SN (FAx1_ASAP7_75t_R)
                                         _010078_ (net)
                 20.96    0.03  679.70 v _125218_/A (INVx1_ASAP7_75t_R)
     1    1.20   12.77   10.73  690.43 ^ _125218_/Y (INVx1_ASAP7_75t_R)
                                         _010080_ (net)
                 12.77    0.05  690.48 ^ _198689_/A (HAxp5_ASAP7_75t_R)
     6    4.69   82.10   63.50  753.98 v _198689_/SN (HAxp5_ASAP7_75t_R)
                                         _014593_ (net)
                 82.10    0.25  754.23 v _137373_/A (OR3x1_ASAP7_75t_R)
     1    1.10   11.91   34.81  789.04 v _137373_/Y (OR3x1_ASAP7_75t_R)
                                         _066178_ (net)
                 11.91    0.06  789.10 v _137374_/C (AO211x2_ASAP7_75t_R)
     2    2.44   10.57   19.58  808.67 v _137374_/Y (AO211x2_ASAP7_75t_R)
                                         _066179_ (net)
                 10.59    0.26  808.93 v _137380_/A1 (AO31x2_ASAP7_75t_R)
     3    3.92   13.85   17.47  826.40 v _137380_/Y (AO31x2_ASAP7_75t_R)
                                         _066185_ (net)
                 14.01    0.85  827.24 v _137382_/C1 (OA222x2_ASAP7_75t_SL)
     2    1.67   11.29   18.89  846.13 v _137382_/Y (OA222x2_ASAP7_75t_SL)
                                         _066187_ (net)
                 11.30    0.12  846.25 v _137383_/D (AND4x1_ASAP7_75t_SL)
     1    0.90    7.85   10.38  856.63 v _137383_/Y (AND4x1_ASAP7_75t_SL)
                                         _066188_ (net)
                  7.85    0.05  856.68 v _137386_/A2 (OA21x2_ASAP7_75t_SL)
     2    1.71    7.72   13.21  869.89 v _137386_/Y (OA21x2_ASAP7_75t_SL)
                                         _066191_ (net)
                  7.73    0.10  869.99 v _137387_/A (OR4x1_ASAP7_75t_SL)
     2    1.89   15.18   18.62  888.61 v _137387_/Y (OR4x1_ASAP7_75t_SL)
                                         _066192_ (net)
                 15.19    0.18  888.78 v _137392_/A1 (OA21x2_ASAP7_75t_SL)
     1    0.74    6.22   12.43  901.21 v _137392_/Y (OA21x2_ASAP7_75t_SL)
                                         _066197_ (net)
                  6.22    0.02  901.24 v _137393_/A2 (OA21x2_ASAP7_75t_SL)
     2    1.87    9.71   13.03  914.26 v _137393_/Y (OA21x2_ASAP7_75t_SL)
                                         _066198_ (net)
                  9.72    0.16  914.42 v _137394_/A2 (OA21x2_ASAP7_75t_SL)
     1    0.91    8.64   12.68  927.10 v _137394_/Y (OA21x2_ASAP7_75t_SL)
                                         _066199_ (net)
                  8.64    0.05  927.16 v _137395_/A2 (OA21x2_ASAP7_75t_SL)
     2    1.73    9.06   13.43  940.59 v _137395_/Y (OA21x2_ASAP7_75t_SL)
                                         _066200_ (net)
                  9.06    0.09  940.68 v _137396_/A2 (OA21x2_ASAP7_75t_SL)
     1    1.04    8.52   12.67  953.35 v _137396_/Y (OA21x2_ASAP7_75t_SL)
                                         _066201_ (net)
                  8.52    0.08  953.43 v _137397_/A2 (OA21x2_ASAP7_75t_SL)
     2    1.87    9.66   13.57  966.99 v _137397_/Y (OA21x2_ASAP7_75t_SL)
                                         _066202_ (net)
                  9.67    0.15  967.14 v _137398_/A2 (OA21x2_ASAP7_75t_SL)
     1    0.85    7.60   12.60  979.74 v _137398_/Y (OA21x2_ASAP7_75t_SL)
                                         _066203_ (net)
                  7.60    0.04  979.78 v _137399_/A2 (OA21x2_ASAP7_75t_SL)
     1    1.33    8.71   12.69  992.47 v _137399_/Y (OA21x2_ASAP7_75t_SL)
                                         _066204_ (net)
                  8.71    0.08  992.56 v _137400_/A (XOR2x2_ASAP7_75t_SL)
     1    0.76    7.20   17.40 1009.95 ^ _137400_/Y (XOR2x2_ASAP7_75t_SL)
                                         ex_stage_i.i_mult.i_multiplier.mult_result_d[62] (net)
                  7.20    0.03 1009.98 ^ ex_stage_i.i_mult.i_multiplier.mult_result_q[62]$_DFF_PN0_/D (DFFASRHQNx1_ASAP7_75t_SL)
                               1009.98   data arrival time

                  0.00 1000.00 1000.00   clock main_clk (rise edge)
                          0.00 1000.00   clock network delay (ideal)
                          0.00 1000.00   clock reconvergence pessimism
                               1000.00 ^ ex_stage_i.i_mult.i_multiplier.mult_result_q[62]$_DFF_PN0_/CLK (DFFASRHQNx1_ASAP7_75t_SL)
                        -10.53  989.47   library setup time
                                989.47   data required time
-----------------------------------------------------------------------------
                                989.47   data required time
                               -1009.98   data arrival time
-----------------------------------------------------------------------------
                                -20.51   slack (VIOLATED)



==========================================================================
detailed place report_check_types -max_slew -max_cap -max_fanout -violators
--------------------------------------------------------------------------

==========================================================================
detailed place max_slew_check_slack
--------------------------------------------------------------------------
70.52613830566406

==========================================================================
detailed place max_slew_check_limit
--------------------------------------------------------------------------
320.0

==========================================================================
detailed place max_slew_check_slack_limit
--------------------------------------------------------------------------
0.2204

==========================================================================
detailed place max_fanout_check_slack
--------------------------------------------------------------------------
0.0

==========================================================================
detailed place max_fanout_check_limit
--------------------------------------------------------------------------
10.0

==========================================================================
detailed place max_fanout_check_slack_limit
--------------------------------------------------------------------------
0.0000

==========================================================================
detailed place max_capacitance_check_slack
--------------------------------------------------------------------------
2.620821475982666

==========================================================================
detailed place max_capacitance_check_limit
--------------------------------------------------------------------------
23.040000915527344

==========================================================================
detailed place max_capacitance_check_slack_limit
--------------------------------------------------------------------------
0.1138

==========================================================================
detailed place max_slew_violation_count
--------------------------------------------------------------------------
max slew violation count 0

==========================================================================
detailed place max_fanout_violation_count
--------------------------------------------------------------------------
max fanout violation count 0

==========================================================================
detailed place max_cap_violation_count
--------------------------------------------------------------------------
max cap violation count 0

==========================================================================
detailed place setup_violation_count
--------------------------------------------------------------------------
setup violation count 3

==========================================================================
detailed place hold_violation_count
--------------------------------------------------------------------------
hold violation count 0

==========================================================================
detailed place report_checks -path_delay max reg to reg
--------------------------------------------------------------------------
Startpoint: issue_stage_i.i_issue_read_operands.mult_valid_o[1]$_DFF_PN0_
            (rising edge-triggered flip-flop clocked by main_clk)
Endpoint: ex_stage_i.i_mult.i_multiplier.mult_result_q[62]$_DFF_PN0_
          (rising edge-triggered flip-flop clocked by main_clk)
Path Group: main_clk
Path Type: max

  Delay    Time   Description
---------------------------------------------------------
   0.00    0.00   clock main_clk (rise edge)
   0.00    0.00   clock network delay (ideal)
   0.00    0.00 ^ issue_stage_i.i_issue_read_operands.mult_valid_o[1]$_DFF_PN0_/CLK (DFFASRHQNx1_ASAP7_75t_SL)
  36.31   36.31 ^ issue_stage_i.i_issue_read_operands.mult_valid_o[1]$_DFF_PN0_/QN (DFFASRHQNx1_ASAP7_75t_SL)
  22.83   59.13 ^ place44759/Y (BUFx3_ASAP7_75t_L)
  15.83   74.96 ^ place44751/Y (BUFx3_ASAP7_75t_L)
  17.07   92.03 ^ place44747/Y (BUFx3_ASAP7_75t_L)
  20.50  112.53 ^ place44746/Y (BUFx3_ASAP7_75t_L)
  20.94  133.46 ^ place44745/Y (BUFx3_ASAP7_75t_L)
  19.85  153.31 ^ place44744/Y (BUFx3_ASAP7_75t_L)
  15.09  168.41 v _115960_/Y (OAI22x1_ASAP7_75t_R)
  25.81  194.21 v _125272_/Y (AND2x2_ASAP7_75t_R)
  22.87  217.08 v place39963/Y (BUFx3_ASAP7_75t_L)
  20.57  237.65 ^ _125353_/Y (NAND2x1_ASAP7_75t_L)
  10.62  248.27 v _125354_/Y (INVx2_ASAP7_75t_R)
  37.77  286.04 ^ _197140_/CON (FAx1_ASAP7_75t_SL)
  13.40  299.44 v _197140_/SN (FAx1_ASAP7_75t_SL)
  22.20  321.64 v place39234/Y (BUFx3_ASAP7_75t_L)
  51.90  373.54 v _197152_/SN (FAx1_ASAP7_75t_R)
  61.15  434.69 v _197173_/SN (FAx1_ASAP7_75t_R)
  33.93  468.62 ^ _197198_/CON (FAx1_ASAP7_75t_R)
  16.02  484.64 v _197198_/SN (FAx1_ASAP7_75t_R)
  17.15  501.79 ^ _126046_/Y (INVx1_ASAP7_75t_R)
  44.31  546.10 v _197204_/SN (FAx1_ASAP7_75t_R)
  24.49  570.59 ^ _197207_/CON (FAx1_ASAP7_75t_R)
  13.58  584.18 v _197207_/SN (FAx1_ASAP7_75t_R)
  16.12  600.29 ^ _126056_/Y (INVx1_ASAP7_75t_R)
  34.03  634.32 v _197233_/SN (FAx1_ASAP7_75t_R)
  14.53  648.85 ^ _125652_/Y (INVx1_ASAP7_75t_R)
  30.82  679.67 v _197260_/SN (FAx1_ASAP7_75t_R)
  10.76  690.43 ^ _125218_/Y (INVx1_ASAP7_75t_R)
  63.55  753.98 v _198689_/SN (HAxp5_ASAP7_75t_R)
  35.06  789.04 v _137373_/Y (OR3x1_ASAP7_75t_R)
  19.63  808.67 v _137374_/Y (AO211x2_ASAP7_75t_R)
  17.72  826.40 v _137380_/Y (AO31x2_ASAP7_75t_R)
  19.73  846.13 v _137382_/Y (OA222x2_ASAP7_75t_SL)
  10.50  856.63 v _137383_/Y (AND4x1_ASAP7_75t_SL)
  13.26  869.89 v _137386_/Y (OA21x2_ASAP7_75t_SL)
  18.72  888.61 v _137387_/Y (OR4x1_ASAP7_75t_SL)
  12.60  901.21 v _137392_/Y (OA21x2_ASAP7_75t_SL)
  13.05  914.26 v _137393_/Y (OA21x2_ASAP7_75t_SL)
  12.84  927.10 v _137394_/Y (OA21x2_ASAP7_75t_SL)
  13.49  940.59 v _137395_/Y (OA21x2_ASAP7_75t_SL)
  12.76  953.35 v _137396_/Y (OA21x2_ASAP7_75t_SL)
  13.64  966.99 v _137397_/Y (OA21x2_ASAP7_75t_SL)
  12.75  979.74 v _137398_/Y (OA21x2_ASAP7_75t_SL)
  12.73  992.47 v _137399_/Y (OA21x2_ASAP7_75t_SL)
  17.48 1009.95 ^ _137400_/Y (XOR2x2_ASAP7_75t_SL)
   0.03 1009.98 ^ ex_stage_i.i_mult.i_multiplier.mult_result_q[62]$_DFF_PN0_/D (DFFASRHQNx1_ASAP7_75t_SL)
        1009.98   data arrival time

1000.00 1000.00   clock main_clk (rise edge)
   0.00 1000.00   clock network delay (ideal)
   0.00 1000.00   clock reconvergence pessimism
        1000.00 ^ ex_stage_i.i_mult.i_multiplier.mult_result_q[62]$_DFF_PN0_/CLK (DFFASRHQNx1_ASAP7_75t_SL)
 -10.53  989.47   library setup time
         989.47   data required time
---------------------------------------------------------
         989.47   data required time
        -1009.98   data arrival time
---------------------------------------------------------
         -20.51   slack (VIOLATED)



==========================================================================
detailed place report_checks -path_delay min reg to reg
--------------------------------------------------------------------------
Startpoint: gen_cache_hpd.i_cache_subsystem.i_axi_arbiter.genblk1.i_icache_hpdcache_data_upsize.buf_q[92]$_DFFE_PN0P_
            (rising edge-triggered flip-flop clocked by main_clk)
Endpoint: gen_cache_hpd.i_cache_subsystem.i_cva6_icache.gen_sram[0].data_sram.gen_techno_cut.genblk1.i_tc_sram_wrapper
          (rising edge-triggered flip-flop clocked by main_clk)
Path Group: main_clk
Path Type: min

  Delay    Time   Description
---------------------------------------------------------
   0.00    0.00   clock main_clk (rise edge)
   0.00    0.00   clock network delay (ideal)
   0.00    0.00 ^ gen_cache_hpd.i_cache_subsystem.i_axi_arbiter.genblk1.i_icache_hpdcache_data_upsize.buf_q[92]$_DFFE_PN0P_/CLK (DFFASRHQNx1_ASAP7_75t_SL)
  28.39   28.39 ^ gen_cache_hpd.i_cache_subsystem.i_axi_arbiter.genblk1.i_icache_hpdcache_data_upsize.buf_q[92]$_DFFE_PN0P_/QN (DFFASRHQNx1_ASAP7_75t_SL)
   6.32   34.70 v _104550_/Y (INVx1_ASAP7_75t_R)
  20.51   55.21 v place44442/Y (BUFx3_ASAP7_75t_L)
   1.64   56.85 v gen_cache_hpd.i_cache_subsystem.i_cva6_icache.gen_sram[0].data_sram.gen_techno_cut.genblk1.i_tc_sram_wrapper/wd_in[220] (fakeram7_64x256)
          56.85   data arrival time

   0.00    0.00   clock main_clk (rise edge)
   0.00    0.00   clock network delay (ideal)
   0.00    0.00   clock reconvergence pessimism
           0.00 ^ gen_cache_hpd.i_cache_subsystem.i_cva6_icache.gen_sram[0].data_sram.gen_techno_cut.genblk1.i_tc_sram_wrapper/clk (fakeram7_64x256)
  50.00   50.00   library hold time
          50.00   data required time
---------------------------------------------------------
          50.00   data required time
         -56.85   data arrival time
---------------------------------------------------------
           6.85   slack (MET)



==========================================================================
detailed place critical path target clock latency max path
--------------------------------------------------------------------------
0

==========================================================================
detailed place critical path target clock latency min path
--------------------------------------------------------------------------
0

==========================================================================
detailed place critical path source clock latency min path
--------------------------------------------------------------------------
0

==========================================================================
detailed place critical path delay
--------------------------------------------------------------------------
1009.9823

==========================================================================
detailed place critical path slack
--------------------------------------------------------------------------
-20.5139

==========================================================================
detailed place slack div critical path delay
--------------------------------------------------------------------------
-2.031115

==========================================================================
detailed place report_power
--------------------------------------------------------------------------
Group                  Internal  Switching    Leakage      Total
                          Power      Power      Power      Power (Watts)
----------------------------------------------------------------
Sequential             1.66e-02   4.01e-03   6.44e-05   2.06e-02  18.5%
Combinational          2.98e-02   3.57e-02   7.34e-05   6.56e-02  58.7%
Clock                  0.00e+00   0.00e+00   0.00e+00   0.00e+00   0.0%
Macro                  2.45e-02   0.00e+00   1.03e-03   2.55e-02  22.8%
Pad                    0.00e+00   0.00e+00   0.00e+00   0.00e+00   0.0%
----------------------------------------------------------------
Total                  7.09e-02   3.97e-02   1.17e-03   1.12e-01 100.0%
                          63.4%      35.5%       1.0%
