
==========================================================================
cts final report_tns
--------------------------------------------------------------------------
tns max -1.42

==========================================================================
cts final report_wns
--------------------------------------------------------------------------
wns max -1.42

==========================================================================
cts final report_worst_slack
--------------------------------------------------------------------------
worst slack max -1.42

==========================================================================
cts final report_clock_min_period
--------------------------------------------------------------------------
clk period_min = 681.42 fmax = 1467.52

==========================================================================
cts final report_clock_skew
--------------------------------------------------------------------------
Clock clk
 185.17 source latency fdct_zigzag.dct_mod.dct_block_0.dct_unit_4.macu.result[15]$_DFFE_PP_/CLK ^
-157.68 target latency _tray_size4_8397/CLK ^
  -2.84 CRPR
--------------
  24.64 setup skew


==========================================================================
cts final report_checks -path_delay min
--------------------------------------------------------------------------
Startpoint: rst (input port clocked by clk)
Endpoint: _111912_ (removal check against rising-edge clock clk)
Path Group: asynchronous
Path Type: min

Fanout     Cap    Slew   Delay    Time   Description
-----------------------------------------------------------------------------
                          0.00    0.00   clock clk (rise edge)
                          0.00    0.00   clock network delay (propagated)
                        136.00  136.00 ^ input external delay
     1    0.84    0.00    0.00  136.00 ^ rst (in)
                                         rst (net)
                  0.14    0.04  136.04 ^ hold10487/A (BUFx2_ASAP7_75t_R)
     1    0.93    6.01   10.49  146.53 ^ hold10487/Y (BUFx2_ASAP7_75t_R)
                                         net10486 (net)
                  6.01    0.08  146.61 ^ input85/A (BUFx2_ASAP7_75t_R)
     4   12.22   43.86   23.30  169.92 ^ input85/Y (BUFx2_ASAP7_75t_R)
                                         net84 (net)
                 45.03    4.05  173.96 ^ hold10488/A (BUFx2_ASAP7_75t_R)
     3    4.45   18.09   25.52  199.49 ^ hold10488/Y (BUFx2_ASAP7_75t_R)
                                         net10487 (net)
                 18.46    1.41  200.90 ^ _111912_/RESETN (DFFASRHQNx1_ASAP7_75t_R)
                                200.90   data arrival time

                          0.00    0.00   clock clk (rise edge)
                          0.00    0.00   clock source latency
     1   16.46    0.00    0.00    0.00 ^ clk (in)
                                         clk (net)
                103.69   32.71   32.71 ^ clkbuf_0_clk/A (BUFx24_ASAP7_75t_R)
     4   23.07   15.88   36.31   69.02 ^ clkbuf_0_clk/Y (BUFx24_ASAP7_75t_R)
                                         clknet_0_clk (net)
                 37.67   10.48   79.50 ^ clkbuf_2_3_0_clk/A (BUFx24_ASAP7_75t_R)
     4   19.12   13.23   25.96  105.46 ^ clkbuf_2_3_0_clk/Y (BUFx24_ASAP7_75t_R)
                                         clknet_2_3_0_clk (net)
                 32.67    9.39  114.86 ^ clkbuf_4_13__f_clk/A (BUFx24_ASAP7_75t_R)
     8   28.74   18.99   27.10  141.96 ^ clkbuf_4_13__f_clk/Y (BUFx24_ASAP7_75t_R)
                                         clknet_4_13__leaf_clk (net)
                 28.14    6.98  148.94 ^ clkbuf_leaf_56_clk/A (BUFx24_ASAP7_75t_R)
    21   14.36   12.12   24.57  173.51 ^ clkbuf_leaf_56_clk/Y (BUFx24_ASAP7_75t_R)
                                         clknet_leaf_56_clk (net)
                 12.32    0.76  174.27 ^ _111912_/CLK (DFFASRHQNx1_ASAP7_75t_R)
                          0.00  174.27   clock reconvergence pessimism
                         22.97  197.24   library removal time
                                197.24   data required time
-----------------------------------------------------------------------------
                                197.24   data required time
                               -200.90   data arrival time
-----------------------------------------------------------------------------
                                  3.66   slack (MET)


Startpoint: din[2] (input port clocked by clk)
Endpoint: fdct_zigzag.dct_mod.ddin[3]$_DFFE_PN0P_
          (rising edge-triggered flip-flop clocked by clk)
Path Group: clk
Path Type: min

Fanout     Cap    Slew   Delay    Time   Description
-----------------------------------------------------------------------------
                          0.00    0.00   clock clk (rise edge)
                          0.00    0.00   clock network delay (propagated)
                        136.00  136.00 v input external delay
     1    1.06    0.00    0.00  136.00 v din[2] (in)
                                         din[2] (net)
                  0.23    0.07  136.07 v input69/A (BUFx2_ASAP7_75t_R)
     1    3.85   13.69   14.91  150.98 v input69/Y (BUFx2_ASAP7_75t_R)
                                         net68 (net)
                 14.17    1.39  152.37 v _085358_/A2 (AO21x1_ASAP7_75t_R)
     1    3.80   22.70   23.67  176.04 v _085358_/Y (AO21x1_ASAP7_75t_R)
                                         _027193_ (net)
                 22.96    1.36  177.40 v fdct_zigzag.dct_mod.ddin[3]$_DFFE_PN0P_/D (DFFASRHQNx1_ASAP7_75t_R)
                                177.40   data arrival time

                          0.00    0.00   clock clk (rise edge)
                          0.00    0.00   clock source latency
     1   16.46    0.00    0.00    0.00 ^ clk (in)
                                         clk (net)
                103.69   32.71   32.71 ^ clkbuf_0_clk/A (BUFx24_ASAP7_75t_R)
     4   23.07   15.88   36.31   69.02 ^ clkbuf_0_clk/Y (BUFx24_ASAP7_75t_R)
                                         clknet_0_clk (net)
                 38.89   10.95   79.97 ^ clkbuf_2_0_0_clk/A (BUFx24_ASAP7_75t_R)
     4   18.65   13.23   26.35  106.32 ^ clkbuf_2_0_0_clk/Y (BUFx24_ASAP7_75t_R)
                                         clknet_2_0_0_clk (net)
                 22.76    5.62  111.94 ^ clkbuf_4_3__f_clk/A (BUFx24_ASAP7_75t_R)
     8   31.13   20.04   24.43  136.37 ^ clkbuf_4_3__f_clk/Y (BUFx24_ASAP7_75t_R)
                                         clknet_4_3__leaf_clk (net)
                 25.30    5.19  141.56 ^ clkbuf_leaf_13_clk/A (BUFx24_ASAP7_75t_R)
    17   13.70   11.73   23.69  165.25 ^ clkbuf_leaf_13_clk/Y (BUFx24_ASAP7_75t_R)
                                         clknet_leaf_13_clk (net)
                 12.45    1.48  166.72 ^ fdct_zigzag.dct_mod.ddin[3]$_DFFE_PN0P_/CLK (DFFASRHQNx1_ASAP7_75t_R)
                          0.00  166.72   clock reconvergence pessimism
                         10.55  177.27   library hold time
                                177.27   data required time
-----------------------------------------------------------------------------
                                177.27   data required time
                               -177.40   data arrival time
-----------------------------------------------------------------------------
                                  0.13   slack (MET)



==========================================================================
cts final report_checks -path_delay max
--------------------------------------------------------------------------
Startpoint: rst (input port clocked by clk)
Endpoint: fdct_zigzag.dct_mod.dddcnt$_DFFE_PN1P_
          (recovery check against rising-edge clock clk)
Path Group: asynchronous
Path Type: max

Fanout     Cap    Slew   Delay    Time   Description
-----------------------------------------------------------------------------
                          0.00    0.00   clock clk (rise edge)
                          0.00    0.00   clock network delay (propagated)
                        136.00  136.00 ^ input external delay
     1    0.96    0.00    0.00  136.00 ^ rst (in)
                                         rst (net)
                  0.17    0.05  136.05 ^ hold10487/A (BUFx2_ASAP7_75t_R)
     1    1.05    6.38   10.70  146.75 ^ hold10487/Y (BUFx2_ASAP7_75t_R)
                                         net10486 (net)
                  6.39    0.09  146.85 ^ input85/A (BUFx2_ASAP7_75t_R)
     4   12.81   45.88   23.84  170.69 ^ input85/Y (BUFx2_ASAP7_75t_R)
                                         net84 (net)
                 55.79   11.06  181.74 ^ place9829/A (BUFx3_ASAP7_75t_R)
     8   13.66   34.83   28.88  210.62 ^ place9829/Y (BUFx3_ASAP7_75t_R)
                                         net9828 (net)
                 41.24    7.66  218.28 ^ place9828/A (BUFx3_ASAP7_75t_R)
    10   19.59   47.63   27.34  245.62 ^ place9828/Y (BUFx3_ASAP7_75t_R)
                                         net9827 (net)
                 79.81   21.76  267.38 ^ fdct_zigzag.dct_mod.dddcnt$_DFFE_PN1P_/SETN (DFFASRHQNx1_ASAP7_75t_R)
                                267.38   data arrival time

                        680.00  680.00   clock clk (rise edge)
                          0.00  680.00   clock source latency
     1   15.86    0.00    0.00  680.00 ^ clk (in)
                                         clk (net)
                 97.16   30.65  710.65 ^ clkbuf_0_clk/A (BUFx24_ASAP7_75t_R)
     4   20.67   14.80   35.52  746.17 ^ clkbuf_0_clk/Y (BUFx24_ASAP7_75t_R)
                                         clknet_0_clk (net)
                 33.43    9.20  755.37 ^ clkbuf_2_3_0_clk/A (BUFx24_ASAP7_75t_R)
     4   16.72   12.12   24.83  780.20 ^ clkbuf_2_3_0_clk/Y (BUFx24_ASAP7_75t_R)
                                         clknet_2_3_0_clk (net)
                 23.74    6.25  786.45 ^ clkbuf_4_14__f_clk/A (BUFx24_ASAP7_75t_R)
     8   26.20   17.71   24.36  810.82 ^ clkbuf_4_14__f_clk/Y (BUFx24_ASAP7_75t_R)
                                         clknet_4_14__leaf_clk (net)
                 23.00    4.96  815.78 ^ clkbuf_leaf_72_clk/A (BUFx24_ASAP7_75t_R)
    20   13.74   11.68   23.16  838.94 ^ clkbuf_leaf_72_clk/Y (BUFx24_ASAP7_75t_R)
                                         clknet_leaf_72_clk (net)
                 11.72    0.35  839.29 ^ fdct_zigzag.dct_mod.dddcnt$_DFFE_PN1P_/CLK (DFFASRHQNx1_ASAP7_75t_R)
                          0.00  839.29   clock reconvergence pessimism
                         -3.23  836.06   library recovery time
                                836.06   data required time
-----------------------------------------------------------------------------
                                836.06   data required time
                               -267.38   data arrival time
-----------------------------------------------------------------------------
                                568.68   slack (MET)


Startpoint: fdct_zigzag.dct_mod.ddin[1]$_DFFE_PN0P_
            (rising edge-triggered flip-flop clocked by clk)
Endpoint: _tray_size4_8146 (rising edge-triggered flip-flop clocked by clk)
Path Group: clk
Path Type: max

Fanout     Cap    Slew   Delay    Time   Description
-----------------------------------------------------------------------------
                          0.00    0.00   clock clk (rise edge)
                          0.00    0.00   clock source latency
     1   16.46    0.00    0.00    0.00 ^ clk (in)
                                         clk (net)
                103.69   32.71   32.71 ^ clkbuf_0_clk/A (BUFx24_ASAP7_75t_R)
     4   23.07   15.88   36.31   69.02 ^ clkbuf_0_clk/Y (BUFx24_ASAP7_75t_R)
                                         clknet_0_clk (net)
                 37.67   10.48   79.50 ^ clkbuf_2_3_0_clk/A (BUFx24_ASAP7_75t_R)
     4   19.12   13.23   25.96  105.46 ^ clkbuf_2_3_0_clk/Y (BUFx24_ASAP7_75t_R)
                                         clknet_2_3_0_clk (net)
                 26.99    7.19  112.65 ^ clkbuf_4_12__f_clk/A (BUFx24_ASAP7_75t_R)
     8   30.45   19.84   25.42  138.08 ^ clkbuf_4_12__f_clk/Y (BUFx24_ASAP7_75t_R)
                                         clknet_4_12__leaf_clk (net)
                 23.05    4.01  142.09 ^ clkbuf_leaf_49_clk/A (BUFx24_ASAP7_75t_R)
    17   14.72   12.17   23.23  165.31 ^ clkbuf_leaf_49_clk/Y (BUFx24_ASAP7_75t_R)
                                         clknet_leaf_49_clk (net)
                 12.92    1.52  166.83 ^ fdct_zigzag.dct_mod.ddin[1]$_DFFE_PN0P_/CLK (DFFASRHQNx1_ASAP7_75t_R)
     2    2.23   23.79   46.24  213.07 v fdct_zigzag.dct_mod.ddin[1]$_DFFE_PN0P_/QN (DFFASRHQNx1_ASAP7_75t_R)
                                         _021091_ (net)
                 23.79    0.08  213.15 v place9314/A (BUFx3_ASAP7_75t_R)
    10   23.74   48.37   30.96  244.11 v place9314/Y (BUFx3_ASAP7_75t_R)
                                         net9313 (net)
                 50.10    5.04  249.15 v place9311/A (BUFx3_ASAP7_75t_R)
    10   14.38   32.11   30.79  279.94 v place9311/Y (BUFx3_ASAP7_75t_R)
                                         net9310 (net)
                 33.86    4.04  283.98 v place9309/A (BUFx3_ASAP7_75t_R)
     8   13.23   27.24   29.92  313.90 v place9309/Y (BUFx3_ASAP7_75t_R)
                                         net9308 (net)
                 27.99    2.47  316.37 v place9308/A (BUFx3_ASAP7_75t_R)
     9   10.66   22.17   27.01  343.39 v place9308/Y (BUFx3_ASAP7_75t_R)
                                         net9307 (net)
                 22.18    0.31  343.70 v _067056_/A (NOR2x1_ASAP7_75t_R)
     4    6.47   52.56   25.78  369.48 ^ _067056_/Y (NOR2x1_ASAP7_75t_R)
                                         _020007_ (net)
                 52.58    0.63  370.11 ^ _111868_/B (HAxp5_ASAP7_75t_R)
     2    3.24   59.33   61.15  431.26 v _111868_/SN (HAxp5_ASAP7_75t_R)
                                         _015986_ (net)
                 59.33    0.24  431.50 v _108098_/B (FAx1_ASAP7_75t_R)
     4    6.60   95.44   62.17  493.67 ^ _108098_/CON (FAx1_ASAP7_75t_R)
                                         _015996_ (net)
     2    1.68   38.45   25.08  518.75 v _108098_/SN (FAx1_ASAP7_75t_R)
                                         _015991_ (net)
                 38.45    0.08  518.83 v _069900_/A (INVx1_ASAP7_75t_R)
     3    5.24   39.33   28.37  547.20 ^ _069900_/Y (INVx1_ASAP7_75t_R)
                                         _015987_ (net)
                 39.34    0.12  547.32 ^ _108106_/CI (FAx1_ASAP7_75t_R)
     1    2.39   51.44   57.40  604.73 v _108106_/SN (FAx1_ASAP7_75t_R)
                                         _059615_ (net)
                 51.44    0.13  604.85 v _108108_/B (FAx1_ASAP7_75t_R)
     1    0.78   40.39   27.00  631.85 ^ _108108_/CON (FAx1_ASAP7_75t_R)
                                         _016011_ (net)
     1    0.78   33.47   14.16  646.01 v _108108_/SN (FAx1_ASAP7_75t_R)
                                         _016012_ (net)
                 33.47    0.03  646.04 v _064675_/A (INVx1_ASAP7_75t_R)
     1    0.99   14.06   11.92  657.96 ^ _064675_/Y (INVx1_ASAP7_75t_R)
                                         _016014_ (net)
                 14.06    0.04  658.00 ^ _111873_/B (HAxp5_ASAP7_75t_R)
     4    4.78   83.52   65.14  723.14 v _111873_/SN (HAxp5_ASAP7_75t_R)
                                         _025053_ (net)
                 83.52    0.08  723.22 v _080614_/A (NOR2x1_ASAP7_75t_R)
     2    1.34   21.42   17.81  741.03 ^ _080614_/Y (NOR2x1_ASAP7_75t_R)
                                         _036623_ (net)
                 21.42    0.05  741.08 ^ _080615_/B (AND2x2_ASAP7_75t_R)
     2    1.31    8.25   18.68  759.77 ^ _080615_/Y (AND2x2_ASAP7_75t_R)
                                         _036624_ (net)
                  8.25    0.04  759.81 ^ _080618_/A (AND3x1_ASAP7_75t_R)
     1    0.53    8.24   16.19  776.00 ^ _080618_/Y (AND3x1_ASAP7_75t_R)
                                         _036627_ (net)
                  8.24    0.02  776.02 ^ _080627_/A2 (AO221x1_ASAP7_75t_R)
     1    1.12   12.06   21.74  797.76 ^ _080627_/Y (AO221x1_ASAP7_75t_R)
                                         _036636_ (net)
                 12.06    0.06  797.83 ^ _080629_/A (XOR2x2_ASAP7_75t_R)
     1    0.78    7.06   24.28  822.11 ^ _080629_/Y (XOR2x2_ASAP7_75t_R)
                                         _036638_ (net)
                  7.06    0.04  822.15 ^ _080631_/A1 (AO21x1_ASAP7_75t_R)
     1    0.67    7.78   12.51  834.66 ^ _080631_/Y (AO21x1_ASAP7_75t_R)
                                         _025852_ (net)
                  7.78    0.03  834.69 ^ _tray_size4_8146/D3 (DFFHQNH2V2Xx1_ASAP7_75t_R)
                                834.69   data arrival time

                        680.00  680.00   clock clk (rise edge)
                          0.00  680.00   clock source latency
     1   15.86    0.00    0.00  680.00 ^ clk (in)
                                         clk (net)
                 97.16   30.65  710.65 ^ clkbuf_0_clk/A (BUFx24_ASAP7_75t_R)
     4   20.67   14.80   35.52  746.17 ^ clkbuf_0_clk/Y (BUFx24_ASAP7_75t_R)
                                         clknet_0_clk (net)
                 35.82   10.10  756.28 ^ clkbuf_2_1_0_clk/A (BUFx24_ASAP7_75t_R)
     4   16.28   11.37   25.26  781.54 ^ clkbuf_2_1_0_clk/Y (BUFx24_ASAP7_75t_R)
                                         clknet_2_1_0_clk (net)
                 24.79    6.65  788.19 ^ clkbuf_4_6__f_clk/A (BUFx24_ASAP7_75t_R)
     8   24.52   16.92   24.79  812.98 ^ clkbuf_4_6__f_clk/Y (BUFx24_ASAP7_75t_R)
                                         clknet_4_6__leaf_clk (net)
                 20.74    4.17  817.16 ^ clkbuf_leaf_44_clk/A (BUFx24_ASAP7_75t_R)
    17   11.42   10.53   22.18  839.34 ^ clkbuf_leaf_44_clk/Y (BUFx24_ASAP7_75t_R)
                                         clknet_leaf_44_clk (net)
                 10.83    0.71  840.05 ^ _tray_size4_8146/CLK (DFFHQNH2V2Xx1_ASAP7_75t_R)
                          2.84  842.90   clock reconvergence pessimism
                         -9.63  833.27   library setup time
                                833.27   data required time
-----------------------------------------------------------------------------
                                833.27   data required time
                               -834.69   data arrival time
-----------------------------------------------------------------------------
                                 -1.42   slack (VIOLATED)



==========================================================================
cts final report_checks -unconstrained
--------------------------------------------------------------------------
Startpoint: rst (input port clocked by clk)
Endpoint: fdct_zigzag.dct_mod.dddcnt$_DFFE_PN1P_
          (recovery check against rising-edge clock clk)
Path Group: asynchronous
Path Type: max

Fanout     Cap    Slew   Delay    Time   Description
-----------------------------------------------------------------------------
                          0.00    0.00   clock clk (rise edge)
                          0.00    0.00   clock network delay (propagated)
                        136.00  136.00 ^ input external delay
     1    0.96    0.00    0.00  136.00 ^ rst (in)
                                         rst (net)
                  0.17    0.05  136.05 ^ hold10487/A (BUFx2_ASAP7_75t_R)
     1    1.05    6.38   10.70  146.75 ^ hold10487/Y (BUFx2_ASAP7_75t_R)
                                         net10486 (net)
                  6.39    0.09  146.85 ^ input85/A (BUFx2_ASAP7_75t_R)
     4   12.81   45.88   23.84  170.69 ^ input85/Y (BUFx2_ASAP7_75t_R)
                                         net84 (net)
                 55.79   11.06  181.74 ^ place9829/A (BUFx3_ASAP7_75t_R)
     8   13.66   34.83   28.88  210.62 ^ place9829/Y (BUFx3_ASAP7_75t_R)
                                         net9828 (net)
                 41.24    7.66  218.28 ^ place9828/A (BUFx3_ASAP7_75t_R)
    10   19.59   47.63   27.34  245.62 ^ place9828/Y (BUFx3_ASAP7_75t_R)
                                         net9827 (net)
                 79.81   21.76  267.38 ^ fdct_zigzag.dct_mod.dddcnt$_DFFE_PN1P_/SETN (DFFASRHQNx1_ASAP7_75t_R)
                                267.38   data arrival time

                        680.00  680.00   clock clk (rise edge)
                          0.00  680.00   clock source latency
     1   15.86    0.00    0.00  680.00 ^ clk (in)
                                         clk (net)
                 97.16   30.65  710.65 ^ clkbuf_0_clk/A (BUFx24_ASAP7_75t_R)
     4   20.67   14.80   35.52  746.17 ^ clkbuf_0_clk/Y (BUFx24_ASAP7_75t_R)
                                         clknet_0_clk (net)
                 33.43    9.20  755.37 ^ clkbuf_2_3_0_clk/A (BUFx24_ASAP7_75t_R)
     4   16.72   12.12   24.83  780.20 ^ clkbuf_2_3_0_clk/Y (BUFx24_ASAP7_75t_R)
                                         clknet_2_3_0_clk (net)
                 23.74    6.25  786.45 ^ clkbuf_4_14__f_clk/A (BUFx24_ASAP7_75t_R)
     8   26.20   17.71   24.36  810.82 ^ clkbuf_4_14__f_clk/Y (BUFx24_ASAP7_75t_R)
                                         clknet_4_14__leaf_clk (net)
                 23.00    4.96  815.78 ^ clkbuf_leaf_72_clk/A (BUFx24_ASAP7_75t_R)
    20   13.74   11.68   23.16  838.94 ^ clkbuf_leaf_72_clk/Y (BUFx24_ASAP7_75t_R)
                                         clknet_leaf_72_clk (net)
                 11.72    0.35  839.29 ^ fdct_zigzag.dct_mod.dddcnt$_DFFE_PN1P_/CLK (DFFASRHQNx1_ASAP7_75t_R)
                          0.00  839.29   clock reconvergence pessimism
                         -3.23  836.06   library recovery time
                                836.06   data required time
-----------------------------------------------------------------------------
                                836.06   data required time
                               -267.38   data arrival time
-----------------------------------------------------------------------------
                                568.68   slack (MET)


Startpoint: fdct_zigzag.dct_mod.ddin[1]$_DFFE_PN0P_
            (rising edge-triggered flip-flop clocked by clk)
Endpoint: _tray_size4_8146 (rising edge-triggered flip-flop clocked by clk)
Path Group: clk
Path Type: max

Fanout     Cap    Slew   Delay    Time   Description
-----------------------------------------------------------------------------
                          0.00    0.00   clock clk (rise edge)
                          0.00    0.00   clock source latency
     1   16.46    0.00    0.00    0.00 ^ clk (in)
                                         clk (net)
                103.69   32.71   32.71 ^ clkbuf_0_clk/A (BUFx24_ASAP7_75t_R)
     4   23.07   15.88   36.31   69.02 ^ clkbuf_0_clk/Y (BUFx24_ASAP7_75t_R)
                                         clknet_0_clk (net)
                 37.67   10.48   79.50 ^ clkbuf_2_3_0_clk/A (BUFx24_ASAP7_75t_R)
     4   19.12   13.23   25.96  105.46 ^ clkbuf_2_3_0_clk/Y (BUFx24_ASAP7_75t_R)
                                         clknet_2_3_0_clk (net)
                 26.99    7.19  112.65 ^ clkbuf_4_12__f_clk/A (BUFx24_ASAP7_75t_R)
     8   30.45   19.84   25.42  138.08 ^ clkbuf_4_12__f_clk/Y (BUFx24_ASAP7_75t_R)
                                         clknet_4_12__leaf_clk (net)
                 23.05    4.01  142.09 ^ clkbuf_leaf_49_clk/A (BUFx24_ASAP7_75t_R)
    17   14.72   12.17   23.23  165.31 ^ clkbuf_leaf_49_clk/Y (BUFx24_ASAP7_75t_R)
                                         clknet_leaf_49_clk (net)
                 12.92    1.52  166.83 ^ fdct_zigzag.dct_mod.ddin[1]$_DFFE_PN0P_/CLK (DFFASRHQNx1_ASAP7_75t_R)
     2    2.23   23.79   46.24  213.07 v fdct_zigzag.dct_mod.ddin[1]$_DFFE_PN0P_/QN (DFFASRHQNx1_ASAP7_75t_R)
                                         _021091_ (net)
                 23.79    0.08  213.15 v place9314/A (BUFx3_ASAP7_75t_R)
    10   23.74   48.37   30.96  244.11 v place9314/Y (BUFx3_ASAP7_75t_R)
                                         net9313 (net)
                 50.10    5.04  249.15 v place9311/A (BUFx3_ASAP7_75t_R)
    10   14.38   32.11   30.79  279.94 v place9311/Y (BUFx3_ASAP7_75t_R)
                                         net9310 (net)
                 33.86    4.04  283.98 v place9309/A (BUFx3_ASAP7_75t_R)
     8   13.23   27.24   29.92  313.90 v place9309/Y (BUFx3_ASAP7_75t_R)
                                         net9308 (net)
                 27.99    2.47  316.37 v place9308/A (BUFx3_ASAP7_75t_R)
     9   10.66   22.17   27.01  343.39 v place9308/Y (BUFx3_ASAP7_75t_R)
                                         net9307 (net)
                 22.18    0.31  343.70 v _067056_/A (NOR2x1_ASAP7_75t_R)
     4    6.47   52.56   25.78  369.48 ^ _067056_/Y (NOR2x1_ASAP7_75t_R)
                                         _020007_ (net)
                 52.58    0.63  370.11 ^ _111868_/B (HAxp5_ASAP7_75t_R)
     2    3.24   59.33   61.15  431.26 v _111868_/SN (HAxp5_ASAP7_75t_R)
                                         _015986_ (net)
                 59.33    0.24  431.50 v _108098_/B (FAx1_ASAP7_75t_R)
     4    6.60   95.44   62.17  493.67 ^ _108098_/CON (FAx1_ASAP7_75t_R)
                                         _015996_ (net)
     2    1.68   38.45   25.08  518.75 v _108098_/SN (FAx1_ASAP7_75t_R)
                                         _015991_ (net)
                 38.45    0.08  518.83 v _069900_/A (INVx1_ASAP7_75t_R)
     3    5.24   39.33   28.37  547.20 ^ _069900_/Y (INVx1_ASAP7_75t_R)
                                         _015987_ (net)
                 39.34    0.12  547.32 ^ _108106_/CI (FAx1_ASAP7_75t_R)
     1    2.39   51.44   57.40  604.73 v _108106_/SN (FAx1_ASAP7_75t_R)
                                         _059615_ (net)
                 51.44    0.13  604.85 v _108108_/B (FAx1_ASAP7_75t_R)
     1    0.78   40.39   27.00  631.85 ^ _108108_/CON (FAx1_ASAP7_75t_R)
                                         _016011_ (net)
     1    0.78   33.47   14.16  646.01 v _108108_/SN (FAx1_ASAP7_75t_R)
                                         _016012_ (net)
                 33.47    0.03  646.04 v _064675_/A (INVx1_ASAP7_75t_R)
     1    0.99   14.06   11.92  657.96 ^ _064675_/Y (INVx1_ASAP7_75t_R)
                                         _016014_ (net)
                 14.06    0.04  658.00 ^ _111873_/B (HAxp5_ASAP7_75t_R)
     4    4.78   83.52   65.14  723.14 v _111873_/SN (HAxp5_ASAP7_75t_R)
                                         _025053_ (net)
                 83.52    0.08  723.22 v _080614_/A (NOR2x1_ASAP7_75t_R)
     2    1.34   21.42   17.81  741.03 ^ _080614_/Y (NOR2x1_ASAP7_75t_R)
                                         _036623_ (net)
                 21.42    0.05  741.08 ^ _080615_/B (AND2x2_ASAP7_75t_R)
     2    1.31    8.25   18.68  759.77 ^ _080615_/Y (AND2x2_ASAP7_75t_R)
                                         _036624_ (net)
                  8.25    0.04  759.81 ^ _080618_/A (AND3x1_ASAP7_75t_R)
     1    0.53    8.24   16.19  776.00 ^ _080618_/Y (AND3x1_ASAP7_75t_R)
                                         _036627_ (net)
                  8.24    0.02  776.02 ^ _080627_/A2 (AO221x1_ASAP7_75t_R)
     1    1.12   12.06   21.74  797.76 ^ _080627_/Y (AO221x1_ASAP7_75t_R)
                                         _036636_ (net)
                 12.06    0.06  797.83 ^ _080629_/A (XOR2x2_ASAP7_75t_R)
     1    0.78    7.06   24.28  822.11 ^ _080629_/Y (XOR2x2_ASAP7_75t_R)
                                         _036638_ (net)
                  7.06    0.04  822.15 ^ _080631_/A1 (AO21x1_ASAP7_75t_R)
     1    0.67    7.78   12.51  834.66 ^ _080631_/Y (AO21x1_ASAP7_75t_R)
                                         _025852_ (net)
                  7.78    0.03  834.69 ^ _tray_size4_8146/D3 (DFFHQNH2V2Xx1_ASAP7_75t_R)
                                834.69   data arrival time

                        680.00  680.00   clock clk (rise edge)
                          0.00  680.00   clock source latency
     1   15.86    0.00    0.00  680.00 ^ clk (in)
                                         clk (net)
                 97.16   30.65  710.65 ^ clkbuf_0_clk/A (BUFx24_ASAP7_75t_R)
     4   20.67   14.80   35.52  746.17 ^ clkbuf_0_clk/Y (BUFx24_ASAP7_75t_R)
                                         clknet_0_clk (net)
                 35.82   10.10  756.28 ^ clkbuf_2_1_0_clk/A (BUFx24_ASAP7_75t_R)
     4   16.28   11.37   25.26  781.54 ^ clkbuf_2_1_0_clk/Y (BUFx24_ASAP7_75t_R)
                                         clknet_2_1_0_clk (net)
                 24.79    6.65  788.19 ^ clkbuf_4_6__f_clk/A (BUFx24_ASAP7_75t_R)
     8   24.52   16.92   24.79  812.98 ^ clkbuf_4_6__f_clk/Y (BUFx24_ASAP7_75t_R)
                                         clknet_4_6__leaf_clk (net)
                 20.74    4.17  817.16 ^ clkbuf_leaf_44_clk/A (BUFx24_ASAP7_75t_R)
    17   11.42   10.53   22.18  839.34 ^ clkbuf_leaf_44_clk/Y (BUFx24_ASAP7_75t_R)
                                         clknet_leaf_44_clk (net)
                 10.83    0.71  840.05 ^ _tray_size4_8146/CLK (DFFHQNH2V2Xx1_ASAP7_75t_R)
                          2.84  842.90   clock reconvergence pessimism
                         -9.63  833.27   library setup time
                                833.27   data required time
-----------------------------------------------------------------------------
                                833.27   data required time
                               -834.69   data arrival time
-----------------------------------------------------------------------------
                                 -1.42   slack (VIOLATED)



==========================================================================
cts final report_check_types -max_slew -max_cap -max_fanout -violators
--------------------------------------------------------------------------
max fanout

Pin                                   Limit Fanout  Slack
---------------------------------------------------------
clkbuf_leaf_23_clk/Y                     10     23    -13 (VIOLATED)
clkbuf_leaf_32_clk/Y                     10     23    -13 (VIOLATED)
clkbuf_leaf_34_clk/Y                     10     23    -13 (VIOLATED)
clkbuf_leaf_31_clk/Y                     10     22    -12 (VIOLATED)
clkbuf_leaf_75_clk/Y                     10     22    -12 (VIOLATED)
clkbuf_leaf_85_clk/Y                     10     22    -12 (VIOLATED)
clkbuf_leaf_26_clk/Y                     10     21    -11 (VIOLATED)
clkbuf_leaf_27_clk/Y                     10     21    -11 (VIOLATED)
clkbuf_leaf_29_clk/Y                     10     21    -11 (VIOLATED)
clkbuf_leaf_55_clk/Y                     10     21    -11 (VIOLATED)
clkbuf_leaf_56_clk/Y                     10     21    -11 (VIOLATED)
clkbuf_leaf_59_clk/Y                     10     21    -11 (VIOLATED)
clkbuf_leaf_63_clk/Y                     10     21    -11 (VIOLATED)
clkbuf_leaf_77_clk/Y                     10     21    -11 (VIOLATED)
clkbuf_leaf_91_clk/Y                     10     21    -11 (VIOLATED)
clkbuf_leaf_28_clk/Y                     10     20    -10 (VIOLATED)
clkbuf_leaf_40_clk/Y                     10     20    -10 (VIOLATED)
clkbuf_leaf_43_clk/Y                     10     20    -10 (VIOLATED)
clkbuf_leaf_45_clk/Y                     10     20    -10 (VIOLATED)
clkbuf_leaf_52_clk/Y                     10     20    -10 (VIOLATED)
clkbuf_leaf_53_clk/Y                     10     20    -10 (VIOLATED)
clkbuf_leaf_58_clk/Y                     10     20    -10 (VIOLATED)
clkbuf_leaf_62_clk/Y                     10     20    -10 (VIOLATED)
clkbuf_leaf_65_clk/Y                     10     20    -10 (VIOLATED)
clkbuf_leaf_72_clk/Y                     10     20    -10 (VIOLATED)
clkbuf_leaf_76_clk/Y                     10     20    -10 (VIOLATED)
clkbuf_leaf_0_clk/Y                      10     19     -9 (VIOLATED)
clkbuf_leaf_100_clk/Y                    10     19     -9 (VIOLATED)
clkbuf_leaf_117_clk/Y                    10     19     -9 (VIOLATED)
clkbuf_leaf_118_clk/Y                    10     19     -9 (VIOLATED)
clkbuf_leaf_123_clk/Y                    10     19     -9 (VIOLATED)
clkbuf_leaf_124_clk/Y                    10     19     -9 (VIOLATED)
clkbuf_leaf_14_clk/Y                     10     19     -9 (VIOLATED)
clkbuf_leaf_18_clk/Y                     10     19     -9 (VIOLATED)
clkbuf_leaf_20_clk/Y                     10     19     -9 (VIOLATED)
clkbuf_leaf_33_clk/Y                     10     19     -9 (VIOLATED)
clkbuf_leaf_37_clk/Y                     10     19     -9 (VIOLATED)
clkbuf_leaf_39_clk/Y                     10     19     -9 (VIOLATED)
clkbuf_leaf_3_clk/Y                      10     19     -9 (VIOLATED)
clkbuf_leaf_47_clk/Y                     10     19     -9 (VIOLATED)
clkbuf_leaf_4_clk/Y                      10     19     -9 (VIOLATED)
clkbuf_leaf_79_clk/Y                     10     19     -9 (VIOLATED)
clkbuf_leaf_83_clk/Y                     10     19     -9 (VIOLATED)
clkbuf_leaf_8_clk/Y                      10     19     -9 (VIOLATED)
clkbuf_leaf_101_clk/Y                    10     18     -8 (VIOLATED)
clkbuf_leaf_102_clk/Y                    10     18     -8 (VIOLATED)
clkbuf_leaf_103_clk/Y                    10     18     -8 (VIOLATED)
clkbuf_leaf_106_clk/Y                    10     18     -8 (VIOLATED)
clkbuf_leaf_109_clk/Y                    10     18     -8 (VIOLATED)
clkbuf_leaf_110_clk/Y                    10     18     -8 (VIOLATED)
clkbuf_leaf_112_clk/Y                    10     18     -8 (VIOLATED)
clkbuf_leaf_120_clk/Y                    10     18     -8 (VIOLATED)
clkbuf_leaf_121_clk/Y                    10     18     -8 (VIOLATED)
clkbuf_leaf_122_clk/Y                    10     18     -8 (VIOLATED)
clkbuf_leaf_1_clk/Y                      10     18     -8 (VIOLATED)
clkbuf_leaf_30_clk/Y                     10     18     -8 (VIOLATED)
clkbuf_leaf_38_clk/Y                     10     18     -8 (VIOLATED)
clkbuf_leaf_50_clk/Y                     10     18     -8 (VIOLATED)
clkbuf_leaf_64_clk/Y                     10     18     -8 (VIOLATED)
clkbuf_leaf_66_clk/Y                     10     18     -8 (VIOLATED)
clkbuf_leaf_73_clk/Y                     10     18     -8 (VIOLATED)
clkbuf_leaf_7_clk/Y                      10     18     -8 (VIOLATED)
clkbuf_leaf_82_clk/Y                     10     18     -8 (VIOLATED)
clkbuf_leaf_84_clk/Y                     10     18     -8 (VIOLATED)
clkbuf_leaf_86_clk/Y                     10     18     -8 (VIOLATED)
clkbuf_leaf_88_clk/Y                     10     18     -8 (VIOLATED)
clkbuf_leaf_92_clk/Y                     10     18     -8 (VIOLATED)
clkbuf_leaf_99_clk/Y                     10     18     -8 (VIOLATED)
clkbuf_leaf_119_clk/Y                    10     17     -7 (VIOLATED)
clkbuf_leaf_11_clk/Y                     10     17     -7 (VIOLATED)
clkbuf_leaf_12_clk/Y                     10     17     -7 (VIOLATED)
clkbuf_leaf_13_clk/Y                     10     17     -7 (VIOLATED)
clkbuf_leaf_17_clk/Y                     10     17     -7 (VIOLATED)
clkbuf_leaf_22_clk/Y                     10     17     -7 (VIOLATED)
clkbuf_leaf_24_clk/Y                     10     17     -7 (VIOLATED)
clkbuf_leaf_35_clk/Y                     10     17     -7 (VIOLATED)
clkbuf_leaf_41_clk/Y                     10     17     -7 (VIOLATED)
clkbuf_leaf_42_clk/Y                     10     17     -7 (VIOLATED)
clkbuf_leaf_44_clk/Y                     10     17     -7 (VIOLATED)
clkbuf_leaf_48_clk/Y                     10     17     -7 (VIOLATED)
clkbuf_leaf_49_clk/Y                     10     17     -7 (VIOLATED)
clkbuf_leaf_54_clk/Y                     10     17     -7 (VIOLATED)
clkbuf_leaf_57_clk/Y                     10     17     -7 (VIOLATED)
clkbuf_leaf_60_clk/Y                     10     17     -7 (VIOLATED)
clkbuf_leaf_67_clk/Y                     10     17     -7 (VIOLATED)
clkbuf_leaf_71_clk/Y                     10     17     -7 (VIOLATED)
clkbuf_leaf_78_clk/Y                     10     17     -7 (VIOLATED)
clkbuf_leaf_81_clk/Y                     10     17     -7 (VIOLATED)
clkbuf_leaf_87_clk/Y                     10     17     -7 (VIOLATED)
clkbuf_leaf_94_clk/Y                     10     17     -7 (VIOLATED)
clkbuf_leaf_96_clk/Y                     10     17     -7 (VIOLATED)
clkbuf_leaf_97_clk/Y                     10     17     -7 (VIOLATED)
clkbuf_leaf_104_clk/Y                    10     16     -6 (VIOLATED)
clkbuf_leaf_107_clk/Y                    10     16     -6 (VIOLATED)
clkbuf_leaf_114_clk/Y                    10     16     -6 (VIOLATED)
clkbuf_leaf_115_clk/Y                    10     16     -6 (VIOLATED)
clkbuf_leaf_116_clk/Y                    10     16     -6 (VIOLATED)
clkbuf_leaf_16_clk/Y                     10     16     -6 (VIOLATED)
clkbuf_leaf_5_clk/Y                      10     16     -6 (VIOLATED)
clkbuf_leaf_68_clk/Y                     10     16     -6 (VIOLATED)
clkbuf_leaf_74_clk/Y                     10     16     -6 (VIOLATED)
clkbuf_leaf_89_clk/Y                     10     16     -6 (VIOLATED)
clkbuf_leaf_10_clk/Y                     10     15     -5 (VIOLATED)
clkbuf_leaf_15_clk/Y                     10     15     -5 (VIOLATED)
clkbuf_leaf_21_clk/Y                     10     15     -5 (VIOLATED)
clkbuf_leaf_46_clk/Y                     10     15     -5 (VIOLATED)
clkbuf_leaf_51_clk/Y                     10     15     -5 (VIOLATED)
clkbuf_leaf_69_clk/Y                     10     15     -5 (VIOLATED)
clkbuf_leaf_70_clk/Y                     10     15     -5 (VIOLATED)
clkbuf_leaf_80_clk/Y                     10     15     -5 (VIOLATED)
clkbuf_leaf_93_clk/Y                     10     15     -5 (VIOLATED)
clkbuf_leaf_9_clk/Y                      10     15     -5 (VIOLATED)
clkbuf_leaf_105_clk/Y                    10     14     -4 (VIOLATED)
clkbuf_leaf_108_clk/Y                    10     14     -4 (VIOLATED)
clkbuf_leaf_111_clk/Y                    10     14     -4 (VIOLATED)
clkbuf_leaf_113_clk/Y                    10     14     -4 (VIOLATED)
clkbuf_leaf_25_clk/Y                     10     14     -4 (VIOLATED)
clkbuf_leaf_2_clk/Y                      10     14     -4 (VIOLATED)
clkbuf_leaf_6_clk/Y                      10     14     -4 (VIOLATED)
clkbuf_leaf_90_clk/Y                     10     14     -4 (VIOLATED)
clkbuf_leaf_95_clk/Y                     10     14     -4 (VIOLATED)
clkbuf_leaf_19_clk/Y                     10     13     -3 (VIOLATED)
clkbuf_leaf_61_clk/Y                     10     13     -3 (VIOLATED)
clkbuf_leaf_98_clk/Y                     10     12     -2 (VIOLATED)


==========================================================================
cts final max_slew_check_slack
--------------------------------------------------------------------------
50.6481819152832

==========================================================================
cts final max_slew_check_limit
--------------------------------------------------------------------------
320.0

==========================================================================
cts final max_slew_check_slack_limit
--------------------------------------------------------------------------
0.1583

==========================================================================
cts final max_fanout_check_slack
--------------------------------------------------------------------------
-13.0

==========================================================================
cts final max_fanout_check_limit
--------------------------------------------------------------------------
10.0

==========================================================================
cts final max_fanout_check_slack_limit
--------------------------------------------------------------------------
-1.3000

==========================================================================
cts final max_capacitance_check_slack
--------------------------------------------------------------------------
5.394681453704834

==========================================================================
cts final max_capacitance_check_limit
--------------------------------------------------------------------------
23.040000915527344

==========================================================================
cts final max_capacitance_check_slack_limit
--------------------------------------------------------------------------
0.2341

==========================================================================
cts final max_slew_violation_count
--------------------------------------------------------------------------
max slew violation count 0

==========================================================================
cts final max_fanout_violation_count
--------------------------------------------------------------------------
max fanout violation count 124

==========================================================================
cts final max_cap_violation_count
--------------------------------------------------------------------------
max cap violation count 0

==========================================================================
cts final setup_violation_count
--------------------------------------------------------------------------
setup violation count 1

==========================================================================
cts final hold_violation_count
--------------------------------------------------------------------------
hold violation count 0

==========================================================================
cts final report_checks -path_delay max reg to reg
--------------------------------------------------------------------------
Startpoint: fdct_zigzag.dct_mod.ddin[1]$_DFFE_PN0P_
            (rising edge-triggered flip-flop clocked by clk)
Endpoint: _tray_size4_8146 (rising edge-triggered flip-flop clocked by clk)
Path Group: clk
Path Type: max

  Delay    Time   Description
---------------------------------------------------------
   0.00    0.00   clock clk (rise edge)
   0.00    0.00   clock source latency
   0.00    0.00 ^ clk (in)
  69.02   69.02 ^ clkbuf_0_clk/Y (BUFx24_ASAP7_75t_R)
  36.45  105.46 ^ clkbuf_2_3_0_clk/Y (BUFx24_ASAP7_75t_R)
  32.61  138.08 ^ clkbuf_4_12__f_clk/Y (BUFx24_ASAP7_75t_R)
  27.24  165.31 ^ clkbuf_leaf_49_clk/Y (BUFx24_ASAP7_75t_R)
   1.52  166.83 ^ fdct_zigzag.dct_mod.ddin[1]$_DFFE_PN0P_/CLK (DFFASRHQNx1_ASAP7_75t_R)
  46.24  213.07 v fdct_zigzag.dct_mod.ddin[1]$_DFFE_PN0P_/QN (DFFASRHQNx1_ASAP7_75t_R)
  31.04  244.11 v place9314/Y (BUFx3_ASAP7_75t_R)
  35.83  279.94 v place9311/Y (BUFx3_ASAP7_75t_R)
  33.96  313.90 v place9309/Y (BUFx3_ASAP7_75t_R)
  29.49  343.39 v place9308/Y (BUFx3_ASAP7_75t_R)
  26.09  369.48 ^ _067056_/Y (NOR2x1_ASAP7_75t_R)
  61.78  431.26 v _111868_/SN (HAxp5_ASAP7_75t_R)
  62.41  493.67 ^ _108098_/CON (FAx1_ASAP7_75t_R)
  25.08  518.75 v _108098_/SN (FAx1_ASAP7_75t_R)
  28.45  547.20 ^ _069900_/Y (INVx1_ASAP7_75t_R)
  57.53  604.73 v _108106_/SN (FAx1_ASAP7_75t_R)
  27.12  631.85 ^ _108108_/CON (FAx1_ASAP7_75t_R)
  14.16  646.01 v _108108_/SN (FAx1_ASAP7_75t_R)
  11.95  657.96 ^ _064675_/Y (INVx1_ASAP7_75t_R)
  65.18  723.14 v _111873_/SN (HAxp5_ASAP7_75t_R)
  17.89  741.03 ^ _080614_/Y (NOR2x1_ASAP7_75t_R)
  18.74  759.77 ^ _080615_/Y (AND2x2_ASAP7_75t_R)
  16.24  776.00 ^ _080618_/Y (AND3x1_ASAP7_75t_R)
  21.76  797.76 ^ _080627_/Y (AO221x1_ASAP7_75t_R)
  24.35  822.11 ^ _080629_/Y (XOR2x2_ASAP7_75t_R)
  12.55  834.66 ^ _080631_/Y (AO21x1_ASAP7_75t_R)
   0.03  834.69 ^ _tray_size4_8146/D3 (DFFHQNH2V2Xx1_ASAP7_75t_R)
         834.69   data arrival time

 680.00  680.00   clock clk (rise edge)
   0.00  680.00   clock source latency
   0.00  680.00 ^ clk (in)
  66.17  746.17 ^ clkbuf_0_clk/Y (BUFx24_ASAP7_75t_R)
  35.36  781.54 ^ clkbuf_2_1_0_clk/Y (BUFx24_ASAP7_75t_R)
  31.45  812.98 ^ clkbuf_4_6__f_clk/Y (BUFx24_ASAP7_75t_R)
  26.36  839.34 ^ clkbuf_leaf_44_clk/Y (BUFx24_ASAP7_75t_R)
   0.71  840.05 ^ _tray_size4_8146/CLK (DFFHQNH2V2Xx1_ASAP7_75t_R)
   2.84  842.90   clock reconvergence pessimism
  -9.63  833.27   library setup time
         833.27   data required time
---------------------------------------------------------
         833.27   data required time
        -834.69   data arrival time
---------------------------------------------------------
          -1.42   slack (VIOLATED)



==========================================================================
cts final report_checks -path_delay min reg to reg
--------------------------------------------------------------------------
Startpoint: qnr.divider.divider.q_pipe[8][1]$_DFFE_PP_
            (rising edge-triggered flip-flop clocked by clk)
Endpoint: _tray_size4_8326 (rising edge-triggered flip-flop clocked by clk)
Path Group: clk
Path Type: min

  Delay    Time   Description
---------------------------------------------------------
   0.00    0.00   clock clk (rise edge)
   0.00    0.00   clock source latency
   0.00    0.00 ^ clk (in)
  66.17   66.17 ^ clkbuf_0_clk/Y (BUFx24_ASAP7_75t_R)
  34.03  100.20 ^ clkbuf_2_3_0_clk/Y (BUFx24_ASAP7_75t_R)
  33.63  133.84 ^ clkbuf_4_13__f_clk/Y (BUFx24_ASAP7_75t_R)
  28.91  162.75 ^ clkbuf_leaf_56_clk/Y (BUFx24_ASAP7_75t_R)
   0.75  163.50 ^ qnr.divider.divider.q_pipe[8][1]$_DFFE_PP_/CLK (DFFHQNx1_ASAP7_75t_R)
  35.00  198.49 ^ qnr.divider.divider.q_pipe[8][1]$_DFFE_PP_/QN (DFFHQNx1_ASAP7_75t_R)
   7.52  206.01 v _081598_/Y (INVx1_ASAP7_75t_R)
  15.25  221.26 v _081657_/Y (AO21x1_ASAP7_75t_R)
   0.03  221.29 v _tray_size4_8326/D2 (DFFHQNH2V2Xx1_ASAP7_75t_R)
         221.29   data arrival time

   0.00    0.00   clock clk (rise edge)
   0.00    0.00   clock source latency
   0.00    0.00 ^ clk (in)
  69.02   69.02 ^ clkbuf_0_clk/Y (BUFx24_ASAP7_75t_R)
  37.95  106.97 ^ clkbuf_2_1_0_clk/Y (BUFx24_ASAP7_75t_R)
  35.32  142.28 ^ clkbuf_4_7__f_clk/Y (BUFx24_ASAP7_75t_R)
  42.04  184.32 ^ clkbuf_leaf_40_clk/Y (BUFx24_ASAP7_75t_R)
   0.27  184.60 ^ _tray_size4_8326/CLK (DFFHQNH2V2Xx1_ASAP7_75t_R)
  -2.84  181.75   clock reconvergence pessimism
  13.10  194.85   library hold time
         194.85   data required time
---------------------------------------------------------
         194.85   data required time
        -221.29   data arrival time
---------------------------------------------------------
          26.44   slack (MET)



==========================================================================
cts final critical path target clock latency max path
--------------------------------------------------------------------------
159.2904

==========================================================================
cts final critical path target clock latency min path
--------------------------------------------------------------------------
174.2678

==========================================================================
cts final critical path source clock latency min path
--------------------------------------------------------------------------
0.0000

==========================================================================
cts final critical path delay
--------------------------------------------------------------------------
834.6913

==========================================================================
cts final critical path slack
--------------------------------------------------------------------------
-1.4205

==========================================================================
cts final slack div critical path delay
--------------------------------------------------------------------------
-0.170183

==========================================================================
cts final report_power
--------------------------------------------------------------------------
Group                  Internal  Switching    Leakage      Total
                          Power      Power      Power      Power (Watts)
----------------------------------------------------------------
Sequential             1.41e-02   3.30e-03   5.72e-07   1.74e-02  15.6%
Combinational          3.86e-02   4.99e-02   3.15e-06   8.85e-02  79.6%
Clock                  3.27e-03   2.09e-03   7.87e-08   5.36e-03   4.8%
Macro                  0.00e+00   0.00e+00   0.00e+00   0.00e+00   0.0%
Pad                    0.00e+00   0.00e+00   0.00e+00   0.00e+00   0.0%
----------------------------------------------------------------
Total                  5.60e-02   5.53e-02   3.80e-06   1.11e-01 100.0%
                          50.3%      49.7%       0.0%
