
==========================================================================
cts final report_tns
--------------------------------------------------------------------------
tns max -1780.26

==========================================================================
cts final report_wns
--------------------------------------------------------------------------
wns max -51.70

==========================================================================
cts final report_worst_slack
--------------------------------------------------------------------------
worst slack max -51.70

==========================================================================
cts final report_clock_min_period
--------------------------------------------------------------------------
core_clock period_min = 1051.70 fmax = 950.85

==========================================================================
cts final report_clock_skew
--------------------------------------------------------------------------
Clock core_clock
 155.71 source latency load_store_unit_i.rdata_q[30]$_DFFE_PN0P_/CLK ^
-124.44 target latency gen_regfile_ff.register_file_i.rf_reg[214]$_DFFE_PN0P_/CLK ^
   0.00 CRPR
--------------
  31.26 setup skew


==========================================================================
cts final report_checks -path_delay min
--------------------------------------------------------------------------
Startpoint: rst_ni (input port clocked by core_clock)
Endpoint: cs_registers_i.mcycle_counter_i.counter_val_o[54]$_DFFE_PN0P_
          (removal check against rising-edge clock core_clock)
Path Group: asynchronous
Path Type: min

Fanout     Cap    Slew   Delay    Time   Description
-----------------------------------------------------------------------------
                          0.00    0.00   clock core_clock (rise edge)
                          0.00    0.00   clock network delay (propagated)
                        200.00  200.00 ^ input external delay
     1    1.26    0.00    0.00  200.00 ^ rst_ni (in)
                                         rst_ni (net)
                  0.27    0.09  200.09 ^ input1829/A (BUFx8_ASAP7_75t_R)
    49   61.10   58.75   21.80  221.89 ^ input1829/Y (BUFx8_ASAP7_75t_R)
                                         net1828 (net)
                 61.82    6.63  228.51 ^ cs_registers_i.mcycle_counter_i.counter_val_o[54]$_DFFE_PN0P_/RESETN (DFFASRHQNx1_ASAP7_75t_R)
                                228.51   data arrival time

                          0.00    0.00   clock core_clock (rise edge)
                          0.00    0.00   clock source latency
     2   13.47    0.00    0.00    0.00 ^ clk_i (in)
                                         clk_i (net)
                 51.10   16.12   16.12 ^ clkbuf_0_clk_i/A (BUFx16f_ASAP7_75t_R)
     1    2.93    7.20   22.64   38.76 ^ clkbuf_0_clk_i/Y (BUFx16f_ASAP7_75t_R)
                                         clknet_0_clk_i (net)
                  7.22    0.40   39.16 ^ clkbuf_1_0__f_clk_i/A (BUFx16f_ASAP7_75t_R)
     1    0.77    4.68   12.96   52.12 ^ clkbuf_1_0__f_clk_i/Y (BUFx16f_ASAP7_75t_R)
                                         clknet_1_0__leaf_clk_i (net)
                  4.68    0.07   52.18 ^ _23024_/A (AND2x2_ASAP7_75t_R)
     1    2.86   13.61   16.92   69.10 ^ _23024_/Y (AND2x2_ASAP7_75t_R)
                                         _08202_ (net)
                 13.64    0.33   69.43 ^ clkbuf_0__08202_/A (BUFx16f_ASAP7_75t_R)
     4   18.69   14.71   17.01   86.45 ^ clkbuf_0__08202_/Y (BUFx16f_ASAP7_75t_R)
                                         clknet_0__08202_ (net)
                 23.34    5.90   92.35 ^ clkbuf_2_3__f__08202_/A (BUFx16f_ASAP7_75t_R)
    14   48.07   29.73   24.73  117.07 ^ clkbuf_2_3__f__08202_/Y (BUFx16f_ASAP7_75t_R)
                                         clknet_2_3__leaf__08202_ (net)
                 37.66    7.93  125.00 ^ clkbuf_leaf_21__08202_/A (BUFx24_ASAP7_75t_R)
    18   14.13   12.45   26.74  151.74 ^ clkbuf_leaf_21__08202_/Y (BUFx24_ASAP7_75t_R)
                                         clknet_leaf_21__08202_ (net)
                 13.12    1.43  153.17 ^ cs_registers_i.mcycle_counter_i.counter_val_o[54]$_DFFE_PN0P_/CLK (DFFASRHQNx1_ASAP7_75t_R)
                          0.00  153.17   clock reconvergence pessimism
                         25.66  178.82   library removal time
                                178.82   data required time
-----------------------------------------------------------------------------
                                178.82   data required time
                               -228.51   data arrival time
-----------------------------------------------------------------------------
                                 49.69   slack (MET)


Startpoint: core_clock_gate_i.en_latch$_DLATCH_N_
            (negative level-sensitive latch clocked by core_clock)
Endpoint: _23024_ (rising clock gating-check end-point clocked by core_clock)
Path Group: gated clock
Path Type: min

Fanout     Cap    Slew   Delay    Time   Description
-----------------------------------------------------------------------------
                        500.00  500.00   clock core_clock (fall edge)
                          0.00  500.00   clock source latency
     2   12.14    0.00    0.00  500.00 v clk_i (in)
                                         clk_i (net)
                 34.30   10.82  510.82 v delaybuf_0_core_clock/A (BUFx16f_ASAP7_75t_R)
     1    6.40    7.32   22.24  533.06 v delaybuf_0_core_clock/Y (BUFx16f_ASAP7_75t_R)
                                         delaynet_0_core_clock (net)
                 17.97    5.25  538.30 v clkbuf_regs_0_core_clock/A (BUFx16f_ASAP7_75t_R)
     1    3.85    6.01   17.72  556.02 v clkbuf_regs_0_core_clock/Y (BUFx16f_ASAP7_75t_R)
                                         clk_i_regs (net)
                  8.01    1.90  557.92 v clkbuf_0_clk_i_regs/A (BUFx16f_ASAP7_75t_R)
     4   16.74   12.42   15.71  573.62 v clkbuf_0_clk_i_regs/Y (BUFx16f_ASAP7_75t_R)
                                         clknet_0_clk_i_regs (net)
                 19.71    4.85  578.47 v clkbuf_2_3__f_clk_i_regs/A (BUFx16f_ASAP7_75t_R)
    15   44.01   25.72   23.38  601.85 v clkbuf_2_3__f_clk_i_regs/Y (BUFx16f_ASAP7_75t_R)
                                         clknet_2_3__leaf_clk_i_regs (net)
                 39.18   10.01  611.85 v clkbuf_leaf_9_clk_i_regs/A (BUFx24_ASAP7_75t_R)
     8   19.14   13.64   30.00  641.85 v clkbuf_leaf_9_clk_i_regs/Y (BUFx24_ASAP7_75t_R)
                                         clknet_leaf_9_clk_i_regs (net)
                 20.21    5.06  646.91 v core_clock_gate_i.en_latch$_DLATCH_N_/CLK (DLLx1_ASAP7_75t_R)
     1    6.59   45.20   40.89  687.80 ^ core_clock_gate_i.en_latch$_DLATCH_N_/Q (DLLx1_ASAP7_75t_R)
                                         core_clock_gate_i.en_latch (net)
                 46.42    4.05  691.85 ^ _23024_/B (AND2x2_ASAP7_75t_R)
                                691.85   data arrival time

                        500.00  500.00   clock core_clock (fall edge)
                          0.00  500.00   clock source latency
     2   13.47    0.00    0.00  500.00 v clk_i (in)
                                         clk_i (net)
                 51.10   16.12  516.12 v clkbuf_0_clk_i/A (BUFx16f_ASAP7_75t_R)
     1    2.93    7.38   25.39  541.52 v clkbuf_0_clk_i/Y (BUFx16f_ASAP7_75t_R)
                                         clknet_0_clk_i (net)
                  7.40    0.40  541.92 v clkbuf_1_0__f_clk_i/A (BUFx16f_ASAP7_75t_R)
     1    0.76    4.59   13.78  555.70 v clkbuf_1_0__f_clk_i/Y (BUFx16f_ASAP7_75t_R)
                                         clknet_1_0__leaf_clk_i (net)
                  4.59    0.06  555.77 v _23024_/A (AND2x2_ASAP7_75t_R)
                          0.00  555.77   clock reconvergence pessimism
                          0.00  555.77   clock gating hold time
                                555.77   data required time
-----------------------------------------------------------------------------
                                555.77   data required time
                               -691.85   data arrival time
-----------------------------------------------------------------------------
                                136.08   slack (MET)


Startpoint: id_stage_i.controller_i.ctrl_fsm_cs[3]$_DFF_PN0_
            (rising edge-triggered flip-flop clocked by core_clock)
Endpoint: id_stage_i.controller_i.ctrl_fsm_cs[8]$_DFF_PN0_
          (rising edge-triggered flip-flop clocked by core_clock)
Path Group: core_clock
Path Type: min

Fanout     Cap    Slew   Delay    Time   Description
-----------------------------------------------------------------------------
                          0.00    0.00   clock core_clock (rise edge)
                          0.00    0.00   clock source latency
     2   12.15    0.00    0.00    0.00 ^ clk_i (in)
                                         clk_i (net)
                 44.74   14.11   14.11 ^ clkbuf_0_clk_i/A (BUFx16f_ASAP7_75t_R)
     1    2.27    6.67   21.65   35.77 ^ clkbuf_0_clk_i/Y (BUFx16f_ASAP7_75t_R)
                                         clknet_0_clk_i (net)
                  6.69    0.30   36.07 ^ clkbuf_1_0__f_clk_i/A (BUFx16f_ASAP7_75t_R)
     1    0.64    4.62   12.76   48.83 ^ clkbuf_1_0__f_clk_i/Y (BUFx16f_ASAP7_75t_R)
                                         clknet_1_0__leaf_clk_i (net)
                  4.62    0.05   48.88 ^ _23024_/A (AND2x2_ASAP7_75t_R)
     1    2.20   10.77   15.81   64.69 ^ _23024_/Y (AND2x2_ASAP7_75t_R)
                                         _08202_ (net)
                 10.79    0.25   64.94 ^ clkbuf_0__08202_/A (BUFx16f_ASAP7_75t_R)
     4   16.05   13.06   16.03   80.98 ^ clkbuf_0__08202_/Y (BUFx16f_ASAP7_75t_R)
                                         clknet_0__08202_ (net)
                 17.19    3.66   84.63 ^ clkbuf_2_2__f__08202_/A (BUFx16f_ASAP7_75t_R)
    11   37.10   23.88   22.66  107.29 ^ clkbuf_2_2__f__08202_/Y (BUFx16f_ASAP7_75t_R)
                                         clknet_2_2__leaf__08202_ (net)
                 28.30    5.38  112.67 ^ clkbuf_leaf_11__08202_/A (BUFx24_ASAP7_75t_R)
    22   13.47   11.76   24.43  137.10 ^ clkbuf_leaf_11__08202_/Y (BUFx24_ASAP7_75t_R)
                                         clknet_leaf_11__08202_ (net)
                 12.07    0.96  138.07 ^ id_stage_i.controller_i.ctrl_fsm_cs[3]$_DFF_PN0_/CLK (DFFASRHQNx1_ASAP7_75t_R)
     2    1.44   18.26   42.55  180.62 ^ id_stage_i.controller_i.ctrl_fsm_cs[3]$_DFF_PN0_/QN (DFFASRHQNx1_ASAP7_75t_R)
                                         _01828_ (net)
                 18.26    0.04  180.66 ^ _23902_/B (OAI21x1_ASAP7_75t_R)
     1    0.75    8.18    7.05  187.72 v _23902_/Y (OAI21x1_ASAP7_75t_R)
                                         _09080_ (net)
                  8.19    0.04  187.76 v id_stage_i.controller_i.ctrl_fsm_cs[8]$_DFF_PN0_/D (DFFASRHQNx1_ASAP7_75t_R)
                                187.76   data arrival time

                          0.00    0.00   clock core_clock (rise edge)
                          0.00    0.00   clock source latency
     2   13.47    0.00    0.00    0.00 ^ clk_i (in)
                                         clk_i (net)
                 51.10   16.12   16.12 ^ clkbuf_0_clk_i/A (BUFx16f_ASAP7_75t_R)
     1    2.93    7.20   22.64   38.76 ^ clkbuf_0_clk_i/Y (BUFx16f_ASAP7_75t_R)
                                         clknet_0_clk_i (net)
                  7.22    0.40   39.16 ^ clkbuf_1_0__f_clk_i/A (BUFx16f_ASAP7_75t_R)
     1    0.77    4.68   12.96   52.12 ^ clkbuf_1_0__f_clk_i/Y (BUFx16f_ASAP7_75t_R)
                                         clknet_1_0__leaf_clk_i (net)
                  4.68    0.07   52.18 ^ _23024_/A (AND2x2_ASAP7_75t_R)
     1    2.86   13.61   16.92   69.10 ^ _23024_/Y (AND2x2_ASAP7_75t_R)
                                         _08202_ (net)
                 13.64    0.33   69.43 ^ clkbuf_0__08202_/A (BUFx16f_ASAP7_75t_R)
     4   18.69   14.71   17.01   86.45 ^ clkbuf_0__08202_/Y (BUFx16f_ASAP7_75t_R)
                                         clknet_0__08202_ (net)
                 19.85    4.31   90.76 ^ clkbuf_2_2__f__08202_/A (BUFx16f_ASAP7_75t_R)
    11   46.18   28.30   24.95  115.71 ^ clkbuf_2_2__f__08202_/Y (BUFx16f_ASAP7_75t_R)
                                         clknet_2_2__leaf__08202_ (net)
                 33.81    6.55  122.25 ^ clkbuf_leaf_11__08202_/A (BUFx24_ASAP7_75t_R)
    22   16.21   13.14   26.25  148.51 ^ clkbuf_leaf_11__08202_/Y (BUFx24_ASAP7_75t_R)
                                         clknet_leaf_11__08202_ (net)
                 13.54    1.17  149.68 ^ id_stage_i.controller_i.ctrl_fsm_cs[8]$_DFF_PN0_/CLK (DFFASRHQNx1_ASAP7_75t_R)
                        -11.40  138.28   clock reconvergence pessimism
                         12.42  150.69   library hold time
                                150.69   data required time
-----------------------------------------------------------------------------
                                150.69   data required time
                               -187.76   data arrival time
-----------------------------------------------------------------------------
                                 37.06   slack (MET)



==========================================================================
cts final report_checks -path_delay max
--------------------------------------------------------------------------
Startpoint: rst_ni (input port clocked by core_clock)
Endpoint: ex_block_i.gen_multdiv_fast.multdiv_i.md_state_q[0]$_DFF_PN1_
          (recovery check against rising-edge clock core_clock)
Path Group: asynchronous
Path Type: max

Fanout     Cap    Slew   Delay    Time   Description
-----------------------------------------------------------------------------
                          0.00    0.00   clock core_clock (rise edge)
                          0.00    0.00   clock network delay (propagated)
                        200.00  200.00 ^ input external delay
     1    1.47    0.00    0.00  200.00 ^ rst_ni (in)
                                         rst_ni (net)
                  0.33    0.10  200.10 ^ input1829/A (BUFx8_ASAP7_75t_R)
    49   67.81   64.59   22.49  222.59 ^ input1829/Y (BUFx8_ASAP7_75t_R)
                                         net1828 (net)
                132.35   38.86  261.46 ^ place5009/A (BUFx6f_ASAP7_75t_R)
    52   61.14   72.96   49.99  311.45 ^ place5009/Y (BUFx6f_ASAP7_75t_R)
                                         net5008 (net)
                 93.06   20.06  331.52 ^ place5006/A (BUFx3_ASAP7_75t_R)
    43   42.60   97.73   57.55  389.06 ^ place5006/Y (BUFx3_ASAP7_75t_R)
                                         net5005 (net)
                 99.53    7.49  396.56 ^ place5005/A (BUFx3_ASAP7_75t_R)
    51   55.75  125.56   70.31  466.87 ^ place5005/Y (BUFx3_ASAP7_75t_R)
                                         net5004 (net)
                127.32    8.42  475.29 ^ ex_block_i.gen_multdiv_fast.multdiv_i.md_state_q[0]$_DFF_PN1_/SETN (DFFASRHQNx1_ASAP7_75t_R)
                                475.29   data arrival time

                       1000.00 1000.00   clock core_clock (rise edge)
                          0.00 1000.00   clock source latency
     2   12.15    0.00    0.00 1000.00 ^ clk_i (in)
                                         clk_i (net)
                 44.74   14.11 1014.11 ^ clkbuf_0_clk_i/A (BUFx16f_ASAP7_75t_R)
     1    2.27    6.67   21.65 1035.77 ^ clkbuf_0_clk_i/Y (BUFx16f_ASAP7_75t_R)
                                         clknet_0_clk_i (net)
                  6.69    0.30 1036.07 ^ clkbuf_1_0__f_clk_i/A (BUFx16f_ASAP7_75t_R)
     1    0.64    4.62   12.76 1048.83 ^ clkbuf_1_0__f_clk_i/Y (BUFx16f_ASAP7_75t_R)
                                         clknet_1_0__leaf_clk_i (net)
                  4.62    0.05 1048.88 ^ _23024_/A (AND2x2_ASAP7_75t_R)
     1    2.20   10.77   15.81 1064.69 ^ _23024_/Y (AND2x2_ASAP7_75t_R)
                                         _08202_ (net)
                 10.79    0.25 1064.94 ^ clkbuf_0__08202_/A (BUFx16f_ASAP7_75t_R)
     4   16.05   13.06   16.03 1080.98 ^ clkbuf_0__08202_/Y (BUFx16f_ASAP7_75t_R)
                                         clknet_0__08202_ (net)
                 21.76    5.70 1086.68 ^ clkbuf_2_0__f__08202_/A (BUFx16f_ASAP7_75t_R)
    12   38.91   25.08   23.73 1110.41 ^ clkbuf_2_0__f__08202_/Y (BUFx16f_ASAP7_75t_R)
                                         clknet_2_0__leaf__08202_ (net)
                 27.22    3.85 1114.25 ^ clkbuf_leaf_3__08202_/A (BUFx24_ASAP7_75t_R)
    20   12.37   11.24   24.00 1138.25 ^ clkbuf_leaf_3__08202_/Y (BUFx24_ASAP7_75t_R)
                                         clknet_leaf_3__08202_ (net)
                 11.27    0.26 1138.51 ^ ex_block_i.gen_multdiv_fast.multdiv_i.md_state_q[0]$_DFF_PN1_/CLK (DFFASRHQNx1_ASAP7_75t_R)
                          0.00 1138.51   clock reconvergence pessimism
                         -9.38 1129.13   library recovery time
                               1129.13   data required time
-----------------------------------------------------------------------------
                               1129.13   data required time
                               -475.29   data arrival time
-----------------------------------------------------------------------------
                                653.84   slack (MET)


Startpoint: core_clock_gate_i.en_latch$_DLATCH_N_
            (negative level-sensitive latch clocked by core_clock)
Endpoint: _23024_ (rising clock gating-check end-point clocked by core_clock)
Path Group: gated clock
Path Type: max

Fanout     Cap    Slew   Delay    Time   Description
-----------------------------------------------------------------------------
                        500.00  500.00   clock core_clock (fall edge)
                          0.00  500.00   clock source latency
     2   13.47    0.00    0.00  500.00 v clk_i (in)
                                         clk_i (net)
                 38.96   12.29  512.29 v delaybuf_0_core_clock/A (BUFx16f_ASAP7_75t_R)
     1    7.07    7.68   23.46  535.75 v delaybuf_0_core_clock/Y (BUFx16f_ASAP7_75t_R)
                                         delaynet_0_core_clock (net)
                 20.51    6.02  541.77 v clkbuf_regs_0_core_clock/A (BUFx16f_ASAP7_75t_R)
     1    4.51    6.28   18.56  560.34 v clkbuf_regs_0_core_clock/Y (BUFx16f_ASAP7_75t_R)
                                         clk_i_regs (net)
                  9.12    2.28  562.61 v clkbuf_0_clk_i_regs/A (BUFx16f_ASAP7_75t_R)
     4   19.41   13.93   16.18  578.79 v clkbuf_0_clk_i_regs/Y (BUFx16f_ASAP7_75t_R)
                                         clknet_0_clk_i_regs (net)
                 22.89    5.76  584.55 v clkbuf_2_3__f_clk_i_regs/A (BUFx16f_ASAP7_75t_R)
    15   52.87   28.93   25.12  609.67 v clkbuf_2_3__f_clk_i_regs/Y (BUFx16f_ASAP7_75t_R)
                                         clknet_2_3__leaf_clk_i_regs (net)
                 44.99   11.57  621.25 v clkbuf_leaf_9_clk_i_regs/A (BUFx24_ASAP7_75t_R)
     8   22.43   15.33   31.80  653.05 v clkbuf_leaf_9_clk_i_regs/Y (BUFx24_ASAP7_75t_R)
                                         clknet_leaf_9_clk_i_regs (net)
                 22.29    5.51  658.56 v core_clock_gate_i.en_latch$_DLATCH_N_/CLK (DLLx1_ASAP7_75t_R)
     1    6.84   40.47   49.25  707.81 v core_clock_gate_i.en_latch$_DLATCH_N_/Q (DLLx1_ASAP7_75t_R)
                                         core_clock_gate_i.en_latch (net)
                 42.04    4.31  712.12 v _23024_/B (AND2x2_ASAP7_75t_R)
                                712.12   data arrival time

                       1000.00 1000.00   clock core_clock (rise edge)
                          0.00 1000.00   clock source latency
     2   12.15    0.00    0.00 1000.00 ^ clk_i (in)
                                         clk_i (net)
                 44.74   14.11 1014.11 ^ clkbuf_0_clk_i/A (BUFx16f_ASAP7_75t_R)
     1    2.27    6.67   21.65 1035.77 ^ clkbuf_0_clk_i/Y (BUFx16f_ASAP7_75t_R)
                                         clknet_0_clk_i (net)
                  6.69    0.30 1036.07 ^ clkbuf_1_0__f_clk_i/A (BUFx16f_ASAP7_75t_R)
     1    0.64    4.62   12.76 1048.83 ^ clkbuf_1_0__f_clk_i/Y (BUFx16f_ASAP7_75t_R)
                                         clknet_1_0__leaf_clk_i (net)
                  4.62    0.05 1048.88 ^ _23024_/A (AND2x2_ASAP7_75t_R)
                          0.00 1048.88   clock reconvergence pessimism
                          0.00 1048.88   clock gating setup time
                               1048.88   data required time
-----------------------------------------------------------------------------
                               1048.88   data required time
                               -712.12   data arrival time
-----------------------------------------------------------------------------
                                336.76   slack (MET)


Startpoint: _tray_size4_3825
            (rising edge-triggered flip-flop clocked by core_clock)
Endpoint: instr_addr_o[31] (output port clocked by core_clock)
Path Group: core_clock
Path Type: max

Fanout     Cap    Slew   Delay    Time   Description
-----------------------------------------------------------------------------
                          0.00    0.00   clock core_clock (rise edge)
                          0.00    0.00   clock source latency
     2   13.47    0.00    0.00    0.00 ^ clk_i (in)
                                         clk_i (net)
                 51.10   16.12   16.12 ^ clkbuf_0_clk_i/A (BUFx16f_ASAP7_75t_R)
     1    2.93    7.20   22.64   38.76 ^ clkbuf_0_clk_i/Y (BUFx16f_ASAP7_75t_R)
                                         clknet_0_clk_i (net)
                  7.22    0.40   39.16 ^ clkbuf_1_0__f_clk_i/A (BUFx16f_ASAP7_75t_R)
     1    0.77    4.68   12.96   52.12 ^ clkbuf_1_0__f_clk_i/Y (BUFx16f_ASAP7_75t_R)
                                         clknet_1_0__leaf_clk_i (net)
                  4.68    0.07   52.18 ^ _23024_/A (AND2x2_ASAP7_75t_R)
     1    2.86   13.61   16.92   69.10 ^ _23024_/Y (AND2x2_ASAP7_75t_R)
                                         _08202_ (net)
                 13.64    0.33   69.43 ^ clkbuf_0__08202_/A (BUFx16f_ASAP7_75t_R)
     4   18.69   14.71   17.01   86.45 ^ clkbuf_0__08202_/Y (BUFx16f_ASAP7_75t_R)
                                         clknet_0__08202_ (net)
                 22.37    5.46   91.91 ^ clkbuf_2_1__f__08202_/A (BUFx16f_ASAP7_75t_R)
     7   39.47   25.02   23.89  115.81 ^ clkbuf_2_1__f__08202_/Y (BUFx16f_ASAP7_75t_R)
                                         clknet_2_1__leaf__08202_ (net)
                 28.15    4.52  120.33 ^ clkbuf_leaf_5__08202_/A (BUFx24_ASAP7_75t_R)
    17   15.44   12.58   24.72  145.05 ^ clkbuf_leaf_5__08202_/Y (BUFx24_ASAP7_75t_R)
                                         clknet_leaf_5__08202_ (net)
                 12.79    0.76  145.81 ^ _tray_size4_3825/CLK (DFFHQNH2V2Xx3_ASAP7_75t_R)
     2    3.32   32.83   74.42  220.23 v _tray_size4_3825/QN0 (DFFHQNH2V2Xx3_ASAP7_75t_R)
                                         _00231_ (net)
                 32.83    0.10  220.33 v rebuffer5054/A (BUFx12f_ASAP7_75t_R)
     3   14.13   11.16   19.77  240.09 v rebuffer5054/Y (BUFx12f_ASAP7_75t_R)
                                         net5053 (net)
                 30.08    8.86  248.95 v rebuffer5100/A (BUFx12f_ASAP7_75t_R)
     4   12.33   11.48   19.36  268.31 v rebuffer5100/Y (BUFx12f_ASAP7_75t_R)
                                         net5099 (net)
                 17.66    4.34  272.65 v _18185_/A (INVx8_ASAP7_75t_R)
     5    7.68   11.37    8.95  281.60 ^ _18185_/Y (INVx8_ASAP7_75t_R)
                                         _03363_ (net)
                 11.52    0.72  282.32 ^ place4802/A (BUFx12f_ASAP7_75t_R)
     5   12.51   11.52   13.89  296.21 ^ place4802/Y (BUFx12f_ASAP7_75t_R)
                                         net4801 (net)
                 19.85    5.16  301.38 ^ place4801/A (BUFx12f_ASAP7_75t_R)
     8    8.42    9.53   16.00  317.37 ^ place4801/Y (BUFx12f_ASAP7_75t_R)
                                         net4800 (net)
                  9.95    1.03  318.40 ^ _21315_/C (OA211x2_ASAP7_75t_R)
     1    1.28   11.30   20.63  339.04 ^ _21315_/Y (OA211x2_ASAP7_75t_R)
                                         _06493_ (net)
                 11.30    0.04  339.08 ^ _21316_/B (AOI21x1_ASAP7_75t_R)
     1    2.42   19.03   10.13  349.21 v _21316_/Y (AOI21x1_ASAP7_75t_R)
                                         _06494_ (net)
                 19.09    0.54  349.75 v _21317_/C1 (AO222x2_ASAP7_75t_R)
     1    1.40   11.88   31.54  381.29 v _21317_/Y (AO222x2_ASAP7_75t_R)
                                         _06495_ (net)
                 11.90    0.17  381.47 v _21330_/A1 (AO21x2_ASAP7_75t_R)
     2    2.19   10.23   20.64  402.10 v _21330_/Y (AO21x2_ASAP7_75t_R)
                                         _06508_ (net)
                 10.26    0.31  402.42 v _21355_/B (OR4x2_ASAP7_75t_R)
     2    7.81   31.89   40.60  443.02 v _21355_/Y (OR4x2_ASAP7_75t_R)
                                         _06533_ (net)
                 34.59    4.90  447.91 v rebuffer5070/A (BUFx6f_ASAP7_75t_R)
     1    2.30    6.36   19.24  467.16 v rebuffer5070/Y (BUFx6f_ASAP7_75t_R)
                                         net5069 (net)
                  6.51    0.42  467.58 v _21357_/A2 (AOI21x1_ASAP7_75t_R)
     2    1.92   19.10   10.99  478.57 ^ _21357_/Y (AOI21x1_ASAP7_75t_R)
                                         _06535_ (net)
                 19.11    0.17  478.74 ^ _21358_/C (AND3x1_ASAP7_75t_R)
     1    0.70    9.46   18.82  497.56 ^ _21358_/Y (AND3x1_ASAP7_75t_R)
                                         _06536_ (net)
                  9.46    0.03  497.59 ^ _21361_/B (AO21x1_ASAP7_75t_R)
     1    0.73    9.36   11.69  509.28 ^ _21361_/Y (AO21x1_ASAP7_75t_R)
                                         _06539_ (net)
                  9.36    0.03  509.31 ^ _21362_/B (AO21x1_ASAP7_75t_R)
     1    1.30   11.68   13.31  522.62 ^ _21362_/Y (AO21x1_ASAP7_75t_R)
                                         _06540_ (net)
                 11.69    0.08  522.71 ^ alu_adder_result_ex\\ALU_33_0_33_0_33_unused_CO_X_Y[0]_HAN_CARLSON/_560_/B (XOR2x2_ASAP7_75t_R)
     1    2.97   13.82   20.82  543.53 ^ alu_adder_result_ex\\ALU_33_0_33_0_33_unused_CO_X_Y[0]_HAN_CARLSON/_560_/Y (XOR2x2_ASAP7_75t_R)
                                         alu_adder_result_ex\\ALU_33_0_33_0_33_unused_CO_X_Y[0]_HAN_CARLSON/_257_ (net)
                 13.97    0.76  544.29 ^ alu_adder_result_ex\\ALU_33_0_33_0_33_unused_CO_X_Y[0]_HAN_CARLSON/_315_/A (HAxp5_ASAP7_75t_R)
     2    2.13   39.50   37.10  581.39 v alu_adder_result_ex\\ALU_33_0_33_0_33_unused_CO_X_Y[0]_HAN_CARLSON/_315_/SN (HAxp5_ASAP7_75t_R)
                                         alu_adder_result_ex\\ALU_33_0_33_0_33_unused_CO_X_Y[0]_HAN_CARLSON/_003_ (net)
                 39.51    0.29  581.67 v alu_adder_result_ex\\ALU_33_0_33_0_33_unused_CO_X_Y[0]_HAN_CARLSON/_516_/D (OR4x1_ASAP7_75t_R)
     2    1.53   14.69   33.32  615.00 v alu_adder_result_ex\\ALU_33_0_33_0_33_unused_CO_X_Y[0]_HAN_CARLSON/_516_/Y (OR4x1_ASAP7_75t_R)
                                         alu_adder_result_ex\\ALU_33_0_33_0_33_unused_CO_X_Y[0]_HAN_CARLSON/_214_ (net)
                 14.70    0.08  615.08 v alu_adder_result_ex\\ALU_33_0_33_0_33_unused_CO_X_Y[0]_HAN_CARLSON/_517_/B (OR4x1_ASAP7_75t_R)
     2    1.54   14.26   28.85  643.93 v alu_adder_result_ex\\ALU_33_0_33_0_33_unused_CO_X_Y[0]_HAN_CARLSON/_517_/Y (OR4x1_ASAP7_75t_R)
                                         alu_adder_result_ex\\ALU_33_0_33_0_33_unused_CO_X_Y[0]_HAN_CARLSON/_215_ (net)
                 14.26    0.07  644.00 v alu_adder_result_ex\\ALU_33_0_33_0_33_unused_CO_X_Y[0]_HAN_CARLSON/_519_/A (OR3x1_ASAP7_75t_R)
     1    0.87    9.56   20.95  664.95 v alu_adder_result_ex\\ALU_33_0_33_0_33_unused_CO_X_Y[0]_HAN_CARLSON/_519_/Y (OR3x1_ASAP7_75t_R)
                                         alu_adder_result_ex\\ALU_33_0_33_0_33_unused_CO_X_Y[0]_HAN_CARLSON/_217_ (net)
                  9.57    0.05  664.99 v alu_adder_result_ex\\ALU_33_0_33_0_33_unused_CO_X_Y[0]_HAN_CARLSON/_518_/A (INVx1_ASAP7_75t_R)
     1    0.69    7.17    6.40  671.40 ^ alu_adder_result_ex\\ALU_33_0_33_0_33_unused_CO_X_Y[0]_HAN_CARLSON/_518_/Y (INVx1_ASAP7_75t_R)
                                         alu_adder_result_ex\\ALU_33_0_33_0_33_unused_CO_X_Y[0]_HAN_CARLSON/_216_ (net)
                  7.17    0.03  671.42 ^ alu_adder_result_ex\\ALU_33_0_33_0_33_unused_CO_X_Y[0]_HAN_CARLSON/_524_/A2 (AO21x1_ASAP7_75t_R)
     1    1.18   10.58   14.40  685.82 ^ alu_adder_result_ex\\ALU_33_0_33_0_33_unused_CO_X_Y[0]_HAN_CARLSON/_524_/Y (AO21x1_ASAP7_75t_R)
                                         alu_adder_result_ex\\ALU_33_0_33_0_33_unused_CO_X_Y[0]_HAN_CARLSON/_222_ (net)
                 10.58    0.06  685.89 ^ alu_adder_result_ex\\ALU_33_0_33_0_33_unused_CO_X_Y[0]_HAN_CARLSON/_527_/B (XNOR2x2_ASAP7_75t_R)
     2    3.40   13.74   29.16  715.05 v alu_adder_result_ex\\ALU_33_0_33_0_33_unused_CO_X_Y[0]_HAN_CARLSON/_527_/Y (XNOR2x2_ASAP7_75t_R)
                                         net1853 (net)
                 13.75    0.15  715.20 v place4354/A (BUFx12f_ASAP7_75t_R)
     2    4.59    5.96   14.43  729.63 v place4354/Y (BUFx12f_ASAP7_75t_R)
                                         net4353 (net)
                  7.24    1.40  731.03 v _25057_/A1 (OA211x2_ASAP7_75t_R)
     1    0.71    9.28   21.39  752.43 v _25057_/Y (OA211x2_ASAP7_75t_R)
                                         _10233_ (net)
                  9.28    0.03  752.46 v _25058_/B (OR3x1_ASAP7_75t_R)
     1    0.72   10.56   20.12  772.57 v _25058_/Y (OR3x1_ASAP7_75t_R)
                                         _10234_ (net)
                 10.56    0.03  772.60 v _25059_/B (OA21x2_ASAP7_75t_R)
     1    3.07   12.86   16.50  789.11 v _25059_/Y (OA21x2_ASAP7_75t_R)
                                         _10235_ (net)
                 12.93    0.49  789.59 v _25061_/B (NAND2x2_ASAP7_75t_R)
     2    2.78   31.78   10.57  800.17 ^ _25061_/Y (NAND2x2_ASAP7_75t_R)
                                         _10237_ (net)
                 31.82    0.54  800.71 ^ _25146_/C (OA211x2_ASAP7_75t_R)
     1    1.48   12.92   23.63  824.33 ^ _25146_/Y (OA211x2_ASAP7_75t_R)
                                         _10322_ (net)
                 12.92    0.10  824.43 ^ _25147_/B (AOI21x1_ASAP7_75t_R)
     2    1.48   28.14    8.81  833.24 v _25147_/Y (AOI21x1_ASAP7_75t_R)
                                         net1921 (net)
                 28.14    0.05  833.30 v output1922/A (BUFx3_ASAP7_75t_R)
     1    1.05    5.94   18.28  851.58 v output1922/Y (BUFx3_ASAP7_75t_R)
                                         instr_addr_o[31] (net)
                  5.95    0.12  851.70 v instr_addr_o[31] (out)
                                851.70   data arrival time

                       1000.00 1000.00   clock core_clock (rise edge)
                          0.00 1000.00   clock network delay (propagated)
                          0.00 1000.00   clock reconvergence pessimism
                       -200.00  800.00   output external delay
                                800.00   data required time
-----------------------------------------------------------------------------
                                800.00   data required time
                               -851.70   data arrival time
-----------------------------------------------------------------------------
                                -51.70   slack (VIOLATED)



==========================================================================
cts final report_checks -unconstrained
--------------------------------------------------------------------------
Startpoint: rst_ni (input port clocked by core_clock)
Endpoint: ex_block_i.gen_multdiv_fast.multdiv_i.md_state_q[0]$_DFF_PN1_
          (recovery check against rising-edge clock core_clock)
Path Group: asynchronous
Path Type: max

Fanout     Cap    Slew   Delay    Time   Description
-----------------------------------------------------------------------------
                          0.00    0.00   clock core_clock (rise edge)
                          0.00    0.00   clock network delay (propagated)
                        200.00  200.00 ^ input external delay
     1    1.47    0.00    0.00  200.00 ^ rst_ni (in)
                                         rst_ni (net)
                  0.33    0.10  200.10 ^ input1829/A (BUFx8_ASAP7_75t_R)
    49   67.81   64.59   22.49  222.59 ^ input1829/Y (BUFx8_ASAP7_75t_R)
                                         net1828 (net)
                132.35   38.86  261.46 ^ place5009/A (BUFx6f_ASAP7_75t_R)
    52   61.14   72.96   49.99  311.45 ^ place5009/Y (BUFx6f_ASAP7_75t_R)
                                         net5008 (net)
                 93.06   20.06  331.52 ^ place5006/A (BUFx3_ASAP7_75t_R)
    43   42.60   97.73   57.55  389.06 ^ place5006/Y (BUFx3_ASAP7_75t_R)
                                         net5005 (net)
                 99.53    7.49  396.56 ^ place5005/A (BUFx3_ASAP7_75t_R)
    51   55.75  125.56   70.31  466.87 ^ place5005/Y (BUFx3_ASAP7_75t_R)
                                         net5004 (net)
                127.32    8.42  475.29 ^ ex_block_i.gen_multdiv_fast.multdiv_i.md_state_q[0]$_DFF_PN1_/SETN (DFFASRHQNx1_ASAP7_75t_R)
                                475.29   data arrival time

                       1000.00 1000.00   clock core_clock (rise edge)
                          0.00 1000.00   clock source latency
     2   12.15    0.00    0.00 1000.00 ^ clk_i (in)
                                         clk_i (net)
                 44.74   14.11 1014.11 ^ clkbuf_0_clk_i/A (BUFx16f_ASAP7_75t_R)
     1    2.27    6.67   21.65 1035.77 ^ clkbuf_0_clk_i/Y (BUFx16f_ASAP7_75t_R)
                                         clknet_0_clk_i (net)
                  6.69    0.30 1036.07 ^ clkbuf_1_0__f_clk_i/A (BUFx16f_ASAP7_75t_R)
     1    0.64    4.62   12.76 1048.83 ^ clkbuf_1_0__f_clk_i/Y (BUFx16f_ASAP7_75t_R)
                                         clknet_1_0__leaf_clk_i (net)
                  4.62    0.05 1048.88 ^ _23024_/A (AND2x2_ASAP7_75t_R)
     1    2.20   10.77   15.81 1064.69 ^ _23024_/Y (AND2x2_ASAP7_75t_R)
                                         _08202_ (net)
                 10.79    0.25 1064.94 ^ clkbuf_0__08202_/A (BUFx16f_ASAP7_75t_R)
     4   16.05   13.06   16.03 1080.98 ^ clkbuf_0__08202_/Y (BUFx16f_ASAP7_75t_R)
                                         clknet_0__08202_ (net)
                 21.76    5.70 1086.68 ^ clkbuf_2_0__f__08202_/A (BUFx16f_ASAP7_75t_R)
    12   38.91   25.08   23.73 1110.41 ^ clkbuf_2_0__f__08202_/Y (BUFx16f_ASAP7_75t_R)
                                         clknet_2_0__leaf__08202_ (net)
                 27.22    3.85 1114.25 ^ clkbuf_leaf_3__08202_/A (BUFx24_ASAP7_75t_R)
    20   12.37   11.24   24.00 1138.25 ^ clkbuf_leaf_3__08202_/Y (BUFx24_ASAP7_75t_R)
                                         clknet_leaf_3__08202_ (net)
                 11.27    0.26 1138.51 ^ ex_block_i.gen_multdiv_fast.multdiv_i.md_state_q[0]$_DFF_PN1_/CLK (DFFASRHQNx1_ASAP7_75t_R)
                          0.00 1138.51   clock reconvergence pessimism
                         -9.38 1129.13   library recovery time
                               1129.13   data required time
-----------------------------------------------------------------------------
                               1129.13   data required time
                               -475.29   data arrival time
-----------------------------------------------------------------------------
                                653.84   slack (MET)


Startpoint: core_clock_gate_i.en_latch$_DLATCH_N_
            (negative level-sensitive latch clocked by core_clock)
Endpoint: _23024_ (rising clock gating-check end-point clocked by core_clock)
Path Group: gated clock
Path Type: max

Fanout     Cap    Slew   Delay    Time   Description
-----------------------------------------------------------------------------
                        500.00  500.00   clock core_clock (fall edge)
                          0.00  500.00   clock source latency
     2   13.47    0.00    0.00  500.00 v clk_i (in)
                                         clk_i (net)
                 38.96   12.29  512.29 v delaybuf_0_core_clock/A (BUFx16f_ASAP7_75t_R)
     1    7.07    7.68   23.46  535.75 v delaybuf_0_core_clock/Y (BUFx16f_ASAP7_75t_R)
                                         delaynet_0_core_clock (net)
                 20.51    6.02  541.77 v clkbuf_regs_0_core_clock/A (BUFx16f_ASAP7_75t_R)
     1    4.51    6.28   18.56  560.34 v clkbuf_regs_0_core_clock/Y (BUFx16f_ASAP7_75t_R)
                                         clk_i_regs (net)
                  9.12    2.28  562.61 v clkbuf_0_clk_i_regs/A (BUFx16f_ASAP7_75t_R)
     4   19.41   13.93   16.18  578.79 v clkbuf_0_clk_i_regs/Y (BUFx16f_ASAP7_75t_R)
                                         clknet_0_clk_i_regs (net)
                 22.89    5.76  584.55 v clkbuf_2_3__f_clk_i_regs/A (BUFx16f_ASAP7_75t_R)
    15   52.87   28.93   25.12  609.67 v clkbuf_2_3__f_clk_i_regs/Y (BUFx16f_ASAP7_75t_R)
                                         clknet_2_3__leaf_clk_i_regs (net)
                 44.99   11.57  621.25 v clkbuf_leaf_9_clk_i_regs/A (BUFx24_ASAP7_75t_R)
     8   22.43   15.33   31.80  653.05 v clkbuf_leaf_9_clk_i_regs/Y (BUFx24_ASAP7_75t_R)
                                         clknet_leaf_9_clk_i_regs (net)
                 22.29    5.51  658.56 v core_clock_gate_i.en_latch$_DLATCH_N_/CLK (DLLx1_ASAP7_75t_R)
     1    6.84   40.47   49.25  707.81 v core_clock_gate_i.en_latch$_DLATCH_N_/Q (DLLx1_ASAP7_75t_R)
                                         core_clock_gate_i.en_latch (net)
                 42.04    4.31  712.12 v _23024_/B (AND2x2_ASAP7_75t_R)
                                712.12   data arrival time

                       1000.00 1000.00   clock core_clock (rise edge)
                          0.00 1000.00   clock source latency
     2   12.15    0.00    0.00 1000.00 ^ clk_i (in)
                                         clk_i (net)
                 44.74   14.11 1014.11 ^ clkbuf_0_clk_i/A (BUFx16f_ASAP7_75t_R)
     1    2.27    6.67   21.65 1035.77 ^ clkbuf_0_clk_i/Y (BUFx16f_ASAP7_75t_R)
                                         clknet_0_clk_i (net)
                  6.69    0.30 1036.07 ^ clkbuf_1_0__f_clk_i/A (BUFx16f_ASAP7_75t_R)
     1    0.64    4.62   12.76 1048.83 ^ clkbuf_1_0__f_clk_i/Y (BUFx16f_ASAP7_75t_R)
                                         clknet_1_0__leaf_clk_i (net)
                  4.62    0.05 1048.88 ^ _23024_/A (AND2x2_ASAP7_75t_R)
                          0.00 1048.88   clock reconvergence pessimism
                          0.00 1048.88   clock gating setup time
                               1048.88   data required time
-----------------------------------------------------------------------------
                               1048.88   data required time
                               -712.12   data arrival time
-----------------------------------------------------------------------------
                                336.76   slack (MET)


Startpoint: _tray_size4_3825
            (rising edge-triggered flip-flop clocked by core_clock)
Endpoint: instr_addr_o[31] (output port clocked by core_clock)
Path Group: core_clock
Path Type: max

Fanout     Cap    Slew   Delay    Time   Description
-----------------------------------------------------------------------------
                          0.00    0.00   clock core_clock (rise edge)
                          0.00    0.00   clock source latency
     2   13.47    0.00    0.00    0.00 ^ clk_i (in)
                                         clk_i (net)
                 51.10   16.12   16.12 ^ clkbuf_0_clk_i/A (BUFx16f_ASAP7_75t_R)
     1    2.93    7.20   22.64   38.76 ^ clkbuf_0_clk_i/Y (BUFx16f_ASAP7_75t_R)
                                         clknet_0_clk_i (net)
                  7.22    0.40   39.16 ^ clkbuf_1_0__f_clk_i/A (BUFx16f_ASAP7_75t_R)
     1    0.77    4.68   12.96   52.12 ^ clkbuf_1_0__f_clk_i/Y (BUFx16f_ASAP7_75t_R)
                                         clknet_1_0__leaf_clk_i (net)
                  4.68    0.07   52.18 ^ _23024_/A (AND2x2_ASAP7_75t_R)
     1    2.86   13.61   16.92   69.10 ^ _23024_/Y (AND2x2_ASAP7_75t_R)
                                         _08202_ (net)
                 13.64    0.33   69.43 ^ clkbuf_0__08202_/A (BUFx16f_ASAP7_75t_R)
     4   18.69   14.71   17.01   86.45 ^ clkbuf_0__08202_/Y (BUFx16f_ASAP7_75t_R)
                                         clknet_0__08202_ (net)
                 22.37    5.46   91.91 ^ clkbuf_2_1__f__08202_/A (BUFx16f_ASAP7_75t_R)
     7   39.47   25.02   23.89  115.81 ^ clkbuf_2_1__f__08202_/Y (BUFx16f_ASAP7_75t_R)
                                         clknet_2_1__leaf__08202_ (net)
                 28.15    4.52  120.33 ^ clkbuf_leaf_5__08202_/A (BUFx24_ASAP7_75t_R)
    17   15.44   12.58   24.72  145.05 ^ clkbuf_leaf_5__08202_/Y (BUFx24_ASAP7_75t_R)
                                         clknet_leaf_5__08202_ (net)
                 12.79    0.76  145.81 ^ _tray_size4_3825/CLK (DFFHQNH2V2Xx3_ASAP7_75t_R)
     2    3.32   32.83   74.42  220.23 v _tray_size4_3825/QN0 (DFFHQNH2V2Xx3_ASAP7_75t_R)
                                         _00231_ (net)
                 32.83    0.10  220.33 v rebuffer5054/A (BUFx12f_ASAP7_75t_R)
     3   14.13   11.16   19.77  240.09 v rebuffer5054/Y (BUFx12f_ASAP7_75t_R)
                                         net5053 (net)
                 30.08    8.86  248.95 v rebuffer5100/A (BUFx12f_ASAP7_75t_R)
     4   12.33   11.48   19.36  268.31 v rebuffer5100/Y (BUFx12f_ASAP7_75t_R)
                                         net5099 (net)
                 17.66    4.34  272.65 v _18185_/A (INVx8_ASAP7_75t_R)
     5    7.68   11.37    8.95  281.60 ^ _18185_/Y (INVx8_ASAP7_75t_R)
                                         _03363_ (net)
                 11.52    0.72  282.32 ^ place4802/A (BUFx12f_ASAP7_75t_R)
     5   12.51   11.52   13.89  296.21 ^ place4802/Y (BUFx12f_ASAP7_75t_R)
                                         net4801 (net)
                 19.85    5.16  301.38 ^ place4801/A (BUFx12f_ASAP7_75t_R)
     8    8.42    9.53   16.00  317.37 ^ place4801/Y (BUFx12f_ASAP7_75t_R)
                                         net4800 (net)
                  9.95    1.03  318.40 ^ _21315_/C (OA211x2_ASAP7_75t_R)
     1    1.28   11.30   20.63  339.04 ^ _21315_/Y (OA211x2_ASAP7_75t_R)
                                         _06493_ (net)
                 11.30    0.04  339.08 ^ _21316_/B (AOI21x1_ASAP7_75t_R)
     1    2.42   19.03   10.13  349.21 v _21316_/Y (AOI21x1_ASAP7_75t_R)
                                         _06494_ (net)
                 19.09    0.54  349.75 v _21317_/C1 (AO222x2_ASAP7_75t_R)
     1    1.40   11.88   31.54  381.29 v _21317_/Y (AO222x2_ASAP7_75t_R)
                                         _06495_ (net)
                 11.90    0.17  381.47 v _21330_/A1 (AO21x2_ASAP7_75t_R)
     2    2.19   10.23   20.64  402.10 v _21330_/Y (AO21x2_ASAP7_75t_R)
                                         _06508_ (net)
                 10.26    0.31  402.42 v _21355_/B (OR4x2_ASAP7_75t_R)
     2    7.81   31.89   40.60  443.02 v _21355_/Y (OR4x2_ASAP7_75t_R)
                                         _06533_ (net)
                 34.59    4.90  447.91 v rebuffer5070/A (BUFx6f_ASAP7_75t_R)
     1    2.30    6.36   19.24  467.16 v rebuffer5070/Y (BUFx6f_ASAP7_75t_R)
                                         net5069 (net)
                  6.51    0.42  467.58 v _21357_/A2 (AOI21x1_ASAP7_75t_R)
     2    1.92   19.10   10.99  478.57 ^ _21357_/Y (AOI21x1_ASAP7_75t_R)
                                         _06535_ (net)
                 19.11    0.17  478.74 ^ _21358_/C (AND3x1_ASAP7_75t_R)
     1    0.70    9.46   18.82  497.56 ^ _21358_/Y (AND3x1_ASAP7_75t_R)
                                         _06536_ (net)
                  9.46    0.03  497.59 ^ _21361_/B (AO21x1_ASAP7_75t_R)
     1    0.73    9.36   11.69  509.28 ^ _21361_/Y (AO21x1_ASAP7_75t_R)
                                         _06539_ (net)
                  9.36    0.03  509.31 ^ _21362_/B (AO21x1_ASAP7_75t_R)
     1    1.30   11.68   13.31  522.62 ^ _21362_/Y (AO21x1_ASAP7_75t_R)
                                         _06540_ (net)
                 11.69    0.08  522.71 ^ alu_adder_result_ex\\ALU_33_0_33_0_33_unused_CO_X_Y[0]_HAN_CARLSON/_560_/B (XOR2x2_ASAP7_75t_R)
     1    2.97   13.82   20.82  543.53 ^ alu_adder_result_ex\\ALU_33_0_33_0_33_unused_CO_X_Y[0]_HAN_CARLSON/_560_/Y (XOR2x2_ASAP7_75t_R)
                                         alu_adder_result_ex\\ALU_33_0_33_0_33_unused_CO_X_Y[0]_HAN_CARLSON/_257_ (net)
                 13.97    0.76  544.29 ^ alu_adder_result_ex\\ALU_33_0_33_0_33_unused_CO_X_Y[0]_HAN_CARLSON/_315_/A (HAxp5_ASAP7_75t_R)
     2    2.13   39.50   37.10  581.39 v alu_adder_result_ex\\ALU_33_0_33_0_33_unused_CO_X_Y[0]_HAN_CARLSON/_315_/SN (HAxp5_ASAP7_75t_R)
                                         alu_adder_result_ex\\ALU_33_0_33_0_33_unused_CO_X_Y[0]_HAN_CARLSON/_003_ (net)
                 39.51    0.29  581.67 v alu_adder_result_ex\\ALU_33_0_33_0_33_unused_CO_X_Y[0]_HAN_CARLSON/_516_/D (OR4x1_ASAP7_75t_R)
     2    1.53   14.69   33.32  615.00 v alu_adder_result_ex\\ALU_33_0_33_0_33_unused_CO_X_Y[0]_HAN_CARLSON/_516_/Y (OR4x1_ASAP7_75t_R)
                                         alu_adder_result_ex\\ALU_33_0_33_0_33_unused_CO_X_Y[0]_HAN_CARLSON/_214_ (net)
                 14.70    0.08  615.08 v alu_adder_result_ex\\ALU_33_0_33_0_33_unused_CO_X_Y[0]_HAN_CARLSON/_517_/B (OR4x1_ASAP7_75t_R)
     2    1.54   14.26   28.85  643.93 v alu_adder_result_ex\\ALU_33_0_33_0_33_unused_CO_X_Y[0]_HAN_CARLSON/_517_/Y (OR4x1_ASAP7_75t_R)
                                         alu_adder_result_ex\\ALU_33_0_33_0_33_unused_CO_X_Y[0]_HAN_CARLSON/_215_ (net)
                 14.26    0.07  644.00 v alu_adder_result_ex\\ALU_33_0_33_0_33_unused_CO_X_Y[0]_HAN_CARLSON/_519_/A (OR3x1_ASAP7_75t_R)
     1    0.87    9.56   20.95  664.95 v alu_adder_result_ex\\ALU_33_0_33_0_33_unused_CO_X_Y[0]_HAN_CARLSON/_519_/Y (OR3x1_ASAP7_75t_R)
                                         alu_adder_result_ex\\ALU_33_0_33_0_33_unused_CO_X_Y[0]_HAN_CARLSON/_217_ (net)
                  9.57    0.05  664.99 v alu_adder_result_ex\\ALU_33_0_33_0_33_unused_CO_X_Y[0]_HAN_CARLSON/_518_/A (INVx1_ASAP7_75t_R)
     1    0.69    7.17    6.40  671.40 ^ alu_adder_result_ex\\ALU_33_0_33_0_33_unused_CO_X_Y[0]_HAN_CARLSON/_518_/Y (INVx1_ASAP7_75t_R)
                                         alu_adder_result_ex\\ALU_33_0_33_0_33_unused_CO_X_Y[0]_HAN_CARLSON/_216_ (net)
                  7.17    0.03  671.42 ^ alu_adder_result_ex\\ALU_33_0_33_0_33_unused_CO_X_Y[0]_HAN_CARLSON/_524_/A2 (AO21x1_ASAP7_75t_R)
     1    1.18   10.58   14.40  685.82 ^ alu_adder_result_ex\\ALU_33_0_33_0_33_unused_CO_X_Y[0]_HAN_CARLSON/_524_/Y (AO21x1_ASAP7_75t_R)
                                         alu_adder_result_ex\\ALU_33_0_33_0_33_unused_CO_X_Y[0]_HAN_CARLSON/_222_ (net)
                 10.58    0.06  685.89 ^ alu_adder_result_ex\\ALU_33_0_33_0_33_unused_CO_X_Y[0]_HAN_CARLSON/_527_/B (XNOR2x2_ASAP7_75t_R)
     2    3.40   13.74   29.16  715.05 v alu_adder_result_ex\\ALU_33_0_33_0_33_unused_CO_X_Y[0]_HAN_CARLSON/_527_/Y (XNOR2x2_ASAP7_75t_R)
                                         net1853 (net)
                 13.75    0.15  715.20 v place4354/A (BUFx12f_ASAP7_75t_R)
     2    4.59    5.96   14.43  729.63 v place4354/Y (BUFx12f_ASAP7_75t_R)
                                         net4353 (net)
                  7.24    1.40  731.03 v _25057_/A1 (OA211x2_ASAP7_75t_R)
     1    0.71    9.28   21.39  752.43 v _25057_/Y (OA211x2_ASAP7_75t_R)
                                         _10233_ (net)
                  9.28    0.03  752.46 v _25058_/B (OR3x1_ASAP7_75t_R)
     1    0.72   10.56   20.12  772.57 v _25058_/Y (OR3x1_ASAP7_75t_R)
                                         _10234_ (net)
                 10.56    0.03  772.60 v _25059_/B (OA21x2_ASAP7_75t_R)
     1    3.07   12.86   16.50  789.11 v _25059_/Y (OA21x2_ASAP7_75t_R)
                                         _10235_ (net)
                 12.93    0.49  789.59 v _25061_/B (NAND2x2_ASAP7_75t_R)
     2    2.78   31.78   10.57  800.17 ^ _25061_/Y (NAND2x2_ASAP7_75t_R)
                                         _10237_ (net)
                 31.82    0.54  800.71 ^ _25146_/C (OA211x2_ASAP7_75t_R)
     1    1.48   12.92   23.63  824.33 ^ _25146_/Y (OA211x2_ASAP7_75t_R)
                                         _10322_ (net)
                 12.92    0.10  824.43 ^ _25147_/B (AOI21x1_ASAP7_75t_R)
     2    1.48   28.14    8.81  833.24 v _25147_/Y (AOI21x1_ASAP7_75t_R)
                                         net1921 (net)
                 28.14    0.05  833.30 v output1922/A (BUFx3_ASAP7_75t_R)
     1    1.05    5.94   18.28  851.58 v output1922/Y (BUFx3_ASAP7_75t_R)
                                         instr_addr_o[31] (net)
                  5.95    0.12  851.70 v instr_addr_o[31] (out)
                                851.70   data arrival time

                       1000.00 1000.00   clock core_clock (rise edge)
                          0.00 1000.00   clock network delay (propagated)
                          0.00 1000.00   clock reconvergence pessimism
                       -200.00  800.00   output external delay
                                800.00   data required time
-----------------------------------------------------------------------------
                                800.00   data required time
                               -851.70   data arrival time
-----------------------------------------------------------------------------
                                -51.70   slack (VIOLATED)



==========================================================================
cts final report_check_types -max_slew -max_cap -max_fanout -violators
--------------------------------------------------------------------------

==========================================================================
cts final max_slew_check_slack
--------------------------------------------------------------------------
108.0865707397461

==========================================================================
cts final max_slew_check_limit
--------------------------------------------------------------------------
320.0

==========================================================================
cts final max_slew_check_slack_limit
--------------------------------------------------------------------------
0.3378

==========================================================================
cts final max_fanout_check_slack
--------------------------------------------------------------------------
1.0000000150474662e+30

==========================================================================
cts final max_fanout_check_limit
--------------------------------------------------------------------------
1.0000000150474662e+30

==========================================================================
cts final max_capacitance_check_slack
--------------------------------------------------------------------------
3.737333059310913

==========================================================================
cts final max_capacitance_check_limit
--------------------------------------------------------------------------
23.040000915527344

==========================================================================
cts final max_capacitance_check_slack_limit
--------------------------------------------------------------------------
0.1622

==========================================================================
cts final max_slew_violation_count
--------------------------------------------------------------------------
max slew violation count 0

==========================================================================
cts final max_fanout_violation_count
--------------------------------------------------------------------------
max fanout violation count 0

==========================================================================
cts final max_cap_violation_count
--------------------------------------------------------------------------
max cap violation count 0

==========================================================================
cts final setup_violation_count
--------------------------------------------------------------------------
setup violation count 157

==========================================================================
cts final hold_violation_count
--------------------------------------------------------------------------
hold violation count 0

==========================================================================
cts final report_checks -path_delay max reg to reg
--------------------------------------------------------------------------
Startpoint: _tray_size4_3825
            (rising edge-triggered flip-flop clocked by core_clock)
Endpoint: gen_regfile_ff.register_file_i.rf_reg[180]$_DFFE_PN0P_
          (rising edge-triggered flip-flop clocked by core_clock)
Path Group: core_clock
Path Type: max

  Delay    Time   Description
---------------------------------------------------------
   0.00    0.00   clock core_clock (rise edge)
   0.00    0.00   clock source latency
   0.00    0.00 ^ clk_i (in)
  38.76   38.76 ^ clkbuf_0_clk_i/Y (BUFx16f_ASAP7_75t_R)
  13.36   52.12 ^ clkbuf_1_0__f_clk_i/Y (BUFx16f_ASAP7_75t_R)
  16.99   69.10 ^ _23024_/Y (AND2x2_ASAP7_75t_R)
  17.34   86.45 ^ clkbuf_0__08202_/Y (BUFx16f_ASAP7_75t_R)
  29.36  115.81 ^ clkbuf_2_1__f__08202_/Y (BUFx16f_ASAP7_75t_R)
  29.24  145.05 ^ clkbuf_leaf_5__08202_/Y (BUFx24_ASAP7_75t_R)
   0.76  145.81 ^ _tray_size4_3825/CLK (DFFHQNH2V2Xx3_ASAP7_75t_R)
  74.42  220.23 v _tray_size4_3825/QN0 (DFFHQNH2V2Xx3_ASAP7_75t_R)
  19.86  240.09 v rebuffer5054/Y (BUFx12f_ASAP7_75t_R)
  28.21  268.31 v rebuffer5100/Y (BUFx12f_ASAP7_75t_R)
  13.29  281.60 ^ _18185_/Y (INVx8_ASAP7_75t_R)
  15.32  296.92 ^ rebuffer5484/Y (BUFx6f_ASAP7_75t_R)
  15.44  312.36 ^ place4799/Y (BUFx12f_ASAP7_75t_R)
  20.45  332.81 ^ _20006_/Y (AND2x4_ASAP7_75t_R)
  15.06  347.87 ^ place4716/Y (BUFx6f_ASAP7_75t_R)
  30.77  378.64 ^ _20756_/Y (AO221x1_ASAP7_75t_R)
  10.24  388.88 v _20762_/Y (NOR2x1_ASAP7_75t_R)
  30.11  418.99 v _20763_/Y (AO221x2_ASAP7_75t_R)
  18.69  437.68 v place4617/Y (BUFx6f_ASAP7_75t_R)
  17.88  455.57 ^ _20765_/Y (AOI21x1_ASAP7_75t_R)
  10.25  465.82 v _20764_/Y (INVx1_ASAP7_75t_R)
  13.65  479.47 v rebuffer5572/Y (BUFx3_ASAP7_75t_R)
  11.32  490.79 v rebuffer5571/Y (BUFx3_ASAP7_75t_R)
  11.29  502.08 v rebuffer5570/Y (BUFx3_ASAP7_75t_R)
  11.29  513.37 v rebuffer5569/Y (BUFx3_ASAP7_75t_R)
  11.29  524.66 v rebuffer5568/Y (BUFx3_ASAP7_75t_R)
  11.29  535.95 v rebuffer5567/Y (BUFx3_ASAP7_75t_R)
  11.29  547.24 v rebuffer5566/Y (BUFx3_ASAP7_75t_R)
  11.29  558.53 v rebuffer5565/Y (BUFx3_ASAP7_75t_R)
  11.29  569.81 v rebuffer5564/Y (BUFx3_ASAP7_75t_R)
  11.29  581.10 v rebuffer5563/Y (BUFx3_ASAP7_75t_R)
  11.29  592.39 v rebuffer5562/Y (BUFx3_ASAP7_75t_R)
  11.29  603.68 v rebuffer5561/Y (BUFx3_ASAP7_75t_R)
  11.29  614.97 v rebuffer5560/Y (BUFx3_ASAP7_75t_R)
  11.29  626.26 v rebuffer5559/Y (BUFx3_ASAP7_75t_R)
  11.29  637.55 v rebuffer5558/Y (BUFx3_ASAP7_75t_R)
  11.29  648.83 v rebuffer5557/Y (BUFx3_ASAP7_75t_R)
  11.29  660.12 v rebuffer5556/Y (BUFx3_ASAP7_75t_R)
  11.29  671.41 v rebuffer5555/Y (BUFx3_ASAP7_75t_R)
  11.29  682.70 v rebuffer5554/Y (BUFx3_ASAP7_75t_R)
  11.29  693.99 v rebuffer5553/Y (BUFx3_ASAP7_75t_R)
  11.29  705.28 v rebuffer5552/Y (BUFx3_ASAP7_75t_R)
  11.29  716.57 v rebuffer5551/Y (BUFx3_ASAP7_75t_R)
  11.29  727.86 v rebuffer5550/Y (BUFx3_ASAP7_75t_R)
  11.29  739.14 v rebuffer5549/Y (BUFx3_ASAP7_75t_R)
  11.29  750.43 v rebuffer5548/Y (BUFx3_ASAP7_75t_R)
  11.29  761.72 v rebuffer5547/Y (BUFx3_ASAP7_75t_R)
  11.29  773.01 v rebuffer5546/Y (BUFx3_ASAP7_75t_R)
  11.29  784.30 v rebuffer5545/Y (BUFx3_ASAP7_75t_R)
  11.29  795.59 v rebuffer5544/Y (BUFx3_ASAP7_75t_R)
  11.29  806.88 v rebuffer5543/Y (BUFx3_ASAP7_75t_R)
  11.29  818.17 v rebuffer5542/Y (BUFx3_ASAP7_75t_R)
  11.29  829.45 v rebuffer5541/Y (BUFx3_ASAP7_75t_R)
  11.29  840.74 v rebuffer5540/Y (BUFx3_ASAP7_75t_R)
  11.29  852.03 v rebuffer5539/Y (BUFx3_ASAP7_75t_R)
  11.29  863.32 v rebuffer5538/Y (BUFx3_ASAP7_75t_R)
  11.29  874.61 v rebuffer5537/Y (BUFx3_ASAP7_75t_R)
  11.29  885.90 v rebuffer5536/Y (BUFx3_ASAP7_75t_R)
  11.29  897.19 v rebuffer5535/Y (BUFx3_ASAP7_75t_R)
  11.29  908.47 v rebuffer5534/Y (BUFx3_ASAP7_75t_R)
  11.29  919.76 v rebuffer5533/Y (BUFx3_ASAP7_75t_R)
  11.29  931.05 v rebuffer5532/Y (BUFx3_ASAP7_75t_R)
  11.29  942.34 v rebuffer5531/Y (BUFx3_ASAP7_75t_R)
  11.29  953.63 v rebuffer5530/Y (BUFx3_ASAP7_75t_R)
  11.82  965.45 v rebuffer5135/Y (BUFx3_ASAP7_75t_R)
  20.97  986.42 ^ _17941_/SN (HAxp5_ASAP7_75t_R)
  11.13  997.55 v _23729_/Y (NOR2x1_ASAP7_75t_R)
  19.04 1016.59 v _23730_/Y (OA21x2_ASAP7_75t_R)
  28.18 1044.77 v _23732_/Y (OR4x1_ASAP7_75t_R)
  18.40 1063.17 v _23735_/Y (AO211x2_ASAP7_75t_R)
  27.55 1090.72 v _23760_/Y (AO21x2_ASAP7_75t_R)
  32.21 1122.94 v place4211/Y (BUFx6f_ASAP7_75t_R)
  18.18 1141.11 v _30928_/Y (OA21x2_ASAP7_75t_R)
   0.02 1141.14 v gen_regfile_ff.register_file_i.rf_reg[180]$_DFFE_PN0P_/D (DFFASRHQNx1_ASAP7_75t_R)
        1141.14   data arrival time

1000.00 1000.00   clock core_clock (rise edge)
   0.00 1000.00   clock source latency
   0.00 1000.00 ^ clk_i (in)
  31.14 1031.14 ^ delaybuf_0_core_clock/Y (BUFx16f_ASAP7_75t_R)
  21.92 1053.06 ^ clkbuf_regs_0_core_clock/Y (BUFx16f_ASAP7_75t_R)
  17.06 1070.13 ^ clkbuf_0_clk_i_regs/Y (BUFx16f_ASAP7_75t_R)
  29.43 1099.55 ^ clkbuf_2_1__f_clk_i_regs/Y (BUFx16f_ASAP7_75t_R)
  24.49 1124.05 ^ clkbuf_leaf_7_clk_i_regs/Y (BUFx24_ASAP7_75t_R)
   0.62 1124.67 ^ gen_regfile_ff.register_file_i.rf_reg[180]$_DFFE_PN0P_/CLK (DFFASRHQNx1_ASAP7_75t_R)
   0.00 1124.67   clock reconvergence pessimism
  -2.39 1122.28   library setup time
        1122.28   data required time
---------------------------------------------------------
        1122.28   data required time
        -1141.14   data arrival time
---------------------------------------------------------
         -18.86   slack (VIOLATED)



==========================================================================
cts final report_checks -path_delay min reg to reg
--------------------------------------------------------------------------
Startpoint: id_stage_i.controller_i.ctrl_fsm_cs[3]$_DFF_PN0_
            (rising edge-triggered flip-flop clocked by core_clock)
Endpoint: id_stage_i.controller_i.ctrl_fsm_cs[8]$_DFF_PN0_
          (rising edge-triggered flip-flop clocked by core_clock)
Path Group: core_clock
Path Type: min

  Delay    Time   Description
---------------------------------------------------------
   0.00    0.00   clock core_clock (rise edge)
   0.00    0.00   clock source latency
   0.00    0.00 ^ clk_i (in)
  35.77   35.77 ^ clkbuf_0_clk_i/Y (BUFx16f_ASAP7_75t_R)
  13.06   48.83 ^ clkbuf_1_0__f_clk_i/Y (BUFx16f_ASAP7_75t_R)
  15.86   64.69 ^ _23024_/Y (AND2x2_ASAP7_75t_R)
  16.28   80.98 ^ clkbuf_0__08202_/Y (BUFx16f_ASAP7_75t_R)
  26.31  107.29 ^ clkbuf_2_2__f__08202_/Y (BUFx16f_ASAP7_75t_R)
  29.82  137.10 ^ clkbuf_leaf_11__08202_/Y (BUFx24_ASAP7_75t_R)
   0.96  138.07 ^ id_stage_i.controller_i.ctrl_fsm_cs[3]$_DFF_PN0_/CLK (DFFASRHQNx1_ASAP7_75t_R)
  42.55  180.62 ^ id_stage_i.controller_i.ctrl_fsm_cs[3]$_DFF_PN0_/QN (DFFASRHQNx1_ASAP7_75t_R)
   7.10  187.72 v _23902_/Y (OAI21x1_ASAP7_75t_R)
   0.04  187.76 v id_stage_i.controller_i.ctrl_fsm_cs[8]$_DFF_PN0_/D (DFFASRHQNx1_ASAP7_75t_R)
         187.76   data arrival time

   0.00    0.00   clock core_clock (rise edge)
   0.00    0.00   clock source latency
   0.00    0.00 ^ clk_i (in)
  38.76   38.76 ^ clkbuf_0_clk_i/Y (BUFx16f_ASAP7_75t_R)
  13.36   52.12 ^ clkbuf_1_0__f_clk_i/Y (BUFx16f_ASAP7_75t_R)
  16.99   69.10 ^ _23024_/Y (AND2x2_ASAP7_75t_R)
  17.34   86.45 ^ clkbuf_0__08202_/Y (BUFx16f_ASAP7_75t_R)
  29.26  115.71 ^ clkbuf_2_2__f__08202_/Y (BUFx16f_ASAP7_75t_R)
  32.80  148.51 ^ clkbuf_leaf_11__08202_/Y (BUFx24_ASAP7_75t_R)
   1.17  149.68 ^ id_stage_i.controller_i.ctrl_fsm_cs[8]$_DFF_PN0_/CLK (DFFASRHQNx1_ASAP7_75t_R)
 -11.40  138.28   clock reconvergence pessimism
  12.42  150.69   library hold time
         150.69   data required time
---------------------------------------------------------
         150.69   data required time
        -187.76   data arrival time
---------------------------------------------------------
          37.06   slack (MET)



==========================================================================
cts final critical path target clock latency max path
--------------------------------------------------------------------------
138.5079

==========================================================================
cts final critical path target clock latency min path
--------------------------------------------------------------------------
153.1681

==========================================================================
cts final critical path source clock latency min path
--------------------------------------------------------------------------
0.0000

==========================================================================
cts final critical path delay
--------------------------------------------------------------------------
851.6955

==========================================================================
cts final critical path slack
--------------------------------------------------------------------------
-51.6955

==========================================================================
cts final slack div critical path delay
--------------------------------------------------------------------------
-6.069716

==========================================================================
cts final report_power
--------------------------------------------------------------------------
Group                  Internal  Switching    Leakage      Total
                          Power      Power      Power      Power (Watts)
----------------------------------------------------------------
Sequential             2.61e-03   2.87e-04   2.36e-07   2.89e-03  11.8%
Combinational          8.19e-03   1.06e-02   1.32e-06   1.88e-02  77.0%
Clock                  1.61e-03   1.13e-03   5.83e-08   2.74e-03  11.2%
Macro                  0.00e+00   0.00e+00   0.00e+00   0.00e+00   0.0%
Pad                    0.00e+00   0.00e+00   0.00e+00   0.00e+00   0.0%
----------------------------------------------------------------
Total                  1.24e-02   1.20e-02   1.62e-06   2.45e-02 100.0%
                          50.7%      49.3%       0.0%
