OpenROAD 843a08803f27d34a8dee7637ed89fc9bb87aebfb 
Features included (+) or not (-): +GPU +GUI +Python
This program is licensed under the BSD-3 license. See the LICENSE file for details.
Components of this program may be licensed under more restrictive licenses which must be honored.
[INFO ORD-0030] Using 32 thread(s).
source /home/lucast/workspace/OR-flow-TCC/flow/platforms/asap7/liberty_suppressions.tcl
read_liberty /home/lucast/workspace/OR-flow-TCC/flow/platforms/asap7/lib/NLDM/asap7sc7p5t_AO_RVT_FF_nldm_211120.lib.gz
read_liberty /home/lucast/workspace/OR-flow-TCC/flow/platforms/asap7/lib/NLDM/asap7sc7p5t_INVBUF_RVT_FF_nldm_220122.lib.gz
read_liberty /home/lucast/workspace/OR-flow-TCC/flow/platforms/asap7/lib/NLDM/asap7sc7p5t_OA_RVT_FF_nldm_211120.lib.gz
read_liberty /home/lucast/workspace/OR-flow-TCC/flow/platforms/asap7/lib/NLDM/asap7sc7p5t_SIMPLE_RVT_FF_nldm_211120.lib.gz
read_liberty /home/lucast/workspace/OR-flow-TCC/flow/platforms/asap7/lib/NLDM/asap7sc7p5t_SEQ_RVT_FF_nldm_220123.lib
read_liberty /home/lucast/workspace/OR-flow-TCC/flow/platforms/asap7/lib/NLDM/asap7sc7p5t_DFFHQNH2V2X_RVT_TT_nldm_FAKE.lib
read_liberty /home/lucast/workspace/OR-flow-TCC/flow/platforms/asap7/lib/NLDM/asap7sc7p5t_DFFHQNV2X_RVT_TT_nldm_FAKE.lib
read_db ./results/asap7/ethmac/baseline_alpha_8-beta_0.1-run1/5_1_grt.odb
source /home/lucast/workspace/OR-flow-TCC/flow/platforms/asap7/setRC.tcl
[INFO ORD-0030] Using 16 thread(s).
detailed_route -output_drc ./reports/asap7/ethmac/baseline_alpha_8-beta_0.1-run1/5_route_drc.rpt -output_maze ./results/asap7/ethmac/baseline_alpha_8-beta_0.1-run1/maze.log -droute_end_iter 64 -verbose 1 -drc_report_iter_step 5
[INFO DRT-0149] Reading tech and libs.

Units:                1000
Number of layers:     21
Number of macros:     230
Number of vias:       14
Number of viarulegen: 11

[INFO DRT-0150] Reading design.

Design:                   ethmac
Die area:                 ( 0 0 ) ( 106424 106424 )
Number of track patterns: 32
Number of DEF vias:       0
Number of components:     53536
Number of terminals:      218
Number of snets:          2
Number of nets:           58955

[INFO DRT-0167] List of default vias:
  Layer V2
    default via: VIA23
  Layer V3
    default via: VIA34
  Layer V4
    default via: VIA45
  Layer V5
    default via: VIA56
  Layer V6
    default via: VIA67
  Layer V7
    default via: VIA78
  Layer V8
    default via: VIA89
  Layer V9
    default via: VIA9Pad
[INFO DRT-0162] Library cell analysis.
[INFO DRT-0163] Instance analysis.
[INFO DRT-0164] Number of unique instances = 237.
[INFO DRT-0168] Init region query.
[INFO DRT-0024]   Complete Active.
[INFO DRT-0024]   Complete V0.
[INFO DRT-0024]   Complete M1.
[INFO DRT-0024]   Complete V1.
[INFO DRT-0024]   Complete M2.
[INFO DRT-0024]   Complete V2.
[INFO DRT-0024]   Complete M3.
[INFO DRT-0024]   Complete V3.
[INFO DRT-0024]   Complete M4.
[INFO DRT-0024]   Complete V4.
[INFO DRT-0024]   Complete M5.
[INFO DRT-0024]   Complete V5.
[INFO DRT-0024]   Complete M6.
[INFO DRT-0024]   Complete V6.
[INFO DRT-0024]   Complete M7.
[INFO DRT-0024]   Complete V7.
[INFO DRT-0024]   Complete M8.
[INFO DRT-0024]   Complete V8.
[INFO DRT-0024]   Complete M9.
[INFO DRT-0024]   Complete V9.
[INFO DRT-0024]   Complete Pad.
[INFO DRT-0033] Active shape region query size = 0.
[INFO DRT-0033] V0 shape region query size = 0.
[INFO DRT-0033] M1 shape region query size = 1095814.
[INFO DRT-0033] V1 shape region query size = 1196100.
[INFO DRT-0033] M2 shape region query size = 50421.
[INFO DRT-0033] V2 shape region query size = 26209.
[INFO DRT-0033] M3 shape region query size = 23906.
[INFO DRT-0033] V3 shape region query size = 14402.
[INFO DRT-0033] M4 shape region query size = 14459.
[INFO DRT-0033] V4 shape region query size = 14402.
[INFO DRT-0033] M5 shape region query size = 8120.
[INFO DRT-0033] V5 shape region query size = 1444.
[INFO DRT-0033] M6 shape region query size = 798.
[INFO DRT-0033] V6 shape region query size = 0.
[INFO DRT-0033] M7 shape region query size = 0.
[INFO DRT-0033] V7 shape region query size = 0.
[INFO DRT-0033] M8 shape region query size = 0.
[INFO DRT-0033] V8 shape region query size = 0.
[INFO DRT-0033] M9 shape region query size = 0.
[INFO DRT-0033] V9 shape region query size = 0.
[INFO DRT-0033] Pad shape region query size = 0.
[INFO DRT-0165] Start pin access.
[INFO DRT-0076]   Complete 1000 pins.
[INFO DRT-0078]   Complete 1342 pins.
[INFO DRT-0079]   Complete 100 unique inst patterns.
[INFO DRT-0079]   Complete 200 unique inst patterns.
[INFO DRT-0081]   Complete 237 unique inst patterns.
[INFO DRT-0082]   Complete 10000 groups.
[INFO DRT-0082]   Complete 20000 groups.
[INFO DRT-0084]   Complete 29329 groups.
#scanned instances     = 53536
#unique  instances     = 237
#stdCellGenAp          = 7536
#stdCellValidPlanarAp  = 41
#stdCellValidViaAp     = 5491
#stdCellPinNoAp        = 0
#stdCellPinCnt         = 187092
#instTermValidViaApCnt = 0
#macroGenAp            = 0
#macroValidPlanarAp    = 0
#macroValidViaAp       = 0
#macroNoAp             = 0
[INFO DRT-0166] Complete pin access.
[INFO DRT-0267] cpu time = 00:26:33, elapsed time = 00:01:43, memory = 782.29 (MB), peak = 790.77 (MB)
[INFO DRT-0156] guideIn read 100000 guides.
[INFO DRT-0156] guideIn read 200000 guides.
[INFO DRT-0156] guideIn read 300000 guides.
[INFO DRT-0156] guideIn read 400000 guides.

[INFO DRT-0157] Number of guides:     474505

[INFO DRT-0169] Post process guides.
[INFO DRT-0176] GCELLGRID X 0 DO 186 STEP 570 ;
[INFO DRT-0177] GCELLGRID Y 0 DO 186 STEP 570 ;
[INFO DRT-0026]   Complete 100000 origin guides.
[INFO DRT-0026]   Complete 200000 origin guides.
[INFO DRT-0026]   Complete 300000 origin guides.
[INFO DRT-0026]   Complete 400000 origin guides.
[INFO DRT-0028]   Complete Active.
[INFO DRT-0028]   Complete V0.
[INFO DRT-0028]   Complete M1.
[INFO DRT-0028]   Complete V1.
[INFO DRT-0028]   Complete M2.
[INFO DRT-0028]   Complete V2.
[INFO DRT-0028]   Complete M3.
[INFO DRT-0028]   Complete V3.
[INFO DRT-0028]   Complete M4.
[INFO DRT-0028]   Complete V4.
[INFO DRT-0028]   Complete M5.
[INFO DRT-0028]   Complete V5.
[INFO DRT-0028]   Complete M6.
[INFO DRT-0028]   Complete V6.
[INFO DRT-0028]   Complete M7.
[INFO DRT-0028]   Complete V7.
[INFO DRT-0028]   Complete M8.
[INFO DRT-0028]   Complete V8.
[INFO DRT-0028]   Complete M9.
[INFO DRT-0028]   Complete V9.
[INFO DRT-0028]   Complete Pad.
[INFO DRT-0178] Init guide query.
[INFO DRT-0035]   Complete Active (guide).
[INFO DRT-0035]   Complete V0 (guide).
[INFO DRT-0035]   Complete M1 (guide).
[INFO DRT-0035]   Complete V1 (guide).
[INFO DRT-0035]   Complete M2 (guide).
[INFO DRT-0035]   Complete V2 (guide).
[INFO DRT-0035]   Complete M3 (guide).
[INFO DRT-0035]   Complete V3 (guide).
[INFO DRT-0035]   Complete M4 (guide).
[INFO DRT-0035]   Complete V4 (guide).
[INFO DRT-0035]   Complete M5 (guide).
[INFO DRT-0035]   Complete V5 (guide).
[INFO DRT-0035]   Complete M6 (guide).
[INFO DRT-0035]   Complete V6 (guide).
[INFO DRT-0035]   Complete M7 (guide).
[INFO DRT-0035]   Complete V7 (guide).
[INFO DRT-0035]   Complete M8 (guide).
[INFO DRT-0035]   Complete V8 (guide).
[INFO DRT-0035]   Complete M9 (guide).
[INFO DRT-0035]   Complete V9 (guide).
[INFO DRT-0035]   Complete Pad (guide).
[INFO DRT-0036] Active guide region query size = 0.
[INFO DRT-0036] V0 guide region query size = 0.
[INFO DRT-0036] M1 guide region query size = 162887.
[INFO DRT-0036] V1 guide region query size = 0.
[INFO DRT-0036] M2 guide region query size = 145274.
[INFO DRT-0036] V2 guide region query size = 0.
[INFO DRT-0036] M3 guide region query size = 74493.
[INFO DRT-0036] V3 guide region query size = 0.
[INFO DRT-0036] M4 guide region query size = 4879.
[INFO DRT-0036] V4 guide region query size = 0.
[INFO DRT-0036] M5 guide region query size = 1235.
[INFO DRT-0036] V5 guide region query size = 0.
[INFO DRT-0036] M6 guide region query size = 80.
[INFO DRT-0036] V6 guide region query size = 0.
[INFO DRT-0036] M7 guide region query size = 6.
[INFO DRT-0036] V7 guide region query size = 0.
[INFO DRT-0036] M8 guide region query size = 0.
[INFO DRT-0036] V8 guide region query size = 0.
[INFO DRT-0036] M9 guide region query size = 0.
[INFO DRT-0036] V9 guide region query size = 0.
[INFO DRT-0036] Pad guide region query size = 0.
[INFO DRT-0179] Init gr pin query.
[INFO DRT-0267] cpu time = 00:00:01, elapsed time = 00:00:00, memory = 942.41 (MB), peak = 938.03 (MB)
[INFO DRT-0245] skipped writing guide updates to database.
[INFO DRT-0185] Post process initialize RPin region query.
[INFO DRT-0181] Start track assignment.
[INFO DRT-0184] Done with 238621 vertical wires in 4 frboxes and 150233 horizontal wires in 4 frboxes.
[INFO DRT-0186] Done with 26621 vertical wires in 4 frboxes and 43836 horizontal wires in 4 frboxes.
[INFO DRT-0182] Complete track assignment.
[INFO DRT-0267] cpu time = 00:00:14, elapsed time = 00:00:04, memory = 1898.98 (MB), peak = 1896.09 (MB)
[INFO DRT-0187] Start routing data preparation.
[INFO DRT-0267] cpu time = 00:00:00, elapsed time = 00:00:00, memory = 1899.04 (MB), peak = 1896.09 (MB)
[INFO DRT-0194] Start detail routing.
[INFO DRT-0195] Start 0th optimization iteration.
    Completing 10% with 0 violations.
    elapsed time = 00:00:08, memory = 7307.72 (MB).
    Completing 20% with 0 violations.
    elapsed time = 00:00:16, memory = 10837.79 (MB).
    Completing 30% with 1848 violations.
    elapsed time = 00:00:25, memory = 12048.49 (MB).
    Completing 40% with 1848 violations.
    elapsed time = 00:00:37, memory = 12239.86 (MB).
    Completing 50% with 1848 violations.
    elapsed time = 00:00:46, memory = 12448.59 (MB).
    Completing 60% with 3728 violations.
    elapsed time = 00:01:01, memory = 13431.16 (MB).
    Completing 70% with 3728 violations.
    elapsed time = 00:01:14, memory = 13748.55 (MB).
    Completing 80% with 5149 violations.
    elapsed time = 00:01:30, memory = 15438.33 (MB).
    Completing 90% with 5149 violations.
    elapsed time = 00:01:46, memory = 15368.89 (MB).
    Completing 100% with 6580 violations.
    elapsed time = 00:02:03, memory = 13020.51 (MB).
[INFO DRT-0199]   Number of violations = 9476.
Viol/Layer          M1     M2     V2     M3     V3     M4     V4     M5
Cut Spacing          0      0      1      0      0      0      0      0
CutSpcTbl            0      0      0      0     40      0     17      0
EOL                  0    542      0     94      0     32      0      0
Metal Spacing      146    302      0    704      0     33      0      3
Recheck              1   1814      0    924      0    140      0     17
Rect Only            0     16      0      8      0      0      0      0
Short                0    825     11    168      3     23      3     12
eolKeepOut           0   3167      0    298      0    132      0      0
[INFO DRT-0267] cpu time = 00:29:12, elapsed time = 00:02:04, memory = 13021.04 (MB), peak = 15952.88 (MB)
Total wire length = 214583 um.
Total wire length on LAYER M1 = 0 um.
Total wire length on LAYER M2 = 62842 um.
Total wire length on LAYER M3 = 95040 um.
Total wire length on LAYER M4 = 45504 um.
Total wire length on LAYER M5 = 9783 um.
Total wire length on LAYER M6 = 1319 um.
Total wire length on LAYER M7 = 94 um.
Total wire length on LAYER M8 = 0 um.
Total wire length on LAYER M9 = 0 um.
Total wire length on LAYER Pad = 0 um.
Total number of vias = 545918.
Up-via summary (total 545918):

-----------------
 Active         0
     M1    185848
     M2    301904
     M3     53279
     M4      4565
     M5       303
     M6        19
     M7         0
     M8         0
     M9         0
-----------------
       545918


[INFO DRT-0195] Start 1st optimization iteration.
    Completing 10% with 9476 violations.
    elapsed time = 00:00:12, memory = 16551.75 (MB).
    Completing 20% with 9476 violations.
    elapsed time = 00:00:27, memory = 16404.12 (MB).
    Completing 30% with 7138 violations.
    elapsed time = 00:00:40, memory = 16718.40 (MB).
    Completing 40% with 7138 violations.
    elapsed time = 00:00:55, memory = 17097.58 (MB).
    Completing 50% with 7138 violations.
    elapsed time = 00:01:07, memory = 15944.30 (MB).
    Completing 60% with 5037 violations.
    elapsed time = 00:01:23, memory = 17242.31 (MB).
    Completing 70% with 5037 violations.
    elapsed time = 00:01:38, memory = 17009.92 (MB).
    Completing 80% with 2696 violations.
    elapsed time = 00:01:53, memory = 17147.84 (MB).
    Completing 90% with 2696 violations.
    elapsed time = 00:02:08, memory = 17136.74 (MB).
    Completing 100% with 725 violations.
    elapsed time = 00:02:24, memory = 13892.46 (MB).
[INFO DRT-0199]   Number of violations = 732.
Viol/Layer          M1     M2     V2     M3     V3     M4     V4
CutSpcTbl            0      0      0      0      7      0      5
EOL                  0     55      0      6      0      5      0
Metal Spacing       45     35      0    155      0      8      0
Recheck              0      5      0      2      0      0      0
Rect Only            0     32      0      0      0      0      0
Short                0     32      1     50      0      2      0
eolKeepOut           0    246      0     20      0     21      0
[INFO DRT-0267] cpu time = 00:34:10, elapsed time = 00:02:25, memory = 13892.46 (MB), peak = 17784.73 (MB)
Total wire length = 212711 um.
Total wire length on LAYER M1 = 0 um.
Total wire length on LAYER M2 = 60063 um.
Total wire length on LAYER M3 = 94116 um.
Total wire length on LAYER M4 = 47199 um.
Total wire length on LAYER M5 = 9867 um.
Total wire length on LAYER M6 = 1367 um.
Total wire length on LAYER M7 = 96 um.
Total wire length on LAYER M8 = 0 um.
Total wire length on LAYER M9 = 0 um.
Total wire length on LAYER Pad = 0 um.
Total number of vias = 528494.
Up-via summary (total 528494):

-----------------
 Active         0
     M1    185789
     M2    286459
     M3     50921
     M4      4919
     M5       386
     M6        20
     M7         0
     M8         0
     M9         0
-----------------
       528494


[INFO DRT-0195] Start 2nd optimization iteration.
    Completing 10% with 732 violations.
    elapsed time = 00:00:05, memory = 17491.65 (MB).
    Completing 20% with 732 violations.
    elapsed time = 00:00:12, memory = 17160.57 (MB).
    Completing 30% with 649 violations.
    elapsed time = 00:00:16, memory = 13841.11 (MB).
    Completing 40% with 649 violations.
    elapsed time = 00:00:25, memory = 17371.36 (MB).
    Completing 50% with 649 violations.
    elapsed time = 00:00:32, memory = 13841.11 (MB).
    Completing 60% with 621 violations.
    elapsed time = 00:00:40, memory = 17462.27 (MB).
    Completing 70% with 621 violations.
    elapsed time = 00:00:47, memory = 17006.12 (MB).
    Completing 80% with 534 violations.
    elapsed time = 00:00:53, memory = 16909.82 (MB).
    Completing 90% with 534 violations.
    elapsed time = 00:01:00, memory = 17312.65 (MB).
    Completing 100% with 442 violations.
    elapsed time = 00:01:07, memory = 13763.74 (MB).
[INFO DRT-0199]   Number of violations = 451.
Viol/Layer          M1     M2     M3     V3     M4     V4
CutSpcTbl            0      0      0      7      0      3
EOL                  0     35      1      0      4      0
Metal Spacing       25     15    115      0      3      0
Recheck              0      3      5      0      1      0
Rect Only            0     12      0      0      0      0
Short                0     16     30      0      2      0
eolKeepOut           0    156      4      0     14      0
[INFO DRT-0267] cpu time = 00:15:29, elapsed time = 00:01:08, memory = 13645.96 (MB), peak = 17802.14 (MB)
Total wire length = 212545 um.
Total wire length on LAYER M1 = 0 um.
Total wire length on LAYER M2 = 59852 um.
Total wire length on LAYER M3 = 94055 um.
Total wire length on LAYER M4 = 47235 um.
Total wire length on LAYER M5 = 9915 um.
Total wire length on LAYER M6 = 1394 um.
Total wire length on LAYER M7 = 92 um.
Total wire length on LAYER M8 = 0 um.
Total wire length on LAYER M9 = 0 um.
Total wire length on LAYER Pad = 0 um.
Total number of vias = 527547.
Up-via summary (total 527547):

-----------------
 Active         0
     M1    185789
     M2    285655
     M3     50593
     M4      5080
     M5       412
     M6        18
     M7         0
     M8         0
     M9         0
-----------------
       527547


[INFO DRT-0195] Start 3rd optimization iteration.
    Completing 10% with 451 violations.
    elapsed time = 00:00:02, memory = 17146.30 (MB).
    Completing 20% with 451 violations.
    elapsed time = 00:00:05, memory = 17093.34 (MB).
    Completing 30% with 297 violations.
    elapsed time = 00:00:08, memory = 13645.96 (MB).
    Completing 40% with 297 violations.
    elapsed time = 00:00:10, memory = 17210.20 (MB).
    Completing 50% with 297 violations.
    elapsed time = 00:00:13, memory = 16537.74 (MB).
    Completing 60% with 190 violations.
    elapsed time = 00:00:15, memory = 13629.69 (MB).
    Completing 70% with 190 violations.
    elapsed time = 00:00:19, memory = 17237.61 (MB).
    Completing 80% with 80 violations.
    elapsed time = 00:00:22, memory = 13636.62 (MB).
    Completing 90% with 80 violations.
    elapsed time = 00:00:24, memory = 17223.91 (MB).
    Completing 100% with 1 violations.
    elapsed time = 00:00:27, memory = 13629.69 (MB).
[INFO DRT-0199]   Number of violations = 1.
Viol/Layer          M2
Short                1
[INFO DRT-0267] cpu time = 00:05:42, elapsed time = 00:00:27, memory = 13603.36 (MB), peak = 17802.14 (MB)
Total wire length = 212568 um.
Total wire length on LAYER M1 = 0 um.
Total wire length on LAYER M2 = 59630 um.
Total wire length on LAYER M3 = 93972 um.
Total wire length on LAYER M4 = 47445 um.
Total wire length on LAYER M5 = 10002 um.
Total wire length on LAYER M6 = 1421 um.
Total wire length on LAYER M7 = 97 um.
Total wire length on LAYER M8 = 0 um.
Total wire length on LAYER M9 = 0 um.
Total wire length on LAYER Pad = 0 um.
Total number of vias = 527709.
Up-via summary (total 527709):

-----------------
 Active         0
     M1    185789
     M2    285133
     M3     51065
     M4      5255
     M5       446
     M6        21
     M7         0
     M8         0
     M9         0
-----------------
       527709


[INFO DRT-0195] Start 4th guides tiles iteration.
    Completing 50% with 1 violations.
    elapsed time = 00:00:00, memory = 13603.36 (MB).
    Completing 100% with 0 violations.
    elapsed time = 00:00:01, memory = 13603.36 (MB).
[INFO DRT-0199]   Number of violations = 0.
[INFO DRT-0267] cpu time = 00:00:01, elapsed time = 00:00:01, memory = 13603.36 (MB), peak = 17802.14 (MB)
Total wire length = 212568 um.
Total wire length on LAYER M1 = 0 um.
Total wire length on LAYER M2 = 59629 um.
Total wire length on LAYER M3 = 93971 um.
Total wire length on LAYER M4 = 47445 um.
Total wire length on LAYER M5 = 10003 um.
Total wire length on LAYER M6 = 1421 um.
Total wire length on LAYER M7 = 97 um.
Total wire length on LAYER M8 = 0 um.
Total wire length on LAYER M9 = 0 um.
Total wire length on LAYER Pad = 0 um.
Total number of vias = 527713.
Up-via summary (total 527713):

-----------------
 Active         0
     M1    185789
     M2    285127
     M3     51069
     M4      5261
     M5       446
     M6        21
     M7         0
     M8         0
     M9         0
-----------------
       527713


[INFO DRT-0198] Complete detail routing.
Total wire length = 212568 um.
Total wire length on LAYER M1 = 0 um.
Total wire length on LAYER M2 = 59629 um.
Total wire length on LAYER M3 = 93971 um.
Total wire length on LAYER M4 = 47445 um.
Total wire length on LAYER M5 = 10003 um.
Total wire length on LAYER M6 = 1421 um.
Total wire length on LAYER M7 = 97 um.
Total wire length on LAYER M8 = 0 um.
Total wire length on LAYER M9 = 0 um.
Total wire length on LAYER Pad = 0 um.
Total number of vias = 527713.
Up-via summary (total 527713):

-----------------
 Active         0
     M1    185789
     M2    285127
     M3     51069
     M4      5261
     M5       446
     M6        21
     M7         0
     M8         0
     M9         0
-----------------
       527713


[INFO DRT-0267] cpu time = 01:24:37, elapsed time = 00:06:08, memory = 13603.49 (MB), peak = 17802.14 (MB)

[INFO DRT-0180] Post processing.
Took 477 seconds: detailed_route -output_drc ./reports/asap7/ethmac/baseline_alpha_8-beta_0.1-run1/5_route_drc.rpt -output_maze ./results/asap7/ethmac/baseline_alpha_8-beta_0.1-run1/maze.log -droute_end_iter 64 -verbose 1 -drc_report_iter_step 5
[WARNING GRT-0246] No diode with LEF class CORE ANTENNACELL found.
[INFO ANT-0002] Found 0 net violations.
[INFO ANT-0001] Found 0 pin violations.
[INFO ANT-0002] Found 0 net violations.
[INFO ANT-0001] Found 0 pin violations.
write_db ./results/asap7/ethmac/baseline_alpha_8-beta_0.1-run1/5_2_route.odb
[INFO ORD-0030] Using 32 thread(s).
Elapsed time: 8:03.54[h:]min:sec. CPU time: user 6620.47 sys 110.45 (1391%). Peak memory: 18229388KB.
Log                        Elapsed/s Peak Memory/MB  sha1sum .odb [0:20)
5_2_route                        483          17802 bfe74568af0176974df5
