violation type: Short
	srcs: net:_003161_ net:net39448
	bbox = (21.5230, 146.7540) - (21.5870, 146.7720) on Layer M2
violation type: Short
	srcs: net:_020013_ net:VDD
	bbox = (18.6990, 143.8930) - (18.7020, 143.9270) on Layer M3
violation type: Short
	srcs: net:gen_cache_hpd.i_cache_subsystem.i_axi_arbiter.i_icache_miss_req_fifo.gen_buffer.i_sync_buffer.wdata_i\[52\] net:net35899
	bbox = (22.6750, 139.3560) - (22.7750, 139.3740) on Layer M2
violation type: Short
	srcs: net:_006458_ net:_035822_
	bbox = (22.3150, 139.7700) - (22.3160, 139.7880) on Layer M2
violation type: Short
	srcs: net:_018360_ net:net39710
	bbox = (27.7870, 150.6960) - (27.8870, 150.7140) on Layer M2
violation type: Short
	srcs: net:_079803_ net:_080706_
	bbox = (28.0030, 149.9580) - (28.0130, 149.9760) on Layer M2
violation type: Short
	srcs: net:net46101 net:net46132
	bbox = (22.9630, 149.9940) - (23.0270, 150.0120) on Layer M2
violation type: Short
	srcs: net:net44190 net:net46099
	bbox = (27.4270, 148.8420) - (27.5810, 148.8600) on Layer M2
violation type: Short
	srcs: net:_079803_ net:net46133
	bbox = (27.7870, 149.9580) - (27.7970, 149.9760) on Layer M2
violation type: Short
	srcs: net:net46134 net:net39715
	bbox = (29.6050, 149.7600) - (29.6870, 149.7780) on Layer M2
violation type: Short
	srcs: net:_079800_ net:net46099
	bbox = (27.4450, 148.9500) - (27.4550, 148.9680) on Layer M2
violation type: Short
	srcs: net:_078719_ net:VDD
	bbox = (29.4990, 152.5330) - (29.5020, 152.5670) on Layer M3
violation type: Short
	srcs: net:_069445_ net:net46133
	bbox = (28.2600, 149.9470) - (28.2780, 150.0170) on Layer M3
violation type: Short
	srcs: net:net7570 net:clknet_leaf_51_clk_i_regs
	bbox = (28.1880, 150.7630) - (28.2060, 150.8990) on Layer M3
violation type: Short
	srcs: net:net39803 net:_069445_
	bbox = (28.2130, 150.2880) - (28.2890, 150.3120) on Layer M4
violation type: Short
	srcs: net:_057475_ net:_102027_
	bbox = (22.5670, 142.7040) - (22.5950, 142.7220) on Layer M2
violation type: Short
	srcs: net:_057475_ net:gen_cache_hpd.i_cache_subsystem.i_axi_arbiter.i_icache_miss_req_fifo.gen_buffer.i_sync_buffer.wdata_i\[53\]
	bbox = (22.5670, 142.9380) - (22.9370, 142.9560) on Layer M2
violation type: Short
	srcs: net:_057487_ net:net39460
	bbox = (22.6750, 148.2660) - (22.8110, 148.2840) on Layer M2
violation type: Short
	srcs: net:net39750 net:clknet_leaf_47_clk_i_regs
	bbox = (23.2150, 145.4400) - (23.3510, 145.4580) on Layer M2
violation type: Short
	srcs: net:_006808_ net:net40247
	bbox = (26.6890, 144.5580) - (26.8430, 144.5760) on Layer M2
violation type: Short
	srcs: net:_002885_ net:net43389
	bbox = (22.8010, 143.9820) - (22.8470, 144.0000) on Layer M2
violation type: Short
	srcs: net:_005584_ net:net37021
	bbox = (22.8550, 143.7840) - (22.9550, 143.8020) on Layer M2
violation type: Short
	srcs: net:_020020_ net:clknet_6_40__leaf_clk_i_regs
	bbox = (21.7750, 142.5960) - (21.8750, 142.6140) on Layer M2
violation type: Short
	srcs: net:_092258_ net:_102174_
	bbox = (22.6750, 141.8580) - (22.7750, 141.8760) on Layer M2
violation type: Short
	srcs: net:_006806_ net:_008071_
	bbox = (22.3150, 143.0460) - (22.3430, 143.0640) on Layer M2
violation type: Short
	srcs: net:_006566_ net:_006808_
	bbox = (26.5270, 144.5580) - (26.6630, 144.5760) on Layer M2
violation type: Short
	srcs: net:_003161_ net:net39726
	bbox = (21.8830, 146.7540) - (22.0550, 146.7720) on Layer M2
violation type: Short
	srcs: net:_003154_ net:net39718
	bbox = (22.1350, 148.0680) - (22.1810, 148.0860) on Layer M2
violation type: Short
	srcs: net:_058514_ net:net39718
	bbox = (21.8830, 148.1760) - (21.9110, 148.1940) on Layer M2
violation type: Short
	srcs: net:_003154_ net:net39718
	bbox = (22.0990, 148.1760) - (22.1630, 148.1940) on Layer M2
violation type: Short
	srcs: net:_003159_ net:_058520_
	bbox = (21.9910, 148.0320) - (22.0730, 148.0500) on Layer M2
violation type: Short
	srcs: net:_058520_ net:_069261_
	bbox = (21.9910, 148.0320) - (22.0190, 148.0500) on Layer M2
violation type: Short
	srcs: net:net40674 net:net39802
	bbox = (28.6060, 148.3740) - (28.6610, 148.3920) on Layer M2
violation type: Short
	srcs: net:_003159_ net:_069261_
	bbox = (21.9550, 148.0320) - (22.0190, 148.0500) on Layer M2
violation type: Short
	srcs: net:VDD net:clknet_leaf_51_clk_i_regs
	bbox = (29.4990, 147.6730) - (29.5020, 147.7070) on Layer M3
violation type: Short
	srcs: net:_057475_ net:_102027_
	bbox = (22.5720, 142.6990) - (22.5900, 142.7270) on Layer M3
violation type: Short
	srcs: net:_006472_ net:gen_cache_hpd.i_cache_subsystem.i_axi_arbiter.i_icache_miss_req_fifo.gen_buffer.i_sync_buffer.wdata_i\[37\]
	bbox = (22.2480, 144.0850) - (22.2660, 144.1250) on Layer M3
violation type: Short
	srcs: net:_023720_ net:net37021
	bbox = (22.7160, 143.0320) - (22.7340, 143.0690) on Layer M3
violation type: Short
	srcs: net:_080721_ net:net37021
	bbox = (22.7160, 142.6510) - (22.7340, 142.7810) on Layer M3
violation type: Short
	srcs: net:_006724_ net:noc_req_o[92]
	bbox = (22.7520, 140.7010) - (22.7700, 140.8010) on Layer M3
violation type: Short
	srcs: net:net37022 net:_102174_
	bbox = (22.6800, 141.7870) - (22.6980, 141.8810) on Layer M3
violation type: Short
	srcs: net:_006806_ net:_008071_
	bbox = (22.3200, 143.0410) - (22.3380, 143.0690) on Layer M3
violation type: Short
	srcs: net:_023760_ net:_025467_
	bbox = (23.2560, 145.6960) - (23.2740, 145.7570) on Layer M3
violation type: Short
	srcs: net:net39718 net:net46096
	bbox = (22.1400, 148.1710) - (22.1580, 148.1990) on Layer M3
violation type: Short
	srcs: net:_003159_ net:net39718
	bbox = (22.1400, 148.0630) - (22.1580, 148.1270) on Layer M3
violation type: Short
	srcs: net:_058520_ net:_069261_
	bbox = (21.9960, 148.0270) - (22.0140, 148.0550) on Layer M3
violation type: Short
	srcs: net:_058520_ net:net39460
	bbox = (21.9960, 147.7870) - (22.0140, 147.8360) on Layer M3
violation type: Short
	srcs: net:_003154_ net:net39746
	bbox = (22.1040, 148.0630) - (22.1220, 148.1990) on Layer M3
violation type: Short
	srcs: net:net39460 net:_077656_
	bbox = (22.1400, 147.7570) - (22.1580, 147.8210) on Layer M3
violation type: Short
	srcs: net:_063019_ net:_077656_
	bbox = (22.0680, 147.8830) - (22.0860, 147.9290) on Layer M3
violation type: Short
	srcs: net:_057475_ net:_057489_
	bbox = (22.4530, 142.3680) - (22.4570, 142.3920) on Layer M4
violation type: Short
	srcs: net:_020014_ net:_025463_
	bbox = (22.2130, 142.1760) - (22.3550, 142.2000) on Layer M4
violation type: Short
	srcs: net:net37022 net:_102186_
	bbox = (23.0260, 142.1280) - (23.1050, 142.1520) on Layer M4
violation type: Short
	srcs: net:_069434_ net:net2283
	bbox = (23.0290, 143.7600) - (23.3930, 143.7840) on Layer M4
violation type: Short
	srcs: net:_005560_ net:_006730_
	bbox = (22.2370, 143.0880) - (22.2410, 143.1120) on Layer M4
violation type: Short
	srcs: net:_001423_ net:net39750
	bbox = (22.0210, 147.5040) - (22.1050, 147.5280) on Layer M4
violation type: Short
	srcs: net:_054393_ net:net39718
	bbox = (21.8770, 148.0800) - (21.9170, 148.1040) on Layer M4
violation type: Short
	srcs: net:_080793_ net:gen_cache_hpd.i_cache_subsystem.i_cva6_icache.gen_sram\[1\].tag_sram.rdata_o\[21\]
	bbox = (22.2130, 148.6080) - (22.3000, 148.6320) on Layer M4
violation type: Short
	srcs: net:net39460 net:_078001_
	bbox = (21.8290, 147.6960) - (21.9170, 147.7200) on Layer M4
violation type: Short
	srcs: net:_063019_ net:gen_cache_hpd.i_cache_subsystem.i_cva6_icache.gen_sram\[1\].tag_sram.rdata_o\[7\]
	bbox = (22.0570, 147.9840) - (22.2110, 148.0080) on Layer M4
violation type: Short
	srcs: net:_019985_ net:_025463_
	bbox = (22.2240, 142.1650) - (22.2480, 142.3070) on Layer M5
violation type: Metal Spacing
	srcs: net:_003158_ net:net39746
	bbox = (21.5640, 146.7050) - (21.5820, 146.7130) on Layer M3
violation type: Metal Spacing
	srcs: net:_078001_ net:_078002_
	bbox = (21.5640, 147.5510) - (21.5820, 147.5590) on Layer M3
violation type: Metal Spacing
	srcs: net:_073709_ net:net46132
	bbox = (22.7750, 151.8480) - (22.7780, 151.8660) on Layer M2
violation type: Metal Spacing
	srcs: net:net44190 net:_079801_
	bbox = (27.6350, 148.8780) - (27.6430, 148.8960) on Layer M2
violation type: Metal Spacing
	srcs: net:net40673 net:_063033_
	bbox = (26.2310, 152.8920) - (26.2390, 152.9100) on Layer M2
violation type: Metal Spacing
	srcs: net:net39457 net:VDD
	bbox = (24.1890, 153.0730) - (24.1920, 153.1070) on Layer M3
violation type: Metal Spacing
	srcs: net:_024009_ net:VSS
	bbox = (23.9970, 149.0560) - (24.0120, 149.0570) on Layer M3
violation type: Metal Spacing
	srcs: net:VSS net:net46089
	bbox = (23.9970, 150.1360) - (24.0120, 150.1370) on Layer M3
violation type: Metal Spacing
	srcs: net:_018286_ net:VSS
	bbox = (29.3970, 150.1360) - (29.4120, 150.1370) on Layer M3
violation type: Metal Spacing
	srcs: net:net39440 net:VSS
	bbox = (23.9970, 151.7230) - (24.0120, 151.7240) on Layer M3
violation type: Metal Spacing
	srcs: net:_018325_ net:VSS
	bbox = (23.9400, 152.7890) - (23.9580, 152.8030) on Layer M3
violation type: Metal Spacing
	srcs: net:VSS net:net46119
	bbox = (29.3970, 153.8830) - (29.4120, 153.9170) on Layer M3
violation type: Metal Spacing
	srcs: net:_097141_ net:VSS
	bbox = (29.3970, 154.4560) - (29.4120, 154.4570) on Layer M3
violation type: Metal Spacing
	srcs: net:_080706_ net:net46133
	bbox = (27.7200, 149.9810) - (27.7380, 149.9950) on Layer M3
violation type: Metal Spacing
	srcs: net:_080717_ net:net46131
	bbox = (29.2680, 150.4850) - (29.2860, 150.4930) on Layer M3
violation type: Metal Spacing
	srcs: net:_097133_ net:VSS
	bbox = (29.3000, 149.0160) - (29.3010, 149.0280) on Layer M4
violation type: Metal Spacing
	srcs: net:net46106 net:net46134
	bbox = (23.6810, 148.8000) - (23.6980, 148.8240) on Layer M4
violation type: Metal Spacing
	srcs: inst:gen_cache_hpd.i_cache_subsystem.i_cva6_icache.cl_tag_q\[10\]$_DFF_PN0_ net:clknet_leaf_47_clk_i_regs
	bbox = (21.7260, 146.1760) - (21.7420, 146.1770) on Layer M1
violation type: Metal Spacing
	srcs: inst:_tray_size2_16918 net:clknet_leaf_48_clk_i_regs
	bbox = (23.3460, 143.4730) - (23.3620, 143.4740) on Layer M1
violation type: Metal Spacing
	srcs: inst:_tray_size2_16906 net:clknet_leaf_48_clk_i_regs
	bbox = (25.5060, 144.5530) - (25.5220, 144.5540) on Layer M1
violation type: Metal Spacing
	srcs: net:_008071_ inst:gen_cache_hpd.i_cache_subsystem.i_cva6_icache.cl_tag_q\[21\]$_DFF_PN0_
	bbox = (22.3120, 142.8660) - (22.3150, 142.8840) on Layer M2
violation type: Metal Spacing
	srcs: net:clknet_leaf_48_clk_i_regs
	bbox = (25.0960, 145.8540) - (25.3400, 145.8700) on Layer M2
violation type: Metal Spacing
	srcs: net:_023951_ net:_057503_
	bbox = (22.4510, 148.3380) - (22.4590, 148.3560) on Layer M2
violation type: Metal Spacing
	srcs: net:_078179_ net:VSS
	bbox = (29.3970, 143.6230) - (29.4120, 143.6240) on Layer M3
violation type: Metal Spacing
	srcs: net:VSS net:clknet_leaf_48_clk_i_regs
	bbox = (23.9970, 144.1630) - (24.0120, 144.1640) on Layer M3
violation type: Metal Spacing
	srcs: net:_024203_ net:VSS
	bbox = (23.9970, 146.8630) - (24.0120, 146.8640) on Layer M3
violation type: Metal Spacing
	srcs: net:_102043_ net:clknet_leaf_47_clk_i_regs
	bbox = (23.1480, 145.0370) - (23.1660, 145.0480) on Layer M3
violation type: Metal Spacing
	srcs: net:net37021 net:clknet_leaf_48_clk_i_regs
	bbox = (22.9320, 143.8070) - (22.9500, 143.8150) on Layer M3
violation type: Metal Spacing
	srcs: net:_077611_ net:net2290
	bbox = (22.8960, 142.3010) - (22.9140, 142.3150) on Layer M3
violation type: Metal Spacing
	srcs: net:net46533 net:net2294
	bbox = (21.9600, 144.7970) - (21.9780, 144.8110) on Layer M3
violation type: Metal Spacing
	srcs: net:_023951_ net:net2300
	bbox = (22.4640, 148.3610) - (22.4820, 148.3630) on Layer M3
violation type: Metal Spacing
	srcs: net:_003159_ net:_077651_
	bbox = (22.1400, 148.0190) - (22.1580, 148.0270) on Layer M3
violation type: Metal Spacing
	srcs: net:_054996_ net:_080721_
	bbox = (21.9140, 144.5280) - (21.9250, 144.5520) on Layer M4
violation type: Metal Spacing
	srcs: net:_005577_ net:_006472_
	bbox = (22.8140, 142.7040) - (22.8370, 142.7280) on Layer M4
violation type: Metal Spacing
	srcs: net:_000201_ net:_005577_
	bbox = (23.6990, 144.4320) - (23.7160, 144.4560) on Layer M4
violation type: Metal Spacing
	srcs: net:_000221_ net:_058521_
	bbox = (22.2410, 145.0080) - (22.2610, 145.0320) on Layer M4
violation type: Metal Spacing
	srcs: net:_023988_ net:_078005_
	bbox = (22.3070, 148.2720) - (22.3090, 148.2960) on Layer M4
violation type: Metal Spacing
	srcs: net:net43201 net:VSS
	bbox = (56.3970, 72.3430) - (56.4120, 72.3770) on Layer M3
violation type: Lef58SpacingEndOfLine
	srcs: net:_006456_ net:net41017
	bbox = (20.4530, 140.8500) - (20.4790, 140.8680) on Layer M2
violation type: Lef58SpacingEndOfLine
	srcs: net:_003158_ net:net39746
	bbox = (21.5640, 146.7050) - (21.5820, 146.7130) on Layer M3
violation type: Lef58SpacingEndOfLine
	srcs: net:_078001_ net:_078002_
	bbox = (21.5640, 147.5510) - (21.5820, 147.5590) on Layer M3
violation type: Lef58SpacingEndOfLine
	srcs: net:_080706_ net:net46133
	bbox = (27.7200, 149.9810) - (27.7380, 149.9950) on Layer M3
violation type: Lef58SpacingEndOfLine
	srcs: net:_080717_ net:net46131
	bbox = (29.2680, 150.4850) - (29.2860, 150.4930) on Layer M3
violation type: Lef58SpacingEndOfLine
	srcs: net:net46106 net:net46134
	bbox = (23.6810, 148.8000) - (23.6980, 148.8240) on Layer M4
violation type: Lef58SpacingEndOfLine
	srcs: net:_073706_ net:_079802_
	bbox = (22.7420, 151.5360) - (22.7770, 151.5600) on Layer M4
violation type: Lef58SpacingEndOfLine
	srcs: net:_001548_ net:_091514_
	bbox = (25.1570, 153.8400) - (25.1890, 153.8640) on Layer M4
violation type: Lef58SpacingEndOfLine
	srcs: net:_023951_ net:_057503_
	bbox = (22.4510, 148.3380) - (22.4590, 148.3560) on Layer M2
violation type: Lef58SpacingEndOfLine
	srcs: net:net37021 net:clknet_leaf_48_clk_i_regs
	bbox = (22.9320, 143.8070) - (22.9500, 143.8150) on Layer M3
violation type: Lef58SpacingEndOfLine
	srcs: net:_077611_ net:net2290
	bbox = (22.8960, 142.3010) - (22.9140, 142.3150) on Layer M3
violation type: Lef58SpacingEndOfLine
	srcs: net:net46533 net:net2294
	bbox = (21.9600, 144.7970) - (21.9780, 144.8110) on Layer M3
violation type: Lef58SpacingEndOfLine
	srcs: net:_023951_ net:net2300
	bbox = (22.4640, 148.3610) - (22.4820, 148.3630) on Layer M3
violation type: Lef58SpacingEndOfLine
	srcs: net:_003159_ net:_077651_
	bbox = (22.1400, 148.0190) - (22.1580, 148.0270) on Layer M3
violation type: Lef58SpacingEndOfLine
	srcs: net:_054996_ net:_080721_
	bbox = (21.9140, 144.5280) - (21.9250, 144.5520) on Layer M4
violation type: Lef58SpacingEndOfLine
	srcs: net:_054386_ net:_057487_
	bbox = (22.3130, 148.4160) - (22.3480, 148.4400) on Layer M4
violation type: Lef58SpacingEndOfLine
	srcs: net:_080721_ net:gen_cache_hpd.i_cache_subsystem.i_axi_arbiter.i_icache_miss_req_fifo.gen_buffer.i_sync_buffer.wdata_i\[52\]
	bbox = (22.6730, 142.7520) - (22.7050, 142.7760) on Layer M4
violation type: Lef58SpacingEndOfLine
	srcs: net:_005577_ net:_006472_
	bbox = (22.8140, 142.7040) - (22.8370, 142.7280) on Layer M4
violation type: Lef58SpacingEndOfLine
	srcs: net:_023936_ net:net2290
	bbox = (22.6840, 142.3200) - (22.7080, 142.3440) on Layer M4
violation type: Lef58SpacingEndOfLine
	srcs: net:_000201_ net:_005577_
	bbox = (23.6990, 144.4320) - (23.7160, 144.4560) on Layer M4
violation type: Lef58SpacingEndOfLine
	srcs: net:_000221_ net:_058521_
	bbox = (22.2410, 145.0080) - (22.2610, 145.0320) on Layer M4
violation type: Lef58SpacingEndOfLine
	srcs: net:_023760_ net:net46095
	bbox = (23.2850, 145.7280) - (23.3170, 145.7520) on Layer M4
violation type: Lef58SpacingEndOfLine
	srcs: net:_023988_ net:_078005_
	bbox = (22.3070, 148.2720) - (22.3090, 148.2960) on Layer M4
violation type: Lef58SpacingEndOfLine
	srcs: net:_063019_ net:_077651_
	bbox = (22.0970, 147.8880) - (22.1290, 147.9120) on Layer M4
violation type: Lef58SpacingEndOfLine
	srcs: net:_023760_ net:net46093
	bbox = (23.1840, 145.7820) - (23.2080, 145.8130) on Layer M5
violation type: Lef58EolKeepOut
	srcs: net:_006456_ net:net41017
	bbox = (20.4530, 140.8680) - (20.4790, 140.8680) on Layer M2
violation type: Lef58EolKeepOut
	srcs: net:_006456_ net:net41017
	bbox = (20.4530, 140.8500) - (20.4790, 140.8680) on Layer M2
violation type: Lef58EolKeepOut
	srcs: net:_006456_ net:net41017
	bbox = (20.4530, 140.8500) - (20.4790, 140.8500) on Layer M2
violation type: Lef58EolKeepOut
	srcs: net:_003158_ net:net39746
	bbox = (21.5640, 146.7050) - (21.5820, 146.7130) on Layer M3
violation type: Lef58EolKeepOut
	srcs: net:_003158_ net:net39746
	bbox = (21.5820, 146.7050) - (21.5820, 146.7130) on Layer M3
violation type: Lef58EolKeepOut
	srcs: net:_003158_ net:net39746
	bbox = (21.5640, 146.7050) - (21.5640, 146.7130) on Layer M3
violation type: Lef58EolKeepOut
	srcs: net:_078001_ net:_078002_
	bbox = (21.5820, 147.5510) - (21.5820, 147.5590) on Layer M3
violation type: Lef58EolKeepOut
	srcs: net:_078001_ net:_078002_
	bbox = (21.5640, 147.5510) - (21.5640, 147.5590) on Layer M3
violation type: Lef58EolKeepOut
	srcs: net:_078001_ net:_078002_
	bbox = (21.5640, 147.5510) - (21.5820, 147.5590) on Layer M3
violation type: Lef58EolKeepOut
	srcs: net:_073709_ net:net46132
	bbox = (22.7750, 151.8480) - (22.7780, 151.8480) on Layer M2
violation type: Lef58EolKeepOut
	srcs: net:_073709_ net:net46132
	bbox = (22.7750, 151.8480) - (22.7780, 151.8660) on Layer M2
violation type: Lef58EolKeepOut
	srcs: net:_073709_ net:net46132
	bbox = (22.7750, 151.8660) - (22.7780, 151.8660) on Layer M2
violation type: Lef58EolKeepOut
	srcs: net:net44190 net:_079801_
	bbox = (27.6350, 148.8780) - (27.6430, 148.8960) on Layer M2
violation type: Lef58EolKeepOut
	srcs: net:net44190 net:_079801_
	bbox = (27.6350, 148.8960) - (27.6430, 148.8960) on Layer M2
violation type: Lef58EolKeepOut
	srcs: net:net44190 net:_079801_
	bbox = (27.6350, 148.8780) - (27.6430, 148.8780) on Layer M2
violation type: Lef58EolKeepOut
	srcs: net:net44190 net:net46099
	bbox = (27.5810, 148.8420) - (27.5990, 148.8600) on Layer M2
violation type: Lef58EolKeepOut
	srcs: net:net44190 net:net46099
	bbox = (27.5810, 148.8420) - (27.5990, 148.8420) on Layer M2
violation type: Lef58EolKeepOut
	srcs: net:net44190 net:net46099
	bbox = (27.5810, 148.8600) - (27.5990, 148.8600) on Layer M2
violation type: Lef58EolKeepOut
	srcs: net:net40673 net:_063033_
	bbox = (26.2310, 152.8920) - (26.2390, 152.8920) on Layer M2
violation type: Lef58EolKeepOut
	srcs: net:net40673 net:_063033_
	bbox = (26.2310, 152.8920) - (26.2390, 152.9100) on Layer M2
violation type: Lef58EolKeepOut
	srcs: net:net40673 net:_063033_
	bbox = (26.2310, 152.9100) - (26.2390, 152.9100) on Layer M2
violation type: Lef58EolKeepOut
	srcs: net:_080706_ net:net46133
	bbox = (27.7200, 149.9810) - (27.7200, 149.9950) on Layer M3
violation type: Lef58EolKeepOut
	srcs: net:_080706_ net:net46133
	bbox = (27.7200, 149.9810) - (27.7380, 149.9950) on Layer M3
violation type: Lef58EolKeepOut
	srcs: net:_080706_ net:net46133
	bbox = (27.7380, 149.9810) - (27.7380, 149.9950) on Layer M3
violation type: Lef58EolKeepOut
	srcs: net:_080717_ net:net46131
	bbox = (29.2860, 150.4850) - (29.2860, 150.4930) on Layer M3
violation type: Lef58EolKeepOut
	srcs: net:_080717_ net:net46131
	bbox = (29.2680, 150.4850) - (29.2860, 150.4930) on Layer M3
violation type: Lef58EolKeepOut
	srcs: net:_080717_ net:net46131
	bbox = (29.2680, 150.4850) - (29.2680, 150.4930) on Layer M3
violation type: Lef58EolKeepOut
	srcs: net:_097133_ net:VSS
	bbox = (29.3000, 149.0160) - (29.3010, 149.0280) on Layer M4
violation type: Lef58EolKeepOut
	srcs: net:net46106 net:net46134
	bbox = (23.6810, 148.8000) - (23.6980, 148.8000) on Layer M4
violation type: Lef58EolKeepOut
	srcs: net:net46106 net:net46134
	bbox = (23.6810, 148.8240) - (23.6980, 148.8240) on Layer M4
violation type: Lef58EolKeepOut
	srcs: net:net46106 net:net46134
	bbox = (23.6810, 148.8000) - (23.6980, 148.8240) on Layer M4
violation type: Lef58EolKeepOut
	srcs: net:_073706_ net:_079802_
	bbox = (22.7420, 151.5600) - (22.7770, 151.5600) on Layer M4
violation type: Lef58EolKeepOut
	srcs: net:_073706_ net:_079802_
	bbox = (22.7420, 151.5360) - (22.7770, 151.5360) on Layer M4
violation type: Lef58EolKeepOut
	srcs: net:_073706_ net:_079802_
	bbox = (22.7420, 151.5360) - (22.7770, 151.5600) on Layer M4
violation type: Lef58EolKeepOut
	srcs: net:_001548_ net:_091514_
	bbox = (25.1570, 153.8400) - (25.1890, 153.8640) on Layer M4
violation type: Lef58EolKeepOut
	srcs: net:_001548_ net:_091514_
	bbox = (25.1570, 153.8640) - (25.1890, 153.8640) on Layer M4
violation type: Lef58EolKeepOut
	srcs: net:_001548_ net:_091514_
	bbox = (25.1570, 153.8400) - (25.1890, 153.8400) on Layer M4
violation type: Lef58EolKeepOut
	srcs: net:_006566_ net:net40247
	bbox = (26.6630, 144.5580) - (26.6890, 144.5580) on Layer M2
violation type: Lef58EolKeepOut
	srcs: net:_006566_ net:net40247
	bbox = (26.6630, 144.5580) - (26.6890, 144.5760) on Layer M2
violation type: Lef58EolKeepOut
	srcs: net:_006566_ net:net40247
	bbox = (26.6630, 144.5760) - (26.6890, 144.5760) on Layer M2
violation type: Lef58EolKeepOut
	srcs: net:_008071_ inst:gen_cache_hpd.i_cache_subsystem.i_cva6_icache.cl_tag_q\[21\]$_DFF_PN0_
	bbox = (22.3120, 142.8660) - (22.3150, 142.8840) on Layer M2
violation type: Lef58EolKeepOut
	srcs: net:_008071_ inst:gen_cache_hpd.i_cache_subsystem.i_cva6_icache.cl_tag_q\[21\]$_DFF_PN0_
	bbox = (22.3120, 142.8840) - (22.3150, 142.8840) on Layer M2
violation type: Lef58EolKeepOut
	srcs: net:_008071_ inst:gen_cache_hpd.i_cache_subsystem.i_cva6_icache.cl_tag_q\[21\]$_DFF_PN0_
	bbox = (22.3120, 142.8660) - (22.3150, 142.8660) on Layer M2
violation type: Lef58EolKeepOut
	srcs: net:_023951_ net:_057503_
	bbox = (22.4510, 148.3380) - (22.4590, 148.3560) on Layer M2
violation type: Lef58EolKeepOut
	srcs: net:_023951_ net:_057503_
	bbox = (22.4510, 148.3380) - (22.4590, 148.3380) on Layer M2
violation type: Lef58EolKeepOut
	srcs: net:_023951_ net:_057503_
	bbox = (22.4510, 148.3560) - (22.4590, 148.3560) on Layer M2
violation type: Lef58EolKeepOut
	srcs: net:_102043_ net:clknet_leaf_47_clk_i_regs
	bbox = (23.1480, 145.0370) - (23.1480, 145.0480) on Layer M3
violation type: Lef58EolKeepOut
	srcs: net:_102043_ net:clknet_leaf_47_clk_i_regs
	bbox = (23.1660, 145.0370) - (23.1660, 145.0480) on Layer M3
violation type: Lef58EolKeepOut
	srcs: net:_102043_ net:clknet_leaf_47_clk_i_regs
	bbox = (23.1480, 145.0370) - (23.1660, 145.0480) on Layer M3
violation type: Lef58EolKeepOut
	srcs: net:net37021 net:clknet_leaf_48_clk_i_regs
	bbox = (22.9500, 143.8070) - (22.9500, 143.8150) on Layer M3
violation type: Lef58EolKeepOut
	srcs: net:net37021 net:clknet_leaf_48_clk_i_regs
	bbox = (22.9320, 143.8070) - (22.9320, 143.8150) on Layer M3
violation type: Lef58EolKeepOut
	srcs: net:net37021 net:clknet_leaf_48_clk_i_regs
	bbox = (22.9320, 143.8070) - (22.9500, 143.8150) on Layer M3
violation type: Lef58EolKeepOut
	srcs: net:_077611_ net:net2290
	bbox = (22.8960, 142.3010) - (22.8960, 142.3150) on Layer M3
violation type: Lef58EolKeepOut
	srcs: net:_077611_ net:net2290
	bbox = (22.8960, 142.3010) - (22.9140, 142.3150) on Layer M3
violation type: Lef58EolKeepOut
	srcs: net:_077611_ net:net2290
	bbox = (22.9140, 142.3010) - (22.9140, 142.3150) on Layer M3
violation type: Lef58EolKeepOut
	srcs: net:net37022 net:_102174_
	bbox = (22.6800, 141.7810) - (22.6980, 141.7870) on Layer M3
violation type: Lef58EolKeepOut
	srcs: net:net37022 net:_102174_
	bbox = (22.6980, 141.7810) - (22.6980, 141.7870) on Layer M3
violation type: Lef58EolKeepOut
	srcs: net:net37022 net:_102174_
	bbox = (22.6800, 141.7810) - (22.6800, 141.7870) on Layer M3
violation type: Lef58EolKeepOut
	srcs: net:net46533 net:net2294
	bbox = (21.9780, 144.7970) - (21.9780, 144.8110) on Layer M3
violation type: Lef58EolKeepOut
	srcs: net:net46533 net:net2294
	bbox = (21.9600, 144.7970) - (21.9780, 144.8110) on Layer M3
violation type: Lef58EolKeepOut
	srcs: net:net46533 net:net2294
	bbox = (21.9600, 144.7970) - (21.9600, 144.8110) on Layer M3
violation type: Lef58EolKeepOut
	srcs: net:_023951_ net:net2300
	bbox = (22.4640, 148.3610) - (22.4640, 148.3630) on Layer M3
violation type: Lef58EolKeepOut
	srcs: net:_023951_ net:net2300
	bbox = (22.4640, 148.3610) - (22.4820, 148.3630) on Layer M3
violation type: Lef58EolKeepOut
	srcs: net:_023951_ net:net2300
	bbox = (22.4820, 148.3610) - (22.4820, 148.3630) on Layer M3
violation type: Lef58EolKeepOut
	srcs: net:_003159_ net:_077651_
	bbox = (22.1400, 148.0190) - (22.1580, 148.0270) on Layer M3
violation type: Lef58EolKeepOut
	srcs: net:_003159_ net:_077651_
	bbox = (22.1400, 148.0190) - (22.1400, 148.0270) on Layer M3
violation type: Lef58EolKeepOut
	srcs: net:_003159_ net:_077651_
	bbox = (22.1580, 148.0190) - (22.1580, 148.0270) on Layer M3
violation type: Lef58EolKeepOut
	srcs: net:_057475_ net:_057489_
	bbox = (22.4530, 142.3680) - (22.4570, 142.3680) on Layer M4
violation type: Lef58EolKeepOut
	srcs: net:_057475_ net:_057489_
	bbox = (22.4530, 142.3920) - (22.4570, 142.3920) on Layer M4
violation type: Lef58EolKeepOut
	srcs: net:_057475_ net:_057489_
	bbox = (22.4530, 142.3680) - (22.4570, 142.3920) on Layer M4
violation type: Lef58EolKeepOut
	srcs: net:_054996_ net:_080721_
	bbox = (21.9140, 144.5280) - (21.9250, 144.5280) on Layer M4
violation type: Lef58EolKeepOut
	srcs: net:_054996_ net:_080721_
	bbox = (21.9140, 144.5280) - (21.9250, 144.5520) on Layer M4
violation type: Lef58EolKeepOut
	srcs: net:_054996_ net:_080721_
	bbox = (21.9140, 144.5520) - (21.9250, 144.5520) on Layer M4
violation type: Lef58EolKeepOut
	srcs: net:_054386_ net:_057487_
	bbox = (22.3130, 148.4160) - (22.3480, 148.4160) on Layer M4
violation type: Lef58EolKeepOut
	srcs: net:_054386_ net:_057487_
	bbox = (22.3130, 148.4160) - (22.3480, 148.4400) on Layer M4
violation type: Lef58EolKeepOut
	srcs: net:_054386_ net:_057487_
	bbox = (22.3130, 148.4400) - (22.3480, 148.4400) on Layer M4
violation type: Lef58EolKeepOut
	srcs: net:_080721_ net:gen_cache_hpd.i_cache_subsystem.i_axi_arbiter.i_icache_miss_req_fifo.gen_buffer.i_sync_buffer.wdata_i\[52\]
	bbox = (22.6730, 142.7520) - (22.7050, 142.7520) on Layer M4
violation type: Lef58EolKeepOut
	srcs: net:_080721_ net:gen_cache_hpd.i_cache_subsystem.i_axi_arbiter.i_icache_miss_req_fifo.gen_buffer.i_sync_buffer.wdata_i\[52\]
	bbox = (22.6730, 142.7760) - (22.7050, 142.7760) on Layer M4
violation type: Lef58EolKeepOut
	srcs: net:_080721_ net:gen_cache_hpd.i_cache_subsystem.i_axi_arbiter.i_icache_miss_req_fifo.gen_buffer.i_sync_buffer.wdata_i\[52\]
	bbox = (22.6730, 142.7520) - (22.7050, 142.7760) on Layer M4
violation type: Lef58EolKeepOut
	srcs: net:_005577_ net:_006472_
	bbox = (22.8140, 142.7280) - (22.8370, 142.7280) on Layer M4
violation type: Lef58EolKeepOut
	srcs: net:_005577_ net:_006472_
	bbox = (22.8140, 142.7040) - (22.8370, 142.7280) on Layer M4
violation type: Lef58EolKeepOut
	srcs: net:_005577_ net:_006472_
	bbox = (22.8140, 142.7040) - (22.8370, 142.7040) on Layer M4
violation type: Lef58EolKeepOut
	srcs: net:_023936_ net:net2290
	bbox = (22.6840, 142.3200) - (22.7080, 142.3200) on Layer M4
violation type: Lef58EolKeepOut
	srcs: net:_023936_ net:net2290
	bbox = (22.6840, 142.3200) - (22.7080, 142.3440) on Layer M4
violation type: Lef58EolKeepOut
	srcs: net:_023936_ net:net2290
	bbox = (22.6840, 142.3440) - (22.7080, 142.3440) on Layer M4
violation type: Lef58EolKeepOut
	srcs: net:_024301_ net:_069456_
	bbox = (23.1710, 140.9040) - (23.2120, 140.9040) on Layer M4
violation type: Lef58EolKeepOut
	srcs: net:_024301_ net:_069456_
	bbox = (23.1710, 140.8800) - (23.2120, 140.8800) on Layer M4
violation type: Lef58EolKeepOut
	srcs: net:_024301_ net:_069456_
	bbox = (23.1710, 140.8800) - (23.2120, 140.9040) on Layer M4
violation type: Lef58EolKeepOut
	srcs: net:_005560_ net:_006730_
	bbox = (22.2370, 143.0880) - (22.2410, 143.0880) on Layer M4
violation type: Lef58EolKeepOut
	srcs: net:_005560_ net:_006730_
	bbox = (22.2370, 143.0880) - (22.2410, 143.1120) on Layer M4
violation type: Lef58EolKeepOut
	srcs: net:_005560_ net:_006730_
	bbox = (22.2370, 143.1120) - (22.2410, 143.1120) on Layer M4
violation type: Lef58EolKeepOut
	srcs: net:_000201_ net:_005577_
	bbox = (23.6990, 144.4320) - (23.7160, 144.4320) on Layer M4
violation type: Lef58EolKeepOut
	srcs: net:_000201_ net:_005577_
	bbox = (23.6990, 144.4560) - (23.7160, 144.4560) on Layer M4
violation type: Lef58EolKeepOut
	srcs: net:_000201_ net:_005577_
	bbox = (23.6990, 144.4320) - (23.7160, 144.4560) on Layer M4
violation type: Lef58EolKeepOut
	srcs: net:_000221_ net:_058521_
	bbox = (22.2410, 145.0080) - (22.2610, 145.0320) on Layer M4
violation type: Lef58EolKeepOut
	srcs: net:_000221_ net:_058521_
	bbox = (22.2410, 145.0320) - (22.2610, 145.0320) on Layer M4
violation type: Lef58EolKeepOut
	srcs: net:_000221_ net:_058521_
	bbox = (22.2410, 145.0080) - (22.2610, 145.0080) on Layer M4
violation type: Lef58EolKeepOut
	srcs: net:_023760_ net:net46095
	bbox = (23.2850, 145.7520) - (23.3170, 145.7520) on Layer M4
violation type: Lef58EolKeepOut
	srcs: net:_023760_ net:net46095
	bbox = (23.2850, 145.7280) - (23.3170, 145.7520) on Layer M4
violation type: Lef58EolKeepOut
	srcs: net:_023760_ net:net46095
	bbox = (23.2850, 145.7280) - (23.3170, 145.7280) on Layer M4
violation type: Lef58EolKeepOut
	srcs: net:_054393_ net:net39718
	bbox = (21.8770, 148.0800) - (21.9170, 148.1040) on Layer M4
violation type: Lef58EolKeepOut
	srcs: net:_054393_ net:net39718
	bbox = (21.8770, 148.1040) - (21.9170, 148.1040) on Layer M4
violation type: Lef58EolKeepOut
	srcs: net:_054393_ net:net39718
	bbox = (21.8770, 148.0800) - (21.9170, 148.0800) on Layer M4
violation type: Lef58EolKeepOut
	srcs: net:_024077_ net:_058499_
	bbox = (22.3100, 146.4480) - (22.3570, 146.4480) on Layer M4
violation type: Lef58EolKeepOut
	srcs: net:_024077_ net:_058499_
	bbox = (22.3100, 146.4720) - (22.3570, 146.4720) on Layer M4
violation type: Lef58EolKeepOut
	srcs: net:_024077_ net:_058499_
	bbox = (22.3100, 146.4480) - (22.3570, 146.4720) on Layer M4
violation type: Lef58EolKeepOut
	srcs: net:_023988_ net:_078005_
	bbox = (22.3070, 148.2720) - (22.3090, 148.2720) on Layer M4
violation type: Lef58EolKeepOut
	srcs: net:_023988_ net:_078005_
	bbox = (22.3070, 148.2960) - (22.3090, 148.2960) on Layer M4
violation type: Lef58EolKeepOut
	srcs: net:_023988_ net:_078005_
	bbox = (22.3070, 148.2720) - (22.3090, 148.2960) on Layer M4
violation type: Lef58EolKeepOut
	srcs: net:_063019_ net:_077651_
	bbox = (22.0970, 147.8880) - (22.1290, 147.9120) on Layer M4
violation type: Lef58EolKeepOut
	srcs: net:_063019_ net:_077651_
	bbox = (22.0970, 147.8880) - (22.1290, 147.8880) on Layer M4
violation type: Lef58EolKeepOut
	srcs: net:_063019_ net:_077651_
	bbox = (22.0970, 147.9120) - (22.1290, 147.9120) on Layer M4
violation type: Lef58EolKeepOut
	srcs: net:_023760_ net:net46093
	bbox = (23.2080, 145.7820) - (23.2080, 145.8130) on Layer M5
violation type: Lef58EolKeepOut
	srcs: net:_023760_ net:net46093
	bbox = (23.1840, 145.7820) - (23.1840, 145.8130) on Layer M5
violation type: Lef58EolKeepOut
	srcs: net:_023760_ net:net46093
	bbox = (23.1840, 145.7820) - (23.2080, 145.8130) on Layer M5
violation type: Rect Only
	srcs: net:clknet_leaf_51_clk_i_regs
	bbox = (28.8760, 150.7300) - (28.8940, 150.7500) on Layer M2
violation type: Rect Only
	srcs: net:clknet_leaf_51_clk_i_regs
	bbox = (28.8580, 150.7320) - (28.8940, 150.7500) on Layer M2
violation type: Rect Only
	srcs: net:clknet_leaf_51_clk_i_regs
	bbox = (28.9400, 150.7300) - (28.9580, 150.7500) on Layer M2
violation type: Rect Only
	srcs: net:clknet_leaf_51_clk_i_regs
	bbox = (28.9400, 150.7320) - (28.9760, 150.7500) on Layer M2
violation type: Rect Only
	srcs: net:clknet_leaf_48_clk_i_regs
	bbox = (26.2940, 147.3300) - (26.3120, 147.3500) on Layer M2
violation type: Rect Only
	srcs: net:clknet_leaf_48_clk_i_regs
	bbox = (26.2940, 147.3300) - (26.3300, 147.3480) on Layer M2
violation type: Rect Only
	srcs: net:clknet_leaf_48_clk_i_regs
	bbox = (26.2300, 147.3300) - (26.2480, 147.3500) on Layer M2
violation type: Rect Only
	srcs: net:clknet_leaf_48_clk_i_regs
	bbox = (26.2120, 147.3300) - (26.2480, 147.3480) on Layer M2
violation type: Rect Only
	srcs: net:clknet_leaf_51_clk_i_regs
	bbox = (28.7240, 147.8700) - (28.7420, 147.8900) on Layer M2
violation type: Rect Only
	srcs: net:clknet_leaf_51_clk_i_regs
	bbox = (28.7240, 147.8700) - (28.7600, 147.8880) on Layer M2
violation type: Rect Only
	srcs: net:clknet_leaf_51_clk_i_regs
	bbox = (28.4980, 147.8700) - (28.5160, 147.8900) on Layer M2
violation type: Rect Only
	srcs: net:clknet_leaf_51_clk_i_regs
	bbox = (28.4800, 147.8700) - (28.5160, 147.8880) on Layer M2
violation type: Lef58CutSpacingTable
	srcs: net:net39803 net:_069445_
	bbox = (28.2420, 150.2880) - (28.2600, 150.3120) on Layer V3
violation type: Lef58CutSpacingTable
	srcs: net:_001424_ net:_080706_
	bbox = (27.9900, 149.9760) - (28.0080, 150.0000) on Layer V3
violation type: Lef58CutSpacingTable
	srcs: net:_075842_ net:_080706_
	bbox = (27.7380, 150.0240) - (27.7560, 150.0480) on Layer V3
violation type: Lef58CutSpacingTable
	srcs: net:net39457 net:_073706_
	bbox = (22.7700, 151.5120) - (22.7880, 151.5360) on Layer V3
violation type: Lef58CutSpacingTable
	srcs: net:_023982_ net:_069262_
	bbox = (26.1540, 153.3360) - (26.1720, 153.3600) on Layer V3
violation type: Lef58CutSpacingTable
	srcs: net:_102043_ net:clknet_leaf_47_clk_i_regs
	bbox = (23.1480, 145.0320) - (23.1660, 145.0560) on Layer V3
violation type: Lef58CutSpacingTable
	srcs: net:net37022 net:_102186_
	bbox = (23.0580, 142.1280) - (23.0760, 142.1520) on Layer V3
violation type: Lef58CutSpacingTable
	srcs: net:_077611_ net:net2290
	bbox = (22.8960, 142.2960) - (22.9140, 142.3200) on Layer V3
violation type: Lef58CutSpacingTable
	srcs: net:_102027_ net:net2290
	bbox = (22.8780, 142.3440) - (22.8960, 142.3680) on Layer V3
violation type: Lef58CutSpacingTable
	srcs: net:_005560_ net:_006730_
	bbox = (22.2300, 143.0880) - (22.2480, 143.1120) on Layer V3
violation type: Lef58CutSpacingTable
	srcs: net:net46533 net:net2294
	bbox = (21.9600, 144.7920) - (21.9780, 144.8160) on Layer V3
violation type: Lef58CutSpacingTable
	srcs: net:_007276_ net:_023936_
	bbox = (22.6620, 142.2960) - (22.6800, 142.3200) on Layer V3
violation type: Lef58CutSpacingTable
	srcs: net:_069261_ net:net46096
	bbox = (22.0140, 148.1520) - (22.0320, 148.1760) on Layer V3
violation type: Lef58CutSpacingTable
	srcs: net:_001423_ net:_003128_
	bbox = (22.0140, 147.4800) - (22.0320, 147.5040) on Layer V3
violation type: Lef58CutSpacingTable
	srcs: net:_023988_ net:_078005_
	bbox = (22.2960, 148.2720) - (22.3200, 148.2960) on Layer V4
violation type: Cut Short
	srcs: net:_057475_ net:_102027_
	bbox = (22.5720, 142.7040) - (22.5900, 142.7220) on Layer V2
violation type: Cut Short
	srcs: net:_006806_ net:_008071_
	bbox = (22.3200, 143.0460) - (22.3380, 143.0640) on Layer V2
violation type: Cut Short
	srcs: net:_058520_ net:_069261_
	bbox = (21.9960, 148.0320) - (22.0140, 148.0500) on Layer V2
