
==========================================================================
detailed place report_tns
--------------------------------------------------------------------------
tns max -4010.61

==========================================================================
detailed place report_wns
--------------------------------------------------------------------------
wns max -42.41

==========================================================================
detailed place report_worst_slack
--------------------------------------------------------------------------
worst slack max -42.41

==========================================================================
detailed place report_clock_min_period
--------------------------------------------------------------------------
clk period_min = 422.41 fmax = 2367.39

==========================================================================
detailed place report_checks -path_delay min
--------------------------------------------------------------------------
Startpoint: dcnt[3]$_SDFFE_PN0P_
            (rising edge-triggered flip-flop clocked by clk)
Endpoint: dcnt[3]$_SDFFE_PN0P_ (rising edge-triggered flip-flop clocked by clk)
Path Group: clk
Path Type: min

Fanout     Cap    Slew   Delay    Time   Description
-----------------------------------------------------------------------------
                  0.00    0.00    0.00   clock clk (rise edge)
                          0.00    0.00   clock network delay (ideal)
                  0.00    0.00    0.00 ^ dcnt[3]$_SDFFE_PN0P_/CLK (DFFHQNx1_ASAP7_75t_R)
     2    1.22   15.72   34.51   34.51 ^ dcnt[3]$_SDFFE_PN0P_/QN (DFFHQNx1_ASAP7_75t_R)
                                         _00413_ (net)
                 15.72    0.05   34.56 ^ _30044_/B (AO21x1_ASAP7_75t_R)
     1    1.15    9.39   13.65   48.21 ^ _30044_/Y (AO21x1_ASAP7_75t_R)
                                         _07437_ (net)
                  9.39    0.06   48.28 ^ _30045_/A2 (AOI21x1_ASAP7_75t_R)
     1    0.70    6.72    6.78   55.06 v _30045_/Y (AOI21x1_ASAP7_75t_R)
                                         _01555_ (net)
                  6.72    0.03   55.09 v dcnt[3]$_SDFFE_PN0P_/D (DFFHQNx1_ASAP7_75t_R)
                                 55.09   data arrival time

                  0.00    0.00    0.00   clock clk (rise edge)
                          0.00    0.00   clock network delay (ideal)
                          0.00    0.00   clock reconvergence pessimism
                                  0.00 ^ dcnt[3]$_SDFFE_PN0P_/CLK (DFFHQNx1_ASAP7_75t_R)
                          8.58    8.58   library hold time
                                  8.58   data required time
-----------------------------------------------------------------------------
                                  8.58   data required time
                                -55.09   data arrival time
-----------------------------------------------------------------------------
                                 46.51   slack (MET)



==========================================================================
detailed place report_checks -path_delay max
--------------------------------------------------------------------------
Startpoint: _tray_size4_1021 (rising edge-triggered flip-flop clocked by clk)
Endpoint: _tray_size4_1024 (rising edge-triggered flip-flop clocked by clk)
Path Group: clk
Path Type: max

Fanout     Cap    Slew   Delay    Time   Description
-----------------------------------------------------------------------------
                  0.00    0.00    0.00   clock clk (rise edge)
                          0.00    0.00   clock network delay (ideal)
                  0.00    0.00    0.00 ^ _tray_size4_1021/CLK (DFFHQNH2V2Xx1_ASAP7_75t_R)
     4    5.20   52.37   66.62   66.62 v _tray_size4_1021/QN3 (DFFHQNH2V2Xx1_ASAP7_75t_R)
                                         _00523_ (net)
                 52.41    1.09   67.71 v place5177/A (BUFx3_ASAP7_75t_R)
     4    4.55   12.63   26.84   94.55 v place5177/Y (BUFx3_ASAP7_75t_R)
                                         net5177 (net)
                 12.63    0.17   94.72 v _15573_/A (XOR2x2_ASAP7_75t_R)
     3    3.24   14.44   28.72  123.44 ^ _15573_/Y (XOR2x2_ASAP7_75t_R)
                                         _07473_ (net)
                 14.47    0.32  123.76 ^ _15575_/A (XOR2x2_ASAP7_75t_R)
     2    2.32   11.67   27.70  151.45 ^ _15575_/Y (XOR2x2_ASAP7_75t_R)
                                         _07475_ (net)
                 11.67    0.07  151.53 ^ _15581_/A (NAND2x1_ASAP7_75t_R)
     1    1.16    9.45    7.73  159.26 v _15581_/Y (NAND2x1_ASAP7_75t_R)
                                         _07481_ (net)
                  9.45    0.04  159.30 v _15588_/A2 (AOI21x1_ASAP7_75t_R)
     2    2.18   22.46   12.38  171.68 ^ _15588_/Y (AOI21x1_ASAP7_75t_R)
                                         _07488_ (net)
                 22.46    0.16  171.84 ^ place5043/A (BUFx3_ASAP7_75t_R)
     2    2.70    9.11   17.70  189.54 ^ place5043/Y (BUFx3_ASAP7_75t_R)
                                         net5043 (net)
                  9.11    0.09  189.63 ^ _15591_/A2 (OAI21x1_ASAP7_75t_R)
     2    1.97   17.93    9.48  199.11 v _15591_/Y (OAI21x1_ASAP7_75t_R)
                                         _07491_ (net)
                 17.93    0.09  199.20 v _15599_/A (NAND2x1_ASAP7_75t_R)
     7    8.19   56.01   31.69  230.89 ^ _15599_/Y (NAND2x1_ASAP7_75t_R)
                                         _01383_ (net)
                 56.13    1.45  232.34 ^ _30356_/B (HAxp5_ASAP7_75t_R)
     3    2.11   37.47   26.71  259.06 v _30356_/CON (HAxp5_ASAP7_75t_R)
                                         _01392_ (net)
                 37.47    0.06  259.11 v _28498_/A (INVx1_ASAP7_75t_R)
     2    2.99   26.62   21.05  280.16 ^ _28498_/Y (INVx1_ASAP7_75t_R)
                                         _06175_ (net)
                 26.62    0.19  280.35 ^ _28499_/B (OAI21x1_ASAP7_75t_R)
     3    3.87   25.64   18.58  298.94 v _28499_/Y (OAI21x1_ASAP7_75t_R)
                                         _06176_ (net)
                 25.66    0.52  299.45 v _28500_/A (INVx1_ASAP7_75t_R)
     3    4.47   32.41   21.80  321.25 ^ _28500_/Y (INVx1_ASAP7_75t_R)
                                         _06177_ (net)
                 32.41    0.18  321.43 ^ _28520_/A1 (OAI21x1_ASAP7_75t_R)
     2    3.13   22.55   14.99  336.42 v _28520_/Y (OAI21x1_ASAP7_75t_R)
                                         _06197_ (net)
                 22.55    0.20  336.62 v _28585_/B (NAND3x1_ASAP7_75t_R)
     1    1.18   16.79   16.00  352.62 ^ _28585_/Y (NAND3x1_ASAP7_75t_R)
                                         _06262_ (net)
                 16.79    0.05  352.68 ^ _28586_/B (NAND2x1_ASAP7_75t_R)
     1    1.23   10.94    8.67  361.34 v _28586_/Y (NAND2x1_ASAP7_75t_R)
                                         _06263_ (net)
                 10.94    0.06  361.40 v _28594_/A2 (AOI21x1_ASAP7_75t_R)
     1    1.64   22.92   11.34  372.74 ^ _28594_/Y (AOI21x1_ASAP7_75t_R)
                                         _06271_ (net)
                 22.92    0.15  372.89 ^ _28644_/A1 (OAI21x1_ASAP7_75t_R)
     1    2.26   28.60   11.65  384.54 v _28644_/Y (OAI21x1_ASAP7_75t_R)
                                         _06321_ (net)
                 28.61    0.42  384.96 v _28700_/A (NAND2x1_ASAP7_75t_R)
     1    1.26   17.22   16.10  401.06 ^ _28700_/Y (NAND2x1_ASAP7_75t_R)
                                         _00102_ (net)
                 17.23    0.14  401.21 ^ _tray_size4_1024/D0 (DFFHQNH2V2Xx1_ASAP7_75t_R)
                                401.21   data arrival time

                  0.00  380.00  380.00   clock clk (rise edge)
                          0.00  380.00   clock network delay (ideal)
                          0.00  380.00   clock reconvergence pessimism
                                380.00 ^ _tray_size4_1024/CLK (DFFHQNH2V2Xx1_ASAP7_75t_R)
                        -21.20  358.80   library setup time
                                358.80   data required time
-----------------------------------------------------------------------------
                                358.80   data required time
                               -401.21   data arrival time
-----------------------------------------------------------------------------
                                -42.41   slack (VIOLATED)



==========================================================================
detailed place report_checks -unconstrained
--------------------------------------------------------------------------
Startpoint: _tray_size4_1021 (rising edge-triggered flip-flop clocked by clk)
Endpoint: _tray_size4_1024 (rising edge-triggered flip-flop clocked by clk)
Path Group: clk
Path Type: max

Fanout     Cap    Slew   Delay    Time   Description
-----------------------------------------------------------------------------
                  0.00    0.00    0.00   clock clk (rise edge)
                          0.00    0.00   clock network delay (ideal)
                  0.00    0.00    0.00 ^ _tray_size4_1021/CLK (DFFHQNH2V2Xx1_ASAP7_75t_R)
     4    5.20   52.37   66.62   66.62 v _tray_size4_1021/QN3 (DFFHQNH2V2Xx1_ASAP7_75t_R)
                                         _00523_ (net)
                 52.41    1.09   67.71 v place5177/A (BUFx3_ASAP7_75t_R)
     4    4.55   12.63   26.84   94.55 v place5177/Y (BUFx3_ASAP7_75t_R)
                                         net5177 (net)
                 12.63    0.17   94.72 v _15573_/A (XOR2x2_ASAP7_75t_R)
     3    3.24   14.44   28.72  123.44 ^ _15573_/Y (XOR2x2_ASAP7_75t_R)
                                         _07473_ (net)
                 14.47    0.32  123.76 ^ _15575_/A (XOR2x2_ASAP7_75t_R)
     2    2.32   11.67   27.70  151.45 ^ _15575_/Y (XOR2x2_ASAP7_75t_R)
                                         _07475_ (net)
                 11.67    0.07  151.53 ^ _15581_/A (NAND2x1_ASAP7_75t_R)
     1    1.16    9.45    7.73  159.26 v _15581_/Y (NAND2x1_ASAP7_75t_R)
                                         _07481_ (net)
                  9.45    0.04  159.30 v _15588_/A2 (AOI21x1_ASAP7_75t_R)
     2    2.18   22.46   12.38  171.68 ^ _15588_/Y (AOI21x1_ASAP7_75t_R)
                                         _07488_ (net)
                 22.46    0.16  171.84 ^ place5043/A (BUFx3_ASAP7_75t_R)
     2    2.70    9.11   17.70  189.54 ^ place5043/Y (BUFx3_ASAP7_75t_R)
                                         net5043 (net)
                  9.11    0.09  189.63 ^ _15591_/A2 (OAI21x1_ASAP7_75t_R)
     2    1.97   17.93    9.48  199.11 v _15591_/Y (OAI21x1_ASAP7_75t_R)
                                         _07491_ (net)
                 17.93    0.09  199.20 v _15599_/A (NAND2x1_ASAP7_75t_R)
     7    8.19   56.01   31.69  230.89 ^ _15599_/Y (NAND2x1_ASAP7_75t_R)
                                         _01383_ (net)
                 56.13    1.45  232.34 ^ _30356_/B (HAxp5_ASAP7_75t_R)
     3    2.11   37.47   26.71  259.06 v _30356_/CON (HAxp5_ASAP7_75t_R)
                                         _01392_ (net)
                 37.47    0.06  259.11 v _28498_/A (INVx1_ASAP7_75t_R)
     2    2.99   26.62   21.05  280.16 ^ _28498_/Y (INVx1_ASAP7_75t_R)
                                         _06175_ (net)
                 26.62    0.19  280.35 ^ _28499_/B (OAI21x1_ASAP7_75t_R)
     3    3.87   25.64   18.58  298.94 v _28499_/Y (OAI21x1_ASAP7_75t_R)
                                         _06176_ (net)
                 25.66    0.52  299.45 v _28500_/A (INVx1_ASAP7_75t_R)
     3    4.47   32.41   21.80  321.25 ^ _28500_/Y (INVx1_ASAP7_75t_R)
                                         _06177_ (net)
                 32.41    0.18  321.43 ^ _28520_/A1 (OAI21x1_ASAP7_75t_R)
     2    3.13   22.55   14.99  336.42 v _28520_/Y (OAI21x1_ASAP7_75t_R)
                                         _06197_ (net)
                 22.55    0.20  336.62 v _28585_/B (NAND3x1_ASAP7_75t_R)
     1    1.18   16.79   16.00  352.62 ^ _28585_/Y (NAND3x1_ASAP7_75t_R)
                                         _06262_ (net)
                 16.79    0.05  352.68 ^ _28586_/B (NAND2x1_ASAP7_75t_R)
     1    1.23   10.94    8.67  361.34 v _28586_/Y (NAND2x1_ASAP7_75t_R)
                                         _06263_ (net)
                 10.94    0.06  361.40 v _28594_/A2 (AOI21x1_ASAP7_75t_R)
     1    1.64   22.92   11.34  372.74 ^ _28594_/Y (AOI21x1_ASAP7_75t_R)
                                         _06271_ (net)
                 22.92    0.15  372.89 ^ _28644_/A1 (OAI21x1_ASAP7_75t_R)
     1    2.26   28.60   11.65  384.54 v _28644_/Y (OAI21x1_ASAP7_75t_R)
                                         _06321_ (net)
                 28.61    0.42  384.96 v _28700_/A (NAND2x1_ASAP7_75t_R)
     1    1.26   17.22   16.10  401.06 ^ _28700_/Y (NAND2x1_ASAP7_75t_R)
                                         _00102_ (net)
                 17.23    0.14  401.21 ^ _tray_size4_1024/D0 (DFFHQNH2V2Xx1_ASAP7_75t_R)
                                401.21   data arrival time

                  0.00  380.00  380.00   clock clk (rise edge)
                          0.00  380.00   clock network delay (ideal)
                          0.00  380.00   clock reconvergence pessimism
                                380.00 ^ _tray_size4_1024/CLK (DFFHQNH2V2Xx1_ASAP7_75t_R)
                        -21.20  358.80   library setup time
                                358.80   data required time
-----------------------------------------------------------------------------
                                358.80   data required time
                               -401.21   data arrival time
-----------------------------------------------------------------------------
                                -42.41   slack (VIOLATED)



==========================================================================
detailed place report_check_types -max_slew -max_cap -max_fanout -violators
--------------------------------------------------------------------------

==========================================================================
detailed place max_slew_check_slack
--------------------------------------------------------------------------
129.13108825683594

==========================================================================
detailed place max_slew_check_limit
--------------------------------------------------------------------------
320.0

==========================================================================
detailed place max_slew_check_slack_limit
--------------------------------------------------------------------------
0.4035

==========================================================================
detailed place max_fanout_check_slack
--------------------------------------------------------------------------
1.0000000150474662e+30

==========================================================================
detailed place max_fanout_check_limit
--------------------------------------------------------------------------
1.0000000150474662e+30

==========================================================================
detailed place max_capacitance_check_slack
--------------------------------------------------------------------------
9.425639152526855

==========================================================================
detailed place max_capacitance_check_limit
--------------------------------------------------------------------------
23.040000915527344

==========================================================================
detailed place max_capacitance_check_slack_limit
--------------------------------------------------------------------------
0.4091

==========================================================================
detailed place max_slew_violation_count
--------------------------------------------------------------------------
max slew violation count 0

==========================================================================
detailed place max_fanout_violation_count
--------------------------------------------------------------------------
max fanout violation count 0

==========================================================================
detailed place max_cap_violation_count
--------------------------------------------------------------------------
max cap violation count 0

==========================================================================
detailed place setup_violation_count
--------------------------------------------------------------------------
setup violation count 157

==========================================================================
detailed place hold_violation_count
--------------------------------------------------------------------------
hold violation count 0

==========================================================================
detailed place report_checks -path_delay max reg to reg
--------------------------------------------------------------------------
Startpoint: _tray_size4_1021 (rising edge-triggered flip-flop clocked by clk)
Endpoint: _tray_size4_1024 (rising edge-triggered flip-flop clocked by clk)
Path Group: clk
Path Type: max

  Delay    Time   Description
---------------------------------------------------------
   0.00    0.00   clock clk (rise edge)
   0.00    0.00   clock network delay (ideal)
   0.00    0.00 ^ _tray_size4_1021/CLK (DFFHQNH2V2Xx1_ASAP7_75t_R)
  66.62   66.62 v _tray_size4_1021/QN3 (DFFHQNH2V2Xx1_ASAP7_75t_R)
  27.93   94.55 v place5177/Y (BUFx3_ASAP7_75t_R)
  28.88  123.44 ^ _15573_/Y (XOR2x2_ASAP7_75t_R)
  28.02  151.45 ^ _15575_/Y (XOR2x2_ASAP7_75t_R)
   7.80  159.26 v _15581_/Y (NAND2x1_ASAP7_75t_R)
  12.43  171.68 ^ _15588_/Y (AOI21x1_ASAP7_75t_R)
  17.86  189.54 ^ place5043/Y (BUFx3_ASAP7_75t_R)
   9.57  199.11 v _15591_/Y (OAI21x1_ASAP7_75t_R)
  31.78  230.89 ^ _15599_/Y (NAND2x1_ASAP7_75t_R)
  28.16  259.06 v _30356_/CON (HAxp5_ASAP7_75t_R)
  21.11  280.16 ^ _28498_/Y (INVx1_ASAP7_75t_R)
  18.78  298.94 v _28499_/Y (OAI21x1_ASAP7_75t_R)
  22.31  321.25 ^ _28500_/Y (INVx1_ASAP7_75t_R)
  15.17  336.42 v _28520_/Y (OAI21x1_ASAP7_75t_R)
  16.20  352.62 ^ _28585_/Y (NAND3x1_ASAP7_75t_R)
   8.72  361.34 v _28586_/Y (NAND2x1_ASAP7_75t_R)
  11.40  372.74 ^ _28594_/Y (AOI21x1_ASAP7_75t_R)
  11.80  384.54 v _28644_/Y (OAI21x1_ASAP7_75t_R)
  16.52  401.06 ^ _28700_/Y (NAND2x1_ASAP7_75t_R)
   0.14  401.21 ^ _tray_size4_1024/D0 (DFFHQNH2V2Xx1_ASAP7_75t_R)
         401.21   data arrival time

 380.00  380.00   clock clk (rise edge)
   0.00  380.00   clock network delay (ideal)
   0.00  380.00   clock reconvergence pessimism
         380.00 ^ _tray_size4_1024/CLK (DFFHQNH2V2Xx1_ASAP7_75t_R)
 -21.20  358.80   library setup time
         358.80   data required time
---------------------------------------------------------
         358.80   data required time
        -401.21   data arrival time
---------------------------------------------------------
         -42.41   slack (VIOLATED)



==========================================================================
detailed place report_checks -path_delay min reg to reg
--------------------------------------------------------------------------
Startpoint: dcnt[3]$_SDFFE_PN0P_
            (rising edge-triggered flip-flop clocked by clk)
Endpoint: dcnt[3]$_SDFFE_PN0P_ (rising edge-triggered flip-flop clocked by clk)
Path Group: clk
Path Type: min

  Delay    Time   Description
---------------------------------------------------------
   0.00    0.00   clock clk (rise edge)
   0.00    0.00   clock network delay (ideal)
   0.00    0.00 ^ dcnt[3]$_SDFFE_PN0P_/CLK (DFFHQNx1_ASAP7_75t_R)
  34.51   34.51 ^ dcnt[3]$_SDFFE_PN0P_/QN (DFFHQNx1_ASAP7_75t_R)
  13.70   48.21 ^ _30044_/Y (AO21x1_ASAP7_75t_R)
   6.84   55.06 v _30045_/Y (AOI21x1_ASAP7_75t_R)
   0.03   55.09 v dcnt[3]$_SDFFE_PN0P_/D (DFFHQNx1_ASAP7_75t_R)
          55.09   data arrival time

   0.00    0.00   clock clk (rise edge)
   0.00    0.00   clock network delay (ideal)
   0.00    0.00   clock reconvergence pessimism
           0.00 ^ dcnt[3]$_SDFFE_PN0P_/CLK (DFFHQNx1_ASAP7_75t_R)
   8.58    8.58   library hold time
           8.58   data required time
---------------------------------------------------------
           8.58   data required time
         -55.09   data arrival time
---------------------------------------------------------
          46.51   slack (MET)



==========================================================================
detailed place critical path target clock latency max path
--------------------------------------------------------------------------
0.0000

==========================================================================
detailed place critical path target clock latency min path
--------------------------------------------------------------------------
0.0000

==========================================================================
detailed place critical path source clock latency min path
--------------------------------------------------------------------------
0.0000

==========================================================================
detailed place critical path delay
--------------------------------------------------------------------------
401.2076

==========================================================================
detailed place critical path slack
--------------------------------------------------------------------------
-42.4068

==========================================================================
detailed place slack div critical path delay
--------------------------------------------------------------------------
-10.569790

==========================================================================
detailed place report_power
--------------------------------------------------------------------------
Group                  Internal  Switching    Leakage      Total
                          Power      Power      Power      Power (Watts)
----------------------------------------------------------------
Sequential             3.67e-03   1.09e-03   7.15e-08   4.76e-03   3.1%
Combinational          5.71e-02   9.37e-02   1.03e-06   1.51e-01  96.9%
Clock                  0.00e+00   0.00e+00   0.00e+00   0.00e+00   0.0%
Macro                  0.00e+00   0.00e+00   0.00e+00   0.00e+00   0.0%
Pad                    0.00e+00   0.00e+00   0.00e+00   0.00e+00   0.0%
----------------------------------------------------------------
Total                  6.08e-02   9.48e-02   1.11e-06   1.56e-01 100.0%
                          39.1%      60.9%       0.0%
