
==========================================================================
global route report_tns
--------------------------------------------------------------------------
tns max -3399.84

==========================================================================
global route report_wns
--------------------------------------------------------------------------
wns max -47.35

==========================================================================
global route report_worst_slack
--------------------------------------------------------------------------
worst slack max -47.35

==========================================================================
global route report_clock_min_period
--------------------------------------------------------------------------
clk period_min = 427.35 fmax = 2339.99

==========================================================================
global route report_clock_skew
--------------------------------------------------------------------------
Clock clk
  78.87 source latency sa22_sr[3]$_DFF_P_/CLK ^
 -65.44 target latency _tray_size4_1091/CLK ^
  -0.92 CRPR
--------------
  12.50 setup skew


==========================================================================
global route report_checks -path_delay min
--------------------------------------------------------------------------
Startpoint: text_in[40] (input port clocked by clk)
Endpoint: _tray_size4_1114 (rising edge-triggered flip-flop clocked by clk)
Path Group: clk
Path Type: min

Fanout     Cap    Slew   Delay    Time   Description
-----------------------------------------------------------------------------
                          0.00    0.00   clock clk (rise edge)
                          0.00    0.00   clock network delay (propagated)
                         76.00   76.00 v input external delay
     1    1.01    0.00    0.00   76.00 v text_in[40] (in)
                                         text_in[40] (net)
                  0.28    0.09   76.09 v input193/A (BUFx2_ASAP7_75t_R)
     1    2.39    9.64   13.11   89.19 v input193/Y (BUFx2_ASAP7_75t_R)
                                         net193 (net)
                  9.73    0.52   89.72 v _29824_/A2 (AO21x1_ASAP7_75t_R)
     1    0.78    7.01   14.99  104.70 v _29824_/Y (AO21x1_ASAP7_75t_R)
                                         _01506_ (net)
                  7.01    0.07  104.77 v _tray_size4_1114/D3 (DFFHQNH2V2Xx2_ASAP7_75t_R)
                                104.77   data arrival time

                          0.00    0.00   clock clk (rise edge)
                          0.00    0.00   clock source latency
     1    9.26    0.00    0.00    0.00 ^ clk (in)
                                         clk (net)
                 10.23    3.23    3.23 ^ clkbuf_0_clk/A (BUFx16f_ASAP7_75t_R)
     2    9.08    8.98   15.46   18.69 ^ clkbuf_0_clk/Y (BUFx16f_ASAP7_75t_R)
                                         clknet_0_clk (net)
                 10.13    1.64   20.33 ^ clkbuf_1_0__f_clk/A (BUFx16f_ASAP7_75t_R)
     8   36.27   23.99   18.71   39.05 ^ clkbuf_1_0__f_clk/Y (BUFx16f_ASAP7_75t_R)
                                         clknet_1_0__leaf_clk (net)
                 33.71    8.06   47.11 ^ clkbuf_leaf_10_clk/A (BUFx24_ASAP7_75t_R)
    16   15.51   11.81   25.36   72.47 ^ clkbuf_leaf_10_clk/Y (BUFx24_ASAP7_75t_R)
                                         clknet_leaf_10_clk (net)
                 22.56    6.15   78.63 ^ _tray_size4_1114/CLK (DFFHQNH2V2Xx2_ASAP7_75t_R)
                          0.00   78.63   clock reconvergence pessimism
                         18.53   97.15   library hold time
                                 97.15   data required time
-----------------------------------------------------------------------------
                                 97.15   data required time
                               -104.77   data arrival time
-----------------------------------------------------------------------------
                                  7.62   slack (MET)



==========================================================================
global route report_checks -path_delay max
--------------------------------------------------------------------------
Startpoint: _tray_size4_1020 (rising edge-triggered flip-flop clocked by clk)
Endpoint: _tray_size4_1120 (rising edge-triggered flip-flop clocked by clk)
Path Group: clk
Path Type: max

Fanout     Cap    Slew   Delay    Time   Description
-----------------------------------------------------------------------------
                          0.00    0.00   clock clk (rise edge)
                          0.00    0.00   clock source latency
     1    9.26    0.00    0.00    0.00 ^ clk (in)
                                         clk (net)
                 10.23    3.23    3.23 ^ clkbuf_0_clk/A (BUFx16f_ASAP7_75t_R)
     2    9.08    8.98   15.46   18.69 ^ clkbuf_0_clk/Y (BUFx16f_ASAP7_75t_R)
                                         clknet_0_clk (net)
                 10.13    1.64   20.33 ^ clkbuf_1_0__f_clk/A (BUFx16f_ASAP7_75t_R)
     8   36.27   23.99   18.71   39.05 ^ clkbuf_1_0__f_clk/Y (BUFx16f_ASAP7_75t_R)
                                         clknet_1_0__leaf_clk (net)
                 32.09    7.23   46.28 ^ clkbuf_leaf_11_clk/A (BUFx24_ASAP7_75t_R)
    11   14.42   12.47   25.25   71.53 ^ clkbuf_leaf_11_clk/Y (BUFx24_ASAP7_75t_R)
                                         clknet_leaf_11_clk (net)
                 13.61    1.87   73.40 ^ _tray_size4_1020/CLK (DFFHQNH2V2Xx2_ASAP7_75t_R)
     2    5.90   42.81   74.79  148.19 v _tray_size4_1020/QN2 (DFFHQNH2V2Xx2_ASAP7_75t_R)
                                         _00809_ (net)
                 43.36    2.60  150.78 v _18932_/B (XOR2x2_ASAP7_75t_R)
     2    2.38   12.41   34.90  185.69 ^ _18932_/Y (XOR2x2_ASAP7_75t_R)
                                         _10748_ (net)
                 12.44    0.36  186.05 ^ _18933_/A (XOR2x2_ASAP7_75t_R)
     2    1.88   10.33   26.34  212.39 ^ _18933_/Y (XOR2x2_ASAP7_75t_R)
                                         _10749_ (net)
                 10.34    0.15  212.53 ^ place5049/A (BUFx3_ASAP7_75t_R)
     2    2.56    8.66   14.38  226.91 ^ place5049/Y (BUFx3_ASAP7_75t_R)
                                         net5049 (net)
                  8.70    0.32  227.23 ^ _18940_/B (XNOR2x2_ASAP7_75t_R)
     1    1.73    9.46   25.86  253.09 v _18940_/Y (XNOR2x2_ASAP7_75t_R)
                                         _10756_ (net)
                  9.49    0.31  253.40 v _18941_/B (NOR2x1_ASAP7_75t_R)
     2    2.17   18.14   11.14  264.54 ^ _18941_/Y (NOR2x1_ASAP7_75t_R)
                                         _10757_ (net)
                 18.14    0.18  264.72 ^ _18945_/A2 (OAI21x1_ASAP7_75t_R)
     1    1.97   17.45   10.95  275.67 v _18945_/Y (OAI21x1_ASAP7_75t_R)
                                         _10760_ (net)
                 17.46    0.26  275.93 v _18946_/B (NAND2x1p5_ASAP7_75t_R)
     2    2.48   14.95   11.94  287.87 ^ _18946_/Y (NAND2x1p5_ASAP7_75t_R)
                                         _01058_ (net)
                 14.96    0.23  288.09 ^ _30149_/B (HAxp5_ASAP7_75t_R)
     2    1.87   35.19   34.74  322.83 v _30149_/SN (HAxp5_ASAP7_75t_R)
                                         _01071_ (net)
                 35.19    0.22  323.05 v place4185/A (BUFx3_ASAP7_75t_R)
     2    3.63   10.60   22.65  345.70 v place4185/Y (BUFx3_ASAP7_75t_R)
                                         net4185 (net)
                 10.64    0.36  346.07 v _19128_/A (INVx4_ASAP7_75t_R)
     2    3.21    8.12    6.63  352.69 ^ _19128_/Y (INVx4_ASAP7_75t_R)
                                         _10935_ (net)
                  8.18    0.37  353.06 ^ _19129_/B (OAI21x1_ASAP7_75t_R)
     3    5.09   28.63   16.07  369.13 v _19129_/Y (OAI21x1_ASAP7_75t_R)
                                         _10936_ (net)
                 28.65    0.45  369.58 v place3932/A (BUFx3_ASAP7_75t_R)
     4    5.64   14.07   22.63  392.22 v place3932/Y (BUFx3_ASAP7_75t_R)
                                         net3932 (net)
                 14.13    0.52  392.74 v rebuffer5290/A (BUFx3_ASAP7_75t_R)
     1    1.77    6.65   15.36  408.09 v rebuffer5290/Y (BUFx3_ASAP7_75t_R)
                                         net5290 (net)
                  6.69    0.25  408.34 v _19376_/B (NOR3x1_ASAP7_75t_R)
     1    1.25   21.42   10.02  418.37 ^ _19376_/Y (NOR3x1_ASAP7_75t_R)
                                         _11180_ (net)
                 21.42    0.12  418.49 ^ _19377_/B (NOR2x1_ASAP7_75t_R)
     1    1.44   15.30   11.63  430.12 v _19377_/Y (NOR2x1_ASAP7_75t_R)
                                         _11181_ (net)
                 15.30    0.07  430.19 v _19378_/B (OAI21x1_ASAP7_75t_R)
     1    1.50   22.88    8.31  438.50 ^ _19378_/Y (OAI21x1_ASAP7_75t_R)
                                         _11182_ (net)
                 22.88    0.18  438.68 ^ _19388_/A (NAND2x1_ASAP7_75t_R)
     1    1.43   11.39    9.72  448.40 v _19388_/Y (NAND2x1_ASAP7_75t_R)
                                         _11192_ (net)
                 11.39    0.19  448.59 v _19389_/A2 (AOI21x1_ASAP7_75t_R)
     1    1.31   24.61   10.57  459.16 ^ _19389_/Y (AOI21x1_ASAP7_75t_R)
                                         _11193_ (net)
                 24.61    0.15  459.31 ^ _19390_/A (NAND2x1_ASAP7_75t_R)
     1    1.46   11.77    9.97  469.28 v _19390_/Y (NAND2x1_ASAP7_75t_R)
                                         _11194_ (net)
                 11.78    0.21  469.49 v _19430_/A (NAND2x1_ASAP7_75t_R)
     1    2.16   18.63   13.83  483.32 ^ _19430_/Y (NAND2x1_ASAP7_75t_R)
                                         _00075_ (net)
                 18.66    0.44  483.76 ^ _tray_size4_1120/D3 (DFFHQNH2V2Xx1_ASAP7_75t_R)
                                483.76   data arrival time

                        380.00  380.00   clock clk (rise edge)
                          0.00  380.00   clock source latency
     1    8.60    0.00    0.00  380.00 ^ clk (in)
                                         clk (net)
                  9.07    2.86  382.86 ^ clkbuf_0_clk/A (BUFx16f_ASAP7_75t_R)
     2    7.76    8.18   14.90  397.77 ^ clkbuf_0_clk/Y (BUFx16f_ASAP7_75t_R)
                                         clknet_0_clk (net)
                  9.10    1.39  399.16 ^ clkbuf_1_1__f_clk/A (BUFx16f_ASAP7_75t_R)
     8   32.42   21.79   18.32  417.48 ^ clkbuf_1_1__f_clk/Y (BUFx16f_ASAP7_75t_R)
                                         clknet_1_1__leaf_clk (net)
                 25.50    4.62  422.10 ^ clkbuf_leaf_9_clk/A (BUFx24_ASAP7_75t_R)
     9   11.86   11.02   23.39  445.49 ^ clkbuf_leaf_9_clk/Y (BUFx24_ASAP7_75t_R)
                                         clknet_leaf_9_clk (net)
                 11.61    1.28  446.77 ^ _tray_size4_1120/CLK (DFFHQNH2V2Xx1_ASAP7_75t_R)
                          0.92  447.70   clock reconvergence pessimism
                        -11.28  436.41   library setup time
                                436.41   data required time
-----------------------------------------------------------------------------
                                436.41   data required time
                               -483.76   data arrival time
-----------------------------------------------------------------------------
                                -47.35   slack (VIOLATED)



==========================================================================
global route report_checks -unconstrained
--------------------------------------------------------------------------
Startpoint: _tray_size4_1020 (rising edge-triggered flip-flop clocked by clk)
Endpoint: _tray_size4_1120 (rising edge-triggered flip-flop clocked by clk)
Path Group: clk
Path Type: max

Fanout     Cap    Slew   Delay    Time   Description
-----------------------------------------------------------------------------
                          0.00    0.00   clock clk (rise edge)
                          0.00    0.00   clock source latency
     1    9.26    0.00    0.00    0.00 ^ clk (in)
                                         clk (net)
                 10.23    3.23    3.23 ^ clkbuf_0_clk/A (BUFx16f_ASAP7_75t_R)
     2    9.08    8.98   15.46   18.69 ^ clkbuf_0_clk/Y (BUFx16f_ASAP7_75t_R)
                                         clknet_0_clk (net)
                 10.13    1.64   20.33 ^ clkbuf_1_0__f_clk/A (BUFx16f_ASAP7_75t_R)
     8   36.27   23.99   18.71   39.05 ^ clkbuf_1_0__f_clk/Y (BUFx16f_ASAP7_75t_R)
                                         clknet_1_0__leaf_clk (net)
                 32.09    7.23   46.28 ^ clkbuf_leaf_11_clk/A (BUFx24_ASAP7_75t_R)
    11   14.42   12.47   25.25   71.53 ^ clkbuf_leaf_11_clk/Y (BUFx24_ASAP7_75t_R)
                                         clknet_leaf_11_clk (net)
                 13.61    1.87   73.40 ^ _tray_size4_1020/CLK (DFFHQNH2V2Xx2_ASAP7_75t_R)
     2    5.90   42.81   74.79  148.19 v _tray_size4_1020/QN2 (DFFHQNH2V2Xx2_ASAP7_75t_R)
                                         _00809_ (net)
                 43.36    2.60  150.78 v _18932_/B (XOR2x2_ASAP7_75t_R)
     2    2.38   12.41   34.90  185.69 ^ _18932_/Y (XOR2x2_ASAP7_75t_R)
                                         _10748_ (net)
                 12.44    0.36  186.05 ^ _18933_/A (XOR2x2_ASAP7_75t_R)
     2    1.88   10.33   26.34  212.39 ^ _18933_/Y (XOR2x2_ASAP7_75t_R)
                                         _10749_ (net)
                 10.34    0.15  212.53 ^ place5049/A (BUFx3_ASAP7_75t_R)
     2    2.56    8.66   14.38  226.91 ^ place5049/Y (BUFx3_ASAP7_75t_R)
                                         net5049 (net)
                  8.70    0.32  227.23 ^ _18940_/B (XNOR2x2_ASAP7_75t_R)
     1    1.73    9.46   25.86  253.09 v _18940_/Y (XNOR2x2_ASAP7_75t_R)
                                         _10756_ (net)
                  9.49    0.31  253.40 v _18941_/B (NOR2x1_ASAP7_75t_R)
     2    2.17   18.14   11.14  264.54 ^ _18941_/Y (NOR2x1_ASAP7_75t_R)
                                         _10757_ (net)
                 18.14    0.18  264.72 ^ _18945_/A2 (OAI21x1_ASAP7_75t_R)
     1    1.97   17.45   10.95  275.67 v _18945_/Y (OAI21x1_ASAP7_75t_R)
                                         _10760_ (net)
                 17.46    0.26  275.93 v _18946_/B (NAND2x1p5_ASAP7_75t_R)
     2    2.48   14.95   11.94  287.87 ^ _18946_/Y (NAND2x1p5_ASAP7_75t_R)
                                         _01058_ (net)
                 14.96    0.23  288.09 ^ _30149_/B (HAxp5_ASAP7_75t_R)
     2    1.87   35.19   34.74  322.83 v _30149_/SN (HAxp5_ASAP7_75t_R)
                                         _01071_ (net)
                 35.19    0.22  323.05 v place4185/A (BUFx3_ASAP7_75t_R)
     2    3.63   10.60   22.65  345.70 v place4185/Y (BUFx3_ASAP7_75t_R)
                                         net4185 (net)
                 10.64    0.36  346.07 v _19128_/A (INVx4_ASAP7_75t_R)
     2    3.21    8.12    6.63  352.69 ^ _19128_/Y (INVx4_ASAP7_75t_R)
                                         _10935_ (net)
                  8.18    0.37  353.06 ^ _19129_/B (OAI21x1_ASAP7_75t_R)
     3    5.09   28.63   16.07  369.13 v _19129_/Y (OAI21x1_ASAP7_75t_R)
                                         _10936_ (net)
                 28.65    0.45  369.58 v place3932/A (BUFx3_ASAP7_75t_R)
     4    5.64   14.07   22.63  392.22 v place3932/Y (BUFx3_ASAP7_75t_R)
                                         net3932 (net)
                 14.13    0.52  392.74 v rebuffer5290/A (BUFx3_ASAP7_75t_R)
     1    1.77    6.65   15.36  408.09 v rebuffer5290/Y (BUFx3_ASAP7_75t_R)
                                         net5290 (net)
                  6.69    0.25  408.34 v _19376_/B (NOR3x1_ASAP7_75t_R)
     1    1.25   21.42   10.02  418.37 ^ _19376_/Y (NOR3x1_ASAP7_75t_R)
                                         _11180_ (net)
                 21.42    0.12  418.49 ^ _19377_/B (NOR2x1_ASAP7_75t_R)
     1    1.44   15.30   11.63  430.12 v _19377_/Y (NOR2x1_ASAP7_75t_R)
                                         _11181_ (net)
                 15.30    0.07  430.19 v _19378_/B (OAI21x1_ASAP7_75t_R)
     1    1.50   22.88    8.31  438.50 ^ _19378_/Y (OAI21x1_ASAP7_75t_R)
                                         _11182_ (net)
                 22.88    0.18  438.68 ^ _19388_/A (NAND2x1_ASAP7_75t_R)
     1    1.43   11.39    9.72  448.40 v _19388_/Y (NAND2x1_ASAP7_75t_R)
                                         _11192_ (net)
                 11.39    0.19  448.59 v _19389_/A2 (AOI21x1_ASAP7_75t_R)
     1    1.31   24.61   10.57  459.16 ^ _19389_/Y (AOI21x1_ASAP7_75t_R)
                                         _11193_ (net)
                 24.61    0.15  459.31 ^ _19390_/A (NAND2x1_ASAP7_75t_R)
     1    1.46   11.77    9.97  469.28 v _19390_/Y (NAND2x1_ASAP7_75t_R)
                                         _11194_ (net)
                 11.78    0.21  469.49 v _19430_/A (NAND2x1_ASAP7_75t_R)
     1    2.16   18.63   13.83  483.32 ^ _19430_/Y (NAND2x1_ASAP7_75t_R)
                                         _00075_ (net)
                 18.66    0.44  483.76 ^ _tray_size4_1120/D3 (DFFHQNH2V2Xx1_ASAP7_75t_R)
                                483.76   data arrival time

                        380.00  380.00   clock clk (rise edge)
                          0.00  380.00   clock source latency
     1    8.60    0.00    0.00  380.00 ^ clk (in)
                                         clk (net)
                  9.07    2.86  382.86 ^ clkbuf_0_clk/A (BUFx16f_ASAP7_75t_R)
     2    7.76    8.18   14.90  397.77 ^ clkbuf_0_clk/Y (BUFx16f_ASAP7_75t_R)
                                         clknet_0_clk (net)
                  9.10    1.39  399.16 ^ clkbuf_1_1__f_clk/A (BUFx16f_ASAP7_75t_R)
     8   32.42   21.79   18.32  417.48 ^ clkbuf_1_1__f_clk/Y (BUFx16f_ASAP7_75t_R)
                                         clknet_1_1__leaf_clk (net)
                 25.50    4.62  422.10 ^ clkbuf_leaf_9_clk/A (BUFx24_ASAP7_75t_R)
     9   11.86   11.02   23.39  445.49 ^ clkbuf_leaf_9_clk/Y (BUFx24_ASAP7_75t_R)
                                         clknet_leaf_9_clk (net)
                 11.61    1.28  446.77 ^ _tray_size4_1120/CLK (DFFHQNH2V2Xx1_ASAP7_75t_R)
                          0.92  447.70   clock reconvergence pessimism
                        -11.28  436.41   library setup time
                                436.41   data required time
-----------------------------------------------------------------------------
                                436.41   data required time
                               -483.76   data arrival time
-----------------------------------------------------------------------------
                                -47.35   slack (VIOLATED)



==========================================================================
global route report_check_types -max_slew -max_cap -max_fanout -violators
--------------------------------------------------------------------------

==========================================================================
global route max_slew_check_slack
--------------------------------------------------------------------------
51.795677185058594

==========================================================================
global route max_slew_check_limit
--------------------------------------------------------------------------
320.0

==========================================================================
global route max_slew_check_slack_limit
--------------------------------------------------------------------------
0.1619

==========================================================================
global route max_fanout_check_slack
--------------------------------------------------------------------------
1.0000000150474662e+30

==========================================================================
global route max_fanout_check_limit
--------------------------------------------------------------------------
1.0000000150474662e+30

==========================================================================
global route max_capacitance_check_slack
--------------------------------------------------------------------------
12.748357772827148

==========================================================================
global route max_capacitance_check_limit
--------------------------------------------------------------------------
23.040000915527344

==========================================================================
global route max_capacitance_check_slack_limit
--------------------------------------------------------------------------
0.5533

==========================================================================
global route max_slew_violation_count
--------------------------------------------------------------------------
max slew violation count 0

==========================================================================
global route max_fanout_violation_count
--------------------------------------------------------------------------
max fanout violation count 0

==========================================================================
global route max_cap_violation_count
--------------------------------------------------------------------------
max cap violation count 0

==========================================================================
global route setup_violation_count
--------------------------------------------------------------------------
setup violation count 152

==========================================================================
global route hold_violation_count
--------------------------------------------------------------------------
hold violation count 0

==========================================================================
global route report_checks -path_delay max reg to reg
--------------------------------------------------------------------------
Startpoint: _tray_size4_1020 (rising edge-triggered flip-flop clocked by clk)
Endpoint: _tray_size4_1120 (rising edge-triggered flip-flop clocked by clk)
Path Group: clk
Path Type: max

  Delay    Time   Description
---------------------------------------------------------
   0.00    0.00   clock clk (rise edge)
   0.00    0.00   clock source latency
   0.00    0.00 ^ clk (in)
  18.69   18.69 ^ clkbuf_0_clk/Y (BUFx16f_ASAP7_75t_R)
  20.36   39.05 ^ clkbuf_1_0__f_clk/Y (BUFx16f_ASAP7_75t_R)
  32.48   71.53 ^ clkbuf_leaf_11_clk/Y (BUFx24_ASAP7_75t_R)
   1.87   73.40 ^ _tray_size4_1020/CLK (DFFHQNH2V2Xx2_ASAP7_75t_R)
  74.79  148.19 v _tray_size4_1020/QN2 (DFFHQNH2V2Xx2_ASAP7_75t_R)
  37.50  185.69 ^ _18932_/Y (XOR2x2_ASAP7_75t_R)
  26.70  212.39 ^ _18933_/Y (XOR2x2_ASAP7_75t_R)
  14.52  226.91 ^ place5049/Y (BUFx3_ASAP7_75t_R)
  26.18  253.09 v _18940_/Y (XNOR2x2_ASAP7_75t_R)
  11.45  264.54 ^ _18941_/Y (NOR2x1_ASAP7_75t_R)
  11.13  275.67 v _18945_/Y (OAI21x1_ASAP7_75t_R)
  12.19  287.87 ^ _18946_/Y (NAND2x1p5_ASAP7_75t_R)
  34.96  322.83 v _30149_/SN (HAxp5_ASAP7_75t_R)
  22.87  345.70 v place4185/Y (BUFx3_ASAP7_75t_R)
   6.99  352.69 ^ _19128_/Y (INVx4_ASAP7_75t_R)
  16.44  369.13 v _19129_/Y (OAI21x1_ASAP7_75t_R)
  23.09  392.22 v place3932/Y (BUFx3_ASAP7_75t_R)
  15.88  408.09 v rebuffer5290/Y (BUFx3_ASAP7_75t_R)
  10.27  418.37 ^ _19376_/Y (NOR3x1_ASAP7_75t_R)
  11.75  430.12 v _19377_/Y (NOR2x1_ASAP7_75t_R)
   8.39  438.50 ^ _19378_/Y (OAI21x1_ASAP7_75t_R)
   9.90  448.40 v _19388_/Y (NAND2x1_ASAP7_75t_R)
  10.76  459.16 ^ _19389_/Y (AOI21x1_ASAP7_75t_R)
  10.12  469.28 v _19390_/Y (NAND2x1_ASAP7_75t_R)
  14.04  483.32 ^ _19430_/Y (NAND2x1_ASAP7_75t_R)
   0.44  483.76 ^ _tray_size4_1120/D3 (DFFHQNH2V2Xx1_ASAP7_75t_R)
         483.76   data arrival time

 380.00  380.00   clock clk (rise edge)
   0.00  380.00   clock source latency
   0.00  380.00 ^ clk (in)
  17.77  397.77 ^ clkbuf_0_clk/Y (BUFx16f_ASAP7_75t_R)
  19.71  417.48 ^ clkbuf_1_1__f_clk/Y (BUFx16f_ASAP7_75t_R)
  28.01  445.49 ^ clkbuf_leaf_9_clk/Y (BUFx24_ASAP7_75t_R)
   1.28  446.77 ^ _tray_size4_1120/CLK (DFFHQNH2V2Xx1_ASAP7_75t_R)
   0.92  447.70   clock reconvergence pessimism
 -11.28  436.41   library setup time
         436.41   data required time
---------------------------------------------------------
         436.41   data required time
        -483.76   data arrival time
---------------------------------------------------------
         -47.35   slack (VIOLATED)



==========================================================================
global route report_checks -path_delay min reg to reg
--------------------------------------------------------------------------
Startpoint: dcnt[3]$_SDFFE_PN0P_
            (rising edge-triggered flip-flop clocked by clk)
Endpoint: dcnt[3]$_SDFFE_PN0P_ (rising edge-triggered flip-flop clocked by clk)
Path Group: clk
Path Type: min

  Delay    Time   Description
---------------------------------------------------------
   0.00    0.00   clock clk (rise edge)
   0.00    0.00   clock source latency
   0.00    0.00 ^ clk (in)
  17.77   17.77 ^ clkbuf_0_clk/Y (BUFx16f_ASAP7_75t_R)
  19.27   37.04 ^ clkbuf_1_0__f_clk/Y (BUFx16f_ASAP7_75t_R)
  29.62   66.66 ^ clkbuf_leaf_0_clk/Y (BUFx24_ASAP7_75t_R)
   2.29   68.95 ^ dcnt[3]$_SDFFE_PN0P_/CLK (DFFHQNx1_ASAP7_75t_R)
  38.73  107.68 ^ dcnt[3]$_SDFFE_PN0P_/QN (DFFHQNx1_ASAP7_75t_R)
  14.48  122.16 ^ _30044_/Y (AO21x1_ASAP7_75t_R)
   7.54  129.70 v _30045_/Y (AOI21x1_ASAP7_75t_R)
   0.10  129.81 v dcnt[3]$_SDFFE_PN0P_/D (DFFHQNx1_ASAP7_75t_R)
         129.81   data arrival time

   0.00    0.00   clock clk (rise edge)
   0.00    0.00   clock source latency
   0.00    0.00 ^ clk (in)
  18.69   18.69 ^ clkbuf_0_clk/Y (BUFx16f_ASAP7_75t_R)
  20.36   39.05 ^ clkbuf_1_0__f_clk/Y (BUFx16f_ASAP7_75t_R)
  31.78   70.83 ^ clkbuf_leaf_0_clk/Y (BUFx24_ASAP7_75t_R)
   2.66   73.48 ^ dcnt[3]$_SDFFE_PN0P_/CLK (DFFHQNx1_ASAP7_75t_R)
  -4.54   68.95   clock reconvergence pessimism
  12.03   80.98   library hold time
          80.98   data required time
---------------------------------------------------------
          80.98   data required time
        -129.81   data arrival time
---------------------------------------------------------
          48.83   slack (MET)



==========================================================================
global route critical path target clock latency max path
--------------------------------------------------------------------------
65.5023

==========================================================================
global route critical path target clock latency min path
--------------------------------------------------------------------------
78.6260

==========================================================================
global route critical path source clock latency min path
--------------------------------------------------------------------------
0.0000

==========================================================================
global route critical path delay
--------------------------------------------------------------------------
483.7639

==========================================================================
global route critical path slack
--------------------------------------------------------------------------
-47.3515

==========================================================================
global route slack div critical path delay
--------------------------------------------------------------------------
-9.788143

==========================================================================
global route report_power
--------------------------------------------------------------------------
Group                  Internal  Switching    Leakage      Total
                          Power      Power      Power      Power (Watts)
----------------------------------------------------------------
Sequential             3.63e-03   1.10e-03   8.07e-08   4.73e-03   2.7%
Combinational          6.31e-02   1.03e-01   1.11e-06   1.66e-01  96.6%
Clock                  6.98e-04   5.02e-04   9.55e-09   1.20e-03   0.7%
Macro                  0.00e+00   0.00e+00   0.00e+00   0.00e+00   0.0%
Pad                    0.00e+00   0.00e+00   0.00e+00   0.00e+00   0.0%
----------------------------------------------------------------
Total                  6.74e-02   1.05e-01   1.20e-06   1.72e-01 100.0%
                          39.2%      60.8%       0.0%
