
==========================================================================
finish report_tns
--------------------------------------------------------------------------
tns max 0.00

==========================================================================
finish report_wns
--------------------------------------------------------------------------
wns max 0.00

==========================================================================
finish report_worst_slack
--------------------------------------------------------------------------
worst slack max 10.32

==========================================================================
finish report_clock_min_period
--------------------------------------------------------------------------
clk period_min = 669.68 fmax = 1493.24

==========================================================================
finish report_clock_skew
--------------------------------------------------------------------------
Clock clk
 120.30 source latency _tray_size4_7976/CLK ^
-104.84 target latency _tray_size4_8664/CLK ^
  -1.59 CRPR
--------------
  13.87 setup skew


==========================================================================
finish report_checks -path_delay min
--------------------------------------------------------------------------
Startpoint: rst (input port clocked by clk)
Endpoint: rle.rz4.deno$_DFFE_PN0P_ (removal check against rising-edge clock clk)
Path Group: asynchronous
Path Type: min

Fanout     Cap    Slew   Delay    Time   Description
-----------------------------------------------------------------------------
                          0.00    0.00   clock clk (rise edge)
                          0.00    0.00   clock network delay (propagated)
                        136.00  136.00 ^ input external delay
     1    0.68    0.00    0.00  136.00 ^ rst (in)
                                         rst (net)
                  0.16    0.05  136.05 ^ hold10489/A (BUFx2_ASAP7_75t_R)
     1    0.59    5.08    9.96  146.01 ^ hold10489/Y (BUFx2_ASAP7_75t_R)
                                         net10488 (net)
                  5.08    0.04  146.05 ^ input85/A (BUFx2_ASAP7_75t_R)
     4   10.45   38.03   21.80  167.85 ^ input85/Y (BUFx2_ASAP7_75t_R)
                                         net84 (net)
                 38.62    2.76  170.61 ^ hold10490/A (BUFx2_ASAP7_75t_R)
     3    4.52   18.24   24.68  195.29 ^ hold10490/Y (BUFx2_ASAP7_75t_R)
                                         net10489 (net)
                 18.56    1.32  196.62 ^ rle.rz4.deno$_DFFE_PN0P_/RESETN (DFFASRHQNx1_ASAP7_75t_R)
                                196.62   data arrival time

                          0.00    0.00   clock clk (rise edge)
                          0.00    0.00   clock source latency
     1   11.80    0.00    0.00    0.00 ^ clk (in)
                                         clk (net)
                 31.83   10.04   10.04 ^ clkbuf_0_clk/A (BUFx24_ASAP7_75t_R)
     4   20.06   15.13   25.34   35.38 ^ clkbuf_0_clk/Y (BUFx24_ASAP7_75t_R)
                                         clknet_0_clk (net)
                 20.80    4.74   40.12 ^ clkbuf_2_3_0_clk/A (BUFx24_ASAP7_75t_R)
     4   19.20   14.40   22.37   62.49 ^ clkbuf_2_3_0_clk/Y (BUFx24_ASAP7_75t_R)
                                         clknet_2_3_0_clk (net)
                 20.82    4.93   67.43 ^ clkbuf_4_13__f_clk/A (BUFx24_ASAP7_75t_R)
     5   18.02   13.91   22.83   90.26 ^ clkbuf_4_13__f_clk/Y (BUFx24_ASAP7_75t_R)
                                         clknet_4_13__leaf_clk (net)
                 16.65    3.21   93.47 ^ clkbuf_leaf_36_clk/A (BUFx24_ASAP7_75t_R)
    17   11.94   10.72   21.05  114.52 ^ clkbuf_leaf_36_clk/Y (BUFx24_ASAP7_75t_R)
                                         clknet_leaf_36_clk (net)
                 11.48    1.40  115.92 ^ rle.rz4.deno$_DFFE_PN0P_/CLK (DFFASRHQNx1_ASAP7_75t_R)
                          0.00  115.92   clock reconvergence pessimism
                         22.79  138.71   library removal time
                                138.71   data required time
-----------------------------------------------------------------------------
                                138.71   data required time
                               -196.62   data arrival time
-----------------------------------------------------------------------------
                                 57.90   slack (MET)


Startpoint: fdct_zigzag.dct_mod.dct_block_4.dct_unit_6.macu.result[7]$_DFFE_PP_
            (rising edge-triggered flip-flop clocked by clk)
Endpoint: fdct_zigzag.dct_mod.dct_block_4.dct_unit_6.macu.result[7]$_DFFE_PP_
          (rising edge-triggered flip-flop clocked by clk)
Path Group: clk
Path Type: min

Fanout     Cap    Slew   Delay    Time   Description
-----------------------------------------------------------------------------
                          0.00    0.00   clock clk (rise edge)
                          0.00    0.00   clock source latency
     1   11.19    0.00    0.00    0.00 ^ clk (in)
                                         clk (net)
                 29.33    9.25    9.25 ^ clkbuf_0_clk/A (BUFx24_ASAP7_75t_R)
     4   17.66   13.85   24.54   33.79 ^ clkbuf_0_clk/Y (BUFx24_ASAP7_75t_R)
                                         clknet_0_clk (net)
                 18.19    3.94   37.73 ^ clkbuf_2_2_0_clk/A (BUFx24_ASAP7_75t_R)
     4   14.50   12.03   21.44   59.17 ^ clkbuf_2_2_0_clk/Y (BUFx24_ASAP7_75t_R)
                                         clknet_2_2_0_clk (net)
                 16.42    3.79   62.96 ^ clkbuf_4_10__f_clk/A (BUFx24_ASAP7_75t_R)
     6   17.41   13.36   21.44   84.40 ^ clkbuf_4_10__f_clk/Y (BUFx24_ASAP7_75t_R)
                                         clknet_4_10__leaf_clk (net)
                 17.70    3.98   88.38 ^ clkbuf_leaf_63_clk/A (BUFx24_ASAP7_75t_R)
    16   11.10   10.43   21.10  109.49 ^ clkbuf_leaf_63_clk/Y (BUFx24_ASAP7_75t_R)
                                         clknet_leaf_63_clk (net)
                 11.68    1.78  111.27 ^ fdct_zigzag.dct_mod.dct_block_4.dct_unit_6.macu.result[7]$_DFFE_PP_/CLK (DFFHQNx1_ASAP7_75t_R)
     2    1.72   19.11   40.06  151.33 ^ fdct_zigzag.dct_mod.dct_block_4.dct_unit_6.macu.result[7]$_DFFE_PP_/QN (DFFHQNx1_ASAP7_75t_R)
                                         _000796_ (net)
                 19.12    0.15  151.48 ^ _097889_/A1 (OAI21x1_ASAP7_75t_R)
     1    0.59    5.65    7.13  158.61 v _097889_/Y (OAI21x1_ASAP7_75t_R)
                                         _028770_ (net)
                  5.65    0.04  158.65 v fdct_zigzag.dct_mod.dct_block_4.dct_unit_6.macu.result[7]$_DFFE_PP_/D (DFFHQNx1_ASAP7_75t_R)
                                158.65   data arrival time

                          0.00    0.00   clock clk (rise edge)
                          0.00    0.00   clock source latency
     1   11.80    0.00    0.00    0.00 ^ clk (in)
                                         clk (net)
                 31.83   10.04   10.04 ^ clkbuf_0_clk/A (BUFx24_ASAP7_75t_R)
     4   20.06   15.13   25.34   35.38 ^ clkbuf_0_clk/Y (BUFx24_ASAP7_75t_R)
                                         clknet_0_clk (net)
                 20.33    4.52   39.90 ^ clkbuf_2_2_0_clk/A (BUFx24_ASAP7_75t_R)
     4   16.90   13.23   22.27   62.16 ^ clkbuf_2_2_0_clk/Y (BUFx24_ASAP7_75t_R)
                                         clknet_2_2_0_clk (net)
                 18.65    4.42   66.58 ^ clkbuf_4_10__f_clk/A (BUFx24_ASAP7_75t_R)
     6   21.02   15.14   22.51   89.09 ^ clkbuf_4_10__f_clk/Y (BUFx24_ASAP7_75t_R)
                                         clknet_4_10__leaf_clk (net)
                 20.49    4.71   93.80 ^ clkbuf_leaf_63_clk/A (BUFx24_ASAP7_75t_R)
    16   13.01   11.36   22.16  115.96 ^ clkbuf_leaf_63_clk/Y (BUFx24_ASAP7_75t_R)
                                         clknet_leaf_63_clk (net)
                 12.90    2.10  118.06 ^ fdct_zigzag.dct_mod.dct_block_4.dct_unit_6.macu.result[7]$_DFFE_PP_/CLK (DFFHQNx1_ASAP7_75t_R)
                         -6.79  111.27   clock reconvergence pessimism
                         11.87  123.14   library hold time
                                123.14   data required time
-----------------------------------------------------------------------------
                                123.14   data required time
                               -158.65   data arrival time
-----------------------------------------------------------------------------
                                 35.51   slack (MET)



==========================================================================
finish report_checks -path_delay max
--------------------------------------------------------------------------
Startpoint: rst (input port clocked by clk)
Endpoint: fdct_zigzag.dct_mod.dddcnt$_DFFE_PN1P_
          (recovery check against rising-edge clock clk)
Path Group: asynchronous
Path Type: max

Fanout     Cap    Slew   Delay    Time   Description
-----------------------------------------------------------------------------
                          0.00    0.00   clock clk (rise edge)
                          0.00    0.00   clock network delay (propagated)
                        136.00  136.00 ^ input external delay
     1    0.80    0.00    0.00  136.00 ^ rst (in)
                                         rst (net)
                  0.20    0.06  136.06 ^ hold10489/A (BUFx2_ASAP7_75t_R)
     1    0.71    5.42   10.17  146.24 ^ hold10489/Y (BUFx2_ASAP7_75t_R)
                                         net10488 (net)
                  5.43    0.05  146.29 ^ input85/A (BUFx2_ASAP7_75t_R)
     4   11.04   39.90   22.41  168.69 ^ input85/Y (BUFx2_ASAP7_75t_R)
                                         net84 (net)
                 45.89    8.02  176.71 ^ place9829/A (BUFx3_ASAP7_75t_R)
     8   12.75   32.98   25.88  202.59 ^ place9829/Y (BUFx3_ASAP7_75t_R)
                                         net9828 (net)
                 42.55    9.20  211.79 ^ place9828/A (BUFx3_ASAP7_75t_R)
    10   19.03   46.51   25.51  237.30 ^ place9828/Y (BUFx3_ASAP7_75t_R)
                                         net9827 (net)
                 84.49   24.02  261.32 ^ fdct_zigzag.dct_mod.dddcnt$_DFFE_PN1P_/SETN (DFFASRHQNx1_ASAP7_75t_R)
                                261.32   data arrival time

                        680.00  680.00   clock clk (rise edge)
                          0.00  680.00   clock source latency
     1   11.19    0.00    0.00  680.00 ^ clk (in)
                                         clk (net)
                 29.33    9.25  689.25 ^ clkbuf_0_clk/A (BUFx24_ASAP7_75t_R)
     4   17.66   13.85   24.54  713.79 ^ clkbuf_0_clk/Y (BUFx24_ASAP7_75t_R)
                                         clknet_0_clk (net)
                 18.56    4.13  717.92 ^ clkbuf_2_3_0_clk/A (BUFx24_ASAP7_75t_R)
     4   16.80   13.16   21.58  739.50 ^ clkbuf_2_3_0_clk/Y (BUFx24_ASAP7_75t_R)
                                         clknet_2_3_0_clk (net)
                 18.39    4.26  743.75 ^ clkbuf_4_14__f_clk/A (BUFx24_ASAP7_75t_R)
     5   15.64   12.58   21.85  765.60 ^ clkbuf_4_14__f_clk/Y (BUFx24_ASAP7_75t_R)
                                         clknet_4_14__leaf_clk (net)
                 15.21    2.95  768.55 ^ clkbuf_leaf_46_clk/A (BUFx24_ASAP7_75t_R)
    15    8.13    9.19   20.05  788.60 ^ clkbuf_leaf_46_clk/Y (BUFx24_ASAP7_75t_R)
                                         clknet_leaf_46_clk (net)
                  9.28    0.47  789.07 ^ fdct_zigzag.dct_mod.dddcnt$_DFFE_PN1P_/CLK (DFFASRHQNx1_ASAP7_75t_R)
                          0.00  789.07   clock reconvergence pessimism
                         -4.58  784.49   library recovery time
                                784.49   data required time
-----------------------------------------------------------------------------
                                784.49   data required time
                               -261.32   data arrival time
-----------------------------------------------------------------------------
                                523.17   slack (MET)


Startpoint: fdct_zigzag.dct_mod.ddin[1]$_DFFE_PN0P_
            (rising edge-triggered flip-flop clocked by clk)
Endpoint: _tray_size4_8006 (rising edge-triggered flip-flop clocked by clk)
Path Group: clk
Path Type: max

Fanout     Cap    Slew   Delay    Time   Description
-----------------------------------------------------------------------------
                          0.00    0.00   clock clk (rise edge)
                          0.00    0.00   clock source latency
     1   11.80    0.00    0.00    0.00 ^ clk (in)
                                         clk (net)
                 31.83   10.04   10.04 ^ clkbuf_0_clk/A (BUFx24_ASAP7_75t_R)
     4   20.06   15.13   25.34   35.38 ^ clkbuf_0_clk/Y (BUFx24_ASAP7_75t_R)
                                         clknet_0_clk (net)
                 20.80    4.74   40.12 ^ clkbuf_2_3_0_clk/A (BUFx24_ASAP7_75t_R)
     4   19.20   14.40   22.37   62.49 ^ clkbuf_2_3_0_clk/Y (BUFx24_ASAP7_75t_R)
                                         clknet_2_3_0_clk (net)
                 18.70    3.95   66.45 ^ clkbuf_4_12__f_clk/A (BUFx24_ASAP7_75t_R)
     5   19.41   14.51   22.50   88.94 ^ clkbuf_4_12__f_clk/Y (BUFx24_ASAP7_75t_R)
                                         clknet_4_12__leaf_clk (net)
                 15.95    2.34   91.28 ^ clkbuf_leaf_31_clk/A (BUFx24_ASAP7_75t_R)
    15   12.77   11.19   20.84  112.12 ^ clkbuf_leaf_31_clk/Y (BUFx24_ASAP7_75t_R)
                                         clknet_leaf_31_clk (net)
                 12.82    2.17  114.29 ^ fdct_zigzag.dct_mod.ddin[1]$_DFFE_PN0P_/CLK (DFFASRHQNx1_ASAP7_75t_R)
     2    2.17   23.50   45.94  160.23 v fdct_zigzag.dct_mod.ddin[1]$_DFFE_PN0P_/QN (DFFASRHQNx1_ASAP7_75t_R)
                                         _021091_ (net)
                 23.50    0.06  160.30 v place9306/A (BUFx6f_ASAP7_75t_R)
     4   16.22   14.98   17.88  178.18 v place9306/Y (BUFx6f_ASAP7_75t_R)
                                         net9305 (net)
                 47.75   13.66  191.84 v place9298/A (BUFx3_ASAP7_75t_R)
     5    9.81   24.13   27.73  219.57 v place9298/Y (BUFx3_ASAP7_75t_R)
                                         net9297 (net)
                 28.04    4.96  224.53 v place9272/A (BUFx3_ASAP7_75t_R)
    10   14.65   32.89   23.39  247.92 v place9272/Y (BUFx3_ASAP7_75t_R)
                                         net9271 (net)
                 50.65   13.35  261.27 v place9270/A (BUFx3_ASAP7_75t_R)
     8   11.38   24.40   31.91  293.19 v place9270/Y (BUFx3_ASAP7_75t_R)
                                         net9269 (net)
                 24.56    1.11  294.29 v place9269/A (BUFx3_ASAP7_75t_R)
    10   12.42   26.14   26.55  320.84 v place9269/Y (BUFx3_ASAP7_75t_R)
                                         net9268 (net)
                 26.80    2.29  323.14 v _073543_/A (NOR2x1_ASAP7_75t_R)
     2    2.14   33.23   15.05  338.19 ^ _073543_/Y (NOR2x1_ASAP7_75t_R)
                                         _024510_ (net)
                 33.24    0.18  338.37 ^ _111656_/A (HAxp5_ASAP7_75t_R)
     2    2.44   44.98   46.86  385.23 v _111656_/SN (HAxp5_ASAP7_75t_R)
                                         _014586_ (net)
                 44.99    0.25  385.48 v _071771_/A (INVx1_ASAP7_75t_R)
     4    8.81   61.71   39.62  425.09 ^ _071771_/Y (INVx1_ASAP7_75t_R)
                                         _014589_ (net)
                 61.75    0.82  425.92 ^ _107616_/B (FAx1_ASAP7_75t_R)
     1    0.70   24.49   39.87  465.78 v _107616_/SN (FAx1_ASAP7_75t_R)
                                         _014629_ (net)
                 24.49    0.05  465.83 v _071897_/A (INVx1_ASAP7_75t_R)
     1    2.06   18.46   14.44  480.27 ^ _071897_/Y (INVx1_ASAP7_75t_R)
                                         _014631_ (net)
                 18.46    0.11  480.39 ^ _107618_/A (FAx1_ASAP7_75t_R)
     1    0.75   27.06   30.55  510.93 v _107618_/SN (FAx1_ASAP7_75t_R)
                                         _014667_ (net)
                 27.06    0.03  510.97 v _071900_/A (INVx1_ASAP7_75t_R)
     1    1.73   17.30   13.88  524.85 ^ _071900_/Y (INVx1_ASAP7_75t_R)
                                         _014641_ (net)
                 17.30    0.12  524.97 ^ _107623_/CI (FAx1_ASAP7_75t_R)
     1    0.76   21.13   30.23  555.21 v _107623_/SN (FAx1_ASAP7_75t_R)
                                         _014662_ (net)
                 21.13    0.03  555.24 v _066610_/A (INVx1_ASAP7_75t_R)
     1    0.96   11.55    9.81  565.05 ^ _066610_/Y (INVx1_ASAP7_75t_R)
                                         _014664_ (net)
                 11.55    0.07  565.12 ^ _111663_/B (HAxp5_ASAP7_75t_R)
     4    5.16   90.21   67.82  632.95 v _111663_/SN (HAxp5_ASAP7_75t_R)
                                         _024533_ (net)
                 90.21    0.43  633.37 v _087902_/B (NOR2x1_ASAP7_75t_R)
     2    1.57   27.73   20.69  654.06 ^ _087902_/Y (NOR2x1_ASAP7_75t_R)
                                         _042249_ (net)
                 27.74    0.17  654.23 ^ _087903_/B (AND2x2_ASAP7_75t_R)
     2    1.65    9.48   20.36  674.59 ^ _087903_/Y (AND2x2_ASAP7_75t_R)
                                         _042250_ (net)
                  9.49    0.16  674.74 ^ _087910_/B (AND3x1_ASAP7_75t_R)
     4    3.63   27.24   26.49  701.24 ^ _087910_/Y (AND3x1_ASAP7_75t_R)
                                         _042257_ (net)
                 27.26    0.59  701.83 ^ _087912_/A2 (OA21x2_ASAP7_75t_R)
     1    1.21    8.25   20.23  722.06 ^ _087912_/Y (OA21x2_ASAP7_75t_R)
                                         _042259_ (net)
                  8.26    0.10  722.16 ^ _087913_/B (NOR2x1_ASAP7_75t_R)
     1    1.02   12.44    7.39  729.56 v _087913_/Y (NOR2x1_ASAP7_75t_R)
                                         _042260_ (net)
                 12.44    0.07  729.63 v _087914_/A (XOR2x2_ASAP7_75t_R)
     1    0.65    7.28   24.13  753.76 ^ _087914_/Y (XOR2x2_ASAP7_75t_R)
                                         _042261_ (net)
                  7.28    0.05  753.81 ^ _087916_/A1 (AO21x1_ASAP7_75t_R)
     1    2.25   17.31   17.07  770.88 ^ _087916_/Y (AO21x1_ASAP7_75t_R)
                                         _027514_ (net)
                 17.35    0.46  771.34 ^ _tray_size4_8006/D0 (DFFHQNH2V2Xx1_ASAP7_75t_R)
                                771.34   data arrival time

                        680.00  680.00   clock clk (rise edge)
                          0.00  680.00   clock source latency
     1   11.19    0.00    0.00  680.00 ^ clk (in)
                                         clk (net)
                 29.33    9.25  689.25 ^ clkbuf_0_clk/A (BUFx24_ASAP7_75t_R)
     4   17.66   13.85   24.54  713.79 ^ clkbuf_0_clk/Y (BUFx24_ASAP7_75t_R)
                                         clknet_0_clk (net)
                 18.56    4.13  717.92 ^ clkbuf_2_3_0_clk/A (BUFx24_ASAP7_75t_R)
     4   16.80   13.16   21.58  739.50 ^ clkbuf_2_3_0_clk/Y (BUFx24_ASAP7_75t_R)
                                         clknet_2_3_0_clk (net)
                 16.79    3.46  742.96 ^ clkbuf_4_12__f_clk/A (BUFx24_ASAP7_75t_R)
     5   16.40   13.02   21.56  764.52 ^ clkbuf_4_12__f_clk/Y (BUFx24_ASAP7_75t_R)
                                         clknet_4_12__leaf_clk (net)
                 15.41    2.91  767.42 ^ clkbuf_leaf_30_clk/A (BUFx24_ASAP7_75t_R)
    13   10.31   10.07   20.40  787.83 ^ clkbuf_leaf_30_clk/Y (BUFx24_ASAP7_75t_R)
                                         clknet_leaf_30_clk (net)
                 10.32    0.70  788.53 ^ _tray_size4_8006/CLK (DFFHQNH2V2Xx1_ASAP7_75t_R)
                          4.43  792.95   clock reconvergence pessimism
                        -11.30  781.65   library setup time
                                781.65   data required time
-----------------------------------------------------------------------------
                                781.65   data required time
                               -771.34   data arrival time
-----------------------------------------------------------------------------
                                 10.32   slack (MET)



==========================================================================
finish report_checks -unconstrained
--------------------------------------------------------------------------
Startpoint: rst (input port clocked by clk)
Endpoint: fdct_zigzag.dct_mod.dddcnt$_DFFE_PN1P_
          (recovery check against rising-edge clock clk)
Path Group: asynchronous
Path Type: max

Fanout     Cap    Slew   Delay    Time   Description
-----------------------------------------------------------------------------
                          0.00    0.00   clock clk (rise edge)
                          0.00    0.00   clock network delay (propagated)
                        136.00  136.00 ^ input external delay
     1    0.80    0.00    0.00  136.00 ^ rst (in)
                                         rst (net)
                  0.20    0.06  136.06 ^ hold10489/A (BUFx2_ASAP7_75t_R)
     1    0.71    5.42   10.17  146.24 ^ hold10489/Y (BUFx2_ASAP7_75t_R)
                                         net10488 (net)
                  5.43    0.05  146.29 ^ input85/A (BUFx2_ASAP7_75t_R)
     4   11.04   39.90   22.41  168.69 ^ input85/Y (BUFx2_ASAP7_75t_R)
                                         net84 (net)
                 45.89    8.02  176.71 ^ place9829/A (BUFx3_ASAP7_75t_R)
     8   12.75   32.98   25.88  202.59 ^ place9829/Y (BUFx3_ASAP7_75t_R)
                                         net9828 (net)
                 42.55    9.20  211.79 ^ place9828/A (BUFx3_ASAP7_75t_R)
    10   19.03   46.51   25.51  237.30 ^ place9828/Y (BUFx3_ASAP7_75t_R)
                                         net9827 (net)
                 84.49   24.02  261.32 ^ fdct_zigzag.dct_mod.dddcnt$_DFFE_PN1P_/SETN (DFFASRHQNx1_ASAP7_75t_R)
                                261.32   data arrival time

                        680.00  680.00   clock clk (rise edge)
                          0.00  680.00   clock source latency
     1   11.19    0.00    0.00  680.00 ^ clk (in)
                                         clk (net)
                 29.33    9.25  689.25 ^ clkbuf_0_clk/A (BUFx24_ASAP7_75t_R)
     4   17.66   13.85   24.54  713.79 ^ clkbuf_0_clk/Y (BUFx24_ASAP7_75t_R)
                                         clknet_0_clk (net)
                 18.56    4.13  717.92 ^ clkbuf_2_3_0_clk/A (BUFx24_ASAP7_75t_R)
     4   16.80   13.16   21.58  739.50 ^ clkbuf_2_3_0_clk/Y (BUFx24_ASAP7_75t_R)
                                         clknet_2_3_0_clk (net)
                 18.39    4.26  743.75 ^ clkbuf_4_14__f_clk/A (BUFx24_ASAP7_75t_R)
     5   15.64   12.58   21.85  765.60 ^ clkbuf_4_14__f_clk/Y (BUFx24_ASAP7_75t_R)
                                         clknet_4_14__leaf_clk (net)
                 15.21    2.95  768.55 ^ clkbuf_leaf_46_clk/A (BUFx24_ASAP7_75t_R)
    15    8.13    9.19   20.05  788.60 ^ clkbuf_leaf_46_clk/Y (BUFx24_ASAP7_75t_R)
                                         clknet_leaf_46_clk (net)
                  9.28    0.47  789.07 ^ fdct_zigzag.dct_mod.dddcnt$_DFFE_PN1P_/CLK (DFFASRHQNx1_ASAP7_75t_R)
                          0.00  789.07   clock reconvergence pessimism
                         -4.58  784.49   library recovery time
                                784.49   data required time
-----------------------------------------------------------------------------
                                784.49   data required time
                               -261.32   data arrival time
-----------------------------------------------------------------------------
                                523.17   slack (MET)


Startpoint: fdct_zigzag.dct_mod.ddin[1]$_DFFE_PN0P_
            (rising edge-triggered flip-flop clocked by clk)
Endpoint: _tray_size4_8006 (rising edge-triggered flip-flop clocked by clk)
Path Group: clk
Path Type: max

Fanout     Cap    Slew   Delay    Time   Description
-----------------------------------------------------------------------------
                          0.00    0.00   clock clk (rise edge)
                          0.00    0.00   clock source latency
     1   11.80    0.00    0.00    0.00 ^ clk (in)
                                         clk (net)
                 31.83   10.04   10.04 ^ clkbuf_0_clk/A (BUFx24_ASAP7_75t_R)
     4   20.06   15.13   25.34   35.38 ^ clkbuf_0_clk/Y (BUFx24_ASAP7_75t_R)
                                         clknet_0_clk (net)
                 20.80    4.74   40.12 ^ clkbuf_2_3_0_clk/A (BUFx24_ASAP7_75t_R)
     4   19.20   14.40   22.37   62.49 ^ clkbuf_2_3_0_clk/Y (BUFx24_ASAP7_75t_R)
                                         clknet_2_3_0_clk (net)
                 18.70    3.95   66.45 ^ clkbuf_4_12__f_clk/A (BUFx24_ASAP7_75t_R)
     5   19.41   14.51   22.50   88.94 ^ clkbuf_4_12__f_clk/Y (BUFx24_ASAP7_75t_R)
                                         clknet_4_12__leaf_clk (net)
                 15.95    2.34   91.28 ^ clkbuf_leaf_31_clk/A (BUFx24_ASAP7_75t_R)
    15   12.77   11.19   20.84  112.12 ^ clkbuf_leaf_31_clk/Y (BUFx24_ASAP7_75t_R)
                                         clknet_leaf_31_clk (net)
                 12.82    2.17  114.29 ^ fdct_zigzag.dct_mod.ddin[1]$_DFFE_PN0P_/CLK (DFFASRHQNx1_ASAP7_75t_R)
     2    2.17   23.50   45.94  160.23 v fdct_zigzag.dct_mod.ddin[1]$_DFFE_PN0P_/QN (DFFASRHQNx1_ASAP7_75t_R)
                                         _021091_ (net)
                 23.50    0.06  160.30 v place9306/A (BUFx6f_ASAP7_75t_R)
     4   16.22   14.98   17.88  178.18 v place9306/Y (BUFx6f_ASAP7_75t_R)
                                         net9305 (net)
                 47.75   13.66  191.84 v place9298/A (BUFx3_ASAP7_75t_R)
     5    9.81   24.13   27.73  219.57 v place9298/Y (BUFx3_ASAP7_75t_R)
                                         net9297 (net)
                 28.04    4.96  224.53 v place9272/A (BUFx3_ASAP7_75t_R)
    10   14.65   32.89   23.39  247.92 v place9272/Y (BUFx3_ASAP7_75t_R)
                                         net9271 (net)
                 50.65   13.35  261.27 v place9270/A (BUFx3_ASAP7_75t_R)
     8   11.38   24.40   31.91  293.19 v place9270/Y (BUFx3_ASAP7_75t_R)
                                         net9269 (net)
                 24.56    1.11  294.29 v place9269/A (BUFx3_ASAP7_75t_R)
    10   12.42   26.14   26.55  320.84 v place9269/Y (BUFx3_ASAP7_75t_R)
                                         net9268 (net)
                 26.80    2.29  323.14 v _073543_/A (NOR2x1_ASAP7_75t_R)
     2    2.14   33.23   15.05  338.19 ^ _073543_/Y (NOR2x1_ASAP7_75t_R)
                                         _024510_ (net)
                 33.24    0.18  338.37 ^ _111656_/A (HAxp5_ASAP7_75t_R)
     2    2.44   44.98   46.86  385.23 v _111656_/SN (HAxp5_ASAP7_75t_R)
                                         _014586_ (net)
                 44.99    0.25  385.48 v _071771_/A (INVx1_ASAP7_75t_R)
     4    8.81   61.71   39.62  425.09 ^ _071771_/Y (INVx1_ASAP7_75t_R)
                                         _014589_ (net)
                 61.75    0.82  425.92 ^ _107616_/B (FAx1_ASAP7_75t_R)
     1    0.70   24.49   39.87  465.78 v _107616_/SN (FAx1_ASAP7_75t_R)
                                         _014629_ (net)
                 24.49    0.05  465.83 v _071897_/A (INVx1_ASAP7_75t_R)
     1    2.06   18.46   14.44  480.27 ^ _071897_/Y (INVx1_ASAP7_75t_R)
                                         _014631_ (net)
                 18.46    0.11  480.39 ^ _107618_/A (FAx1_ASAP7_75t_R)
     1    0.75   27.06   30.55  510.93 v _107618_/SN (FAx1_ASAP7_75t_R)
                                         _014667_ (net)
                 27.06    0.03  510.97 v _071900_/A (INVx1_ASAP7_75t_R)
     1    1.73   17.30   13.88  524.85 ^ _071900_/Y (INVx1_ASAP7_75t_R)
                                         _014641_ (net)
                 17.30    0.12  524.97 ^ _107623_/CI (FAx1_ASAP7_75t_R)
     1    0.76   21.13   30.23  555.21 v _107623_/SN (FAx1_ASAP7_75t_R)
                                         _014662_ (net)
                 21.13    0.03  555.24 v _066610_/A (INVx1_ASAP7_75t_R)
     1    0.96   11.55    9.81  565.05 ^ _066610_/Y (INVx1_ASAP7_75t_R)
                                         _014664_ (net)
                 11.55    0.07  565.12 ^ _111663_/B (HAxp5_ASAP7_75t_R)
     4    5.16   90.21   67.82  632.95 v _111663_/SN (HAxp5_ASAP7_75t_R)
                                         _024533_ (net)
                 90.21    0.43  633.37 v _087902_/B (NOR2x1_ASAP7_75t_R)
     2    1.57   27.73   20.69  654.06 ^ _087902_/Y (NOR2x1_ASAP7_75t_R)
                                         _042249_ (net)
                 27.74    0.17  654.23 ^ _087903_/B (AND2x2_ASAP7_75t_R)
     2    1.65    9.48   20.36  674.59 ^ _087903_/Y (AND2x2_ASAP7_75t_R)
                                         _042250_ (net)
                  9.49    0.16  674.74 ^ _087910_/B (AND3x1_ASAP7_75t_R)
     4    3.63   27.24   26.49  701.24 ^ _087910_/Y (AND3x1_ASAP7_75t_R)
                                         _042257_ (net)
                 27.26    0.59  701.83 ^ _087912_/A2 (OA21x2_ASAP7_75t_R)
     1    1.21    8.25   20.23  722.06 ^ _087912_/Y (OA21x2_ASAP7_75t_R)
                                         _042259_ (net)
                  8.26    0.10  722.16 ^ _087913_/B (NOR2x1_ASAP7_75t_R)
     1    1.02   12.44    7.39  729.56 v _087913_/Y (NOR2x1_ASAP7_75t_R)
                                         _042260_ (net)
                 12.44    0.07  729.63 v _087914_/A (XOR2x2_ASAP7_75t_R)
     1    0.65    7.28   24.13  753.76 ^ _087914_/Y (XOR2x2_ASAP7_75t_R)
                                         _042261_ (net)
                  7.28    0.05  753.81 ^ _087916_/A1 (AO21x1_ASAP7_75t_R)
     1    2.25   17.31   17.07  770.88 ^ _087916_/Y (AO21x1_ASAP7_75t_R)
                                         _027514_ (net)
                 17.35    0.46  771.34 ^ _tray_size4_8006/D0 (DFFHQNH2V2Xx1_ASAP7_75t_R)
                                771.34   data arrival time

                        680.00  680.00   clock clk (rise edge)
                          0.00  680.00   clock source latency
     1   11.19    0.00    0.00  680.00 ^ clk (in)
                                         clk (net)
                 29.33    9.25  689.25 ^ clkbuf_0_clk/A (BUFx24_ASAP7_75t_R)
     4   17.66   13.85   24.54  713.79 ^ clkbuf_0_clk/Y (BUFx24_ASAP7_75t_R)
                                         clknet_0_clk (net)
                 18.56    4.13  717.92 ^ clkbuf_2_3_0_clk/A (BUFx24_ASAP7_75t_R)
     4   16.80   13.16   21.58  739.50 ^ clkbuf_2_3_0_clk/Y (BUFx24_ASAP7_75t_R)
                                         clknet_2_3_0_clk (net)
                 16.79    3.46  742.96 ^ clkbuf_4_12__f_clk/A (BUFx24_ASAP7_75t_R)
     5   16.40   13.02   21.56  764.52 ^ clkbuf_4_12__f_clk/Y (BUFx24_ASAP7_75t_R)
                                         clknet_4_12__leaf_clk (net)
                 15.41    2.91  767.42 ^ clkbuf_leaf_30_clk/A (BUFx24_ASAP7_75t_R)
    13   10.31   10.07   20.40  787.83 ^ clkbuf_leaf_30_clk/Y (BUFx24_ASAP7_75t_R)
                                         clknet_leaf_30_clk (net)
                 10.32    0.70  788.53 ^ _tray_size4_8006/CLK (DFFHQNH2V2Xx1_ASAP7_75t_R)
                          4.43  792.95   clock reconvergence pessimism
                        -11.30  781.65   library setup time
                                781.65   data required time
-----------------------------------------------------------------------------
                                781.65   data required time
                               -771.34   data arrival time
-----------------------------------------------------------------------------
                                 10.32   slack (MET)



==========================================================================
finish report_check_types -max_slew -max_cap -max_fanout -violators
--------------------------------------------------------------------------
max fanout

Pin                                   Limit Fanout  Slack
---------------------------------------------------------
clkbuf_leaf_65_clk/Y                     10     21    -11 (VIOLATED)
clkbuf_leaf_18_clk/Y                     10     20    -10 (VIOLATED)
clkbuf_leaf_19_clk/Y                     10     19     -9 (VIOLATED)
clkbuf_leaf_24_clk/Y                     10     19     -9 (VIOLATED)
clkbuf_leaf_17_clk/Y                     10     18     -8 (VIOLATED)
clkbuf_leaf_20_clk/Y                     10     18     -8 (VIOLATED)
clkbuf_leaf_25_clk/Y                     10     18     -8 (VIOLATED)
clkbuf_leaf_34_clk/Y                     10     18     -8 (VIOLATED)
clkbuf_leaf_55_clk/Y                     10     18     -8 (VIOLATED)
clkbuf_leaf_68_clk/Y                     10     18     -8 (VIOLATED)
clkbuf_leaf_69_clk/Y                     10     18     -8 (VIOLATED)
clkbuf_leaf_76_clk/Y                     10     18     -8 (VIOLATED)
clkbuf_leaf_8_clk/Y                      10     18     -8 (VIOLATED)
clkbuf_leaf_11_clk/Y                     10     17     -7 (VIOLATED)
clkbuf_leaf_36_clk/Y                     10     17     -7 (VIOLATED)
clkbuf_leaf_37_clk/Y                     10     17     -7 (VIOLATED)
clkbuf_leaf_40_clk/Y                     10     17     -7 (VIOLATED)
clkbuf_leaf_41_clk/Y                     10     17     -7 (VIOLATED)
clkbuf_leaf_6_clk/Y                      10     17     -7 (VIOLATED)
clkbuf_leaf_75_clk/Y                     10     17     -7 (VIOLATED)
clkbuf_leaf_12_clk/Y                     10     16     -6 (VIOLATED)
clkbuf_leaf_21_clk/Y                     10     16     -6 (VIOLATED)
clkbuf_leaf_35_clk/Y                     10     16     -6 (VIOLATED)
clkbuf_leaf_38_clk/Y                     10     16     -6 (VIOLATED)
clkbuf_leaf_43_clk/Y                     10     16     -6 (VIOLATED)
clkbuf_leaf_49_clk/Y                     10     16     -6 (VIOLATED)
clkbuf_leaf_54_clk/Y                     10     16     -6 (VIOLATED)
clkbuf_leaf_56_clk/Y                     10     16     -6 (VIOLATED)
clkbuf_leaf_63_clk/Y                     10     16     -6 (VIOLATED)
clkbuf_leaf_64_clk/Y                     10     16     -6 (VIOLATED)
clkbuf_leaf_7_clk/Y                      10     16     -6 (VIOLATED)
clkbuf_leaf_0_clk/Y                      10     15     -5 (VIOLATED)
clkbuf_leaf_23_clk/Y                     10     15     -5 (VIOLATED)
clkbuf_leaf_2_clk/Y                      10     15     -5 (VIOLATED)
clkbuf_leaf_31_clk/Y                     10     15     -5 (VIOLATED)
clkbuf_leaf_32_clk/Y                     10     15     -5 (VIOLATED)
clkbuf_leaf_3_clk/Y                      10     15     -5 (VIOLATED)
clkbuf_leaf_42_clk/Y                     10     15     -5 (VIOLATED)
clkbuf_leaf_44_clk/Y                     10     15     -5 (VIOLATED)
clkbuf_leaf_46_clk/Y                     10     15     -5 (VIOLATED)
clkbuf_leaf_48_clk/Y                     10     15     -5 (VIOLATED)
clkbuf_leaf_50_clk/Y                     10     15     -5 (VIOLATED)
clkbuf_leaf_51_clk/Y                     10     15     -5 (VIOLATED)
clkbuf_leaf_58_clk/Y                     10     15     -5 (VIOLATED)
clkbuf_leaf_71_clk/Y                     10     15     -5 (VIOLATED)
clkbuf_leaf_78_clk/Y                     10     15     -5 (VIOLATED)
clkbuf_leaf_79_clk/Y                     10     15     -5 (VIOLATED)
clkbuf_leaf_14_clk/Y                     10     14     -4 (VIOLATED)
clkbuf_leaf_16_clk/Y                     10     14     -4 (VIOLATED)
clkbuf_leaf_26_clk/Y                     10     14     -4 (VIOLATED)
clkbuf_leaf_27_clk/Y                     10     14     -4 (VIOLATED)
clkbuf_leaf_33_clk/Y                     10     14     -4 (VIOLATED)
clkbuf_leaf_47_clk/Y                     10     14     -4 (VIOLATED)
clkbuf_leaf_52_clk/Y                     10     14     -4 (VIOLATED)
clkbuf_leaf_57_clk/Y                     10     14     -4 (VIOLATED)
clkbuf_leaf_62_clk/Y                     10     14     -4 (VIOLATED)
clkbuf_leaf_66_clk/Y                     10     14     -4 (VIOLATED)
clkbuf_leaf_67_clk/Y                     10     14     -4 (VIOLATED)
clkbuf_leaf_70_clk/Y                     10     14     -4 (VIOLATED)
clkbuf_leaf_77_clk/Y                     10     14     -4 (VIOLATED)
clkbuf_leaf_9_clk/Y                      10     14     -4 (VIOLATED)
clkbuf_leaf_10_clk/Y                     10     13     -3 (VIOLATED)
clkbuf_leaf_15_clk/Y                     10     13     -3 (VIOLATED)
clkbuf_leaf_28_clk/Y                     10     13     -3 (VIOLATED)
clkbuf_leaf_30_clk/Y                     10     13     -3 (VIOLATED)
clkbuf_leaf_45_clk/Y                     10     13     -3 (VIOLATED)
clkbuf_leaf_4_clk/Y                      10     13     -3 (VIOLATED)
clkbuf_leaf_53_clk/Y                     10     13     -3 (VIOLATED)
clkbuf_leaf_5_clk/Y                      10     13     -3 (VIOLATED)
clkbuf_leaf_61_clk/Y                     10     13     -3 (VIOLATED)
clkbuf_leaf_73_clk/Y                     10     13     -3 (VIOLATED)
clkbuf_leaf_74_clk/Y                     10     13     -3 (VIOLATED)
clkbuf_leaf_13_clk/Y                     10     12     -2 (VIOLATED)
clkbuf_leaf_1_clk/Y                      10     12     -2 (VIOLATED)
clkbuf_leaf_22_clk/Y                     10     12     -2 (VIOLATED)
clkbuf_leaf_29_clk/Y                     10     12     -2 (VIOLATED)
clkbuf_leaf_39_clk/Y                     10     12     -2 (VIOLATED)
clkbuf_leaf_60_clk/Y                     10     12     -2 (VIOLATED)
clkbuf_leaf_80_clk/Y                     10     12     -2 (VIOLATED)


==========================================================================
finish max_slew_check_slack
--------------------------------------------------------------------------
47.49958801269531

==========================================================================
finish max_slew_check_limit
--------------------------------------------------------------------------
320.0

==========================================================================
finish max_slew_check_slack_limit
--------------------------------------------------------------------------
0.1484

==========================================================================
finish max_fanout_check_slack
--------------------------------------------------------------------------
-11.0

==========================================================================
finish max_fanout_check_limit
--------------------------------------------------------------------------
10.0

==========================================================================
finish max_fanout_check_slack_limit
--------------------------------------------------------------------------
-1.1000

==========================================================================
finish max_capacitance_check_slack
--------------------------------------------------------------------------
4.378679275512695

==========================================================================
finish max_capacitance_check_limit
--------------------------------------------------------------------------
23.040000915527344

==========================================================================
finish max_capacitance_check_slack_limit
--------------------------------------------------------------------------
0.1900

==========================================================================
finish max_slew_violation_count
--------------------------------------------------------------------------
max slew violation count 0

==========================================================================
finish max_fanout_violation_count
--------------------------------------------------------------------------
max fanout violation count 79

==========================================================================
finish max_cap_violation_count
--------------------------------------------------------------------------
max cap violation count 0

==========================================================================
finish setup_violation_count
--------------------------------------------------------------------------
setup violation count 0

==========================================================================
finish hold_violation_count
--------------------------------------------------------------------------
hold violation count 0

==========================================================================
finish report_checks -path_delay max reg to reg
--------------------------------------------------------------------------
Startpoint: fdct_zigzag.dct_mod.ddin[1]$_DFFE_PN0P_
            (rising edge-triggered flip-flop clocked by clk)
Endpoint: _tray_size4_8006 (rising edge-triggered flip-flop clocked by clk)
Path Group: clk
Path Type: max

  Delay    Time   Description
---------------------------------------------------------
   0.00    0.00   clock clk (rise edge)
   0.00    0.00   clock source latency
   0.00    0.00 ^ clk (in)
  35.38   35.38 ^ clkbuf_0_clk/Y (BUFx24_ASAP7_75t_R)
  27.11   62.49 ^ clkbuf_2_3_0_clk/Y (BUFx24_ASAP7_75t_R)
  26.45   88.94 ^ clkbuf_4_12__f_clk/Y (BUFx24_ASAP7_75t_R)
  23.18  112.12 ^ clkbuf_leaf_31_clk/Y (BUFx24_ASAP7_75t_R)
   2.17  114.29 ^ fdct_zigzag.dct_mod.ddin[1]$_DFFE_PN0P_/CLK (DFFASRHQNx1_ASAP7_75t_R)
  45.94  160.23 v fdct_zigzag.dct_mod.ddin[1]$_DFFE_PN0P_/QN (DFFASRHQNx1_ASAP7_75t_R)
  17.95  178.18 v place9306/Y (BUFx6f_ASAP7_75t_R)
  41.39  219.57 v place9298/Y (BUFx3_ASAP7_75t_R)
  28.35  247.92 v place9272/Y (BUFx3_ASAP7_75t_R)
  45.26  293.19 v place9270/Y (BUFx3_ASAP7_75t_R)
  27.66  320.84 v place9269/Y (BUFx3_ASAP7_75t_R)
  17.34  338.19 ^ _073543_/Y (NOR2x1_ASAP7_75t_R)
  47.04  385.23 v _111656_/SN (HAxp5_ASAP7_75t_R)
  39.87  425.09 ^ _071771_/Y (INVx1_ASAP7_75t_R)
  40.69  465.78 v _107616_/SN (FAx1_ASAP7_75t_R)
  14.49  480.27 ^ _071897_/Y (INVx1_ASAP7_75t_R)
  30.66  510.93 v _107618_/SN (FAx1_ASAP7_75t_R)
  13.92  524.85 ^ _071900_/Y (INVx1_ASAP7_75t_R)
  30.35  555.21 v _107623_/SN (FAx1_ASAP7_75t_R)
   9.84  565.05 ^ _066610_/Y (INVx1_ASAP7_75t_R)
  67.90  632.95 v _111663_/SN (HAxp5_ASAP7_75t_R)
  21.11  654.06 ^ _087902_/Y (NOR2x1_ASAP7_75t_R)
  20.53  674.59 ^ _087903_/Y (AND2x2_ASAP7_75t_R)
  26.65  701.24 ^ _087910_/Y (AND3x1_ASAP7_75t_R)
  20.83  722.06 ^ _087912_/Y (OA21x2_ASAP7_75t_R)
   7.49  729.56 v _087913_/Y (NOR2x1_ASAP7_75t_R)
  24.21  753.76 ^ _087914_/Y (XOR2x2_ASAP7_75t_R)
  17.11  770.88 ^ _087916_/Y (AO21x1_ASAP7_75t_R)
   0.46  771.34 ^ _tray_size4_8006/D0 (DFFHQNH2V2Xx1_ASAP7_75t_R)
         771.34   data arrival time

 680.00  680.00   clock clk (rise edge)
   0.00  680.00   clock source latency
   0.00  680.00 ^ clk (in)
  33.79  713.79 ^ clkbuf_0_clk/Y (BUFx24_ASAP7_75t_R)
  25.71  739.50 ^ clkbuf_2_3_0_clk/Y (BUFx24_ASAP7_75t_R)
  25.02  764.52 ^ clkbuf_4_12__f_clk/Y (BUFx24_ASAP7_75t_R)
  23.31  787.83 ^ clkbuf_leaf_30_clk/Y (BUFx24_ASAP7_75t_R)
   0.70  788.53 ^ _tray_size4_8006/CLK (DFFHQNH2V2Xx1_ASAP7_75t_R)
   4.43  792.95   clock reconvergence pessimism
 -11.30  781.65   library setup time
         781.65   data required time
---------------------------------------------------------
         781.65   data required time
        -771.34   data arrival time
---------------------------------------------------------
          10.32   slack (MET)



==========================================================================
finish report_checks -path_delay min reg to reg
--------------------------------------------------------------------------
Startpoint: fdct_zigzag.dct_mod.dct_block_4.dct_unit_6.macu.result[7]$_DFFE_PP_
            (rising edge-triggered flip-flop clocked by clk)
Endpoint: fdct_zigzag.dct_mod.dct_block_4.dct_unit_6.macu.result[7]$_DFFE_PP_
          (rising edge-triggered flip-flop clocked by clk)
Path Group: clk
Path Type: min

  Delay    Time   Description
---------------------------------------------------------
   0.00    0.00   clock clk (rise edge)
   0.00    0.00   clock source latency
   0.00    0.00 ^ clk (in)
  33.79   33.79 ^ clkbuf_0_clk/Y (BUFx24_ASAP7_75t_R)
  25.38   59.17 ^ clkbuf_2_2_0_clk/Y (BUFx24_ASAP7_75t_R)
  25.23   84.40 ^ clkbuf_4_10__f_clk/Y (BUFx24_ASAP7_75t_R)
  25.09  109.49 ^ clkbuf_leaf_63_clk/Y (BUFx24_ASAP7_75t_R)
   1.78  111.27 ^ fdct_zigzag.dct_mod.dct_block_4.dct_unit_6.macu.result[7]$_DFFE_PP_/CLK (DFFHQNx1_ASAP7_75t_R)
  40.06  151.33 ^ fdct_zigzag.dct_mod.dct_block_4.dct_unit_6.macu.result[7]$_DFFE_PP_/QN (DFFHQNx1_ASAP7_75t_R)
   7.28  158.61 v _097889_/Y (OAI21x1_ASAP7_75t_R)
   0.04  158.65 v fdct_zigzag.dct_mod.dct_block_4.dct_unit_6.macu.result[7]$_DFFE_PP_/D (DFFHQNx1_ASAP7_75t_R)
         158.65   data arrival time

   0.00    0.00   clock clk (rise edge)
   0.00    0.00   clock source latency
   0.00    0.00 ^ clk (in)
  35.38   35.38 ^ clkbuf_0_clk/Y (BUFx24_ASAP7_75t_R)
  26.78   62.16 ^ clkbuf_2_2_0_clk/Y (BUFx24_ASAP7_75t_R)
  26.92   89.09 ^ clkbuf_4_10__f_clk/Y (BUFx24_ASAP7_75t_R)
  26.87  115.96 ^ clkbuf_leaf_63_clk/Y (BUFx24_ASAP7_75t_R)
   2.10  118.06 ^ fdct_zigzag.dct_mod.dct_block_4.dct_unit_6.macu.result[7]$_DFFE_PP_/CLK (DFFHQNx1_ASAP7_75t_R)
  -6.79  111.27   clock reconvergence pessimism
  11.87  123.14   library hold time
         123.14   data required time
---------------------------------------------------------
         123.14   data required time
        -158.65   data arrival time
---------------------------------------------------------
          35.51   slack (MET)



==========================================================================
finish critical path target clock latency max path
--------------------------------------------------------------------------
109.0665

==========================================================================
finish critical path target clock latency min path
--------------------------------------------------------------------------
115.9216

==========================================================================
finish critical path source clock latency min path
--------------------------------------------------------------------------
0.0000

==========================================================================
finish critical path delay
--------------------------------------------------------------------------
771.3365

==========================================================================
finish critical path slack
--------------------------------------------------------------------------
10.3153

==========================================================================
finish slack div critical path delay
--------------------------------------------------------------------------
1.337328

==========================================================================
finish report_power
--------------------------------------------------------------------------
Group                  Internal  Switching    Leakage      Total
                          Power      Power      Power      Power (Watts)
----------------------------------------------------------------
Sequential             1.27e-02   3.15e-03   5.31e-07   1.59e-02  14.6%
Combinational          3.93e-02   4.97e-02   3.16e-06   8.89e-02  81.9%
Clock                  2.49e-03   1.27e-03   5.91e-08   3.76e-03   3.5%
Macro                  0.00e+00   0.00e+00   0.00e+00   0.00e+00   0.0%
Pad                    0.00e+00   0.00e+00   0.00e+00   0.00e+00   0.0%
----------------------------------------------------------------
Total                  5.45e-02   5.41e-02   3.75e-06   1.09e-01 100.0%
                          50.2%      49.8%       0.0%
