OpenROAD ee3d65ce03b2656092ed62bf9205c5c11049c575 
Features included (+) or not (-): +GPU +GUI +Python
This program is licensed under the BSD-3 license. See the LICENSE file for details.
Components of this program may be licensed under more restrictive licenses which must be honored.
[INFO ORD-0030] Using 32 thread(s).
source /home/lucast/workspace/OR-flow-TCC/flow/platforms/asap7/liberty_suppressions.tcl
read_liberty /home/lucast/workspace/OR-flow-TCC/flow/platforms/asap7/lib/NLDM/asap7sc7p5t_AO_RVT_FF_nldm_211120.lib.gz
read_liberty /home/lucast/workspace/OR-flow-TCC/flow/platforms/asap7/lib/NLDM/asap7sc7p5t_INVBUF_RVT_FF_nldm_220122.lib.gz
read_liberty /home/lucast/workspace/OR-flow-TCC/flow/platforms/asap7/lib/NLDM/asap7sc7p5t_OA_RVT_FF_nldm_211120.lib.gz
read_liberty /home/lucast/workspace/OR-flow-TCC/flow/platforms/asap7/lib/NLDM/asap7sc7p5t_SIMPLE_RVT_FF_nldm_211120.lib.gz
read_liberty /home/lucast/workspace/OR-flow-TCC/flow/platforms/asap7/lib/NLDM/asap7sc7p5t_SEQ_RVT_FF_nldm_220123.lib
read_liberty /home/lucast/workspace/OR-flow-TCC/flow/platforms/asap7/lib/NLDM/asap7sc7p5t_DFFHQNH2V2X_RVT_TT_nldm_FAKE.lib
read_liberty /home/lucast/workspace/OR-flow-TCC/flow/platforms/asap7/lib/NLDM/asap7sc7p5t_DFFHQNV2X_RVT_TT_nldm_FAKE.lib
read_db ./results/asap7/aes/modified_alpha_130-beta_0.1/5_1_grt.odb
source /home/lucast/workspace/OR-flow-TCC/flow/platforms/asap7/setRC.tcl
detailed_route -output_drc ./reports/asap7/aes/modified_alpha_130-beta_0.1/5_route_drc.rpt -output_maze ./results/asap7/aes/modified_alpha_130-beta_0.1/maze.log -droute_end_iter 64 -verbose 1 -drc_report_iter_step 5
[INFO DRT-0149] Reading tech and libs.

Units:                1000
Number of layers:     21
Number of macros:     230
Number of vias:       14
Number of viarulegen: 11

[INFO DRT-0150] Reading design.

Design:                   aes_cipher_top
Die area:                 ( 0 0 ) ( 52642 52642 )
Number of track patterns: 32
Number of DEF vias:       0
Number of components:     16892
Number of terminals:      390
Number of snets:          2
Number of nets:           17375

[INFO DRT-0167] List of default vias:
  Layer V2
    default via: VIA23
  Layer V3
    default via: VIA34
  Layer V4
    default via: VIA45
  Layer V5
    default via: VIA56
  Layer V6
    default via: VIA67
  Layer V7
    default via: VIA78
  Layer V8
    default via: VIA89
  Layer V9
    default via: VIA9Pad
[INFO DRT-0162] Library cell analysis.
[INFO DRT-0163] Instance analysis.
[INFO DRT-0164] Number of unique instances = 217.
[INFO DRT-0168] Init region query.
[INFO DRT-0024]   Complete Active.
[INFO DRT-0024]   Complete V0.
[INFO DRT-0024]   Complete M1.
[INFO DRT-0024]   Complete V1.
[INFO DRT-0024]   Complete M2.
[INFO DRT-0024]   Complete V2.
[INFO DRT-0024]   Complete M3.
[INFO DRT-0024]   Complete V3.
[INFO DRT-0024]   Complete M4.
[INFO DRT-0024]   Complete V4.
[INFO DRT-0024]   Complete M5.
[INFO DRT-0024]   Complete V5.
[INFO DRT-0024]   Complete M6.
[INFO DRT-0024]   Complete V6.
[INFO DRT-0024]   Complete M7.
[INFO DRT-0024]   Complete V7.
[INFO DRT-0024]   Complete M8.
[INFO DRT-0024]   Complete V8.
[INFO DRT-0024]   Complete M9.
[INFO DRT-0024]   Complete V9.
[INFO DRT-0024]   Complete Pad.
[INFO DRT-0033] Active shape region query size = 0.
[INFO DRT-0033] V0 shape region query size = 0.
[INFO DRT-0033] M1 shape region query size = 252678.
[INFO DRT-0033] V1 shape region query size = 248304.
[INFO DRT-0033] M2 shape region query size = 3975.
[INFO DRT-0033] V2 shape region query size = 5132.
[INFO DRT-0033] M3 shape region query size = 4996.
[INFO DRT-0033] V3 shape region query size = 3240.
[INFO DRT-0033] M4 shape region query size = 3407.
[INFO DRT-0033] V4 shape region query size = 3240.
[INFO DRT-0033] M5 shape region query size = 2021.
[INFO DRT-0033] V5 shape region query size = 324.
[INFO DRT-0033] M6 shape region query size = 198.
[INFO DRT-0033] V6 shape region query size = 0.
[INFO DRT-0033] M7 shape region query size = 0.
[INFO DRT-0033] V7 shape region query size = 0.
[INFO DRT-0033] M8 shape region query size = 0.
[INFO DRT-0033] V8 shape region query size = 0.
[INFO DRT-0033] M9 shape region query size = 0.
[INFO DRT-0033] V9 shape region query size = 0.
[INFO DRT-0033] Pad shape region query size = 0.
[INFO DRT-0165] Start pin access.
[INFO DRT-0076]   Complete 1000 pins.
[INFO DRT-0078]   Complete 1243 pins.
[INFO DRT-0079]   Complete 100 unique inst patterns.
[INFO DRT-0079]   Complete 200 unique inst patterns.
[INFO DRT-0081]   Complete 217 unique inst patterns.
[INFO DRT-0084]   Complete 7877 groups.
#scanned instances     = 16892
#unique  instances     = 217
#stdCellGenAp          = 7952
#stdCellValidPlanarAp  = 41
#stdCellValidViaAp     = 5625
#stdCellPinNoAp        = 0
#stdCellPinCnt         = 53569
#instTermValidViaApCnt = 0
#macroGenAp            = 0
#macroValidPlanarAp    = 0
#macroValidViaAp       = 0
#macroNoAp             = 0
[INFO DRT-0166] Complete pin access.
[INFO DRT-0267] cpu time = 00:08:24, elapsed time = 00:00:20, memory = 437.77 (MB), peak = 433.52 (MB)
[INFO DRT-0156] guideIn read 100000 guides.

[INFO DRT-0157] Number of guides:     139538

[INFO DRT-0169] Post process guides.
[INFO DRT-0176] GCELLGRID X 0 DO 92 STEP 570 ;
[INFO DRT-0177] GCELLGRID Y 0 DO 92 STEP 570 ;
[INFO DRT-0026]   Complete 100000 origin guides.
[INFO DRT-0028]   Complete Active.
[INFO DRT-0028]   Complete V0.
[INFO DRT-0028]   Complete M1.
[INFO DRT-0028]   Complete V1.
[INFO DRT-0028]   Complete M2.
[INFO DRT-0028]   Complete V2.
[INFO DRT-0028]   Complete M3.
[INFO DRT-0028]   Complete V3.
[INFO DRT-0028]   Complete M4.
[INFO DRT-0028]   Complete V4.
[INFO DRT-0028]   Complete M5.
[INFO DRT-0028]   Complete V5.
[INFO DRT-0028]   Complete M6.
[INFO DRT-0028]   Complete V6.
[INFO DRT-0028]   Complete M7.
[INFO DRT-0028]   Complete V7.
[INFO DRT-0028]   Complete M8.
[INFO DRT-0028]   Complete V8.
[INFO DRT-0028]   Complete M9.
[INFO DRT-0028]   Complete V9.
[INFO DRT-0028]   Complete Pad.
[INFO DRT-0178] Init guide query.
[INFO DRT-0035]   Complete Active (guide).
[INFO DRT-0035]   Complete V0 (guide).
[INFO DRT-0035]   Complete M1 (guide).
[INFO DRT-0035]   Complete V1 (guide).
[INFO DRT-0035]   Complete M2 (guide).
[INFO DRT-0035]   Complete V2 (guide).
[INFO DRT-0035]   Complete M3 (guide).
[INFO DRT-0035]   Complete V3 (guide).
[INFO DRT-0035]   Complete M4 (guide).
[INFO DRT-0035]   Complete V4 (guide).
[INFO DRT-0035]   Complete M5 (guide).
[INFO DRT-0035]   Complete V5 (guide).
[INFO DRT-0035]   Complete M6 (guide).
[INFO DRT-0035]   Complete V6 (guide).
[INFO DRT-0035]   Complete M7 (guide).
[INFO DRT-0035]   Complete V7 (guide).
[INFO DRT-0035]   Complete M8 (guide).
[INFO DRT-0035]   Complete V8 (guide).
[INFO DRT-0035]   Complete M9 (guide).
[INFO DRT-0035]   Complete V9 (guide).
[INFO DRT-0035]   Complete Pad (guide).
[INFO DRT-0036] Active guide region query size = 0.
[INFO DRT-0036] V0 guide region query size = 0.
[INFO DRT-0036] M1 guide region query size = 46794.
[INFO DRT-0036] V1 guide region query size = 0.
[INFO DRT-0036] M2 guide region query size = 41418.
[INFO DRT-0036] V2 guide region query size = 0.
[INFO DRT-0036] M3 guide region query size = 22097.
[INFO DRT-0036] V3 guide region query size = 0.
[INFO DRT-0036] M4 guide region query size = 2286.
[INFO DRT-0036] V4 guide region query size = 0.
[INFO DRT-0036] M5 guide region query size = 707.
[INFO DRT-0036] V5 guide region query size = 0.
[INFO DRT-0036] M6 guide region query size = 48.
[INFO DRT-0036] V6 guide region query size = 0.
[INFO DRT-0036] M7 guide region query size = 16.
[INFO DRT-0036] V7 guide region query size = 0.
[INFO DRT-0036] M8 guide region query size = 0.
[INFO DRT-0036] V8 guide region query size = 0.
[INFO DRT-0036] M9 guide region query size = 0.
[INFO DRT-0036] V9 guide region query size = 0.
[INFO DRT-0036] Pad guide region query size = 0.
[INFO DRT-0179] Init gr pin query.
[INFO DRT-0267] cpu time = 00:00:00, elapsed time = 00:00:00, memory = 477.40 (MB), peak = 473.02 (MB)
[INFO DRT-0245] skipped writing guide updates to database.
[INFO DRT-0185] Post process initialize RPin region query.
[INFO DRT-0181] Start track assignment.
[INFO DRT-0184] Done with 69614 vertical wires in 2 frboxes and 43752 horizontal wires in 2 frboxes.
[INFO DRT-0186] Done with 10839 vertical wires in 2 frboxes and 15085 horizontal wires in 2 frboxes.
[INFO DRT-0182] Complete track assignment.
[INFO DRT-0267] cpu time = 00:00:04, elapsed time = 00:00:02, memory = 845.03 (MB), peak = 840.82 (MB)
[INFO DRT-0187] Start routing data preparation.
[INFO DRT-0267] cpu time = 00:00:00, elapsed time = 00:00:00, memory = 845.03 (MB), peak = 840.82 (MB)
[INFO DRT-0194] Start detail routing.
[INFO DRT-0195] Start 0th optimization iteration.
    Completing 10% with 0 violations.
    elapsed time = 00:00:02, memory = 7127.23 (MB).
    Completing 20% with 0 violations.
    elapsed time = 00:00:03, memory = 4145.98 (MB).
    Completing 30% with 490 violations.
    elapsed time = 00:00:07, memory = 8246.85 (MB).
    Completing 40% with 490 violations.
    elapsed time = 00:00:10, memory = 6246.53 (MB).
    Completing 50% with 490 violations.
    elapsed time = 00:00:12, memory = 3092.42 (MB).
    Completing 60% with 970 violations.
    elapsed time = 00:00:18, memory = 8873.84 (MB).
    Completing 70% with 970 violations.
    elapsed time = 00:00:20, memory = 5260.90 (MB).
    Completing 80% with 1458 violations.
    elapsed time = 00:00:28, memory = 10059.59 (MB).
    Completing 90% with 1458 violations.
    elapsed time = 00:00:29, memory = 7871.46 (MB).
    Completing 100% with 1818 violations.
    elapsed time = 00:00:33, memory = 3976.43 (MB).
[INFO DRT-0199]   Number of violations = 2866.
Viol/Layer          M1     M2     V2     M3     V3     M4     V4     M5     V5     M6
CutSpcTbl            0      0      0      0     20      0      4      0      1      0
EOL                  0    118      0     56      0     16      0      0      0      0
Metal Spacing       50     89      0    257      0      8      0      1      0      0
Recheck              2    576      0    350      0     98      0     20      0      2
Rect Only            0     12      0      0      0      0      0      0      0      0
Short                0    285      5     89      3      6      2      2      1      4
eolKeepOut           0    564      0    169      0     56      0      0      0      0
[INFO DRT-0267] cpu time = 00:12:51, elapsed time = 00:00:33, memory = 4430.53 (MB), peak = 10383.29 (MB)
Total wire length = 59177 um.
Total wire length on LAYER M1 = 0 um.
Total wire length on LAYER M2 = 15515 um.
Total wire length on LAYER M3 = 26389 um.
Total wire length on LAYER M4 = 13084 um.
Total wire length on LAYER M5 = 3759 um.
Total wire length on LAYER M6 = 248 um.
Total wire length on LAYER M7 = 181 um.
Total wire length on LAYER M8 = 0 um.
Total wire length on LAYER M9 = 0 um.
Total wire length on LAYER Pad = 0 um.
Total number of vias = 163189.
Up-via summary (total 163189):

-----------------
 Active         0
     M1     53328
     M2     86318
     M3     20712
     M4      2652
     M5       139
     M6        40
     M7         0
     M8         0
     M9         0
-----------------
       163189


[INFO DRT-0195] Start 1st optimization iteration.
    Completing 10% with 2866 violations.
    elapsed time = 00:00:06, memory = 10711.18 (MB).
    Completing 20% with 2866 violations.
    elapsed time = 00:00:08, memory = 6755.91 (MB).
    Completing 30% with 2034 violations.
    elapsed time = 00:00:12, memory = 11196.07 (MB).
    Completing 40% with 2034 violations.
    elapsed time = 00:00:18, memory = 8944.33 (MB).
    Completing 50% with 2034 violations.
    elapsed time = 00:00:19, memory = 4845.24 (MB).
    Completing 60% with 1374 violations.
    elapsed time = 00:00:27, memory = 10956.59 (MB).
    Completing 70% with 1374 violations.
    elapsed time = 00:00:28, memory = 6994.49 (MB).
    Completing 80% with 732 violations.
    elapsed time = 00:00:36, memory = 11578.31 (MB).
    Completing 90% with 732 violations.
    elapsed time = 00:00:37, memory = 9023.73 (MB).
    Completing 100% with 276 violations.
    elapsed time = 00:00:39, memory = 5178.52 (MB).
[INFO DRT-0199]   Number of violations = 276.
Viol/Layer          M1     M2     V2     M3     V3     M4     V4
CutSpcTbl            0      0      0      0      9      0      1
EOL                  0     10      0      4      0      3      0
Metal Spacing       21      5      0    112      0      3      0
Short                0     15      2     27      0      1      0
eolKeepOut           0     36      0     14      0     13      0
[INFO DRT-0267] cpu time = 00:15:44, elapsed time = 00:00:40, memory = 5173.82 (MB), peak = 11796.95 (MB)
Total wire length = 58503 um.
Total wire length on LAYER M1 = 0 um.
Total wire length on LAYER M2 = 14667 um.
Total wire length on LAYER M3 = 26146 um.
Total wire length on LAYER M4 = 13465 um.
Total wire length on LAYER M5 = 3741 um.
Total wire length on LAYER M6 = 301 um.
Total wire length on LAYER M7 = 181 um.
Total wire length on LAYER M8 = 0 um.
Total wire length on LAYER M9 = 0 um.
Total wire length on LAYER Pad = 0 um.
Total number of vias = 156919.
Up-via summary (total 156919):

-----------------
 Active         0
     M1     53289
     M2     81432
     M3     19116
     M4      2843
     M5       197
     M6        42
     M7         0
     M8         0
     M9         0
-----------------
       156919


[INFO DRT-0195] Start 2nd optimization iteration.
    Completing 10% with 276 violations.
    elapsed time = 00:00:00, memory = 5173.82 (MB).
    Completing 20% with 276 violations.
    elapsed time = 00:00:06, memory = 7208.88 (MB).
    Completing 30% with 256 violations.
    elapsed time = 00:00:08, memory = 5173.98 (MB).
    Completing 40% with 256 violations.
    elapsed time = 00:00:13, memory = 9146.42 (MB).
    Completing 50% with 256 violations.
    elapsed time = 00:00:15, memory = 5173.98 (MB).
    Completing 60% with 264 violations.
    elapsed time = 00:00:16, memory = 5173.98 (MB).
    Completing 70% with 264 violations.
    elapsed time = 00:00:22, memory = 7009.87 (MB).
    Completing 80% with 227 violations.
    elapsed time = 00:00:24, memory = 5173.98 (MB).
    Completing 90% with 227 violations.
    elapsed time = 00:00:27, memory = 9416.74 (MB).
    Completing 100% with 216 violations.
    elapsed time = 00:00:31, memory = 5173.99 (MB).
[INFO DRT-0199]   Number of violations = 222.
Viol/Layer          M1     M2     M3     V3     M4     V4     M5
CutSpcTbl            0      0      0      3      0      2      0
EOL                  0      5      3      0      2      0      0
Metal Spacing       23      4     91      0      3      0      1
Recheck              0      2      3      0      1      0      0
Short                0      8     13      0      3      0      0
eolKeepOut           0     30     12      0     13      0      0
[INFO DRT-0267] cpu time = 00:09:33, elapsed time = 00:00:31, memory = 5179.99 (MB), peak = 11796.95 (MB)
Total wire length = 58454 um.
Total wire length on LAYER M1 = 0 um.
Total wire length on LAYER M2 = 14568 um.
Total wire length on LAYER M3 = 26135 um.
Total wire length on LAYER M4 = 13470 um.
Total wire length on LAYER M5 = 3767 um.
Total wire length on LAYER M6 = 330 um.
Total wire length on LAYER M7 = 180 um.
Total wire length on LAYER M8 = 0 um.
Total wire length on LAYER M9 = 0 um.
Total wire length on LAYER Pad = 0 um.
Total number of vias = 156686.
Up-via summary (total 156686):

-----------------
 Active         0
     M1     53289
     M2     81213
     M3     19087
     M4      2831
     M5       226
     M6        40
     M7         0
     M8         0
     M9         0
-----------------
       156686


[INFO DRT-0195] Start 3rd optimization iteration.
    Completing 10% with 222 violations.
    elapsed time = 00:00:00, memory = 5179.99 (MB).
    Completing 20% with 222 violations.
    elapsed time = 00:00:03, memory = 7242.77 (MB).
    Completing 30% with 133 violations.
    elapsed time = 00:00:04, memory = 5179.99 (MB).
    Completing 40% with 133 violations.
    elapsed time = 00:00:05, memory = 9212.54 (MB).
    Completing 50% with 133 violations.
    elapsed time = 00:00:07, memory = 5179.99 (MB).
    Completing 60% with 83 violations.
    elapsed time = 00:00:08, memory = 5179.99 (MB).
    Completing 70% with 83 violations.
    elapsed time = 00:00:10, memory = 7217.59 (MB).
    Completing 80% with 46 violations.
    elapsed time = 00:00:11, memory = 5179.99 (MB).
    Completing 90% with 46 violations.
    elapsed time = 00:00:11, memory = 5179.99 (MB).
    Completing 100% with 4 violations.
    elapsed time = 00:00:15, memory = 5179.99 (MB).
[INFO DRT-0199]   Number of violations = 4.
Viol/Layer          M1     M3
Metal Spacing        2      1
Short                0      1
[INFO DRT-0267] cpu time = 00:03:31, elapsed time = 00:00:15, memory = 5179.99 (MB), peak = 11796.95 (MB)
Total wire length = 58467 um.
Total wire length on LAYER M1 = 0 um.
Total wire length on LAYER M2 = 14487 um.
Total wire length on LAYER M3 = 26056 um.
Total wire length on LAYER M4 = 13554 um.
Total wire length on LAYER M5 = 3847 um.
Total wire length on LAYER M6 = 341 um.
Total wire length on LAYER M7 = 180 um.
Total wire length on LAYER M8 = 0 um.
Total wire length on LAYER M9 = 0 um.
Total wire length on LAYER Pad = 0 um.
Total number of vias = 156728.
Up-via summary (total 156728):

-----------------
 Active         0
     M1     53289
     M2     80924
     M3     19253
     M4      2978
     M5       244
     M6        40
     M7         0
     M8         0
     M9         0
-----------------
       156728


[INFO DRT-0195] Start 4th guides tiles iteration.
    Completing 20% with 4 violations.
    elapsed time = 00:00:00, memory = 5320.40 (MB).
    Completing 40% with 4 violations.
    elapsed time = 00:00:01, memory = 5179.99 (MB).
    Completing 60% with 3 violations.
    elapsed time = 00:00:01, memory = 5179.99 (MB).
    Completing 80% with 2 violations.
    elapsed time = 00:00:02, memory = 5179.99 (MB).
    Completing 100% with 2 violations.
    elapsed time = 00:00:03, memory = 5179.99 (MB).
[INFO DRT-0199]   Number of violations = 2.
Viol/Layer          M1
Metal Spacing        2
[INFO DRT-0267] cpu time = 00:00:05, elapsed time = 00:00:03, memory = 5179.99 (MB), peak = 11796.95 (MB)
Total wire length = 58467 um.
Total wire length on LAYER M1 = 0 um.
Total wire length on LAYER M2 = 14487 um.
Total wire length on LAYER M3 = 26056 um.
Total wire length on LAYER M4 = 13554 um.
Total wire length on LAYER M5 = 3847 um.
Total wire length on LAYER M6 = 341 um.
Total wire length on LAYER M7 = 180 um.
Total wire length on LAYER M8 = 0 um.
Total wire length on LAYER M9 = 0 um.
Total wire length on LAYER Pad = 0 um.
Total number of vias = 156732.
Up-via summary (total 156732):

-----------------
 Active         0
     M1     53289
     M2     80925
     M3     19256
     M4      2978
     M5       244
     M6        40
     M7         0
     M8         0
     M9         0
-----------------
       156732


[INFO DRT-0195] Start 5th guides tiles iteration.
    Completing 50% with 2 violations.
    elapsed time = 00:00:00, memory = 5179.99 (MB).
    Completing 100% with 2 violations.
    elapsed time = 00:00:01, memory = 5179.99 (MB).
[INFO DRT-0199]   Number of violations = 2.
Viol/Layer          M1
Metal Spacing        2
[INFO DRT-0267] cpu time = 00:00:02, elapsed time = 00:00:01, memory = 5180.18 (MB), peak = 11796.95 (MB)
Total wire length = 58467 um.
Total wire length on LAYER M1 = 0 um.
Total wire length on LAYER M2 = 14487 um.
Total wire length on LAYER M3 = 26056 um.
Total wire length on LAYER M4 = 13554 um.
Total wire length on LAYER M5 = 3847 um.
Total wire length on LAYER M6 = 341 um.
Total wire length on LAYER M7 = 180 um.
Total wire length on LAYER M8 = 0 um.
Total wire length on LAYER M9 = 0 um.
Total wire length on LAYER Pad = 0 um.
Total number of vias = 156732.
Up-via summary (total 156732):

-----------------
 Active         0
     M1     53289
     M2     80925
     M3     19256
     M4      2978
     M5       244
     M6        40
     M7         0
     M8         0
     M9         0
-----------------
       156732


[INFO DRT-0195] Start 6th stubborn tiles iteration.
    Completing 10% with 2 violations.
    elapsed time = 00:00:05, memory = 11243.19 (MB).
    Completing 20% with 2 violations.
    elapsed time = 00:00:05, memory = 11201.34 (MB).
    Completing 30% with 2 violations.
    elapsed time = 00:00:06, memory = 9697.98 (MB).
    Completing 40% with 2 violations.
    elapsed time = 00:00:08, memory = 7743.34 (MB).
    Completing 50% with 2 violations.
    elapsed time = 00:00:09, memory = 5606.29 (MB).
    Completing 60% with 1 violations.
    elapsed time = 00:00:15, memory = 11479.91 (MB).
    Completing 70% with 1 violations.
    elapsed time = 00:00:15, memory = 10650.04 (MB).
    Completing 80% with 1 violations.
    elapsed time = 00:00:15, memory = 9397.08 (MB).
    Completing 90% with 1 violations.
    elapsed time = 00:00:17, memory = 7468.72 (MB).
    Completing 100% with 0 violations.
    elapsed time = 00:00:19, memory = 5661.49 (MB).
[INFO DRT-0199]   Number of violations = 0.
[INFO DRT-0267] cpu time = 00:07:22, elapsed time = 00:00:19, memory = 5662.49 (MB), peak = 13154.83 (MB)
Total wire length = 58466 um.
Total wire length on LAYER M1 = 0 um.
Total wire length on LAYER M2 = 14482 um.
Total wire length on LAYER M3 = 26055 um.
Total wire length on LAYER M4 = 13557 um.
Total wire length on LAYER M5 = 3848 um.
Total wire length on LAYER M6 = 341 um.
Total wire length on LAYER M7 = 180 um.
Total wire length on LAYER M8 = 0 um.
Total wire length on LAYER M9 = 0 um.
Total wire length on LAYER Pad = 0 um.
Total number of vias = 156727.
Up-via summary (total 156727):

-----------------
 Active         0
     M1     53289
     M2     80918
     M3     19257
     M4      2979
     M5       244
     M6        40
     M7         0
     M8         0
     M9         0
-----------------
       156727


[INFO DRT-0198] Complete detail routing.
Total wire length = 58466 um.
Total wire length on LAYER M1 = 0 um.
Total wire length on LAYER M2 = 14482 um.
Total wire length on LAYER M3 = 26055 um.
Total wire length on LAYER M4 = 13557 um.
Total wire length on LAYER M5 = 3848 um.
Total wire length on LAYER M6 = 341 um.
Total wire length on LAYER M7 = 180 um.
Total wire length on LAYER M8 = 0 um.
Total wire length on LAYER M9 = 0 um.
Total wire length on LAYER Pad = 0 um.
Total number of vias = 156727.
Up-via summary (total 156727):

-----------------
 Active         0
     M1     53289
     M2     80918
     M3     19257
     M4      2979
     M5       244
     M6        40
     M7         0
     M8         0
     M9         0
-----------------
       156727


[INFO DRT-0267] cpu time = 00:49:11, elapsed time = 00:02:26, memory = 5662.49 (MB), peak = 13154.83 (MB)

[INFO DRT-0180] Post processing.
Took 169 seconds: detailed_route -output_drc ./reports/asap7/aes/modified_alpha_130-beta_0.1/5_route_drc.rpt -output_maze ./results/asap7/aes/modified_alpha_130-beta_0.1/maze.log -droute_end_iter 64 -verbose 1 -drc_report_iter_step 5
[WARNING GRT-0246] No diode with LEF class CORE ANTENNACELL found.
[INFO ANT-0002] Found 0 net violations.
[INFO ANT-0001] Found 0 pin violations.
[INFO ANT-0002] Found 0 net violations.
[INFO ANT-0001] Found 0 pin violations.
write_db ./results/asap7/aes/modified_alpha_130-beta_0.1/5_2_route.odb
Elapsed time: 2:51.19[h:]min:sec. CPU time: user 3372.91 sys 113.26 (2036%). Peak memory: 13470548KB.
Log                        Elapsed/s Peak Memory/MB  sha1sum .odb [0:20)
5_2_route                        171          13154 bb3eff1f39c8440dea04
