Yosys 0.63 (git sha1 d3e297fcd, g++ 13.3.0-6ubuntu2~24.04.1 -fPIC -O3) [the-openroad-project/yosys]
Using ABC speed script.
Extracting clock period from SDC file: ./results/asap7/mock-alu/base-run2/clock_period.txt
Setting clock period to 300
1. Executing RTLIL frontend.
2. Executing HIERARCHY pass (managing design hierarchy).
2.1. Analyzing design hierarchy..
2.2. Analyzing design hierarchy..
3. Executing SYNTH pass.
3.1. Executing HIERARCHY pass (managing design hierarchy).
3.1.1. Analyzing design hierarchy..
3.1.2. Analyzing design hierarchy..
3.2. Executing PROC pass (convert processes to netlists).
3.2.1. Executing PROC_CLEAN pass (remove empty switches from decision trees).
3.2.2. Executing PROC_RMDEAD pass (remove dead branches from decision trees).
3.2.3. Executing PROC_PRUNE pass (remove redundant assignments in processes).
3.2.4. Executing PROC_INIT pass (extract init attributes).
3.2.5. Executing PROC_ARST pass (detect async resets in processes).
3.2.6. Executing PROC_ROM pass (convert switches to ROMs).
3.2.7. Executing PROC_MUX pass (convert decision trees to multiplexers).
3.2.8. Executing PROC_DLATCH pass (convert process syncs to latches).
3.2.9. Executing PROC_DFF pass (convert process syncs to FFs).
3.2.10. Executing PROC_MEMWR pass (convert process memory writes to cells).
3.2.11. Executing PROC_CLEAN pass (remove empty switches from decision trees).
3.2.12. Executing OPT_EXPR pass (perform const folding).
3.3. Executing FLATTEN pass (flatten design).
3.4. Executing OPT_EXPR pass (perform const folding).
3.5. Executing OPT_CLEAN pass (remove unused cells and wires).
3.6. Executing CHECK pass (checking for obvious problems).
3.7. Executing OPT pass (performing simple optimizations).
3.7.1. Executing OPT_EXPR pass (perform const folding).
3.7.2. Executing OPT_MERGE pass (detect identical cells).
3.7.3. Executing OPT_MUXTREE pass (detect dead branches in mux trees).
3.7.4. Executing OPT_REDUCE pass (consolidate $*mux and $reduce_* inputs).
3.7.5. Executing OPT_MERGE pass (detect identical cells).
3.7.6. Executing OPT_DFF pass (perform DFF optimizations).
3.7.7. Executing OPT_CLEAN pass (remove unused cells and wires).
3.7.8. Executing OPT_EXPR pass (perform const folding).
3.7.9. Rerunning OPT passes. (Maybe there is more to do..)
3.7.10. Executing OPT_MUXTREE pass (detect dead branches in mux trees).
3.7.11. Executing OPT_REDUCE pass (consolidate $*mux and $reduce_* inputs).
3.7.12. Executing OPT_MERGE pass (detect identical cells).
3.7.13. Executing OPT_DFF pass (perform DFF optimizations).
3.7.14. Executing OPT_CLEAN pass (remove unused cells and wires).
3.7.15. Executing OPT_EXPR pass (perform const folding).
3.7.16. Finished fast OPT passes. (There is nothing left to do.)
3.8. Executing FSM pass (extract and optimize FSM).
3.8.1. Executing FSM_DETECT pass (finding FSMs in design).
3.8.2. Executing FSM_EXTRACT pass (extracting FSM from design).
3.8.3. Executing FSM_OPT pass (simple optimizations of FSMs).
3.8.4. Executing OPT_CLEAN pass (remove unused cells and wires).
3.8.5. Executing FSM_OPT pass (simple optimizations of FSMs).
3.8.6. Executing FSM_RECODE pass (re-assigning FSM state encoding).
3.8.7. Executing FSM_INFO pass (dumping all available information on FSM cells).
3.8.8. Executing FSM_MAP pass (mapping FSMs to basic logic).
3.9. Executing OPT pass (performing simple optimizations).
3.9.1. Executing OPT_EXPR pass (perform const folding).
3.9.2. Executing OPT_MERGE pass (detect identical cells).
3.9.3. Executing OPT_MUXTREE pass (detect dead branches in mux trees).
3.9.4. Executing OPT_REDUCE pass (consolidate $*mux and $reduce_* inputs).
3.9.5. Executing OPT_MERGE pass (detect identical cells).
3.9.6. Executing OPT_DFF pass (perform DFF optimizations).
3.9.7. Executing OPT_CLEAN pass (remove unused cells and wires).
3.9.8. Executing OPT_EXPR pass (perform const folding).
3.9.9. Rerunning OPT passes. (Maybe there is more to do..)
3.9.10. Executing OPT_MUXTREE pass (detect dead branches in mux trees).
3.9.11. Executing OPT_REDUCE pass (consolidate $*mux and $reduce_* inputs).
3.9.12. Executing OPT_MERGE pass (detect identical cells).
3.9.13. Executing OPT_DFF pass (perform DFF optimizations).
3.9.14. Executing OPT_CLEAN pass (remove unused cells and wires).
3.9.15. Executing OPT_EXPR pass (perform const folding).
3.9.16. Finished fast OPT passes. (There is nothing left to do.)
3.10. Executing WREDUCE pass (reducing word size of cells).
3.11. Executing PEEPOPT pass (run peephole optimizers).
3.12. Executing OPT_CLEAN pass (remove unused cells and wires).
3.13. Executing ALUMACC pass (create $alu and $macc cells).
3.14. Executing SHARE pass (SAT-based resource sharing).
3.15. Executing OPT pass (performing simple optimizations).
3.15.1. Executing OPT_EXPR pass (perform const folding).
3.15.2. Executing OPT_MERGE pass (detect identical cells).
3.15.3. Executing OPT_MUXTREE pass (detect dead branches in mux trees).
3.15.4. Executing OPT_REDUCE pass (consolidate $*mux and $reduce_* inputs).
3.15.5. Executing OPT_MERGE pass (detect identical cells).
3.15.6. Executing OPT_DFF pass (perform DFF optimizations).
3.15.7. Executing OPT_CLEAN pass (remove unused cells and wires).
3.15.8. Executing OPT_EXPR pass (perform const folding).
3.15.9. Rerunning OPT passes. (Maybe there is more to do..)
3.15.10. Executing OPT_MUXTREE pass (detect dead branches in mux trees).
3.15.11. Executing OPT_REDUCE pass (consolidate $*mux and $reduce_* inputs).
3.15.12. Executing OPT_MERGE pass (detect identical cells).
3.15.13. Executing OPT_DFF pass (perform DFF optimizations).
3.15.14. Executing OPT_CLEAN pass (remove unused cells and wires).
3.15.15. Executing OPT_EXPR pass (perform const folding).
3.15.16. Finished fast OPT passes. (There is nothing left to do.)
3.16. Executing MEMORY pass.
3.16.1. Executing OPT_MEM pass (optimize memories).
3.16.2. Executing OPT_MEM_PRIORITY pass (removing unnecessary memory write priority relations).
3.16.3. Executing OPT_MEM_FEEDBACK pass (finding memory read-to-write feedback paths).
3.16.4. Executing MEMORY_BMUX2ROM pass (converting muxes to ROMs).
3.16.5. Executing MEMORY_DFF pass (merging $dff cells to $memrd).
3.16.6. Executing OPT_CLEAN pass (remove unused cells and wires).
3.16.7. Executing MEMORY_SHARE pass (consolidating $memrd/$memwr cells).
3.16.8. Executing OPT_MEM_WIDEN pass (optimize memories where all ports are wide).
3.16.9. Executing OPT_CLEAN pass (remove unused cells and wires).
3.16.10. Executing MEMORY_COLLECT pass (generating $mem cells).
3.17. Executing OPT_CLEAN pass (remove unused cells and wires).
4. Executing TECHMAP pass (map to technology primitives).
4.1. Executing Verilog-2005 frontend: /home/lucast/workspace/OR-flow-TCC/tools/install/yosys/bin/../share/yosys/techmap.v
4.2. Continuing TECHMAP pass.
5. Generating architectural options for $alu
5.1. Executing WRAPCELL pass. (wrap selected cells)
5.2. Executing TECHMAP pass (map to technology primitives).
5.2.1. Executing Verilog-2005 frontend: /home/lucast/workspace/OR-flow-TCC/tools/install/yosys/bin/../share/yosys/techmap.v
5.2.2. Executing Verilog-2005 frontend: /home/lucast/workspace/OR-flow-TCC/tools/install/yosys/bin/../share/yosys/choices/han-carlson.v
5.2.3. Continuing TECHMAP pass.
5.3. Executing TECHMAP pass (map to technology primitives).
5.3.1. Executing Verilog-2005 frontend: /home/lucast/workspace/OR-flow-TCC/tools/install/yosys/bin/../share/yosys/techmap.v
5.3.2. Executing Verilog-2005 frontend: /home/lucast/workspace/OR-flow-TCC/tools/install/yosys/bin/../share/yosys/choices/kogge-stone.v
5.3.3. Continuing TECHMAP pass.
5.4. Executing TECHMAP pass (map to technology primitives).
5.4.1. Executing Verilog-2005 frontend: /home/lucast/workspace/OR-flow-TCC/tools/install/yosys/bin/../share/yosys/techmap.v
5.4.2. Executing Verilog-2005 frontend: /home/lucast/workspace/OR-flow-TCC/tools/install/yosys/bin/../share/yosys/choices/sklansky.v
5.4.3. Continuing TECHMAP pass.
5.5. Executing TECHMAP pass (map to technology primitives).
5.5.1. Executing Verilog-2005 frontend: /home/lucast/workspace/OR-flow-TCC/tools/install/yosys/bin/../share/yosys/techmap.v
5.5.2. Continuing TECHMAP pass.
6. Generating architectural options for $macc
6.1. Executing WRAPCELL pass. (wrap selected cells)
6.2. Executing TECHMAP pass (map to technology primitives).
6.2.1. Executing Verilog-2005 frontend: /home/lucast/workspace/OR-flow-TCC/tools/install/yosys/bin/../share/yosys/techmap.v
6.2.2. Executing Verilog-2005 frontend: /home/lucast/workspace/OR-flow-TCC/flow/scripts/synth_wrap_operators-booth.v
6.2.3. Continuing TECHMAP pass.
6.3. Executing TECHMAP pass (map to technology primitives).
6.3.1. Executing Verilog-2005 frontend: /home/lucast/workspace/OR-flow-TCC/tools/install/yosys/bin/../share/yosys/techmap.v
6.3.2. Executing Verilog-2005 frontend: /home/lucast/workspace/OR-flow-TCC/tools/install/yosys/bin/../share/yosys/choices/han-carlson.v
6.3.3. Continuing TECHMAP pass.
7. Executing OPT pass (performing simple optimizations).
7.1. Executing OPT_EXPR pass (perform const folding).
7.2. Executing OPT_MERGE pass (detect identical cells).
7.3. Executing OPT_DFF pass (perform DFF optimizations).
7.4. Executing OPT_CLEAN pass (remove unused cells and wires).
7.5. Finished fast OPT passes.
8. Executing MEMORY_MAP pass (converting memories to logic and flip-flops).
9. Executing OPT pass (performing simple optimizations).
9.1. Executing OPT_EXPR pass (perform const folding).
9.2. Executing OPT_MERGE pass (detect identical cells).
9.3. Executing OPT_MUXTREE pass (detect dead branches in mux trees).
9.4. Executing OPT_REDUCE pass (consolidate $*mux and $reduce_* inputs).
9.5. Executing OPT_MERGE pass (detect identical cells).
9.6. Executing OPT_SHARE pass.
9.7. Executing OPT_DFF pass (perform DFF optimizations).
9.8. Executing OPT_CLEAN pass (remove unused cells and wires).
9.9. Executing OPT_EXPR pass (perform const folding).
9.10. Finished fast OPT passes. (There is nothing left to do.)
10. Executing TECHMAP pass (map to technology primitives).
10.1. Executing Verilog-2005 frontend: /home/lucast/workspace/OR-flow-TCC/tools/install/yosys/bin/../share/yosys/techmap.v
10.2. Executing Verilog-2005 frontend: /home/lucast/workspace/OR-flow-TCC/tools/install/yosys/bin/../share/yosys/choices/han-carlson.v
10.3. Continuing TECHMAP pass.
11. Executing OPT pass (performing simple optimizations).
11.1. Executing OPT_EXPR pass (perform const folding).
11.2. Executing OPT_MERGE pass (detect identical cells).
11.3. Executing OPT_MUXTREE pass (detect dead branches in mux trees).
11.4. Executing OPT_REDUCE pass (consolidate $*mux and $reduce_* inputs).
11.5. Executing OPT_MERGE pass (detect identical cells).
11.6. Executing OPT_DFF pass (perform DFF optimizations).
11.7. Executing OPT_CLEAN pass (remove unused cells and wires).
11.8. Executing OPT_EXPR pass (perform const folding).
11.9. Rerunning OPT passes. (Maybe there is more to do..)
11.10. Executing OPT_MUXTREE pass (detect dead branches in mux trees).
11.11. Executing OPT_REDUCE pass (consolidate $*mux and $reduce_* inputs).
11.12. Executing OPT_MERGE pass (detect identical cells).
11.13. Executing OPT_DFF pass (perform DFF optimizations).
11.14. Executing OPT_CLEAN pass (remove unused cells and wires).
11.15. Executing OPT_EXPR pass (perform const folding).
11.16. Finished fast OPT passes. (There is nothing left to do.)
12. Executing EXTRACT_FA pass (find and extract full/half adders).
13. Executing TECHMAP pass (map to technology primitives).
13.1. Executing Verilog-2005 frontend: /home/lucast/workspace/OR-flow-TCC/flow/platforms/asap7/yoSys/cells_adders_R.v
13.2. Continuing TECHMAP pass.
14. Executing TECHMAP pass (map to technology primitives).
14.1. Executing Verilog-2005 frontend: /home/lucast/workspace/OR-flow-TCC/tools/install/yosys/bin/../share/yosys/techmap.v
14.2. Continuing TECHMAP pass.
15. Executing OPT pass (performing simple optimizations).
15.1. Executing OPT_EXPR pass (perform const folding).
15.2. Executing OPT_MERGE pass (detect identical cells).
15.3. Executing OPT_DFF pass (perform DFF optimizations).
15.4. Executing OPT_CLEAN pass (remove unused cells and wires).
15.5. Finished fast OPT passes.
16. Executing TECHMAP pass (map to technology primitives).
16.1. Executing Verilog-2005 frontend: /home/lucast/workspace/OR-flow-TCC/flow/platforms/asap7/yoSys/cells_latch_R.v
16.2. Continuing TECHMAP pass.
17. Executing DFFLIBMAP pass (mapping DFF cells to sequential cells from liberty file).
17.1. Executing DFFLEGALIZE pass (convert FFs to types supported by the target).
18. Executing OPT pass (performing simple optimizations).
18.1. Executing OPT_EXPR pass (perform const folding).
18.2. Executing OPT_MERGE pass (detect identical cells).
18.3. Executing OPT_MUXTREE pass (detect dead branches in mux trees).
18.4. Executing OPT_REDUCE pass (consolidate $*mux and $reduce_* inputs).
18.5. Executing OPT_MERGE pass (detect identical cells).
18.6. Executing OPT_DFF pass (perform DFF optimizations).
18.7. Executing OPT_CLEAN pass (remove unused cells and wires).
18.8. Executing OPT_EXPR pass (perform const folding).
18.9. Rerunning OPT passes. (Maybe there is more to do..)
18.10. Executing OPT_MUXTREE pass (detect dead branches in mux trees).
18.11. Executing OPT_REDUCE pass (consolidate $*mux and $reduce_* inputs).
18.12. Executing OPT_MERGE pass (detect identical cells).
18.13. Executing OPT_DFF pass (perform DFF optimizations).
18.14. Executing OPT_CLEAN pass (remove unused cells and wires).
18.15. Executing OPT_EXPR pass (perform const folding).
18.16. Finished fast OPT passes. (There is nothing left to do.)
19. Executing SETUNDEF pass (replace undef values with defined constants).
abc_new -liberty /home/lucast/workspace/OR-flow-TCC/flow/platforms/asap7/lib/NLDM/asap7sc7p5t_AO_RVT_FF_nldm_211120.lib.gz -liberty /home/lucast/workspace/OR-flow-TCC/flow/platforms/asap7/lib/NLDM/asap7sc7p5t_INVBUF_RVT_FF_nldm_220122.lib.gz -liberty /home/lucast/workspace/OR-flow-TCC/flow/platforms/asap7/lib/NLDM/asap7sc7p5t_OA_RVT_FF_nldm_211120.lib.gz -liberty /home/lucast/workspace/OR-flow-TCC/flow/platforms/asap7/lib/NLDM/asap7sc7p5t_SIMPLE_RVT_FF_nldm_211120.lib.gz -liberty /home/lucast/workspace/OR-flow-TCC/flow/platforms/asap7/lib/NLDM/asap7sc7p5t_SEQ_RVT_FF_nldm_220123.lib -dont_use *x1p*_ASAP7* -dont_use *xp*_ASAP7* -dont_use SDF* -dont_use ICG* -constr ./objects/asap7/mock-alu/base-run2/abc.constr -D 300
Warning: Feature 'abc_new' is experimental.
20. Executing ABC_NEW pass.
20.1. Executing ABC9_OPS pass (helper functions for ABC9).
20.2. Executing BOX_DERIVE pass. (derive modules for boxes)
20.3. Executing ABC9_OPS pass (helper functions for ABC9).
20.4. Executing ABC9_OPS pass (helper functions for ABC9).
20.5. Mapping module 'ALU_64_0_64_0_65_unused_CO_X_HAN_CARLSON'.
20.5.1. Executing ABC9_OPS pass (helper functions for ABC9).
Warning: Feature 'write_xaiger2' is experimental.
20.5.2. Executing XAIGER2 backend.
20.5.3. Executing ABC9_EXE pass (technology mapping using ABC9).
20.5.4. Executing ABC9.
Warning: ABC: execution of command ""/home/lucast/workspace/OR-flow-TCC/tools/install/yosys/bin/yosys-abc" -s -f /tmp/yosys-abc-Mwm7Tz/abc.script 2>&1" failed: return code 134.
Warning: Feature 'read_xaiger2' is experimental.
20.5.5. Executing XAIGER2 frontend.
20.6. Executing PORTARCS pass. (derive propagation arcs)
20.7. Executing ABC9_OPS pass (helper functions for ABC9).
20.8. Mapping module 'MockAlu'.
20.8.1. Executing ABC9_OPS pass (helper functions for ABC9).
20.8.2. Executing XAIGER2 backend.
20.8.3. Executing ABC9_EXE pass (technology mapping using ABC9).
20.8.4. Executing ABC9.
Warning: ABC: execution of command ""/home/lucast/workspace/OR-flow-TCC/tools/install/yosys/bin/yosys-abc" -s -f /tmp/yosys-abc-MBG6YG/abc.script 2>&1" failed: return code 134.
20.8.5. Executing XAIGER2 frontend.
20.9. Mapping module 'ALU_64_0_64_0_65_unused_CO_X_BRENT_KUNG'.
20.9.1. Executing ABC9_OPS pass (helper functions for ABC9).
20.9.2. Executing XAIGER2 backend.
20.9.3. Executing ABC9_EXE pass (technology mapping using ABC9).
20.9.4. Executing ABC9.
Warning: ABC: execution of command ""/home/lucast/workspace/OR-flow-TCC/tools/install/yosys/bin/yosys-abc" -s -f /tmp/yosys-abc-X8UtoL/abc.script 2>&1" failed: return code 134.
20.9.5. Executing XAIGER2 frontend.
20.10. Executing PORTARCS pass. (derive propagation arcs)
20.11. Executing ABC9_OPS pass (helper functions for ABC9).
20.12. Mapping module 'ALU_64_0_64_0_65_unused_CO_X_KOGGE_STONE'.
20.12.1. Executing ABC9_OPS pass (helper functions for ABC9).
20.12.2. Executing XAIGER2 backend.
20.12.3. Executing ABC9_EXE pass (technology mapping using ABC9).
20.12.4. Executing ABC9.
Warning: ABC: execution of command ""/home/lucast/workspace/OR-flow-TCC/tools/install/yosys/bin/yosys-abc" -s -f /tmp/yosys-abc-vxZrOx/abc.script 2>&1" failed: return code 134.
20.12.5. Executing XAIGER2 frontend.
20.13. Executing PORTARCS pass. (derive propagation arcs)
20.14. Executing ABC9_OPS pass (helper functions for ABC9).
20.15. Mapping module 'ALU_64_0_64_0_65_unused_CO_X_SKLANSKY'.
20.15.1. Executing ABC9_OPS pass (helper functions for ABC9).
20.15.2. Executing XAIGER2 backend.
20.15.3. Executing ABC9_EXE pass (technology mapping using ABC9).
20.15.4. Executing ABC9.
Warning: ABC: execution of command ""/home/lucast/workspace/OR-flow-TCC/tools/install/yosys/bin/yosys-abc" -s -f /tmp/yosys-abc-UyHB8c/abc.script 2>&1" failed: return code 134.
20.15.5. Executing XAIGER2 frontend.
20.16. Executing PORTARCS pass. (derive propagation arcs)
20.17. Executing ABC9_OPS pass (helper functions for ABC9).
20.18. Executing ABC9_OPS pass (helper functions for ABC9).
Took 9 seconds: abc_new -liberty /home/lucast/workspace/OR-flow-TCC/flow/platforms/asap7/lib/NLDM/asap7sc7p5t_AO_RVT_FF_nldm_211120.lib.gz -liberty /home/lucast/workspace/OR-flow-TCC/flow/platforms/asap7/lib/NLDM/asap7sc7p5t_INVBUF_RVT_FF_nldm_220122.lib.gz -liberty /home/lucast/workspace/OR-flow-TCC/flow/platforms/asap7/lib/NLDM/asap7sc7p5t_OA_RVT_FF_nldm_211120.lib.gz -liberty /home/lucast/workspace/OR-flow-TCC/flow/platforms/asap7/lib/NLDM/asap7sc7p5t_SIMPLE_RVT_FF_nldm_211120.lib.gz -liberty /home/lucast/workspace/OR-flow-TCC/flow/platforms/asap7/lib/NLDM/asap7sc7p5t_SEQ_RVT_FF_nldm_220123.lib -dont_use *x1p*_ASAP7* -dont_use *xp*_ASAP7* -dont_use SDF* -dont_use ICG* -constr ./objects/asap7/mock-alu/base-run2/abc.constr -D 300
21. Executing SPLITNETS pass (splitting up multi-bit signals).
22. Executing OPT_CLEAN pass (remove unused cells and wires).
23. Executing HILOMAP pass (mapping to constant drivers).
24. Executing INSBUF pass (insert buffer cells for connected wires).
25. Executing CHECK pass (checking for obvious problems).
26. Printing statistics.
27. Executing CHECK pass (checking for obvious problems).
28. Executing Verilog backend.
28.1. Executing BMUXMAP pass.
28.2. Executing DEMUXMAP pass.
exec cp designs/asap7/mock-alu/constraints.sdc ./results/asap7/mock-alu/base-run2/1_synth.sdc
Warnings: 8 unique messages, 8 total
Warnings: 3 experimental features used (not excluded with -x).
End of script. Logfile hash: 42795d3206, CPU: user 3.58s system 0.06s, MEM: 179.54 MB peak
Yosys 0.63 (git sha1 d3e297fcd, g++ 13.3.0-6ubuntu2~24.04.1 -fPIC -O3) [the-openroad-project/yosys]
Time spent: 49% 5x abc9_exe (3 sec), 9% 27x opt_clean (0 sec), ...
Elapsed time: 0:12.54[h:]min:sec. CPU time: user 7.13 sys 0.15 (58%). Peak memory: 184648KB.
