
==========================================================================
resizer report_tns
--------------------------------------------------------------------------
tns max 0.00

==========================================================================
resizer report_wns
--------------------------------------------------------------------------
wns max 0.00

==========================================================================
resizer report_worst_slack
--------------------------------------------------------------------------
worst slack max 114.69

==========================================================================
resizer report_clock_min_period
--------------------------------------------------------------------------
clk period_min = 265.31 fmax = 3769.13

==========================================================================
resizer report_checks -path_delay min
--------------------------------------------------------------------------
Startpoint: _tray_size2_20 (rising edge-triggered flip-flop clocked by clk)
Endpoint: _tray_size2_20 (rising edge-triggered flip-flop clocked by clk)
Path Group: clk
Path Type: min

Fanout     Cap    Slew   Delay    Time   Description
-----------------------------------------------------------------------------
                  0.00    0.00    0.00   clock clk (rise edge)
                          0.00    0.00   clock network delay (ideal)
                  0.00    0.00    0.00 ^ _tray_size2_20/CLK (DFFHQNV2Xx1_ASAP7_75t_R)
     3    3.61   40.59   60.26   60.26 v _tray_size2_20/QN0 (DFFHQNV2Xx1_ASAP7_75t_R)
                                         rcnt_next[0] (net)
                 40.59    0.20   60.46 v _070_/A (INVx3_ASAP7_75t_R)
     6    6.28   22.58   18.09   78.55 ^ _070_/Y (INVx3_ASAP7_75t_R)
                                         rcnt[0] (net)
                 22.58    0.16   78.71 ^ _089_/B (NOR2x1_ASAP7_75t_R)
     1    0.70    9.48    9.01   87.71 v _089_/Y (NOR2x1_ASAP7_75t_R)
                                         _021_ (net)
                  9.48    0.04   87.75 v _tray_size2_20/D0 (DFFHQNV2Xx1_ASAP7_75t_R)
                                 87.75   data arrival time

                  0.00    0.00    0.00   clock clk (rise edge)
                          0.00    0.00   clock network delay (ideal)
                          0.00    0.00   clock reconvergence pessimism
                                  0.00 ^ _tray_size2_20/CLK (DFFHQNV2Xx1_ASAP7_75t_R)
                          8.66    8.66   library hold time
                                  8.66   data required time
-----------------------------------------------------------------------------
                                  8.66   data required time
                                -87.75   data arrival time
-----------------------------------------------------------------------------
                                 79.09   slack (MET)



==========================================================================
resizer report_checks -path_delay max
--------------------------------------------------------------------------
Startpoint: _tray_size2_20 (rising edge-triggered flip-flop clocked by clk)
Endpoint: _tray_size4_22 (rising edge-triggered flip-flop clocked by clk)
Path Group: clk
Path Type: max

Fanout     Cap    Slew   Delay    Time   Description
-----------------------------------------------------------------------------
                  0.00    0.00    0.00   clock clk (rise edge)
                          0.00    0.00   clock network delay (ideal)
                  0.00    0.00    0.00 ^ _tray_size2_20/CLK (DFFHQNV2Xx1_ASAP7_75t_R)
     4    5.13   51.24   66.75   66.75 v _tray_size2_20/QN1 (DFFHQNV2Xx1_ASAP7_75t_R)
                                         _009_ (net)
                 51.25    0.23   66.98 v _071_/A (INVx1_ASAP7_75t_R)
     2    1.87   23.40   18.86   85.84 ^ _071_/Y (INVx1_ASAP7_75t_R)
                                         rcnt[1] (net)
                 23.40    0.04   85.88 ^ _115_/B (HAxp5_ASAP7_75t_R)
     1    0.75   20.12   13.71   99.60 v _115_/CON (HAxp5_ASAP7_75t_R)
                                         _014_ (net)
                 20.12    0.03   99.63 v _073_/A (INVx1_ASAP7_75t_R)
     2    1.90   16.46   12.99  112.62 ^ _073_/Y (INVx1_ASAP7_75t_R)
                                         _015_ (net)
                 16.46    0.05  112.67 ^ _116_/B (HAxp5_ASAP7_75t_R)
     4    4.73   83.30   65.48  178.16 v _116_/SN (HAxp5_ASAP7_75t_R)
                                         rcnt_next[2] (net)
                 83.31    0.14  178.29 v _079_/A (INVx2_ASAP7_75t_R)
     3    4.37   31.98   24.66  202.95 ^ _079_/Y (INVx2_ASAP7_75t_R)
                                         _036_ (net)
                 31.99    0.30  203.25 ^ _096_/A (AND2x2_ASAP7_75t_R)
     1    1.50    9.26   18.97  222.22 ^ _096_/Y (AND2x2_ASAP7_75t_R)
                                         _048_ (net)
                  9.26    0.08  222.30 ^ _097_/B (OAI21x1_ASAP7_75t_R)
     2    2.53   20.59   11.33  233.63 v _097_/Y (OAI21x1_ASAP7_75t_R)
                                         _049_ (net)
                 20.59    0.13  233.76 v _098_/A2 (AOI21x1_ASAP7_75t_R)
     1    0.67   16.19   10.49  244.25 ^ _098_/Y (AOI21x1_ASAP7_75t_R)
                                         _024_ (net)
                 16.19    0.03  244.28 ^ _tray_size4_22/D2 (DFFHQNH2V2Xx1_ASAP7_75t_R)
                                244.28   data arrival time

                  0.00  380.00  380.00   clock clk (rise edge)
                          0.00  380.00   clock network delay (ideal)
                          0.00  380.00   clock reconvergence pessimism
                                380.00 ^ _tray_size4_22/CLK (DFFHQNH2V2Xx1_ASAP7_75t_R)
                        -21.03  358.97   library setup time
                                358.97   data required time
-----------------------------------------------------------------------------
                                358.97   data required time
                               -244.28   data arrival time
-----------------------------------------------------------------------------
                                114.69   slack (MET)



==========================================================================
resizer report_checks -unconstrained
--------------------------------------------------------------------------
Startpoint: _tray_size2_20 (rising edge-triggered flip-flop clocked by clk)
Endpoint: _tray_size4_22 (rising edge-triggered flip-flop clocked by clk)
Path Group: clk
Path Type: max

Fanout     Cap    Slew   Delay    Time   Description
-----------------------------------------------------------------------------
                  0.00    0.00    0.00   clock clk (rise edge)
                          0.00    0.00   clock network delay (ideal)
                  0.00    0.00    0.00 ^ _tray_size2_20/CLK (DFFHQNV2Xx1_ASAP7_75t_R)
     4    5.13   51.24   66.75   66.75 v _tray_size2_20/QN1 (DFFHQNV2Xx1_ASAP7_75t_R)
                                         _009_ (net)
                 51.25    0.23   66.98 v _071_/A (INVx1_ASAP7_75t_R)
     2    1.87   23.40   18.86   85.84 ^ _071_/Y (INVx1_ASAP7_75t_R)
                                         rcnt[1] (net)
                 23.40    0.04   85.88 ^ _115_/B (HAxp5_ASAP7_75t_R)
     1    0.75   20.12   13.71   99.60 v _115_/CON (HAxp5_ASAP7_75t_R)
                                         _014_ (net)
                 20.12    0.03   99.63 v _073_/A (INVx1_ASAP7_75t_R)
     2    1.90   16.46   12.99  112.62 ^ _073_/Y (INVx1_ASAP7_75t_R)
                                         _015_ (net)
                 16.46    0.05  112.67 ^ _116_/B (HAxp5_ASAP7_75t_R)
     4    4.73   83.30   65.48  178.16 v _116_/SN (HAxp5_ASAP7_75t_R)
                                         rcnt_next[2] (net)
                 83.31    0.14  178.29 v _079_/A (INVx2_ASAP7_75t_R)
     3    4.37   31.98   24.66  202.95 ^ _079_/Y (INVx2_ASAP7_75t_R)
                                         _036_ (net)
                 31.99    0.30  203.25 ^ _096_/A (AND2x2_ASAP7_75t_R)
     1    1.50    9.26   18.97  222.22 ^ _096_/Y (AND2x2_ASAP7_75t_R)
                                         _048_ (net)
                  9.26    0.08  222.30 ^ _097_/B (OAI21x1_ASAP7_75t_R)
     2    2.53   20.59   11.33  233.63 v _097_/Y (OAI21x1_ASAP7_75t_R)
                                         _049_ (net)
                 20.59    0.13  233.76 v _098_/A2 (AOI21x1_ASAP7_75t_R)
     1    0.67   16.19   10.49  244.25 ^ _098_/Y (AOI21x1_ASAP7_75t_R)
                                         _024_ (net)
                 16.19    0.03  244.28 ^ _tray_size4_22/D2 (DFFHQNH2V2Xx1_ASAP7_75t_R)
                                244.28   data arrival time

                  0.00  380.00  380.00   clock clk (rise edge)
                          0.00  380.00   clock network delay (ideal)
                          0.00  380.00   clock reconvergence pessimism
                                380.00 ^ _tray_size4_22/CLK (DFFHQNH2V2Xx1_ASAP7_75t_R)
                        -21.03  358.97   library setup time
                                358.97   data required time
-----------------------------------------------------------------------------
                                358.97   data required time
                               -244.28   data arrival time
-----------------------------------------------------------------------------
                                114.69   slack (MET)



==========================================================================
resizer report_check_types -max_slew -max_cap -max_fanout -violators
--------------------------------------------------------------------------

==========================================================================
resizer max_slew_check_slack
--------------------------------------------------------------------------
236.69436645507812

==========================================================================
resizer max_slew_check_limit
--------------------------------------------------------------------------
320.0

==========================================================================
resizer max_slew_check_slack_limit
--------------------------------------------------------------------------
0.7397

==========================================================================
resizer max_fanout_check_slack
--------------------------------------------------------------------------
1.0000000150474662e+30

==========================================================================
resizer max_fanout_check_limit
--------------------------------------------------------------------------
1.0000000150474662e+30

==========================================================================
resizer max_capacitance_check_slack
--------------------------------------------------------------------------
16.323461532592773

==========================================================================
resizer max_capacitance_check_limit
--------------------------------------------------------------------------
23.040000915527344

==========================================================================
resizer max_capacitance_check_slack_limit
--------------------------------------------------------------------------
0.7085

==========================================================================
resizer max_slew_violation_count
--------------------------------------------------------------------------
max slew violation count 0

==========================================================================
resizer max_fanout_violation_count
--------------------------------------------------------------------------
max fanout violation count 0

==========================================================================
resizer max_cap_violation_count
--------------------------------------------------------------------------
max cap violation count 0

==========================================================================
resizer setup_violation_count
--------------------------------------------------------------------------
setup violation count 0

==========================================================================
resizer hold_violation_count
--------------------------------------------------------------------------
hold violation count 0

==========================================================================
resizer report_checks -path_delay max reg to reg
--------------------------------------------------------------------------
Startpoint: _tray_size2_20 (rising edge-triggered flip-flop clocked by clk)
Endpoint: _tray_size4_22 (rising edge-triggered flip-flop clocked by clk)
Path Group: clk
Path Type: max

  Delay    Time   Description
---------------------------------------------------------
   0.00    0.00   clock clk (rise edge)
   0.00    0.00   clock network delay (ideal)
   0.00    0.00 ^ _tray_size2_20/CLK (DFFHQNV2Xx1_ASAP7_75t_R)
  66.75   66.75 v _tray_size2_20/QN1 (DFFHQNV2Xx1_ASAP7_75t_R)
  19.09   85.84 ^ _071_/Y (INVx1_ASAP7_75t_R)
  13.76   99.60 v _115_/CON (HAxp5_ASAP7_75t_R)
  13.03  112.62 ^ _073_/Y (INVx1_ASAP7_75t_R)
  65.54  178.16 v _116_/SN (HAxp5_ASAP7_75t_R)
  24.79  202.95 ^ _079_/Y (INVx2_ASAP7_75t_R)
  19.27  222.22 ^ _096_/Y (AND2x2_ASAP7_75t_R)
  11.41  233.63 v _097_/Y (OAI21x1_ASAP7_75t_R)
  10.62  244.25 ^ _098_/Y (AOI21x1_ASAP7_75t_R)
   0.03  244.28 ^ _tray_size4_22/D2 (DFFHQNH2V2Xx1_ASAP7_75t_R)
         244.28   data arrival time

 380.00  380.00   clock clk (rise edge)
   0.00  380.00   clock network delay (ideal)
   0.00  380.00   clock reconvergence pessimism
         380.00 ^ _tray_size4_22/CLK (DFFHQNH2V2Xx1_ASAP7_75t_R)
 -21.03  358.97   library setup time
         358.97   data required time
---------------------------------------------------------
         358.97   data required time
        -244.28   data arrival time
---------------------------------------------------------
         114.69   slack (MET)



==========================================================================
resizer report_checks -path_delay min reg to reg
--------------------------------------------------------------------------
Startpoint: _tray_size2_20 (rising edge-triggered flip-flop clocked by clk)
Endpoint: _tray_size2_20 (rising edge-triggered flip-flop clocked by clk)
Path Group: clk
Path Type: min

  Delay    Time   Description
---------------------------------------------------------
   0.00    0.00   clock clk (rise edge)
   0.00    0.00   clock network delay (ideal)
   0.00    0.00 ^ _tray_size2_20/CLK (DFFHQNV2Xx1_ASAP7_75t_R)
  60.26   60.26 v _tray_size2_20/QN0 (DFFHQNV2Xx1_ASAP7_75t_R)
  18.29   78.55 ^ _070_/Y (INVx3_ASAP7_75t_R)
   9.16   87.71 v _089_/Y (NOR2x1_ASAP7_75t_R)
   0.04   87.75 v _tray_size2_20/D0 (DFFHQNV2Xx1_ASAP7_75t_R)
          87.75   data arrival time

   0.00    0.00   clock clk (rise edge)
   0.00    0.00   clock network delay (ideal)
   0.00    0.00   clock reconvergence pessimism
           0.00 ^ _tray_size2_20/CLK (DFFHQNV2Xx1_ASAP7_75t_R)
   8.66    8.66   library hold time
           8.66   data required time
---------------------------------------------------------
           8.66   data required time
         -87.75   data arrival time
---------------------------------------------------------
          79.09   slack (MET)



==========================================================================
resizer critical path target clock latency max path
--------------------------------------------------------------------------
0.0000

==========================================================================
resizer critical path target clock latency min path
--------------------------------------------------------------------------
0.0000

==========================================================================
resizer critical path source clock latency min path
--------------------------------------------------------------------------
0.0000

==========================================================================
resizer critical path delay
--------------------------------------------------------------------------
244.2837

==========================================================================
resizer critical path slack
--------------------------------------------------------------------------
114.6870

==========================================================================
resizer slack div critical path delay
--------------------------------------------------------------------------
46.948282

==========================================================================
resizer report_power
--------------------------------------------------------------------------
Group                  Internal  Switching    Leakage      Total
                          Power      Power      Power      Power (Watts)
----------------------------------------------------------------
Sequential             3.85e-05   1.91e-06   1.57e-09   4.04e-05  66.5%
Combinational          8.08e-06   1.23e-05   3.79e-09   2.03e-05  33.5%
Clock                  0.00e+00   0.00e+00   0.00e+00   0.00e+00   0.0%
Macro                  0.00e+00   0.00e+00   0.00e+00   0.00e+00   0.0%
Pad                    0.00e+00   0.00e+00   0.00e+00   0.00e+00   0.0%
----------------------------------------------------------------
Total                  4.65e-05   1.42e-05   5.35e-09   6.07e-05 100.0%
                          76.7%      23.3%       0.0%
