
==========================================================================
detailed place report_tns
--------------------------------------------------------------------------
tns max 0.00

==========================================================================
detailed place report_wns
--------------------------------------------------------------------------
wns max 0.00

==========================================================================
detailed place report_worst_slack
--------------------------------------------------------------------------
worst slack max 0.23

==========================================================================
detailed place report_clock_min_period
--------------------------------------------------------------------------
core_clock period_min = 309.77 fmax = 3228.22

==========================================================================
detailed place report_checks -path_delay min
--------------------------------------------------------------------------
Startpoint: ctrl.state.out[1]$_DFF_P_
            (rising edge-triggered flip-flop clocked by core_clock)
Endpoint: ctrl.state.out[1]$_DFF_P_
          (rising edge-triggered flip-flop clocked by core_clock)
Path Group: core_clock
Path Type: min

Fanout     Cap    Slew   Delay    Time   Description
-----------------------------------------------------------------------------
                  0.00    0.00    0.00   clock core_clock (rise edge)
                          0.00    0.00   clock network delay (ideal)
                  0.00    0.00    0.00 ^ ctrl.state.out[1]$_DFF_P_/CLK (DFFHQNx1_ASAP7_75t_R)
     2    1.09   14.84   33.92   33.92 ^ ctrl.state.out[1]$_DFF_P_/QN (DFFHQNx1_ASAP7_75t_R)
                                         _006_ (net)
                 14.84    0.03   33.95 ^ _430_/B (AO21x1_ASAP7_75t_R)
     1    0.97    8.32   12.98   46.93 ^ _430_/Y (AO21x1_ASAP7_75t_R)
                                         _190_ (net)
                  8.32    0.04   46.97 ^ _446_/A1 (AOI21x1_ASAP7_75t_R)
     1    0.75    6.71    7.28   54.25 v _446_/Y (AOI21x1_ASAP7_75t_R)
                                         _001_ (net)
                  6.71    0.04   54.29 v ctrl.state.out[1]$_DFF_P_/D (DFFHQNx1_ASAP7_75t_R)
                                 54.29   data arrival time

                  0.00    0.00    0.00   clock core_clock (rise edge)
                          0.00    0.00   clock network delay (ideal)
                          0.00    0.00   clock reconvergence pessimism
                                  0.00 ^ ctrl.state.out[1]$_DFF_P_/CLK (DFFHQNx1_ASAP7_75t_R)
                          8.59    8.59   library hold time
                                  8.59   data required time
-----------------------------------------------------------------------------
                                  8.59   data required time
                                -54.29   data arrival time
-----------------------------------------------------------------------------
                                 45.70   slack (MET)



==========================================================================
detailed place report_checks -path_delay max
--------------------------------------------------------------------------
Startpoint: dpath.b_reg.out[6]$_DFFE_PP_
            (rising edge-triggered flip-flop clocked by core_clock)
Endpoint: resp_msg[13] (output port clocked by core_clock)
Path Group: core_clock
Path Type: max

Fanout     Cap    Slew   Delay    Time   Description
-----------------------------------------------------------------------------
                  0.00    0.00    0.00   clock core_clock (rise edge)
                          0.00    0.00   clock network delay (ideal)
                  0.00    0.00    0.00 ^ dpath.b_reg.out[6]$_DFFE_PP_/CLK (DFFHQNx1_ASAP7_75t_R)
     3    2.80   25.53   40.61   40.61 ^ dpath.b_reg.out[6]$_DFFE_PP_/QN (DFFHQNx1_ASAP7_75t_R)
                                         _039_ (net)
                 25.54    0.14   40.75 ^ _588_/A (HAxp5_ASAP7_75t_R)
     5    3.84   67.76   59.33  100.09 v _588_/SN (HAxp5_ASAP7_75t_R)
                                         _041_ (net)
                 67.77    0.10  100.19 v _330_/A2 (OA21x2_ASAP7_75t_R)
     3    2.04   11.40   31.75  131.94 v _330_/Y (OA21x2_ASAP7_75t_R)
                                         _107_ (net)
                 11.41    0.10  132.03 v _335_/A (AND2x2_ASAP7_75t_R)
     2    1.38    7.08   16.85  148.89 v _335_/Y (AND2x2_ASAP7_75t_R)
                                         _112_ (net)
                  7.08    0.04  148.93 v _386_/C (OR3x2_ASAP7_75t_R)
     3    3.11   14.66   28.01  176.94 v _386_/Y (OR3x2_ASAP7_75t_R)
                                         _161_ (net)
                 14.67    0.22  177.15 v _389_/A2 (OA21x2_ASAP7_75t_R)
     1    0.57    6.09   18.21  195.36 v _389_/Y (OA21x2_ASAP7_75t_R)
                                         _164_ (net)
                  6.09    0.02  195.38 v _393_/C (OR5x2_ASAP7_75t_R)
     2    1.68   14.29   37.73  233.11 v _393_/Y (OR5x2_ASAP7_75t_R)
                                         net41 (net)
                 14.30    0.16  233.27 v output41/A (BUFx2_ASAP7_75t_R)
     1    0.22    4.27   14.49  247.76 v output41/Y (BUFx2_ASAP7_75t_R)
                                         resp_msg[13] (net)
                  4.27    0.01  247.77 v resp_msg[13] (out)
                                247.77   data arrival time

                  0.00  310.00  310.00   clock core_clock (rise edge)
                          0.00  310.00   clock network delay (ideal)
                          0.00  310.00   clock reconvergence pessimism
                        -62.00  248.00   output external delay
                                248.00   data required time
-----------------------------------------------------------------------------
                                248.00   data required time
                               -247.77   data arrival time
-----------------------------------------------------------------------------
                                  0.23   slack (MET)



==========================================================================
detailed place report_checks -unconstrained
--------------------------------------------------------------------------
Startpoint: dpath.b_reg.out[6]$_DFFE_PP_
            (rising edge-triggered flip-flop clocked by core_clock)
Endpoint: resp_msg[13] (output port clocked by core_clock)
Path Group: core_clock
Path Type: max

Fanout     Cap    Slew   Delay    Time   Description
-----------------------------------------------------------------------------
                  0.00    0.00    0.00   clock core_clock (rise edge)
                          0.00    0.00   clock network delay (ideal)
                  0.00    0.00    0.00 ^ dpath.b_reg.out[6]$_DFFE_PP_/CLK (DFFHQNx1_ASAP7_75t_R)
     3    2.80   25.53   40.61   40.61 ^ dpath.b_reg.out[6]$_DFFE_PP_/QN (DFFHQNx1_ASAP7_75t_R)
                                         _039_ (net)
                 25.54    0.14   40.75 ^ _588_/A (HAxp5_ASAP7_75t_R)
     5    3.84   67.76   59.33  100.09 v _588_/SN (HAxp5_ASAP7_75t_R)
                                         _041_ (net)
                 67.77    0.10  100.19 v _330_/A2 (OA21x2_ASAP7_75t_R)
     3    2.04   11.40   31.75  131.94 v _330_/Y (OA21x2_ASAP7_75t_R)
                                         _107_ (net)
                 11.41    0.10  132.03 v _335_/A (AND2x2_ASAP7_75t_R)
     2    1.38    7.08   16.85  148.89 v _335_/Y (AND2x2_ASAP7_75t_R)
                                         _112_ (net)
                  7.08    0.04  148.93 v _386_/C (OR3x2_ASAP7_75t_R)
     3    3.11   14.66   28.01  176.94 v _386_/Y (OR3x2_ASAP7_75t_R)
                                         _161_ (net)
                 14.67    0.22  177.15 v _389_/A2 (OA21x2_ASAP7_75t_R)
     1    0.57    6.09   18.21  195.36 v _389_/Y (OA21x2_ASAP7_75t_R)
                                         _164_ (net)
                  6.09    0.02  195.38 v _393_/C (OR5x2_ASAP7_75t_R)
     2    1.68   14.29   37.73  233.11 v _393_/Y (OR5x2_ASAP7_75t_R)
                                         net41 (net)
                 14.30    0.16  233.27 v output41/A (BUFx2_ASAP7_75t_R)
     1    0.22    4.27   14.49  247.76 v output41/Y (BUFx2_ASAP7_75t_R)
                                         resp_msg[13] (net)
                  4.27    0.01  247.77 v resp_msg[13] (out)
                                247.77   data arrival time

                  0.00  310.00  310.00   clock core_clock (rise edge)
                          0.00  310.00   clock network delay (ideal)
                          0.00  310.00   clock reconvergence pessimism
                        -62.00  248.00   output external delay
                                248.00   data required time
-----------------------------------------------------------------------------
                                248.00   data required time
                               -247.77   data arrival time
-----------------------------------------------------------------------------
                                  0.23   slack (MET)



==========================================================================
detailed place report_check_types -max_slew -max_cap -max_fanout -violators
--------------------------------------------------------------------------

==========================================================================
detailed place max_slew_check_slack
--------------------------------------------------------------------------
239.04417419433594

==========================================================================
detailed place max_slew_check_limit
--------------------------------------------------------------------------
320.0

==========================================================================
detailed place max_slew_check_slack_limit
--------------------------------------------------------------------------
0.7470

==========================================================================
detailed place max_fanout_check_slack
--------------------------------------------------------------------------
1.0000000150474662e+30

==========================================================================
detailed place max_fanout_check_limit
--------------------------------------------------------------------------
1.0000000150474662e+30

==========================================================================
detailed place max_capacitance_check_slack
--------------------------------------------------------------------------
18.42058753967285

==========================================================================
detailed place max_capacitance_check_limit
--------------------------------------------------------------------------
23.040000915527344

==========================================================================
detailed place max_capacitance_check_slack_limit
--------------------------------------------------------------------------
0.7995

==========================================================================
detailed place max_slew_violation_count
--------------------------------------------------------------------------
max slew violation count 0

==========================================================================
detailed place max_fanout_violation_count
--------------------------------------------------------------------------
max fanout violation count 0

==========================================================================
detailed place max_cap_violation_count
--------------------------------------------------------------------------
max cap violation count 0

==========================================================================
detailed place setup_violation_count
--------------------------------------------------------------------------
setup violation count 0

==========================================================================
detailed place hold_violation_count
--------------------------------------------------------------------------
hold violation count 0

==========================================================================
detailed place report_checks -path_delay max reg to reg
--------------------------------------------------------------------------
Startpoint: dpath.b_reg.out[10]$_DFFE_PP_
            (rising edge-triggered flip-flop clocked by core_clock)
Endpoint: dpath.b_reg.out[12]$_DFFE_PP_
          (rising edge-triggered flip-flop clocked by core_clock)
Path Group: core_clock
Path Type: max

  Delay    Time   Description
---------------------------------------------------------
   0.00    0.00   clock core_clock (rise edge)
   0.00    0.00   clock network delay (ideal)
   0.00    0.00 ^ dpath.b_reg.out[10]$_DFFE_PP_/CLK (DFFHQNx1_ASAP7_75t_R)
  40.29   40.29 ^ dpath.b_reg.out[10]$_DFFE_PP_/QN (DFFHQNx1_ASAP7_75t_R)
  67.35  107.65 v _584_/SN (HAxp5_ASAP7_75t_R)
  36.71  144.36 v _370_/Y (OR2x2_ASAP7_75t_R)
  29.38  173.74 v _397_/Y (OR3x1_ASAP7_75t_R)
  36.92  210.67 v _453_/Y (OA21x2_ASAP7_75t_R)
  16.56  227.23 ^ _455_/Y (NOR2x1_ASAP7_75t_R)
  23.86  251.08 ^ place75/Y (BUFx3_ASAP7_75t_R)
  25.33  276.42 ^ _572_/Y (AO221x1_ASAP7_75t_R)
   0.04  276.46 ^ dpath.b_reg.out[12]$_DFFE_PP_/D (DFFHQNx1_ASAP7_75t_R)
         276.46   data arrival time

 310.00  310.00   clock core_clock (rise edge)
   0.00  310.00   clock network delay (ideal)
   0.00  310.00   clock reconvergence pessimism
         310.00 ^ dpath.b_reg.out[12]$_DFFE_PP_/CLK (DFFHQNx1_ASAP7_75t_R)
 -15.18  294.82   library setup time
         294.82   data required time
---------------------------------------------------------
         294.82   data required time
        -276.46   data arrival time
---------------------------------------------------------
          18.36   slack (MET)



==========================================================================
detailed place report_checks -path_delay min reg to reg
--------------------------------------------------------------------------
Startpoint: ctrl.state.out[1]$_DFF_P_
            (rising edge-triggered flip-flop clocked by core_clock)
Endpoint: ctrl.state.out[1]$_DFF_P_
          (rising edge-triggered flip-flop clocked by core_clock)
Path Group: core_clock
Path Type: min

  Delay    Time   Description
---------------------------------------------------------
   0.00    0.00   clock core_clock (rise edge)
   0.00    0.00   clock network delay (ideal)
   0.00    0.00 ^ ctrl.state.out[1]$_DFF_P_/CLK (DFFHQNx1_ASAP7_75t_R)
  33.92   33.92 ^ ctrl.state.out[1]$_DFF_P_/QN (DFFHQNx1_ASAP7_75t_R)
  13.01   46.93 ^ _430_/Y (AO21x1_ASAP7_75t_R)
   7.32   54.25 v _446_/Y (AOI21x1_ASAP7_75t_R)
   0.04   54.29 v ctrl.state.out[1]$_DFF_P_/D (DFFHQNx1_ASAP7_75t_R)
          54.29   data arrival time

   0.00    0.00   clock core_clock (rise edge)
   0.00    0.00   clock network delay (ideal)
   0.00    0.00   clock reconvergence pessimism
           0.00 ^ ctrl.state.out[1]$_DFF_P_/CLK (DFFHQNx1_ASAP7_75t_R)
   8.59    8.59   library hold time
           8.59   data required time
---------------------------------------------------------
           8.59   data required time
         -54.29   data arrival time
---------------------------------------------------------
          45.70   slack (MET)



==========================================================================
detailed place critical path target clock latency max path
--------------------------------------------------------------------------
0.0000

==========================================================================
detailed place critical path target clock latency min path
--------------------------------------------------------------------------
0.0000

==========================================================================
detailed place critical path source clock latency min path
--------------------------------------------------------------------------
0.0000

==========================================================================
detailed place critical path delay
--------------------------------------------------------------------------
247.7682

==========================================================================
detailed place critical path slack
--------------------------------------------------------------------------
0.2318

==========================================================================
detailed place slack div critical path delay
--------------------------------------------------------------------------
0.093555

==========================================================================
detailed place report_power
--------------------------------------------------------------------------
Group                  Internal  Switching    Leakage      Total
                          Power      Power      Power      Power (Watts)
----------------------------------------------------------------
Sequential             2.12e-04   1.76e-05   5.38e-09   2.29e-04  30.5%
Combinational          2.91e-04   2.30e-04   2.13e-08   5.22e-04  69.5%
Clock                  0.00e+00   0.00e+00   0.00e+00   0.00e+00   0.0%
Macro                  0.00e+00   0.00e+00   0.00e+00   0.00e+00   0.0%
Pad                    0.00e+00   0.00e+00   0.00e+00   0.00e+00   0.0%
----------------------------------------------------------------
Total                  5.03e-04   2.48e-04   2.66e-08   7.51e-04 100.0%
                          67.0%      33.0%       0.0%
