
==========================================================================
finish report_tns
--------------------------------------------------------------------------
tns max -114.46

==========================================================================
finish report_wns
--------------------------------------------------------------------------
wns max -15.40

==========================================================================
finish report_worst_slack
--------------------------------------------------------------------------
worst slack max -15.40

==========================================================================
finish report_clock_min_period
--------------------------------------------------------------------------
main_clk period_min = 1015.40 fmax = 984.84

==========================================================================
finish report_clock_skew
--------------------------------------------------------------------------
Clock main_clk
 189.48 source latency gen_cache_hpd.i_cache_subsystem.i_cva6_icache.cl_tag_q[10]$_DFF_PN0_/CLK ^
-102.76 target latency gen_cache_hpd.i_cache_subsystem.i_cva6_icache.gen_sram[0].data_sram.gen_techno_cut.genblk1.i_tc_sram_wrapper/clk ^
  -0.44 CRPR
--------------
  86.28 setup skew


==========================================================================
finish report_checks -path_delay min
--------------------------------------------------------------------------
Startpoint: gen_cache_hpd.i_cache_subsystem.i_cva6_icache.repl_way_oh_q[1]$_DFFE_PN0P_
            (rising edge-triggered flip-flop clocked by main_clk)
Endpoint: gen_cache_hpd.i_cache_subsystem.i_cva6_icache.gen_sram[1].tag_sram.gen_techno_cut.genblk1.i_tc_sram_wrapper
          (rising edge-triggered flip-flop clocked by main_clk)
Path Group: main_clk
Path Type: min

Fanout     Cap    Slew   Delay    Time   Description
-----------------------------------------------------------------------------
                          0.00    0.00   clock main_clk (rise edge)
                          0.00    0.00   clock source latency
     1    8.80    0.00    0.00    0.00 ^ clk_i (in)
                                         clk_i (net)
                 18.41    5.81    5.81 ^ wire47475/A (BUFx10_ASAP7_75t_SL)
     2   15.49   10.11   14.36   20.17 ^ wire47475/Y (BUFx10_ASAP7_75t_SL)
                                         net47300 (net)
                 41.73   12.60   32.77 ^ clkbuf_regs_0_main_clk/A (BUFx24_ASAP7_75t_SL)
     1    2.32   10.39   18.30   51.07 ^ clkbuf_regs_0_main_clk/Y (BUFx24_ASAP7_75t_SL)
                                         clk_i_regs (net)
                 10.39    0.17   51.25 ^ clkbuf_0_clk_i_regs/A (BUFx24_ASAP7_75t_SL)
     2   13.73   11.16   15.14   66.39 ^ clkbuf_0_clk_i_regs/Y (BUFx24_ASAP7_75t_SL)
                                         clknet_0_clk_i_regs (net)
                 16.93    4.25   70.64 ^ clkbuf_1_1_0_clk_i_regs/A (BUFx24_ASAP7_75t_SL)
     4   21.82   13.00   16.36   87.00 ^ clkbuf_1_1_0_clk_i_regs/Y (BUFx24_ASAP7_75t_SL)
                                         clknet_1_1_0_clk_i_regs (net)
                 30.23    8.50   95.50 ^ clkbuf_3_4_0_clk_i_regs/A (BUFx24_ASAP7_75t_SL)
     4   19.72   14.33   18.64  114.14 ^ clkbuf_3_4_0_clk_i_regs/Y (BUFx24_ASAP7_75t_SL)
                                         clknet_3_4_0_clk_i_regs (net)
                 21.21    5.16  119.30 ^ clkbuf_5_17_0_clk_i_regs/A (BUFx24_ASAP7_75t_SL)
     2    7.28   10.37   16.44  135.74 ^ clkbuf_5_17_0_clk_i_regs/Y (BUFx24_ASAP7_75t_SL)
                                         clknet_5_17_0_clk_i_regs (net)
                 10.74    1.28  137.02 ^ clkbuf_6_34__f_clk_i_regs/A (BUFx24_ASAP7_75t_SL)
     5   15.42   12.33   15.71  152.73 ^ clkbuf_6_34__f_clk_i_regs/Y (BUFx24_ASAP7_75t_SL)
                                         clknet_6_34__leaf_clk_i_regs (net)
                 13.44    1.76  154.49 ^ clkbuf_leaf_34_clk_i_regs/A (BUFx24_ASAP7_75t_SL)
    19   13.24   11.78   16.01  170.50 ^ clkbuf_leaf_34_clk_i_regs/Y (BUFx24_ASAP7_75t_SL)
                                         clknet_leaf_34_clk_i_regs (net)
                 12.08    0.90  171.40 ^ gen_cache_hpd.i_cache_subsystem.i_cva6_icache.repl_way_oh_q[1]$_DFFE_PN0P_/CLK (DFFASRHQNx1_ASAP7_75t_SL)
     3    4.53   30.71   38.42  209.82 ^ gen_cache_hpd.i_cache_subsystem.i_cva6_icache.repl_way_oh_q[1]$_DFFE_PN0P_/QN (DFFASRHQNx1_ASAP7_75t_SL)
                                         _003801_ (net)
                 30.73    0.42  210.24 ^ _171099_/A (NAND2x1_ASAP7_75t_R)
     1   10.06   53.30   25.29  235.53 v _171099_/Y (NAND2x1_ASAP7_75t_R)
                                         gen_cache_hpd.i_cache_subsystem.i_cva6_icache.gen_sram[1].tag_sram.req_i (net)
                 43.86    8.73  244.26 v gen_cache_hpd.i_cache_subsystem.i_cva6_icache.gen_sram[1].tag_sram.gen_techno_cut.genblk1.i_tc_sram_wrapper/ce_in (fakeram7_64x25)
                                244.26   data arrival time

                          0.00    0.00   clock main_clk (rise edge)
                          0.00    0.00   clock source latency
     1    9.06    0.00    0.00    0.00 ^ clk_i (in)
                                         clk_i (net)
                 19.29    6.08    6.08 ^ wire47475/A (BUFx10_ASAP7_75t_SL)
     2   16.57   10.21   14.53   20.61 ^ wire47475/Y (BUFx10_ASAP7_75t_SL)
                                         net47300 (net)
                 47.05   14.37   34.98 ^ clkbuf_0_clk_i/A (BUFx24_ASAP7_75t_SL)
     2   17.41   14.80   20.16   55.14 ^ clkbuf_0_clk_i/Y (BUFx24_ASAP7_75t_SL)
                                         clknet_0_clk_i (net)
                 22.02    5.54   60.67 ^ clkbuf_1_1_0_clk_i/A (BUFx24_ASAP7_75t_SL)
     4  133.06   19.55   19.77   80.44 ^ clkbuf_1_1_0_clk_i/Y (BUFx24_ASAP7_75t_SL)
                                         clknet_1_1_0_clk_i (net)
                259.54  110.12  190.56 ^ gen_cache_hpd.i_cache_subsystem.i_cva6_icache.gen_sram[1].tag_sram.gen_techno_cut.genblk1.i_tc_sram_wrapper/clk (fakeram7_64x25)
                         -0.44  190.12   clock reconvergence pessimism
                         50.00  240.12   library hold time
                                240.12   data required time
-----------------------------------------------------------------------------
                                240.12   data required time
                               -244.26   data arrival time
-----------------------------------------------------------------------------
                                  4.14   slack (MET)



==========================================================================
finish report_checks -path_delay max
--------------------------------------------------------------------------
Startpoint: csr_regfile_i.pmpaddr_o[32]$_DFFE_PN0P_
            (rising edge-triggered flip-flop clocked by main_clk)
Endpoint: _tray_size4_16458
          (rising edge-triggered flip-flop clocked by main_clk)
Path Group: main_clk
Path Type: max

Fanout     Cap    Slew   Delay    Time   Description
-----------------------------------------------------------------------------
                          0.00    0.00   clock main_clk (rise edge)
                          0.00    0.00   clock source latency
     1    9.06    0.00    0.00    0.00 ^ clk_i (in)
                                         clk_i (net)
                 19.29    6.08    6.08 ^ wire47475/A (BUFx10_ASAP7_75t_SL)
     2   16.57   10.21   14.53   20.61 ^ wire47475/Y (BUFx10_ASAP7_75t_SL)
                                         net47300 (net)
                 45.45   13.79   34.40 ^ clkbuf_regs_0_main_clk/A (BUFx24_ASAP7_75t_SL)
     1    2.86   10.85   18.66   53.06 ^ clkbuf_regs_0_main_clk/Y (BUFx24_ASAP7_75t_SL)
                                         clk_i_regs (net)
                 10.85    0.21   53.28 ^ clkbuf_0_clk_i_regs/A (BUFx24_ASAP7_75t_SL)
     2   14.81   11.38   15.28   68.55 ^ clkbuf_0_clk_i_regs/Y (BUFx24_ASAP7_75t_SL)
                                         clknet_0_clk_i_regs (net)
                 18.13    4.64   73.19 ^ clkbuf_1_1_0_clk_i_regs/A (BUFx24_ASAP7_75t_SL)
     4   23.97   13.66   16.62   89.81 ^ clkbuf_1_1_0_clk_i_regs/Y (BUFx24_ASAP7_75t_SL)
                                         clknet_1_1_0_clk_i_regs (net)
                 30.48    8.38   98.19 ^ clkbuf_3_7_0_clk_i_regs/A (BUFx24_ASAP7_75t_SL)
     4   21.16   15.25   18.84  117.03 ^ clkbuf_3_7_0_clk_i_regs/Y (BUFx24_ASAP7_75t_SL)
                                         clknet_3_7_0_clk_i_regs (net)
                 18.80    3.57  120.60 ^ clkbuf_5_30_0_clk_i_regs/A (BUFx24_ASAP7_75t_SL)
     2    8.86   10.69   16.27  136.88 ^ clkbuf_5_30_0_clk_i_regs/Y (BUFx24_ASAP7_75t_SL)
                                         clknet_5_30_0_clk_i_regs (net)
                 11.19    1.35  138.22 ^ clkbuf_6_61__f_clk_i_regs/A (BUFx24_ASAP7_75t_SL)
     5   17.59   13.22   16.09  154.32 ^ clkbuf_6_61__f_clk_i_regs/Y (BUFx24_ASAP7_75t_SL)
                                         clknet_6_61__leaf_clk_i_regs (net)
                 14.46    2.02  156.34 ^ clkbuf_leaf_157_clk_i_regs/A (BUFx24_ASAP7_75t_SL)
    25   17.68   13.11   16.56  172.90 ^ clkbuf_leaf_157_clk_i_regs/Y (BUFx24_ASAP7_75t_SL)
                                         clknet_leaf_157_clk_i_regs (net)
                 13.24    0.43  173.33 ^ csr_regfile_i.pmpaddr_o[32]$_DFFE_PN0P_/CLK (DFFASRHQNx1_ASAP7_75t_SL)
     6    6.09   35.40   40.86  214.19 v csr_regfile_i.pmpaddr_o[32]$_DFFE_PN0P_/QN (DFFASRHQNx1_ASAP7_75t_SL)
                                         _008221_ (net)
                 35.43    0.73  214.91 v _104962_/D (OR4x1_ASAP7_75t_SL)
     6    7.60   39.75   34.47  249.38 v _104962_/Y (OR4x1_ASAP7_75t_SL)
                                         _037769_ (net)
                 40.27    2.57  251.95 v _104963_/D (OR4x1_ASAP7_75t_SL)
     4    3.60   21.73   28.05  280.00 v _104963_/Y (OR4x1_ASAP7_75t_SL)
                                         _037770_ (net)
                 21.74    0.23  280.23 v _109622_/B (AO21x1_ASAP7_75t_SL)
     4    3.51   18.39   18.75  298.98 v _109622_/Y (AO21x1_ASAP7_75t_SL)
                                         _042295_ (net)
                 18.40    0.19  299.17 v _109623_/B (AO21x1_ASAP7_75t_SL)
     2    3.07   16.13   17.49  316.67 v _109623_/Y (AO21x1_ASAP7_75t_SL)
                                         _042296_ (net)
                 16.14    0.22  316.89 v _109631_/A (NAND2x2_ASAP7_75t_SL)
     6    7.63   26.13   14.91  331.80 ^ _109631_/Y (NAND2x2_ASAP7_75t_SL)
                                         _042304_ (net)
                 26.31    1.18  332.98 ^ _109651_/A (INVx3_ASAP7_75t_SL)
     7    7.15   16.98    8.94  341.92 v _109651_/Y (INVx3_ASAP7_75t_SL)
                                         _012478_ (net)
                 17.04    0.56  342.48 v _198018_/B (HAxp5_ASAP7_75t_R)
     5    4.76   53.30   29.10  371.58 ^ _198018_/CON (HAxp5_ASAP7_75t_R)
                                         _012475_ (net)
                 53.31    0.43  372.01 ^ _109632_/A (INVx1_ASAP7_75t_R)
     4    3.86   31.55   23.56  395.57 v _109632_/Y (INVx1_ASAP7_75t_R)
                                         _012472_ (net)
                 31.55    0.24  395.81 v _198016_/A (HAxp5_ASAP7_75t_R)
     8    6.95   73.75   43.20  439.01 ^ _198016_/CON (HAxp5_ASAP7_75t_R)
                                         _012473_ (net)
     4    4.27   76.43   34.23  473.24 v _198016_/SN (HAxp5_ASAP7_75t_R)
                                         _012474_ (net)
                 76.47    0.99  474.23 v _109687_/B (OR2x2_ASAP7_75t_R)
     5    5.04   19.40   36.72  510.95 v _109687_/Y (OR2x2_ASAP7_75t_R)
                                         _042357_ (net)
                 19.41    0.21  511.16 v _109738_/A (AND2x2_ASAP7_75t_R)
     2    2.53   10.18   21.25  532.41 v _109738_/Y (AND2x2_ASAP7_75t_R)
                                         _042408_ (net)
                 10.19    0.14  532.55 v _109761_/B2 (OAI22x1_ASAP7_75t_R)
     1    0.84   15.25   10.92  543.46 ^ _109761_/Y (OAI22x1_ASAP7_75t_R)
                                         _042431_ (net)
                 15.25    0.07  543.54 ^ _109764_/A2 (AO21x1_ASAP7_75t_R)
     1    0.93    9.07   15.55  559.09 ^ _109764_/Y (AO21x1_ASAP7_75t_R)
                                         _042434_ (net)
                  9.08    0.13  559.21 ^ _109765_/B1 (OA31x2_ASAP7_75t_SL)
     1    1.07    9.59   15.90  575.11 ^ _109765_/Y (OA31x2_ASAP7_75t_SL)
                                         _042435_ (net)
                  9.59    0.16  575.28 ^ _109766_/D (OR4x1_ASAP7_75t_SL)
     1    1.06    7.85    9.89  585.17 ^ _109766_/Y (OR4x1_ASAP7_75t_SL)
                                         _042436_ (net)
                  7.85    0.09  585.26 ^ _109773_/B (AO211x2_ASAP7_75t_SL)
     2    2.95   12.62   16.01  601.27 ^ _109773_/Y (AO211x2_ASAP7_75t_SL)
                                         _042443_ (net)
                 12.81    0.81  602.09 ^ _110581_/A2 (AO21x1_ASAP7_75t_SL)
     2    4.66   26.39   18.23  620.32 ^ _110581_/Y (AO21x1_ASAP7_75t_SL)
                                         _043248_ (net)
                 26.69    1.58  621.90 ^ _111290_/C (OR3x1_ASAP7_75t_R)
     1    1.16   10.28   17.00  638.90 ^ _111290_/Y (OR3x1_ASAP7_75t_R)
                                         _043955_ (net)
                 10.30    0.23  639.13 ^ _111291_/E (AND5x1_ASAP7_75t_L)
     1    0.64   10.82   23.94  663.07 ^ _111291_/Y (AND5x1_ASAP7_75t_L)
                                         _043956_ (net)
                 10.82    0.02  663.09 ^ _111298_/B1 (AO221x1_ASAP7_75t_SL)
     2    2.15   15.23   17.37  680.46 ^ _111298_/Y (AO221x1_ASAP7_75t_SL)
                                         _043963_ (net)
                 15.23    0.12  680.59 ^ _111299_/B (AO21x2_ASAP7_75t_SL)
     3    7.48   23.89   15.00  695.59 ^ _111299_/Y (AO21x2_ASAP7_75t_SL)
                                         _043964_ (net)
                 27.89    5.07  700.66 ^ _113904_/A2 (AOI21x1_ASAP7_75t_SL)
     3   16.68   75.10   26.00  726.65 v _113904_/Y (AOI21x1_ASAP7_75t_SL)
                                         _046559_ (net)
                 81.40   11.53  738.19 v _116027_/A1 (OAI21x1_ASAP7_75t_SL)
     8    8.66   63.17   36.34  774.53 ^ _116027_/Y (OAI21x1_ASAP7_75t_SL)
                                         _048588_ (net)
                 63.97    3.78  778.31 ^ place38003/A (BUFx6f_ASAP7_75t_L)
     6    7.99   12.67   17.84  796.15 ^ place38003/Y (BUFx6f_ASAP7_75t_L)
                                         net37828 (net)
                 14.34    2.41  798.56 ^ place38002/A (BUFx3_ASAP7_75t_L)
    10    9.17   20.47   17.81  816.37 ^ place38002/Y (BUFx3_ASAP7_75t_L)
                                         net37827 (net)
                 20.59    0.89  817.25 ^ _119933_/A (AND4x1_ASAP7_75t_SL)
     7   14.22   78.71   43.19  860.44 ^ _119933_/Y (AND4x1_ASAP7_75t_SL)
                                         _051956_ (net)
                 81.62    8.20  868.64 ^ _120000_/B (AND2x2_ASAP7_75t_SL)
    10   12.45   38.35   25.73  894.37 ^ _120000_/Y (AND2x2_ASAP7_75t_SL)
                                         _052023_ (net)
                 38.36    0.38  894.75 ^ _120003_/A2 (OA222x2_ASAP7_75t_R)
    10   19.89   72.03   59.19  953.94 ^ _120003_/Y (OA222x2_ASAP7_75t_R)
                                         _052026_ (net)
                 72.17    1.87  955.82 ^ _125013_/B (NAND2x1_ASAP7_75t_R)
    10   21.12  117.66   60.01 1015.82 v _125013_/Y (NAND2x1_ASAP7_75t_R)
                                         _056309_ (net)
                121.86   12.18 1028.01 v place36882/A (BUFx3_ASAP7_75t_L)
     9   10.27   23.46   33.25 1061.26 v place36882/Y (BUFx3_ASAP7_75t_L)
                                         net36707 (net)
                 23.88    1.78 1063.04 v _153748_/A1 (OA22x2_ASAP7_75t_R)
     1    0.62    8.32   20.12 1083.15 v _153748_/Y (OA22x2_ASAP7_75t_R)
                                         _081092_ (net)
                  8.32    0.07 1083.22 v _153750_/A2 (AO22x1_ASAP7_75t_SL)
     2    4.45   23.82   20.29 1103.51 v _153750_/Y (AO22x1_ASAP7_75t_SL)
                                         _081094_ (net)
                 24.19    1.65 1105.15 v _153752_/B1 (OA22x2_ASAP7_75t_R)
     1    0.71    6.95   21.93 1127.08 v _153752_/Y (OA22x2_ASAP7_75t_R)
                                         _081096_ (net)
                  6.95    0.06 1127.13 v _153754_/B1 (OA222x2_ASAP7_75t_R)
     1    2.60   13.37   24.02 1151.15 v _153754_/Y (OA222x2_ASAP7_75t_R)
                                         _081098_ (net)
                 13.45    0.57 1151.72 v _153755_/B (AO21x1_ASAP7_75t_R)
     1    0.79    7.63   17.00 1168.72 v _153755_/Y (AO21x1_ASAP7_75t_R)
                                         _081099_ (net)
                  7.64    0.09 1168.81 v _153757_/B1 (AO22x1_ASAP7_75t_SL)
     1    0.86    8.13   13.91 1182.72 v _153757_/Y (AO22x1_ASAP7_75t_SL)
                                         gen_cache_hpd.i_cache_subsystem.i_dcache.i_hpdcache.gen_wbuf.hpdcache_wbuf_i.wbuf_data_d[71] (net)
                  8.14    0.12 1182.84 v _tray_size4_16458/D1 (DFFHQNH2V2Xx1_ASAP7_75t_R)
                               1182.84   data arrival time

                       1000.00 1000.00   clock main_clk (rise edge)
                          0.00 1000.00   clock source latency
     1    8.80    0.00    0.00 1000.00 ^ clk_i (in)
                                         clk_i (net)
                 18.41    5.81 1005.81 ^ wire47475/A (BUFx10_ASAP7_75t_SL)
     2   15.49   10.11   14.36 1020.17 ^ wire47475/Y (BUFx10_ASAP7_75t_SL)
                                         net47300 (net)
                 41.73   12.60 1032.77 ^ clkbuf_regs_0_main_clk/A (BUFx24_ASAP7_75t_SL)
     1    2.32   10.39   18.30 1051.07 ^ clkbuf_regs_0_main_clk/Y (BUFx24_ASAP7_75t_SL)
                                         clk_i_regs (net)
                 10.39    0.17 1051.25 ^ clkbuf_0_clk_i_regs/A (BUFx24_ASAP7_75t_SL)
     2   13.73   11.16   15.14 1066.39 ^ clkbuf_0_clk_i_regs/Y (BUFx24_ASAP7_75t_SL)
                                         clknet_0_clk_i_regs (net)
                 16.73    4.16 1070.55 ^ clkbuf_1_0_0_clk_i_regs/A (BUFx24_ASAP7_75t_SL)
     4   21.08   13.76   16.65 1087.20 ^ clkbuf_1_0_0_clk_i_regs/Y (BUFx24_ASAP7_75t_SL)
                                         clknet_1_0_0_clk_i_regs (net)
                 22.71    5.77 1092.98 ^ clkbuf_3_1_0_clk_i_regs/A (BUFx24_ASAP7_75t_SL)
     4   16.63   13.04   17.50 1110.47 ^ clkbuf_3_1_0_clk_i_regs/Y (BUFx24_ASAP7_75t_SL)
                                         clknet_3_1_0_clk_i_regs (net)
                 17.19    3.73 1114.20 ^ clkbuf_5_7_0_clk_i_regs/A (BUFx24_ASAP7_75t_SL)
     2    7.43   10.16   15.87 1130.07 ^ clkbuf_5_7_0_clk_i_regs/Y (BUFx24_ASAP7_75t_SL)
                                         clknet_5_7_0_clk_i_regs (net)
                 10.29    0.86 1130.93 ^ clkbuf_6_15__f_clk_i_regs/A (BUFx24_ASAP7_75t_SL)
     5   15.10   12.06   15.56 1146.49 ^ clkbuf_6_15__f_clk_i_regs/Y (BUFx24_ASAP7_75t_SL)
                                         clknet_6_15__leaf_clk_i_regs (net)
                 14.04    2.42 1148.91 ^ clkbuf_leaf_271_clk_i_regs/A (BUFx24_ASAP7_75t_SL)
    26   14.60   12.18   16.22 1165.14 ^ clkbuf_leaf_271_clk_i_regs/Y (BUFx24_ASAP7_75t_SL)
                                         clknet_leaf_271_clk_i_regs (net)
                 13.43    1.97 1167.11 ^ _tray_size4_16458/CLK (DFFHQNH2V2Xx1_ASAP7_75t_R)
                          2.17 1169.27   clock reconvergence pessimism
                         -1.83 1167.44   library setup time
                               1167.44   data required time
-----------------------------------------------------------------------------
                               1167.44   data required time
                               -1182.84   data arrival time
-----------------------------------------------------------------------------
                                -15.40   slack (VIOLATED)



==========================================================================
finish report_checks -unconstrained
--------------------------------------------------------------------------
Startpoint: csr_regfile_i.pmpaddr_o[32]$_DFFE_PN0P_
            (rising edge-triggered flip-flop clocked by main_clk)
Endpoint: _tray_size4_16458
          (rising edge-triggered flip-flop clocked by main_clk)
Path Group: main_clk
Path Type: max

Fanout     Cap    Slew   Delay    Time   Description
-----------------------------------------------------------------------------
                          0.00    0.00   clock main_clk (rise edge)
                          0.00    0.00   clock source latency
     1    9.06    0.00    0.00    0.00 ^ clk_i (in)
                                         clk_i (net)
                 19.29    6.08    6.08 ^ wire47475/A (BUFx10_ASAP7_75t_SL)
     2   16.57   10.21   14.53   20.61 ^ wire47475/Y (BUFx10_ASAP7_75t_SL)
                                         net47300 (net)
                 45.45   13.79   34.40 ^ clkbuf_regs_0_main_clk/A (BUFx24_ASAP7_75t_SL)
     1    2.86   10.85   18.66   53.06 ^ clkbuf_regs_0_main_clk/Y (BUFx24_ASAP7_75t_SL)
                                         clk_i_regs (net)
                 10.85    0.21   53.28 ^ clkbuf_0_clk_i_regs/A (BUFx24_ASAP7_75t_SL)
     2   14.81   11.38   15.28   68.55 ^ clkbuf_0_clk_i_regs/Y (BUFx24_ASAP7_75t_SL)
                                         clknet_0_clk_i_regs (net)
                 18.13    4.64   73.19 ^ clkbuf_1_1_0_clk_i_regs/A (BUFx24_ASAP7_75t_SL)
     4   23.97   13.66   16.62   89.81 ^ clkbuf_1_1_0_clk_i_regs/Y (BUFx24_ASAP7_75t_SL)
                                         clknet_1_1_0_clk_i_regs (net)
                 30.48    8.38   98.19 ^ clkbuf_3_7_0_clk_i_regs/A (BUFx24_ASAP7_75t_SL)
     4   21.16   15.25   18.84  117.03 ^ clkbuf_3_7_0_clk_i_regs/Y (BUFx24_ASAP7_75t_SL)
                                         clknet_3_7_0_clk_i_regs (net)
                 18.80    3.57  120.60 ^ clkbuf_5_30_0_clk_i_regs/A (BUFx24_ASAP7_75t_SL)
     2    8.86   10.69   16.27  136.88 ^ clkbuf_5_30_0_clk_i_regs/Y (BUFx24_ASAP7_75t_SL)
                                         clknet_5_30_0_clk_i_regs (net)
                 11.19    1.35  138.22 ^ clkbuf_6_61__f_clk_i_regs/A (BUFx24_ASAP7_75t_SL)
     5   17.59   13.22   16.09  154.32 ^ clkbuf_6_61__f_clk_i_regs/Y (BUFx24_ASAP7_75t_SL)
                                         clknet_6_61__leaf_clk_i_regs (net)
                 14.46    2.02  156.34 ^ clkbuf_leaf_157_clk_i_regs/A (BUFx24_ASAP7_75t_SL)
    25   17.68   13.11   16.56  172.90 ^ clkbuf_leaf_157_clk_i_regs/Y (BUFx24_ASAP7_75t_SL)
                                         clknet_leaf_157_clk_i_regs (net)
                 13.24    0.43  173.33 ^ csr_regfile_i.pmpaddr_o[32]$_DFFE_PN0P_/CLK (DFFASRHQNx1_ASAP7_75t_SL)
     6    6.09   35.40   40.86  214.19 v csr_regfile_i.pmpaddr_o[32]$_DFFE_PN0P_/QN (DFFASRHQNx1_ASAP7_75t_SL)
                                         _008221_ (net)
                 35.43    0.73  214.91 v _104962_/D (OR4x1_ASAP7_75t_SL)
     6    7.60   39.75   34.47  249.38 v _104962_/Y (OR4x1_ASAP7_75t_SL)
                                         _037769_ (net)
                 40.27    2.57  251.95 v _104963_/D (OR4x1_ASAP7_75t_SL)
     4    3.60   21.73   28.05  280.00 v _104963_/Y (OR4x1_ASAP7_75t_SL)
                                         _037770_ (net)
                 21.74    0.23  280.23 v _109622_/B (AO21x1_ASAP7_75t_SL)
     4    3.51   18.39   18.75  298.98 v _109622_/Y (AO21x1_ASAP7_75t_SL)
                                         _042295_ (net)
                 18.40    0.19  299.17 v _109623_/B (AO21x1_ASAP7_75t_SL)
     2    3.07   16.13   17.49  316.67 v _109623_/Y (AO21x1_ASAP7_75t_SL)
                                         _042296_ (net)
                 16.14    0.22  316.89 v _109631_/A (NAND2x2_ASAP7_75t_SL)
     6    7.63   26.13   14.91  331.80 ^ _109631_/Y (NAND2x2_ASAP7_75t_SL)
                                         _042304_ (net)
                 26.31    1.18  332.98 ^ _109651_/A (INVx3_ASAP7_75t_SL)
     7    7.15   16.98    8.94  341.92 v _109651_/Y (INVx3_ASAP7_75t_SL)
                                         _012478_ (net)
                 17.04    0.56  342.48 v _198018_/B (HAxp5_ASAP7_75t_R)
     5    4.76   53.30   29.10  371.58 ^ _198018_/CON (HAxp5_ASAP7_75t_R)
                                         _012475_ (net)
                 53.31    0.43  372.01 ^ _109632_/A (INVx1_ASAP7_75t_R)
     4    3.86   31.55   23.56  395.57 v _109632_/Y (INVx1_ASAP7_75t_R)
                                         _012472_ (net)
                 31.55    0.24  395.81 v _198016_/A (HAxp5_ASAP7_75t_R)
     8    6.95   73.75   43.20  439.01 ^ _198016_/CON (HAxp5_ASAP7_75t_R)
                                         _012473_ (net)
     4    4.27   76.43   34.23  473.24 v _198016_/SN (HAxp5_ASAP7_75t_R)
                                         _012474_ (net)
                 76.47    0.99  474.23 v _109687_/B (OR2x2_ASAP7_75t_R)
     5    5.04   19.40   36.72  510.95 v _109687_/Y (OR2x2_ASAP7_75t_R)
                                         _042357_ (net)
                 19.41    0.21  511.16 v _109738_/A (AND2x2_ASAP7_75t_R)
     2    2.53   10.18   21.25  532.41 v _109738_/Y (AND2x2_ASAP7_75t_R)
                                         _042408_ (net)
                 10.19    0.14  532.55 v _109761_/B2 (OAI22x1_ASAP7_75t_R)
     1    0.84   15.25   10.92  543.46 ^ _109761_/Y (OAI22x1_ASAP7_75t_R)
                                         _042431_ (net)
                 15.25    0.07  543.54 ^ _109764_/A2 (AO21x1_ASAP7_75t_R)
     1    0.93    9.07   15.55  559.09 ^ _109764_/Y (AO21x1_ASAP7_75t_R)
                                         _042434_ (net)
                  9.08    0.13  559.21 ^ _109765_/B1 (OA31x2_ASAP7_75t_SL)
     1    1.07    9.59   15.90  575.11 ^ _109765_/Y (OA31x2_ASAP7_75t_SL)
                                         _042435_ (net)
                  9.59    0.16  575.28 ^ _109766_/D (OR4x1_ASAP7_75t_SL)
     1    1.06    7.85    9.89  585.17 ^ _109766_/Y (OR4x1_ASAP7_75t_SL)
                                         _042436_ (net)
                  7.85    0.09  585.26 ^ _109773_/B (AO211x2_ASAP7_75t_SL)
     2    2.95   12.62   16.01  601.27 ^ _109773_/Y (AO211x2_ASAP7_75t_SL)
                                         _042443_ (net)
                 12.81    0.81  602.09 ^ _110581_/A2 (AO21x1_ASAP7_75t_SL)
     2    4.66   26.39   18.23  620.32 ^ _110581_/Y (AO21x1_ASAP7_75t_SL)
                                         _043248_ (net)
                 26.69    1.58  621.90 ^ _111290_/C (OR3x1_ASAP7_75t_R)
     1    1.16   10.28   17.00  638.90 ^ _111290_/Y (OR3x1_ASAP7_75t_R)
                                         _043955_ (net)
                 10.30    0.23  639.13 ^ _111291_/E (AND5x1_ASAP7_75t_L)
     1    0.64   10.82   23.94  663.07 ^ _111291_/Y (AND5x1_ASAP7_75t_L)
                                         _043956_ (net)
                 10.82    0.02  663.09 ^ _111298_/B1 (AO221x1_ASAP7_75t_SL)
     2    2.15   15.23   17.37  680.46 ^ _111298_/Y (AO221x1_ASAP7_75t_SL)
                                         _043963_ (net)
                 15.23    0.12  680.59 ^ _111299_/B (AO21x2_ASAP7_75t_SL)
     3    7.48   23.89   15.00  695.59 ^ _111299_/Y (AO21x2_ASAP7_75t_SL)
                                         _043964_ (net)
                 27.89    5.07  700.66 ^ _113904_/A2 (AOI21x1_ASAP7_75t_SL)
     3   16.68   75.10   26.00  726.65 v _113904_/Y (AOI21x1_ASAP7_75t_SL)
                                         _046559_ (net)
                 81.40   11.53  738.19 v _116027_/A1 (OAI21x1_ASAP7_75t_SL)
     8    8.66   63.17   36.34  774.53 ^ _116027_/Y (OAI21x1_ASAP7_75t_SL)
                                         _048588_ (net)
                 63.97    3.78  778.31 ^ place38003/A (BUFx6f_ASAP7_75t_L)
     6    7.99   12.67   17.84  796.15 ^ place38003/Y (BUFx6f_ASAP7_75t_L)
                                         net37828 (net)
                 14.34    2.41  798.56 ^ place38002/A (BUFx3_ASAP7_75t_L)
    10    9.17   20.47   17.81  816.37 ^ place38002/Y (BUFx3_ASAP7_75t_L)
                                         net37827 (net)
                 20.59    0.89  817.25 ^ _119933_/A (AND4x1_ASAP7_75t_SL)
     7   14.22   78.71   43.19  860.44 ^ _119933_/Y (AND4x1_ASAP7_75t_SL)
                                         _051956_ (net)
                 81.62    8.20  868.64 ^ _120000_/B (AND2x2_ASAP7_75t_SL)
    10   12.45   38.35   25.73  894.37 ^ _120000_/Y (AND2x2_ASAP7_75t_SL)
                                         _052023_ (net)
                 38.36    0.38  894.75 ^ _120003_/A2 (OA222x2_ASAP7_75t_R)
    10   19.89   72.03   59.19  953.94 ^ _120003_/Y (OA222x2_ASAP7_75t_R)
                                         _052026_ (net)
                 72.17    1.87  955.82 ^ _125013_/B (NAND2x1_ASAP7_75t_R)
    10   21.12  117.66   60.01 1015.82 v _125013_/Y (NAND2x1_ASAP7_75t_R)
                                         _056309_ (net)
                121.86   12.18 1028.01 v place36882/A (BUFx3_ASAP7_75t_L)
     9   10.27   23.46   33.25 1061.26 v place36882/Y (BUFx3_ASAP7_75t_L)
                                         net36707 (net)
                 23.88    1.78 1063.04 v _153748_/A1 (OA22x2_ASAP7_75t_R)
     1    0.62    8.32   20.12 1083.15 v _153748_/Y (OA22x2_ASAP7_75t_R)
                                         _081092_ (net)
                  8.32    0.07 1083.22 v _153750_/A2 (AO22x1_ASAP7_75t_SL)
     2    4.45   23.82   20.29 1103.51 v _153750_/Y (AO22x1_ASAP7_75t_SL)
                                         _081094_ (net)
                 24.19    1.65 1105.15 v _153752_/B1 (OA22x2_ASAP7_75t_R)
     1    0.71    6.95   21.93 1127.08 v _153752_/Y (OA22x2_ASAP7_75t_R)
                                         _081096_ (net)
                  6.95    0.06 1127.13 v _153754_/B1 (OA222x2_ASAP7_75t_R)
     1    2.60   13.37   24.02 1151.15 v _153754_/Y (OA222x2_ASAP7_75t_R)
                                         _081098_ (net)
                 13.45    0.57 1151.72 v _153755_/B (AO21x1_ASAP7_75t_R)
     1    0.79    7.63   17.00 1168.72 v _153755_/Y (AO21x1_ASAP7_75t_R)
                                         _081099_ (net)
                  7.64    0.09 1168.81 v _153757_/B1 (AO22x1_ASAP7_75t_SL)
     1    0.86    8.13   13.91 1182.72 v _153757_/Y (AO22x1_ASAP7_75t_SL)
                                         gen_cache_hpd.i_cache_subsystem.i_dcache.i_hpdcache.gen_wbuf.hpdcache_wbuf_i.wbuf_data_d[71] (net)
                  8.14    0.12 1182.84 v _tray_size4_16458/D1 (DFFHQNH2V2Xx1_ASAP7_75t_R)
                               1182.84   data arrival time

                       1000.00 1000.00   clock main_clk (rise edge)
                          0.00 1000.00   clock source latency
     1    8.80    0.00    0.00 1000.00 ^ clk_i (in)
                                         clk_i (net)
                 18.41    5.81 1005.81 ^ wire47475/A (BUFx10_ASAP7_75t_SL)
     2   15.49   10.11   14.36 1020.17 ^ wire47475/Y (BUFx10_ASAP7_75t_SL)
                                         net47300 (net)
                 41.73   12.60 1032.77 ^ clkbuf_regs_0_main_clk/A (BUFx24_ASAP7_75t_SL)
     1    2.32   10.39   18.30 1051.07 ^ clkbuf_regs_0_main_clk/Y (BUFx24_ASAP7_75t_SL)
                                         clk_i_regs (net)
                 10.39    0.17 1051.25 ^ clkbuf_0_clk_i_regs/A (BUFx24_ASAP7_75t_SL)
     2   13.73   11.16   15.14 1066.39 ^ clkbuf_0_clk_i_regs/Y (BUFx24_ASAP7_75t_SL)
                                         clknet_0_clk_i_regs (net)
                 16.73    4.16 1070.55 ^ clkbuf_1_0_0_clk_i_regs/A (BUFx24_ASAP7_75t_SL)
     4   21.08   13.76   16.65 1087.20 ^ clkbuf_1_0_0_clk_i_regs/Y (BUFx24_ASAP7_75t_SL)
                                         clknet_1_0_0_clk_i_regs (net)
                 22.71    5.77 1092.98 ^ clkbuf_3_1_0_clk_i_regs/A (BUFx24_ASAP7_75t_SL)
     4   16.63   13.04   17.50 1110.47 ^ clkbuf_3_1_0_clk_i_regs/Y (BUFx24_ASAP7_75t_SL)
                                         clknet_3_1_0_clk_i_regs (net)
                 17.19    3.73 1114.20 ^ clkbuf_5_7_0_clk_i_regs/A (BUFx24_ASAP7_75t_SL)
     2    7.43   10.16   15.87 1130.07 ^ clkbuf_5_7_0_clk_i_regs/Y (BUFx24_ASAP7_75t_SL)
                                         clknet_5_7_0_clk_i_regs (net)
                 10.29    0.86 1130.93 ^ clkbuf_6_15__f_clk_i_regs/A (BUFx24_ASAP7_75t_SL)
     5   15.10   12.06   15.56 1146.49 ^ clkbuf_6_15__f_clk_i_regs/Y (BUFx24_ASAP7_75t_SL)
                                         clknet_6_15__leaf_clk_i_regs (net)
                 14.04    2.42 1148.91 ^ clkbuf_leaf_271_clk_i_regs/A (BUFx24_ASAP7_75t_SL)
    26   14.60   12.18   16.22 1165.14 ^ clkbuf_leaf_271_clk_i_regs/Y (BUFx24_ASAP7_75t_SL)
                                         clknet_leaf_271_clk_i_regs (net)
                 13.43    1.97 1167.11 ^ _tray_size4_16458/CLK (DFFHQNH2V2Xx1_ASAP7_75t_R)
                          2.17 1169.27   clock reconvergence pessimism
                         -1.83 1167.44   library setup time
                               1167.44   data required time
-----------------------------------------------------------------------------
                               1167.44   data required time
                               -1182.84   data arrival time
-----------------------------------------------------------------------------
                                -15.40   slack (VIOLATED)



==========================================================================
finish report_check_types -max_slew -max_cap -max_fanout -violators
--------------------------------------------------------------------------
max fanout

Pin                                   Limit Fanout  Slack
---------------------------------------------------------
clkbuf_leaf_183_clk_i_regs/Y             10     30    -20 (VIOLATED)
clkbuf_leaf_244_clk_i_regs/Y             10     29    -19 (VIOLATED)
clkbuf_leaf_180_clk_i_regs/Y             10     28    -18 (VIOLATED)
clkbuf_leaf_184_clk_i_regs/Y             10     28    -18 (VIOLATED)
clkbuf_leaf_286_clk_i_regs/Y             10     28    -18 (VIOLATED)
clkbuf_leaf_2_clk_i_regs/Y               10     28    -18 (VIOLATED)
clkbuf_leaf_308_clk_i_regs/Y             10     28    -18 (VIOLATED)
clkbuf_leaf_310_clk_i_regs/Y             10     28    -18 (VIOLATED)
clkbuf_leaf_61_clk_i_regs/Y              10     28    -18 (VIOLATED)
clkbuf_leaf_6_clk_i_regs/Y               10     28    -18 (VIOLATED)
clkbuf_leaf_131_clk_i_regs/Y             10     27    -17 (VIOLATED)
clkbuf_leaf_142_clk_i_regs/Y             10     27    -17 (VIOLATED)
clkbuf_leaf_152_clk_i_regs/Y             10     27    -17 (VIOLATED)
clkbuf_leaf_162_clk_i_regs/Y             10     27    -17 (VIOLATED)
clkbuf_leaf_16_clk_i_regs/Y              10     27    -17 (VIOLATED)
clkbuf_leaf_171_clk_i_regs/Y             10     27    -17 (VIOLATED)
clkbuf_leaf_265_clk_i_regs/Y             10     27    -17 (VIOLATED)
clkbuf_leaf_266_clk_i_regs/Y             10     27    -17 (VIOLATED)
clkbuf_leaf_276_clk_i_regs/Y             10     27    -17 (VIOLATED)
clkbuf_leaf_280_clk_i_regs/Y             10     27    -17 (VIOLATED)
clkbuf_leaf_294_clk_i_regs/Y             10     27    -17 (VIOLATED)
clkbuf_leaf_328_clk_i_regs/Y             10     27    -17 (VIOLATED)
clkbuf_leaf_40_clk_i_regs/Y              10     27    -17 (VIOLATED)
clkbuf_leaf_4_clk_i_regs/Y               10     27    -17 (VIOLATED)
clkbuf_leaf_71_clk_i_regs/Y              10     27    -17 (VIOLATED)
clkbuf_leaf_108_clk_i_regs/Y             10     26    -16 (VIOLATED)
clkbuf_leaf_113_clk_i_regs/Y             10     26    -16 (VIOLATED)
clkbuf_leaf_122_clk_i_regs/Y             10     26    -16 (VIOLATED)
clkbuf_leaf_129_clk_i_regs/Y             10     26    -16 (VIOLATED)
clkbuf_leaf_132_clk_i_regs/Y             10     26    -16 (VIOLATED)
clkbuf_leaf_140_clk_i_regs/Y             10     26    -16 (VIOLATED)
clkbuf_leaf_164_clk_i_regs/Y             10     26    -16 (VIOLATED)
clkbuf_leaf_173_clk_i_regs/Y             10     26    -16 (VIOLATED)
clkbuf_leaf_179_clk_i_regs/Y             10     26    -16 (VIOLATED)
clkbuf_leaf_182_clk_i_regs/Y             10     26    -16 (VIOLATED)
clkbuf_leaf_192_clk_i_regs/Y             10     26    -16 (VIOLATED)
clkbuf_leaf_215_clk_i_regs/Y             10     26    -16 (VIOLATED)
clkbuf_leaf_260_clk_i_regs/Y             10     26    -16 (VIOLATED)
clkbuf_leaf_271_clk_i_regs/Y             10     26    -16 (VIOLATED)
clkbuf_leaf_275_clk_i_regs/Y             10     26    -16 (VIOLATED)
clkbuf_leaf_281_clk_i_regs/Y             10     26    -16 (VIOLATED)
clkbuf_leaf_297_clk_i_regs/Y             10     26    -16 (VIOLATED)
clkbuf_leaf_313_clk_i_regs/Y             10     26    -16 (VIOLATED)
clkbuf_leaf_314_clk_i_regs/Y             10     26    -16 (VIOLATED)
clkbuf_leaf_315_clk_i_regs/Y             10     26    -16 (VIOLATED)
clkbuf_leaf_325_clk_i_regs/Y             10     26    -16 (VIOLATED)
clkbuf_leaf_76_clk_i_regs/Y              10     26    -16 (VIOLATED)
clkbuf_leaf_78_clk_i_regs/Y              10     26    -16 (VIOLATED)
clkbuf_leaf_80_clk_i_regs/Y              10     26    -16 (VIOLATED)
clkbuf_leaf_84_clk_i_regs/Y              10     26    -16 (VIOLATED)
clkbuf_leaf_85_clk_i_regs/Y              10     26    -16 (VIOLATED)
clkbuf_leaf_87_clk_i_regs/Y              10     26    -16 (VIOLATED)
clkbuf_leaf_88_clk_i_regs/Y              10     26    -16 (VIOLATED)
clkbuf_leaf_92_clk_i_regs/Y              10     26    -16 (VIOLATED)
clkbuf_leaf_93_clk_i_regs/Y              10     26    -16 (VIOLATED)
clkbuf_leaf_102_clk_i_regs/Y             10     25    -15 (VIOLATED)
clkbuf_leaf_109_clk_i_regs/Y             10     25    -15 (VIOLATED)
clkbuf_leaf_112_clk_i_regs/Y             10     25    -15 (VIOLATED)
clkbuf_leaf_114_clk_i_regs/Y             10     25    -15 (VIOLATED)
clkbuf_leaf_125_clk_i_regs/Y             10     25    -15 (VIOLATED)
clkbuf_leaf_126_clk_i_regs/Y             10     25    -15 (VIOLATED)
clkbuf_leaf_127_clk_i_regs/Y             10     25    -15 (VIOLATED)
clkbuf_leaf_128_clk_i_regs/Y             10     25    -15 (VIOLATED)
clkbuf_leaf_138_clk_i_regs/Y             10     25    -15 (VIOLATED)
clkbuf_leaf_153_clk_i_regs/Y             10     25    -15 (VIOLATED)
clkbuf_leaf_157_clk_i_regs/Y             10     25    -15 (VIOLATED)
clkbuf_leaf_165_clk_i_regs/Y             10     25    -15 (VIOLATED)
clkbuf_leaf_199_clk_i_regs/Y             10     25    -15 (VIOLATED)
clkbuf_leaf_21_clk_i_regs/Y              10     25    -15 (VIOLATED)
clkbuf_leaf_220_clk_i_regs/Y             10     25    -15 (VIOLATED)
clkbuf_leaf_23_clk_i_regs/Y              10     25    -15 (VIOLATED)
clkbuf_leaf_246_clk_i_regs/Y             10     25    -15 (VIOLATED)
clkbuf_leaf_247_clk_i_regs/Y             10     25    -15 (VIOLATED)
clkbuf_leaf_248_clk_i_regs/Y             10     25    -15 (VIOLATED)
clkbuf_leaf_249_clk_i_regs/Y             10     25    -15 (VIOLATED)
clkbuf_leaf_261_clk_i_regs/Y             10     25    -15 (VIOLATED)
clkbuf_leaf_263_clk_i_regs/Y             10     25    -15 (VIOLATED)
clkbuf_leaf_264_clk_i_regs/Y             10     25    -15 (VIOLATED)
clkbuf_leaf_272_clk_i_regs/Y             10     25    -15 (VIOLATED)
clkbuf_leaf_273_clk_i_regs/Y             10     25    -15 (VIOLATED)
clkbuf_leaf_282_clk_i_regs/Y             10     25    -15 (VIOLATED)
clkbuf_leaf_284_clk_i_regs/Y             10     25    -15 (VIOLATED)
clkbuf_leaf_287_clk_i_regs/Y             10     25    -15 (VIOLATED)
clkbuf_leaf_289_clk_i_regs/Y             10     25    -15 (VIOLATED)
clkbuf_leaf_290_clk_i_regs/Y             10     25    -15 (VIOLATED)
clkbuf_leaf_296_clk_i_regs/Y             10     25    -15 (VIOLATED)
clkbuf_leaf_304_clk_i_regs/Y             10     25    -15 (VIOLATED)
clkbuf_leaf_306_clk_i_regs/Y             10     25    -15 (VIOLATED)
clkbuf_leaf_307_clk_i_regs/Y             10     25    -15 (VIOLATED)
clkbuf_leaf_324_clk_i_regs/Y             10     25    -15 (VIOLATED)
clkbuf_leaf_326_clk_i_regs/Y             10     25    -15 (VIOLATED)
clkbuf_leaf_48_clk_i_regs/Y              10     25    -15 (VIOLATED)
clkbuf_leaf_50_clk_i_regs/Y              10     25    -15 (VIOLATED)
clkbuf_leaf_62_clk_i_regs/Y              10     25    -15 (VIOLATED)
clkbuf_leaf_65_clk_i_regs/Y              10     25    -15 (VIOLATED)
clkbuf_leaf_86_clk_i_regs/Y              10     25    -15 (VIOLATED)
clkbuf_leaf_104_clk_i_regs/Y             10     24    -14 (VIOLATED)
clkbuf_leaf_10_clk_i_regs/Y              10     24    -14 (VIOLATED)
clkbuf_leaf_110_clk_i_regs/Y             10     24    -14 (VIOLATED)
clkbuf_leaf_115_clk_i_regs/Y             10     24    -14 (VIOLATED)
clkbuf_leaf_117_clk_i_regs/Y             10     24    -14 (VIOLATED)
clkbuf_leaf_119_clk_i_regs/Y             10     24    -14 (VIOLATED)
clkbuf_leaf_120_clk_i_regs/Y             10     24    -14 (VIOLATED)
clkbuf_leaf_121_clk_i_regs/Y             10     24    -14 (VIOLATED)
clkbuf_leaf_137_clk_i_regs/Y             10     24    -14 (VIOLATED)
clkbuf_leaf_141_clk_i_regs/Y             10     24    -14 (VIOLATED)
clkbuf_leaf_149_clk_i_regs/Y             10     24    -14 (VIOLATED)
clkbuf_leaf_151_clk_i_regs/Y             10     24    -14 (VIOLATED)
clkbuf_leaf_168_clk_i_regs/Y             10     24    -14 (VIOLATED)
clkbuf_leaf_196_clk_i_regs/Y             10     24    -14 (VIOLATED)
clkbuf_leaf_210_clk_i_regs/Y             10     24    -14 (VIOLATED)
clkbuf_leaf_222_clk_i_regs/Y             10     24    -14 (VIOLATED)
clkbuf_leaf_224_clk_i_regs/Y             10     24    -14 (VIOLATED)
clkbuf_leaf_234_clk_i_regs/Y             10     24    -14 (VIOLATED)
clkbuf_leaf_235_clk_i_regs/Y             10     24    -14 (VIOLATED)
clkbuf_leaf_237_clk_i_regs/Y             10     24    -14 (VIOLATED)
clkbuf_leaf_238_clk_i_regs/Y             10     24    -14 (VIOLATED)
clkbuf_leaf_250_clk_i_regs/Y             10     24    -14 (VIOLATED)
clkbuf_leaf_251_clk_i_regs/Y             10     24    -14 (VIOLATED)
clkbuf_leaf_252_clk_i_regs/Y             10     24    -14 (VIOLATED)
clkbuf_leaf_253_clk_i_regs/Y             10     24    -14 (VIOLATED)
clkbuf_leaf_259_clk_i_regs/Y             10     24    -14 (VIOLATED)
clkbuf_leaf_25_clk_i_regs/Y              10     24    -14 (VIOLATED)
clkbuf_leaf_262_clk_i_regs/Y             10     24    -14 (VIOLATED)
clkbuf_leaf_274_clk_i_regs/Y             10     24    -14 (VIOLATED)
clkbuf_leaf_277_clk_i_regs/Y             10     24    -14 (VIOLATED)
clkbuf_leaf_283_clk_i_regs/Y             10     24    -14 (VIOLATED)
clkbuf_leaf_288_clk_i_regs/Y             10     24    -14 (VIOLATED)
clkbuf_leaf_292_clk_i_regs/Y             10     24    -14 (VIOLATED)
clkbuf_leaf_32_clk_i_regs/Y              10     24    -14 (VIOLATED)
clkbuf_leaf_47_clk_i_regs/Y              10     24    -14 (VIOLATED)
clkbuf_leaf_49_clk_i_regs/Y              10     24    -14 (VIOLATED)
clkbuf_leaf_54_clk_i_regs/Y              10     24    -14 (VIOLATED)
clkbuf_leaf_60_clk_i_regs/Y              10     24    -14 (VIOLATED)
clkbuf_leaf_64_clk_i_regs/Y              10     24    -14 (VIOLATED)
clkbuf_leaf_67_clk_i_regs/Y              10     24    -14 (VIOLATED)
clkbuf_leaf_68_clk_i_regs/Y              10     24    -14 (VIOLATED)
clkbuf_leaf_70_clk_i_regs/Y              10     24    -14 (VIOLATED)
clkbuf_leaf_72_clk_i_regs/Y              10     24    -14 (VIOLATED)
clkbuf_leaf_73_clk_i_regs/Y              10     24    -14 (VIOLATED)
clkbuf_leaf_74_clk_i_regs/Y              10     24    -14 (VIOLATED)
clkbuf_leaf_75_clk_i_regs/Y              10     24    -14 (VIOLATED)
clkbuf_leaf_8_clk_i_regs/Y               10     24    -14 (VIOLATED)
clkbuf_leaf_0_clk_i_regs/Y               10     23    -13 (VIOLATED)
clkbuf_leaf_105_clk_i_regs/Y             10     23    -13 (VIOLATED)
clkbuf_leaf_124_clk_i_regs/Y             10     23    -13 (VIOLATED)
clkbuf_leaf_135_clk_i_regs/Y             10     23    -13 (VIOLATED)
clkbuf_leaf_163_clk_i_regs/Y             10     23    -13 (VIOLATED)
clkbuf_leaf_167_clk_i_regs/Y             10     23    -13 (VIOLATED)
clkbuf_leaf_172_clk_i_regs/Y             10     23    -13 (VIOLATED)
clkbuf_leaf_207_clk_i_regs/Y             10     23    -13 (VIOLATED)
clkbuf_leaf_209_clk_i_regs/Y             10     23    -13 (VIOLATED)
clkbuf_leaf_20_clk_i_regs/Y              10     23    -13 (VIOLATED)
clkbuf_leaf_257_clk_i_regs/Y             10     23    -13 (VIOLATED)
clkbuf_leaf_268_clk_i_regs/Y             10     23    -13 (VIOLATED)
clkbuf_leaf_279_clk_i_regs/Y             10     23    -13 (VIOLATED)
clkbuf_leaf_285_clk_i_regs/Y             10     23    -13 (VIOLATED)
clkbuf_leaf_29_clk_i_regs/Y              10     23    -13 (VIOLATED)
clkbuf_leaf_302_clk_i_regs/Y             10     23    -13 (VIOLATED)
clkbuf_leaf_309_clk_i_regs/Y             10     23    -13 (VIOLATED)
clkbuf_leaf_312_clk_i_regs/Y             10     23    -13 (VIOLATED)
clkbuf_leaf_316_clk_i_regs/Y             10     23    -13 (VIOLATED)
clkbuf_leaf_320_clk_i_regs/Y             10     23    -13 (VIOLATED)
clkbuf_leaf_321_clk_i_regs/Y             10     23    -13 (VIOLATED)
clkbuf_leaf_323_clk_i_regs/Y             10     23    -13 (VIOLATED)
clkbuf_leaf_327_clk_i_regs/Y             10     23    -13 (VIOLATED)
clkbuf_leaf_44_clk_i_regs/Y              10     23    -13 (VIOLATED)
clkbuf_leaf_5_clk_i_regs/Y               10     23    -13 (VIOLATED)
clkbuf_leaf_66_clk_i_regs/Y              10     23    -13 (VIOLATED)
clkbuf_leaf_79_clk_i_regs/Y              10     23    -13 (VIOLATED)
clkbuf_leaf_7_clk_i_regs/Y               10     23    -13 (VIOLATED)
clkbuf_leaf_81_clk_i_regs/Y              10     23    -13 (VIOLATED)
clkbuf_leaf_82_clk_i_regs/Y              10     23    -13 (VIOLATED)
clkbuf_leaf_89_clk_i_regs/Y              10     23    -13 (VIOLATED)
clkbuf_leaf_91_clk_i_regs/Y              10     23    -13 (VIOLATED)
clkbuf_leaf_111_clk_i_regs/Y             10     22    -12 (VIOLATED)
clkbuf_leaf_116_clk_i_regs/Y             10     22    -12 (VIOLATED)
clkbuf_leaf_118_clk_i_regs/Y             10     22    -12 (VIOLATED)
clkbuf_leaf_134_clk_i_regs/Y             10     22    -12 (VIOLATED)
clkbuf_leaf_147_clk_i_regs/Y             10     22    -12 (VIOLATED)
clkbuf_leaf_148_clk_i_regs/Y             10     22    -12 (VIOLATED)
clkbuf_leaf_154_clk_i_regs/Y             10     22    -12 (VIOLATED)
clkbuf_leaf_161_clk_i_regs/Y             10     22    -12 (VIOLATED)
clkbuf_leaf_181_clk_i_regs/Y             10     22    -12 (VIOLATED)
clkbuf_leaf_18_clk_i_regs/Y              10     22    -12 (VIOLATED)
clkbuf_leaf_193_clk_i_regs/Y             10     22    -12 (VIOLATED)
clkbuf_leaf_205_clk_i_regs/Y             10     22    -12 (VIOLATED)
clkbuf_leaf_211_clk_i_regs/Y             10     22    -12 (VIOLATED)
clkbuf_leaf_212_clk_i_regs/Y             10     22    -12 (VIOLATED)
clkbuf_leaf_214_clk_i_regs/Y             10     22    -12 (VIOLATED)
clkbuf_leaf_217_clk_i_regs/Y             10     22    -12 (VIOLATED)
clkbuf_leaf_218_clk_i_regs/Y             10     22    -12 (VIOLATED)
clkbuf_leaf_219_clk_i_regs/Y             10     22    -12 (VIOLATED)
clkbuf_leaf_228_clk_i_regs/Y             10     22    -12 (VIOLATED)
clkbuf_leaf_229_clk_i_regs/Y             10     22    -12 (VIOLATED)
clkbuf_leaf_230_clk_i_regs/Y             10     22    -12 (VIOLATED)
clkbuf_leaf_231_clk_i_regs/Y             10     22    -12 (VIOLATED)
clkbuf_leaf_232_clk_i_regs/Y             10     22    -12 (VIOLATED)
clkbuf_leaf_245_clk_i_regs/Y             10     22    -12 (VIOLATED)
clkbuf_leaf_24_clk_i_regs/Y              10     22    -12 (VIOLATED)
clkbuf_leaf_255_clk_i_regs/Y             10     22    -12 (VIOLATED)
clkbuf_leaf_258_clk_i_regs/Y             10     22    -12 (VIOLATED)
clkbuf_leaf_26_clk_i_regs/Y              10     22    -12 (VIOLATED)
clkbuf_leaf_27_clk_i_regs/Y              10     22    -12 (VIOLATED)
clkbuf_leaf_291_clk_i_regs/Y             10     22    -12 (VIOLATED)
clkbuf_leaf_293_clk_i_regs/Y             10     22    -12 (VIOLATED)
clkbuf_leaf_303_clk_i_regs/Y             10     22    -12 (VIOLATED)
clkbuf_leaf_311_clk_i_regs/Y             10     22    -12 (VIOLATED)
clkbuf_leaf_317_clk_i_regs/Y             10     22    -12 (VIOLATED)
clkbuf_leaf_329_clk_i_regs/Y             10     22    -12 (VIOLATED)
clkbuf_leaf_51_clk_i_regs/Y              10     22    -12 (VIOLATED)
clkbuf_leaf_52_clk_i_regs/Y              10     22    -12 (VIOLATED)
clkbuf_leaf_55_clk_i_regs/Y              10     22    -12 (VIOLATED)
clkbuf_leaf_57_clk_i_regs/Y              10     22    -12 (VIOLATED)
clkbuf_leaf_83_clk_i_regs/Y              10     22    -12 (VIOLATED)
clkbuf_leaf_100_clk_i_regs/Y             10     21    -11 (VIOLATED)
clkbuf_leaf_123_clk_i_regs/Y             10     21    -11 (VIOLATED)
clkbuf_leaf_130_clk_i_regs/Y             10     21    -11 (VIOLATED)
clkbuf_leaf_133_clk_i_regs/Y             10     21    -11 (VIOLATED)
clkbuf_leaf_136_clk_i_regs/Y             10     21    -11 (VIOLATED)
clkbuf_leaf_139_clk_i_regs/Y             10     21    -11 (VIOLATED)
clkbuf_leaf_146_clk_i_regs/Y             10     21    -11 (VIOLATED)
clkbuf_leaf_186_clk_i_regs/Y             10     21    -11 (VIOLATED)
clkbuf_leaf_191_clk_i_regs/Y             10     21    -11 (VIOLATED)
clkbuf_leaf_198_clk_i_regs/Y             10     21    -11 (VIOLATED)
clkbuf_leaf_1_clk_i_regs/Y               10     21    -11 (VIOLATED)
clkbuf_leaf_200_clk_i_regs/Y             10     21    -11 (VIOLATED)
clkbuf_leaf_213_clk_i_regs/Y             10     21    -11 (VIOLATED)
clkbuf_leaf_216_clk_i_regs/Y             10     21    -11 (VIOLATED)
clkbuf_leaf_225_clk_i_regs/Y             10     21    -11 (VIOLATED)
clkbuf_leaf_226_clk_i_regs/Y             10     21    -11 (VIOLATED)
clkbuf_leaf_233_clk_i_regs/Y             10     21    -11 (VIOLATED)
clkbuf_leaf_236_clk_i_regs/Y             10     21    -11 (VIOLATED)
clkbuf_leaf_242_clk_i_regs/Y             10     21    -11 (VIOLATED)
clkbuf_leaf_243_clk_i_regs/Y             10     21    -11 (VIOLATED)
clkbuf_leaf_256_clk_i_regs/Y             10     21    -11 (VIOLATED)
clkbuf_leaf_28_clk_i_regs/Y              10     21    -11 (VIOLATED)
clkbuf_leaf_300_clk_i_regs/Y             10     21    -11 (VIOLATED)
clkbuf_leaf_301_clk_i_regs/Y             10     21    -11 (VIOLATED)
clkbuf_leaf_322_clk_i_regs/Y             10     21    -11 (VIOLATED)
clkbuf_leaf_33_clk_i_regs/Y              10     21    -11 (VIOLATED)
clkbuf_leaf_37_clk_i_regs/Y              10     21    -11 (VIOLATED)
clkbuf_leaf_38_clk_i_regs/Y              10     21    -11 (VIOLATED)
clkbuf_leaf_39_clk_i_regs/Y              10     21    -11 (VIOLATED)
clkbuf_leaf_43_clk_i_regs/Y              10     21    -11 (VIOLATED)
clkbuf_leaf_46_clk_i_regs/Y              10     21    -11 (VIOLATED)
clkbuf_leaf_59_clk_i_regs/Y              10     21    -11 (VIOLATED)
clkbuf_leaf_63_clk_i_regs/Y              10     21    -11 (VIOLATED)
clkbuf_leaf_69_clk_i_regs/Y              10     21    -11 (VIOLATED)
clkbuf_leaf_94_clk_i_regs/Y              10     21    -11 (VIOLATED)
clkbuf_leaf_96_clk_i_regs/Y              10     21    -11 (VIOLATED)
clkbuf_leaf_97_clk_i_regs/Y              10     21    -11 (VIOLATED)
clkbuf_leaf_98_clk_i_regs/Y              10     21    -11 (VIOLATED)
clkbuf_leaf_99_clk_i_regs/Y              10     21    -11 (VIOLATED)
clkbuf_leaf_103_clk_i_regs/Y             10     20    -10 (VIOLATED)
clkbuf_leaf_15_clk_i_regs/Y              10     20    -10 (VIOLATED)
clkbuf_leaf_166_clk_i_regs/Y             10     20    -10 (VIOLATED)
clkbuf_leaf_170_clk_i_regs/Y             10     20    -10 (VIOLATED)
clkbuf_leaf_185_clk_i_regs/Y             10     20    -10 (VIOLATED)
clkbuf_leaf_190_clk_i_regs/Y             10     20    -10 (VIOLATED)
clkbuf_leaf_206_clk_i_regs/Y             10     20    -10 (VIOLATED)
clkbuf_leaf_22_clk_i_regs/Y              10     20    -10 (VIOLATED)
clkbuf_leaf_239_clk_i_regs/Y             10     20    -10 (VIOLATED)
clkbuf_leaf_241_clk_i_regs/Y             10     20    -10 (VIOLATED)
clkbuf_leaf_267_clk_i_regs/Y             10     20    -10 (VIOLATED)
clkbuf_leaf_278_clk_i_regs/Y             10     20    -10 (VIOLATED)
clkbuf_leaf_305_clk_i_regs/Y             10     20    -10 (VIOLATED)
clkbuf_leaf_318_clk_i_regs/Y             10     20    -10 (VIOLATED)
clkbuf_leaf_330_clk_i_regs/Y             10     20    -10 (VIOLATED)
clkbuf_leaf_56_clk_i_regs/Y              10     20    -10 (VIOLATED)
clkbuf_leaf_77_clk_i_regs/Y              10     20    -10 (VIOLATED)
clkbuf_leaf_106_clk_i_regs/Y             10     19     -9 (VIOLATED)
clkbuf_leaf_144_clk_i_regs/Y             10     19     -9 (VIOLATED)
clkbuf_leaf_150_clk_i_regs/Y             10     19     -9 (VIOLATED)
clkbuf_leaf_155_clk_i_regs/Y             10     19     -9 (VIOLATED)
clkbuf_leaf_156_clk_i_regs/Y             10     19     -9 (VIOLATED)
clkbuf_leaf_158_clk_i_regs/Y             10     19     -9 (VIOLATED)
clkbuf_leaf_159_clk_i_regs/Y             10     19     -9 (VIOLATED)
clkbuf_leaf_174_clk_i_regs/Y             10     19     -9 (VIOLATED)
clkbuf_leaf_189_clk_i_regs/Y             10     19     -9 (VIOLATED)
clkbuf_leaf_194_clk_i_regs/Y             10     19     -9 (VIOLATED)
clkbuf_leaf_208_clk_i_regs/Y             10     19     -9 (VIOLATED)
clkbuf_leaf_223_clk_i_regs/Y             10     19     -9 (VIOLATED)
clkbuf_leaf_240_clk_i_regs/Y             10     19     -9 (VIOLATED)
clkbuf_leaf_254_clk_i_regs/Y             10     19     -9 (VIOLATED)
clkbuf_leaf_295_clk_i_regs/Y             10     19     -9 (VIOLATED)
clkbuf_leaf_299_clk_i_regs/Y             10     19     -9 (VIOLATED)
clkbuf_leaf_31_clk_i_regs/Y              10     19     -9 (VIOLATED)
clkbuf_leaf_34_clk_i_regs/Y              10     19     -9 (VIOLATED)
clkbuf_leaf_35_clk_i_regs/Y              10     19     -9 (VIOLATED)
clkbuf_leaf_36_clk_i_regs/Y              10     19     -9 (VIOLATED)
clkbuf_leaf_41_clk_i_regs/Y              10     19     -9 (VIOLATED)
clkbuf_leaf_42_clk_i_regs/Y              10     19     -9 (VIOLATED)
clkbuf_leaf_58_clk_i_regs/Y              10     19     -9 (VIOLATED)
clkbuf_leaf_143_clk_i_regs/Y             10     18     -8 (VIOLATED)
clkbuf_leaf_169_clk_i_regs/Y             10     18     -8 (VIOLATED)
clkbuf_leaf_187_clk_i_regs/Y             10     18     -8 (VIOLATED)
clkbuf_leaf_188_clk_i_regs/Y             10     18     -8 (VIOLATED)
clkbuf_leaf_195_clk_i_regs/Y             10     18     -8 (VIOLATED)
clkbuf_leaf_197_clk_i_regs/Y             10     18     -8 (VIOLATED)
clkbuf_leaf_227_clk_i_regs/Y             10     18     -8 (VIOLATED)
clkbuf_leaf_45_clk_i_regs/Y              10     18     -8 (VIOLATED)
clkbuf_leaf_53_clk_i_regs/Y              10     18     -8 (VIOLATED)
clkbuf_leaf_9_clk_i_regs/Y               10     18     -8 (VIOLATED)
clkbuf_leaf_11_clk_i_regs/Y              10     17     -7 (VIOLATED)
clkbuf_leaf_269_clk_i_regs/Y             10     17     -7 (VIOLATED)
clkbuf_leaf_270_clk_i_regs/Y             10     17     -7 (VIOLATED)
clkbuf_leaf_30_clk_i_regs/Y              10     17     -7 (VIOLATED)
clkbuf_leaf_90_clk_i_regs/Y              10     17     -7 (VIOLATED)
clkbuf_leaf_101_clk_i_regs/Y             10     16     -6 (VIOLATED)
clkbuf_leaf_107_clk_i_regs/Y             10     16     -6 (VIOLATED)
clkbuf_leaf_12_clk_i_regs/Y              10     16     -6 (VIOLATED)
clkbuf_leaf_221_clk_i_regs/Y             10     16     -6 (VIOLATED)
clkbuf_leaf_298_clk_i_regs/Y             10     16     -6 (VIOLATED)
clkbuf_leaf_13_clk_i_regs/Y              10     15     -5 (VIOLATED)
clkbuf_leaf_175_clk_i_regs/Y             10     15     -5 (VIOLATED)
clkbuf_leaf_178_clk_i_regs/Y             10     15     -5 (VIOLATED)
clkbuf_leaf_203_clk_i_regs/Y             10     15     -5 (VIOLATED)
clkbuf_leaf_319_clk_i_regs/Y             10     15     -5 (VIOLATED)
clkbuf_leaf_3_clk_i_regs/Y               10     15     -5 (VIOLATED)
clkbuf_leaf_95_clk_i_regs/Y              10     15     -5 (VIOLATED)
clkbuf_leaf_14_clk_i_regs/Y              10     14     -4 (VIOLATED)
clkbuf_leaf_17_clk_i_regs/Y              10     14     -4 (VIOLATED)
clkbuf_leaf_201_clk_i_regs/Y             10     14     -4 (VIOLATED)
clkbuf_leaf_145_clk_i_regs/Y             10     13     -3 (VIOLATED)
clkbuf_leaf_202_clk_i_regs/Y             10     12     -2 (VIOLATED)
clkbuf_leaf_204_clk_i_regs/Y             10     12     -2 (VIOLATED)


==========================================================================
finish max_slew_check_slack
--------------------------------------------------------------------------
39.21707534790039

==========================================================================
finish max_slew_check_limit
--------------------------------------------------------------------------
320.0

==========================================================================
finish max_slew_check_slack_limit
--------------------------------------------------------------------------
0.1226

==========================================================================
finish max_fanout_check_slack
--------------------------------------------------------------------------
-20.0

==========================================================================
finish max_fanout_check_limit
--------------------------------------------------------------------------
10.0

==========================================================================
finish max_fanout_check_slack_limit
--------------------------------------------------------------------------
-2.0000

==========================================================================
finish max_capacitance_check_slack
--------------------------------------------------------------------------
0.8910041451454163

==========================================================================
finish max_capacitance_check_limit
--------------------------------------------------------------------------
23.040000915527344

==========================================================================
finish max_capacitance_check_slack_limit
--------------------------------------------------------------------------
0.0387

==========================================================================
finish max_slew_violation_count
--------------------------------------------------------------------------
max slew violation count 0

==========================================================================
finish max_fanout_violation_count
--------------------------------------------------------------------------
max fanout violation count 327

==========================================================================
finish max_cap_violation_count
--------------------------------------------------------------------------
max cap violation count 0

==========================================================================
finish setup_violation_count
--------------------------------------------------------------------------
setup violation count 20

==========================================================================
finish hold_violation_count
--------------------------------------------------------------------------
hold violation count 0

==========================================================================
finish report_checks -path_delay max reg to reg
--------------------------------------------------------------------------
Startpoint: csr_regfile_i.pmpaddr_o[32]$_DFFE_PN0P_
            (rising edge-triggered flip-flop clocked by main_clk)
Endpoint: _tray_size4_16458
          (rising edge-triggered flip-flop clocked by main_clk)
Path Group: main_clk
Path Type: max

  Delay    Time   Description
---------------------------------------------------------
   0.00    0.00   clock main_clk (rise edge)
   0.00    0.00   clock source latency
   0.00    0.00 ^ clk_i (in)
  20.61   20.61 ^ wire47475/Y (BUFx10_ASAP7_75t_SL)
  32.45   53.06 ^ clkbuf_regs_0_main_clk/Y (BUFx24_ASAP7_75t_SL)
  15.49   68.55 ^ clkbuf_0_clk_i_regs/Y (BUFx24_ASAP7_75t_SL)
  21.26   89.81 ^ clkbuf_1_1_0_clk_i_regs/Y (BUFx24_ASAP7_75t_SL)
  27.22  117.03 ^ clkbuf_3_7_0_clk_i_regs/Y (BUFx24_ASAP7_75t_SL)
  19.85  136.88 ^ clkbuf_5_30_0_clk_i_regs/Y (BUFx24_ASAP7_75t_SL)
  17.44  154.32 ^ clkbuf_6_61__f_clk_i_regs/Y (BUFx24_ASAP7_75t_SL)
  18.58  172.90 ^ clkbuf_leaf_157_clk_i_regs/Y (BUFx24_ASAP7_75t_SL)
   0.43  173.33 ^ csr_regfile_i.pmpaddr_o[32]$_DFFE_PN0P_/CLK (DFFASRHQNx1_ASAP7_75t_SL)
  40.86  214.19 v csr_regfile_i.pmpaddr_o[32]$_DFFE_PN0P_/QN (DFFASRHQNx1_ASAP7_75t_SL)
  35.19  249.38 v _104962_/Y (OR4x1_ASAP7_75t_SL)
  30.62  280.00 v _104963_/Y (OR4x1_ASAP7_75t_SL)
  18.98  298.98 v _109622_/Y (AO21x1_ASAP7_75t_SL)
  17.69  316.67 v _109623_/Y (AO21x1_ASAP7_75t_SL)
  15.13  331.80 ^ _109631_/Y (NAND2x2_ASAP7_75t_SL)
  10.12  341.92 v _109651_/Y (INVx3_ASAP7_75t_SL)
  29.66  371.58 ^ _198018_/CON (HAxp5_ASAP7_75t_R)
  23.99  395.57 v _109632_/Y (INVx1_ASAP7_75t_R)
  43.44  439.01 ^ _198016_/CON (HAxp5_ASAP7_75t_R)
  34.23  473.24 v _198016_/SN (HAxp5_ASAP7_75t_R)
  37.71  510.95 v _109687_/Y (OR2x2_ASAP7_75t_R)
  21.46  532.41 v _109738_/Y (AND2x2_ASAP7_75t_R)
  11.06  543.46 ^ _109761_/Y (OAI22x1_ASAP7_75t_R)
  15.62  559.09 ^ _109764_/Y (AO21x1_ASAP7_75t_R)
  16.03  575.11 ^ _109765_/Y (OA31x2_ASAP7_75t_SL)
  10.05  585.17 ^ _109766_/Y (OR4x1_ASAP7_75t_SL)
  16.11  601.27 ^ _109773_/Y (AO211x2_ASAP7_75t_SL)
  19.04  620.32 ^ _110581_/Y (AO21x1_ASAP7_75t_SL)
  18.58  638.90 ^ _111290_/Y (OR3x1_ASAP7_75t_R)
  24.17  663.07 ^ _111291_/Y (AND5x1_ASAP7_75t_L)
  17.39  680.46 ^ _111298_/Y (AO221x1_ASAP7_75t_SL)
  15.12  695.59 ^ _111299_/Y (AO21x2_ASAP7_75t_SL)
  31.07  726.65 v _113904_/Y (AOI21x1_ASAP7_75t_SL)
  47.88  774.53 ^ _116027_/Y (OAI21x1_ASAP7_75t_SL)
  21.62  796.15 ^ place38003/Y (BUFx6f_ASAP7_75t_L)
  20.22  816.37 ^ place38002/Y (BUFx3_ASAP7_75t_L)
  44.08  860.44 ^ _119933_/Y (AND4x1_ASAP7_75t_SL)
  33.93  894.37 ^ _120000_/Y (AND2x2_ASAP7_75t_SL)
  59.57  953.94 ^ _120003_/Y (OA222x2_ASAP7_75t_R)
  61.88 1015.82 v _125013_/Y (NAND2x1_ASAP7_75t_R)
  45.43 1061.26 v place36882/Y (BUFx3_ASAP7_75t_L)
  21.90 1083.15 v _153748_/Y (OA22x2_ASAP7_75t_R)
  20.35 1103.51 v _153750_/Y (AO22x1_ASAP7_75t_SL)
  23.57 1127.08 v _153752_/Y (OA22x2_ASAP7_75t_R)
  24.07 1151.15 v _153754_/Y (OA222x2_ASAP7_75t_R)
  17.57 1168.72 v _153755_/Y (AO21x1_ASAP7_75t_R)
  14.00 1182.72 v _153757_/Y (AO22x1_ASAP7_75t_SL)
   0.12 1182.84 v _tray_size4_16458/D1 (DFFHQNH2V2Xx1_ASAP7_75t_R)
        1182.84   data arrival time

1000.00 1000.00   clock main_clk (rise edge)
   0.00 1000.00   clock source latency
   0.00 1000.00 ^ clk_i (in)
  20.17 1020.17 ^ wire47475/Y (BUFx10_ASAP7_75t_SL)
  30.90 1051.07 ^ clkbuf_regs_0_main_clk/Y (BUFx24_ASAP7_75t_SL)
  15.31 1066.39 ^ clkbuf_0_clk_i_regs/Y (BUFx24_ASAP7_75t_SL)
  20.81 1087.20 ^ clkbuf_1_0_0_clk_i_regs/Y (BUFx24_ASAP7_75t_SL)
  23.27 1110.47 ^ clkbuf_3_1_0_clk_i_regs/Y (BUFx24_ASAP7_75t_SL)
  19.60 1130.07 ^ clkbuf_5_7_0_clk_i_regs/Y (BUFx24_ASAP7_75t_SL)
  16.42 1146.49 ^ clkbuf_6_15__f_clk_i_regs/Y (BUFx24_ASAP7_75t_SL)
  18.64 1165.14 ^ clkbuf_leaf_271_clk_i_regs/Y (BUFx24_ASAP7_75t_SL)
   1.97 1167.11 ^ _tray_size4_16458/CLK (DFFHQNH2V2Xx1_ASAP7_75t_R)
   2.17 1169.27   clock reconvergence pessimism
  -1.83 1167.44   library setup time
        1167.44   data required time
---------------------------------------------------------
        1167.44   data required time
        -1182.84   data arrival time
---------------------------------------------------------
         -15.40   slack (VIOLATED)



==========================================================================
finish report_checks -path_delay min reg to reg
--------------------------------------------------------------------------
Startpoint: gen_cache_hpd.i_cache_subsystem.i_cva6_icache.repl_way_oh_q[1]$_DFFE_PN0P_
            (rising edge-triggered flip-flop clocked by main_clk)
Endpoint: gen_cache_hpd.i_cache_subsystem.i_cva6_icache.gen_sram[1].tag_sram.gen_techno_cut.genblk1.i_tc_sram_wrapper
          (rising edge-triggered flip-flop clocked by main_clk)
Path Group: main_clk
Path Type: min

  Delay    Time   Description
---------------------------------------------------------
   0.00    0.00   clock main_clk (rise edge)
   0.00    0.00   clock source latency
   0.00    0.00 ^ clk_i (in)
  20.17   20.17 ^ wire47475/Y (BUFx10_ASAP7_75t_SL)
  30.90   51.07 ^ clkbuf_regs_0_main_clk/Y (BUFx24_ASAP7_75t_SL)
  15.31   66.39 ^ clkbuf_0_clk_i_regs/Y (BUFx24_ASAP7_75t_SL)
  20.61   87.00 ^ clkbuf_1_1_0_clk_i_regs/Y (BUFx24_ASAP7_75t_SL)
  27.14  114.14 ^ clkbuf_3_4_0_clk_i_regs/Y (BUFx24_ASAP7_75t_SL)
  21.61  135.74 ^ clkbuf_5_17_0_clk_i_regs/Y (BUFx24_ASAP7_75t_SL)
  16.99  152.73 ^ clkbuf_6_34__f_clk_i_regs/Y (BUFx24_ASAP7_75t_SL)
  17.77  170.50 ^ clkbuf_leaf_34_clk_i_regs/Y (BUFx24_ASAP7_75t_SL)
   0.90  171.40 ^ gen_cache_hpd.i_cache_subsystem.i_cva6_icache.repl_way_oh_q[1]$_DFFE_PN0P_/CLK (DFFASRHQNx1_ASAP7_75t_SL)
  38.42  209.82 ^ gen_cache_hpd.i_cache_subsystem.i_cva6_icache.repl_way_oh_q[1]$_DFFE_PN0P_/QN (DFFASRHQNx1_ASAP7_75t_SL)
  25.71  235.53 v _171099_/Y (NAND2x1_ASAP7_75t_R)
   8.73  244.26 v gen_cache_hpd.i_cache_subsystem.i_cva6_icache.gen_sram[1].tag_sram.gen_techno_cut.genblk1.i_tc_sram_wrapper/ce_in (fakeram7_64x25)
         244.26   data arrival time

   0.00    0.00   clock main_clk (rise edge)
   0.00    0.00   clock source latency
   0.00    0.00 ^ clk_i (in)
  20.61   20.61 ^ wire47475/Y (BUFx10_ASAP7_75t_SL)
  34.53   55.14 ^ clkbuf_0_clk_i/Y (BUFx24_ASAP7_75t_SL)
  25.30   80.44 ^ clkbuf_1_1_0_clk_i/Y (BUFx24_ASAP7_75t_SL)
 110.12  190.56 ^ gen_cache_hpd.i_cache_subsystem.i_cva6_icache.gen_sram[1].tag_sram.gen_techno_cut.genblk1.i_tc_sram_wrapper/clk (fakeram7_64x25)
  -0.44  190.12   clock reconvergence pessimism
  50.00  240.12   library hold time
         240.12   data required time
---------------------------------------------------------
         240.12   data required time
        -244.26   data arrival time
---------------------------------------------------------
           4.14   slack (MET)



==========================================================================
finish critical path target clock latency max path
--------------------------------------------------------------------------
0

==========================================================================
finish critical path target clock latency min path
--------------------------------------------------------------------------
0

==========================================================================
finish critical path source clock latency min path
--------------------------------------------------------------------------
0

==========================================================================
finish critical path delay
--------------------------------------------------------------------------
1182.8362

==========================================================================
finish critical path slack
--------------------------------------------------------------------------
-15.3961

==========================================================================
finish slack div critical path delay
--------------------------------------------------------------------------
-1.301626

==========================================================================
finish report_power
--------------------------------------------------------------------------
Group                  Internal  Switching    Leakage      Total
                          Power      Power      Power      Power (Watts)
----------------------------------------------------------------
Sequential             1.57e-02   4.23e-03   6.42e-05   2.00e-02  15.6%
Combinational          2.99e-02   3.71e-02   7.49e-05   6.70e-02  52.2%
Clock                  1.10e-02   4.72e-03   2.29e-05   1.57e-02  12.3%
Macro                  2.45e-02   0.00e+00   1.03e-03   2.55e-02  19.9%
Pad                    0.00e+00   0.00e+00   0.00e+00   0.00e+00   0.0%
----------------------------------------------------------------
Total                  8.10e-02   4.61e-02   1.19e-03   1.28e-01 100.0%
                          63.2%      35.9%       0.9%
