
==========================================================================
floorplan final report_tns
--------------------------------------------------------------------------
tns max -1992027.12

==========================================================================
floorplan final report_wns
--------------------------------------------------------------------------
wns max -1339.26

==========================================================================
floorplan final report_worst_slack
--------------------------------------------------------------------------
worst slack max -1339.26

==========================================================================
floorplan final report_clock_min_period
--------------------------------------------------------------------------
core_clock period_min = 2339.26 fmax = 427.48

==========================================================================
floorplan final report_checks -path_delay min
--------------------------------------------------------------------------
Startpoint: rst_ni (input port clocked by core_clock)
Endpoint: cs_registers_i.priv_mode_id_o[0]$_DFFE_PN1P_
          (removal check against rising-edge clock core_clock)
Path Group: asynchronous
Path Type: min

Fanout     Cap    Slew   Delay    Time   Description
-----------------------------------------------------------------------------
                  0.00    0.00    0.00   clock core_clock (rise edge)
                          0.00    0.00   clock network delay (ideal)
                        200.00  200.00 ^ input external delay
  1665 1163.52    0.00    0.00  200.00 ^ rst_ni (in)
                                         rst_ni (net)
                  0.00    0.00  200.00 ^ cs_registers_i.priv_mode_id_o[0]$_DFFE_PN1P_/SETN (DFFASRHQNx1_ASAP7_75t_R)
                                200.00   data arrival time

                  0.00    0.00    0.00   clock core_clock (rise edge)
                          0.00    0.00   clock network delay (ideal)
                          0.00    0.00   clock reconvergence pessimism
                                  0.00 ^ cs_registers_i.priv_mode_id_o[0]$_DFFE_PN1P_/CLK (DFFASRHQNx1_ASAP7_75t_R)
                         25.79   25.79   library removal time
                                 25.79   data required time
-----------------------------------------------------------------------------
                                 25.79   data required time
                               -200.00   data arrival time
-----------------------------------------------------------------------------
                                174.21   slack (MET)


Startpoint: core_clock_gate_i.en_latch$_DLATCH_N_
            (negative level-sensitive latch clocked by core_clock)
Endpoint: _23024_ (rising clock gating-check end-point clocked by core_clock)
Path Group: gated clock
Path Type: min

Fanout     Cap    Slew   Delay    Time   Description
-----------------------------------------------------------------------------
                  0.00  500.00  500.00   clock core_clock (fall edge)
                          0.00  500.00   clock network delay (ideal)
                  0.00    0.00  500.00 v core_clock_gate_i.en_latch$_DLATCH_N_/CLK (DLLx1_ASAP7_75t_R)
     1    0.32    6.21   17.28  517.28 ^ core_clock_gate_i.en_latch$_DLATCH_N_/Q (DLLx1_ASAP7_75t_R)
                                         core_clock_gate_i.en_latch (net)
                  6.21    0.00  517.28 ^ _23024_/B (AND2x2_ASAP7_75t_R)
                                517.28   data arrival time

                  0.00  500.00  500.00   clock core_clock (fall edge)
                          0.00  500.00   clock network delay (ideal)
                          0.00  500.00   clock reconvergence pessimism
                                500.00 v _23024_/A (AND2x2_ASAP7_75t_R)
                          0.00  500.00   clock gating hold time
                                500.00   data required time
-----------------------------------------------------------------------------
                                500.00   data required time
                               -517.28   data arrival time
-----------------------------------------------------------------------------
                                 17.28   slack (MET)


Startpoint: fetch_enable_q$_DFFE_PN0P_
            (rising edge-triggered flip-flop clocked by core_clock)
Endpoint: fetch_enable_q$_DFFE_PN0P_
          (rising edge-triggered flip-flop clocked by core_clock)
Path Group: core_clock
Path Type: min

Fanout     Cap    Slew   Delay    Time   Description
-----------------------------------------------------------------------------
                  0.00    0.00    0.00   clock core_clock (rise edge)
                          0.00    0.00   clock network delay (ideal)
                  0.00    0.00    0.00 ^ fetch_enable_q$_DFFE_PN0P_/CLK (DFFASRHQNx1_ASAP7_75t_R)
     2    1.07   15.90   37.16   37.16 ^ fetch_enable_q$_DFFE_PN0P_/QN (DFFASRHQNx1_ASAP7_75t_R)
                                         _00080_ (net)
                 15.90    0.00   37.16 ^ _25626_/B (NAND2x1_ASAP7_75t_R)
     1    0.55    5.35    6.46   43.62 v _25626_/Y (NAND2x1_ASAP7_75t_R)
                                         _10800_ (net)
                  5.35    0.00   43.62 v fetch_enable_q$_DFFE_PN0P_/D (DFFASRHQNx1_ASAP7_75t_R)
                                 43.62   data arrival time

                  0.00    0.00    0.00   clock core_clock (rise edge)
                          0.00    0.00   clock network delay (ideal)
                          0.00    0.00   clock reconvergence pessimism
                                  0.00 ^ fetch_enable_q$_DFFE_PN0P_/CLK (DFFASRHQNx1_ASAP7_75t_R)
                          9.37    9.37   library hold time
                                  9.37   data required time
-----------------------------------------------------------------------------
                                  9.37   data required time
                                -43.62   data arrival time
-----------------------------------------------------------------------------
                                 34.25   slack (MET)



==========================================================================
floorplan final report_checks -path_delay max
--------------------------------------------------------------------------
Startpoint: rst_ni (input port clocked by core_clock)
Endpoint: cs_registers_i.priv_mode_id_o[0]$_DFFE_PN1P_
          (recovery check against rising-edge clock core_clock)
Path Group: asynchronous
Path Type: max

Fanout     Cap    Slew   Delay    Time   Description
-----------------------------------------------------------------------------
                  0.00    0.00    0.00   clock core_clock (rise edge)
                          0.00    0.00   clock network delay (ideal)
                        200.00  200.00 ^ input external delay
  1665 1340.46    0.00    0.00  200.00 ^ rst_ni (in)
                                         rst_ni (net)
                  0.00    0.00  200.00 ^ cs_registers_i.priv_mode_id_o[0]$_DFFE_PN1P_/SETN (DFFASRHQNx1_ASAP7_75t_R)
                                200.00   data arrival time

                  0.00 1000.00 1000.00   clock core_clock (rise edge)
                          0.00 1000.00   clock network delay (ideal)
                          0.00 1000.00   clock reconvergence pessimism
                               1000.00 ^ cs_registers_i.priv_mode_id_o[0]$_DFFE_PN1P_/CLK (DFFASRHQNx1_ASAP7_75t_R)
                          6.99 1006.99   library recovery time
                               1006.99   data required time
-----------------------------------------------------------------------------
                               1006.99   data required time
                               -200.00   data arrival time
-----------------------------------------------------------------------------
                                806.99   slack (MET)


Startpoint: core_clock_gate_i.en_latch$_DLATCH_N_
            (negative level-sensitive latch clocked by core_clock)
Endpoint: _23024_ (rising clock gating-check end-point clocked by core_clock)
Path Group: gated clock
Path Type: max

Fanout     Cap    Slew   Delay    Time   Description
-----------------------------------------------------------------------------
                  0.00  500.00  500.00   clock core_clock (fall edge)
                          0.00  500.00   clock network delay (ideal)
                  0.00    0.00  500.00 v core_clock_gate_i.en_latch$_DLATCH_N_/CLK (DLLx1_ASAP7_75t_R)
     1    0.58    7.59   27.20  527.20 v core_clock_gate_i.en_latch$_DLATCH_N_/Q (DLLx1_ASAP7_75t_R)
                                         core_clock_gate_i.en_latch (net)
                  7.59    0.00  527.20 v _23024_/B (AND2x2_ASAP7_75t_R)
                                527.20   data arrival time

                  0.00 1000.00 1000.00   clock core_clock (rise edge)
                          0.00 1000.00   clock network delay (ideal)
                          0.00 1000.00   clock reconvergence pessimism
                               1000.00 ^ _23024_/A (AND2x2_ASAP7_75t_R)
                          0.00 1000.00   clock gating setup time
                               1000.00   data required time
-----------------------------------------------------------------------------
                               1000.00   data required time
                               -527.20   data arrival time
-----------------------------------------------------------------------------
                                472.80   slack (MET)


Startpoint: if_stage_i.instr_rdata_id_o[21]$_DFFE_PP_
            (rising edge-triggered flip-flop clocked by core_clock)
Endpoint: if_stage_i.gen_prefetch_buffer.prefetch_buffer_i.fifo_i.err_q[1]$_DFFE_PP_
          (rising edge-triggered flip-flop clocked by core_clock)
Path Group: core_clock
Path Type: max

Fanout     Cap    Slew   Delay    Time   Description
-----------------------------------------------------------------------------
                  0.00    0.00    0.00   clock core_clock (rise edge)
                          0.00    0.00   clock network delay (ideal)
                  0.00    0.00    0.00 ^ if_stage_i.instr_rdata_id_o[21]$_DFFE_PP_/CLK (DFFHQNx3_ASAP7_75t_R)
   783  621.77 1225.67  611.65  611.65 ^ if_stage_i.instr_rdata_id_o[21]$_DFFE_PP_/QN (DFFHQNx3_ASAP7_75t_R)
                                         _00232_ (net)
               1225.67    0.00  611.65 ^ _18191_/A (INVx1_ASAP7_75t_R)
    91   61.57  545.38  586.50 1198.15 v _18191_/Y (INVx1_ASAP7_75t_R)
                                         _03369_ (net)
                545.38    0.00 1198.15 v _19569_/A (OR4x1_ASAP7_75t_R)
     7    6.22   43.94  112.41 1310.56 v _19569_/Y (OR4x1_ASAP7_75t_R)
                                         _04747_ (net)
                 43.94    0.00 1310.56 v _19570_/A2 (OAI21x1_ASAP7_75t_R)
     1    0.60   25.83   13.21 1323.77 ^ _19570_/Y (OAI21x1_ASAP7_75t_R)
                                         _04748_ (net)
                 25.83    0.00 1323.77 ^ _19581_/B (OR3x1_ASAP7_75t_R)
     2    1.20    9.92   16.31 1340.09 ^ _19581_/Y (OR3x1_ASAP7_75t_R)
                                         _04759_ (net)
                  9.92    0.00 1340.09 ^ _19582_/B (AND2x2_ASAP7_75t_R)
     2    1.80    9.48   16.61 1356.70 ^ _19582_/Y (AND2x2_ASAP7_75t_R)
                                         _04760_ (net)
                  9.48    0.00 1356.70 ^ _19612_/A1 (AOI22x1_ASAP7_75t_R)
     7    5.46   31.88   16.75 1373.45 v _19612_/Y (AOI22x1_ASAP7_75t_R)
                                         _04790_ (net)
                 31.88    0.00 1373.45 v _19614_/B2 (OAI22x1_ASAP7_75t_R)
    35   29.01  175.80   89.56 1463.01 ^ _19614_/Y (OAI22x1_ASAP7_75t_R)
                                         _04792_ (net)
                175.80    0.00 1463.01 ^ _19613_/A (INVx5_ASAP7_75t_R)
    54   39.67   75.44   56.93 1519.94 v _19613_/Y (INVx5_ASAP7_75t_R)
                                         _04791_ (net)
                 75.44    0.00 1519.94 v _19616_/B (AND2x4_ASAP7_75t_R)
     1    0.61    7.24   26.71 1546.65 v _19616_/Y (AND2x4_ASAP7_75t_R)
                                         _04794_ (net)
                  7.24    0.00 1546.65 v _19623_/B (OR3x1_ASAP7_75t_R)
     1    1.00    9.98   20.67 1567.32 v _19623_/Y (OR3x1_ASAP7_75t_R)
                                         _04801_ (net)
                  9.98    0.00 1567.32 v alu_adder_result_ex\\ALU_33_0_33_0_33_unused_CO_X_Y[0]_HAN_CARLSON/_530_/A (XOR2x2_ASAP7_75t_R)
     2    2.66   11.57   22.47 1589.79 v alu_adder_result_ex\\ALU_33_0_33_0_33_unused_CO_X_Y[0]_HAN_CARLSON/_530_/Y (XOR2x2_ASAP7_75t_R)
                                         alu_adder_result_ex\\ALU_33_0_33_0_33_unused_CO_X_Y[0]_HAN_CARLSON/_227_ (net)
                 11.57    0.00 1589.79 v alu_adder_result_ex\\ALU_33_0_33_0_33_unused_CO_X_Y[0]_HAN_CARLSON/_314_/CI (FAx1_ASAP7_75t_R)
     3    3.56   55.95   30.46 1620.24 ^ alu_adder_result_ex\\ALU_33_0_33_0_33_unused_CO_X_Y[0]_HAN_CARLSON/_314_/CON (FAx1_ASAP7_75t_R)
                                         alu_adder_result_ex\\ALU_33_0_33_0_33_unused_CO_X_Y[0]_HAN_CARLSON/_000_ (net)
                 55.95    0.00 1620.24 ^ alu_adder_result_ex\\ALU_33_0_33_0_33_unused_CO_X_Y[0]_HAN_CARLSON/_561_/B (XOR2x2_ASAP7_75t_R)
     8    6.88   22.47   37.05 1657.29 v alu_adder_result_ex\\ALU_33_0_33_0_33_unused_CO_X_Y[0]_HAN_CARLSON/_561_/Y (XOR2x2_ASAP7_75t_R)
                                         alu_adder_result_ex[1] (net)
                 22.47    0.00 1657.29 v _24764_/A (INVx2_ASAP7_75t_R)
     5    3.76   16.37   13.18 1670.47 ^ _24764_/Y (INVx2_ASAP7_75t_R)
                                         _09940_ (net)
                 16.37    0.00 1670.47 ^ _18057_/A (HAxp5_ASAP7_75t_R)
    30   23.79  215.63  103.20 1773.67 v _18057_/CON (HAxp5_ASAP7_75t_R)
                                         _03015_ (net)
                215.63    0.00 1773.67 v _23519_/D (OR4x1_ASAP7_75t_R)
     1    0.61   11.95   42.76 1816.43 v _23519_/Y (OR4x1_ASAP7_75t_R)
                                         _08697_ (net)
                 11.95    0.00 1816.43 v _23522_/B (OR4x1_ASAP7_75t_R)
     1    0.66    9.57   24.85 1841.28 v _23522_/Y (OR4x1_ASAP7_75t_R)
                                         _08700_ (net)
                  9.57    0.00 1841.28 v _23528_/A (OR4x1_ASAP7_75t_R)
     4    2.94   20.98   30.39 1871.67 v _23528_/Y (OR4x1_ASAP7_75t_R)
                                         _08706_ (net)
                 20.98    0.00 1871.67 v _23527_/A (INVx1_ASAP7_75t_R)
     2    1.21   12.97   10.82 1882.49 ^ _23527_/Y (INVx1_ASAP7_75t_R)
                                         _08705_ (net)
                 12.97    0.00 1882.49 ^ _23533_/B (OR3x1_ASAP7_75t_R)
     2    1.07    9.18   13.58 1896.07 ^ _23533_/Y (OR3x1_ASAP7_75t_R)
                                         _08711_ (net)
                  9.18    0.00 1896.07 ^ _23552_/A1 (AO21x1_ASAP7_75t_R)
     2    1.26   10.80   14.76 1910.83 ^ _23552_/Y (AO21x1_ASAP7_75t_R)
                                         _08730_ (net)
                 10.80    0.00 1910.83 ^ _23553_/D (AND4x1_ASAP7_75t_R)
     2    2.30   20.43   27.99 1938.81 ^ _23553_/Y (AND4x1_ASAP7_75t_R)
                                         _08731_ (net)
                 20.43    0.00 1938.81 ^ _23554_/B (NOR2x1p5_ASAP7_75t_R)
     5    3.57   15.61   13.44 1952.25 v _23554_/Y (NOR2x1p5_ASAP7_75t_R)
                                         _08732_ (net)
                 15.61    0.00 1952.25 v _23556_/C (AND3x2_ASAP7_75t_R)
     4    4.48   15.16   20.85 1973.10 v _23556_/Y (AND3x2_ASAP7_75t_R)
                                         _08734_ (net)
                 15.16    0.00 1973.10 v _23776_/C (NAND3x2_ASAP7_75t_R)
   104   83.99  269.75  125.71 2098.81 ^ _23776_/Y (NAND3x2_ASAP7_75t_R)
                                         _08954_ (net)
                269.75    0.00 2098.81 ^ _23777_/A (NOR2x2_ASAP7_75t_R)
    36   23.23  112.97   89.94 2188.74 v _23777_/Y (NOR2x2_ASAP7_75t_R)
                                         _08955_ (net)
                112.97    0.00 2188.74 v _25109_/A2 (AO21x2_ASAP7_75t_R)
    66   56.56  141.83  103.65 2292.39 v _25109_/Y (AO21x2_ASAP7_75t_R)
                                         _10285_ (net)
                141.83    0.00 2292.39 v _25116_/B (NOR2x1_ASAP7_75t_R)
     1    0.63   25.51   17.08 2309.47 ^ _25116_/Y (NOR2x1_ASAP7_75t_R)
                                         _10292_ (net)
                 25.51    0.00 2309.47 ^ _25121_/B (AO21x1_ASAP7_75t_R)
     1    0.62   10.26   14.44 2323.91 ^ _25121_/Y (AO21x1_ASAP7_75t_R)
                                         _10297_ (net)
                 10.26    0.00 2323.91 ^ if_stage_i.gen_prefetch_buffer.prefetch_buffer_i.fifo_i.err_q[1]$_DFFE_PP_/D (DFFHQNx1_ASAP7_75t_R)
                               2323.91   data arrival time

                  0.00 1000.00 1000.00   clock core_clock (rise edge)
                          0.00 1000.00   clock network delay (ideal)
                          0.00 1000.00   clock reconvergence pessimism
                               1000.00 ^ if_stage_i.gen_prefetch_buffer.prefetch_buffer_i.fifo_i.err_q[1]$_DFFE_PP_/CLK (DFFHQNx1_ASAP7_75t_R)
                        -15.36  984.64   library setup time
                                984.64   data required time
-----------------------------------------------------------------------------
                                984.64   data required time
                               -2323.91   data arrival time
-----------------------------------------------------------------------------
                               -1339.26   slack (VIOLATED)



==========================================================================
floorplan final report_checks -unconstrained
--------------------------------------------------------------------------
Startpoint: rst_ni (input port clocked by core_clock)
Endpoint: cs_registers_i.priv_mode_id_o[0]$_DFFE_PN1P_
          (recovery check against rising-edge clock core_clock)
Path Group: asynchronous
Path Type: max

Fanout     Cap    Slew   Delay    Time   Description
-----------------------------------------------------------------------------
                  0.00    0.00    0.00   clock core_clock (rise edge)
                          0.00    0.00   clock network delay (ideal)
                        200.00  200.00 ^ input external delay
  1665 1340.46    0.00    0.00  200.00 ^ rst_ni (in)
                                         rst_ni (net)
                  0.00    0.00  200.00 ^ cs_registers_i.priv_mode_id_o[0]$_DFFE_PN1P_/SETN (DFFASRHQNx1_ASAP7_75t_R)
                                200.00   data arrival time

                  0.00 1000.00 1000.00   clock core_clock (rise edge)
                          0.00 1000.00   clock network delay (ideal)
                          0.00 1000.00   clock reconvergence pessimism
                               1000.00 ^ cs_registers_i.priv_mode_id_o[0]$_DFFE_PN1P_/CLK (DFFASRHQNx1_ASAP7_75t_R)
                          6.99 1006.99   library recovery time
                               1006.99   data required time
-----------------------------------------------------------------------------
                               1006.99   data required time
                               -200.00   data arrival time
-----------------------------------------------------------------------------
                                806.99   slack (MET)


Startpoint: core_clock_gate_i.en_latch$_DLATCH_N_
            (negative level-sensitive latch clocked by core_clock)
Endpoint: _23024_ (rising clock gating-check end-point clocked by core_clock)
Path Group: gated clock
Path Type: max

Fanout     Cap    Slew   Delay    Time   Description
-----------------------------------------------------------------------------
                  0.00  500.00  500.00   clock core_clock (fall edge)
                          0.00  500.00   clock network delay (ideal)
                  0.00    0.00  500.00 v core_clock_gate_i.en_latch$_DLATCH_N_/CLK (DLLx1_ASAP7_75t_R)
     1    0.58    7.59   27.20  527.20 v core_clock_gate_i.en_latch$_DLATCH_N_/Q (DLLx1_ASAP7_75t_R)
                                         core_clock_gate_i.en_latch (net)
                  7.59    0.00  527.20 v _23024_/B (AND2x2_ASAP7_75t_R)
                                527.20   data arrival time

                  0.00 1000.00 1000.00   clock core_clock (rise edge)
                          0.00 1000.00   clock network delay (ideal)
                          0.00 1000.00   clock reconvergence pessimism
                               1000.00 ^ _23024_/A (AND2x2_ASAP7_75t_R)
                          0.00 1000.00   clock gating setup time
                               1000.00   data required time
-----------------------------------------------------------------------------
                               1000.00   data required time
                               -527.20   data arrival time
-----------------------------------------------------------------------------
                                472.80   slack (MET)


Startpoint: if_stage_i.instr_rdata_id_o[21]$_DFFE_PP_
            (rising edge-triggered flip-flop clocked by core_clock)
Endpoint: if_stage_i.gen_prefetch_buffer.prefetch_buffer_i.fifo_i.err_q[1]$_DFFE_PP_
          (rising edge-triggered flip-flop clocked by core_clock)
Path Group: core_clock
Path Type: max

Fanout     Cap    Slew   Delay    Time   Description
-----------------------------------------------------------------------------
                  0.00    0.00    0.00   clock core_clock (rise edge)
                          0.00    0.00   clock network delay (ideal)
                  0.00    0.00    0.00 ^ if_stage_i.instr_rdata_id_o[21]$_DFFE_PP_/CLK (DFFHQNx3_ASAP7_75t_R)
   783  621.77 1225.67  611.65  611.65 ^ if_stage_i.instr_rdata_id_o[21]$_DFFE_PP_/QN (DFFHQNx3_ASAP7_75t_R)
                                         _00232_ (net)
               1225.67    0.00  611.65 ^ _18191_/A (INVx1_ASAP7_75t_R)
    91   61.57  545.38  586.50 1198.15 v _18191_/Y (INVx1_ASAP7_75t_R)
                                         _03369_ (net)
                545.38    0.00 1198.15 v _19569_/A (OR4x1_ASAP7_75t_R)
     7    6.22   43.94  112.41 1310.56 v _19569_/Y (OR4x1_ASAP7_75t_R)
                                         _04747_ (net)
                 43.94    0.00 1310.56 v _19570_/A2 (OAI21x1_ASAP7_75t_R)
     1    0.60   25.83   13.21 1323.77 ^ _19570_/Y (OAI21x1_ASAP7_75t_R)
                                         _04748_ (net)
                 25.83    0.00 1323.77 ^ _19581_/B (OR3x1_ASAP7_75t_R)
     2    1.20    9.92   16.31 1340.09 ^ _19581_/Y (OR3x1_ASAP7_75t_R)
                                         _04759_ (net)
                  9.92    0.00 1340.09 ^ _19582_/B (AND2x2_ASAP7_75t_R)
     2    1.80    9.48   16.61 1356.70 ^ _19582_/Y (AND2x2_ASAP7_75t_R)
                                         _04760_ (net)
                  9.48    0.00 1356.70 ^ _19612_/A1 (AOI22x1_ASAP7_75t_R)
     7    5.46   31.88   16.75 1373.45 v _19612_/Y (AOI22x1_ASAP7_75t_R)
                                         _04790_ (net)
                 31.88    0.00 1373.45 v _19614_/B2 (OAI22x1_ASAP7_75t_R)
    35   29.01  175.80   89.56 1463.01 ^ _19614_/Y (OAI22x1_ASAP7_75t_R)
                                         _04792_ (net)
                175.80    0.00 1463.01 ^ _19613_/A (INVx5_ASAP7_75t_R)
    54   39.67   75.44   56.93 1519.94 v _19613_/Y (INVx5_ASAP7_75t_R)
                                         _04791_ (net)
                 75.44    0.00 1519.94 v _19616_/B (AND2x4_ASAP7_75t_R)
     1    0.61    7.24   26.71 1546.65 v _19616_/Y (AND2x4_ASAP7_75t_R)
                                         _04794_ (net)
                  7.24    0.00 1546.65 v _19623_/B (OR3x1_ASAP7_75t_R)
     1    1.00    9.98   20.67 1567.32 v _19623_/Y (OR3x1_ASAP7_75t_R)
                                         _04801_ (net)
                  9.98    0.00 1567.32 v alu_adder_result_ex\\ALU_33_0_33_0_33_unused_CO_X_Y[0]_HAN_CARLSON/_530_/A (XOR2x2_ASAP7_75t_R)
     2    2.66   11.57   22.47 1589.79 v alu_adder_result_ex\\ALU_33_0_33_0_33_unused_CO_X_Y[0]_HAN_CARLSON/_530_/Y (XOR2x2_ASAP7_75t_R)
                                         alu_adder_result_ex\\ALU_33_0_33_0_33_unused_CO_X_Y[0]_HAN_CARLSON/_227_ (net)
                 11.57    0.00 1589.79 v alu_adder_result_ex\\ALU_33_0_33_0_33_unused_CO_X_Y[0]_HAN_CARLSON/_314_/CI (FAx1_ASAP7_75t_R)
     3    3.56   55.95   30.46 1620.24 ^ alu_adder_result_ex\\ALU_33_0_33_0_33_unused_CO_X_Y[0]_HAN_CARLSON/_314_/CON (FAx1_ASAP7_75t_R)
                                         alu_adder_result_ex\\ALU_33_0_33_0_33_unused_CO_X_Y[0]_HAN_CARLSON/_000_ (net)
                 55.95    0.00 1620.24 ^ alu_adder_result_ex\\ALU_33_0_33_0_33_unused_CO_X_Y[0]_HAN_CARLSON/_561_/B (XOR2x2_ASAP7_75t_R)
     8    6.88   22.47   37.05 1657.29 v alu_adder_result_ex\\ALU_33_0_33_0_33_unused_CO_X_Y[0]_HAN_CARLSON/_561_/Y (XOR2x2_ASAP7_75t_R)
                                         alu_adder_result_ex[1] (net)
                 22.47    0.00 1657.29 v _24764_/A (INVx2_ASAP7_75t_R)
     5    3.76   16.37   13.18 1670.47 ^ _24764_/Y (INVx2_ASAP7_75t_R)
                                         _09940_ (net)
                 16.37    0.00 1670.47 ^ _18057_/A (HAxp5_ASAP7_75t_R)
    30   23.79  215.63  103.20 1773.67 v _18057_/CON (HAxp5_ASAP7_75t_R)
                                         _03015_ (net)
                215.63    0.00 1773.67 v _23519_/D (OR4x1_ASAP7_75t_R)
     1    0.61   11.95   42.76 1816.43 v _23519_/Y (OR4x1_ASAP7_75t_R)
                                         _08697_ (net)
                 11.95    0.00 1816.43 v _23522_/B (OR4x1_ASAP7_75t_R)
     1    0.66    9.57   24.85 1841.28 v _23522_/Y (OR4x1_ASAP7_75t_R)
                                         _08700_ (net)
                  9.57    0.00 1841.28 v _23528_/A (OR4x1_ASAP7_75t_R)
     4    2.94   20.98   30.39 1871.67 v _23528_/Y (OR4x1_ASAP7_75t_R)
                                         _08706_ (net)
                 20.98    0.00 1871.67 v _23527_/A (INVx1_ASAP7_75t_R)
     2    1.21   12.97   10.82 1882.49 ^ _23527_/Y (INVx1_ASAP7_75t_R)
                                         _08705_ (net)
                 12.97    0.00 1882.49 ^ _23533_/B (OR3x1_ASAP7_75t_R)
     2    1.07    9.18   13.58 1896.07 ^ _23533_/Y (OR3x1_ASAP7_75t_R)
                                         _08711_ (net)
                  9.18    0.00 1896.07 ^ _23552_/A1 (AO21x1_ASAP7_75t_R)
     2    1.26   10.80   14.76 1910.83 ^ _23552_/Y (AO21x1_ASAP7_75t_R)
                                         _08730_ (net)
                 10.80    0.00 1910.83 ^ _23553_/D (AND4x1_ASAP7_75t_R)
     2    2.30   20.43   27.99 1938.81 ^ _23553_/Y (AND4x1_ASAP7_75t_R)
                                         _08731_ (net)
                 20.43    0.00 1938.81 ^ _23554_/B (NOR2x1p5_ASAP7_75t_R)
     5    3.57   15.61   13.44 1952.25 v _23554_/Y (NOR2x1p5_ASAP7_75t_R)
                                         _08732_ (net)
                 15.61    0.00 1952.25 v _23556_/C (AND3x2_ASAP7_75t_R)
     4    4.48   15.16   20.85 1973.10 v _23556_/Y (AND3x2_ASAP7_75t_R)
                                         _08734_ (net)
                 15.16    0.00 1973.10 v _23776_/C (NAND3x2_ASAP7_75t_R)
   104   83.99  269.75  125.71 2098.81 ^ _23776_/Y (NAND3x2_ASAP7_75t_R)
                                         _08954_ (net)
                269.75    0.00 2098.81 ^ _23777_/A (NOR2x2_ASAP7_75t_R)
    36   23.23  112.97   89.94 2188.74 v _23777_/Y (NOR2x2_ASAP7_75t_R)
                                         _08955_ (net)
                112.97    0.00 2188.74 v _25109_/A2 (AO21x2_ASAP7_75t_R)
    66   56.56  141.83  103.65 2292.39 v _25109_/Y (AO21x2_ASAP7_75t_R)
                                         _10285_ (net)
                141.83    0.00 2292.39 v _25116_/B (NOR2x1_ASAP7_75t_R)
     1    0.63   25.51   17.08 2309.47 ^ _25116_/Y (NOR2x1_ASAP7_75t_R)
                                         _10292_ (net)
                 25.51    0.00 2309.47 ^ _25121_/B (AO21x1_ASAP7_75t_R)
     1    0.62   10.26   14.44 2323.91 ^ _25121_/Y (AO21x1_ASAP7_75t_R)
                                         _10297_ (net)
                 10.26    0.00 2323.91 ^ if_stage_i.gen_prefetch_buffer.prefetch_buffer_i.fifo_i.err_q[1]$_DFFE_PP_/D (DFFHQNx1_ASAP7_75t_R)
                               2323.91   data arrival time

                  0.00 1000.00 1000.00   clock core_clock (rise edge)
                          0.00 1000.00   clock network delay (ideal)
                          0.00 1000.00   clock reconvergence pessimism
                               1000.00 ^ if_stage_i.gen_prefetch_buffer.prefetch_buffer_i.fifo_i.err_q[1]$_DFFE_PP_/CLK (DFFHQNx1_ASAP7_75t_R)
                        -15.36  984.64   library setup time
                                984.64   data required time
-----------------------------------------------------------------------------
                                984.64   data required time
                               -2323.91   data arrival time
-----------------------------------------------------------------------------
                               -1339.26   slack (VIOLATED)



==========================================================================
floorplan final report_power
--------------------------------------------------------------------------
Group                  Internal  Switching    Leakage      Total
                          Power      Power      Power      Power (Watts)
----------------------------------------------------------------
Sequential             2.01e-03   4.27e-04   2.38e-07   2.43e-03  28.7%
Combinational          3.29e-03   2.62e-03   1.18e-06   5.91e-03  69.6%
Clock                  7.66e-07   1.41e-04   1.02e-10   1.42e-04   1.7%
Macro                  0.00e+00   0.00e+00   0.00e+00   0.00e+00   0.0%
Pad                    0.00e+00   0.00e+00   0.00e+00   0.00e+00   0.0%
----------------------------------------------------------------
Total                  5.29e-03   3.19e-03   1.42e-06   8.48e-03 100.0%
                          62.4%      37.6%       0.0%
