OpenROAD ee3d65ce03b2656092ed62bf9205c5c11049c575 
Features included (+) or not (-): +GPU +GUI +Python
This program is licensed under the BSD-3 license. See the LICENSE file for details.
Components of this program may be licensed under more restrictive licenses which must be honored.
[INFO ORD-0030] Using 32 thread(s).
source /home/lucast/workspace/OR-flow-TCC/flow/platforms/asap7/liberty_suppressions.tcl
read_liberty /home/lucast/workspace/OR-flow-TCC/flow/platforms/asap7/lib/NLDM/asap7sc7p5t_AO_RVT_FF_nldm_211120.lib.gz
read_liberty /home/lucast/workspace/OR-flow-TCC/flow/platforms/asap7/lib/NLDM/asap7sc7p5t_INVBUF_RVT_FF_nldm_220122.lib.gz
read_liberty /home/lucast/workspace/OR-flow-TCC/flow/platforms/asap7/lib/NLDM/asap7sc7p5t_OA_RVT_FF_nldm_211120.lib.gz
read_liberty /home/lucast/workspace/OR-flow-TCC/flow/platforms/asap7/lib/NLDM/asap7sc7p5t_SIMPLE_RVT_FF_nldm_211120.lib.gz
read_liberty /home/lucast/workspace/OR-flow-TCC/flow/platforms/asap7/lib/NLDM/asap7sc7p5t_SEQ_RVT_FF_nldm_220123.lib
read_liberty ./results/asap7/riscv32i-mock-sram_fakeram7_256x32/modified_alpha_256-beta_0.1/fakeram7_256x32_typ.lib
read_liberty /home/lucast/workspace/OR-flow-TCC/flow/platforms/asap7/lib/NLDM/asap7sc7p5t_DFFHQNH2V2X_RVT_TT_nldm_FAKE.lib
read_liberty /home/lucast/workspace/OR-flow-TCC/flow/platforms/asap7/lib/NLDM/asap7sc7p5t_DFFHQNV2X_RVT_TT_nldm_FAKE.lib
read_db -hier ./results/asap7/riscv32i-mock-sram/modified_alpha_256-beta_0.1/3_4_place_resized.odb
[WARNING ORD-0012] Hierarchical flow (-hier) is currently in development and may cause multiple issues. Do not use in production environments.
source /home/lucast/workspace/OR-flow-TCC/flow/platforms/asap7/setRC.tcl
[INFO DPL-0005] Max displacement: +/- 500 sites horizontally, +/- 100 rows vertically.
Movements Summary
---------------------------------------
Total cells:                    8883
Diamond Move Success:           8883 (100.00%)
Diamond Move Failure:              0
Rip-up and replace Success:        0 (  0.00% of diamond failures)
Rip-up and replace Failure:        0
Total Placement Failures:          0
---------------------------------------
Placement Analysis
---------------------------------
total displacement       3480.5 u
average displacement        0.4 u
max displacement           32.2 u
original HPWL           39695.2 u
legalized HPWL          43102.4 u
delta HPWL                    9 %

Detailed placement improvement.
[INFO DPL-0401] Setting random seed to 1.
[INFO DPL-0402] Setting maximum displacement 5 1 to 1350 270 units.
[INFO DPL-0320] Collected 741 fixed cells.
[INFO DPL-0318] Collected 8630 single height cells.
[INFO DPL-0319] Collected 253 multi-height cells spanning 2 rows.
[INFO DPL-0321] Collected 0 wide cells.
[INFO DPL-0322] Image (5022, 5130) - (59292, 59130)
[INFO DPL-0310] Assigned 8630 cells into segments.  Movement in X-direction is 0.000000, movement in Y-direction is 0.000000.
[INFO DPL-0310] Assigned 253 cells into segments.  Movement in X-direction is 0.000000, movement in Y-direction is 0.000000.
[INFO DPL-0313] Found 0 cells in wrong regions.
[INFO DPL-0315] Found 0 row alignment problems.
[INFO DPL-0314] Found 0 site alignment problems.
[INFO DPL-0311] Found 0 overlaps between adjacent cells.
[INFO DPL-0312] Found 0 edge spacing violations and 0 padding violations.
[INFO DPL-0303] Running algorithm for independent set matching.
[INFO DPL-0300] Set matching objective is wirelength.
[INFO DPL-0301] Pass   1 of matching; objective is 4.521127e+07.
[INFO DPL-0302] End of matching; objective is 4.519456e+07, improvement is 0.04 percent.
[INFO DPL-0303] Running algorithm for global swaps.
[INFO DPL-0306] Pass   1 of global swaps; hpwl is 4.484418e+07.
[INFO DPL-0307] End of global swaps; objective is 4.484418e+07, improvement is 0.78 percent.
[INFO DPL-0303] Running algorithm for vertical swaps.
[INFO DPL-0308] Pass   1 of vertical swaps; hpwl is 4.476993e+07.
[INFO DPL-0309] End of vertical swaps; objective is 4.476993e+07, improvement is 0.17 percent.
[INFO DPL-0303] Running algorithm for reordering.
[INFO DPL-0304] Pass   1 of reordering; objective is 4.460364e+07.
[INFO DPL-0305] End of reordering; objective is 4.460364e+07, improvement is 0.37 percent.
[INFO DPL-0303] Running algorithm for random improvement.
[INFO DPL-0324] Random improver is using random generator.
[INFO DPL-0325] Random improver is using hpwl objective.
[INFO DPL-0326] Random improver cost string is (a).
[INFO DPL-0332] End of pass, Generator random called 177660 times.
[INFO DPL-0335] Generator random, Cumulative attempts 177660, swaps 42142, moves 19789 since last reset.
[INFO DPL-0333] End of pass, Objective hpwl, Initial cost 4.444458e+07, Scratch cost 4.418566e+07, Incremental cost 4.418566e+07, Mismatch? N
[INFO DPL-0338] End of pass, Total cost is 4.418566e+07.
[INFO DPL-0327] Pass   1 of random improver; improvement in cost is 0.58 percent.
[INFO DPL-0328] End of random improver; improvement is 0.582564 percent.
[INFO DPL-0380] Cell flipping.
[INFO DPL-0382] Changed 0 cell orientations for row compatibility.
[INFO DPL-0383] Performed 2962 cell flips.
[INFO DPL-0384] End of flipping; objective is 4.382302e+07, improvement is 1.18 percent.
[INFO DPL-0313] Found 0 cells in wrong regions.
[INFO DPL-0315] Found 0 row alignment problems.
[INFO DPL-0314] Found 0 site alignment problems.
[INFO DPL-0311] Found 0 overlaps between adjacent cells.
[INFO DPL-0312] Found 0 edge spacing violations and 0 padding violations.
Detailed Improvement Results
------------------------------------------
Original HPWL            43102.4 u (   22490.9,    20611.5)
Final HPWL               41653.4 u (   21459.4,    20194.0)
Delta HPWL                  -3.4 % (      -4.6,       -2.0)

[INFO DPL-0020] Mirrored 749 instances
[INFO DPL-0021] HPWL before           41653.4 u
[INFO DPL-0022] HPWL after            41635.0 u
[INFO DPL-0023] HPWL delta               -0.0 %
[INFO FLW-0012] Placement violations .
estimate_parasitics -placement
Report metrics stage 3, detailed place...

==========================================================================
detailed place report_design_area
--------------------------------------------------------------------------
Design area 1914 um^2 65% utilization.
write_db ./results/asap7/riscv32i-mock-sram/modified_alpha_256-beta_0.1/3_5_place_dp.odb
Elapsed time: 0:03.42[h:]min:sec. CPU time: user 4.96 sys 1.84 (198%). Peak memory: 272432KB.
Log                        Elapsed/s Peak Memory/MB  sha1sum .odb [0:20)
3_5_place_dp                       3            266 bdbde6ecc663a886750e
