
==========================================================================
global route report_tns
--------------------------------------------------------------------------
tns max 0.00

==========================================================================
global route report_wns
--------------------------------------------------------------------------
wns max 0.00

==========================================================================
global route report_worst_slack
--------------------------------------------------------------------------
worst slack max 0.24

==========================================================================
global route report_clock_min_period
--------------------------------------------------------------------------
main_clk period_min = 999.76 fmax = 1000.24

==========================================================================
global route report_clock_skew
--------------------------------------------------------------------------
Clock main_clk
 206.18 source latency ex_stage_i.lsu_i.i_store_unit.state_q[1]$_DFFE_PN0P_/CLK ^
-133.23 target latency gen_cache_hpd.i_cache_subsystem.i_dcache.i_hpdcache.hpdcache_ctrl_i.hpdcache_memctrl_i.gen_data_sram_row[0].gen_data_sram_col[0].gen_data_sram_wbyteenable.data_sram.ram_i/clk ^
  -0.45 CRPR
--------------
  72.51 setup skew


==========================================================================
global route report_checks -path_delay min
--------------------------------------------------------------------------
Startpoint: id_stage_i.issue_entry_o[23]$_DFFE_PN0P_
            (rising edge-triggered flip-flop clocked by main_clk)
Endpoint: issue_stage_i.i_issue_read_operands.branch_predict_o[17]$_DFFE_PN0P_
          (rising edge-triggered flip-flop clocked by main_clk)
Path Group: main_clk
Path Type: min

Fanout     Cap    Slew   Delay    Time   Description
-----------------------------------------------------------------------------
                          0.00    0.00   clock main_clk (rise edge)
                          0.00    0.00   clock source latency
     1   16.08    0.00    0.00    0.00 ^ clk_i (in)
                                         clk_i (net)
                 32.17   10.15   10.15 ^ wire46595/A (BUFx10_ASAP7_75t_SL)
     2   18.40   12.07   16.36   26.51 ^ wire46595/Y (BUFx10_ASAP7_75t_SL)
                                         net46420 (net)
                 48.24   14.62   41.14 ^ clkbuf_regs_0_main_clk/A (BUFx24_ASAP7_75t_SL)
     1    3.21   11.19   18.92   60.05 ^ clkbuf_regs_0_main_clk/Y (BUFx24_ASAP7_75t_SL)
                                         clk_i_regs (net)
                 11.23    0.70   60.75 ^ clkbuf_0_clk_i_regs/A (BUFx24_ASAP7_75t_SL)
     2   18.04   12.56   15.71   76.45 ^ clkbuf_0_clk_i_regs/Y (BUFx24_ASAP7_75t_SL)
                                         clknet_0_clk_i_regs (net)
                 19.81    5.01   81.47 ^ clkbuf_1_1_0_clk_i_regs/A (BUFx24_ASAP7_75t_SL)
     2   17.60   11.98   16.73   98.19 ^ clkbuf_1_1_0_clk_i_regs/Y (BUFx24_ASAP7_75t_SL)
                                         clknet_1_1_0_clk_i_regs (net)
                 24.62    6.74  104.94 ^ clkbuf_2_3_0_clk_i_regs/A (BUFx24_ASAP7_75t_SL)
     4   25.81   16.19   18.14  123.08 ^ clkbuf_2_3_0_clk_i_regs/Y (BUFx24_ASAP7_75t_SL)
                                         clknet_2_3_0_clk_i_regs (net)
                 24.08    5.72  128.80 ^ clkbuf_4_12_0_clk_i_regs/A (BUFx24_ASAP7_75t_SL)
     4   18.00   13.59   17.73  146.53 ^ clkbuf_4_12_0_clk_i_regs/Y (BUFx24_ASAP7_75t_SL)
                                         clknet_4_12_0_clk_i_regs (net)
                 16.83    3.17  149.71 ^ clkbuf_6_49__f_clk_i_regs/A (BUFx24_ASAP7_75t_SL)
     6   19.02   13.88   16.89  166.60 ^ clkbuf_6_49__f_clk_i_regs/Y (BUFx24_ASAP7_75t_SL)
                                         clknet_6_49__leaf_clk_i_regs (net)
                 16.51    2.96  169.56 ^ clkbuf_leaf_157_clk_i_regs/A (BUFx24_ASAP7_75t_SL)
    26   16.72   12.90   16.76  186.32 ^ clkbuf_leaf_157_clk_i_regs/Y (BUFx24_ASAP7_75t_SL)
                                         clknet_leaf_157_clk_i_regs (net)
                 13.85    1.51  187.83 ^ id_stage_i.issue_entry_o[23]$_DFFE_PN0P_/CLK (DFFASRHQNx1_ASAP7_75t_SL)
     2    2.33   19.62   33.13  220.96 ^ id_stage_i.issue_entry_o[23]$_DFFE_PN0P_/QN (DFFASRHQNx1_ASAP7_75t_SL)
                                         _004528_ (net)
                 19.63    0.24  221.20 ^ _193631_/A1 (OAI21x1_ASAP7_75t_R)
     1    1.11    7.08    8.52  229.72 v _193631_/Y (OAI21x1_ASAP7_75t_R)
                                         _022029_ (net)
                  7.09    0.16  229.88 v issue_stage_i.i_issue_read_operands.branch_predict_o[17]$_DFFE_PN0P_/D (DFFASRHQNx1_ASAP7_75t_SL)
                                229.88   data arrival time

                          0.00    0.00   clock main_clk (rise edge)
                          0.00    0.00   clock source latency
     1   16.34    0.00    0.00    0.00 ^ clk_i (in)
                                         clk_i (net)
                 33.17   10.46   10.46 ^ wire46595/A (BUFx10_ASAP7_75t_SL)
     2   19.47   12.10   16.49   26.96 ^ wire46595/Y (BUFx10_ASAP7_75t_SL)
                                         net46420 (net)
                 52.28   15.93   42.88 ^ clkbuf_regs_0_main_clk/A (BUFx24_ASAP7_75t_SL)
     1    3.75   11.68   19.30   62.18 ^ clkbuf_regs_0_main_clk/Y (BUFx24_ASAP7_75t_SL)
                                         clk_i_regs (net)
                 11.74    0.83   63.01 ^ clkbuf_0_clk_i_regs/A (BUFx24_ASAP7_75t_SL)
     2   19.11   12.95   15.84   78.85 ^ clkbuf_0_clk_i_regs/Y (BUFx24_ASAP7_75t_SL)
                                         clknet_0_clk_i_regs (net)
                 20.83    5.31   84.16 ^ clkbuf_1_0_0_clk_i_regs/A (BUFx24_ASAP7_75t_SL)
     2   19.86   13.39   17.35  101.51 ^ clkbuf_1_0_0_clk_i_regs/Y (BUFx24_ASAP7_75t_SL)
                                         clknet_1_0_0_clk_i_regs (net)
                 22.56    5.86  107.38 ^ clkbuf_2_0_0_clk_i_regs/A (BUFx24_ASAP7_75t_SL)
     4   26.66   14.86   17.42  124.80 ^ clkbuf_2_0_0_clk_i_regs/Y (BUFx24_ASAP7_75t_SL)
                                         clknet_2_0_0_clk_i_regs (net)
                 38.24   11.09  135.89 ^ clkbuf_4_3_0_clk_i_regs/A (BUFx24_ASAP7_75t_SL)
     4   19.38   14.96   19.74  155.62 ^ clkbuf_4_3_0_clk_i_regs/Y (BUFx24_ASAP7_75t_SL)
                                         clknet_4_3_0_clk_i_regs (net)
                 20.26    4.60  160.22 ^ clkbuf_6_15__f_clk_i_regs/A (BUFx24_ASAP7_75t_SL)
     6   23.37   15.52   17.68  177.90 ^ clkbuf_6_15__f_clk_i_regs/Y (BUFx24_ASAP7_75t_SL)
                                         clknet_6_15__leaf_clk_i_regs (net)
                 22.31    5.34  183.24 ^ clkbuf_leaf_154_clk_i_regs/A (BUFx24_ASAP7_75t_SL)
    26   19.80   14.55   18.01  201.26 ^ clkbuf_leaf_154_clk_i_regs/Y (BUFx24_ASAP7_75t_SL)
                                         clknet_leaf_154_clk_i_regs (net)
                 16.00    2.22  203.48 ^ issue_stage_i.i_issue_read_operands.branch_predict_o[17]$_DFFE_PN0P_/CLK (DFFASRHQNx1_ASAP7_75t_SL)
                         -2.40  201.08   clock reconvergence pessimism
                          9.34  210.41   library hold time
                                210.41   data required time
-----------------------------------------------------------------------------
                                210.41   data required time
                               -229.88   data arrival time
-----------------------------------------------------------------------------
                                 19.47   slack (MET)



==========================================================================
global route report_checks -path_delay max
--------------------------------------------------------------------------
Startpoint: i_frontend.icache_vaddr_q[2]$_DFFE_PN0P_
            (rising edge-triggered flip-flop clocked by main_clk)
Endpoint: i_frontend.npc_q[31]$_DFF_PN0_
          (rising edge-triggered flip-flop clocked by main_clk)
Path Group: main_clk
Path Type: max

Fanout     Cap    Slew   Delay    Time   Description
-----------------------------------------------------------------------------
                          0.00    0.00   clock main_clk (rise edge)
                          0.00    0.00   clock source latency
     1   16.34    0.00    0.00    0.00 ^ clk_i (in)
                                         clk_i (net)
                 33.17   10.46   10.46 ^ wire46595/A (BUFx10_ASAP7_75t_SL)
     2   19.47   12.10   16.49   26.96 ^ wire46595/Y (BUFx10_ASAP7_75t_SL)
                                         net46420 (net)
                 52.28   15.93   42.88 ^ clkbuf_regs_0_main_clk/A (BUFx24_ASAP7_75t_SL)
     1    3.75   11.68   19.30   62.18 ^ clkbuf_regs_0_main_clk/Y (BUFx24_ASAP7_75t_SL)
                                         clk_i_regs (net)
                 11.74    0.83   63.01 ^ clkbuf_0_clk_i_regs/A (BUFx24_ASAP7_75t_SL)
     2   19.11   12.95   15.84   78.85 ^ clkbuf_0_clk_i_regs/Y (BUFx24_ASAP7_75t_SL)
                                         clknet_0_clk_i_regs (net)
                 21.05    5.40   84.25 ^ clkbuf_1_1_0_clk_i_regs/A (BUFx24_ASAP7_75t_SL)
     2   18.68   12.19   16.91  101.17 ^ clkbuf_1_1_0_clk_i_regs/Y (BUFx24_ASAP7_75t_SL)
                                         clknet_1_1_0_clk_i_regs (net)
                 26.25    7.24  108.41 ^ clkbuf_2_3_0_clk_i_regs/A (BUFx24_ASAP7_75t_SL)
     4   27.97   17.06   18.45  126.85 ^ clkbuf_2_3_0_clk_i_regs/Y (BUFx24_ASAP7_75t_SL)
                                         clknet_2_3_0_clk_i_regs (net)
                 30.94    8.27  135.12 ^ clkbuf_4_15_0_clk_i_regs/A (BUFx24_ASAP7_75t_SL)
     4   19.72   14.68   18.72  153.84 ^ clkbuf_4_15_0_clk_i_regs/Y (BUFx24_ASAP7_75t_SL)
                                         clknet_4_15_0_clk_i_regs (net)
                 20.24    4.62  158.46 ^ clkbuf_6_61__f_clk_i_regs/A (BUFx24_ASAP7_75t_SL)
     6   21.73   15.16   17.82  176.28 ^ clkbuf_6_61__f_clk_i_regs/Y (BUFx24_ASAP7_75t_SL)
                                         clknet_6_61__leaf_clk_i_regs (net)
                 17.77    3.15  179.43 ^ clkbuf_leaf_211_clk_i_regs/A (BUFx24_ASAP7_75t_SL)
    23   17.10   12.88   16.89  196.32 ^ clkbuf_leaf_211_clk_i_regs/Y (BUFx24_ASAP7_75t_SL)
                                         clknet_leaf_211_clk_i_regs (net)
                 17.39    3.93  200.24 ^ i_frontend.icache_vaddr_q[2]$_DFFE_PN0P_/CLK (DFFASRHQNx1_ASAP7_75t_SL)
     4    4.03   28.18   37.89  238.14 ^ i_frontend.icache_vaddr_q[2]$_DFFE_PN0P_/QN (DFFASRHQNx1_ASAP7_75t_SL)
                                         _013151_ (net)
                 28.19    0.34  238.48 ^ _104623_/A (INVx1_ASAP7_75t_R)
     3    3.07   21.52   16.55  255.03 v _104623_/Y (INVx1_ASAP7_75t_R)
                                         i_frontend.bht_gen.i_bht.vpc_i[2] (net)
                 21.52    0.16  255.19 v _198253_/B (HAxp5_ASAP7_75t_R)
     9    7.63   78.85   41.71  296.90 ^ _198253_/CON (HAxp5_ASAP7_75t_R)
                                         _013156_ (net)
                 78.87    0.80  297.70 ^ place41309/A (BUFx3_ASAP7_75t_L)
     5    5.90   15.84   21.10  318.80 ^ place41309/Y (BUFx3_ASAP7_75t_L)
                                         net41134 (net)
                 16.30    1.45  320.25 ^ _114599_/A (INVx1_ASAP7_75t_R)
     2    1.65   12.31    9.85  330.10 v _114599_/Y (INVx1_ASAP7_75t_R)
                                         _047230_ (net)
                 12.31    0.09  330.19 v _114770_/B (AO21x1_ASAP7_75t_R)
     4    3.22   19.75   23.24  353.43 v _114770_/Y (AO21x1_ASAP7_75t_R)
                                         _047401_ (net)
                 19.75    0.20  353.63 v _114771_/A (INVx1_ASAP7_75t_L)
     6    5.81   34.90   20.10  373.73 ^ _114771_/Y (INVx1_ASAP7_75t_L)
                                         _016840_ (net)
                 34.95    0.80  374.53 ^ _114823_/A (AND3x1_ASAP7_75t_R)
     1    0.70    9.33   22.30  396.83 ^ _114823_/Y (AND3x1_ASAP7_75t_R)
                                         _047453_ (net)
                  9.33    0.04  396.87 ^ _114824_/C (AO221x1_ASAP7_75t_L)
     1    0.76    9.15   12.84  409.72 ^ _114824_/Y (AO221x1_ASAP7_75t_L)
                                         _047454_ (net)
                  9.15    0.05  409.76 ^ _114825_/B (OA21x2_ASAP7_75t_R)
     4    4.38   18.75   21.33  431.09 ^ _114825_/Y (OA21x2_ASAP7_75t_R)
                                         _047455_ (net)
                 18.93    1.03  432.12 ^ _115200_/A (AND2x2_ASAP7_75t_R)
     2    1.95   10.28   18.04  450.16 ^ _115200_/Y (AND2x2_ASAP7_75t_R)
                                         _047827_ (net)
                 10.29    0.14  450.30 ^ _116770_/A (INVx1_ASAP7_75t_R)
     1    0.87    7.21    6.35  456.64 v _116770_/Y (INVx1_ASAP7_75t_R)
                                         _049277_ (net)
                  7.22    0.09  456.74 v _116771_/A2 (AO21x1_ASAP7_75t_R)
     4    3.61   21.72   21.63  478.37 v _116771_/Y (AO21x1_ASAP7_75t_R)
                                         _049278_ (net)
                 21.73    0.33  478.70 v _116772_/B (NAND2x1_ASAP7_75t_R)
    10    7.64   57.13   30.12  508.82 ^ _116772_/Y (NAND2x1_ASAP7_75t_R)
                                         _049279_ (net)
                 57.19    1.09  509.91 ^ _116803_/A (INVx1_ASAP7_75t_L)
     9    7.82   47.92   29.03  538.93 v _116803_/Y (INVx1_ASAP7_75t_L)
                                         _049297_ (net)
                 47.93    0.45  539.38 v _129476_/A2 (OA211x2_ASAP7_75t_R)
     1    0.90    9.71   32.87  572.25 v _129476_/Y (OA211x2_ASAP7_75t_R)
                                         _058772_ (net)
                  9.71    0.08  572.33 v _129477_/B (AO21x1_ASAP7_75t_R)
     1    3.10   19.74   22.05  594.38 v _129477_/Y (AO21x1_ASAP7_75t_R)
                                         _013457_ (net)
                 19.97    1.19  595.56 v _198347_/A (HAxp5_ASAP7_75t_R)
     3    2.51   45.75   43.20  638.76 v _198347_/SN (HAxp5_ASAP7_75t_R)
                                         _013460_ (net)
                 45.75    0.24  639.00 v _132309_/A1 (OA21x2_ASAP7_75t_R)
     2    2.01   10.47   25.43  664.42 v _132309_/Y (OA21x2_ASAP7_75t_R)
                                         _061425_ (net)
                 10.48    0.20  664.62 v _135967_/A2 (OA21x2_ASAP7_75t_R)
     1    0.88    7.54   17.47  682.09 v _135967_/Y (OA21x2_ASAP7_75t_R)
                                         _064946_ (net)
                  7.54    0.10  682.19 v _135968_/A2 (OA21x2_ASAP7_75t_R)
     2    2.09   10.69   18.61  700.80 v _135968_/Y (OA21x2_ASAP7_75t_R)
                                         _064947_ (net)
                 10.70    0.22  701.02 v _165478_/A2 (OA21x2_ASAP7_75t_R)
     1    0.82    7.36   17.43  718.45 v _165478_/Y (OA21x2_ASAP7_75t_R)
                                         _092548_ (net)
                  7.36    0.08  718.53 v _165479_/A2 (OA21x2_ASAP7_75t_R)
     2    2.38   11.50   19.01  737.54 v _165479_/Y (OA21x2_ASAP7_75t_R)
                                         _092549_ (net)
                 11.53    0.32  737.86 v _165480_/A2 (OA21x2_ASAP7_75t_R)
     1    1.00    7.80   17.97  755.83 v _165480_/Y (OA21x2_ASAP7_75t_R)
                                         _092550_ (net)
                  7.81    0.13  755.96 v _165481_/A2 (OA21x2_ASAP7_75t_R)
     2    2.08   10.73   18.72  774.67 v _165481_/Y (OA21x2_ASAP7_75t_R)
                                         _092551_ (net)
                 10.74    0.16  774.83 v _165482_/A2 (OA21x2_ASAP7_75t_R)
     1    0.78    7.33   17.39  792.22 v _165482_/Y (OA21x2_ASAP7_75t_R)
                                         _092552_ (net)
                  7.33    0.05  792.27 v _165483_/A2 (OA21x2_ASAP7_75t_R)
     2    1.88   10.46   18.22  810.49 v _165483_/Y (OA21x2_ASAP7_75t_R)
                                         _092553_ (net)
                 10.47    0.18  810.67 v _165484_/A2 (OA21x2_ASAP7_75t_R)
     2    1.74   10.38   18.85  829.52 v _165484_/Y (OA21x2_ASAP7_75t_R)
                                         _092554_ (net)
                 10.40    0.23  829.74 v _165485_/A2 (OA211x2_ASAP7_75t_R)
     2    1.50   11.73   23.74  853.49 v _165485_/Y (OA211x2_ASAP7_75t_R)
                                         _092555_ (net)
                 11.74    0.15  853.64 v _165488_/A1 (OA21x2_ASAP7_75t_R)
     2    1.99    9.68   19.29  872.93 v _165488_/Y (OA21x2_ASAP7_75t_R)
                                         _092558_ (net)
                  9.70    0.26  873.19 v _165493_/A1 (OA31x2_ASAP7_75t_R)
     2    1.97   11.27   18.96  892.15 v _165493_/Y (OA31x2_ASAP7_75t_R)
                                         _092563_ (net)
                 11.28    0.19  892.34 v _165496_/A1 (OA21x2_ASAP7_75t_R)
     2    2.00    9.66   19.21  911.55 v _165496_/Y (OA21x2_ASAP7_75t_R)
                                         _092566_ (net)
                  9.67    0.19  911.74 v _165499_/A1 (OA21x2_ASAP7_75t_R)
     2    1.95    9.56   18.78  930.52 v _165499_/Y (OA21x2_ASAP7_75t_R)
                                         _092569_ (net)
                  9.57    0.23  930.75 v _165500_/A2 (OA21x2_ASAP7_75t_R)
     1    0.89    7.55   17.21  947.96 v _165500_/Y (OA21x2_ASAP7_75t_R)
                                         _092570_ (net)
                  7.56    0.10  948.06 v _165501_/A2 (OA21x2_ASAP7_75t_R)
     2    1.83   10.08   18.21  966.26 v _165501_/Y (OA21x2_ASAP7_75t_R)
                                         _092571_ (net)
                 10.09    0.18  966.44 v _165502_/A2 (OA21x2_ASAP7_75t_R)
     1    0.93    7.65   17.42  983.86 v _165502_/Y (OA21x2_ASAP7_75t_R)
                                         _092572_ (net)
                  7.65    0.11  983.97 v _165503_/A2 (OA21x2_ASAP7_75t_R)
     2    2.26   11.14   18.93 1002.90 v _165503_/Y (OA21x2_ASAP7_75t_R)
                                         _092573_ (net)
                 11.16    0.23 1003.13 v _165504_/B (XOR2x2_ASAP7_75t_R)
     1    0.80    7.42   24.55 1027.67 ^ _165504_/Y (XOR2x2_ASAP7_75t_R)
                                         _092574_ (net)
                  7.42    0.08 1027.76 ^ _165559_/A2 (OA211x2_ASAP7_75t_R)
     1    2.53   14.27   21.51 1049.27 ^ _165559_/Y (OA211x2_ASAP7_75t_R)
                                         _092629_ (net)
                 14.33    0.48 1049.75 ^ _165560_/C (AOI211x1_ASAP7_75t_R)
     3    5.41   58.99   19.49 1069.24 v _165560_/Y (AOI211x1_ASAP7_75t_R)
                                         _092630_ (net)
                 59.02    0.78 1070.01 v _165564_/A2 (OAI21x1_ASAP7_75t_R)
     4    4.59   40.22   28.25 1098.27 ^ _165564_/Y (OAI21x1_ASAP7_75t_R)
                                         _092634_ (net)
                 40.25    0.67 1098.94 ^ _171333_/C (AND5x1_ASAP7_75t_R)
     1    1.37   16.19   35.12 1134.06 ^ _171333_/Y (AND5x1_ASAP7_75t_R)
                                         _097832_ (net)
                 16.20    0.17 1134.23 ^ _171334_/B (XOR2x2_ASAP7_75t_R)
     1    0.83    7.23   20.29 1154.53 v _171334_/Y (XOR2x2_ASAP7_75t_R)
                                         _097833_ (net)
                  7.23    0.10 1154.62 v _171338_/A2 (AO221x1_ASAP7_75t_SL)
     1    2.11   14.49   18.23 1172.85 v _171338_/Y (AO221x1_ASAP7_75t_SL)
                                         _097837_ (net)
                 14.54    0.47 1173.32 v _171354_/A (NAND2x1_ASAP7_75t_R)
     1    0.80   12.54   10.95 1184.27 ^ _171354_/Y (NAND2x1_ASAP7_75t_R)
                                         i_frontend.npc_d[31] (net)
                 12.54    0.05 1184.31 ^ i_frontend.npc_q[31]$_DFF_PN0_/D (DFFASRHQNx1_ASAP7_75t_SL)
                               1184.31   data arrival time

                       1000.00 1000.00   clock main_clk (rise edge)
                          0.00 1000.00   clock source latency
     1   16.08    0.00    0.00 1000.00 ^ clk_i (in)
                                         clk_i (net)
                 32.17   10.15 1010.15 ^ wire46595/A (BUFx10_ASAP7_75t_SL)
     2   18.40   12.07   16.36 1026.51 ^ wire46595/Y (BUFx10_ASAP7_75t_SL)
                                         net46420 (net)
                 48.24   14.62 1041.14 ^ clkbuf_regs_0_main_clk/A (BUFx24_ASAP7_75t_SL)
     1    3.21   11.19   18.92 1060.05 ^ clkbuf_regs_0_main_clk/Y (BUFx24_ASAP7_75t_SL)
                                         clk_i_regs (net)
                 11.23    0.70 1060.75 ^ clkbuf_0_clk_i_regs/A (BUFx24_ASAP7_75t_SL)
     2   18.04   12.56   15.71 1076.45 ^ clkbuf_0_clk_i_regs/Y (BUFx24_ASAP7_75t_SL)
                                         clknet_0_clk_i_regs (net)
                 19.81    5.01 1081.47 ^ clkbuf_1_1_0_clk_i_regs/A (BUFx24_ASAP7_75t_SL)
     2   17.60   11.98   16.73 1098.19 ^ clkbuf_1_1_0_clk_i_regs/Y (BUFx24_ASAP7_75t_SL)
                                         clknet_1_1_0_clk_i_regs (net)
                 24.62    6.74 1104.94 ^ clkbuf_2_3_0_clk_i_regs/A (BUFx24_ASAP7_75t_SL)
     4   25.81   16.19   18.14 1123.08 ^ clkbuf_2_3_0_clk_i_regs/Y (BUFx24_ASAP7_75t_SL)
                                         clknet_2_3_0_clk_i_regs (net)
                 24.45    5.89 1128.96 ^ clkbuf_4_13_0_clk_i_regs/A (BUFx24_ASAP7_75t_SL)
     4   17.91   13.67   17.82 1146.79 ^ clkbuf_4_13_0_clk_i_regs/Y (BUFx24_ASAP7_75t_SL)
                                         clknet_4_13_0_clk_i_regs (net)
                 16.62    3.04 1149.83 ^ clkbuf_6_52__f_clk_i_regs/A (BUFx24_ASAP7_75t_SL)
     6   20.50   14.52   17.09 1166.92 ^ clkbuf_6_52__f_clk_i_regs/Y (BUFx24_ASAP7_75t_SL)
                                         clknet_6_52__leaf_clk_i_regs (net)
                 17.31    3.20 1170.12 ^ clkbuf_leaf_165_clk_i_regs/A (BUFx24_ASAP7_75t_SL)
    27   16.72   12.70   16.76 1186.88 ^ clkbuf_leaf_165_clk_i_regs/Y (BUFx24_ASAP7_75t_SL)
                                         clknet_leaf_165_clk_i_regs (net)
                 14.78    2.29 1189.16 ^ i_frontend.npc_q[31]$_DFF_PN0_/CLK (DFFASRHQNx1_ASAP7_75t_SL)
                          3.78 1192.94   clock reconvergence pessimism
                         -8.39 1184.55   library setup time
                               1184.55   data required time
-----------------------------------------------------------------------------
                               1184.55   data required time
                               -1184.31   data arrival time
-----------------------------------------------------------------------------
                                  0.24   slack (MET)



==========================================================================
global route report_checks -unconstrained
--------------------------------------------------------------------------
Startpoint: i_frontend.icache_vaddr_q[2]$_DFFE_PN0P_
            (rising edge-triggered flip-flop clocked by main_clk)
Endpoint: i_frontend.npc_q[31]$_DFF_PN0_
          (rising edge-triggered flip-flop clocked by main_clk)
Path Group: main_clk
Path Type: max

Fanout     Cap    Slew   Delay    Time   Description
-----------------------------------------------------------------------------
                          0.00    0.00   clock main_clk (rise edge)
                          0.00    0.00   clock source latency
     1   16.34    0.00    0.00    0.00 ^ clk_i (in)
                                         clk_i (net)
                 33.17   10.46   10.46 ^ wire46595/A (BUFx10_ASAP7_75t_SL)
     2   19.47   12.10   16.49   26.96 ^ wire46595/Y (BUFx10_ASAP7_75t_SL)
                                         net46420 (net)
                 52.28   15.93   42.88 ^ clkbuf_regs_0_main_clk/A (BUFx24_ASAP7_75t_SL)
     1    3.75   11.68   19.30   62.18 ^ clkbuf_regs_0_main_clk/Y (BUFx24_ASAP7_75t_SL)
                                         clk_i_regs (net)
                 11.74    0.83   63.01 ^ clkbuf_0_clk_i_regs/A (BUFx24_ASAP7_75t_SL)
     2   19.11   12.95   15.84   78.85 ^ clkbuf_0_clk_i_regs/Y (BUFx24_ASAP7_75t_SL)
                                         clknet_0_clk_i_regs (net)
                 21.05    5.40   84.25 ^ clkbuf_1_1_0_clk_i_regs/A (BUFx24_ASAP7_75t_SL)
     2   18.68   12.19   16.91  101.17 ^ clkbuf_1_1_0_clk_i_regs/Y (BUFx24_ASAP7_75t_SL)
                                         clknet_1_1_0_clk_i_regs (net)
                 26.25    7.24  108.41 ^ clkbuf_2_3_0_clk_i_regs/A (BUFx24_ASAP7_75t_SL)
     4   27.97   17.06   18.45  126.85 ^ clkbuf_2_3_0_clk_i_regs/Y (BUFx24_ASAP7_75t_SL)
                                         clknet_2_3_0_clk_i_regs (net)
                 30.94    8.27  135.12 ^ clkbuf_4_15_0_clk_i_regs/A (BUFx24_ASAP7_75t_SL)
     4   19.72   14.68   18.72  153.84 ^ clkbuf_4_15_0_clk_i_regs/Y (BUFx24_ASAP7_75t_SL)
                                         clknet_4_15_0_clk_i_regs (net)
                 20.24    4.62  158.46 ^ clkbuf_6_61__f_clk_i_regs/A (BUFx24_ASAP7_75t_SL)
     6   21.73   15.16   17.82  176.28 ^ clkbuf_6_61__f_clk_i_regs/Y (BUFx24_ASAP7_75t_SL)
                                         clknet_6_61__leaf_clk_i_regs (net)
                 17.77    3.15  179.43 ^ clkbuf_leaf_211_clk_i_regs/A (BUFx24_ASAP7_75t_SL)
    23   17.10   12.88   16.89  196.32 ^ clkbuf_leaf_211_clk_i_regs/Y (BUFx24_ASAP7_75t_SL)
                                         clknet_leaf_211_clk_i_regs (net)
                 17.39    3.93  200.24 ^ i_frontend.icache_vaddr_q[2]$_DFFE_PN0P_/CLK (DFFASRHQNx1_ASAP7_75t_SL)
     4    4.03   28.18   37.89  238.14 ^ i_frontend.icache_vaddr_q[2]$_DFFE_PN0P_/QN (DFFASRHQNx1_ASAP7_75t_SL)
                                         _013151_ (net)
                 28.19    0.34  238.48 ^ _104623_/A (INVx1_ASAP7_75t_R)
     3    3.07   21.52   16.55  255.03 v _104623_/Y (INVx1_ASAP7_75t_R)
                                         i_frontend.bht_gen.i_bht.vpc_i[2] (net)
                 21.52    0.16  255.19 v _198253_/B (HAxp5_ASAP7_75t_R)
     9    7.63   78.85   41.71  296.90 ^ _198253_/CON (HAxp5_ASAP7_75t_R)
                                         _013156_ (net)
                 78.87    0.80  297.70 ^ place41309/A (BUFx3_ASAP7_75t_L)
     5    5.90   15.84   21.10  318.80 ^ place41309/Y (BUFx3_ASAP7_75t_L)
                                         net41134 (net)
                 16.30    1.45  320.25 ^ _114599_/A (INVx1_ASAP7_75t_R)
     2    1.65   12.31    9.85  330.10 v _114599_/Y (INVx1_ASAP7_75t_R)
                                         _047230_ (net)
                 12.31    0.09  330.19 v _114770_/B (AO21x1_ASAP7_75t_R)
     4    3.22   19.75   23.24  353.43 v _114770_/Y (AO21x1_ASAP7_75t_R)
                                         _047401_ (net)
                 19.75    0.20  353.63 v _114771_/A (INVx1_ASAP7_75t_L)
     6    5.81   34.90   20.10  373.73 ^ _114771_/Y (INVx1_ASAP7_75t_L)
                                         _016840_ (net)
                 34.95    0.80  374.53 ^ _114823_/A (AND3x1_ASAP7_75t_R)
     1    0.70    9.33   22.30  396.83 ^ _114823_/Y (AND3x1_ASAP7_75t_R)
                                         _047453_ (net)
                  9.33    0.04  396.87 ^ _114824_/C (AO221x1_ASAP7_75t_L)
     1    0.76    9.15   12.84  409.72 ^ _114824_/Y (AO221x1_ASAP7_75t_L)
                                         _047454_ (net)
                  9.15    0.05  409.76 ^ _114825_/B (OA21x2_ASAP7_75t_R)
     4    4.38   18.75   21.33  431.09 ^ _114825_/Y (OA21x2_ASAP7_75t_R)
                                         _047455_ (net)
                 18.93    1.03  432.12 ^ _115200_/A (AND2x2_ASAP7_75t_R)
     2    1.95   10.28   18.04  450.16 ^ _115200_/Y (AND2x2_ASAP7_75t_R)
                                         _047827_ (net)
                 10.29    0.14  450.30 ^ _116770_/A (INVx1_ASAP7_75t_R)
     1    0.87    7.21    6.35  456.64 v _116770_/Y (INVx1_ASAP7_75t_R)
                                         _049277_ (net)
                  7.22    0.09  456.74 v _116771_/A2 (AO21x1_ASAP7_75t_R)
     4    3.61   21.72   21.63  478.37 v _116771_/Y (AO21x1_ASAP7_75t_R)
                                         _049278_ (net)
                 21.73    0.33  478.70 v _116772_/B (NAND2x1_ASAP7_75t_R)
    10    7.64   57.13   30.12  508.82 ^ _116772_/Y (NAND2x1_ASAP7_75t_R)
                                         _049279_ (net)
                 57.19    1.09  509.91 ^ _116803_/A (INVx1_ASAP7_75t_L)
     9    7.82   47.92   29.03  538.93 v _116803_/Y (INVx1_ASAP7_75t_L)
                                         _049297_ (net)
                 47.93    0.45  539.38 v _129476_/A2 (OA211x2_ASAP7_75t_R)
     1    0.90    9.71   32.87  572.25 v _129476_/Y (OA211x2_ASAP7_75t_R)
                                         _058772_ (net)
                  9.71    0.08  572.33 v _129477_/B (AO21x1_ASAP7_75t_R)
     1    3.10   19.74   22.05  594.38 v _129477_/Y (AO21x1_ASAP7_75t_R)
                                         _013457_ (net)
                 19.97    1.19  595.56 v _198347_/A (HAxp5_ASAP7_75t_R)
     3    2.51   45.75   43.20  638.76 v _198347_/SN (HAxp5_ASAP7_75t_R)
                                         _013460_ (net)
                 45.75    0.24  639.00 v _132309_/A1 (OA21x2_ASAP7_75t_R)
     2    2.01   10.47   25.43  664.42 v _132309_/Y (OA21x2_ASAP7_75t_R)
                                         _061425_ (net)
                 10.48    0.20  664.62 v _135967_/A2 (OA21x2_ASAP7_75t_R)
     1    0.88    7.54   17.47  682.09 v _135967_/Y (OA21x2_ASAP7_75t_R)
                                         _064946_ (net)
                  7.54    0.10  682.19 v _135968_/A2 (OA21x2_ASAP7_75t_R)
     2    2.09   10.69   18.61  700.80 v _135968_/Y (OA21x2_ASAP7_75t_R)
                                         _064947_ (net)
                 10.70    0.22  701.02 v _165478_/A2 (OA21x2_ASAP7_75t_R)
     1    0.82    7.36   17.43  718.45 v _165478_/Y (OA21x2_ASAP7_75t_R)
                                         _092548_ (net)
                  7.36    0.08  718.53 v _165479_/A2 (OA21x2_ASAP7_75t_R)
     2    2.38   11.50   19.01  737.54 v _165479_/Y (OA21x2_ASAP7_75t_R)
                                         _092549_ (net)
                 11.53    0.32  737.86 v _165480_/A2 (OA21x2_ASAP7_75t_R)
     1    1.00    7.80   17.97  755.83 v _165480_/Y (OA21x2_ASAP7_75t_R)
                                         _092550_ (net)
                  7.81    0.13  755.96 v _165481_/A2 (OA21x2_ASAP7_75t_R)
     2    2.08   10.73   18.72  774.67 v _165481_/Y (OA21x2_ASAP7_75t_R)
                                         _092551_ (net)
                 10.74    0.16  774.83 v _165482_/A2 (OA21x2_ASAP7_75t_R)
     1    0.78    7.33   17.39  792.22 v _165482_/Y (OA21x2_ASAP7_75t_R)
                                         _092552_ (net)
                  7.33    0.05  792.27 v _165483_/A2 (OA21x2_ASAP7_75t_R)
     2    1.88   10.46   18.22  810.49 v _165483_/Y (OA21x2_ASAP7_75t_R)
                                         _092553_ (net)
                 10.47    0.18  810.67 v _165484_/A2 (OA21x2_ASAP7_75t_R)
     2    1.74   10.38   18.85  829.52 v _165484_/Y (OA21x2_ASAP7_75t_R)
                                         _092554_ (net)
                 10.40    0.23  829.74 v _165485_/A2 (OA211x2_ASAP7_75t_R)
     2    1.50   11.73   23.74  853.49 v _165485_/Y (OA211x2_ASAP7_75t_R)
                                         _092555_ (net)
                 11.74    0.15  853.64 v _165488_/A1 (OA21x2_ASAP7_75t_R)
     2    1.99    9.68   19.29  872.93 v _165488_/Y (OA21x2_ASAP7_75t_R)
                                         _092558_ (net)
                  9.70    0.26  873.19 v _165493_/A1 (OA31x2_ASAP7_75t_R)
     2    1.97   11.27   18.96  892.15 v _165493_/Y (OA31x2_ASAP7_75t_R)
                                         _092563_ (net)
                 11.28    0.19  892.34 v _165496_/A1 (OA21x2_ASAP7_75t_R)
     2    2.00    9.66   19.21  911.55 v _165496_/Y (OA21x2_ASAP7_75t_R)
                                         _092566_ (net)
                  9.67    0.19  911.74 v _165499_/A1 (OA21x2_ASAP7_75t_R)
     2    1.95    9.56   18.78  930.52 v _165499_/Y (OA21x2_ASAP7_75t_R)
                                         _092569_ (net)
                  9.57    0.23  930.75 v _165500_/A2 (OA21x2_ASAP7_75t_R)
     1    0.89    7.55   17.21  947.96 v _165500_/Y (OA21x2_ASAP7_75t_R)
                                         _092570_ (net)
                  7.56    0.10  948.06 v _165501_/A2 (OA21x2_ASAP7_75t_R)
     2    1.83   10.08   18.21  966.26 v _165501_/Y (OA21x2_ASAP7_75t_R)
                                         _092571_ (net)
                 10.09    0.18  966.44 v _165502_/A2 (OA21x2_ASAP7_75t_R)
     1    0.93    7.65   17.42  983.86 v _165502_/Y (OA21x2_ASAP7_75t_R)
                                         _092572_ (net)
                  7.65    0.11  983.97 v _165503_/A2 (OA21x2_ASAP7_75t_R)
     2    2.26   11.14   18.93 1002.90 v _165503_/Y (OA21x2_ASAP7_75t_R)
                                         _092573_ (net)
                 11.16    0.23 1003.13 v _165504_/B (XOR2x2_ASAP7_75t_R)
     1    0.80    7.42   24.55 1027.67 ^ _165504_/Y (XOR2x2_ASAP7_75t_R)
                                         _092574_ (net)
                  7.42    0.08 1027.76 ^ _165559_/A2 (OA211x2_ASAP7_75t_R)
     1    2.53   14.27   21.51 1049.27 ^ _165559_/Y (OA211x2_ASAP7_75t_R)
                                         _092629_ (net)
                 14.33    0.48 1049.75 ^ _165560_/C (AOI211x1_ASAP7_75t_R)
     3    5.41   58.99   19.49 1069.24 v _165560_/Y (AOI211x1_ASAP7_75t_R)
                                         _092630_ (net)
                 59.02    0.78 1070.01 v _165564_/A2 (OAI21x1_ASAP7_75t_R)
     4    4.59   40.22   28.25 1098.27 ^ _165564_/Y (OAI21x1_ASAP7_75t_R)
                                         _092634_ (net)
                 40.25    0.67 1098.94 ^ _171333_/C (AND5x1_ASAP7_75t_R)
     1    1.37   16.19   35.12 1134.06 ^ _171333_/Y (AND5x1_ASAP7_75t_R)
                                         _097832_ (net)
                 16.20    0.17 1134.23 ^ _171334_/B (XOR2x2_ASAP7_75t_R)
     1    0.83    7.23   20.29 1154.53 v _171334_/Y (XOR2x2_ASAP7_75t_R)
                                         _097833_ (net)
                  7.23    0.10 1154.62 v _171338_/A2 (AO221x1_ASAP7_75t_SL)
     1    2.11   14.49   18.23 1172.85 v _171338_/Y (AO221x1_ASAP7_75t_SL)
                                         _097837_ (net)
                 14.54    0.47 1173.32 v _171354_/A (NAND2x1_ASAP7_75t_R)
     1    0.80   12.54   10.95 1184.27 ^ _171354_/Y (NAND2x1_ASAP7_75t_R)
                                         i_frontend.npc_d[31] (net)
                 12.54    0.05 1184.31 ^ i_frontend.npc_q[31]$_DFF_PN0_/D (DFFASRHQNx1_ASAP7_75t_SL)
                               1184.31   data arrival time

                       1000.00 1000.00   clock main_clk (rise edge)
                          0.00 1000.00   clock source latency
     1   16.08    0.00    0.00 1000.00 ^ clk_i (in)
                                         clk_i (net)
                 32.17   10.15 1010.15 ^ wire46595/A (BUFx10_ASAP7_75t_SL)
     2   18.40   12.07   16.36 1026.51 ^ wire46595/Y (BUFx10_ASAP7_75t_SL)
                                         net46420 (net)
                 48.24   14.62 1041.14 ^ clkbuf_regs_0_main_clk/A (BUFx24_ASAP7_75t_SL)
     1    3.21   11.19   18.92 1060.05 ^ clkbuf_regs_0_main_clk/Y (BUFx24_ASAP7_75t_SL)
                                         clk_i_regs (net)
                 11.23    0.70 1060.75 ^ clkbuf_0_clk_i_regs/A (BUFx24_ASAP7_75t_SL)
     2   18.04   12.56   15.71 1076.45 ^ clkbuf_0_clk_i_regs/Y (BUFx24_ASAP7_75t_SL)
                                         clknet_0_clk_i_regs (net)
                 19.81    5.01 1081.47 ^ clkbuf_1_1_0_clk_i_regs/A (BUFx24_ASAP7_75t_SL)
     2   17.60   11.98   16.73 1098.19 ^ clkbuf_1_1_0_clk_i_regs/Y (BUFx24_ASAP7_75t_SL)
                                         clknet_1_1_0_clk_i_regs (net)
                 24.62    6.74 1104.94 ^ clkbuf_2_3_0_clk_i_regs/A (BUFx24_ASAP7_75t_SL)
     4   25.81   16.19   18.14 1123.08 ^ clkbuf_2_3_0_clk_i_regs/Y (BUFx24_ASAP7_75t_SL)
                                         clknet_2_3_0_clk_i_regs (net)
                 24.45    5.89 1128.96 ^ clkbuf_4_13_0_clk_i_regs/A (BUFx24_ASAP7_75t_SL)
     4   17.91   13.67   17.82 1146.79 ^ clkbuf_4_13_0_clk_i_regs/Y (BUFx24_ASAP7_75t_SL)
                                         clknet_4_13_0_clk_i_regs (net)
                 16.62    3.04 1149.83 ^ clkbuf_6_52__f_clk_i_regs/A (BUFx24_ASAP7_75t_SL)
     6   20.50   14.52   17.09 1166.92 ^ clkbuf_6_52__f_clk_i_regs/Y (BUFx24_ASAP7_75t_SL)
                                         clknet_6_52__leaf_clk_i_regs (net)
                 17.31    3.20 1170.12 ^ clkbuf_leaf_165_clk_i_regs/A (BUFx24_ASAP7_75t_SL)
    27   16.72   12.70   16.76 1186.88 ^ clkbuf_leaf_165_clk_i_regs/Y (BUFx24_ASAP7_75t_SL)
                                         clknet_leaf_165_clk_i_regs (net)
                 14.78    2.29 1189.16 ^ i_frontend.npc_q[31]$_DFF_PN0_/CLK (DFFASRHQNx1_ASAP7_75t_SL)
                          3.78 1192.94   clock reconvergence pessimism
                         -8.39 1184.55   library setup time
                               1184.55   data required time
-----------------------------------------------------------------------------
                               1184.55   data required time
                               -1184.31   data arrival time
-----------------------------------------------------------------------------
                                  0.24   slack (MET)



==========================================================================
global route report_check_types -max_slew -max_cap -max_fanout -violators
--------------------------------------------------------------------------
max fanout

Pin                                   Limit Fanout  Slack
---------------------------------------------------------
clkbuf_leaf_128_clk_i_regs/Y             10     27    -17 (VIOLATED)
clkbuf_leaf_130_clk_i_regs/Y             10     27    -17 (VIOLATED)
clkbuf_leaf_165_clk_i_regs/Y             10     27    -17 (VIOLATED)
clkbuf_leaf_192_clk_i_regs/Y             10     27    -17 (VIOLATED)
clkbuf_leaf_222_clk_i_regs/Y             10     27    -17 (VIOLATED)
clkbuf_leaf_260_clk_i_regs/Y             10     27    -17 (VIOLATED)
clkbuf_leaf_299_clk_i_regs/Y             10     27    -17 (VIOLATED)
clkbuf_leaf_302_clk_i_regs/Y             10     27    -17 (VIOLATED)
clkbuf_leaf_327_clk_i_regs/Y             10     27    -17 (VIOLATED)
clkbuf_leaf_35_clk_i_regs/Y              10     27    -17 (VIOLATED)
clkbuf_leaf_150_clk_i_regs/Y             10     26    -16 (VIOLATED)
clkbuf_leaf_154_clk_i_regs/Y             10     26    -16 (VIOLATED)
clkbuf_leaf_156_clk_i_regs/Y             10     26    -16 (VIOLATED)
clkbuf_leaf_157_clk_i_regs/Y             10     26    -16 (VIOLATED)
clkbuf_leaf_178_clk_i_regs/Y             10     26    -16 (VIOLATED)
clkbuf_leaf_179_clk_i_regs/Y             10     26    -16 (VIOLATED)
clkbuf_leaf_184_clk_i_regs/Y             10     26    -16 (VIOLATED)
clkbuf_leaf_190_clk_i_regs/Y             10     26    -16 (VIOLATED)
clkbuf_leaf_219_clk_i_regs/Y             10     26    -16 (VIOLATED)
clkbuf_leaf_225_clk_i_regs/Y             10     26    -16 (VIOLATED)
clkbuf_leaf_235_clk_i_regs/Y             10     26    -16 (VIOLATED)
clkbuf_leaf_240_clk_i_regs/Y             10     26    -16 (VIOLATED)
clkbuf_leaf_242_clk_i_regs/Y             10     26    -16 (VIOLATED)
clkbuf_leaf_25_clk_i_regs/Y              10     26    -16 (VIOLATED)
clkbuf_leaf_269_clk_i_regs/Y             10     26    -16 (VIOLATED)
clkbuf_leaf_291_clk_i_regs/Y             10     26    -16 (VIOLATED)
clkbuf_leaf_298_clk_i_regs/Y             10     26    -16 (VIOLATED)
clkbuf_leaf_309_clk_i_regs/Y             10     26    -16 (VIOLATED)
clkbuf_leaf_320_clk_i_regs/Y             10     26    -16 (VIOLATED)
clkbuf_leaf_322_clk_i_regs/Y             10     26    -16 (VIOLATED)
clkbuf_leaf_324_clk_i_regs/Y             10     26    -16 (VIOLATED)
clkbuf_leaf_345_clk_i_regs/Y             10     26    -16 (VIOLATED)
clkbuf_leaf_346_clk_i_regs/Y             10     26    -16 (VIOLATED)
clkbuf_leaf_348_clk_i_regs/Y             10     26    -16 (VIOLATED)
clkbuf_leaf_357_clk_i_regs/Y             10     26    -16 (VIOLATED)
clkbuf_leaf_110_clk_i_regs/Y             10     25    -15 (VIOLATED)
clkbuf_leaf_111_clk_i_regs/Y             10     25    -15 (VIOLATED)
clkbuf_leaf_112_clk_i_regs/Y             10     25    -15 (VIOLATED)
clkbuf_leaf_11_clk_i_regs/Y              10     25    -15 (VIOLATED)
clkbuf_leaf_129_clk_i_regs/Y             10     25    -15 (VIOLATED)
clkbuf_leaf_132_clk_i_regs/Y             10     25    -15 (VIOLATED)
clkbuf_leaf_134_clk_i_regs/Y             10     25    -15 (VIOLATED)
clkbuf_leaf_142_clk_i_regs/Y             10     25    -15 (VIOLATED)
clkbuf_leaf_143_clk_i_regs/Y             10     25    -15 (VIOLATED)
clkbuf_leaf_144_clk_i_regs/Y             10     25    -15 (VIOLATED)
clkbuf_leaf_145_clk_i_regs/Y             10     25    -15 (VIOLATED)
clkbuf_leaf_148_clk_i_regs/Y             10     25    -15 (VIOLATED)
clkbuf_leaf_149_clk_i_regs/Y             10     25    -15 (VIOLATED)
clkbuf_leaf_161_clk_i_regs/Y             10     25    -15 (VIOLATED)
clkbuf_leaf_162_clk_i_regs/Y             10     25    -15 (VIOLATED)
clkbuf_leaf_163_clk_i_regs/Y             10     25    -15 (VIOLATED)
clkbuf_leaf_164_clk_i_regs/Y             10     25    -15 (VIOLATED)
clkbuf_leaf_16_clk_i_regs/Y              10     25    -15 (VIOLATED)
clkbuf_leaf_174_clk_i_regs/Y             10     25    -15 (VIOLATED)
clkbuf_leaf_177_clk_i_regs/Y             10     25    -15 (VIOLATED)
clkbuf_leaf_181_clk_i_regs/Y             10     25    -15 (VIOLATED)
clkbuf_leaf_187_clk_i_regs/Y             10     25    -15 (VIOLATED)
clkbuf_leaf_194_clk_i_regs/Y             10     25    -15 (VIOLATED)
clkbuf_leaf_201_clk_i_regs/Y             10     25    -15 (VIOLATED)
clkbuf_leaf_202_clk_i_regs/Y             10     25    -15 (VIOLATED)
clkbuf_leaf_203_clk_i_regs/Y             10     25    -15 (VIOLATED)
clkbuf_leaf_205_clk_i_regs/Y             10     25    -15 (VIOLATED)
clkbuf_leaf_215_clk_i_regs/Y             10     25    -15 (VIOLATED)
clkbuf_leaf_217_clk_i_regs/Y             10     25    -15 (VIOLATED)
clkbuf_leaf_218_clk_i_regs/Y             10     25    -15 (VIOLATED)
clkbuf_leaf_246_clk_i_regs/Y             10     25    -15 (VIOLATED)
clkbuf_leaf_248_clk_i_regs/Y             10     25    -15 (VIOLATED)
clkbuf_leaf_256_clk_i_regs/Y             10     25    -15 (VIOLATED)
clkbuf_leaf_258_clk_i_regs/Y             10     25    -15 (VIOLATED)
clkbuf_leaf_261_clk_i_regs/Y             10     25    -15 (VIOLATED)
clkbuf_leaf_263_clk_i_regs/Y             10     25    -15 (VIOLATED)
clkbuf_leaf_264_clk_i_regs/Y             10     25    -15 (VIOLATED)
clkbuf_leaf_268_clk_i_regs/Y             10     25    -15 (VIOLATED)
clkbuf_leaf_271_clk_i_regs/Y             10     25    -15 (VIOLATED)
clkbuf_leaf_275_clk_i_regs/Y             10     25    -15 (VIOLATED)
clkbuf_leaf_284_clk_i_regs/Y             10     25    -15 (VIOLATED)
clkbuf_leaf_288_clk_i_regs/Y             10     25    -15 (VIOLATED)
clkbuf_leaf_290_clk_i_regs/Y             10     25    -15 (VIOLATED)
clkbuf_leaf_292_clk_i_regs/Y             10     25    -15 (VIOLATED)
clkbuf_leaf_293_clk_i_regs/Y             10     25    -15 (VIOLATED)
clkbuf_leaf_311_clk_i_regs/Y             10     25    -15 (VIOLATED)
clkbuf_leaf_315_clk_i_regs/Y             10     25    -15 (VIOLATED)
clkbuf_leaf_321_clk_i_regs/Y             10     25    -15 (VIOLATED)
clkbuf_leaf_329_clk_i_regs/Y             10     25    -15 (VIOLATED)
clkbuf_leaf_337_clk_i_regs/Y             10     25    -15 (VIOLATED)
clkbuf_leaf_340_clk_i_regs/Y             10     25    -15 (VIOLATED)
clkbuf_leaf_34_clk_i_regs/Y              10     25    -15 (VIOLATED)
clkbuf_leaf_36_clk_i_regs/Y              10     25    -15 (VIOLATED)
clkbuf_leaf_8_clk_i_regs/Y               10     25    -15 (VIOLATED)
clkbuf_leaf_9_clk_i_regs/Y               10     25    -15 (VIOLATED)
clkbuf_leaf_10_clk_i_regs/Y              10     24    -14 (VIOLATED)
clkbuf_leaf_114_clk_i_regs/Y             10     24    -14 (VIOLATED)
clkbuf_leaf_115_clk_i_regs/Y             10     24    -14 (VIOLATED)
clkbuf_leaf_116_clk_i_regs/Y             10     24    -14 (VIOLATED)
clkbuf_leaf_118_clk_i_regs/Y             10     24    -14 (VIOLATED)
clkbuf_leaf_120_clk_i_regs/Y             10     24    -14 (VIOLATED)
clkbuf_leaf_122_clk_i_regs/Y             10     24    -14 (VIOLATED)
clkbuf_leaf_12_clk_i_regs/Y              10     24    -14 (VIOLATED)
clkbuf_leaf_131_clk_i_regs/Y             10     24    -14 (VIOLATED)
clkbuf_leaf_135_clk_i_regs/Y             10     24    -14 (VIOLATED)
clkbuf_leaf_146_clk_i_regs/Y             10     24    -14 (VIOLATED)
clkbuf_leaf_159_clk_i_regs/Y             10     24    -14 (VIOLATED)
clkbuf_leaf_180_clk_i_regs/Y             10     24    -14 (VIOLATED)
clkbuf_leaf_185_clk_i_regs/Y             10     24    -14 (VIOLATED)
clkbuf_leaf_191_clk_i_regs/Y             10     24    -14 (VIOLATED)
clkbuf_leaf_200_clk_i_regs/Y             10     24    -14 (VIOLATED)
clkbuf_leaf_223_clk_i_regs/Y             10     24    -14 (VIOLATED)
clkbuf_leaf_241_clk_i_regs/Y             10     24    -14 (VIOLATED)
clkbuf_leaf_244_clk_i_regs/Y             10     24    -14 (VIOLATED)
clkbuf_leaf_257_clk_i_regs/Y             10     24    -14 (VIOLATED)
clkbuf_leaf_259_clk_i_regs/Y             10     24    -14 (VIOLATED)
clkbuf_leaf_270_clk_i_regs/Y             10     24    -14 (VIOLATED)
clkbuf_leaf_281_clk_i_regs/Y             10     24    -14 (VIOLATED)
clkbuf_leaf_283_clk_i_regs/Y             10     24    -14 (VIOLATED)
clkbuf_leaf_289_clk_i_regs/Y             10     24    -14 (VIOLATED)
clkbuf_leaf_295_clk_i_regs/Y             10     24    -14 (VIOLATED)
clkbuf_leaf_297_clk_i_regs/Y             10     24    -14 (VIOLATED)
clkbuf_leaf_304_clk_i_regs/Y             10     24    -14 (VIOLATED)
clkbuf_leaf_325_clk_i_regs/Y             10     24    -14 (VIOLATED)
clkbuf_leaf_326_clk_i_regs/Y             10     24    -14 (VIOLATED)
clkbuf_leaf_328_clk_i_regs/Y             10     24    -14 (VIOLATED)
clkbuf_leaf_336_clk_i_regs/Y             10     24    -14 (VIOLATED)
clkbuf_leaf_343_clk_i_regs/Y             10     24    -14 (VIOLATED)
clkbuf_leaf_349_clk_i_regs/Y             10     24    -14 (VIOLATED)
clkbuf_leaf_351_clk_i_regs/Y             10     24    -14 (VIOLATED)
clkbuf_leaf_365_clk_i_regs/Y             10     24    -14 (VIOLATED)
clkbuf_leaf_39_clk_i_regs/Y              10     24    -14 (VIOLATED)
clkbuf_leaf_4_clk_i_regs/Y               10     24    -14 (VIOLATED)
clkbuf_leaf_51_clk_i_regs/Y              10     24    -14 (VIOLATED)
clkbuf_leaf_54_clk_i_regs/Y              10     24    -14 (VIOLATED)
clkbuf_leaf_64_clk_i_regs/Y              10     24    -14 (VIOLATED)
clkbuf_leaf_68_clk_i_regs/Y              10     24    -14 (VIOLATED)
clkbuf_leaf_87_clk_i_regs/Y              10     24    -14 (VIOLATED)
clkbuf_leaf_102_clk_i_regs/Y             10     23    -13 (VIOLATED)
clkbuf_leaf_103_clk_i_regs/Y             10     23    -13 (VIOLATED)
clkbuf_leaf_106_clk_i_regs/Y             10     23    -13 (VIOLATED)
clkbuf_leaf_117_clk_i_regs/Y             10     23    -13 (VIOLATED)
clkbuf_leaf_133_clk_i_regs/Y             10     23    -13 (VIOLATED)
clkbuf_leaf_136_clk_i_regs/Y             10     23    -13 (VIOLATED)
clkbuf_leaf_137_clk_i_regs/Y             10     23    -13 (VIOLATED)
clkbuf_leaf_140_clk_i_regs/Y             10     23    -13 (VIOLATED)
clkbuf_leaf_152_clk_i_regs/Y             10     23    -13 (VIOLATED)
clkbuf_leaf_155_clk_i_regs/Y             10     23    -13 (VIOLATED)
clkbuf_leaf_158_clk_i_regs/Y             10     23    -13 (VIOLATED)
clkbuf_leaf_170_clk_i_regs/Y             10     23    -13 (VIOLATED)
clkbuf_leaf_172_clk_i_regs/Y             10     23    -13 (VIOLATED)
clkbuf_leaf_176_clk_i_regs/Y             10     23    -13 (VIOLATED)
clkbuf_leaf_17_clk_i_regs/Y              10     23    -13 (VIOLATED)
clkbuf_leaf_183_clk_i_regs/Y             10     23    -13 (VIOLATED)
clkbuf_leaf_186_clk_i_regs/Y             10     23    -13 (VIOLATED)
clkbuf_leaf_18_clk_i_regs/Y              10     23    -13 (VIOLATED)
clkbuf_leaf_195_clk_i_regs/Y             10     23    -13 (VIOLATED)
clkbuf_leaf_198_clk_i_regs/Y             10     23    -13 (VIOLATED)
clkbuf_leaf_199_clk_i_regs/Y             10     23    -13 (VIOLATED)
clkbuf_leaf_206_clk_i_regs/Y             10     23    -13 (VIOLATED)
clkbuf_leaf_211_clk_i_regs/Y             10     23    -13 (VIOLATED)
clkbuf_leaf_214_clk_i_regs/Y             10     23    -13 (VIOLATED)
clkbuf_leaf_224_clk_i_regs/Y             10     23    -13 (VIOLATED)
clkbuf_leaf_226_clk_i_regs/Y             10     23    -13 (VIOLATED)
clkbuf_leaf_227_clk_i_regs/Y             10     23    -13 (VIOLATED)
clkbuf_leaf_229_clk_i_regs/Y             10     23    -13 (VIOLATED)
clkbuf_leaf_230_clk_i_regs/Y             10     23    -13 (VIOLATED)
clkbuf_leaf_231_clk_i_regs/Y             10     23    -13 (VIOLATED)
clkbuf_leaf_232_clk_i_regs/Y             10     23    -13 (VIOLATED)
clkbuf_leaf_239_clk_i_regs/Y             10     23    -13 (VIOLATED)
clkbuf_leaf_243_clk_i_regs/Y             10     23    -13 (VIOLATED)
clkbuf_leaf_250_clk_i_regs/Y             10     23    -13 (VIOLATED)
clkbuf_leaf_251_clk_i_regs/Y             10     23    -13 (VIOLATED)
clkbuf_leaf_252_clk_i_regs/Y             10     23    -13 (VIOLATED)
clkbuf_leaf_262_clk_i_regs/Y             10     23    -13 (VIOLATED)
clkbuf_leaf_272_clk_i_regs/Y             10     23    -13 (VIOLATED)
clkbuf_leaf_279_clk_i_regs/Y             10     23    -13 (VIOLATED)
clkbuf_leaf_280_clk_i_regs/Y             10     23    -13 (VIOLATED)
clkbuf_leaf_296_clk_i_regs/Y             10     23    -13 (VIOLATED)
clkbuf_leaf_300_clk_i_regs/Y             10     23    -13 (VIOLATED)
clkbuf_leaf_303_clk_i_regs/Y             10     23    -13 (VIOLATED)
clkbuf_leaf_30_clk_i_regs/Y              10     23    -13 (VIOLATED)
clkbuf_leaf_310_clk_i_regs/Y             10     23    -13 (VIOLATED)
clkbuf_leaf_313_clk_i_regs/Y             10     23    -13 (VIOLATED)
clkbuf_leaf_314_clk_i_regs/Y             10     23    -13 (VIOLATED)
clkbuf_leaf_317_clk_i_regs/Y             10     23    -13 (VIOLATED)
clkbuf_leaf_318_clk_i_regs/Y             10     23    -13 (VIOLATED)
clkbuf_leaf_31_clk_i_regs/Y              10     23    -13 (VIOLATED)
clkbuf_leaf_330_clk_i_regs/Y             10     23    -13 (VIOLATED)
clkbuf_leaf_333_clk_i_regs/Y             10     23    -13 (VIOLATED)
clkbuf_leaf_338_clk_i_regs/Y             10     23    -13 (VIOLATED)
clkbuf_leaf_347_clk_i_regs/Y             10     23    -13 (VIOLATED)
clkbuf_leaf_350_clk_i_regs/Y             10     23    -13 (VIOLATED)
clkbuf_leaf_354_clk_i_regs/Y             10     23    -13 (VIOLATED)
clkbuf_leaf_45_clk_i_regs/Y              10     23    -13 (VIOLATED)
clkbuf_leaf_46_clk_i_regs/Y              10     23    -13 (VIOLATED)
clkbuf_leaf_50_clk_i_regs/Y              10     23    -13 (VIOLATED)
clkbuf_leaf_53_clk_i_regs/Y              10     23    -13 (VIOLATED)
clkbuf_leaf_58_clk_i_regs/Y              10     23    -13 (VIOLATED)
clkbuf_leaf_60_clk_i_regs/Y              10     23    -13 (VIOLATED)
clkbuf_leaf_62_clk_i_regs/Y              10     23    -13 (VIOLATED)
clkbuf_leaf_6_clk_i_regs/Y               10     23    -13 (VIOLATED)
clkbuf_leaf_75_clk_i_regs/Y              10     23    -13 (VIOLATED)
clkbuf_leaf_76_clk_i_regs/Y              10     23    -13 (VIOLATED)
clkbuf_leaf_86_clk_i_regs/Y              10     23    -13 (VIOLATED)
clkbuf_leaf_90_clk_i_regs/Y              10     23    -13 (VIOLATED)
clkbuf_leaf_91_clk_i_regs/Y              10     23    -13 (VIOLATED)
clkbuf_leaf_98_clk_i_regs/Y              10     23    -13 (VIOLATED)
clkbuf_leaf_119_clk_i_regs/Y             10     22    -12 (VIOLATED)
clkbuf_leaf_121_clk_i_regs/Y             10     22    -12 (VIOLATED)
clkbuf_leaf_127_clk_i_regs/Y             10     22    -12 (VIOLATED)
clkbuf_leaf_138_clk_i_regs/Y             10     22    -12 (VIOLATED)
clkbuf_leaf_14_clk_i_regs/Y              10     22    -12 (VIOLATED)
clkbuf_leaf_160_clk_i_regs/Y             10     22    -12 (VIOLATED)
clkbuf_leaf_175_clk_i_regs/Y             10     22    -12 (VIOLATED)
clkbuf_leaf_188_clk_i_regs/Y             10     22    -12 (VIOLATED)
clkbuf_leaf_196_clk_i_regs/Y             10     22    -12 (VIOLATED)
clkbuf_leaf_197_clk_i_regs/Y             10     22    -12 (VIOLATED)
clkbuf_leaf_207_clk_i_regs/Y             10     22    -12 (VIOLATED)
clkbuf_leaf_221_clk_i_regs/Y             10     22    -12 (VIOLATED)
clkbuf_leaf_255_clk_i_regs/Y             10     22    -12 (VIOLATED)
clkbuf_leaf_266_clk_i_regs/Y             10     22    -12 (VIOLATED)
clkbuf_leaf_26_clk_i_regs/Y              10     22    -12 (VIOLATED)
clkbuf_leaf_278_clk_i_regs/Y             10     22    -12 (VIOLATED)
clkbuf_leaf_282_clk_i_regs/Y             10     22    -12 (VIOLATED)
clkbuf_leaf_294_clk_i_regs/Y             10     22    -12 (VIOLATED)
clkbuf_leaf_29_clk_i_regs/Y              10     22    -12 (VIOLATED)
clkbuf_leaf_308_clk_i_regs/Y             10     22    -12 (VIOLATED)
clkbuf_leaf_312_clk_i_regs/Y             10     22    -12 (VIOLATED)
clkbuf_leaf_319_clk_i_regs/Y             10     22    -12 (VIOLATED)
clkbuf_leaf_323_clk_i_regs/Y             10     22    -12 (VIOLATED)
clkbuf_leaf_334_clk_i_regs/Y             10     22    -12 (VIOLATED)
clkbuf_leaf_341_clk_i_regs/Y             10     22    -12 (VIOLATED)
clkbuf_leaf_342_clk_i_regs/Y             10     22    -12 (VIOLATED)
clkbuf_leaf_353_clk_i_regs/Y             10     22    -12 (VIOLATED)
clkbuf_leaf_47_clk_i_regs/Y              10     22    -12 (VIOLATED)
clkbuf_leaf_49_clk_i_regs/Y              10     22    -12 (VIOLATED)
clkbuf_leaf_55_clk_i_regs/Y              10     22    -12 (VIOLATED)
clkbuf_leaf_65_clk_i_regs/Y              10     22    -12 (VIOLATED)
clkbuf_leaf_73_clk_i_regs/Y              10     22    -12 (VIOLATED)
clkbuf_leaf_77_clk_i_regs/Y              10     22    -12 (VIOLATED)
clkbuf_leaf_78_clk_i_regs/Y              10     22    -12 (VIOLATED)
clkbuf_leaf_82_clk_i_regs/Y              10     22    -12 (VIOLATED)
clkbuf_leaf_84_clk_i_regs/Y              10     22    -12 (VIOLATED)
clkbuf_leaf_93_clk_i_regs/Y              10     22    -12 (VIOLATED)
clkbuf_leaf_0_clk_i_regs/Y               10     21    -11 (VIOLATED)
clkbuf_leaf_113_clk_i_regs/Y             10     21    -11 (VIOLATED)
clkbuf_leaf_125_clk_i_regs/Y             10     21    -11 (VIOLATED)
clkbuf_leaf_147_clk_i_regs/Y             10     21    -11 (VIOLATED)
clkbuf_leaf_151_clk_i_regs/Y             10     21    -11 (VIOLATED)
clkbuf_leaf_153_clk_i_regs/Y             10     21    -11 (VIOLATED)
clkbuf_leaf_168_clk_i_regs/Y             10     21    -11 (VIOLATED)
clkbuf_leaf_182_clk_i_regs/Y             10     21    -11 (VIOLATED)
clkbuf_leaf_204_clk_i_regs/Y             10     21    -11 (VIOLATED)
clkbuf_leaf_209_clk_i_regs/Y             10     21    -11 (VIOLATED)
clkbuf_leaf_210_clk_i_regs/Y             10     21    -11 (VIOLATED)
clkbuf_leaf_216_clk_i_regs/Y             10     21    -11 (VIOLATED)
clkbuf_leaf_228_clk_i_regs/Y             10     21    -11 (VIOLATED)
clkbuf_leaf_233_clk_i_regs/Y             10     21    -11 (VIOLATED)
clkbuf_leaf_237_clk_i_regs/Y             10     21    -11 (VIOLATED)
clkbuf_leaf_265_clk_i_regs/Y             10     21    -11 (VIOLATED)
clkbuf_leaf_267_clk_i_regs/Y             10     21    -11 (VIOLATED)
clkbuf_leaf_273_clk_i_regs/Y             10     21    -11 (VIOLATED)
clkbuf_leaf_276_clk_i_regs/Y             10     21    -11 (VIOLATED)
clkbuf_leaf_285_clk_i_regs/Y             10     21    -11 (VIOLATED)
clkbuf_leaf_307_clk_i_regs/Y             10     21    -11 (VIOLATED)
clkbuf_leaf_331_clk_i_regs/Y             10     21    -11 (VIOLATED)
clkbuf_leaf_332_clk_i_regs/Y             10     21    -11 (VIOLATED)
clkbuf_leaf_33_clk_i_regs/Y              10     21    -11 (VIOLATED)
clkbuf_leaf_344_clk_i_regs/Y             10     21    -11 (VIOLATED)
clkbuf_leaf_3_clk_i_regs/Y               10     21    -11 (VIOLATED)
clkbuf_leaf_48_clk_i_regs/Y              10     21    -11 (VIOLATED)
clkbuf_leaf_57_clk_i_regs/Y              10     21    -11 (VIOLATED)
clkbuf_leaf_61_clk_i_regs/Y              10     21    -11 (VIOLATED)
clkbuf_leaf_70_clk_i_regs/Y              10     21    -11 (VIOLATED)
clkbuf_leaf_71_clk_i_regs/Y              10     21    -11 (VIOLATED)
clkbuf_leaf_7_clk_i_regs/Y               10     21    -11 (VIOLATED)
clkbuf_leaf_83_clk_i_regs/Y              10     21    -11 (VIOLATED)
clkbuf_leaf_95_clk_i_regs/Y              10     21    -11 (VIOLATED)
clkbuf_leaf_97_clk_i_regs/Y              10     21    -11 (VIOLATED)
clkbuf_leaf_107_clk_i_regs/Y             10     20    -10 (VIOLATED)
clkbuf_leaf_126_clk_i_regs/Y             10     20    -10 (VIOLATED)
clkbuf_leaf_141_clk_i_regs/Y             10     20    -10 (VIOLATED)
clkbuf_leaf_169_clk_i_regs/Y             10     20    -10 (VIOLATED)
clkbuf_leaf_171_clk_i_regs/Y             10     20    -10 (VIOLATED)
clkbuf_leaf_173_clk_i_regs/Y             10     20    -10 (VIOLATED)
clkbuf_leaf_1_clk_i_regs/Y               10     20    -10 (VIOLATED)
clkbuf_leaf_21_clk_i_regs/Y              10     20    -10 (VIOLATED)
clkbuf_leaf_23_clk_i_regs/Y              10     20    -10 (VIOLATED)
clkbuf_leaf_287_clk_i_regs/Y             10     20    -10 (VIOLATED)
clkbuf_leaf_28_clk_i_regs/Y              10     20    -10 (VIOLATED)
clkbuf_leaf_2_clk_i_regs/Y               10     20    -10 (VIOLATED)
clkbuf_leaf_32_clk_i_regs/Y              10     20    -10 (VIOLATED)
clkbuf_leaf_335_clk_i_regs/Y             10     20    -10 (VIOLATED)
clkbuf_leaf_41_clk_i_regs/Y              10     20    -10 (VIOLATED)
clkbuf_leaf_44_clk_i_regs/Y              10     20    -10 (VIOLATED)
clkbuf_leaf_56_clk_i_regs/Y              10     20    -10 (VIOLATED)
clkbuf_leaf_59_clk_i_regs/Y              10     20    -10 (VIOLATED)
clkbuf_leaf_69_clk_i_regs/Y              10     20    -10 (VIOLATED)
clkbuf_leaf_88_clk_i_regs/Y              10     20    -10 (VIOLATED)
clkbuf_leaf_89_clk_i_regs/Y              10     20    -10 (VIOLATED)
clkbuf_leaf_96_clk_i_regs/Y              10     20    -10 (VIOLATED)
clkbuf_leaf_99_clk_i_regs/Y              10     20    -10 (VIOLATED)
clkbuf_leaf_124_clk_i_regs/Y             10     19     -9 (VIOLATED)
clkbuf_leaf_193_clk_i_regs/Y             10     19     -9 (VIOLATED)
clkbuf_leaf_19_clk_i_regs/Y              10     19     -9 (VIOLATED)
clkbuf_leaf_220_clk_i_regs/Y             10     19     -9 (VIOLATED)
clkbuf_leaf_245_clk_i_regs/Y             10     19     -9 (VIOLATED)
clkbuf_leaf_24_clk_i_regs/Y              10     19     -9 (VIOLATED)
clkbuf_leaf_254_clk_i_regs/Y             10     19     -9 (VIOLATED)
clkbuf_leaf_27_clk_i_regs/Y              10     19     -9 (VIOLATED)
clkbuf_leaf_305_clk_i_regs/Y             10     19     -9 (VIOLATED)
clkbuf_leaf_316_clk_i_regs/Y             10     19     -9 (VIOLATED)
clkbuf_leaf_356_clk_i_regs/Y             10     19     -9 (VIOLATED)
clkbuf_leaf_367_clk_i_regs/Y             10     19     -9 (VIOLATED)
clkbuf_leaf_43_clk_i_regs/Y              10     19     -9 (VIOLATED)
clkbuf_leaf_52_clk_i_regs/Y              10     19     -9 (VIOLATED)
clkbuf_leaf_5_clk_i_regs/Y               10     19     -9 (VIOLATED)
clkbuf_leaf_63_clk_i_regs/Y              10     19     -9 (VIOLATED)
clkbuf_leaf_74_clk_i_regs/Y              10     19     -9 (VIOLATED)
clkbuf_leaf_105_clk_i_regs/Y             10     18     -8 (VIOLATED)
clkbuf_leaf_109_clk_i_regs/Y             10     18     -8 (VIOLATED)
clkbuf_leaf_139_clk_i_regs/Y             10     18     -8 (VIOLATED)
clkbuf_leaf_20_clk_i_regs/Y              10     18     -8 (VIOLATED)
clkbuf_leaf_22_clk_i_regs/Y              10     18     -8 (VIOLATED)
clkbuf_leaf_249_clk_i_regs/Y             10     18     -8 (VIOLATED)
clkbuf_leaf_277_clk_i_regs/Y             10     18     -8 (VIOLATED)
clkbuf_leaf_286_clk_i_regs/Y             10     18     -8 (VIOLATED)
clkbuf_leaf_37_clk_i_regs/Y              10     18     -8 (VIOLATED)
clkbuf_leaf_40_clk_i_regs/Y              10     18     -8 (VIOLATED)
clkbuf_leaf_72_clk_i_regs/Y              10     18     -8 (VIOLATED)
clkbuf_leaf_80_clk_i_regs/Y              10     18     -8 (VIOLATED)
clkbuf_leaf_85_clk_i_regs/Y              10     18     -8 (VIOLATED)
clkbuf_leaf_92_clk_i_regs/Y              10     18     -8 (VIOLATED)
clkbuf_leaf_123_clk_i_regs/Y             10     17     -7 (VIOLATED)
clkbuf_leaf_166_clk_i_regs/Y             10     17     -7 (VIOLATED)
clkbuf_leaf_167_clk_i_regs/Y             10     17     -7 (VIOLATED)
clkbuf_leaf_189_clk_i_regs/Y             10     17     -7 (VIOLATED)
clkbuf_leaf_213_clk_i_regs/Y             10     17     -7 (VIOLATED)
clkbuf_leaf_358_clk_i_regs/Y             10     17     -7 (VIOLATED)
clkbuf_leaf_366_clk_i_regs/Y             10     17     -7 (VIOLATED)
clkbuf_leaf_79_clk_i_regs/Y              10     17     -7 (VIOLATED)
clkbuf_leaf_94_clk_i_regs/Y              10     17     -7 (VIOLATED)
clkbuf_leaf_234_clk_i_regs/Y             10     16     -6 (VIOLATED)
clkbuf_leaf_306_clk_i_regs/Y             10     16     -6 (VIOLATED)
clkbuf_leaf_359_clk_i_regs/Y             10     16     -6 (VIOLATED)
clkbuf_leaf_360_clk_i_regs/Y             10     16     -6 (VIOLATED)
clkbuf_leaf_38_clk_i_regs/Y              10     16     -6 (VIOLATED)
clkbuf_leaf_101_clk_i_regs/Y             10     15     -5 (VIOLATED)
clkbuf_leaf_104_clk_i_regs/Y             10     15     -5 (VIOLATED)
clkbuf_leaf_108_clk_i_regs/Y             10     15     -5 (VIOLATED)
clkbuf_leaf_238_clk_i_regs/Y             10     15     -5 (VIOLATED)
clkbuf_leaf_253_clk_i_regs/Y             10     15     -5 (VIOLATED)
clkbuf_leaf_301_clk_i_regs/Y             10     15     -5 (VIOLATED)
clkbuf_leaf_355_clk_i_regs/Y             10     15     -5 (VIOLATED)
clkbuf_leaf_67_clk_i_regs/Y              10     15     -5 (VIOLATED)
clkbuf_leaf_81_clk_i_regs/Y              10     15     -5 (VIOLATED)
clkbuf_leaf_247_clk_i_regs/Y             10     14     -4 (VIOLATED)
clkbuf_leaf_352_clk_i_regs/Y             10     14     -4 (VIOLATED)
clkbuf_leaf_363_clk_i_regs/Y             10     14     -4 (VIOLATED)
clkbuf_leaf_364_clk_i_regs/Y             10     14     -4 (VIOLATED)
clkbuf_leaf_208_clk_i_regs/Y             10     13     -3 (VIOLATED)
clkbuf_leaf_339_clk_i_regs/Y             10     13     -3 (VIOLATED)
clkbuf_leaf_368_clk_i_regs/Y             10     13     -3 (VIOLATED)
clkbuf_leaf_42_clk_i_regs/Y              10     13     -3 (VIOLATED)
clkbuf_leaf_13_clk_i_regs/Y              10     12     -2 (VIOLATED)
clkbuf_leaf_15_clk_i_regs/Y              10     12     -2 (VIOLATED)
clkbuf_leaf_236_clk_i_regs/Y             10     12     -2 (VIOLATED)
clkbuf_leaf_274_clk_i_regs/Y             10     12     -2 (VIOLATED)


==========================================================================
global route max_slew_check_slack
--------------------------------------------------------------------------
88.16092681884766

==========================================================================
global route max_slew_check_limit
--------------------------------------------------------------------------
320.0

==========================================================================
global route max_slew_check_slack_limit
--------------------------------------------------------------------------
0.2755

==========================================================================
global route max_fanout_check_slack
--------------------------------------------------------------------------
-17.0

==========================================================================
global route max_fanout_check_limit
--------------------------------------------------------------------------
10.0

==========================================================================
global route max_fanout_check_slack_limit
--------------------------------------------------------------------------
-1.7000

==========================================================================
global route max_capacitance_check_slack
--------------------------------------------------------------------------
1.512651801109314

==========================================================================
global route max_capacitance_check_limit
--------------------------------------------------------------------------
23.040000915527344

==========================================================================
global route max_capacitance_check_slack_limit
--------------------------------------------------------------------------
0.0657

==========================================================================
global route max_slew_violation_count
--------------------------------------------------------------------------
max slew violation count 0

==========================================================================
global route max_fanout_violation_count
--------------------------------------------------------------------------
max fanout violation count 364

==========================================================================
global route max_cap_violation_count
--------------------------------------------------------------------------
max cap violation count 0

==========================================================================
global route setup_violation_count
--------------------------------------------------------------------------
setup violation count 0

==========================================================================
global route hold_violation_count
--------------------------------------------------------------------------
hold violation count 0

==========================================================================
global route report_checks -path_delay max reg to reg
--------------------------------------------------------------------------
Startpoint: i_frontend.icache_vaddr_q[2]$_DFFE_PN0P_
            (rising edge-triggered flip-flop clocked by main_clk)
Endpoint: i_frontend.npc_q[31]$_DFF_PN0_
          (rising edge-triggered flip-flop clocked by main_clk)
Path Group: main_clk
Path Type: max

  Delay    Time   Description
---------------------------------------------------------
   0.00    0.00   clock main_clk (rise edge)
   0.00    0.00   clock source latency
   0.00    0.00 ^ clk_i (in)
  26.96   26.96 ^ wire46595/Y (BUFx10_ASAP7_75t_SL)
  35.22   62.18 ^ clkbuf_regs_0_main_clk/Y (BUFx24_ASAP7_75t_SL)
  16.67   78.85 ^ clkbuf_0_clk_i_regs/Y (BUFx24_ASAP7_75t_SL)
  22.31  101.17 ^ clkbuf_1_1_0_clk_i_regs/Y (BUFx24_ASAP7_75t_SL)
  25.69  126.85 ^ clkbuf_2_3_0_clk_i_regs/Y (BUFx24_ASAP7_75t_SL)
  26.99  153.84 ^ clkbuf_4_15_0_clk_i_regs/Y (BUFx24_ASAP7_75t_SL)
  22.44  176.28 ^ clkbuf_6_61__f_clk_i_regs/Y (BUFx24_ASAP7_75t_SL)
  20.03  196.32 ^ clkbuf_leaf_211_clk_i_regs/Y (BUFx24_ASAP7_75t_SL)
   3.93  200.24 ^ i_frontend.icache_vaddr_q[2]$_DFFE_PN0P_/CLK (DFFASRHQNx1_ASAP7_75t_SL)
  37.89  238.14 ^ i_frontend.icache_vaddr_q[2]$_DFFE_PN0P_/QN (DFFASRHQNx1_ASAP7_75t_SL)
  16.89  255.03 v _104623_/Y (INVx1_ASAP7_75t_R)
  41.87  296.90 ^ _198253_/CON (HAxp5_ASAP7_75t_R)
  21.90  318.80 ^ place41309/Y (BUFx3_ASAP7_75t_L)
  11.29  330.10 v _114599_/Y (INVx1_ASAP7_75t_R)
  23.33  353.43 v _114770_/Y (AO21x1_ASAP7_75t_R)
  20.30  373.73 ^ _114771_/Y (INVx1_ASAP7_75t_L)
  23.10  396.83 ^ _114823_/Y (AND3x1_ASAP7_75t_R)
  12.89  409.72 ^ _114824_/Y (AO221x1_ASAP7_75t_L)
  21.37  431.09 ^ _114825_/Y (OA21x2_ASAP7_75t_R)
  19.07  450.16 ^ _115200_/Y (AND2x2_ASAP7_75t_R)
   6.49  456.64 v _116770_/Y (INVx1_ASAP7_75t_R)
  21.73  478.37 v _116771_/Y (AO21x1_ASAP7_75t_R)
  30.45  508.82 ^ _116772_/Y (NAND2x1_ASAP7_75t_R)
  30.11  538.93 v _116803_/Y (INVx1_ASAP7_75t_L)
  33.31  572.25 v _129476_/Y (OA211x2_ASAP7_75t_R)
  22.13  594.38 v _129477_/Y (AO21x1_ASAP7_75t_R)
  44.38  638.76 v _198347_/SN (HAxp5_ASAP7_75t_R)
  25.66  664.42 v _132309_/Y (OA21x2_ASAP7_75t_R)
  17.67  682.09 v _135967_/Y (OA21x2_ASAP7_75t_R)
  18.71  700.80 v _135968_/Y (OA21x2_ASAP7_75t_R)
  17.65  718.45 v _165478_/Y (OA21x2_ASAP7_75t_R)
  19.09  737.54 v _165479_/Y (OA21x2_ASAP7_75t_R)
  18.29  755.83 v _165480_/Y (OA21x2_ASAP7_75t_R)
  18.85  774.67 v _165481_/Y (OA21x2_ASAP7_75t_R)
  17.54  792.22 v _165482_/Y (OA21x2_ASAP7_75t_R)
  18.27  810.49 v _165483_/Y (OA21x2_ASAP7_75t_R)
  19.03  829.52 v _165484_/Y (OA21x2_ASAP7_75t_R)
  23.97  853.49 v _165485_/Y (OA211x2_ASAP7_75t_R)
  19.44  872.93 v _165488_/Y (OA21x2_ASAP7_75t_R)
  19.22  892.15 v _165493_/Y (OA31x2_ASAP7_75t_R)
  19.40  911.55 v _165496_/Y (OA21x2_ASAP7_75t_R)
  18.97  930.52 v _165499_/Y (OA21x2_ASAP7_75t_R)
  17.44  947.96 v _165500_/Y (OA21x2_ASAP7_75t_R)
  18.30  966.26 v _165501_/Y (OA21x2_ASAP7_75t_R)
  17.60  983.86 v _165502_/Y (OA21x2_ASAP7_75t_R)
  19.03 1002.90 v _165503_/Y (OA21x2_ASAP7_75t_R)
  24.78 1027.67 ^ _165504_/Y (XOR2x2_ASAP7_75t_R)
  21.59 1049.27 ^ _165559_/Y (OA211x2_ASAP7_75t_R)
  19.97 1069.24 v _165560_/Y (AOI211x1_ASAP7_75t_R)
  29.03 1098.27 ^ _165564_/Y (OAI21x1_ASAP7_75t_R)
  35.79 1134.06 ^ _171333_/Y (AND5x1_ASAP7_75t_R)
  20.47 1154.53 v _171334_/Y (XOR2x2_ASAP7_75t_R)
  18.32 1172.85 v _171338_/Y (AO221x1_ASAP7_75t_SL)
  11.42 1184.27 ^ _171354_/Y (NAND2x1_ASAP7_75t_R)
   0.05 1184.31 ^ i_frontend.npc_q[31]$_DFF_PN0_/D (DFFASRHQNx1_ASAP7_75t_SL)
        1184.31   data arrival time

1000.00 1000.00   clock main_clk (rise edge)
   0.00 1000.00   clock source latency
   0.00 1000.00 ^ clk_i (in)
  26.51 1026.51 ^ wire46595/Y (BUFx10_ASAP7_75t_SL)
  33.54 1060.05 ^ clkbuf_regs_0_main_clk/Y (BUFx24_ASAP7_75t_SL)
  16.40 1076.45 ^ clkbuf_0_clk_i_regs/Y (BUFx24_ASAP7_75t_SL)
  21.74 1098.19 ^ clkbuf_1_1_0_clk_i_regs/Y (BUFx24_ASAP7_75t_SL)
  24.89 1123.08 ^ clkbuf_2_3_0_clk_i_regs/Y (BUFx24_ASAP7_75t_SL)
  23.71 1146.79 ^ clkbuf_4_13_0_clk_i_regs/Y (BUFx24_ASAP7_75t_SL)
  20.13 1166.92 ^ clkbuf_6_52__f_clk_i_regs/Y (BUFx24_ASAP7_75t_SL)
  19.96 1186.88 ^ clkbuf_leaf_165_clk_i_regs/Y (BUFx24_ASAP7_75t_SL)
   2.29 1189.16 ^ i_frontend.npc_q[31]$_DFF_PN0_/CLK (DFFASRHQNx1_ASAP7_75t_SL)
   3.78 1192.94   clock reconvergence pessimism
  -8.39 1184.55   library setup time
        1184.55   data required time
---------------------------------------------------------
        1184.55   data required time
        -1184.31   data arrival time
---------------------------------------------------------
           0.24   slack (MET)



==========================================================================
global route report_checks -path_delay min reg to reg
--------------------------------------------------------------------------
Startpoint: id_stage_i.issue_entry_o[23]$_DFFE_PN0P_
            (rising edge-triggered flip-flop clocked by main_clk)
Endpoint: issue_stage_i.i_issue_read_operands.branch_predict_o[17]$_DFFE_PN0P_
          (rising edge-triggered flip-flop clocked by main_clk)
Path Group: main_clk
Path Type: min

  Delay    Time   Description
---------------------------------------------------------
   0.00    0.00   clock main_clk (rise edge)
   0.00    0.00   clock source latency
   0.00    0.00 ^ clk_i (in)
  26.51   26.51 ^ wire46595/Y (BUFx10_ASAP7_75t_SL)
  33.54   60.05 ^ clkbuf_regs_0_main_clk/Y (BUFx24_ASAP7_75t_SL)
  16.40   76.45 ^ clkbuf_0_clk_i_regs/Y (BUFx24_ASAP7_75t_SL)
  21.74   98.19 ^ clkbuf_1_1_0_clk_i_regs/Y (BUFx24_ASAP7_75t_SL)
  24.89  123.08 ^ clkbuf_2_3_0_clk_i_regs/Y (BUFx24_ASAP7_75t_SL)
  23.46  146.53 ^ clkbuf_4_12_0_clk_i_regs/Y (BUFx24_ASAP7_75t_SL)
  20.06  166.60 ^ clkbuf_6_49__f_clk_i_regs/Y (BUFx24_ASAP7_75t_SL)
  19.72  186.32 ^ clkbuf_leaf_157_clk_i_regs/Y (BUFx24_ASAP7_75t_SL)
   1.51  187.83 ^ id_stage_i.issue_entry_o[23]$_DFFE_PN0P_/CLK (DFFASRHQNx1_ASAP7_75t_SL)
  33.13  220.96 ^ id_stage_i.issue_entry_o[23]$_DFFE_PN0P_/QN (DFFASRHQNx1_ASAP7_75t_SL)
   8.76  229.72 v _193631_/Y (OAI21x1_ASAP7_75t_R)
   0.16  229.88 v issue_stage_i.i_issue_read_operands.branch_predict_o[17]$_DFFE_PN0P_/D (DFFASRHQNx1_ASAP7_75t_SL)
         229.88   data arrival time

   0.00    0.00   clock main_clk (rise edge)
   0.00    0.00   clock source latency
   0.00    0.00 ^ clk_i (in)
  26.96   26.96 ^ wire46595/Y (BUFx10_ASAP7_75t_SL)
  35.22   62.18 ^ clkbuf_regs_0_main_clk/Y (BUFx24_ASAP7_75t_SL)
  16.67   78.85 ^ clkbuf_0_clk_i_regs/Y (BUFx24_ASAP7_75t_SL)
  22.66  101.51 ^ clkbuf_1_0_0_clk_i_regs/Y (BUFx24_ASAP7_75t_SL)
  23.28  124.80 ^ clkbuf_2_0_0_clk_i_regs/Y (BUFx24_ASAP7_75t_SL)
  30.83  155.62 ^ clkbuf_4_3_0_clk_i_regs/Y (BUFx24_ASAP7_75t_SL)
  22.28  177.90 ^ clkbuf_6_15__f_clk_i_regs/Y (BUFx24_ASAP7_75t_SL)
  23.35  201.26 ^ clkbuf_leaf_154_clk_i_regs/Y (BUFx24_ASAP7_75t_SL)
   2.22  203.48 ^ issue_stage_i.i_issue_read_operands.branch_predict_o[17]$_DFFE_PN0P_/CLK (DFFASRHQNx1_ASAP7_75t_SL)
  -2.40  201.08   clock reconvergence pessimism
   9.34  210.41   library hold time
         210.41   data required time
---------------------------------------------------------
         210.41   data required time
        -229.88   data arrival time
---------------------------------------------------------
          19.47   slack (MET)



==========================================================================
global route critical path target clock latency max path
--------------------------------------------------------------------------
0

==========================================================================
global route critical path target clock latency min path
--------------------------------------------------------------------------
0

==========================================================================
global route critical path source clock latency min path
--------------------------------------------------------------------------
0

==========================================================================
global route critical path delay
--------------------------------------------------------------------------
1184.3120

==========================================================================
global route critical path slack
--------------------------------------------------------------------------
0.2379

==========================================================================
global route slack div critical path delay
--------------------------------------------------------------------------
0.020088

==========================================================================
global route report_power
--------------------------------------------------------------------------
Group                  Internal  Switching    Leakage      Total
                          Power      Power      Power      Power (Watts)
----------------------------------------------------------------
Sequential             1.72e-02   4.10e-03   6.46e-05   2.13e-02  16.3%
Combinational          2.98e-02   3.71e-02   7.48e-05   6.70e-02  51.1%
Clock                  1.18e-02   5.35e-03   2.41e-05   1.72e-02  13.1%
Macro                  2.45e-02   0.00e+00   1.03e-03   2.55e-02  19.5%
Pad                    0.00e+00   0.00e+00   0.00e+00   0.00e+00   0.0%
----------------------------------------------------------------
Total                  8.33e-02   4.65e-02   1.19e-03   1.31e-01 100.0%
                          63.6%      35.5%       0.9%
