
==========================================================================
global route report_tns
--------------------------------------------------------------------------
tns max -1340.71

==========================================================================
global route report_wns
--------------------------------------------------------------------------
wns max -35.94

==========================================================================
global route report_worst_slack
--------------------------------------------------------------------------
worst slack max -35.94

==========================================================================
global route report_clock_min_period
--------------------------------------------------------------------------
clk period_min = 305.94 fmax = 3268.61

==========================================================================
global route report_clock_skew
--------------------------------------------------------------------------
Clock clk
  61.22 source latency uart_rx_inst.prescale_reg[17]$_SDFFE_PP0P_/CLK ^
 -58.12 target latency _tray_size2_155/CLK ^
  -0.75 CRPR
--------------
   2.34 setup skew


==========================================================================
global route report_checks -path_delay min
--------------------------------------------------------------------------
Startpoint: rxd (input port clocked by clk)
Endpoint: _tray_size4_156 (rising edge-triggered flip-flop clocked by clk)
Path Group: clk
Path Type: min

Fanout     Cap    Slew   Delay    Time   Description
-----------------------------------------------------------------------------
                          0.00    0.00   clock clk (rise edge)
                          0.00    0.00   clock network delay (propagated)
                         54.00   54.00 v input external delay
     1    1.01    0.00    0.00   54.00 v rxd (in)
                                         rxd (net)
                  0.30    0.09   54.09 v input19/A (BUFx2_ASAP7_75t_R)
     1    0.53    6.61   14.97   69.06 v input19/Y (BUFx2_ASAP7_75t_R)
                                         net19 (net)
                  6.61    0.05   69.11 v _0614_/B (OR2x2_ASAP7_75t_R)
     1    0.80    8.89   21.65   90.76 v _0614_/Y (OR2x2_ASAP7_75t_R)
                                         _0170_ (net)
                  8.89    0.09   90.85 v _tray_size4_156/D3 (DFFHQNH2V2Xx1_ASAP7_75t_R)
                                 90.85   data arrival time

                          0.00    0.00   clock clk (rise edge)
                          0.00    0.00   clock source latency
     1    3.36    0.00    0.00    0.00 ^ clk (in)
                                         clk (net)
                  1.43    0.45    0.45 ^ clkbuf_0_clk/A (BUFx4_ASAP7_75t_R)
     4    5.29   19.20   25.43   25.89 ^ clkbuf_0_clk/Y (BUFx4_ASAP7_75t_R)
                                         clknet_0_clk (net)
                 19.26    0.61   26.49 ^ clkbuf_2_2__f_clk/A (BUFx4_ASAP7_75t_R)
     9    7.07   22.91   33.81   60.30 ^ clkbuf_2_2__f_clk/Y (BUFx4_ASAP7_75t_R)
                                         clknet_2_2__leaf_clk (net)
                 22.97    0.66   60.96 ^ _tray_size4_156/CLK (DFFHQNH2V2Xx1_ASAP7_75t_R)
                          0.00   60.96   clock reconvergence pessimism
                         15.54   76.50   library hold time
                                 76.50   data required time
-----------------------------------------------------------------------------
                                 76.50   data required time
                                -90.85   data arrival time
-----------------------------------------------------------------------------
                                 14.36   slack (MET)



==========================================================================
global route report_checks -path_delay max
--------------------------------------------------------------------------
Startpoint: _tray_size2_143 (rising edge-triggered flip-flop clocked by clk)
Endpoint: _tray_size4_138 (rising edge-triggered flip-flop clocked by clk)
Path Group: clk
Path Type: max

Fanout     Cap    Slew   Delay    Time   Description
-----------------------------------------------------------------------------
                          0.00    0.00   clock clk (rise edge)
                          0.00    0.00   clock source latency
     1    3.36    0.00    0.00    0.00 ^ clk (in)
                                         clk (net)
                  1.43    0.45    0.45 ^ clkbuf_0_clk/A (BUFx4_ASAP7_75t_R)
     4    5.29   19.20   25.43   25.89 ^ clkbuf_0_clk/Y (BUFx4_ASAP7_75t_R)
                                         clknet_0_clk (net)
                 19.27    0.64   26.52 ^ clkbuf_2_0__f_clk/A (BUFx4_ASAP7_75t_R)
     9    6.91   22.69   33.57   60.09 ^ clkbuf_2_0__f_clk/Y (BUFx4_ASAP7_75t_R)
                                         clknet_2_0__leaf_clk (net)
                 22.76    0.71   60.80 ^ _tray_size2_143/CLK (DFFHQNV2Xx1_ASAP7_75t_R)
     2    1.74   27.51   58.08  118.88 v _tray_size2_143/QN0 (DFFHQNV2Xx1_ASAP7_75t_R)
                                         _0086_ (net)
                 27.52    0.19  119.07 v _0637_/A (INVx1_ASAP7_75t_R)
     2    1.82   23.09   18.96  138.03 ^ _0637_/Y (INVx1_ASAP7_75t_R)
                                         uart_tx_inst.bit_cnt[0] (net)
                 23.09    0.18  138.21 ^ _1051_/A (HAxp5_ASAP7_75t_R)
     2    1.59   36.66   21.14  159.35 v _1051_/CON (HAxp5_ASAP7_75t_R)
                                         _0090_ (net)
                 36.66    0.17  159.52 v _0662_/A (INVx1_ASAP7_75t_R)
     1    0.78   16.78   15.35  174.87 ^ _0662_/Y (INVx1_ASAP7_75t_R)
                                         _0193_ (net)
                 16.79    0.08  174.95 ^ _0663_/D (AND4x2_ASAP7_75t_R)
     4    5.88   38.07   49.65  224.61 ^ _0663_/Y (AND4x2_ASAP7_75t_R)
                                         _0194_ (net)
                 38.45    2.08  226.69 ^ place178/A (BUFx4f_ASAP7_75t_R)
     7    6.60   19.82   30.10  256.79 ^ place178/Y (BUFx4f_ASAP7_75t_R)
                                         net178 (net)
                 19.92    0.76  257.55 ^ _0935_/B (NOR3x1_ASAP7_75t_R)
     1    1.01   16.80   16.45  274.00 v _0935_/Y (NOR3x1_ASAP7_75t_R)
                                         _0430_ (net)
                 16.80    0.11  274.11 v _0936_/A2 (OA21x2_ASAP7_75t_R)
     1    0.81    9.04   25.72  299.83 v _0936_/Y (OA21x2_ASAP7_75t_R)
                                         _0431_ (net)
                  9.04    0.06  299.90 v _0937_/A (OR3x1_ASAP7_75t_R)
     1    0.61   10.96   26.01  325.90 v _0937_/Y (OR3x1_ASAP7_75t_R)
                                         _0432_ (net)
                 10.96    0.06  325.96 v _0938_/C (OA211x2_ASAP7_75t_R)
     1    0.82   13.23   37.22  363.18 v _0938_/Y (OA211x2_ASAP7_75t_R)
                                         _0131_ (net)
                 13.23    0.09  363.28 v _tray_size4_138/D0 (DFFHQNH2V2Xx1_ASAP7_75t_R)
                                363.28   data arrival time

                        270.00  270.00   clock clk (rise edge)
                          0.00  270.00   clock source latency
     1    3.22    0.00    0.00  270.00 ^ clk (in)
                                         clk (net)
                  1.32    0.41  270.41 ^ clkbuf_0_clk/A (BUFx4_ASAP7_75t_R)
     4    4.73   17.96   24.72  295.13 ^ clkbuf_0_clk/Y (BUFx4_ASAP7_75t_R)
                                         clknet_0_clk (net)
                 18.02    0.56  295.69 ^ clkbuf_2_1__f_clk/A (BUFx4_ASAP7_75t_R)
     6    5.72   19.77   31.88  327.57 ^ clkbuf_2_1__f_clk/Y (BUFx4_ASAP7_75t_R)
                                         clknet_2_1__leaf_clk (net)
                 19.80    0.43  328.00 ^ _tray_size4_138/CLK (DFFHQNH2V2Xx1_ASAP7_75t_R)
                          0.75  328.76   clock reconvergence pessimism
                         -1.42  327.34   library setup time
                                327.34   data required time
-----------------------------------------------------------------------------
                                327.34   data required time
                               -363.28   data arrival time
-----------------------------------------------------------------------------
                                -35.94   slack (VIOLATED)



==========================================================================
global route report_checks -unconstrained
--------------------------------------------------------------------------
Startpoint: _tray_size2_143 (rising edge-triggered flip-flop clocked by clk)
Endpoint: _tray_size4_138 (rising edge-triggered flip-flop clocked by clk)
Path Group: clk
Path Type: max

Fanout     Cap    Slew   Delay    Time   Description
-----------------------------------------------------------------------------
                          0.00    0.00   clock clk (rise edge)
                          0.00    0.00   clock source latency
     1    3.36    0.00    0.00    0.00 ^ clk (in)
                                         clk (net)
                  1.43    0.45    0.45 ^ clkbuf_0_clk/A (BUFx4_ASAP7_75t_R)
     4    5.29   19.20   25.43   25.89 ^ clkbuf_0_clk/Y (BUFx4_ASAP7_75t_R)
                                         clknet_0_clk (net)
                 19.27    0.64   26.52 ^ clkbuf_2_0__f_clk/A (BUFx4_ASAP7_75t_R)
     9    6.91   22.69   33.57   60.09 ^ clkbuf_2_0__f_clk/Y (BUFx4_ASAP7_75t_R)
                                         clknet_2_0__leaf_clk (net)
                 22.76    0.71   60.80 ^ _tray_size2_143/CLK (DFFHQNV2Xx1_ASAP7_75t_R)
     2    1.74   27.51   58.08  118.88 v _tray_size2_143/QN0 (DFFHQNV2Xx1_ASAP7_75t_R)
                                         _0086_ (net)
                 27.52    0.19  119.07 v _0637_/A (INVx1_ASAP7_75t_R)
     2    1.82   23.09   18.96  138.03 ^ _0637_/Y (INVx1_ASAP7_75t_R)
                                         uart_tx_inst.bit_cnt[0] (net)
                 23.09    0.18  138.21 ^ _1051_/A (HAxp5_ASAP7_75t_R)
     2    1.59   36.66   21.14  159.35 v _1051_/CON (HAxp5_ASAP7_75t_R)
                                         _0090_ (net)
                 36.66    0.17  159.52 v _0662_/A (INVx1_ASAP7_75t_R)
     1    0.78   16.78   15.35  174.87 ^ _0662_/Y (INVx1_ASAP7_75t_R)
                                         _0193_ (net)
                 16.79    0.08  174.95 ^ _0663_/D (AND4x2_ASAP7_75t_R)
     4    5.88   38.07   49.65  224.61 ^ _0663_/Y (AND4x2_ASAP7_75t_R)
                                         _0194_ (net)
                 38.45    2.08  226.69 ^ place178/A (BUFx4f_ASAP7_75t_R)
     7    6.60   19.82   30.10  256.79 ^ place178/Y (BUFx4f_ASAP7_75t_R)
                                         net178 (net)
                 19.92    0.76  257.55 ^ _0935_/B (NOR3x1_ASAP7_75t_R)
     1    1.01   16.80   16.45  274.00 v _0935_/Y (NOR3x1_ASAP7_75t_R)
                                         _0430_ (net)
                 16.80    0.11  274.11 v _0936_/A2 (OA21x2_ASAP7_75t_R)
     1    0.81    9.04   25.72  299.83 v _0936_/Y (OA21x2_ASAP7_75t_R)
                                         _0431_ (net)
                  9.04    0.06  299.90 v _0937_/A (OR3x1_ASAP7_75t_R)
     1    0.61   10.96   26.01  325.90 v _0937_/Y (OR3x1_ASAP7_75t_R)
                                         _0432_ (net)
                 10.96    0.06  325.96 v _0938_/C (OA211x2_ASAP7_75t_R)
     1    0.82   13.23   37.22  363.18 v _0938_/Y (OA211x2_ASAP7_75t_R)
                                         _0131_ (net)
                 13.23    0.09  363.28 v _tray_size4_138/D0 (DFFHQNH2V2Xx1_ASAP7_75t_R)
                                363.28   data arrival time

                        270.00  270.00   clock clk (rise edge)
                          0.00  270.00   clock source latency
     1    3.22    0.00    0.00  270.00 ^ clk (in)
                                         clk (net)
                  1.32    0.41  270.41 ^ clkbuf_0_clk/A (BUFx4_ASAP7_75t_R)
     4    4.73   17.96   24.72  295.13 ^ clkbuf_0_clk/Y (BUFx4_ASAP7_75t_R)
                                         clknet_0_clk (net)
                 18.02    0.56  295.69 ^ clkbuf_2_1__f_clk/A (BUFx4_ASAP7_75t_R)
     6    5.72   19.77   31.88  327.57 ^ clkbuf_2_1__f_clk/Y (BUFx4_ASAP7_75t_R)
                                         clknet_2_1__leaf_clk (net)
                 19.80    0.43  328.00 ^ _tray_size4_138/CLK (DFFHQNH2V2Xx1_ASAP7_75t_R)
                          0.75  328.76   clock reconvergence pessimism
                         -1.42  327.34   library setup time
                                327.34   data required time
-----------------------------------------------------------------------------
                                327.34   data required time
                               -363.28   data arrival time
-----------------------------------------------------------------------------
                                -35.94   slack (VIOLATED)



==========================================================================
global route report_check_types -max_slew -max_cap -max_fanout -violators
--------------------------------------------------------------------------

==========================================================================
global route max_slew_check_slack
--------------------------------------------------------------------------
242.0808563232422

==========================================================================
global route max_slew_check_limit
--------------------------------------------------------------------------
320.0

==========================================================================
global route max_slew_check_slack_limit
--------------------------------------------------------------------------
0.7565

==========================================================================
global route max_fanout_check_slack
--------------------------------------------------------------------------
1.0000000150474662e+30

==========================================================================
global route max_fanout_check_limit
--------------------------------------------------------------------------
1.0000000150474662e+30

==========================================================================
global route max_capacitance_check_slack
--------------------------------------------------------------------------
17.420085906982422

==========================================================================
global route max_capacitance_check_limit
--------------------------------------------------------------------------
23.040000915527344

==========================================================================
global route max_capacitance_check_slack_limit
--------------------------------------------------------------------------
0.7561

==========================================================================
global route max_slew_violation_count
--------------------------------------------------------------------------
max slew violation count 0

==========================================================================
global route max_fanout_violation_count
--------------------------------------------------------------------------
max fanout violation count 0

==========================================================================
global route max_cap_violation_count
--------------------------------------------------------------------------
max cap violation count 0

==========================================================================
global route setup_violation_count
--------------------------------------------------------------------------
setup violation count 71

==========================================================================
global route hold_violation_count
--------------------------------------------------------------------------
hold violation count 0

==========================================================================
global route report_checks -path_delay max reg to reg
--------------------------------------------------------------------------
Startpoint: _tray_size2_143 (rising edge-triggered flip-flop clocked by clk)
Endpoint: _tray_size4_138 (rising edge-triggered flip-flop clocked by clk)
Path Group: clk
Path Type: max

  Delay    Time   Description
---------------------------------------------------------
   0.00    0.00   clock clk (rise edge)
   0.00    0.00   clock source latency
   0.00    0.00 ^ clk (in)
  25.89   25.89 ^ clkbuf_0_clk/Y (BUFx4_ASAP7_75t_R)
  34.21   60.09 ^ clkbuf_2_0__f_clk/Y (BUFx4_ASAP7_75t_R)
   0.71   60.80 ^ _tray_size2_143/CLK (DFFHQNV2Xx1_ASAP7_75t_R)
  58.08  118.88 v _tray_size2_143/QN0 (DFFHQNV2Xx1_ASAP7_75t_R)
  19.15  138.03 ^ _0637_/Y (INVx1_ASAP7_75t_R)
  21.32  159.35 v _1051_/CON (HAxp5_ASAP7_75t_R)
  15.52  174.87 ^ _0662_/Y (INVx1_ASAP7_75t_R)
  49.73  224.61 ^ _0663_/Y (AND4x2_ASAP7_75t_R)
  32.18  256.79 ^ place178/Y (BUFx4f_ASAP7_75t_R)
  17.21  274.00 v _0935_/Y (NOR3x1_ASAP7_75t_R)
  25.83  299.83 v _0936_/Y (OA21x2_ASAP7_75t_R)
  26.07  325.90 v _0937_/Y (OR3x1_ASAP7_75t_R)
  37.28  363.18 v _0938_/Y (OA211x2_ASAP7_75t_R)
   0.09  363.28 v _tray_size4_138/D0 (DFFHQNH2V2Xx1_ASAP7_75t_R)
         363.28   data arrival time

 270.00  270.00   clock clk (rise edge)
   0.00  270.00   clock source latency
   0.00  270.00 ^ clk (in)
  25.13  295.13 ^ clkbuf_0_clk/Y (BUFx4_ASAP7_75t_R)
  32.44  327.57 ^ clkbuf_2_1__f_clk/Y (BUFx4_ASAP7_75t_R)
   0.43  328.00 ^ _tray_size4_138/CLK (DFFHQNH2V2Xx1_ASAP7_75t_R)
   0.75  328.76   clock reconvergence pessimism
  -1.42  327.34   library setup time
         327.34   data required time
---------------------------------------------------------
         327.34   data required time
        -363.28   data arrival time
---------------------------------------------------------
         -35.94   slack (VIOLATED)



==========================================================================
global route report_checks -path_delay min reg to reg
--------------------------------------------------------------------------
Startpoint: _tray_size4_152 (rising edge-triggered flip-flop clocked by clk)
Endpoint: _tray_size4_152 (rising edge-triggered flip-flop clocked by clk)
Path Group: clk
Path Type: min

  Delay    Time   Description
---------------------------------------------------------
   0.00    0.00   clock clk (rise edge)
   0.00    0.00   clock source latency
   0.00    0.00 ^ clk (in)
  25.13   25.13 ^ clkbuf_0_clk/Y (BUFx4_ASAP7_75t_R)
  32.73   57.86 ^ clkbuf_2_2__f_clk/Y (BUFx4_ASAP7_75t_R)
   0.45   58.31 ^ _tray_size4_152/CLK (DFFHQNH2V2Xx1_ASAP7_75t_R)
  58.13  116.44 ^ _tray_size4_152/QN0 (DFFHQNH2V2Xx1_ASAP7_75t_R)
  10.97  127.41 v _1037_/Y (OAI21x1_ASAP7_75t_R)
  15.78  143.19 v _1038_/Y (OA21x2_ASAP7_75t_R)
   0.05  143.24 v _tray_size4_152/D3 (DFFHQNH2V2Xx1_ASAP7_75t_R)
         143.24   data arrival time

   0.00    0.00   clock clk (rise edge)
   0.00    0.00   clock source latency
   0.00    0.00 ^ clk (in)
  25.89   25.89 ^ clkbuf_0_clk/Y (BUFx4_ASAP7_75t_R)
  34.41   60.30 ^ clkbuf_2_2__f_clk/Y (BUFx4_ASAP7_75t_R)
   0.53   60.83 ^ _tray_size4_152/CLK (DFFHQNH2V2Xx1_ASAP7_75t_R)
  -2.52   58.31   clock reconvergence pessimism
  16.19   74.49   library hold time
          74.49   data required time
---------------------------------------------------------
          74.49   data required time
        -143.24   data arrival time
---------------------------------------------------------
          68.75   slack (MET)



==========================================================================
global route critical path target clock latency max path
--------------------------------------------------------------------------
58.0082

==========================================================================
global route critical path target clock latency min path
--------------------------------------------------------------------------
60.9611

==========================================================================
global route critical path source clock latency min path
--------------------------------------------------------------------------
0.0000

==========================================================================
global route critical path delay
--------------------------------------------------------------------------
363.2776

==========================================================================
global route critical path slack
--------------------------------------------------------------------------
-35.9407

==========================================================================
global route slack div critical path delay
--------------------------------------------------------------------------
-9.893453

==========================================================================
global route report_power
--------------------------------------------------------------------------
Group                  Internal  Switching    Leakage      Total
                          Power      Power      Power      Power (Watts)
----------------------------------------------------------------
Sequential             5.22e-04   9.58e-05   1.07e-08   6.18e-04  28.2%
Combinational          8.28e-04   6.41e-04   7.82e-08   1.47e-03  67.1%
Clock                  4.22e-05   6.00e-05   8.10e-10   1.02e-04   4.7%
Macro                  0.00e+00   0.00e+00   0.00e+00   0.00e+00   0.0%
Pad                    0.00e+00   0.00e+00   0.00e+00   0.00e+00   0.0%
----------------------------------------------------------------
Total                  1.39e-03   7.97e-04   8.96e-08   2.19e-03 100.0%
                          63.6%      36.4%       0.0%
