OpenROAD 1447ce3293b9688b91b8c635d3811ac25a1ea20f 
Features included (+) or not (-): +GPU +GUI +Python
This program is licensed under the BSD-3 license. See the LICENSE file for details.
Components of this program may be licensed under more restrictive licenses which must be honored.
[INFO ORD-0030] Using 32 thread(s).
source /home/lucast/workspace/OR-flow-TCC/flow/platforms/asap7/liberty_suppressions.tcl
read_liberty /home/lucast/workspace/OR-flow-TCC/flow/platforms/asap7/lib/NLDM/asap7sc7p5t_AO_RVT_TT_nldm_211120.lib.gz
read_liberty /home/lucast/workspace/OR-flow-TCC/flow/platforms/asap7/lib/NLDM/asap7sc7p5t_INVBUF_RVT_TT_nldm_220122.lib.gz
read_liberty /home/lucast/workspace/OR-flow-TCC/flow/platforms/asap7/lib/NLDM/asap7sc7p5t_OA_RVT_TT_nldm_211120.lib.gz
read_liberty /home/lucast/workspace/OR-flow-TCC/flow/platforms/asap7/lib/NLDM/asap7sc7p5t_SEQ_RVT_TT_nldm_220123.lib
read_liberty /home/lucast/workspace/OR-flow-TCC/flow/platforms/asap7/lib/NLDM/asap7sc7p5t_SIMPLE_RVT_TT_nldm_211120.lib.gz
read_liberty /home/lucast/workspace/OR-flow-TCC/flow/platforms/asap7/lib/NLDM/asap7sc7p5t_DFFHQNH2V2X_RVT_TT_nldm_FAKE.lib
read_liberty /home/lucast/workspace/OR-flow-TCC/flow/platforms/asap7/lib/NLDM/asap7sc7p5t_DFFHQNV2X_RVT_TT_nldm_FAKE.lib
read_db ./results/asap7/uart/modified_alpha_2-beta_0.1-v3/3_4_place_resized.odb
source /home/lucast/workspace/OR-flow-TCC/flow/platforms/asap7/setRC.tcl
[INFO DPL-0005] Max displacement: +/- 500 sites horizontally, +/- 100 rows vertically.
Movements Summary
---------------------------------------
Total cells:                     660
Diamond Move Success:            660 (100.00%)
Diamond Move Failure:              0
Rip-up and replace Success:        0 (  0.00% of diamond failures)
Rip-up and replace Failure:        0
Total Placement Failures:          0
---------------------------------------
Placement Analysis
---------------------------------
total displacement        152.3 u
average displacement        0.2 u
max displacement            1.3 u
original HPWL            1157.0 u
legalized HPWL           1297.9 u
delta HPWL                   12 %

Detailed placement improvement.
[INFO DPL-0401] Setting random seed to 1.
[INFO DPL-0402] Setting maximum displacement 5 1 to 1350 270 units.
[INFO DPL-0320] Collected 154 fixed cells.
[INFO DPL-0318] Collected 632 single height cells.
[INFO DPL-0319] Collected 28 multi-height cells spanning 2 rows.
[INFO DPL-0321] Collected 0 wide cells.
[INFO DPL-0322] Image (1080, 1080) - (15984, 15930)
[INFO DPL-0310] Assigned 632 cells into segments.  Movement in X-direction is 0.000000, movement in Y-direction is 0.000000.
[INFO DPL-0310] Assigned 28 cells into segments.  Movement in X-direction is 0.000000, movement in Y-direction is 0.000000.
[INFO DPL-0313] Found 0 cells in wrong regions.
[INFO DPL-0315] Found 0 row alignment problems.
[INFO DPL-0314] Found 0 site alignment problems.
[INFO DPL-0311] Found 0 overlaps between adjacent cells.
[INFO DPL-0312] Found 0 edge spacing violations and 0 padding violations.
[INFO DPL-0303] Running algorithm for independent set matching.
[INFO DPL-0300] Set matching objective is wirelength.
[INFO DPL-0301] Pass   1 of matching; objective is 1.294105e+06.
[INFO DPL-0302] End of matching; objective is 1.292789e+06, improvement is 0.10 percent.
[INFO DPL-0303] Running algorithm for global swaps.
[INFO DPL-0306] Pass   1 of global swaps; hpwl is 1.260028e+06.
[INFO DPL-0306] Pass   2 of global swaps; hpwl is 1.253306e+06.
[INFO DPL-0307] End of global swaps; objective is 1.253306e+06, improvement is 3.05 percent.
[INFO DPL-0303] Running algorithm for vertical swaps.
[INFO DPL-0308] Pass   1 of vertical swaps; hpwl is 1.248011e+06.
[INFO DPL-0309] End of vertical swaps; objective is 1.248011e+06, improvement is 0.42 percent.
[INFO DPL-0303] Running algorithm for reordering.
[INFO DPL-0304] Pass   1 of reordering; objective is 1.243600e+06.
[INFO DPL-0305] End of reordering; objective is 1.243600e+06, improvement is 0.35 percent.
[INFO DPL-0303] Running algorithm for random improvement.
[INFO DPL-0324] Random improver is using random generator.
[INFO DPL-0325] Random improver is using hpwl objective.
[INFO DPL-0326] Random improver cost string is (a).
[INFO DPL-0332] End of pass, Generator random called 13200 times.
[INFO DPL-0335] Generator random, Cumulative attempts 13200, swaps 1943, moves  3232 since last reset.
[INFO DPL-0333] End of pass, Objective hpwl, Initial cost 1.243600e+06, Scratch cost 1.224218e+06, Incremental cost 1.224218e+06, Mismatch? N
[INFO DPL-0338] End of pass, Total cost is 1.224218e+06.
[INFO DPL-0327] Pass   1 of random improver; improvement in cost is 1.56 percent.
[INFO DPL-0332] End of pass, Generator random called 13200 times.
[INFO DPL-0335] Generator random, Cumulative attempts 26400, swaps 3941, moves  6344 since last reset.
[INFO DPL-0333] End of pass, Objective hpwl, Initial cost 1.224218e+06, Scratch cost 1.217645e+06, Incremental cost 1.217645e+06, Mismatch? N
[INFO DPL-0338] End of pass, Total cost is 1.217645e+06.
[INFO DPL-0327] Pass   2 of random improver; improvement in cost is 0.54 percent.
[INFO DPL-0328] End of random improver; improvement is 2.087086 percent.
[INFO DPL-0380] Cell flipping.
[INFO DPL-0382] Changed 0 cell orientations for row compatibility.
[INFO DPL-0383] Performed 215 cell flips.
[INFO DPL-0384] End of flipping; objective is 1.166243e+06, improvement is 4.22 percent.
[INFO DPL-0313] Found 0 cells in wrong regions.
[INFO DPL-0315] Found 0 row alignment problems.
[INFO DPL-0314] Found 0 site alignment problems.
[INFO DPL-0311] Found 0 overlaps between adjacent cells.
[INFO DPL-0312] Found 0 edge spacing violations and 0 padding violations.
Detailed Improvement Results
------------------------------------------
Original HPWL             1297.9 u (     608.6,      689.3)
Final HPWL                1164.2 u (     522.8,      641.3)
Delta HPWL                 -10.3 % (     -14.1,       -7.0)

[INFO DPL-0020] Mirrored 75 instances
[INFO DPL-0021] HPWL before            1164.2 u
[INFO DPL-0022] HPWL after             1157.5 u
[INFO DPL-0023] HPWL delta               -0.6 %
[INFO FLW-0012] Placement violations .
estimate_parasitics -placement
Report metrics stage 3, detailed place...

==========================================================================
detailed place report_design_area
--------------------------------------------------------------------------
Design area 88 um^2 40% utilization.
write_db ./results/asap7/uart/modified_alpha_2-beta_0.1-v3/3_5_place_dp.odb
Elapsed time: 0:00.88[h:]min:sec. CPU time: user 0.91 sys 0.10 (115%). Peak memory: 198608KB.
Log                        Elapsed/s Peak Memory/MB  sha1sum .odb [0:20)
3_5_place_dp                       0            193 818d3ba358d041030fbb
