OpenROAD fe1aa0f9d0254fac87b82c886c04ee1544e46885 
Features included (+) or not (-): +GPU +GUI +Python
This program is licensed under the BSD-3 license. See the LICENSE file for details.
Components of this program may be licensed under more restrictive licenses which must be honored.
[INFO ORD-0030] Using 32 thread(s).
source /home/lucast/workspace/OR-flow-TCC/flow/platforms/asap7/liberty_suppressions.tcl
read_liberty /home/lucast/workspace/OR-flow-TCC/flow/platforms/asap7/lib/NLDM/asap7sc7p5t_AO_RVT_FF_nldm_211120.lib.gz
read_liberty /home/lucast/workspace/OR-flow-TCC/flow/platforms/asap7/lib/NLDM/asap7sc7p5t_INVBUF_RVT_FF_nldm_220122.lib.gz
read_liberty /home/lucast/workspace/OR-flow-TCC/flow/platforms/asap7/lib/NLDM/asap7sc7p5t_OA_RVT_FF_nldm_211120.lib.gz
read_liberty /home/lucast/workspace/OR-flow-TCC/flow/platforms/asap7/lib/NLDM/asap7sc7p5t_SIMPLE_RVT_FF_nldm_211120.lib.gz
read_liberty /home/lucast/workspace/OR-flow-TCC/flow/platforms/asap7/lib/NLDM/asap7sc7p5t_SEQ_RVT_FF_nldm_220123.lib
read_liberty ./results/asap7/aes-block_aes_rcon/baseline_alpha_8-beta_0.1/aes_rcon_typ.lib
read_liberty ./results/asap7/aes-block_aes_sbox/baseline_alpha_8-beta_0.1/aes_sbox_typ.lib
read_liberty /home/lucast/workspace/OR-flow-TCC/flow/platforms/asap7/lib/NLDM/asap7sc7p5t_DFFHQNH2V2X_RVT_TT_nldm_FAKE.lib
read_liberty /home/lucast/workspace/OR-flow-TCC/flow/platforms/asap7/lib/NLDM/asap7sc7p5t_DFFHQNV2X_RVT_TT_nldm_FAKE.lib
read_db ./results/asap7/aes-block/baseline_alpha_8-beta_0.1/5_1_grt.odb
source /home/lucast/workspace/OR-flow-TCC/flow/platforms/asap7/setRC.tcl
detailed_route -output_drc ./reports/asap7/aes-block/baseline_alpha_8-beta_0.1/5_route_drc.rpt -output_maze ./results/asap7/aes-block/baseline_alpha_8-beta_0.1/maze.log -droute_end_iter 64 -verbose 1 -drc_report_iter_step 5
[INFO DRT-0149] Reading tech and libs.

Units:                1000
Number of layers:     21
Number of macros:     232
Number of vias:       36
Number of viarulegen: 11

[INFO DRT-0150] Reading design.

Design:                   aes_cipher_top
Die area:                 ( 0 0 ) ( 117475 117475 )
Number of track patterns: 32
Number of DEF vias:       0
Number of components:     8635
Number of terminals:      390
Number of snets:          2
Number of nets:           5142

[INFO DRT-0167] List of default vias:
  Layer V2
    default via: VIA23
  Layer V3
    default via: VIA34
  Layer V4
    default via: VIA45
  Layer V5
    default via: VIA56
  Layer V6
    default via: VIA67
  Layer V7
    default via: VIA78
  Layer V8
    default via: VIA89
  Layer V9
    default via: VIA9Pad
[INFO DRT-0162] Library cell analysis.
[INFO DRT-0163] Instance analysis.
[INFO DRT-0164] Number of unique instances = 165.
[INFO DRT-0168] Init region query.
[INFO DRT-0024]   Complete Active.
[INFO DRT-0024]   Complete V0.
[INFO DRT-0024]   Complete M1.
[INFO DRT-0024]   Complete V1.
[INFO DRT-0024]   Complete M2.
[INFO DRT-0024]   Complete V2.
[INFO DRT-0024]   Complete M3.
[INFO DRT-0024]   Complete V3.
[INFO DRT-0024]   Complete M4.
[INFO DRT-0024]   Complete V4.
[INFO DRT-0024]   Complete M5.
[INFO DRT-0024]   Complete V5.
[INFO DRT-0024]   Complete M6.
[INFO DRT-0024]   Complete V6.
[INFO DRT-0024]   Complete M7.
[INFO DRT-0024]   Complete V7.
[INFO DRT-0024]   Complete M8.
[INFO DRT-0024]   Complete V8.
[INFO DRT-0024]   Complete M9.
[INFO DRT-0024]   Complete V9.
[INFO DRT-0024]   Complete Pad.
[INFO DRT-0033] Active shape region query size = 0.
[INFO DRT-0033] V0 shape region query size = 0.
[INFO DRT-0033] M1 shape region query size = 97574.
[INFO DRT-0033] V1 shape region query size = 441578.
[INFO DRT-0033] M2 shape region query size = 13308.
[INFO DRT-0033] V2 shape region query size = 22625.
[INFO DRT-0033] M3 shape region query size = 22543.
[INFO DRT-0033] V3 shape region query size = 14946.
[INFO DRT-0033] M4 shape region query size = 15466.
[INFO DRT-0033] V4 shape region query size = 14946.
[INFO DRT-0033] M5 shape region query size = 10607.
[INFO DRT-0033] V5 shape region query size = 8450.
[INFO DRT-0033] M6 shape region query size = 2206.
[INFO DRT-0033] V6 shape region query size = 0.
[INFO DRT-0033] M7 shape region query size = 0.
[INFO DRT-0033] V7 shape region query size = 0.
[INFO DRT-0033] M8 shape region query size = 0.
[INFO DRT-0033] V8 shape region query size = 0.
[INFO DRT-0033] M9 shape region query size = 0.
[INFO DRT-0033] V9 shape region query size = 0.
[INFO DRT-0033] Pad shape region query size = 0.
[INFO DRT-0165] Start pin access.
[INFO DRT-0076]   Complete 1000 pins.
[INFO DRT-0078]   Complete 1012 pins.
[INFO DRT-0079]   Complete 100 unique inst patterns.
[INFO DRT-0081]   Complete 152 unique inst patterns.
[INFO DRT-0084]   Complete 2969 groups.
#scanned instances     = 8635
#unique  instances     = 161
#stdCellGenAp          = 5206
#stdCellValidPlanarAp  = 24
#stdCellValidViaAp     = 3733
#stdCellPinNoAp        = 0
#stdCellPinCnt         = 13045
#instTermValidViaApCnt = 0
#macroGenAp            = 604
#macroValidPlanarAp    = 604
#macroValidViaAp       = 268
#macroNoAp             = 0
[INFO DRT-0166] Complete pin access.
[INFO DRT-0267] cpu time = 00:02:58, elapsed time = 00:00:10, memory = 434.54 (MB), peak = 430.08 (MB)

[INFO DRT-0157] Number of guides:     37528

[INFO DRT-0169] Post process guides.
[INFO DRT-0176] GCELLGRID X 0 DO 206 STEP 570 ;
[INFO DRT-0177] GCELLGRID Y 0 DO 206 STEP 570 ;
[INFO DRT-0028]   Complete Active.
[INFO DRT-0028]   Complete V0.
[INFO DRT-0028]   Complete M1.
[INFO DRT-0028]   Complete V1.
[INFO DRT-0028]   Complete M2.
[INFO DRT-0028]   Complete V2.
[INFO DRT-0028]   Complete M3.
[INFO DRT-0028]   Complete V3.
[INFO DRT-0028]   Complete M4.
[INFO DRT-0028]   Complete V4.
[INFO DRT-0028]   Complete M5.
[INFO DRT-0028]   Complete V5.
[INFO DRT-0028]   Complete M6.
[INFO DRT-0028]   Complete V6.
[INFO DRT-0028]   Complete M7.
[INFO DRT-0028]   Complete V7.
[INFO DRT-0028]   Complete M8.
[INFO DRT-0028]   Complete V8.
[INFO DRT-0028]   Complete M9.
[INFO DRT-0028]   Complete V9.
[INFO DRT-0028]   Complete Pad.
[INFO DRT-0178] Init guide query.
[INFO DRT-0035]   Complete Active (guide).
[INFO DRT-0035]   Complete V0 (guide).
[INFO DRT-0035]   Complete M1 (guide).
[INFO DRT-0035]   Complete V1 (guide).
[INFO DRT-0035]   Complete M2 (guide).
[INFO DRT-0035]   Complete V2 (guide).
[INFO DRT-0035]   Complete M3 (guide).
[INFO DRT-0035]   Complete V3 (guide).
[INFO DRT-0035]   Complete M4 (guide).
[INFO DRT-0035]   Complete V4 (guide).
[INFO DRT-0035]   Complete M5 (guide).
[INFO DRT-0035]   Complete V5 (guide).
[INFO DRT-0035]   Complete M6 (guide).
[INFO DRT-0035]   Complete V6 (guide).
[INFO DRT-0035]   Complete M7 (guide).
[INFO DRT-0035]   Complete V7 (guide).
[INFO DRT-0035]   Complete M8 (guide).
[INFO DRT-0035]   Complete V8 (guide).
[INFO DRT-0035]   Complete M9 (guide).
[INFO DRT-0035]   Complete V9 (guide).
[INFO DRT-0035]   Complete Pad (guide).
[INFO DRT-0036] Active guide region query size = 0.
[INFO DRT-0036] V0 guide region query size = 0.
[INFO DRT-0036] M1 guide region query size = 11449.
[INFO DRT-0036] V1 guide region query size = 0.
[INFO DRT-0036] M2 guide region query size = 9865.
[INFO DRT-0036] V2 guide region query size = 0.
[INFO DRT-0036] M3 guide region query size = 5177.
[INFO DRT-0036] V3 guide region query size = 0.
[INFO DRT-0036] M4 guide region query size = 1182.
[INFO DRT-0036] V4 guide region query size = 0.
[INFO DRT-0036] M5 guide region query size = 777.
[INFO DRT-0036] V5 guide region query size = 0.
[INFO DRT-0036] M6 guide region query size = 530.
[INFO DRT-0036] V6 guide region query size = 0.
[INFO DRT-0036] M7 guide region query size = 290.
[INFO DRT-0036] V7 guide region query size = 0.
[INFO DRT-0036] M8 guide region query size = 72.
[INFO DRT-0036] V8 guide region query size = 0.
[INFO DRT-0036] M9 guide region query size = 5.
[INFO DRT-0036] V9 guide region query size = 0.
[INFO DRT-0036] Pad guide region query size = 0.
[INFO DRT-0179] Init gr pin query.
[INFO DRT-0267] cpu time = 00:00:00, elapsed time = 00:00:00, memory = 444.57 (MB), peak = 440.08 (MB)
[INFO DRT-0245] skipped writing guide updates to database.
[INFO DRT-0185] Post process initialize RPin region query.
[INFO DRT-0181] Start track assignment.
[INFO DRT-0184] Done with 17698 vertical wires in 5 frboxes and 11649 horizontal wires in 5 frboxes.
[INFO DRT-0186] Done with 1557 vertical wires in 5 frboxes and 2957 horizontal wires in 5 frboxes.
[INFO DRT-0182] Complete track assignment.
[INFO DRT-0267] cpu time = 00:00:01, elapsed time = 00:00:00, memory = 557.22 (MB), peak = 552.73 (MB)
[INFO DRT-0187] Start routing data preparation.
[INFO DRT-0267] cpu time = 00:00:00, elapsed time = 00:00:00, memory = 573.75 (MB), peak = 568.98 (MB)
[INFO DRT-0194] Start detail routing.
[INFO DRT-0195] Start 0th optimization iteration.
    Completing 10% with 0 violations.
    elapsed time = 00:00:01, memory = 6185.59 (MB).
    Completing 20% with 0 violations.
    elapsed time = 00:00:03, memory = 7429.92 (MB).
    Completing 30% with 84 violations.
    elapsed time = 00:00:06, memory = 6957.45 (MB).
    Completing 40% with 84 violations.
    elapsed time = 00:00:08, memory = 7595.34 (MB).
    Completing 50% with 84 violations.
    elapsed time = 00:00:11, memory = 3358.82 (MB).
    Completing 60% with 136 violations.
    elapsed time = 00:00:14, memory = 8202.87 (MB).
    Completing 70% with 136 violations.
    elapsed time = 00:00:17, memory = 8485.87 (MB).
    Completing 80% with 194 violations.
    elapsed time = 00:00:20, memory = 8483.62 (MB).
    Completing 90% with 194 violations.
    elapsed time = 00:00:24, memory = 9072.12 (MB).
    Completing 100% with 246 violations.
    elapsed time = 00:00:27, memory = 3800.85 (MB).
[INFO DRT-0199]   Number of violations = 330.
Viol/Layer          M1     M2     M3     V3     M4     V4     M5     V5     M6     V6     M7     M8
CutSpcTbl            0      0      0     10      0      3      0      1      0      1      0      0
EOL                  0     13      0      0      0      0      0      0      0      0      0      0
Metal Spacing       12     10     24      0      1      0      0      0      1      0      0      1
Min Step             0      0      0      0      0      0      0      0      0      0      0      2
Recheck              0     46     25      0      9      0      2      0      2      0      0      0
Rect Only            0      0      0      0      0      0      0      0      0      0      4      0
Short                0     46      8      1      6      0      2      0      3      1      0      2
eolKeepOut           0     85      4      0      5      0      0      0      0      0      0      0
[INFO DRT-0267] cpu time = 00:12:30, elapsed time = 00:00:27, memory = 4225.49 (MB), peak = 9444.08 (MB)
Total wire length = 44911 um.
Total wire length on LAYER M1 = 0 um.
Total wire length on LAYER M2 = 13663 um.
Total wire length on LAYER M3 = 10747 um.
Total wire length on LAYER M4 = 7011 um.
Total wire length on LAYER M5 = 1073 um.
Total wire length on LAYER M6 = 3562 um.
Total wire length on LAYER M7 = 6261 um.
Total wire length on LAYER M8 = 2397 um.
Total wire length on LAYER M9 = 194 um.
Total wire length on LAYER Pad = 0 um.
Total number of vias = 39822.
Up-via summary (total 39822):

----------------
 Active        0
     M1    13008
     M2    21174
     M3     3504
     M4      839
     M5      635
     M6      510
     M7      142
     M8       10
     M9        0
----------------
       39822


[INFO DRT-0195] Start 1st optimization iteration.
    Completing 10% with 330 violations.
    elapsed time = 00:00:02, memory = 9519.56 (MB).
    Completing 20% with 330 violations.
    elapsed time = 00:00:06, memory = 9543.77 (MB).
    Completing 30% with 246 violations.
    elapsed time = 00:00:09, memory = 9391.91 (MB).
    Completing 40% with 246 violations.
    elapsed time = 00:00:12, memory = 9599.66 (MB).
    Completing 50% with 246 violations.
    elapsed time = 00:00:15, memory = 4468.17 (MB).
    Completing 60% with 187 violations.
    elapsed time = 00:00:18, memory = 9836.76 (MB).
    Completing 70% with 187 violations.
    elapsed time = 00:00:22, memory = 9627.37 (MB).
    Completing 80% with 109 violations.
    elapsed time = 00:00:25, memory = 9564.93 (MB).
    Completing 90% with 109 violations.
    elapsed time = 00:00:28, memory = 9810.50 (MB).
    Completing 100% with 26 violations.
    elapsed time = 00:00:31, memory = 4582.43 (MB).
[INFO DRT-0199]   Number of violations = 34.
Viol/Layer          M2     M3     V3     V4     M5     M6
CutSpcTbl            0      0      4      2      0      0
EOL                  1      0      0      0      0      0
Metal Spacing        0      5      0      0      1      2
Recheck              6      2      0      0      0      0
Short                4      1      0      0      0      0
eolKeepOut           6      0      0      0      0      0
[INFO DRT-0267] cpu time = 00:14:41, elapsed time = 00:00:31, memory = 4585.43 (MB), peak = 10369.51 (MB)
Total wire length = 44822 um.
Total wire length on LAYER M1 = 0 um.
Total wire length on LAYER M2 = 13550 um.
Total wire length on LAYER M3 = 10690 um.
Total wire length on LAYER M4 = 7088 um.
Total wire length on LAYER M5 = 1083 um.
Total wire length on LAYER M6 = 3564 um.
Total wire length on LAYER M7 = 6256 um.
Total wire length on LAYER M8 = 2393 um.
Total wire length on LAYER M9 = 194 um.
Total wire length on LAYER Pad = 0 um.
Total number of vias = 38900.
Up-via summary (total 38900):

----------------
 Active        0
     M1    12991
     M2    20449
     M3     3314
     M4      864
     M5      634
     M6      497
     M7      141
     M8       10
     M9        0
----------------
       38900


[INFO DRT-0195] Start 2nd optimization iteration.
    Completing 10% with 34 violations.
    elapsed time = 00:00:00, memory = 4585.43 (MB).
    Completing 20% with 34 violations.
    elapsed time = 00:00:00, memory = 4585.43 (MB).
    Completing 30% with 33 violations.
    elapsed time = 00:00:02, memory = 4585.43 (MB).
    Completing 40% with 33 violations.
    elapsed time = 00:00:02, memory = 4585.43 (MB).
    Completing 50% with 33 violations.
    elapsed time = 00:00:02, memory = 4585.43 (MB).
    Completing 60% with 30 violations.
    elapsed time = 00:00:04, memory = 4585.43 (MB).
    Completing 70% with 30 violations.
    elapsed time = 00:00:04, memory = 4585.43 (MB).
    Completing 80% with 25 violations.
    elapsed time = 00:00:06, memory = 4585.57 (MB).
    Completing 90% with 25 violations.
    elapsed time = 00:00:06, memory = 4585.57 (MB).
    Completing 100% with 21 violations.
    elapsed time = 00:00:08, memory = 4585.57 (MB).
[INFO DRT-0199]   Number of violations = 21.
Viol/Layer          M2     M3     V3     V4
CutSpcTbl            0      0      3      2
EOL                  1      0      0      0
Metal Spacing        0      1      0      0
Recheck              6      2      0      0
eolKeepOut           6      0      0      0
[INFO DRT-0267] cpu time = 00:00:24, elapsed time = 00:00:08, memory = 4369.81 (MB), peak = 10369.51 (MB)
Total wire length = 44813 um.
Total wire length on LAYER M1 = 0 um.
Total wire length on LAYER M2 = 13534 um.
Total wire length on LAYER M3 = 10683 um.
Total wire length on LAYER M4 = 7104 um.
Total wire length on LAYER M5 = 1083 um.
Total wire length on LAYER M6 = 3565 um.
Total wire length on LAYER M7 = 6256 um.
Total wire length on LAYER M8 = 2392 um.
Total wire length on LAYER M9 = 194 um.
Total wire length on LAYER Pad = 0 um.
Total number of vias = 38773.
Up-via summary (total 38773):

----------------
 Active        0
     M1    12992
     M2    20384
     M3     3240
     M4      879
     M5      632
     M6      497
     M7      139
     M8       10
     M9        0
----------------
       38773


[INFO DRT-0195] Start 3rd guides tiles iteration.
    Completing 10% with 21 violations.
    elapsed time = 00:00:00, memory = 5155.41 (MB).
    Completing 20% with 21 violations.
    elapsed time = 00:00:00, memory = 4989.99 (MB).
    Completing 30% with 21 violations.
    elapsed time = 00:00:00, memory = 4871.76 (MB).
    Completing 40% with 21 violations.
    elapsed time = 00:00:03, memory = 4389.73 (MB).
    Completing 50% with 6 violations.
    elapsed time = 00:00:03, memory = 4380.01 (MB).
    Completing 60% with 6 violations.
    elapsed time = 00:00:03, memory = 4505.61 (MB).
    Completing 70% with 6 violations.
    elapsed time = 00:00:04, memory = 4380.01 (MB).
    Completing 80% with 4 violations.
    elapsed time = 00:00:04, memory = 4370.05 (MB).
    Completing 100% with 0 violations.
    elapsed time = 00:00:05, memory = 4370.05 (MB).
[INFO DRT-0199]   Number of violations = 0.
[INFO DRT-0267] cpu time = 00:00:07, elapsed time = 00:00:05, memory = 4584.93 (MB), peak = 10369.51 (MB)
Total wire length = 44812 um.
Total wire length on LAYER M1 = 0 um.
Total wire length on LAYER M2 = 13526 um.
Total wire length on LAYER M3 = 10688 um.
Total wire length on LAYER M4 = 7111 um.
Total wire length on LAYER M5 = 1076 um.
Total wire length on LAYER M6 = 3565 um.
Total wire length on LAYER M7 = 6256 um.
Total wire length on LAYER M8 = 2392 um.
Total wire length on LAYER M9 = 194 um.
Total wire length on LAYER Pad = 0 um.
Total number of vias = 38776.
Up-via summary (total 38776):

----------------
 Active        0
     M1    12992
     M2    20383
     M3     3246
     M4      877
     M5      632
     M6      497
     M7      139
     M8       10
     M9        0
----------------
       38776


[INFO DRT-0198] Complete detail routing.
Total wire length = 44812 um.
Total wire length on LAYER M1 = 0 um.
Total wire length on LAYER M2 = 13526 um.
Total wire length on LAYER M3 = 10688 um.
Total wire length on LAYER M4 = 7111 um.
Total wire length on LAYER M5 = 1076 um.
Total wire length on LAYER M6 = 3565 um.
Total wire length on LAYER M7 = 6256 um.
Total wire length on LAYER M8 = 2392 um.
Total wire length on LAYER M9 = 194 um.
Total wire length on LAYER Pad = 0 um.
Total number of vias = 38776.
Up-via summary (total 38776):

----------------
 Active        0
     M1    12992
     M2    20383
     M3     3246
     M4      877
     M5      632
     M6      497
     M7      139
     M8       10
     M9        0
----------------
       38776


[INFO DRT-0267] cpu time = 00:27:44, elapsed time = 00:01:12, memory = 4584.93 (MB), peak = 10369.51 (MB)

[INFO DRT-0180] Post processing.
Took 84 seconds: detailed_route -output_drc ./reports/asap7/aes-block/baseline_alpha_8-beta_0.1/5_route_drc.rpt -output_maze ./results/asap7/aes-block/baseline_alpha_8-beta_0.1/maze.log -droute_end_iter 64 -verbose 1 -drc_report_iter_step 5
[WARNING GRT-0246] No diode with LEF class CORE ANTENNACELL found.
[INFO ANT-0002] Found 0 net violations.
[INFO ANT-0001] Found 0 pin violations.
[INFO ANT-0002] Found 0 net violations.
[INFO ANT-0001] Found 0 pin violations.
write_db ./results/asap7/aes-block/baseline_alpha_8-beta_0.1/5_2_route.odb
Elapsed time: 1:25.25[h:]min:sec. CPU time: user 1723.25 sys 127.75 (2171%). Peak memory: 10618376KB.
Log                        Elapsed/s Peak Memory/MB  sha1sum .odb [0:20)
5_2_route                         85          10369 4f8150d9589e975f922d
