OpenROAD fe1aa0f9d0254fac87b82c886c04ee1544e46885 
Features included (+) or not (-): +GPU +GUI +Python
This program is licensed under the BSD-3 license. See the LICENSE file for details.
Components of this program may be licensed under more restrictive licenses which must be honored.
[INFO ORD-0030] Using 32 thread(s).
source /home/lucast/workspace/OR-flow-TCC/flow/platforms/asap7/liberty_suppressions.tcl
read_liberty /home/lucast/workspace/OR-flow-TCC/flow/platforms/asap7/lib/NLDM/asap7sc7p5t_AO_RVT_FF_nldm_211120.lib.gz
read_liberty /home/lucast/workspace/OR-flow-TCC/flow/platforms/asap7/lib/NLDM/asap7sc7p5t_INVBUF_RVT_FF_nldm_220122.lib.gz
read_liberty /home/lucast/workspace/OR-flow-TCC/flow/platforms/asap7/lib/NLDM/asap7sc7p5t_OA_RVT_FF_nldm_211120.lib.gz
read_liberty /home/lucast/workspace/OR-flow-TCC/flow/platforms/asap7/lib/NLDM/asap7sc7p5t_SIMPLE_RVT_FF_nldm_211120.lib.gz
read_liberty /home/lucast/workspace/OR-flow-TCC/flow/platforms/asap7/lib/NLDM/asap7sc7p5t_SEQ_RVT_FF_nldm_220123.lib
read_liberty ./results/asap7/riscv32i-mock-sram_fakeram7_256x32/baseline_alpha_16-beta_0.1/fakeram7_256x32_typ.lib
read_liberty /home/lucast/workspace/OR-flow-TCC/flow/platforms/asap7/lib/NLDM/asap7sc7p5t_DFFHQNH2V2X_RVT_TT_nldm_FAKE.lib
read_liberty /home/lucast/workspace/OR-flow-TCC/flow/platforms/asap7/lib/NLDM/asap7sc7p5t_DFFHQNV2X_RVT_TT_nldm_FAKE.lib
read_db -hier ./results/asap7/riscv32i-mock-sram/baseline_alpha_16-beta_0.1/3_3_place_gp.odb
[WARNING ORD-0012] Hierarchical flow (-hier) is currently in development and may cause multiple issues. Do not use in production environments.
source /home/lucast/workspace/OR-flow-TCC/flow/platforms/asap7/setRC.tcl
estimate_parasitics -placement
replace_arith_modules -path_count 1000 -target setup -slack_threshold 0.0
[INFO RSZ-0151] Starting arithmetic module replacement to optimize 'setup' target
[INFO RSZ-0152] Analyzing 1000 critical paths with slack < 0.00
[INFO RSZ-0153] Identified 175 violating endpoints
[INFO RSZ-0154] Identified 1 critical arithmetic instances
[INFO RSZ-0160] 0 arithmetic instances have swapped to improve 'setup' target
[INFO GPL-0006] Execute incremental mode global placement.
[INFO GPL-0001] ---- Initialize GPL Main Data Structures
[INFO GPL-0002] DBU: 1000
[INFO GPL-0003] SiteSize: (  0.054  0.270 ) um
[INFO GPL-0004] CoreBBox: (  5.022  5.130 ) ( 59.292 59.130 ) um
[INFO GPL-0036] Movable instances area:       1146.323 um^2
[INFO GPL-0037] Total instances area:         1923.831 um^2
[INFO GPL-0035] Pin density area adjust:       177.507 um^2
[INFO GPL-0032] ---- Initialize Region: Top-level
[INFO GPL-0006] Number of instances:              9944
[INFO GPL-0007] Movable instances:                8854
[INFO GPL-0008] Fixed instances:                   471
[INFO GPL-0009] Dummy instances:                   619
[INFO GPL-0010] Number of nets:                   9972
[INFO GPL-0011] Number of pins:                  34556
[INFO GPL-0012] Die BBox:  (  0.000  0.000 ) ( 64.318 64.318 ) um
[INFO GPL-0013] Core BBox: (  5.022  5.130 ) ( 59.292 59.130 ) um
[INFO GPL-0016] Core area:                    2930.580 um^2
[INFO GPL-0014] Region name: top-level.
[INFO GPL-0015] Region area:                  2930.580 um^2
[INFO GPL-0017] Fixed instances area:         1444.572 um^2
[INFO GPL-0018] Movable instances area:       1323.830 um^2
[INFO GPL-0019] Utilization:                    89.086 %
[INFO GPL-0020] Standard cells area:          1323.830 um^2
[INFO GPL-0021] Large instances area:            0.000 um^2
[INFO GPL-0154] Identified 8854 placed instances
[INFO GPL-0155] Identified 0 not placed instances
[INFO GPL-0156] Identified all instances as placed. Skipping incremental mode
Perform buffer insertion and gate resizing...
repair_design -verbose
Iteration |   Area    | Resized | Buffers | Nets repaired | Remaining
---------------------------------------------------------------------
        0 |     +0.0% |       0 |       0 |             0 |      9972
     1000 |     +0.0% |       0 |       0 |             0 |      8972
     2000 |     +0.0% |       0 |       0 |             0 |      7972
     3000 |     +0.0% |       0 |       0 |             0 |      6972
     4000 |     +0.0% |       0 |       0 |             0 |      5972
     5000 |     +0.0% |       0 |       0 |             0 |      4972
     6000 |     +0.0% |       0 |       0 |             0 |      3972
     7000 |     +0.0% |       0 |       0 |             0 |      2972
     8000 |     +0.0% |       0 |       0 |             0 |      1972
     9000 |     +0.0% |       0 |       0 |             0 |       972
    final |     +0.0% |       0 |       0 |             0 |         0
---------------------------------------------------------------------
Floating nets: 
[WARNING RSZ-0020] found 2 floating nets.
Report metrics stage 3, resizer...

==========================================================================
resizer report_design_area
--------------------------------------------------------------------------
Design area 1912 um^2 65% utilization.
Instance count before 9325, after 9325
Pin count before 34421, after 34421
write_db ./results/asap7/riscv32i-mock-sram/baseline_alpha_16-beta_0.1/3_4_place_resized.odb
Elapsed time: 0:03.21[h:]min:sec. CPU time: user 4.64 sys 2.28 (215%). Peak memory: 259616KB.
Log                        Elapsed/s Peak Memory/MB  sha1sum .odb [0:20)
3_4_place_resized                  3            253 356914aeea14db4ff9e6
