OpenROAD ee3d65ce03b2656092ed62bf9205c5c11049c575 
Features included (+) or not (-): +GPU +GUI +Python
This program is licensed under the BSD-3 license. See the LICENSE file for details.
Components of this program may be licensed under more restrictive licenses which must be honored.
[INFO ORD-0030] Using 32 thread(s).
source /home/lucast/workspace/OR-flow-TCC/flow/platforms/asap7/liberty_suppressions.tcl
read_liberty /home/lucast/workspace/OR-flow-TCC/flow/platforms/asap7/lib/NLDM/asap7sc7p5t_AO_RVT_FF_nldm_211120.lib.gz
read_liberty /home/lucast/workspace/OR-flow-TCC/flow/platforms/asap7/lib/NLDM/asap7sc7p5t_INVBUF_RVT_FF_nldm_220122.lib.gz
read_liberty /home/lucast/workspace/OR-flow-TCC/flow/platforms/asap7/lib/NLDM/asap7sc7p5t_OA_RVT_FF_nldm_211120.lib.gz
read_liberty /home/lucast/workspace/OR-flow-TCC/flow/platforms/asap7/lib/NLDM/asap7sc7p5t_SIMPLE_RVT_FF_nldm_211120.lib.gz
read_liberty /home/lucast/workspace/OR-flow-TCC/flow/platforms/asap7/lib/NLDM/asap7sc7p5t_SEQ_RVT_FF_nldm_220123.lib
read_liberty /home/lucast/workspace/OR-flow-TCC/flow/platforms/asap7/lib/NLDM/asap7sc7p5t_DFFHQNH2V2X_RVT_TT_nldm_FAKE.lib
read_liberty /home/lucast/workspace/OR-flow-TCC/flow/platforms/asap7/lib/NLDM/asap7sc7p5t_DFFHQNV2X_RVT_TT_nldm_FAKE.lib
read_db ./results/asap7/gcd/modified_alpha_16-beta_0.1/4_cts.odb
source /home/lucast/workspace/OR-flow-TCC/flow/platforms/asap7/setRC.tcl
pin_access
[INFO DRT-0149] Reading tech and libs.

Units:                1000
Number of layers:     21
Number of macros:     230
Number of vias:       14
Number of viarulegen: 11

[INFO DRT-0150] Reading design.

Design:                   gcd
Die area:                 ( 0 0 ) ( 8790 8790 )
Number of track patterns: 32
Number of DEF vias:       0
Number of components:     443
Number of terminals:      56
Number of snets:          2
Number of nets:           457

[INFO DRT-0167] List of default vias:
  Layer V2
    default via: VIA23
  Layer V3
    default via: VIA34
  Layer V4
    default via: VIA45
  Layer V5
    default via: VIA56
  Layer V6
    default via: VIA67
  Layer V7
    default via: VIA78
  Layer V8
    default via: VIA89
  Layer V9
    default via: VIA9Pad
[INFO DRT-0162] Library cell analysis.
[INFO DRT-0163] Instance analysis.
[INFO DRT-0164] Number of unique instances = 99.
[INFO DRT-0168] Init region query.
[INFO DRT-0024]   Complete Active.
[INFO DRT-0024]   Complete V0.
[INFO DRT-0024]   Complete M1.
[INFO DRT-0024]   Complete V1.
[INFO DRT-0024]   Complete M2.
[INFO DRT-0024]   Complete V2.
[INFO DRT-0024]   Complete M3.
[INFO DRT-0024]   Complete V3.
[INFO DRT-0024]   Complete M4.
[INFO DRT-0024]   Complete V4.
[INFO DRT-0024]   Complete M5.
[INFO DRT-0024]   Complete V5.
[INFO DRT-0024]   Complete M6.
[INFO DRT-0024]   Complete V6.
[INFO DRT-0024]   Complete M7.
[INFO DRT-0024]   Complete V7.
[INFO DRT-0024]   Complete M8.
[INFO DRT-0024]   Complete V8.
[INFO DRT-0024]   Complete M9.
[INFO DRT-0024]   Complete V9.
[INFO DRT-0024]   Complete Pad.
[INFO DRT-0033] Active shape region query size = 0.
[INFO DRT-0033] V0 shape region query size = 0.
[INFO DRT-0033] M1 shape region query size = 7082.
[INFO DRT-0033] V1 shape region query size = 6560.
[INFO DRT-0033] M2 shape region query size = 242.
[INFO DRT-0033] V2 shape region query size = 190.
[INFO DRT-0033] M3 shape region query size = 182.
[INFO DRT-0033] V3 shape region query size = 116.
[INFO DRT-0033] M4 shape region query size = 143.
[INFO DRT-0033] V4 shape region query size = 116.
[INFO DRT-0033] M5 shape region query size = 97.
[INFO DRT-0033] V5 shape region query size = 16.
[INFO DRT-0033] M6 shape region query size = 16.
[INFO DRT-0033] V6 shape region query size = 0.
[INFO DRT-0033] M7 shape region query size = 0.
[INFO DRT-0033] V7 shape region query size = 0.
[INFO DRT-0033] M8 shape region query size = 0.
[INFO DRT-0033] V8 shape region query size = 0.
[INFO DRT-0033] M9 shape region query size = 0.
[INFO DRT-0033] V9 shape region query size = 0.
[INFO DRT-0033] Pad shape region query size = 0.
[INFO DRT-0165] Start pin access.
[INFO DRT-0078]   Complete 579 pins.
[INFO DRT-0081]   Complete 99 unique inst patterns.
[INFO DRT-0084]   Complete 196 groups.
#scanned instances     = 443
#unique  instances     = 99
#stdCellGenAp          = 2912
#stdCellValidPlanarAp  = 14
#stdCellValidViaAp     = 2172
#stdCellPinNoAp        = 0
#stdCellPinCnt         = 1353
#instTermValidViaApCnt = 0
#macroGenAp            = 0
#macroValidPlanarAp    = 0
#macroValidViaAp       = 0
#macroNoAp             = 0
[INFO DRT-0166] Complete pin access.
[INFO DRT-0267] cpu time = 00:00:31, elapsed time = 00:00:05, memory = 211.55 (MB), peak = 206.58 (MB)
Took 6 seconds: pin_access
global_route -congestion_report_file ./reports/asap7/gcd/modified_alpha_16-beta_0.1/congestion.rpt -congestion_iterations 30 -congestion_report_iter_step 5 -verbose
[INFO GRT-0020] Min routing layer: M2
[INFO GRT-0021] Max routing layer: M7
[INFO GRT-0022] Global adjustment: 0%
[INFO GRT-0023] Grid origin: (0, 0)
[INFO GRT-0088] Layer M1      Track-Pitch = 0.0360  line-2-Via Pitch: 0.0360
[INFO GRT-0088] Layer M2      Track-Pitch = 0.0390  line-2-Via Pitch: 0.0360
[INFO GRT-0088] Layer M3      Track-Pitch = 0.0360  line-2-Via Pitch: 0.0360
[INFO GRT-0088] Layer M4      Track-Pitch = 0.0480  line-2-Via Pitch: 0.0480
[INFO GRT-0088] Layer M5      Track-Pitch = 0.0480  line-2-Via Pitch: 0.0480
[INFO GRT-0088] Layer M6      Track-Pitch = 0.0640  line-2-Via Pitch: 0.0640
[INFO GRT-0088] Layer M7      Track-Pitch = 0.0640  line-2-Via Pitch: 0.0640
[INFO GRT-0003] Macros: 0
[INFO GRT-0004] Blockages: 105
[INFO GRT-0019] Found 4 clock nets.
[INFO GRT-0001] Minimum degree: 2
[INFO GRT-0002] Maximum degree: 50

[INFO GRT-0053] Routing resources analysis:
          Routing      Original      Derated      Resource
Layer     Direction    Resources     Resources    Reduction (%)
---------------------------------------------------------------
M1         Vertical            0             0          0.00%
M2         Horizontal       2603          1876          27.93%
M3         Vertical         3232          2404          25.62%
M4         Horizontal       2502          1846          26.22%
M5         Vertical         2400          1768          26.33%
M6         Horizontal       1624          1106          31.90%
M7         Vertical         1918          1302          32.12%
---------------------------------------------------------------

[INFO GRT-0197] Via related to pin nodes: 2548
[INFO GRT-0198] Via related Steiner nodes: 39
[INFO GRT-0199] Via filling finished.
[INFO GRT-0111] Final number of vias: 3253
[INFO GRT-0112] Final usage 3D: 11242

[INFO GRT-0096] Final congestion report:
Layer         Resource        Demand        Usage (%)    Max H / Max V / Total Overflow
---------------------------------------------------------------------------------------
M1                   0             0            0.00%             0 /  0 /  0
M2                1876           682           36.35%             0 /  0 /  0
M3                2404           721           29.99%             0 /  0 /  0
M4                1846            47            2.55%             0 /  0 /  0
M5                1768            33            1.87%             0 /  0 /  0
M6                1106             0            0.00%             0 /  0 /  0
M7                1302             0            0.00%             0 /  0 /  0
---------------------------------------------------------------------------------------
Total            10302          1483           14.40%             0 /  0 /  0

[INFO GRT-0018] Total wirelength: 1423 um
[INFO GRT-0014] Routed nets: 457
[INFO GRT-0303] Global routing runtime = 00:00:00
estimate_parasitics -global_routing
Perform buffer insertion and gate resizing...
repair_design -verbose
Iteration |   Area    | Resized | Buffers | Nets repaired | Remaining
---------------------------------------------------------------------
        0 |     +0.0% |       0 |       0 |             0 |       458
       10 |     +0.0% |       0 |       0 |             0 |       448
       20 |     +0.0% |       0 |       0 |             0 |       438
       30 |     +0.0% |       0 |       0 |             0 |       428
       40 |     +0.0% |       0 |       0 |             0 |       418
       50 |     +0.0% |       0 |       0 |             0 |       408
       60 |     +0.0% |       0 |       0 |             0 |       398
       70 |     +0.0% |       0 |       0 |             0 |       388
       80 |     +0.0% |       0 |       0 |             0 |       378
       90 |     +0.0% |       0 |       0 |             0 |       368
      100 |     +0.0% |       0 |       0 |             0 |       358
      110 |     +0.0% |       0 |       0 |             0 |       348
      120 |     +0.0% |       0 |       0 |             0 |       338
      130 |     +0.0% |       0 |       0 |             0 |       328
      140 |     +0.0% |       0 |       0 |             0 |       318
      150 |     +0.0% |       0 |       0 |             0 |       308
      160 |     +0.0% |       0 |       0 |             0 |       298
      170 |     +0.0% |       0 |       0 |             0 |       288
      180 |     +0.0% |       0 |       0 |             0 |       278
      190 |     +0.0% |       0 |       0 |             0 |       268
      200 |     +0.0% |       0 |       0 |             0 |       258
      210 |     +0.0% |       0 |       0 |             0 |       248
      220 |     +0.0% |       0 |       0 |             0 |       238
      230 |     +0.0% |       0 |       0 |             0 |       228
      240 |     +0.0% |       0 |       0 |             0 |       218
      250 |     +0.0% |       0 |       0 |             0 |       208
      260 |     +0.0% |       0 |       0 |             0 |       198
      270 |     +0.0% |       0 |       0 |             0 |       188
      280 |     +0.0% |       0 |       0 |             0 |       178
      290 |     +0.0% |       0 |       0 |             0 |       168
      300 |     +0.0% |       0 |       0 |             0 |       158
      310 |     +0.0% |       0 |       0 |             0 |       148
      320 |     +0.0% |       0 |       0 |             0 |       138
      330 |     +0.0% |       0 |       0 |             0 |       128
      340 |     +0.0% |       0 |       0 |             0 |       118
      350 |     +0.0% |       0 |       0 |             0 |       108
      360 |     +0.0% |       0 |       0 |             0 |        98
      370 |     +0.0% |       0 |       0 |             0 |        88
      380 |     +0.0% |       0 |       0 |             0 |        78
      390 |     +0.0% |       0 |       0 |             0 |        68
      400 |     +0.0% |       0 |       0 |             0 |        58
      410 |     +0.0% |       0 |       0 |             0 |        48
      420 |     +0.0% |       0 |       0 |             0 |        38
      430 |     +0.0% |       0 |       0 |             0 |        28
      440 |     +0.0% |       0 |       0 |             0 |        18
      450 |     +0.0% |       0 |       0 |             0 |         8
    final |     +0.0% |       0 |       0 |             0 |         0
---------------------------------------------------------------------
global_route -start_incremental
detailed_placement
[INFO DPL-0005] Max displacement: +/- 500 sites horizontally, +/- 100 rows vertically.
Movements Summary
---------------------------------------
Total cells:                     387
Diamond Move Success:            387 (100.00%)
Diamond Move Failure:              0
Rip-up and replace Success:        0 (  0.00% of diamond failures)
Rip-up and replace Failure:        0
Total Placement Failures:          0
---------------------------------------
Placement Analysis
---------------------------------
total displacement          0.0 u
average displacement        0.0 u
max displacement            0.0 u
original HPWL             735.6 u
legalized HPWL            735.6 u
delta HPWL                    0 %

global_route -end_incremental -congestion_report_file ./reports/asap7/gcd/modified_alpha_16-beta_0.1/congestion_post_repair_design.rpt
Repair setup and hold violations...
estimate_parasitics -global_routing
repair_timing -setup_margin 0 -hold_margin 0 -repair_tns 100 -skip_last_gasp -verbose
[INFO RSZ-0100] Repair move sequence: UnbufferMove SizeUpMove SwapPinsMove BufferMove CloneMove SplitLoadMove 
[INFO RSZ-0094] Found 15 endpoints with setup violations.
[INFO RSZ-0099] Repairing 15 out of 15 (100.00%) violating endpoints...
   Iter   | Removed | Resized | Inserted | Cloned |  Pin  |   Area   |    WNS   |   TNS      |  Viol  | Worst
          | Buffers |  Gates  | Buffers  |  Gates | Swaps |          |          |            | Endpts | Endpt
--------------------------------------------------------------------------------------------------------------
        0 |       0 |       0 |        0 |      0 |     0 |    +0.0% |  -40.798 |     -327.8 |     15 | resp_msg[12]
       10 |       0 |       1 |        3 |      0 |     5 |    +0.7% |  -38.780 |     -314.7 |     15 | resp_msg[9]
       14 |       0 |       2 |        4 |      0 |     5 |    +0.9% |  -38.379 |     -335.3 |     15 | resp_msg[9]
       15 |       0 |       2 |        4 |      0 |     5 |    +0.9% |  -38.379 |     -335.3 |     15 | resp_msg[9]
       19 |       0 |       2 |        4 |      0 |     5 |    +0.9% |  -38.379 |     -335.3 |     15 | resp_msg[9]
       20 |       0 |       2 |        4 |      0 |     5 |    +0.9% |  -38.379 |     -335.3 |     15 | resp_msg[9]
       24 |       0 |       3 |        4 |      0 |     8 |    +0.9% |  -38.379 |     -333.0 |     15 | resp_msg[9]
       30 |       0 |       4 |        6 |      0 |    10 |    +1.4% |  -39.513 |     -339.4 |     15 | resp_msg[9]
       31 |       0 |       3 |        4 |      0 |     9 |    +0.9% |  -38.379 |     -332.6 |     15 | resp_msg[9]
       37 |       0 |       3 |        4 |      0 |    10 |    +0.9% |  -38.379 |     -332.3 |     15 | resp_msg[9]
       40 |       0 |       4 |        4 |      0 |    11 |    +1.0% |  -38.379 |     -332.3 |     15 | resp_msg[9]
       40 |       0 |       3 |        4 |      0 |    10 |    +0.9% |  -38.379 |     -332.3 |     15 | resp_msg[9]
       43 |       0 |       3 |        4 |      0 |    10 |    +0.9% |  -38.379 |     -332.3 |     15 | resp_msg[9]
       49 |       0 |       4 |        6 |      0 |    11 |    +1.4% |  -38.057 |     -329.5 |     15 | resp_msg[9]
       50 |       0 |       4 |        6 |      0 |    11 |    +1.4% |  -38.057 |     -329.5 |     15 | resp_msg[9]
       52 |       0 |       4 |        6 |      0 |    11 |    +1.4% |  -38.057 |     -329.5 |     15 | resp_msg[9]
       55 |       0 |       5 |        6 |      0 |    12 |    +1.4% |  -38.057 |     -328.7 |     15 | resp_msg[9]
       56 |       0 |       5 |        6 |      0 |    12 |    +1.4% |  -38.057 |     -328.7 |     14 | resp_msg[9]
       57 |       0 |       5 |        6 |      0 |    12 |    +1.4% |  -38.057 |     -328.7 |     13 | resp_msg[9]
       58 |       0 |       5 |        6 |      0 |    12 |    +1.4% |  -38.057 |     -328.7 |     12 | resp_msg[9]
       59 |       0 |       5 |        6 |      0 |    12 |    +1.4% |  -38.057 |     -328.7 |     11 | resp_msg[9]
    final |       0 |       5 |        6 |      0 |    12 |    +1.4% |  -38.057 |     -328.7 |     11 | resp_msg[9]
--------------------------------------------------------------------------------------------------------------
[INFO RSZ-0040] Inserted 6 buffers.
[INFO RSZ-0051] Resized 5 instances: 5 up, 0 up match, 0 down, 0 VT
[INFO RSZ-0043] Swapped pins on 12 instances.
[WARNING RSZ-0062] Unable to repair all setup violations.
[INFO RSZ-0033] No hold violations found.
global_route -start_incremental
detailed_placement
[INFO DPL-0005] Max displacement: +/- 500 sites horizontally, +/- 100 rows vertically.
Movements Summary
---------------------------------------
Total cells:                     393
Diamond Move Success:            393 (100.00%)
Diamond Move Failure:              0
Rip-up and replace Success:        0 (  0.00% of diamond failures)
Rip-up and replace Failure:        0
Total Placement Failures:          0
---------------------------------------
Placement Analysis
---------------------------------
total displacement         21.8 u
average displacement        0.0 u
max displacement            1.6 u
original HPWL             739.7 u
legalized HPWL            763.8 u
delta HPWL                    3 %

global_route -end_incremental -congestion_report_file ./reports/asap7/gcd/modified_alpha_16-beta_0.1/congestion_post_repair_timing.rpt
global_route -start_incremental
global_route -end_incremental -congestion_report_file ./reports/asap7/gcd/modified_alpha_16-beta_0.1/congestion_post_recover_power.rpt
Repair antennas...
[WARNING GRT-0246] No diode with LEF class CORE ANTENNACELL found.
[INFO ANT-0002] Found 0 net violations.
[INFO ANT-0001] Found 0 pin violations.
Estimate parasitics...
estimate_parasitics -global_routing
Report metrics stage 5, global route...

==========================================================================
global route report_design_area
--------------------------------------------------------------------------
Design area 48 um^2 83% utilization.
[INFO FLW-0007] clock core_clock period 310.000000
[INFO FLW-0008] Clock core_clock period 332.056
[INFO FLW-0009] Clock core_clock slack -39.533
[INFO FLW-0011] Path endpoint path count 54
write_db ./results/asap7/gcd/modified_alpha_16-beta_0.1/5_1_grt.odb
write_sdc -no_timestamp ./results/asap7/gcd/modified_alpha_16-beta_0.1/5_1_grt.sdc
Elapsed time: 0:08.72[h:]min:sec. CPU time: user 57.44 sys 0.20 (660%). Peak memory: 332340KB.
Log                        Elapsed/s Peak Memory/MB  sha1sum .odb [0:20)
5_1_grt                            8            324 bb273e30eba4c773544c
