OpenROAD ee3d65ce03b2656092ed62bf9205c5c11049c575 
Features included (+) or not (-): +GPU +GUI +Python
This program is licensed under the BSD-3 license. See the LICENSE file for details.
Components of this program may be licensed under more restrictive licenses which must be honored.
[INFO ORD-0030] Using 32 thread(s).
source /home/lucast/workspace/OR-flow-TCC/flow/platforms/asap7/liberty_suppressions.tcl
read_liberty /home/lucast/workspace/OR-flow-TCC/flow/platforms/asap7/lib/NLDM/asap7sc7p5t_AO_RVT_FF_nldm_211120.lib.gz
read_liberty /home/lucast/workspace/OR-flow-TCC/flow/platforms/asap7/lib/NLDM/asap7sc7p5t_INVBUF_RVT_FF_nldm_220122.lib.gz
read_liberty /home/lucast/workspace/OR-flow-TCC/flow/platforms/asap7/lib/NLDM/asap7sc7p5t_OA_RVT_FF_nldm_211120.lib.gz
read_liberty /home/lucast/workspace/OR-flow-TCC/flow/platforms/asap7/lib/NLDM/asap7sc7p5t_SIMPLE_RVT_FF_nldm_211120.lib.gz
read_liberty /home/lucast/workspace/OR-flow-TCC/flow/platforms/asap7/lib/NLDM/asap7sc7p5t_SEQ_RVT_FF_nldm_220123.lib
read_liberty /home/lucast/workspace/OR-flow-TCC/flow/platforms/asap7/lib/NLDM/asap7sc7p5t_DFFHQNH2V2X_RVT_TT_nldm_FAKE.lib
read_liberty /home/lucast/workspace/OR-flow-TCC/flow/platforms/asap7/lib/NLDM/asap7sc7p5t_DFFHQNV2X_RVT_TT_nldm_FAKE.lib
read_db ./results/asap7/jpeg/modified_alpha_4-beta_0.1/4_cts.odb
source /home/lucast/workspace/OR-flow-TCC/flow/platforms/asap7/setRC.tcl
pin_access
[INFO DRT-0149] Reading tech and libs.

Units:                1000
Number of layers:     21
Number of macros:     230
Number of vias:       14
Number of viarulegen: 11

[INFO DRT-0150] Reading design.

Design:                   jpeg_encoder
Die area:                 ( 0 0 ) ( 98136 98136 )
Number of track patterns: 32
Number of DEF vias:       0
Number of components:     54802
Number of terminals:      49
Number of snets:          2
Number of nets:           63702

[INFO DRT-0167] List of default vias:
  Layer V2
    default via: VIA23
  Layer V3
    default via: VIA34
  Layer V4
    default via: VIA45
  Layer V5
    default via: VIA56
  Layer V6
    default via: VIA67
  Layer V7
    default via: VIA78
  Layer V8
    default via: VIA89
  Layer V9
    default via: VIA9Pad
[INFO DRT-0162] Library cell analysis.
[INFO DRT-0163] Instance analysis.
[INFO DRT-0164] Number of unique instances = 225.
[INFO DRT-0168] Init region query.
[INFO DRT-0024]   Complete Active.
[INFO DRT-0024]   Complete V0.
[INFO DRT-0024]   Complete M1.
[INFO DRT-0024]   Complete V1.
[INFO DRT-0024]   Complete M2.
[INFO DRT-0024]   Complete V2.
[INFO DRT-0024]   Complete M3.
[INFO DRT-0024]   Complete V3.
[INFO DRT-0024]   Complete M4.
[INFO DRT-0024]   Complete V4.
[INFO DRT-0024]   Complete M5.
[INFO DRT-0024]   Complete V5.
[INFO DRT-0024]   Complete M6.
[INFO DRT-0024]   Complete V6.
[INFO DRT-0024]   Complete M7.
[INFO DRT-0024]   Complete V7.
[INFO DRT-0024]   Complete M8.
[INFO DRT-0024]   Complete V8.
[INFO DRT-0024]   Complete M9.
[INFO DRT-0024]   Complete V9.
[INFO DRT-0024]   Complete Pad.
[INFO DRT-0033] Active shape region query size = 0.
[INFO DRT-0033] V0 shape region query size = 0.
[INFO DRT-0033] M1 shape region query size = 969471.
[INFO DRT-0033] V1 shape region query size = 1001138.
[INFO DRT-0033] M2 shape region query size = 38809.
[INFO DRT-0033] V2 shape region query size = 20544.
[INFO DRT-0033] M3 shape region query size = 19695.
[INFO DRT-0033] V3 shape region query size = 12564.
[INFO DRT-0033] M4 shape region query size = 12586.
[INFO DRT-0033] V4 shape region query size = 12564.
[INFO DRT-0033] M5 shape region query size = 6991.
[INFO DRT-0033] V5 shape region query size = 1296.
[INFO DRT-0033] M6 shape region query size = 720.
[INFO DRT-0033] V6 shape region query size = 0.
[INFO DRT-0033] M7 shape region query size = 0.
[INFO DRT-0033] V7 shape region query size = 0.
[INFO DRT-0033] M8 shape region query size = 0.
[INFO DRT-0033] V8 shape region query size = 0.
[INFO DRT-0033] M9 shape region query size = 0.
[INFO DRT-0033] V9 shape region query size = 0.
[INFO DRT-0033] Pad shape region query size = 0.
[INFO DRT-0165] Start pin access.
[INFO DRT-0076]   Complete 1000 pins.
[INFO DRT-0078]   Complete 1298 pins.
[INFO DRT-0079]   Complete 100 unique inst patterns.
[INFO DRT-0079]   Complete 200 unique inst patterns.
[INFO DRT-0081]   Complete 225 unique inst patterns.
[INFO DRT-0082]   Complete 10000 groups.
[INFO DRT-0082]   Complete 20000 groups.
[INFO DRT-0084]   Complete 28512 groups.
#scanned instances     = 54802
#unique  instances     = 225
#stdCellGenAp          = 7109
#stdCellValidPlanarAp  = 68
#stdCellValidViaAp     = 5236
#stdCellPinNoAp        = 0
#stdCellPinCnt         = 181150
#instTermValidViaApCnt = 0
#macroGenAp            = 0
#macroValidPlanarAp    = 0
#macroValidViaAp       = 0
#macroNoAp             = 0
[INFO DRT-0166] Complete pin access.
[INFO DRT-0267] cpu time = 00:29:25, elapsed time = 00:00:59, memory = 483.41 (MB), peak = 478.63 (MB)
Took 60 seconds: pin_access
global_route -congestion_report_file ./reports/asap7/jpeg/modified_alpha_4-beta_0.1/congestion.rpt -congestion_iterations 30 -congestion_report_iter_step 5 -verbose
[INFO GRT-0020] Min routing layer: M2
[INFO GRT-0021] Max routing layer: M7
[INFO GRT-0022] Global adjustment: 0%
[INFO GRT-0023] Grid origin: (0, 0)
[INFO GRT-0088] Layer M1      Track-Pitch = 0.0360  line-2-Via Pitch: 0.0360
[INFO GRT-0088] Layer M2      Track-Pitch = 0.0390  line-2-Via Pitch: 0.0360
[INFO GRT-0088] Layer M3      Track-Pitch = 0.0360  line-2-Via Pitch: 0.0360
[INFO GRT-0088] Layer M4      Track-Pitch = 0.0480  line-2-Via Pitch: 0.0480
[INFO GRT-0088] Layer M5      Track-Pitch = 0.0480  line-2-Via Pitch: 0.0480
[INFO GRT-0088] Layer M6      Track-Pitch = 0.0640  line-2-Via Pitch: 0.0640
[INFO GRT-0088] Layer M7      Track-Pitch = 0.0640  line-2-Via Pitch: 0.0640
[INFO GRT-0003] Macros: 0
[INFO GRT-0004] Blockages: 13344
[INFO GRT-0019] Found 148 clock nets.
[INFO GRT-0001] Minimum degree: 2
[INFO GRT-0002] Maximum degree: 22

[INFO GRT-0053] Routing resources analysis:
          Routing      Original      Derated      Resource
Layer     Direction    Resources     Resources    Reduction (%)
---------------------------------------------------------------
M1         Vertical            0             0          0.00%
M2         Horizontal     336941        242321          28.08%
M3         Vertical       447105        331958          25.75%
M4         Horizontal     343089        254726          25.76%
M5         Vertical       331324        245725          25.84%
M6         Horizontal     231123        156183          32.42%
M7         Vertical       262143        176643          32.62%
---------------------------------------------------------------

[INFO GRT-0197] Via related to pin nodes: 324773
[INFO GRT-0198] Via related Steiner nodes: 6082
[INFO GRT-0199] Via filling finished.
[INFO GRT-0111] Final number of vias: 411249
[INFO GRT-0112] Final usage 3D: 1519406

[INFO GRT-0096] Final congestion report:
Layer         Resource        Demand        Usage (%)    Max H / Max V / Total Overflow
---------------------------------------------------------------------------------------
M1                   0             0            0.00%             0 /  0 /  0
M2              242321        106932           44.13%             0 /  0 /  0
M3              331958        120313           36.24%             0 /  0 /  0
M4              254726         44346           17.41%             0 /  0 /  0
M5              245725         10525            4.28%             0 /  0 /  0
M6              156183          3190            2.04%             0 /  0 /  0
M7              176643           353            0.20%             0 /  0 /  0
---------------------------------------------------------------------------------------
Total          1407556        285659           20.29%             0 /  0 /  0

[INFO GRT-0018] Total wirelength: 239079 um
[INFO GRT-0014] Routed nets: 63674
[INFO GRT-0303] Global routing runtime = 00:00:01
estimate_parasitics -global_routing
Perform buffer insertion and gate resizing...
repair_design -verbose
Iteration |   Area    | Resized | Buffers | Nets repaired | Remaining
---------------------------------------------------------------------
        0 |     +0.0% |       0 |       0 |             0 |     63812
     1000 |     +0.0% |       0 |       0 |             0 |     62812
     2000 |     +0.0% |       0 |       0 |             0 |     61812
     3000 |     +0.0% |       0 |       0 |             0 |     60812
     4000 |     +0.0% |       0 |       0 |             0 |     59812
     5000 |     +0.0% |       0 |       0 |             0 |     58812
     6000 |     +0.0% |       0 |       0 |             0 |     57812
     7000 |     +0.0% |       0 |       0 |             0 |     56812
     8000 |     +0.0% |       0 |       0 |             0 |     55812
[WARNING RSZ-0104] Net _060576_ only has one pin. Check if it is intended to be dangling.
     9000 |     +0.0% |       0 |       0 |             0 |     54812
    10000 |     +0.0% |       0 |       0 |             0 |     53812
[WARNING RSZ-0104] Net _060575_ only has one pin. Check if it is intended to be dangling.
    11000 |     +0.0% |       0 |       0 |             0 |     52812
[WARNING RSZ-0104] Net _060573_ only has one pin. Check if it is intended to be dangling.
    12000 |     +0.0% |       0 |       0 |             0 |     51812
    13000 |     +0.0% |       0 |       0 |             0 |     50812
    14000 |     +0.0% |       0 |       0 |             0 |     49812
    15000 |     +0.0% |       0 |       0 |             0 |     48812
    16000 |     +0.0% |       0 |       0 |             0 |     47812
[WARNING RSZ-0104] Net _060574_ only has one pin. Check if it is intended to be dangling.
    17000 |     +0.0% |       0 |       0 |             0 |     46812
    18000 |     +0.0% |       0 |       0 |             0 |     45812
    19000 |     +0.0% |       0 |       0 |             0 |     44812
    20000 |     +0.0% |       0 |       0 |             0 |     43812
    21000 |     +0.0% |       0 |       0 |             0 |     42812
    22000 |     +0.0% |       0 |       0 |             0 |     41812
    23000 |     +0.0% |       0 |       0 |             0 |     40812
    24000 |     +0.0% |       0 |       0 |             0 |     39812
    25000 |     +0.0% |       0 |       0 |             0 |     38812
    26000 |     +0.0% |       0 |       0 |             0 |     37812
    27000 |     +0.0% |       0 |       0 |             0 |     36812
    28000 |     +0.0% |       0 |       0 |             0 |     35812
    29000 |     +0.0% |       0 |       0 |             0 |     34812
[WARNING RSZ-0104] Net _060450_ only has one pin. Check if it is intended to be dangling.
    30000 |     +0.0% |       0 |       0 |             0 |     33812
    31000 |     +0.0% |       0 |       0 |             0 |     32812
    32000 |     +0.0% |       0 |       0 |             0 |     31812
    33000 |     +0.0% |       0 |       0 |             0 |     30812
    34000 |     +0.0% |       0 |       0 |             0 |     29812
    35000 |     +0.0% |       0 |       0 |             0 |     28812
[WARNING RSZ-0104] Net _060558_ only has one pin. Check if it is intended to be dangling.
[WARNING RSZ-0104] Net _060402_ only has one pin. Check if it is intended to be dangling.
[WARNING RSZ-0104] Net _059903_ only has one pin. Check if it is intended to be dangling.
    36000 |     +0.0% |       0 |       0 |             0 |     27812
    37000 |     +0.0% |       0 |       0 |             0 |     26812
    38000 |     +0.0% |       0 |       0 |             0 |     25812
    39000 |     +0.0% |       0 |       0 |             0 |     24812
    40000 |     +0.0% |       0 |       0 |             0 |     23812
[WARNING RSZ-0104] Net _060149_ only has one pin. Check if it is intended to be dangling.
    41000 |     +0.0% |       0 |       0 |             0 |     22812
    42000 |     +0.0% |       0 |       0 |             0 |     21812
    43000 |     +0.0% |       0 |       0 |             0 |     20812
    44000 |     +0.0% |       0 |       0 |             0 |     19812
    45000 |     +0.0% |       0 |       0 |             0 |     18812
[WARNING RSZ-0104] Net _060557_ only has one pin. Check if it is intended to be dangling.
[WARNING RSZ-0104] Net _060556_ only has one pin. Check if it is intended to be dangling.
[WARNING RSZ-0104] Net _060554_ only has one pin. Check if it is intended to be dangling.
[WARNING RSZ-0104] Net _060553_ only has one pin. Check if it is intended to be dangling.
[WARNING RSZ-0104] Net _060550_ only has one pin. Check if it is intended to be dangling.
[WARNING RSZ-0104] Net _060549_ only has one pin. Check if it is intended to be dangling.
[WARNING RSZ-0104] Net _060548_ only has one pin. Check if it is intended to be dangling.
[WARNING RSZ-0104] Net _060547_ only has one pin. Check if it is intended to be dangling.
[WARNING RSZ-0104] Net _060534_ only has one pin. Check if it is intended to be dangling.
[WARNING RSZ-0104] Net _060533_ only has one pin. Check if it is intended to be dangling.
[WARNING RSZ-0104] Net _060532_ only has one pin. Check if it is intended to be dangling.
[WARNING RSZ-0104] Net _060531_ only has one pin. Check if it is intended to be dangling.
[WARNING RSZ-0104] Net _060530_ only has one pin. Check if it is intended to be dangling.
[WARNING RSZ-0104] Net _060529_ only has one pin. Check if it is intended to be dangling.
[WARNING RSZ-0104] Net _060528_ only has one pin. Check if it is intended to be dangling.
    46000 |     +0.0% |       0 |       0 |             0 |     17812
    47000 |     +0.0% |       0 |       0 |             0 |     16812
    48000 |     +0.0% |       0 |       0 |             0 |     15812
    49000 |     +0.0% |       0 |       0 |             0 |     14812
    50000 |     +0.0% |       0 |       0 |             0 |     13812
    51000 |     +0.0% |       0 |       0 |             0 |     12812
[WARNING RSZ-0104] Net _060546_ only has one pin. Check if it is intended to be dangling.
[WARNING RSZ-0104] Net _060545_ only has one pin. Check if it is intended to be dangling.
[WARNING RSZ-0104] Net _060544_ only has one pin. Check if it is intended to be dangling.
    52000 |     +0.0% |       0 |       0 |             0 |     11812
    53000 |     +0.0% |       0 |       0 |             0 |     10812
    54000 |     +0.0% |       0 |       0 |             0 |      9812
[WARNING RSZ-0104] Net _060527_ only has one pin. Check if it is intended to be dangling.
    55000 |     +0.0% |       0 |       0 |             0 |      8812
    56000 |     +0.0% |       0 |       0 |             0 |      7812
    57000 |     +0.0% |       0 |       0 |             0 |      6812
    58000 |     +0.0% |       0 |       0 |             0 |      5812
    59000 |     +0.0% |       0 |       0 |             0 |      4812
    60000 |     +0.0% |       0 |       0 |             0 |      3812
    61000 |     +0.0% |       0 |       0 |             0 |      2812
    62000 |     +0.0% |       0 |       0 |             0 |      1812
    63000 |     +0.0% |       0 |       0 |             0 |       812
    final |     +0.0% |       0 |       0 |             0 |         0
---------------------------------------------------------------------
Took 5 seconds: repair_design -verbose
global_route -start_incremental
detailed_placement
[INFO DPL-0005] Max displacement: +/- 500 sites horizontally, +/- 100 rows vertically.
Movements Summary
---------------------------------------
Total cells:                   53581
Diamond Move Success:          53581 (100.00%)
Diamond Move Failure:              0
Rip-up and replace Success:        0 (  0.00% of diamond failures)
Rip-up and replace Failure:        0
Total Placement Failures:          0
---------------------------------------
Placement Analysis
---------------------------------
total displacement          0.0 u
average displacement        0.0 u
max displacement            0.0 u
original HPWL          150174.2 u
legalized HPWL         150174.2 u
delta HPWL                    0 %

global_route -end_incremental -congestion_report_file ./reports/asap7/jpeg/modified_alpha_4-beta_0.1/congestion_post_repair_design.rpt
Repair setup and hold violations...
estimate_parasitics -global_routing
repair_timing -setup_margin 0 -hold_margin 0 -repair_tns 100 -verbose
[INFO RSZ-0100] Repair move sequence: UnbufferMove SizeUpMove SwapPinsMove BufferMove CloneMove SplitLoadMove 
[INFO RSZ-0094] Found 122 endpoints with setup violations.
[INFO RSZ-0099] Repairing 122 out of 122 (100.00%) violating endpoints...
   Iter   | Removed | Resized | Inserted | Cloned |  Pin  |   Area   |    WNS   |   TNS      |  Viol  | Worst
          | Buffers |  Gates  | Buffers  |  Gates | Swaps |          |          |            | Endpts | Endpt
--------------------------------------------------------------------------------------------------------------
        0 |       0 |       0 |        0 |      0 |     0 |    +0.0% |  -31.570 |    -1546.4 |    122 | fdct_zigzag.dct_mod.dct_block_2.dct_unit_5.macu.mult_res[17]$_DFFE_PP_/D
        3 |       0 |       0 |        3 |      0 |     1 |    +0.0% |  -31.005 |    -1513.9 |    120 | _tray_size4_8140/D0
        6 |       0 |       0 |        6 |      0 |     2 |    +0.0% |  -28.620 |    -1476.6 |    118 | _tray_size4_8176/D2
       10 |       0 |       0 |        7 |      0 |     4 |    +0.0% |  -28.511 |    -1445.8 |    118 | _tray_size4_8168/D2
       11 |       0 |       0 |       10 |      0 |     4 |    +0.0% |  -28.511 |    -1430.4 |    116 | _tray_size4_8168/D2
       15 |       0 |       0 |       12 |      0 |     6 |    +0.0% |  -27.809 |    -1369.0 |    114 | _tray_size4_7932/D2
       20 |       0 |       0 |       16 |      0 |     8 |    +0.0% |  -26.632 |    -1333.9 |    114 | _tray_size4_8436/D1
       23 |       0 |       1 |       17 |      0 |     9 |    +0.0% |  -26.632 |    -1262.6 |    112 | _tray_size4_8436/D1
       26 |       0 |       1 |       19 |      0 |    10 |    +0.0% |  -25.940 |    -1207.5 |    110 | fdct_zigzag.dct_mod.dct_block_7.dct_unit_6.macu.mult_res[17]$_DFFE_PP_/D
       29 |       0 |       1 |       20 |      0 |    11 |    +0.0% |  -25.940 |    -1199.0 |    108 | fdct_zigzag.dct_mod.dct_block_7.dct_unit_6.macu.mult_res[17]$_DFFE_PP_/D
       30 |       0 |       1 |       20 |      0 |    11 |    +0.0% |  -25.940 |    -1199.0 |    108 | fdct_zigzag.dct_mod.dct_block_7.dct_unit_6.macu.mult_res[17]$_DFFE_PP_/D
       33 |       0 |       1 |       22 |      0 |    13 |    +0.0% |  -25.651 |    -1142.4 |    106 | _tray_size4_8015/D1
       40 |       0 |       1 |       27 |      0 |    16 |    +0.0% |  -24.679 |    -1096.6 |    105 | _tray_size4_8020/D1
       40 |       0 |       1 |       27 |      0 |    16 |    +0.0% |  -24.679 |    -1096.6 |    104 | _tray_size4_8020/D1
       45 |       0 |       1 |       33 |      0 |    18 |    +0.0% |  -24.679 |    -1066.5 |    102 | _tray_size4_8020/D1
       50 |       0 |       1 |       35 |      0 |    20 |    +0.0% |  -24.607 |    -1015.9 |    101 | _tray_size4_8002/D2
       50 |       0 |       1 |       35 |      0 |    20 |    +0.0% |  -24.607 |    -1015.9 |    100 | _tray_size4_8002/D2
       51 |       0 |       1 |       35 |      0 |    20 |    +0.0% |  -24.607 |    -1015.9 |     99 | _tray_size4_8002/D2
       54 |       0 |       1 |       38 |      0 |    21 |    +0.1% |  -24.122 |     -988.0 |     97 | _tray_size4_8511/D0
       60 |       0 |       1 |       41 |      0 |    24 |    +0.1% |  -22.691 |     -939.0 |     97 | _tray_size4_8555/D1
       61 |       0 |       1 |       42 |      0 |    24 |    +0.1% |  -22.691 |     -921.0 |     95 | _tray_size4_8555/D1
       62 |       0 |       1 |       42 |      0 |    24 |    +0.1% |  -22.691 |     -921.0 |     94 | _tray_size4_8555/D1
       67 |       0 |       1 |       48 |      0 |    26 |    +0.1% |  -22.526 |     -887.1 |     92 | fdct_zigzag.dct_mod.dct_block_7.dct_unit_7.macu.mult_res[17]$_DFFE_PP_/D
       70 |       0 |       1 |       52 |      0 |    27 |    +0.1% |  -21.932 |     -897.5 |     92 | fdct_zigzag.dct_mod.dct_block_2.dct_unit_6.macu.mult_res[17]$_DFFE_PP_/D
       71 |       0 |       1 |       54 |      0 |    27 |    +0.1% |  -21.932 |     -884.2 |     90 | fdct_zigzag.dct_mod.dct_block_2.dct_unit_6.macu.mult_res[17]$_DFFE_PP_/D
       74 |       0 |       1 |       56 |      0 |    28 |    +0.1% |  -21.932 |     -870.1 |     88 | fdct_zigzag.dct_mod.dct_block_2.dct_unit_6.macu.mult_res[17]$_DFFE_PP_/D
       79 |       0 |       3 |       59 |      0 |    29 |    +0.1% |  -21.542 |     -820.3 |     86 | fdct_zigzag.dct_mod.dct_block_7.dct_unit_1.macu.mult_res[17]$_DFFE_PP_/D
       80 |       0 |       3 |       59 |      0 |    29 |    +0.1% |  -21.542 |     -820.3 |     86 | fdct_zigzag.dct_mod.dct_block_7.dct_unit_1.macu.mult_res[17]$_DFFE_PP_/D
       82 |       0 |       3 |       62 |      0 |    30 |    +0.1% |  -21.537 |     -778.7 |     84 | _tray_size4_8462/D2
       89 |       0 |       3 |       66 |      0 |    33 |    +0.1% |  -21.266 |     -750.2 |     82 | _tray_size4_8764/D2
       90 |       0 |       3 |       66 |      0 |    33 |    +0.1% |  -21.266 |     -750.2 |     82 | _tray_size4_8764/D2
       91 |       0 |       4 |       66 |      0 |    33 |    +0.1% |  -21.266 |     -695.0 |     80 | _tray_size4_8764/D2
       94 |       0 |       4 |       68 |      0 |    34 |    +0.1% |  -21.220 |     -673.8 |     78 | fdct_zigzag.dct_mod.dct_block_7.dct_unit_7.macu.mult_res[18]$_DFFE_PP_/D
       95 |       0 |       4 |       68 |      0 |    34 |    +0.1% |  -21.220 |     -673.8 |     77 | fdct_zigzag.dct_mod.dct_block_7.dct_unit_7.macu.mult_res[18]$_DFFE_PP_/D
       96 |       0 |       4 |       68 |      0 |    34 |    +0.1% |  -21.220 |     -673.8 |     76 | fdct_zigzag.dct_mod.dct_block_7.dct_unit_7.macu.mult_res[18]$_DFFE_PP_/D
       99 |       0 |       4 |       70 |      0 |    35 |    +0.1% |  -21.220 |     -670.0 |     74 | fdct_zigzag.dct_mod.dct_block_7.dct_unit_7.macu.mult_res[18]$_DFFE_PP_/D
      100 |       0 |       4 |       70 |      0 |    35 |    +0.1% |  -21.220 |     -670.0 |     74 | fdct_zigzag.dct_mod.dct_block_7.dct_unit_7.macu.mult_res[18]$_DFFE_PP_/D
      103 |       0 |       4 |       72 |      0 |    37 |    +0.1% |  -21.220 |     -649.2 |     72 | fdct_zigzag.dct_mod.dct_block_7.dct_unit_7.macu.mult_res[18]$_DFFE_PP_/D
      106 |       0 |       4 |       75 |      0 |    38 |    +0.1% |  -21.220 |     -629.4 |     70 | fdct_zigzag.dct_mod.dct_block_7.dct_unit_7.macu.mult_res[18]$_DFFE_PP_/D
      110 |       0 |       4 |       76 |      0 |    40 |    +0.1% |  -21.220 |     -614.0 |     70 | fdct_zigzag.dct_mod.dct_block_7.dct_unit_7.macu.mult_res[18]$_DFFE_PP_/D
      111 |       0 |       4 |       78 |      0 |    40 |    +0.1% |  -21.220 |     -591.2 |     68 | fdct_zigzag.dct_mod.dct_block_7.dct_unit_7.macu.mult_res[18]$_DFFE_PP_/D
      115 |       0 |       4 |       80 |      0 |    42 |    +0.1% |  -21.220 |     -580.3 |     66 | fdct_zigzag.dct_mod.dct_block_7.dct_unit_7.macu.mult_res[18]$_DFFE_PP_/D
      116 |       0 |       4 |       80 |      0 |    42 |    +0.1% |  -21.220 |     -580.3 |     65 | fdct_zigzag.dct_mod.dct_block_7.dct_unit_7.macu.mult_res[18]$_DFFE_PP_/D
      120 |       0 |       4 |       81 |      0 |    44 |    +0.1% |  -21.220 |     -565.8 |     65 | fdct_zigzag.dct_mod.dct_block_7.dct_unit_7.macu.mult_res[18]$_DFFE_PP_/D
      121 |       0 |       4 |       82 |      0 |    44 |    +0.1% |  -21.220 |     -558.0 |     63 | fdct_zigzag.dct_mod.dct_block_7.dct_unit_7.macu.mult_res[18]$_DFFE_PP_/D
      122 |       0 |       4 |       82 |      0 |    44 |    +0.1% |  -21.220 |     -558.0 |     62 | fdct_zigzag.dct_mod.dct_block_7.dct_unit_7.macu.mult_res[18]$_DFFE_PP_/D
      125 |       0 |       4 |       83 |      0 |    45 |    +0.1% |  -21.220 |     -544.9 |     60 | fdct_zigzag.dct_mod.dct_block_7.dct_unit_7.macu.mult_res[18]$_DFFE_PP_/D
      126 |       0 |       4 |       83 |      0 |    45 |    +0.1% |  -21.220 |     -544.9 |     59 | fdct_zigzag.dct_mod.dct_block_7.dct_unit_7.macu.mult_res[18]$_DFFE_PP_/D
      127 |       0 |       4 |       83 |      0 |    45 |    +0.1% |  -21.220 |     -544.9 |     58 | fdct_zigzag.dct_mod.dct_block_7.dct_unit_7.macu.mult_res[18]$_DFFE_PP_/D
      130 |       0 |       4 |       85 |      0 |    46 |    +0.1% |  -21.220 |     -532.0 |     57 | fdct_zigzag.dct_mod.dct_block_7.dct_unit_7.macu.mult_res[18]$_DFFE_PP_/D
      130 |       0 |       4 |       85 |      0 |    46 |    +0.1% |  -21.220 |     -532.0 |     56 | fdct_zigzag.dct_mod.dct_block_7.dct_unit_7.macu.mult_res[18]$_DFFE_PP_/D
      133 |       0 |       4 |       88 |      0 |    47 |    +0.1% |  -21.220 |     -522.1 |     54 | fdct_zigzag.dct_mod.dct_block_7.dct_unit_7.macu.mult_res[18]$_DFFE_PP_/D
      136 |       0 |       4 |       91 |      0 |    48 |    +0.1% |  -21.220 |     -508.0 |     52 | fdct_zigzag.dct_mod.dct_block_7.dct_unit_7.macu.mult_res[18]$_DFFE_PP_/D
      140 |       0 |       4 |       94 |      0 |    49 |    +0.1% |  -21.220 |     -485.0 |     52 | fdct_zigzag.dct_mod.dct_block_7.dct_unit_7.macu.mult_res[18]$_DFFE_PP_/D
      141 |       0 |       4 |       94 |      0 |    50 |    +0.1% |  -21.220 |     -485.0 |     50 | fdct_zigzag.dct_mod.dct_block_7.dct_unit_7.macu.mult_res[18]$_DFFE_PP_/D
      144 |       0 |       4 |       96 |      0 |    51 |    +0.1% |  -21.220 |     -463.0 |     48 | fdct_zigzag.dct_mod.dct_block_7.dct_unit_7.macu.mult_res[18]$_DFFE_PP_/D
      150 |       0 |       4 |      102 |      0 |    54 |    +0.1% |  -21.220 |     -460.9 |     48 | fdct_zigzag.dct_mod.dct_block_7.dct_unit_7.macu.mult_res[18]$_DFFE_PP_/D
      151 |       0 |       4 |      103 |      0 |    54 |    +0.1% |  -21.220 |     -444.8 |     46 | fdct_zigzag.dct_mod.dct_block_7.dct_unit_7.macu.mult_res[18]$_DFFE_PP_/D
      152 |       0 |       4 |      103 |      0 |    54 |    +0.1% |  -21.220 |     -444.8 |     45 | fdct_zigzag.dct_mod.dct_block_7.dct_unit_7.macu.mult_res[18]$_DFFE_PP_/D
      153 |       0 |       4 |      103 |      0 |    54 |    +0.1% |  -21.220 |     -444.8 |     44 | fdct_zigzag.dct_mod.dct_block_7.dct_unit_7.macu.mult_res[18]$_DFFE_PP_/D
      154 |       0 |       4 |      103 |      0 |    54 |    +0.1% |  -21.220 |     -444.8 |     43 | fdct_zigzag.dct_mod.dct_block_7.dct_unit_7.macu.mult_res[18]$_DFFE_PP_/D
      157 |       0 |       4 |      105 |      0 |    55 |    +0.1% |  -21.220 |     -428.4 |     41 | fdct_zigzag.dct_mod.dct_block_7.dct_unit_7.macu.mult_res[18]$_DFFE_PP_/D
      158 |       0 |       4 |      105 |      0 |    55 |    +0.1% |  -21.220 |     -428.4 |     40 | fdct_zigzag.dct_mod.dct_block_7.dct_unit_7.macu.mult_res[18]$_DFFE_PP_/D
      159 |       0 |       4 |      105 |      0 |    55 |    +0.1% |  -21.220 |     -428.4 |     39 | fdct_zigzag.dct_mod.dct_block_7.dct_unit_7.macu.mult_res[18]$_DFFE_PP_/D
      160 |       0 |       4 |      105 |      0 |    55 |    +0.1% |  -21.220 |     -428.4 |     39 | fdct_zigzag.dct_mod.dct_block_7.dct_unit_7.macu.mult_res[18]$_DFFE_PP_/D
      160 |       0 |       4 |      105 |      0 |    55 |    +0.1% |  -21.220 |     -428.4 |     38 | fdct_zigzag.dct_mod.dct_block_7.dct_unit_7.macu.mult_res[18]$_DFFE_PP_/D
      165 |       0 |       4 |      107 |      0 |    57 |    +0.1% |  -21.220 |     -414.1 |     36 | fdct_zigzag.dct_mod.dct_block_7.dct_unit_7.macu.mult_res[18]$_DFFE_PP_/D
      170 |       0 |       4 |      112 |      0 |    59 |    +0.2% |  -21.220 |     -389.2 |     35 | fdct_zigzag.dct_mod.dct_block_7.dct_unit_7.macu.mult_res[18]$_DFFE_PP_/D
      170 |       0 |       4 |      112 |      0 |    59 |    +0.2% |  -21.220 |     -389.2 |     34 | fdct_zigzag.dct_mod.dct_block_7.dct_unit_7.macu.mult_res[18]$_DFFE_PP_/D
      173 |       0 |       4 |      115 |      0 |    60 |    +0.2% |  -21.220 |     -375.4 |     32 | fdct_zigzag.dct_mod.dct_block_7.dct_unit_7.macu.mult_res[18]$_DFFE_PP_/D
      180 |       0 |       4 |      121 |      0 |    63 |    +0.2% |  -14.503 |     -332.1 |     31 | _tray_size4_8445/D2
      180 |       0 |       4 |      121 |      0 |    63 |    +0.2% |  -14.503 |     -332.1 |     30 | _tray_size4_8445/D2
      184 |       0 |       4 |      122 |      0 |    65 |    +0.2% |  -14.503 |     -313.9 |     28 | _tray_size4_8445/D2
      187 |       0 |       4 |      124 |      0 |    66 |    +0.2% |  -14.503 |     -290.4 |     26 | _tray_size4_8445/D2
      190 |       0 |       4 |      126 |      0 |    67 |    +0.2% |  -14.503 |     -270.6 |     26 | _tray_size4_8445/D2
      191 |       0 |       4 |      126 |      0 |    68 |    +0.2% |  -14.503 |     -267.9 |     24 | _tray_size4_8445/D2
      192 |       0 |       4 |      126 |      0 |    68 |    +0.2% |  -14.503 |     -267.9 |     23 | _tray_size4_8445/D2
      195 |       0 |       4 |      127 |      0 |    69 |    +0.2% |  -14.305 |     -253.4 |     21 | _tray_size4_8254/D1
      198 |       0 |       4 |      129 |      0 |    70 |    +0.2% |  -14.305 |     -241.0 |     19 | _tray_size4_8254/D1
      200 |       0 |       4 |      129 |      0 |    71 |    +0.2% |  -14.305 |     -242.1 |     19 | _tray_size4_8254/D1
      202 |       0 |       4 |      132 |      0 |    72 |    +0.2% |  -14.305 |     -228.6 |     17 | _tray_size4_8254/D1
      205 |       0 |       4 |      134 |      0 |    73 |    +0.2% |  -12.125 |     -214.3 |     15 | _tray_size4_8296/D0
      210 |       0 |       4 |      138 |      0 |    75 |    +0.2% |  -12.125 |     -191.6 |     14 | _tray_size4_8296/D0
      210 |       0 |       4 |      138 |      0 |    75 |    +0.2% |  -12.125 |     -191.6 |     13 | _tray_size4_8296/D0
      211 |       0 |       4 |      138 |      0 |    75 |    +0.2% |  -12.125 |     -191.6 |     12 | _tray_size4_8296/D0
      212 |       0 |       4 |      138 |      0 |    75 |    +0.2% |  -12.125 |     -191.6 |     11 | _tray_size4_8296/D0
      213 |       0 |       4 |      138 |      0 |    75 |    +0.2% |  -12.125 |     -191.6 |     10 | _tray_size4_8296/D0
      219 |       0 |       4 |      141 |      0 |    78 |    +0.2% |  -12.125 |     -182.5 |      8 | _tray_size4_8296/D0
      220 |       0 |       4 |      141 |      0 |    78 |    +0.2% |  -12.125 |     -182.5 |      8 | _tray_size4_8296/D0
      220 |       0 |       4 |      141 |      0 |    78 |    +0.2% |  -12.125 |     -182.5 |      7 | _tray_size4_8296/D0
      223 |       0 |       4 |      142 |      0 |    79 |    +0.2% |  -12.125 |     -171.6 |      5 | _tray_size4_8296/D0
      226 |       0 |       4 |      146 |      0 |    80 |    +0.2% |  -12.125 |     -152.2 |      3 | _tray_size4_8296/D0
      227 |       0 |       4 |      146 |      0 |    80 |    +0.2% |  -12.125 |     -152.2 |      2 | _tray_size4_8296/D0
      230 |       0 |       4 |      148 |      0 |    81 |    +0.2% |  -12.125 |     -151.9 |      2 | _tray_size4_8296/D0
      232 |       0 |       4 |      150 |      0 |    82 |    +0.2% |  -12.125 |     -132.2 |      0 | _tray_size4_8296/D0
      233 |       0 |       4 |      150 |      0 |    82 |    +0.2% |  -12.125 |     -132.2 |      0 | _tray_size4_8296/D0
      236 |       0 |       4 |      151 |      0 |    83 |    +0.2% |  -12.125 |     -112.9 |      0 | _tray_size4_8296/D0
      240 |       0 |       4 |      154 |      0 |    84 |    +0.2% |   -9.040 |      -80.1 |      0 | fdct_zigzag.dct_mod.dct_block_2.dct_unit_3.macu.mult_res[17]$_DFFE_PP_/D
      240 |       0 |       4 |      154 |      0 |    84 |    +0.2% |   -9.040 |      -80.1 |      0 | fdct_zigzag.dct_mod.dct_block_2.dct_unit_3.macu.mult_res[17]$_DFFE_PP_/D
      241 |       0 |       4 |      154 |      0 |    84 |    +0.2% |   -9.040 |      -80.1 |      0 | fdct_zigzag.dct_mod.dct_block_2.dct_unit_3.macu.mult_res[17]$_DFFE_PP_/D
      242 |       0 |       4 |      154 |      0 |    84 |    +0.2% |   -9.040 |      -80.1 |      0 | fdct_zigzag.dct_mod.dct_block_2.dct_unit_3.macu.mult_res[17]$_DFFE_PP_/D
      243 |       0 |       4 |      154 |      0 |    84 |    +0.2% |   -9.040 |      -80.1 |      0 | fdct_zigzag.dct_mod.dct_block_2.dct_unit_3.macu.mult_res[17]$_DFFE_PP_/D
      246 |       0 |       4 |      155 |      0 |    85 |    +0.2% |   -8.694 |      -71.1 |      0 | _tray_size4_8191/D3
      247 |       0 |       4 |      155 |      0 |    85 |    +0.2% |   -8.694 |      -71.1 |      0 | _tray_size4_8191/D3
      250 |       0 |       4 |      156 |      0 |    86 |    +0.2% |   -8.218 |      -68.4 |      0 | _tray_size4_8564/D1
      252 |       0 |       4 |      159 |      0 |    87 |    +0.2% |   -8.218 |      -62.2 |      0 | _tray_size4_8564/D1
      259 |       0 |       4 |      161 |      0 |    91 |    +0.2% |   -7.325 |      -47.0 |      0 | _tray_size4_8335/D1
      260 |       0 |       4 |      161 |      0 |    91 |    +0.2% |   -7.325 |      -47.0 |      0 | _tray_size4_8335/D1
      260 |       0 |       4 |      161 |      0 |    91 |    +0.2% |   -7.325 |      -47.0 |      0 | _tray_size4_8335/D1
      263 |       0 |       4 |      164 |      0 |    92 |    +0.2% |   -6.611 |      -39.7 |      0 | fdct_zigzag.dct_mod.dct_block_2.dct_unit_4.macu.mult_res[17]$_DFFE_PP_/D
      264 |       0 |       4 |      164 |      0 |    92 |    +0.2% |   -6.611 |      -39.7 |      0 | fdct_zigzag.dct_mod.dct_block_2.dct_unit_4.macu.mult_res[17]$_DFFE_PP_/D
      265 |       0 |       4 |      164 |      0 |    92 |    +0.2% |   -6.611 |      -39.7 |      0 | fdct_zigzag.dct_mod.dct_block_2.dct_unit_4.macu.mult_res[17]$_DFFE_PP_/D
      268 |       0 |       4 |      165 |      0 |    93 |    +0.2% |   -6.611 |      -37.0 |      0 | fdct_zigzag.dct_mod.dct_block_2.dct_unit_4.macu.mult_res[17]$_DFFE_PP_/D
      269 |       0 |       4 |      165 |      0 |    93 |    +0.2% |   -6.611 |      -37.0 |      0 | fdct_zigzag.dct_mod.dct_block_2.dct_unit_4.macu.mult_res[17]$_DFFE_PP_/D
      270 |       0 |       4 |      165 |      0 |    93 |    +0.2% |   -6.611 |      -37.0 |      0 | fdct_zigzag.dct_mod.dct_block_2.dct_unit_4.macu.mult_res[17]$_DFFE_PP_/D
      272 |       0 |       4 |      168 |      0 |    94 |    +0.2% |   -4.591 |      -29.1 |      0 | _tray_size2_8011/D1
      273 |       0 |       4 |      168 |      0 |    94 |    +0.2% |   -4.591 |      -29.1 |      0 | _tray_size2_8011/D1
      274 |       0 |       4 |      168 |      0 |    94 |    +0.2% |   -4.591 |      -29.1 |      0 | _tray_size2_8011/D1
      275 |       0 |       4 |      168 |      0 |    94 |    +0.2% |   -4.591 |      -29.1 |      0 | _tray_size2_8011/D1
      276 |       0 |       4 |      168 |      0 |    94 |    +0.2% |   -4.591 |      -29.1 |      0 | _tray_size2_8011/D1
      278 |       0 |       4 |      168 |      0 |    95 |    +0.2% |   -4.591 |      -25.1 |      0 | _tray_size2_8011/D1
      279 |       0 |       4 |      168 |      0 |    95 |    +0.2% |   -4.591 |      -25.1 |      0 | _tray_size2_8011/D1
      280 |       0 |       4 |      168 |      0 |    95 |    +0.2% |   -4.591 |      -25.1 |      0 | _tray_size2_8011/D1
      281 |       0 |       4 |      168 |      0 |    96 |    +0.2% |   -4.518 |      -19.2 |      0 | fdct_zigzag.dct_mod.dct_block_7.dct_unit_5.macu.mult_res[17]$_DFFE_PP_/D
      284 |       0 |       4 |      172 |      0 |    97 |    +0.2% |   -4.442 |      -14.6 |      0 | _tray_size4_8502/D1
      287 |       0 |       4 |      174 |      0 |    98 |    +0.2% |   -4.247 |      -10.2 |      0 | _tray_size4_8707/D1
      288 |       0 |       4 |      174 |      0 |    98 |    +0.2% |   -4.247 |      -10.2 |      0 | _tray_size4_8707/D1
      290 |       0 |       4 |      174 |      0 |    99 |    +0.2% |   -5.249 |      -11.2 |      0 | _tray_size4_8707/D1
      293 |       0 |       4 |      177 |      0 |   100 |    +0.2% |   -2.711 |       -6.0 |      0 | _tray_size4_8593/D0
      294 |       0 |       4 |      177 |      0 |   100 |    +0.2% |   -2.711 |       -6.0 |      0 | _tray_size4_8593/D0
      295 |       0 |       4 |      177 |      0 |   100 |    +0.2% |   -2.711 |       -6.0 |      0 | _tray_size4_8593/D0
      296 |       0 |       4 |      177 |      0 |   100 |    +0.2% |   -2.711 |       -6.0 |      0 | _tray_size4_8593/D0
      297 |       0 |       4 |      177 |      0 |   100 |    +0.2% |   -2.711 |       -6.0 |      0 | _tray_size4_8593/D0
      298 |       0 |       4 |      177 |      0 |   100 |    +0.2% |   -2.711 |       -6.0 |      0 | _tray_size4_8593/D0
      299 |       0 |       4 |      177 |      0 |   100 |    +0.2% |   -2.711 |       -6.0 |      0 | _tray_size4_8593/D0
      300 |       0 |       4 |      177 |      0 |   100 |    +0.2% |   -2.711 |       -6.0 |      0 | _tray_size4_8593/D0
      300 |       0 |       4 |      177 |      0 |   100 |    +0.2% |   -2.711 |       -6.0 |      0 | _tray_size4_8593/D0
      303 |       0 |       4 |      179 |      0 |   101 |    +0.2% |   -2.134 |       -3.2 |      0 | _tray_size4_8546/D0
      308 |       0 |       5 |      182 |      0 |   103 |    +0.3% |   -0.786 |       -1.1 |      0 | fdct_zigzag.dct_mod.dct_block_2.dct_unit_1.macu.mult_res[17]$_DFFE_PP_/D
      309 |       0 |       5 |      182 |      0 |   103 |    +0.3% |   -0.786 |       -1.1 |      0 | fdct_zigzag.dct_mod.dct_block_2.dct_unit_1.macu.mult_res[17]$_DFFE_PP_/D
      310 |       0 |       5 |      182 |      0 |   103 |    +0.3% |   -0.786 |       -1.1 |      0 | fdct_zigzag.dct_mod.dct_block_2.dct_unit_1.macu.mult_res[17]$_DFFE_PP_/D
      310 |       0 |       5 |      182 |      0 |   103 |    +0.3% |   -0.786 |       -1.1 |      0 | fdct_zigzag.dct_mod.dct_block_2.dct_unit_1.macu.mult_res[17]$_DFFE_PP_/D
      311 |       0 |       5 |      182 |      0 |   103 |    +0.3% |   -0.786 |       -1.1 |      0 | fdct_zigzag.dct_mod.dct_block_2.dct_unit_1.macu.mult_res[17]$_DFFE_PP_/D
      312 |       0 |       5 |      182 |      0 |   103 |    +0.3% |   -0.786 |       -1.1 |      0 | fdct_zigzag.dct_mod.dct_block_2.dct_unit_1.macu.mult_res[17]$_DFFE_PP_/D
      313 |       0 |       5 |      182 |      0 |   103 |    +0.3% |   -0.786 |       -1.1 |      0 | fdct_zigzag.dct_mod.dct_block_2.dct_unit_1.macu.mult_res[17]$_DFFE_PP_/D
      314 |       0 |       5 |      182 |      0 |   103 |    +0.3% |   -0.786 |       -1.1 |      0 | fdct_zigzag.dct_mod.dct_block_2.dct_unit_1.macu.mult_res[17]$_DFFE_PP_/D
      315 |       0 |       5 |      182 |      0 |   103 |    +0.3% |   -0.786 |       -1.1 |      0 | fdct_zigzag.dct_mod.dct_block_2.dct_unit_1.macu.mult_res[17]$_DFFE_PP_/D
      316 |       0 |       5 |      182 |      0 |   103 |    +0.3% |   -0.786 |       -1.1 |      0 | fdct_zigzag.dct_mod.dct_block_2.dct_unit_1.macu.mult_res[17]$_DFFE_PP_/D
      317 |       0 |       5 |      182 |      0 |   103 |    +0.3% |   -0.786 |       -1.1 |      0 | fdct_zigzag.dct_mod.dct_block_2.dct_unit_1.macu.mult_res[17]$_DFFE_PP_/D
      319 |       0 |       5 |      182 |      0 |   104 |    +0.3% |   -0.329 |       -0.3 |      0 | _tray_size4_8392/D2
      320 |       0 |       5 |      182 |      0 |   104 |    +0.3% |   -0.329 |       -0.3 |      0 | _tray_size4_8392/D2
      320 |       0 |       5 |      182 |      0 |   104 |    +0.3% |   -0.329 |       -0.3 |      0 | _tray_size4_8392/D2
      323 |       0 |       5 |      184 |      0 |   105 |    +0.3% |    0.025 |        0.0 |      0 | _tray_size4_8529/D3
      324 |       0 |       5 |      184 |      0 |   105 |    +0.3% |    0.025 |        0.0 |      0 | _tray_size4_8529/D3
      325 |       0 |       5 |      184 |      0 |   105 |    +0.3% |    0.025 |        0.0 |      0 | _tray_size4_8529/D3
    final |       0 |       5 |      184 |      0 |   105 |    +0.3% |    0.025 |        0.0 |      0 | _tray_size4_8529/D3
--------------------------------------------------------------------------------------------------------------
[INFO RSZ-0040] Inserted 184 buffers.
[INFO RSZ-0051] Resized 5 instances: 5 up, 0 up match, 0 down, 0 VT
[INFO RSZ-0043] Swapped pins on 105 instances.
[INFO RSZ-0033] No hold violations found.
Took 7 seconds: repair_timing -setup_margin 0 -hold_margin 0 -repair_tns 100 -verbose
global_route -start_incremental
detailed_placement
[INFO DPL-0005] Max displacement: +/- 500 sites horizontally, +/- 100 rows vertically.
Movements Summary
---------------------------------------
Total cells:                   53765
Diamond Move Success:          53765 (100.00%)
Diamond Move Failure:              0
Rip-up and replace Success:        0 (  0.00% of diamond failures)
Rip-up and replace Failure:        0
Total Placement Failures:          0
---------------------------------------
Placement Analysis
---------------------------------
total displacement        232.2 u
average displacement        0.0 u
max displacement            1.1 u
original HPWL          150257.3 u
legalized HPWL         150474.3 u
delta HPWL                    0 %

global_route -end_incremental -congestion_report_file ./reports/asap7/jpeg/modified_alpha_4-beta_0.1/congestion_post_repair_timing.rpt
global_route -start_incremental
global_route -end_incremental -congestion_report_file ./reports/asap7/jpeg/modified_alpha_4-beta_0.1/congestion_post_recover_power.rpt
Repair antennas...
[WARNING GRT-0246] No diode with LEF class CORE ANTENNACELL found.
[INFO ANT-0002] Found 0 net violations.
[INFO ANT-0001] Found 0 pin violations.
Estimate parasitics...
estimate_parasitics -global_routing
Report metrics stage 5, global route...

==========================================================================
global route report_design_area
--------------------------------------------------------------------------
Design area 6379 um^2 72% utilization.
[INFO FLW-0007] clock clk period 680.000000
[INFO FLW-0008] Clock clk period 651.876
[INFO FLW-0009] Clock clk slack -6.185
[INFO FLW-0011] Path endpoint path count 4612
write_db ./results/asap7/jpeg/modified_alpha_4-beta_0.1/5_1_grt.odb
write_sdc -no_timestamp ./results/asap7/jpeg/modified_alpha_4-beta_0.1/5_1_grt.sdc
Elapsed time: 1:30.13[h:]min:sec. CPU time: user 1966.72 sys 19.72 (2203%). Peak memory: 1227652KB.
Log                        Elapsed/s Peak Memory/MB  sha1sum .odb [0:20)
5_1_grt                           90           1198 003a9228c8a0ab052256
