OpenROAD fe1aa0f9d0254fac87b82c886c04ee1544e46885 
Features included (+) or not (-): +GPU +GUI +Python
This program is licensed under the BSD-3 license. See the LICENSE file for details.
Components of this program may be licensed under more restrictive licenses which must be honored.
[INFO ORD-0030] Using 32 thread(s).
source /home/lucast/workspace/OR-flow-TCC/flow/platforms/asap7/liberty_suppressions.tcl
read_liberty /home/lucast/workspace/OR-flow-TCC/flow/platforms/asap7/lib/NLDM/asap7sc7p5t_AO_RVT_FF_nldm_211120.lib.gz
read_liberty /home/lucast/workspace/OR-flow-TCC/flow/platforms/asap7/lib/NLDM/asap7sc7p5t_INVBUF_RVT_FF_nldm_220122.lib.gz
read_liberty /home/lucast/workspace/OR-flow-TCC/flow/platforms/asap7/lib/NLDM/asap7sc7p5t_OA_RVT_FF_nldm_211120.lib.gz
read_liberty /home/lucast/workspace/OR-flow-TCC/flow/platforms/asap7/lib/NLDM/asap7sc7p5t_SIMPLE_RVT_FF_nldm_211120.lib.gz
read_liberty /home/lucast/workspace/OR-flow-TCC/flow/platforms/asap7/lib/NLDM/asap7sc7p5t_SEQ_RVT_FF_nldm_220123.lib
read_db ./results/asap7/riscv32i-mock-sram_fakeram7_256x32/base/3_place.odb
source /home/lucast/workspace/OR-flow-TCC/flow/platforms/asap7/setRC.tcl
clock_tree_synthesis -sink_clustering_enable -repair_clock_nets
[INFO CTS-0050] Root buffer is BUFx8_ASAP7_75t_R.
[INFO CTS-0051] Sink buffer is BUFx16f_ASAP7_75t_R.
[INFO CTS-0052] The following clock buffers will be used for CTS:
                    BUFx10_ASAP7_75t_R
                    BUFx16f_ASAP7_75t_R
[INFO CTS-0049] Characterization buffer is BUFx16f_ASAP7_75t_R.
[INFO CTS-0007] Net "clk" found for clock "clk".
[INFO CTS-0010]  Clock net "clk" has 97 sinks.
[INFO CTS-0008] TritonCTS found 1 clock nets.
[INFO CTS-0097] Characterization used 2 buffer(s) types.
[INFO CTS-0201] 0 blockages from hard placement blockages and placed macros will be used.
[INFO CTS-0027] Generating H-Tree topology for net clk.
[INFO CTS-0028]  Total number of sinks: 97.
[INFO CTS-0090]  Sinks will be clustered based on buffer max cap.
[INFO CTS-0030]  Number of static layers: 0.
[INFO CTS-0020]  Wire segment unit: 1350  dbu (1 um).
[INFO CTS-0023]  Original sink region: [(1231, 3645), (3661, 27675)].
[INFO CTS-0024]  Normalized sink region: [(0.911852, 2.7), (2.71185, 20.5)].
[INFO CTS-0025]     Width:  1.8000.
[INFO CTS-0026]     Height: 17.8000.
 Level 1
    Direction: Vertical
    Sinks per sub-region: 49
    Sub-region size: 1.8000 X 8.9000
[INFO CTS-0034]     Segment length (rounded): 4.
 Level 2
    Direction: Horizontal
    Sinks per sub-region: 25
    Sub-region size: 0.9000 X 8.9000
[INFO CTS-0034]     Segment length (rounded): 1.
 Level 3
    Direction: Vertical
    Sinks per sub-region: 13
    Sub-region size: 0.9000 X 4.4500
[INFO CTS-0034]     Segment length (rounded): 2.
[INFO CTS-0032]  Stop criterion found. Max number of sinks is 15.
[INFO CTS-0035]  Number of sinks covered: 97.
[INFO CTS-0018]     Created 9 clock buffers.
[INFO CTS-0012]     Minimum number of buffers in the clock path: 2.
[INFO CTS-0013]     Maximum number of buffers in the clock path: 2.
[INFO CTS-0015]     Created 9 clock nets.
[INFO CTS-0016]     Fanout distribution for the current clock = 10:1, 11:3, 13:2, 14:2..
[INFO CTS-0017]     Max level of the clock tree: 3.
[INFO CTS-0098] Clock net "clk"
[INFO CTS-0099]  Sinks 103
[INFO CTS-0100]  Leaf buffers 0
[INFO CTS-0101]  Average sink wire length 23.35 um
[INFO CTS-0102]  Path depth 2 - 2
[INFO CTS-0207]  Dummy loads inserted 6
estimate_parasitics -placement
[INFO DPL-0005] Max displacement: +/- 500 sites horizontally, +/- 100 rows vertically.
Movements Summary
---------------------------------------
Total cells:                     507
Diamond Move Success:            507 (100.00%)
Diamond Move Failure:              0
Rip-up and replace Success:        0 (  0.00% of diamond failures)
Rip-up and replace Failure:        0
Total Placement Failures:          0
---------------------------------------
Placement Analysis
---------------------------------
total displacement         22.2 u
average displacement        0.0 u
max displacement            1.1 u
original HPWL             721.6 u
legalized HPWL            810.3 u
delta HPWL                   12 %

estimate_parasitics -placement
repair_timing -setup_margin 0 -hold_margin 0 -repair_tns 100 -verbose
[INFO RSZ-0100] Repair move sequence: UnbufferMove SizeUpMove SwapPinsMove BufferMove CloneMove SplitLoadMove 
[INFO RSZ-0094] Found 97 endpoints with setup violations.
[INFO RSZ-0099] Repairing 97 out of 97 (100.00%) violating endpoints...
   Iter   | Removed | Resized | Inserted | Cloned |  Pin  |   Area   |    WNS   |   TNS      |  Viol  | Worst
          | Buffers |  Gates  | Buffers  |  Gates | Swaps |          |          |            | Endpts | Endpt
--------------------------------------------------------------------------------------------------------------
        0 |       0 |       0 |        0 |      0 |     0 |    +0.0% |  -33.398 |    -2556.0 |     97 | mem[0][16]$_DFFE_PP_/D
       10 |       0 |       4 |        1 |      2 |     2 |    +1.1% |  -23.949 |    -1902.1 |     97 | mem[0][16]$_DFFE_PP_/D
       20 |       0 |       9 |        1 |      3 |     6 |    +1.8% |  -22.964 |    -1384.3 |     97 | index[0]$_DFFE_PP_/D
       25 |       0 |      14 |        1 |      3 |     6 |    +2.0% |  -20.616 |    -1382.0 |     97 | index[0]$_DFFE_PP_/D
       30 |       0 |      16 |        1 |      4 |     7 |    +2.4% |  -20.616 |    -1198.1 |     97 | index[0]$_DFFE_PP_/D
       33 |       0 |      19 |        1 |      4 |     7 |    +2.6% |  -20.616 |    -1104.3 |     97 | index[0]$_DFFE_PP_/D
       35 |       0 |      19 |        1 |      4 |     8 |    +2.6% |  -20.616 |    -1103.8 |     97 | index[0]$_DFFE_PP_/D
       37 |       0 |      19 |        1 |      4 |     9 |    +2.6% |  -20.616 |    -1103.3 |     97 | index[0]$_DFFE_PP_/D
       38 |       0 |      19 |        1 |      4 |     9 |    +2.6% |  -20.616 |    -1103.3 |     97 | index[0]$_DFFE_PP_/D
       40 |       0 |      19 |        1 |      4 |    10 |    +2.6% |  -20.616 |    -1102.9 |     97 | index[0]$_DFFE_PP_/D
       40 |       0 |      19 |        1 |      4 |    10 |    +2.6% |  -20.616 |    -1102.9 |     97 | index[0]$_DFFE_PP_/D
       42 |       0 |      19 |        1 |      4 |    11 |    +2.6% |  -20.616 |    -1102.5 |     97 | index[0]$_DFFE_PP_/D
       47 |       0 |      19 |        1 |      5 |    11 |    +2.7% |  -20.616 |    -1163.3 |     97 | index[0]$_DFFE_PP_/D
       50 |       0 |      20 |        1 |      6 |    11 |    +2.9% |  -22.067 |    -1203.5 |     97 | mem[0][30]$_DFFE_PP_/D
       51 |       0 |      19 |        1 |      5 |    11 |    +2.7% |  -20.616 |    -1163.3 |     97 | index[0]$_DFFE_PP_/D
       53 |       0 |      19 |        1 |      5 |    12 |    +2.7% |  -20.616 |    -1162.9 |     97 | index[0]$_DFFE_PP_/D
       55 |       0 |      19 |        1 |      5 |    13 |    +2.7% |  -20.616 |    -1162.6 |     97 | index[0]$_DFFE_PP_/D
       59 |       0 |      21 |        1 |      6 |    13 |    +3.0% |  -20.616 |    -1207.3 |     97 | index[0]$_DFFE_PP_/D
       60 |       0 |      21 |        1 |      6 |    13 |    +3.0% |  -20.616 |    -1207.3 |     97 | index[0]$_DFFE_PP_/D
       62 |       0 |      22 |        1 |      6 |    13 |    +3.1% |  -20.616 |    -1205.7 |     97 | index[0]$_DFFE_PP_/D
       64 |       0 |      22 |        1 |      6 |    14 |    +3.1% |  -20.616 |    -1205.2 |     97 | index[0]$_DFFE_PP_/D
       66 |       0 |      22 |        1 |      6 |    14 |    +3.1% |  -20.616 |    -1205.2 |     97 | index[0]$_DFFE_PP_/D
       67 |       0 |      22 |        1 |      6 |    14 |    +3.1% |  -20.616 |    -1205.2 |     97 | index[0]$_DFFE_PP_/D
       68 |       0 |      22 |        1 |      6 |    14 |    +3.1% |  -20.616 |    -1205.2 |     97 | index[0]$_DFFE_PP_/D
       70 |       0 |      22 |        1 |      7 |    14 |    +3.2% |  -22.067 |    -1246.9 |     97 | mem[0][30]$_DFFE_PP_/D
       71 |       0 |      23 |        1 |      7 |    14 |    +3.2% |  -20.616 |    -1225.3 |     97 | index[0]$_DFFE_PP_/D
       73 |       0 |      23 |        1 |      7 |    15 |    +3.2% |  -20.616 |    -1224.8 |     97 | index[0]$_DFFE_PP_/D
       75 |       0 |      23 |        1 |      7 |    16 |    +3.2% |  -20.616 |    -1224.4 |     97 | index[0]$_DFFE_PP_/D
       77 |       0 |      23 |        1 |      7 |    17 |    +3.2% |  -20.616 |    -1224.1 |     97 | index[0]$_DFFE_PP_/D
       78 |       0 |      23 |        1 |      7 |    17 |    +3.2% |  -20.616 |    -1224.1 |     97 | index[0]$_DFFE_PP_/D
       79 |       0 |      23 |        1 |      7 |    17 |    +3.2% |  -20.616 |    -1224.1 |     97 | index[0]$_DFFE_PP_/D
       80 |       0 |      23 |        1 |      7 |    17 |    +3.2% |  -20.616 |    -1224.1 |     97 | index[0]$_DFFE_PP_/D
       81 |       0 |      23 |        1 |      7 |    17 |    +3.2% |  -20.616 |    -1224.1 |     97 | index[0]$_DFFE_PP_/D
       83 |       0 |      23 |        1 |      7 |    18 |    +3.2% |  -20.616 |    -1223.7 |     97 | index[0]$_DFFE_PP_/D
       87 |       0 |      25 |        1 |      8 |    18 |    +3.5% |  -20.616 |    -1264.7 |     97 | index[0]$_DFFE_PP_/D
       88 |       0 |      25 |        1 |      8 |    18 |    +3.5% |  -20.616 |    -1264.7 |     97 | index[0]$_DFFE_PP_/D
       90 |       0 |      25 |        1 |      8 |    19 |    +3.5% |  -20.616 |    -1264.4 |     97 | index[0]$_DFFE_PP_/D
       90 |       0 |      25 |        1 |      8 |    19 |    +3.5% |  -20.616 |    -1264.4 |     97 | index[0]$_DFFE_PP_/D
       94 |       0 |      27 |        1 |      9 |    19 |    +3.8% |  -20.616 |    -1305.9 |     97 | index[0]$_DFFE_PP_/D
       95 |       0 |      27 |        1 |      9 |    19 |    +3.8% |  -20.616 |    -1305.9 |     97 | index[0]$_DFFE_PP_/D
       96 |       0 |      27 |        1 |      9 |    19 |    +3.8% |  -20.616 |    -1305.9 |     97 | index[0]$_DFFE_PP_/D
       97 |       0 |      27 |        1 |      9 |    19 |    +3.8% |  -20.616 |    -1305.9 |     97 | index[0]$_DFFE_PP_/D
       98 |       0 |      27 |        1 |      9 |    19 |    +3.8% |  -20.616 |    -1305.9 |     97 | index[0]$_DFFE_PP_/D
       99 |       0 |      27 |        1 |      9 |    19 |    +3.8% |  -20.616 |    -1305.9 |     97 | index[0]$_DFFE_PP_/D
      100 |       0 |      27 |        1 |      9 |    19 |    +3.8% |  -20.616 |    -1305.9 |     97 | index[0]$_DFFE_PP_/D
      100 |       0 |      27 |        1 |      9 |    19 |    +3.8% |  -20.616 |    -1305.9 |     97 | index[0]$_DFFE_PP_/D
      102 |       0 |      27 |        1 |      9 |    19 |    +3.8% |  -20.616 |    -1305.9 |     97 | index[0]$_DFFE_PP_/D
      103 |       0 |      27 |        1 |      9 |    19 |    +3.8% |  -20.616 |    -1305.9 |     97 | index[0]$_DFFE_PP_/D
      104 |       0 |      27 |        1 |      9 |    19 |    +3.8% |  -20.616 |    -1305.9 |     97 | index[0]$_DFFE_PP_/D
      106 |       0 |      27 |        1 |      9 |    19 |    +3.8% |  -20.616 |    -1305.9 |     97 | index[0]$_DFFE_PP_/D
      108 |       0 |      27 |        1 |      9 |    20 |    +3.8% |  -20.616 |    -1305.4 |     97 | index[0]$_DFFE_PP_/D
      110 |       0 |      28 |        1 |      9 |    20 |    +3.9% |  -20.616 |    -1307.3 |     97 | index[0]$_DFFE_PP_/D
      110 |       0 |      28 |        1 |      9 |    20 |    +3.9% |  -20.616 |    -1307.3 |     97 | index[0]$_DFFE_PP_/D
      113 |       0 |      30 |        1 |      9 |    20 |    +4.1% |  -20.616 |    -1330.6 |     97 | index[0]$_DFFE_PP_/D
      118 |       0 |      32 |        1 |     10 |    21 |    +4.4% |  -20.616 |    -1349.7 |     97 | index[0]$_DFFE_PP_/D
      120 |       0 |      33 |        1 |     10 |    21 |    +4.5% |  -20.616 |    -1365.0 |     97 | index[0]$_DFFE_PP_/D
      128 |       0 |      33 |        1 |     10 |    21 |    +4.5% |  -20.616 |    -1365.0 |     97 | index[0]$_DFFE_PP_/D
      130 |       0 |      33 |        1 |     11 |    21 |    +4.7% |  -20.616 |    -1386.6 |     97 | index[0]$_DFFE_PP_/D
      136 |       0 |      33 |        1 |     10 |    21 |    +4.5% |  -20.616 |    -1365.0 |     97 | index[0]$_DFFE_PP_/D
      140 |       0 |      34 |        1 |     12 |    21 |    +4.9% |  -21.001 |    -1278.0 |     97 | mem[0][22]$_DFFE_PP_/D
      144 |       0 |      33 |        1 |     10 |    21 |    +4.5% |  -20.616 |    -1365.0 |     97 | index[0]$_DFFE_PP_/D
      146 |       0 |      34 |        1 |     10 |    21 |    +4.6% |  -20.616 |    -1366.6 |     97 | index[0]$_DFFE_PP_/D
      150 |       0 |      35 |        1 |     12 |    21 |    +5.0% |  -21.001 |    -1279.7 |     97 | mem[0][22]$_DFFE_PP_/D
      154 |       0 |      34 |        1 |     10 |    21 |    +4.6% |  -20.616 |    -1366.6 |     97 | index[0]$_DFFE_PP_/D
      157 |       0 |      35 |        1 |     10 |    22 |    +4.7% |  -20.616 |    -1367.2 |     97 | index[0]$_DFFE_PP_/D
      160 |       0 |      35 |        1 |     12 |    22 |    +4.9% |  -20.815 |    -1274.1 |     97 | mem[0][22]$_DFFE_PP_/D
      163 |       0 |      35 |        1 |     11 |    22 |    +4.8% |  -20.616 |    -1388.8 |     97 | index[0]$_DFFE_PP_/D
      166 |       0 |      36 |        1 |     11 |    23 |    +4.9% |  -20.616 |    -1338.8 |     97 | index[0]$_DFFE_PP_/D
      170 |       0 |      38 |        1 |     12 |    23 |    +5.2% |  -21.991 |    -1372.1 |     97 | mem[0][22]$_DFFE_PP_/D
      171 |       0 |      36 |        1 |     11 |    23 |    +4.9% |  -20.616 |    -1338.8 |     97 | index[0]$_DFFE_PP_/D
      174 |       0 |      37 |        2 |     11 |    23 |    +5.1% |  -20.616 |    -1400.6 |     97 | index[0]$_DFFE_PP_/D
      177 |       0 |      37 |        2 |     11 |    23 |    +5.1% |  -20.616 |    -1400.6 |     97 | index[0]$_DFFE_PP_/D
      180 |       0 |      39 |        2 |     11 |    23 |    +5.2% |  -20.796 |    -1416.6 |     97 | mem[0][22]$_DFFE_PP_/D
      180 |       0 |      37 |        2 |     11 |    23 |    +5.1% |  -20.616 |    -1400.6 |     97 | index[0]$_DFFE_PP_/D
      185 |       0 |      39 |        2 |     11 |    23 |    +5.2% |  -20.616 |    -1399.9 |     97 | index[0]$_DFFE_PP_/D
      188 |       0 |      39 |        2 |     11 |    23 |    +5.2% |  -20.616 |    -1399.9 |     97 | index[0]$_DFFE_PP_/D
      190 |       0 |      40 |        2 |     11 |    23 |    +5.2% |  -20.690 |    -1413.6 |     97 | mem[0][22]$_DFFE_PP_/D
      191 |       0 |      39 |        2 |     11 |    23 |    +5.2% |  -20.616 |    -1399.9 |     97 | index[0]$_DFFE_PP_/D
      195 |       0 |      39 |        2 |     11 |    23 |    +5.2% |  -20.616 |    -1399.9 |     97 | index[0]$_DFFE_PP_/D
      197 |       0 |      39 |        2 |     11 |    23 |    +5.2% |  -20.616 |    -1399.9 |     97 | index[0]$_DFFE_PP_/D
      200 |       0 |      40 |        2 |     12 |    23 |    +5.3% |  -21.888 |    -1430.2 |     97 | mem[0][22]$_DFFE_PP_/D
      200 |       0 |      39 |        2 |     11 |    23 |    +5.2% |  -20.616 |    -1399.9 |     97 | index[0]$_DFFE_PP_/D
      204 |       0 |      40 |        2 |     12 |    24 |    +5.4% |  -20.616 |    -1406.9 |     97 | index[0]$_DFFE_PP_/D
      207 |       0 |      40 |        2 |     12 |    24 |    +5.4% |  -20.616 |    -1406.9 |     97 | index[0]$_DFFE_PP_/D
      210 |       0 |      41 |        2 |     12 |    25 |    +5.4% |  -20.616 |    -1409.0 |     97 | index[0]$_DFFE_PP_/D
      210 |       0 |      41 |        2 |     12 |    25 |    +5.4% |  -20.616 |    -1409.0 |     97 | index[0]$_DFFE_PP_/D
      215 |       0 |      43 |        2 |     12 |    25 |    +5.5% |  -20.616 |    -1412.0 |     97 | index[0]$_DFFE_PP_/D
      218 |       0 |      43 |        2 |     12 |    25 |    +5.5% |  -20.616 |    -1412.0 |     97 | index[0]$_DFFE_PP_/D
      220 |       0 |      43 |        2 |     13 |    25 |    +5.7% |  -21.369 |    -1444.7 |     97 | mem[0][22]$_DFFE_PP_/D
      221 |       0 |      43 |        2 |     12 |    25 |    +5.5% |  -20.616 |    -1412.0 |     97 | index[0]$_DFFE_PP_/D
      225 |       0 |      44 |        2 |     12 |    25 |    +5.6% |  -20.616 |    -1415.7 |     97 | index[0]$_DFFE_PP_/D
      229 |       0 |      45 |        2 |     13 |    26 |    +5.8% |  -20.616 |    -1436.8 |     97 | index[0]$_DFFE_PP_/D
      230 |       0 |      45 |        2 |     13 |    26 |    +5.8% |  -20.616 |    -1436.8 |     97 | index[0]$_DFFE_PP_/D
      231 |       0 |      45 |        2 |     13 |    26 |    +5.8% |  -20.616 |    -1436.8 |     97 | index[0]$_DFFE_PP_/D
      233 |       0 |      45 |        2 |     13 |    26 |    +5.8% |  -20.616 |    -1436.8 |     97 | index[0]$_DFFE_PP_/D
      235 |       0 |      45 |        2 |     13 |    26 |    +5.8% |  -20.616 |    -1436.8 |     97 | index[0]$_DFFE_PP_/D
      237 |       0 |      45 |        2 |     13 |    26 |    +5.8% |  -20.616 |    -1436.8 |     97 | index[0]$_DFFE_PP_/D
      240 |       0 |      45 |        2 |     15 |    26 |    +6.0% |  -20.852 |    -1342.0 |     97 | mem[0][22]$_DFFE_PP_/D
      241 |       0 |      45 |        2 |     14 |    26 |    +5.9% |  -20.616 |    -1489.9 |     97 | index[0]$_DFFE_PP_/D
      244 |       0 |      45 |        2 |     14 |    26 |    +5.9% |  -20.616 |    -1489.9 |     97 | index[0]$_DFFE_PP_/D
      247 |       0 |      45 |        2 |     14 |    26 |    +5.9% |  -20.616 |    -1489.9 |     97 | index[0]$_DFFE_PP_/D
      248 |       0 |      45 |        2 |     14 |    26 |    +5.9% |  -20.616 |    -1489.9 |     97 | index[0]$_DFFE_PP_/D
      250 |       0 |      45 |        2 |     15 |    26 |    +6.0% |  -20.852 |    -1342.0 |     97 | mem[0][22]$_DFFE_PP_/D
      251 |       0 |      45 |        2 |     14 |    26 |    +5.9% |  -20.616 |    -1489.9 |     97 | index[0]$_DFFE_PP_/D
      254 |       0 |      45 |        2 |     14 |    26 |    +5.9% |  -20.616 |    -1489.9 |     97 | index[0]$_DFFE_PP_/D
      257 |       0 |      45 |        2 |     14 |    26 |    +5.9% |  -20.616 |    -1489.9 |     97 | index[0]$_DFFE_PP_/D
      260 |       0 |      45 |        2 |     15 |    27 |    +6.0% |  -20.852 |    -1343.3 |     97 | mem[0][22]$_DFFE_PP_/D
      260 |       0 |      45 |        2 |     14 |    26 |    +5.9% |  -20.616 |    -1489.9 |     97 | index[0]$_DFFE_PP_/D
      263 |       0 |      45 |        2 |     14 |    26 |    +5.9% |  -20.616 |    -1489.9 |     97 | index[0]$_DFFE_PP_/D
      268 |       0 |      45 |        2 |     15 |    26 |    +6.0% |  -20.616 |    -1545.3 |     97 | index[0]$_DFFE_PP_/D
      270 |       0 |      45 |        2 |     16 |    26 |    +6.1% |  -20.890 |    -1395.0 |     97 | mem[0][22]$_DFFE_PP_/D
      272 |       0 |      45 |        2 |     15 |    26 |    +6.0% |  -20.616 |    -1545.3 |     97 | index[0]$_DFFE_PP_/D
      276 |       0 |      45 |        2 |     15 |    26 |    +6.0% |  -20.616 |    -1545.3 |     97 | index[0]$_DFFE_PP_/D
      280 |       0 |      46 |        2 |     16 |    27 |    +6.2% |  -21.573 |    -1390.8 |     97 | mem[0][22]$_DFFE_PP_/D
      280 |       0 |      45 |        2 |     15 |    26 |    +6.0% |  -20.616 |    -1545.3 |     97 | index[0]$_DFFE_PP_/D
      284 |       0 |      45 |        2 |     15 |    26 |    +6.0% |  -20.616 |    -1545.3 |     97 | index[0]$_DFFE_PP_/D
      288 |       0 |      45 |        2 |     15 |    26 |    +6.0% |  -20.616 |    -1545.3 |     97 | index[0]$_DFFE_PP_/D
      290 |       0 |      45 |        2 |     16 |    26 |    +6.1% |  -20.890 |    -1395.0 |     97 | mem[0][22]$_DFFE_PP_/D
      292 |       0 |      45 |        2 |     15 |    26 |    +6.0% |  -20.616 |    -1545.3 |     97 | index[0]$_DFFE_PP_/D
      296 |       0 |      45 |        2 |     15 |    26 |    +6.0% |  -20.616 |    -1545.3 |     97 | index[0]$_DFFE_PP_/D
      300 |       0 |      46 |        2 |     16 |    27 |    +6.1% |  -20.890 |    -1392.0 |     97 | mem[0][22]$_DFFE_PP_/D
      300 |       0 |      45 |        2 |     15 |    26 |    +6.0% |  -20.616 |    -1545.3 |     97 | index[0]$_DFFE_PP_/D
      304 |       0 |      45 |        2 |     15 |    26 |    +6.0% |  -20.616 |    -1545.3 |     97 | index[0]$_DFFE_PP_/D
      308 |       0 |      45 |        2 |     15 |    26 |    +6.0% |  -20.616 |    -1545.3 |     97 | index[0]$_DFFE_PP_/D
      310 |       0 |      45 |        2 |     16 |    26 |    +6.1% |  -20.890 |    -1395.0 |     97 | mem[0][22]$_DFFE_PP_/D
      312 |       0 |      45 |        2 |     15 |    26 |    +6.0% |  -20.616 |    -1545.3 |     97 | index[0]$_DFFE_PP_/D
      316 |       0 |      45 |        2 |     15 |    26 |    +6.0% |  -20.616 |    -1545.3 |     97 | index[0]$_DFFE_PP_/D
      320 |       0 |      46 |        2 |     16 |    27 |    +6.2% |  -21.573 |    -1390.8 |     97 | mem[0][22]$_DFFE_PP_/D
      320 |       0 |      45 |        2 |     15 |    26 |    +6.0% |  -20.616 |    -1545.3 |     97 | index[0]$_DFFE_PP_/D
      324 |       0 |      45 |        2 |     15 |    26 |    +6.0% |  -20.616 |    -1545.3 |     97 | index[0]$_DFFE_PP_/D
     325* |       0 |      45 |        2 |     15 |    26 |    +6.0% |  -20.616 |    -1545.3 |     97 | index[0]$_DFFE_PP_/D
     326* |       0 |      45 |        2 |     15 |    26 |    +6.0% |  -20.616 |    -1545.3 |     97 | index[0]$_DFFE_PP_/D
     327* |       0 |      45 |        2 |     15 |    26 |    +6.0% |  -20.616 |    -1545.3 |     97 | index[0]$_DFFE_PP_/D
     328* |       0 |      45 |        2 |     15 |    26 |    +6.0% |  -20.616 |    -1545.3 |     97 | index[0]$_DFFE_PP_/D
     330* |       0 |      45 |        2 |     15 |    27 |    +6.0% |  -20.616 |    -1544.8 |     97 | index[0]$_DFFE_PP_/D
     330* |       0 |      45 |        2 |     15 |    27 |    +6.0% |  -20.616 |    -1544.8 |     97 | index[0]$_DFFE_PP_/D
     331* |       0 |      45 |        2 |     15 |    27 |    +6.0% |  -20.616 |    -1544.8 |     97 | index[0]$_DFFE_PP_/D
     332* |       0 |      45 |        2 |     15 |    27 |    +6.0% |  -20.616 |    -1544.8 |     97 | index[0]$_DFFE_PP_/D
     333* |       0 |      45 |        2 |     15 |    27 |    +6.0% |  -20.616 |    -1544.8 |     97 | index[0]$_DFFE_PP_/D
     334* |       0 |      45 |        2 |     15 |    27 |    +6.0% |  -20.616 |    -1544.8 |     97 | index[0]$_DFFE_PP_/D
     335* |       0 |      45 |        2 |     15 |    27 |    +6.0% |  -20.616 |    -1544.8 |     97 | index[0]$_DFFE_PP_/D
     336* |       0 |      45 |        2 |     15 |    27 |    +6.0% |  -20.616 |    -1544.8 |     97 | index[0]$_DFFE_PP_/D
     337* |       0 |      45 |        2 |     15 |    27 |    +6.0% |  -20.616 |    -1544.8 |     97 | index[0]$_DFFE_PP_/D
     338* |       0 |      45 |        2 |     15 |    27 |    +6.0% |  -20.616 |    -1544.8 |     97 | index[0]$_DFFE_PP_/D
     339* |       0 |      45 |        2 |     15 |    27 |    +6.0% |  -20.616 |    -1544.8 |     97 | index[0]$_DFFE_PP_/D
     340* |       0 |      45 |        2 |     15 |    27 |    +6.0% |  -20.616 |    -1544.8 |     97 | index[0]$_DFFE_PP_/D
     340* |       0 |      45 |        2 |     15 |    27 |    +6.0% |  -20.616 |    -1544.8 |     97 | index[0]$_DFFE_PP_/D
     341* |       0 |      45 |        2 |     15 |    27 |    +6.0% |  -20.616 |    -1544.8 |     97 | index[0]$_DFFE_PP_/D
     342* |       0 |      45 |        2 |     15 |    27 |    +6.0% |  -20.616 |    -1544.8 |     97 | index[0]$_DFFE_PP_/D
     343* |       0 |      45 |        2 |     15 |    27 |    +6.0% |  -20.616 |    -1544.8 |     97 | index[0]$_DFFE_PP_/D
     344* |       0 |      45 |        2 |     15 |    27 |    +6.0% |  -20.616 |    -1544.8 |     97 | index[0]$_DFFE_PP_/D
     345* |       0 |      45 |        2 |     15 |    27 |    +6.0% |  -20.616 |    -1544.8 |     97 | index[0]$_DFFE_PP_/D
     346* |       0 |      45 |        2 |     15 |    27 |    +6.0% |  -20.616 |    -1544.8 |     97 | index[0]$_DFFE_PP_/D
     347* |       0 |      45 |        2 |     15 |    27 |    +6.0% |  -20.616 |    -1544.8 |     97 | index[0]$_DFFE_PP_/D
     348* |       0 |      45 |        2 |     15 |    27 |    +6.0% |  -20.616 |    -1544.8 |     97 | index[0]$_DFFE_PP_/D
     349* |       0 |      45 |        2 |     15 |    27 |    +6.0% |  -20.616 |    -1544.8 |     97 | index[0]$_DFFE_PP_/D
     350* |       0 |      45 |        2 |     15 |    27 |    +6.0% |  -20.616 |    -1544.8 |     97 | index[0]$_DFFE_PP_/D
     350* |       0 |      45 |        2 |     15 |    27 |    +6.0% |  -20.616 |    -1544.8 |     97 | index[0]$_DFFE_PP_/D
     351* |       0 |      45 |        2 |     15 |    27 |    +6.0% |  -20.616 |    -1544.8 |     97 | index[0]$_DFFE_PP_/D
     352* |       0 |      45 |        2 |     15 |    27 |    +6.0% |  -20.616 |    -1544.8 |     97 | index[0]$_DFFE_PP_/D
     353* |       0 |      45 |        2 |     15 |    27 |    +6.0% |  -20.616 |    -1544.8 |     97 | index[0]$_DFFE_PP_/D
     354* |       0 |      45 |        2 |     15 |    27 |    +6.0% |  -20.616 |    -1544.8 |     97 | index[0]$_DFFE_PP_/D
     355* |       0 |      45 |        2 |     15 |    27 |    +6.0% |  -20.616 |    -1544.8 |     97 | index[0]$_DFFE_PP_/D
     356* |       0 |      45 |        2 |     15 |    27 |    +6.0% |  -20.616 |    -1544.8 |     97 | index[0]$_DFFE_PP_/D
     357* |       0 |      45 |        2 |     15 |    27 |    +6.0% |  -20.616 |    -1544.8 |     97 | index[0]$_DFFE_PP_/D
     358* |       0 |      45 |        2 |     15 |    27 |    +6.0% |  -20.616 |    -1544.8 |     97 | index[0]$_DFFE_PP_/D
     359* |       0 |      45 |        2 |     15 |    27 |    +6.0% |  -20.616 |    -1544.8 |     97 | index[0]$_DFFE_PP_/D
     360* |       0 |      45 |        2 |     15 |    27 |    +6.0% |  -20.616 |    -1544.8 |     97 | index[0]$_DFFE_PP_/D
     360* |       0 |      45 |        2 |     15 |    27 |    +6.0% |  -20.616 |    -1544.8 |     97 | index[0]$_DFFE_PP_/D
     361* |       0 |      45 |        2 |     15 |    27 |    +6.0% |  -20.616 |    -1544.8 |     97 | index[0]$_DFFE_PP_/D
     362* |       0 |      45 |        2 |     15 |    27 |    +6.0% |  -20.616 |    -1544.8 |     97 | index[0]$_DFFE_PP_/D
     363* |       0 |      45 |        2 |     15 |    27 |    +6.0% |  -20.616 |    -1544.8 |     97 | index[0]$_DFFE_PP_/D
     364* |       0 |      45 |        2 |     15 |    27 |    +6.0% |  -20.616 |    -1544.8 |     97 | index[0]$_DFFE_PP_/D
     365* |       0 |      45 |        2 |     15 |    27 |    +6.0% |  -20.616 |    -1544.8 |     97 | index[0]$_DFFE_PP_/D
     366* |       0 |      45 |        2 |     15 |    27 |    +6.0% |  -20.616 |    -1544.8 |     97 | index[0]$_DFFE_PP_/D
     367* |       0 |      45 |        2 |     15 |    27 |    +6.0% |  -20.616 |    -1544.8 |     97 | index[0]$_DFFE_PP_/D
     368* |       0 |      45 |        2 |     15 |    27 |    +6.0% |  -20.616 |    -1544.8 |     97 | index[0]$_DFFE_PP_/D
     369* |       0 |      45 |        2 |     15 |    27 |    +6.0% |  -20.616 |    -1544.8 |     97 | index[0]$_DFFE_PP_/D
     370* |       0 |      45 |        2 |     15 |    27 |    +6.0% |  -20.616 |    -1544.8 |     97 | index[0]$_DFFE_PP_/D
     370* |       0 |      45 |        2 |     15 |    27 |    +6.0% |  -20.616 |    -1544.8 |     97 | index[0]$_DFFE_PP_/D
     371* |       0 |      45 |        2 |     15 |    27 |    +6.0% |  -20.616 |    -1544.8 |     97 | index[0]$_DFFE_PP_/D
     372* |       0 |      45 |        2 |     15 |    27 |    +6.0% |  -20.616 |    -1544.8 |     97 | index[0]$_DFFE_PP_/D
     373* |       0 |      45 |        2 |     15 |    27 |    +6.0% |  -20.616 |    -1544.8 |     97 | index[0]$_DFFE_PP_/D
     374* |       0 |      45 |        2 |     15 |    27 |    +6.0% |  -20.616 |    -1544.8 |     97 | index[0]$_DFFE_PP_/D
     375* |       0 |      45 |        2 |     15 |    27 |    +6.0% |  -20.616 |    -1544.8 |     97 | index[0]$_DFFE_PP_/D
     376* |       0 |      45 |        2 |     15 |    27 |    +6.0% |  -20.616 |    -1544.8 |     97 | index[0]$_DFFE_PP_/D
     377* |       0 |      45 |        2 |     15 |    27 |    +6.0% |  -20.616 |    -1544.8 |     97 | index[0]$_DFFE_PP_/D
     378* |       0 |      45 |        2 |     15 |    27 |    +6.0% |  -20.616 |    -1544.8 |     97 | index[0]$_DFFE_PP_/D
     379* |       0 |      45 |        2 |     15 |    27 |    +6.0% |  -20.616 |    -1544.8 |     97 | index[0]$_DFFE_PP_/D
     380* |       0 |      45 |        2 |     15 |    27 |    +6.0% |  -20.616 |    -1544.8 |     97 | index[0]$_DFFE_PP_/D
     380* |       0 |      45 |        2 |     15 |    27 |    +6.0% |  -20.616 |    -1544.8 |     97 | index[0]$_DFFE_PP_/D
     381* |       0 |      45 |        2 |     15 |    27 |    +6.0% |  -20.616 |    -1544.8 |     97 | index[0]$_DFFE_PP_/D
     382* |       0 |      45 |        2 |     15 |    27 |    +6.0% |  -20.616 |    -1544.8 |     97 | index[0]$_DFFE_PP_/D
     383* |       0 |      45 |        2 |     15 |    27 |    +6.0% |  -20.616 |    -1544.8 |     97 | index[0]$_DFFE_PP_/D
     384* |       0 |      45 |        2 |     15 |    27 |    +6.0% |  -20.616 |    -1544.8 |     97 | index[0]$_DFFE_PP_/D
     385* |       0 |      45 |        2 |     15 |    27 |    +6.0% |  -20.616 |    -1544.8 |     97 | index[0]$_DFFE_PP_/D
     386* |       0 |      45 |        2 |     15 |    27 |    +6.0% |  -20.616 |    -1544.8 |     97 | index[0]$_DFFE_PP_/D
     387* |       0 |      45 |        2 |     15 |    27 |    +6.0% |  -20.616 |    -1544.8 |     97 | index[0]$_DFFE_PP_/D
     388* |       0 |      45 |        2 |     15 |    27 |    +6.0% |  -20.616 |    -1544.8 |     97 | index[0]$_DFFE_PP_/D
     389* |       0 |      45 |        2 |     15 |    27 |    +6.0% |  -20.616 |    -1544.8 |     97 | index[0]$_DFFE_PP_/D
     390* |       0 |      45 |        2 |     15 |    27 |    +6.0% |  -20.616 |    -1544.8 |     97 | index[0]$_DFFE_PP_/D
     390* |       0 |      45 |        2 |     15 |    27 |    +6.0% |  -20.616 |    -1544.8 |     97 | index[0]$_DFFE_PP_/D
     391* |       0 |      45 |        2 |     15 |    27 |    +6.0% |  -20.616 |    -1544.8 |     97 | index[0]$_DFFE_PP_/D
     392* |       0 |      45 |        2 |     15 |    27 |    +6.0% |  -20.616 |    -1544.8 |     97 | index[0]$_DFFE_PP_/D
     393* |       0 |      45 |        2 |     15 |    27 |    +6.0% |  -20.616 |    -1544.8 |     97 | index[0]$_DFFE_PP_/D
     394* |       0 |      45 |        2 |     15 |    27 |    +6.0% |  -20.616 |    -1544.8 |     97 | index[0]$_DFFE_PP_/D
     395* |       0 |      45 |        2 |     15 |    27 |    +6.0% |  -20.616 |    -1544.8 |     97 | index[0]$_DFFE_PP_/D
     396* |       0 |      45 |        2 |     15 |    27 |    +6.0% |  -20.616 |    -1544.8 |     97 | index[0]$_DFFE_PP_/D
     397* |       0 |      45 |        2 |     15 |    27 |    +6.0% |  -20.616 |    -1544.8 |     97 | index[0]$_DFFE_PP_/D
     398* |       0 |      45 |        2 |     15 |    27 |    +6.0% |  -20.616 |    -1544.8 |     97 | index[0]$_DFFE_PP_/D
     399* |       0 |      45 |        2 |     15 |    27 |    +6.0% |  -20.616 |    -1544.8 |     97 | index[0]$_DFFE_PP_/D
     400* |       0 |      45 |        2 |     15 |    27 |    +6.0% |  -20.616 |    -1544.8 |     97 | index[0]$_DFFE_PP_/D
     400* |       0 |      45 |        2 |     15 |    27 |    +6.0% |  -20.616 |    -1544.8 |     97 | index[0]$_DFFE_PP_/D
     401* |       0 |      45 |        2 |     15 |    27 |    +6.0% |  -20.616 |    -1544.8 |     97 | index[0]$_DFFE_PP_/D
     402* |       0 |      45 |        2 |     15 |    27 |    +6.0% |  -20.616 |    -1544.8 |     97 | index[0]$_DFFE_PP_/D
     403* |       0 |      45 |        2 |     15 |    27 |    +6.0% |  -20.616 |    -1544.8 |     97 | index[0]$_DFFE_PP_/D
     404* |       0 |      45 |        2 |     15 |    27 |    +6.0% |  -20.616 |    -1544.8 |     97 | index[0]$_DFFE_PP_/D
     405* |       0 |      45 |        2 |     15 |    27 |    +6.0% |  -20.616 |    -1544.8 |     97 | index[0]$_DFFE_PP_/D
     406* |       0 |      45 |        2 |     15 |    27 |    +6.0% |  -20.616 |    -1544.8 |     97 | index[0]$_DFFE_PP_/D
     407* |       0 |      45 |        2 |     15 |    27 |    +6.0% |  -20.616 |    -1544.8 |     97 | index[0]$_DFFE_PP_/D
     408* |       0 |      45 |        2 |     15 |    27 |    +6.0% |  -20.616 |    -1544.8 |     97 | index[0]$_DFFE_PP_/D
     409* |       0 |      45 |        2 |     15 |    27 |    +6.0% |  -20.616 |    -1544.8 |     97 | index[0]$_DFFE_PP_/D
     410* |       0 |      45 |        2 |     15 |    27 |    +6.0% |  -20.616 |    -1544.8 |     97 | index[0]$_DFFE_PP_/D
     410* |       0 |      45 |        2 |     15 |    27 |    +6.0% |  -20.616 |    -1544.8 |     97 | index[0]$_DFFE_PP_/D
     411* |       0 |      45 |        2 |     15 |    27 |    +6.0% |  -20.616 |    -1544.8 |     97 | index[0]$_DFFE_PP_/D
     412* |       0 |      45 |        2 |     15 |    27 |    +6.0% |  -20.616 |    -1544.8 |     97 | index[0]$_DFFE_PP_/D
     413* |       0 |      45 |        2 |     15 |    27 |    +6.0% |  -20.616 |    -1544.8 |     97 | index[0]$_DFFE_PP_/D
     414* |       0 |      45 |        2 |     15 |    27 |    +6.0% |  -20.616 |    -1544.8 |     97 | index[0]$_DFFE_PP_/D
     415* |       0 |      45 |        2 |     15 |    27 |    +6.0% |  -20.616 |    -1544.8 |     97 | index[0]$_DFFE_PP_/D
     416* |       0 |      45 |        2 |     15 |    27 |    +6.0% |  -20.616 |    -1544.8 |     97 | index[0]$_DFFE_PP_/D
     417* |       0 |      45 |        2 |     15 |    27 |    +6.0% |  -20.616 |    -1544.8 |     97 | index[0]$_DFFE_PP_/D
     418* |       0 |      45 |        2 |     15 |    27 |    +6.0% |  -20.616 |    -1544.8 |     97 | index[0]$_DFFE_PP_/D
     419* |       0 |      45 |        2 |     15 |    27 |    +6.0% |  -20.616 |    -1544.8 |     97 | index[0]$_DFFE_PP_/D
     420* |       0 |      45 |        2 |     15 |    27 |    +6.0% |  -20.616 |    -1544.8 |     97 | index[0]$_DFFE_PP_/D
     420* |       0 |      45 |        2 |     15 |    27 |    +6.0% |  -20.616 |    -1544.8 |     97 | index[0]$_DFFE_PP_/D
     421* |       0 |      45 |        2 |     15 |    27 |    +6.0% |  -20.616 |    -1544.8 |     97 | index[0]$_DFFE_PP_/D
     422* |       0 |      45 |        2 |     15 |    27 |    +6.0% |  -20.616 |    -1544.8 |     97 | index[0]$_DFFE_PP_/D
    final |       0 |      45 |        2 |     15 |    27 |    +6.0% |  -20.616 |    -1544.8 |     97 | index[0]$_DFFE_PP_/D
--------------------------------------------------------------------------------------------------------------
[INFO RSZ-0040] Inserted 2 buffers.
[INFO RSZ-0051] Resized 45 instances: 45 up, 0 up match, 0 down, 0 VT
[INFO RSZ-0043] Swapped pins on 27 instances.
[INFO RSZ-0049] Cloned 15 instances.
[WARNING RSZ-0062] Unable to repair all setup violations.
[INFO RSZ-0033] No hold violations found.
Repair timing output passed lec test
[INFO DPL-0005] Max displacement: +/- 500 sites horizontally, +/- 100 rows vertically.
Movements Summary
---------------------------------------
Total cells:                     524
Diamond Move Success:            524 (100.00%)
Diamond Move Failure:              0
Rip-up and replace Success:        0 (  0.00% of diamond failures)
Rip-up and replace Failure:        0
Total Placement Failures:          0
---------------------------------------
Placement Analysis
---------------------------------
total displacement         73.4 u
average displacement        0.1 u
max displacement            2.4 u
original HPWL             928.6 u
legalized HPWL           1002.7 u
delta HPWL                    8 %

Report metrics stage 4, cts final...

==========================================================================
cts final report_design_area
--------------------------------------------------------------------------
Design area 79 um^2 70% utilization.
write_db ./results/asap7/riscv32i-mock-sram_fakeram7_256x32/base/4_1_cts.odb
write_sdc -no_timestamp ./results/asap7/riscv32i-mock-sram_fakeram7_256x32/base/4_cts.sdc
Elapsed time: 0:03.69[h:]min:sec. CPU time: user 5.86 sys 5.35 (303%). Peak memory: 236056KB.
Log                        Elapsed/s Peak Memory/MB  sha1sum .odb [0:20)
4_1_cts                            3            230 7e8c9120745983ef521d
