OpenROAD fe1aa0f9d0254fac87b82c886c04ee1544e46885 
Features included (+) or not (-): +GPU +GUI +Python
This program is licensed under the BSD-3 license. See the LICENSE file for details.
Components of this program may be licensed under more restrictive licenses which must be honored.
[INFO ORD-0030] Using 32 thread(s).
source /home/lucast/workspace/OR-flow-TCC/flow/platforms/asap7/liberty_suppressions.tcl
read_liberty /home/lucast/workspace/OR-flow-TCC/flow/platforms/asap7/lib/NLDM/asap7sc7p5t_AO_RVT_FF_nldm_211120.lib.gz
read_liberty /home/lucast/workspace/OR-flow-TCC/flow/platforms/asap7/lib/NLDM/asap7sc7p5t_INVBUF_RVT_FF_nldm_220122.lib.gz
read_liberty /home/lucast/workspace/OR-flow-TCC/flow/platforms/asap7/lib/NLDM/asap7sc7p5t_OA_RVT_FF_nldm_211120.lib.gz
read_liberty /home/lucast/workspace/OR-flow-TCC/flow/platforms/asap7/lib/NLDM/asap7sc7p5t_SIMPLE_RVT_FF_nldm_211120.lib.gz
read_liberty /home/lucast/workspace/OR-flow-TCC/flow/platforms/asap7/lib/NLDM/asap7sc7p5t_SEQ_RVT_FF_nldm_220123.lib
read_liberty /home/lucast/workspace/OR-flow-TCC/flow/platforms/asap7/lib/NLDM/asap7sc7p5t_AO_LVT_FF_nldm_211120.lib.gz
read_liberty /home/lucast/workspace/OR-flow-TCC/flow/platforms/asap7/lib/NLDM/asap7sc7p5t_INVBUF_LVT_FF_nldm_220122.lib.gz
read_liberty /home/lucast/workspace/OR-flow-TCC/flow/platforms/asap7/lib/NLDM/asap7sc7p5t_OA_LVT_FF_nldm_211120.lib.gz
read_liberty /home/lucast/workspace/OR-flow-TCC/flow/platforms/asap7/lib/NLDM/asap7sc7p5t_SIMPLE_LVT_FF_nldm_211120.lib.gz
read_liberty /home/lucast/workspace/OR-flow-TCC/flow/platforms/asap7/lib/NLDM/asap7sc7p5t_SEQ_LVT_FF_nldm_220123.lib
read_liberty /home/lucast/workspace/OR-flow-TCC/flow/platforms/asap7/lib/NLDM/asap7sc7p5t_AO_SLVT_FF_nldm_211120.lib.gz
read_liberty /home/lucast/workspace/OR-flow-TCC/flow/platforms/asap7/lib/NLDM/asap7sc7p5t_INVBUF_SLVT_FF_nldm_220122.lib.gz
read_liberty /home/lucast/workspace/OR-flow-TCC/flow/platforms/asap7/lib/NLDM/asap7sc7p5t_OA_SLVT_FF_nldm_211120.lib.gz
read_liberty /home/lucast/workspace/OR-flow-TCC/flow/platforms/asap7/lib/NLDM/asap7sc7p5t_SIMPLE_SLVT_FF_nldm_211120.lib.gz
read_liberty /home/lucast/workspace/OR-flow-TCC/flow/platforms/asap7/lib/NLDM/asap7sc7p5t_SEQ_SLVT_FF_nldm_220123.lib
read_liberty /home/lucast/workspace/OR-flow-TCC/flow/platforms/asap7/lib/NLDM/fakeram7_64x256.lib
read_liberty /home/lucast/workspace/OR-flow-TCC/flow/platforms/asap7/lib/NLDM/fakeram7_128x64.lib
read_liberty /home/lucast/workspace/OR-flow-TCC/flow/platforms/asap7/lib/NLDM/fakeram7_64x28.lib
read_liberty /home/lucast/workspace/OR-flow-TCC/flow/platforms/asap7/lib/NLDM/fakeram7_64x25.lib
read_liberty /home/lucast/workspace/OR-flow-TCC/flow/platforms/asap7/lib/NLDM/asap7sc7p5t_DFFHQNH2V2X_RVT_TT_nldm_FAKE.lib
read_liberty /home/lucast/workspace/OR-flow-TCC/flow/platforms/asap7/lib/NLDM/asap7sc7p5t_DFFHQNV2X_RVT_TT_nldm_FAKE.lib
read_db ./results/asap7/cva6/baseline_alpha_8-beta_0.1/3_place.odb
source /home/lucast/workspace/OR-flow-TCC/flow/platforms/asap7/setRC.tcl
clock_tree_synthesis -sink_clustering_enable -repair_clock_nets -library asap7sc7p5t_INVBUF_SLVT_FF_nldm_211120
[INFO CTS-0210] Clock buffers will be chosen from library asap7sc7p5t_INVBUF_SLVT_FF_nldm_211120
[INFO CTS-0050] Root buffer is BUFx24_ASAP7_75t_SL.
[INFO CTS-0051] Sink buffer is BUFx24_ASAP7_75t_SL.
[INFO CTS-0052] The following clock buffers will be used for CTS:
                    BUFx24_ASAP7_75t_SL
[INFO CTS-0049] Characterization buffer is BUFx24_ASAP7_75t_SL.
[INFO CTS-0007] Net "clk_i" found for clock "main_clk".
[INFO CTS-0011]  Clock net "clk_i" for macros has 8 sinks.
[INFO CTS-0011]  Clock net "clk_i_regs" for registers has 7728 sinks.
[INFO CTS-0008] TritonCTS found 2 clock nets.
[INFO CTS-0097] Characterization used 1 buffer(s) types.
[INFO CTS-0201] 8 blockages from hard placement blockages and placed macros will be used.
[INFO CTS-0027] Generating H-Tree topology for net clk_i.
[INFO CTS-0028]  Total number of sinks: 8.
[INFO CTS-0029]  Macro  sinks will be clustered in groups of up to 4 and with maximum cluster diameter of 93.6 um.
[INFO CTS-0030]  Number of static layers: 0.
[INFO CTS-0020]  Wire segment unit: 1350  dbu (1 um).
[INFO CTS-0023]  Original sink region: [(18150, 5340), (136352, 152844)].
[INFO CTS-0024]  Normalized sink region: [(13.4444, 3.95556), (101.001, 113.218)].
[INFO CTS-0025]     Width:  87.5570.
[INFO CTS-0026]     Height: 109.2622.
 Level 1
    Direction: Vertical
    Sinks per sub-region: 4
    Sub-region size: 87.5570 X 54.6311
[INFO CTS-0034]     Segment length (rounded): 28.
[INFO CTS-0032]  Stop criterion found. Max number of sinks is 10.
[INFO CTS-0035]  Number of sinks covered: 8.
[INFO CTS-0201] 8 blockages from hard placement blockages and placed macros will be used.
[INFO CTS-0027] Generating H-Tree topology for net clk_i_regs.
[INFO CTS-0028]  Total number of sinks: 7728.
[INFO CTS-0090]  Sinks will be clustered based on buffer max cap.
[INFO CTS-0030]  Number of static layers: 0.
[INFO CTS-0020]  Wire segment unit: 1350  dbu (1 um).
[INFO CTS-0206] Best clustering solution was found from clustering size of 10 and clustering diameter of 50.
[INFO CTS-0019]  Total number of sinks after clustering: 355.
[INFO CTS-0024]  Normalized sink region: [(17.5891, 2.6363), (114.492, 114.52)].
[INFO CTS-0025]     Width:  96.9027.
[INFO CTS-0026]     Height: 111.8839.
 Level 1
    Direction: Vertical
    Sinks per sub-region: 178
    Sub-region size: 96.9027 X 55.9420
[INFO CTS-0034]     Segment length (rounded): 28.
 Level 2
    Direction: Horizontal
    Sinks per sub-region: 89
    Sub-region size: 48.4513 X 55.9420
[INFO CTS-0034]     Segment length (rounded): 24.
 Level 3
    Direction: Vertical
    Sinks per sub-region: 45
    Sub-region size: 48.4513 X 27.9710
[INFO CTS-0034]     Segment length (rounded): 14.
 Level 4
    Direction: Horizontal
    Sinks per sub-region: 23
    Sub-region size: 24.2257 X 27.9710
[INFO CTS-0034]     Segment length (rounded): 12.
 Level 5
    Direction: Vertical
    Sinks per sub-region: 12
    Sub-region size: 24.2257 X 13.9855
[INFO CTS-0034]     Segment length (rounded): 6.
 Level 6
    Direction: Horizontal
    Sinks per sub-region: 6
    Sub-region size: 12.1128 X 13.9855
[INFO CTS-0034]     Segment length (rounded): 6.
[INFO CTS-0032]  Stop criterion found. Max number of sinks is 10.
[INFO CTS-0035]  Number of sinks covered: 355.
[INFO CTS-0018]     Created 3 clock buffers.
[INFO CTS-0012]     Minimum number of buffers in the clock path: 2.
[INFO CTS-0013]     Maximum number of buffers in the clock path: 2.
[INFO CTS-0015]     Created 3 clock nets.
[INFO CTS-0016]     Fanout distribution for the current clock = 4:2..
[INFO CTS-0017]     Max level of the clock tree: 1.
[INFO CTS-0018]     Created 462 clock buffers.
[INFO CTS-0012]     Minimum number of buffers in the clock path: 6.
[INFO CTS-0013]     Maximum number of buffers in the clock path: 6.
[INFO CTS-0015]     Created 462 clock nets.
[INFO CTS-0016]     Fanout distribution for the current clock = 5:29, 6:35, 8:1, 9:3, 10:3, 12:3, 13:4, 14:2, 15:3, 16:7, 17:13, 18:12, 19:21, 20:34, 21:33, 22:55, 23:31, 24:60, 25:31, 26:18, 27:15, 28:4, 29:2..
[INFO CTS-0017]     Max level of the clock tree: 6.
[INFO CTS-0098] Clock net "clk_i"
[INFO CTS-0099]  Sinks 8
[INFO CTS-0100]  Leaf buffers 0
[INFO CTS-0101]  Average sink wire length 267.52 um
[INFO CTS-0102]  Path depth 2 - 2
[INFO CTS-0207]  Dummy loads inserted 0
[INFO CTS-0098] Clock net "clk_i_regs"
[INFO CTS-0099]  Sinks 8032
[INFO CTS-0100]  Leaf buffers 355
[INFO CTS-0101]  Average sink wire length 120.01 um
[INFO CTS-0102]  Path depth 5 - 6
[INFO CTS-0207]  Dummy loads inserted 304
[INFO RSZ-0047] Found 1 long wires.
[INFO RSZ-0048] Inserted 1 buffers in 1 nets.
[INFO CTS-0033] Balancing latency for clock main_clk
[INFO CTS-0036]  inserted 0 delay buffers
Took 6 seconds: clock_tree_synthesis -sink_clustering_enable -repair_clock_nets -library asap7sc7p5t_INVBUF_SLVT_FF_nldm_211120
estimate_parasitics -placement
[INFO DPL-0005] Max displacement: +/- 500 sites horizontally, +/- 100 rows vertically.
Movements Summary
---------------------------------------
Total cells:                  113075
Diamond Move Success:         113075 (100.00%)
Diamond Move Failure:              0
Rip-up and replace Success:        0 (  0.00% of diamond failures)
Rip-up and replace Failure:        0
Total Placement Failures:          0
---------------------------------------
Placement Analysis
---------------------------------
total displacement       8701.4 u
average displacement        0.1 u
max displacement           16.7 u
original HPWL          552952.7 u
legalized HPWL         570151.4 u
delta HPWL                    3 %

estimate_parasitics -placement
Warning: master DFFHQNH2V2Xx1_ASAP7_75t_L has signal pins but no liberty cell
Warning: master DFFHQNH2V2Xx1_ASAP7_75t_SL has signal pins but no liberty cell
Warning: master DFFHQNH2V2Xx2_ASAP7_75t_L has signal pins but no liberty cell
Warning: master DFFHQNH2V2Xx2_ASAP7_75t_SL has signal pins but no liberty cell
Warning: master DFFHQNH2V2Xx3_ASAP7_75t_L has signal pins but no liberty cell
Warning: master DFFHQNH2V2Xx3_ASAP7_75t_SL has signal pins but no liberty cell
Warning: master DFFHQNV2Xx1_ASAP7_75t_L has signal pins but no liberty cell
Warning: master DFFHQNV2Xx1_ASAP7_75t_SL has signal pins but no liberty cell
Warning: master DFFHQNV2Xx2_ASAP7_75t_L has signal pins but no liberty cell
Warning: master DFFHQNV2Xx2_ASAP7_75t_SL has signal pins but no liberty cell
Warning: master DFFHQNV2Xx3_ASAP7_75t_L has signal pins but no liberty cell
Warning: master DFFHQNV2Xx3_ASAP7_75t_SL has signal pins but no liberty cell
repair_timing -setup_margin 0 -hold_margin 0 -repair_tns 100 -verbose
[INFO RSZ-0100] Repair move sequence: UnbufferMove VTSwapSpeed SizeUpMove SwapPinsMove BufferMove CloneMove SplitLoadMove 
[INFO RSZ-0094] Found 9 endpoints with setup violations.
[INFO RSZ-0099] Repairing 9 out of 9 (100.00%) violating endpoints...
   Iter   | Removed | Resized | Inserted | Cloned |  Pin  |   Area   |    WNS   |   TNS      |  Viol  | Worst
          | Buffers |  Gates  | Buffers  |  Gates | Swaps |          |          |            | Endpts | Endpt
--------------------------------------------------------------------------------------------------------------
        0 |       0 |       0 |        0 |      0 |     0 |    +0.0% |  -57.800 |     -185.6 |      9 | gen_cache_hpd.i_cache_subsystem.i_cva6_icache.gen_sram[0].data_sram.gen_techno_cut.genblk1.i_tc_sram_wrapper/we_in
       10 |       0 |       2 |        4 |      0 |     4 |    +0.0% |  -24.191 |      -63.8 |      9 | ex_stage_i.i_mult.i_multiplier.mult_result_q[62]$_DFF_PN0_/D
       20 |       0 |       5 |       12 |      0 |     7 |    +0.0% |  -11.207 |      -21.4 |      9 | ex_stage_i.i_mult.i_multiplier.mult_result_q[62]$_DFF_PN0_/D
       29 |       0 |      11 |       14 |      0 |     9 |    +0.0% |   -2.261 |       -2.3 |      7 | ex_stage_i.i_mult.i_multiplier.mult_result_q[62]$_DFF_PN0_/D
       30 |       0 |      11 |       14 |      0 |     9 |    +0.0% |   -2.261 |       -2.3 |      7 | ex_stage_i.i_mult.i_multiplier.mult_result_q[62]$_DFF_PN0_/D
       30 |       0 |      11 |       14 |      0 |     9 |    +0.0% |   -2.261 |       -2.3 |      6 | ex_stage_i.i_mult.i_multiplier.mult_result_q[62]$_DFF_PN0_/D
       36 |       0 |      14 |       15 |      0 |    10 |    +0.0% |    0.414 |        0.0 |      4 | ex_stage_i.i_mult.i_multiplier.mult_result_q[62]$_DFF_PN0_/D
       37 |       0 |      14 |       15 |      0 |    10 |    +0.0% |    0.414 |        0.0 |      3 | ex_stage_i.i_mult.i_multiplier.mult_result_q[62]$_DFF_PN0_/D
       38 |       0 |      14 |       15 |      0 |    10 |    +0.0% |    0.414 |        0.0 |      2 | ex_stage_i.i_mult.i_multiplier.mult_result_q[62]$_DFF_PN0_/D
       39 |       0 |      14 |       15 |      0 |    10 |    +0.0% |    0.414 |        0.0 |      1 | ex_stage_i.i_mult.i_multiplier.mult_result_q[62]$_DFF_PN0_/D
       40 |       0 |      14 |       15 |      0 |    10 |    +0.0% |    0.414 |        0.0 |      1 | ex_stage_i.i_mult.i_multiplier.mult_result_q[62]$_DFF_PN0_/D
       40 |       0 |      14 |       15 |      0 |    10 |    +0.0% |    0.414 |        0.0 |      0 | ex_stage_i.i_mult.i_multiplier.mult_result_q[62]$_DFF_PN0_/D
       41 |       0 |      14 |       15 |      0 |    10 |    +0.0% |    0.414 |        0.0 |      0 | ex_stage_i.i_mult.i_multiplier.mult_result_q[62]$_DFF_PN0_/D
       42 |       0 |      14 |       15 |      0 |    10 |    +0.0% |    0.414 |        0.0 |      0 | ex_stage_i.i_mult.i_multiplier.mult_result_q[62]$_DFF_PN0_/D
    final |       0 |      14 |       15 |      0 |    10 |    +0.0% |    0.414 |        0.0 |      0 | ex_stage_i.i_mult.i_multiplier.mult_result_q[62]$_DFF_PN0_/D
--------------------------------------------------------------------------------------------------------------
[INFO RSZ-0040] Inserted 15 buffers.
[INFO RSZ-0051] Resized 14 instances: 2 up, 0 up match, 0 down, 12 VT
[INFO RSZ-0043] Swapped pins on 10 instances.
[INFO RSZ-0033] No hold violations found.
Took 5 seconds: repair_timing -setup_margin 0 -hold_margin 0 -repair_tns 100 -verbose
Warning: master DFFHQNH2V2Xx1_ASAP7_75t_L has signal pins but no liberty cell
Warning: master DFFHQNH2V2Xx1_ASAP7_75t_SL has signal pins but no liberty cell
Warning: master DFFHQNH2V2Xx2_ASAP7_75t_L has signal pins but no liberty cell
Warning: master DFFHQNH2V2Xx2_ASAP7_75t_SL has signal pins but no liberty cell
Warning: master DFFHQNH2V2Xx3_ASAP7_75t_L has signal pins but no liberty cell
Warning: master DFFHQNH2V2Xx3_ASAP7_75t_SL has signal pins but no liberty cell
Warning: master DFFHQNV2Xx1_ASAP7_75t_L has signal pins but no liberty cell
Warning: master DFFHQNV2Xx1_ASAP7_75t_SL has signal pins but no liberty cell
Warning: master DFFHQNV2Xx2_ASAP7_75t_L has signal pins but no liberty cell
Warning: master DFFHQNV2Xx2_ASAP7_75t_SL has signal pins but no liberty cell
Warning: master DFFHQNV2Xx3_ASAP7_75t_L has signal pins but no liberty cell
Warning: master DFFHQNV2Xx3_ASAP7_75t_SL has signal pins but no liberty cell
Error: cts.tcl, 86 [2026-05-02 01:26:55.252] [info] [KeplerFormal.cpp:258] KEPLER FORMAL: Run.
[2026-05-02 01:26:55.252] [info] [KeplerFormal.cpp:259] Input format: VERILOG
[2026-05-02 01:26:55.252] [info] [KeplerFormal.cpp:260] Netlist 1: ./results/asap7/cva6/baseline_alpha_8-beta_0.1/4_before_rsz_lec.v
[2026-05-02 01:26:55.252] [info] [KeplerFormal.cpp:261] Netlist 2: ./results/asap7/cva6/baseline_alpha_8-beta_0.1/4_after_rsz_lec.v
[2026-05-02 01:26:55.252] [info] [KeplerFormal.cpp:263] Solver: KISSAT
[2026-05-02 01:26:55.252] [info] [KeplerFormal.cpp:266] Liberty: /home/lucast/workspace/OR-flow-TCC/flow/platforms/asap7/lib/NLDM/asap7sc7p5t_AO_RVT_FF_nldm_211120.lib.gz
[2026-05-02 01:26:55.252] [info] [KeplerFormal.cpp:266] Liberty: /home/lucast/workspace/OR-flow-TCC/flow/platforms/asap7/lib/NLDM/asap7sc7p5t_INVBUF_RVT_FF_nldm_220122.lib.gz
[2026-05-02 01:26:55.252] [info] [KeplerFormal.cpp:266] Liberty: /home/lucast/workspace/OR-flow-TCC/flow/platforms/asap7/lib/NLDM/asap7sc7p5t_OA_RVT_FF_nldm_211120.lib.gz
[2026-05-02 01:26:55.252] [info] [KeplerFormal.cpp:266] Liberty: /home/lucast/workspace/OR-flow-TCC/flow/platforms/asap7/lib/NLDM/asap7sc7p5t_SIMPLE_RVT_FF_nldm_211120.lib.gz
[2026-05-02 01:26:55.252] [info] [KeplerFormal.cpp:266] Liberty: /home/lucast/workspace/OR-flow-TCC/flow/platforms/asap7/lib/NLDM/asap7sc7p5t_SEQ_RVT_FF_nldm_220123.lib
[2026-05-02 01:26:55.252] [info] [KeplerFormal.cpp:266] Liberty: /home/lucast/workspace/OR-flow-TCC/flow/platforms/asap7/lib/NLDM/asap7sc7p5t_AO_LVT_FF_nldm_211120.lib.gz
[2026-05-02 01:26:55.252] [info] [KeplerFormal.cpp:266] Liberty: /home/lucast/workspace/OR-flow-TCC/flow/platforms/asap7/lib/NLDM/asap7sc7p5t_INVBUF_LVT_FF_nldm_220122.lib.gz
[2026-05-02 01:26:55.252] [info] [KeplerFormal.cpp:266] Liberty: /home/lucast/workspace/OR-flow-TCC/flow/platforms/asap7/lib/NLDM/asap7sc7p5t_OA_LVT_FF_nldm_211120.lib.gz
[2026-05-02 01:26:55.252] [info] [KeplerFormal.cpp:266] Liberty: /home/lucast/workspace/OR-flow-TCC/flow/platforms/asap7/lib/NLDM/asap7sc7p5t_SIMPLE_LVT_FF_nldm_211120.lib.gz
[2026-05-02 01:26:55.252] [info] [KeplerFormal.cpp:266] Liberty: /home/lucast/workspace/OR-flow-TCC/flow/platforms/asap7/lib/NLDM/asap7sc7p5t_SEQ_LVT_FF_nldm_220123.lib
[2026-05-02 01:26:55.252] [info] [KeplerFormal.cpp:266] Liberty: /home/lucast/workspace/OR-flow-TCC/flow/platforms/asap7/lib/NLDM/asap7sc7p5t_AO_SLVT_FF_nldm_211120.lib.gz
[2026-05-02 01:26:55.252] [info] [KeplerFormal.cpp:266] Liberty: /home/lucast/workspace/OR-flow-TCC/flow/platforms/asap7/lib/NLDM/asap7sc7p5t_INVBUF_SLVT_FF_nldm_220122.lib.gz
[2026-05-02 01:26:55.252] [info] [KeplerFormal.cpp:266] Liberty: /home/lucast/workspace/OR-flow-TCC/flow/platforms/asap7/lib/NLDM/asap7sc7p5t_OA_SLVT_FF_nldm_211120.lib.gz
[2026-05-02 01:26:55.252] [info] [KeplerFormal.cpp:266] Liberty: /home/lucast/workspace/OR-flow-TCC/flow/platforms/asap7/lib/NLDM/asap7sc7p5t_SIMPLE_SLVT_FF_nldm_211120.lib.gz
[2026-05-02 01:26:55.252] [info] [KeplerFormal.cpp:266] Liberty: /home/lucast/workspace/OR-flow-TCC/flow/platforms/asap7/lib/NLDM/asap7sc7p5t_SEQ_SLVT_FF_nldm_220123.lib
[2026-05-02 01:26:55.252] [info] [KeplerFormal.cpp:266] Liberty: /home/lucast/workspace/OR-flow-TCC/flow/platforms/asap7/lib/NLDM/fakeram7_64x256.lib
[2026-05-02 01:26:55.252] [info] [KeplerFormal.cpp:266] Liberty: /home/lucast/workspace/OR-flow-TCC/flow/platforms/asap7/lib/NLDM/fakeram7_128x64.lib
[2026-05-02 01:26:55.252] [info] [KeplerFormal.cpp:266] Liberty: /home/lucast/workspace/OR-flow-TCC/flow/platforms/asap7/lib/NLDM/fakeram7_64x28.lib
[2026-05-02 01:26:55.252] [info] [KeplerFormal.cpp:266] Liberty: /home/lucast/workspace/OR-flow-TCC/flow/platforms/asap7/lib/NLDM/fakeram7_64x25.lib
[2026-05-02 01:26:55.252] [info] [KeplerFormal.cpp:266] Liberty: /home/lucast/workspace/OR-flow-TCC/flow/platforms/asap7/lib/NLDM/asap7sc7p5t_DFFHQNH2V2X_RVT_TT_nldm_FAKE.lib
[2026-05-02 01:26:55.252] [info] [KeplerFormal.cpp:266] Liberty: /home/lucast/workspace/OR-flow-TCC/flow/platforms/asap7/lib/NLDM/asap7sc7p5t_DFFHQNV2X_RVT_TT_nldm_FAKE.lib
[2026-05-02 01:26:55.252] [info] [KeplerFormal.cpp:285] Loading liberty file: /home/lucast/workspace/OR-flow-TCC/flow/platforms/asap7/lib/NLDM/asap7sc7p5t_AO_RVT_FF_nldm_211120.lib.gz
[2026-05-02 01:26:55.406] [info] [KeplerFormal.cpp:285] Loading liberty file: /home/lucast/workspace/OR-flow-TCC/flow/platforms/asap7/lib/NLDM/asap7sc7p5t_INVBUF_RVT_FF_nldm_220122.lib.gz
[2026-05-02 01:26:55.408] [info] [KeplerFormal.cpp:285] Loading liberty file: /home/lucast/workspace/OR-flow-TCC/flow/platforms/asap7/lib/NLDM/asap7sc7p5t_OA_RVT_FF_nldm_211120.lib.gz
[2026-05-02 01:26:55.537] [info] [KeplerFormal.cpp:285] Loading liberty file: /home/lucast/workspace/OR-flow-TCC/flow/platforms/asap7/lib/NLDM/asap7sc7p5t_SIMPLE_RVT_FF_nldm_211120.lib.gz
[2026-05-02 01:26:55.547] [info] [KeplerFormal.cpp:285] Loading liberty file: /home/lucast/workspace/OR-flow-TCC/flow/platforms/asap7/lib/NLDM/asap7sc7p5t_SEQ_RVT_FF_nldm_220123.lib
[2026-05-02 01:26:55.554] [info] [KeplerFormal.cpp:285] Loading liberty file: /home/lucast/workspace/OR-flow-TCC/flow/platforms/asap7/lib/NLDM/asap7sc7p5t_AO_LVT_FF_nldm_211120.lib.gz
[2026-05-02 01:26:55.700] [info] [KeplerFormal.cpp:285] Loading liberty file: /home/lucast/workspace/OR-flow-TCC/flow/platforms/asap7/lib/NLDM/asap7sc7p5t_INVBUF_LVT_FF_nldm_220122.lib.gz
[2026-05-02 01:26:55.702] [info] [KeplerFormal.cpp:285] Loading liberty file: /home/lucast/workspace/OR-flow-TCC/flow/platforms/asap7/lib/NLDM/asap7sc7p5t_OA_LVT_FF_nldm_211120.lib.gz
[2026-05-02 01:26:55.831] [info] [KeplerFormal.cpp:285] Loading liberty file: /home/lucast/workspace/OR-flow-TCC/flow/platforms/asap7/lib/NLDM/asap7sc7p5t_SIMPLE_LVT_FF_nldm_211120.lib.gz
[2026-05-02 01:26:55.846] [info] [KeplerFormal.cpp:285] Loading liberty file: /home/lucast/workspace/OR-flow-TCC/flow/platforms/asap7/lib/NLDM/asap7sc7p5t_SEQ_LVT_FF_nldm_220123.lib
[2026-05-02 01:26:55.853] [info] [KeplerFormal.cpp:285] Loading liberty file: /home/lucast/workspace/OR-flow-TCC/flow/platforms/asap7/lib/NLDM/asap7sc7p5t_AO_SLVT_FF_nldm_211120.lib.gz
[2026-05-02 01:26:55.999] [info] [KeplerFormal.cpp:285] Loading liberty file: /home/lucast/workspace/OR-flow-TCC/flow/platforms/asap7/lib/NLDM/asap7sc7p5t_INVBUF_SLVT_FF_nldm_220122.lib.gz
[2026-05-02 01:26:56.001] [info] [KeplerFormal.cpp:285] Loading liberty file: /home/lucast/workspace/OR-flow-TCC/flow/platforms/asap7/lib/NLDM/asap7sc7p5t_OA_SLVT_FF_nldm_211120.lib.gz
[2026-05-02 01:26:56.132] [info] [KeplerFormal.cpp:285] Loading liberty file: /home/lucast/workspace/OR-flow-TCC/flow/platforms/asap7/lib/NLDM/asap7sc7p5t_SIMPLE_SLVT_FF_nldm_211120.lib.gz
[2026-05-02 01:26:56.146] [info] [KeplerFormal.cpp:285] Loading liberty file: /home/lucast/workspace/OR-flow-TCC/flow/platforms/asap7/lib/NLDM/asap7sc7p5t_SEQ_SLVT_FF_nldm_220123.lib
[2026-05-02 01:26:56.153] [info] [KeplerFormal.cpp:285] Loading liberty file: /home/lucast/workspace/OR-flow-TCC/flow/platforms/asap7/lib/NLDM/fakeram7_64x256.lib
[2026-05-02 01:26:56.153] [info] [KeplerFormal.cpp:285] Loading liberty file: /home/lucast/workspace/OR-flow-TCC/flow/platforms/asap7/lib/NLDM/fakeram7_128x64.lib
[2026-05-02 01:26:56.154] [info] [KeplerFormal.cpp:285] Loading liberty file: /home/lucast/workspace/OR-flow-TCC/flow/platforms/asap7/lib/NLDM/fakeram7_64x28.lib
[2026-05-02 01:26:56.154] [info] [KeplerFormal.cpp:285] Loading liberty file: /home/lucast/workspace/OR-flow-TCC/flow/platforms/asap7/lib/NLDM/fakeram7_64x25.lib
[2026-05-02 01:26:56.154] [info] [KeplerFormal.cpp:285] Loading liberty file: /home/lucast/workspace/OR-flow-TCC/flow/platforms/asap7/lib/NLDM/asap7sc7p5t_DFFHQNH2V2X_RVT_TT_nldm_FAKE.lib
[2026-05-02 01:26:56.155] [info] [KeplerFormal.cpp:285] Loading liberty file: /home/lucast/workspace/OR-flow-TCC/flow/platforms/asap7/lib/NLDM/asap7sc7p5t_DFFHQNV2X_RVT_TT_nldm_FAKE.lib
[2026-05-02 01:26:56.155] [info] [KeplerFormal.cpp:292] Parsing verilog file: ./results/asap7/cva6/baseline_alpha_8-beta_0.1/4_before_rsz_lec.v
[2026-05-02 01:26:56.905] [critical] [KeplerFormal.cpp:382] Netlist loading failed: In ./results/asap7/cva6/baseline_alpha_8-beta_0.1/4_before_rsz_lec.v at line 444267, column 45: D0 port cannot be found in DFFHQNV2Xx1_ASAP7_75t_R model
child process exited abnormally
Command exited with non-zero status 1
Elapsed time: 0:18.92[h:]min:sec. CPU time: user 40.09 sys 29.39 (367%). Peak memory: 1168040KB.
