
==========================================================================
detailed place report_tns
--------------------------------------------------------------------------
tns max -1983.34

==========================================================================
detailed place report_wns
--------------------------------------------------------------------------
wns max -37.97

==========================================================================
detailed place report_worst_slack
--------------------------------------------------------------------------
worst slack max -37.97

==========================================================================
detailed place report_clock_min_period
--------------------------------------------------------------------------
clk period_min = 417.97 fmax = 2392.49

==========================================================================
detailed place report_checks -path_delay min
--------------------------------------------------------------------------
Startpoint: dcnt[2]$_SDFFE_PP0P_
            (rising edge-triggered flip-flop clocked by clk)
Endpoint: dcnt[2]$_SDFFE_PP0P_ (rising edge-triggered flip-flop clocked by clk)
Path Group: clk
Path Type: min

Fanout     Cap    Slew   Delay    Time   Description
-----------------------------------------------------------------------------
                  0.00    0.00    0.00   clock clk (rise edge)
                          0.00    0.00   clock network delay (ideal)
                  0.00    0.00    0.00 ^ dcnt[2]$_SDFFE_PP0P_/CLK (DFFHQNx1_ASAP7_75t_R)
     3    2.01   20.88   37.69   37.69 ^ dcnt[2]$_SDFFE_PP0P_/QN (DFFHQNx1_ASAP7_75t_R)
                                         _00491_ (net)
                 20.88    0.07   37.76 ^ _30043_/A1 (AOI21x1_ASAP7_75t_R)
     1    0.63    5.47    9.40   47.16 v _30043_/Y (AOI21x1_ASAP7_75t_R)
                                         _01554_ (net)
                  5.47    0.02   47.18 v dcnt[2]$_SDFFE_PP0P_/D (DFFHQNx1_ASAP7_75t_R)
                                 47.18   data arrival time

                  0.00    0.00    0.00   clock clk (rise edge)
                          0.00    0.00   clock network delay (ideal)
                          0.00    0.00   clock reconvergence pessimism
                                  0.00 ^ dcnt[2]$_SDFFE_PP0P_/CLK (DFFHQNx1_ASAP7_75t_R)
                          8.70    8.70   library hold time
                                  8.70   data required time
-----------------------------------------------------------------------------
                                  8.70   data required time
                                -47.18   data arrival time
-----------------------------------------------------------------------------
                                 38.49   slack (MET)



==========================================================================
detailed place report_checks -path_delay max
--------------------------------------------------------------------------
Startpoint: _tray_size2_1091 (rising edge-triggered flip-flop clocked by clk)
Endpoint: _tray_size4_1123 (rising edge-triggered flip-flop clocked by clk)
Path Group: clk
Path Type: max

Fanout     Cap    Slew   Delay    Time   Description
-----------------------------------------------------------------------------
                  0.00    0.00    0.00   clock clk (rise edge)
                          0.00    0.00   clock network delay (ideal)
                  0.00    0.00    0.00 ^ _tray_size2_1091/CLK (DFFHQNV2Xx1_ASAP7_75t_R)
     2    5.86   64.29   70.58   70.58 ^ _tray_size2_1091/QN1 (DFFHQNV2Xx1_ASAP7_75t_R)
                                         _00809_ (net)
                 64.68    2.79   73.37 ^ _18932_/B (XOR2x2_ASAP7_75t_R)
     2    2.29   12.41   38.25  111.62 ^ _18932_/Y (XOR2x2_ASAP7_75t_R)
                                         _10748_ (net)
                 12.42    0.21  111.83 ^ _18933_/A (XOR2x2_ASAP7_75t_R)
     2    1.93   10.46   26.45  138.28 ^ _18933_/Y (XOR2x2_ASAP7_75t_R)
                                         _10749_ (net)
                 10.47    0.09  138.37 ^ _19618_/A (XOR2x2_ASAP7_75t_R)
     1    1.17    7.72   20.19  158.56 v _19618_/Y (XOR2x2_ASAP7_75t_R)
                                         _11417_ (net)
                  7.72    0.05  158.60 v _19620_/A2 (AOI21x1_ASAP7_75t_R)
     2    1.95   19.03   11.38  169.98 ^ _19620_/Y (AOI21x1_ASAP7_75t_R)
                                         _11419_ (net)
                 19.03    0.09  170.07 ^ _19696_/A (XNOR2x2_ASAP7_75t_R)
     2    1.92    9.88   28.81  198.88 v _19696_/Y (XNOR2x2_ASAP7_75t_R)
                                         _01081_ (net)
                  9.89    0.10  198.98 v _30164_/B (HAxp5_ASAP7_75t_R)
     5    6.53   68.08   33.38  232.36 ^ _30164_/CON (HAxp5_ASAP7_75t_R)
                                         _01093_ (net)
     2    2.04   37.71   22.76  255.12 v _30164_/SN (HAxp5_ASAP7_75t_R)
                                         _01094_ (net)
                 37.71    0.06  255.19 v _19658_/B (AOI21x1_ASAP7_75t_R)
     5    7.06   50.48   34.00  289.18 ^ _19658_/Y (AOI21x1_ASAP7_75t_R)
                                         _11451_ (net)
                 50.50    0.57  289.76 ^ _19866_/B (NOR2x2_ASAP7_75t_R)
    10   12.89   46.76   31.83  321.58 v _19866_/Y (NOR2x2_ASAP7_75t_R)
                                         _11657_ (net)
                 46.83    1.02  322.60 v _20176_/A2 (AO21x1_ASAP7_75t_R)
     1    0.72    8.00   22.07  344.67 v _20176_/Y (AO21x1_ASAP7_75t_R)
                                         _11963_ (net)
                  8.00    0.03  344.70 v _20177_/B (AO21x1_ASAP7_75t_R)
     1    1.31   10.95   17.43  362.13 v _20177_/Y (AO21x1_ASAP7_75t_R)
                                         _11964_ (net)
                 10.95    0.04  362.17 v _20178_/C (NAND3x1_ASAP7_75t_R)
     1    1.45   18.59   14.89  377.06 ^ _20178_/Y (NAND3x1_ASAP7_75t_R)
                                         _11965_ (net)
                 18.59    0.12  377.18 ^ _20179_/B (NAND2x1_ASAP7_75t_R)
     1    1.11   10.81    8.59  385.78 v _20179_/Y (NAND2x1_ASAP7_75t_R)
                                         _11966_ (net)
                 10.81    0.03  385.81 v _20180_/B (NAND2x1_ASAP7_75t_R)
     1    1.60   18.35   10.54  396.35 ^ _20180_/Y (NAND2x1_ASAP7_75t_R)
                                         _00041_ (net)
                 18.36    0.24  396.59 ^ _tray_size4_1123/D2 (DFFHQNH2V2Xx1_ASAP7_75t_R)
                                396.59   data arrival time

                  0.00  380.00  380.00   clock clk (rise edge)
                          0.00  380.00   clock network delay (ideal)
                          0.00  380.00   clock reconvergence pessimism
                                380.00 ^ _tray_size4_1123/CLK (DFFHQNH2V2Xx1_ASAP7_75t_R)
                        -21.39  358.61   library setup time
                                358.61   data required time
-----------------------------------------------------------------------------
                                358.61   data required time
                               -396.59   data arrival time
-----------------------------------------------------------------------------
                                -37.97   slack (VIOLATED)



==========================================================================
detailed place report_checks -unconstrained
--------------------------------------------------------------------------
Startpoint: _tray_size2_1091 (rising edge-triggered flip-flop clocked by clk)
Endpoint: _tray_size4_1123 (rising edge-triggered flip-flop clocked by clk)
Path Group: clk
Path Type: max

Fanout     Cap    Slew   Delay    Time   Description
-----------------------------------------------------------------------------
                  0.00    0.00    0.00   clock clk (rise edge)
                          0.00    0.00   clock network delay (ideal)
                  0.00    0.00    0.00 ^ _tray_size2_1091/CLK (DFFHQNV2Xx1_ASAP7_75t_R)
     2    5.86   64.29   70.58   70.58 ^ _tray_size2_1091/QN1 (DFFHQNV2Xx1_ASAP7_75t_R)
                                         _00809_ (net)
                 64.68    2.79   73.37 ^ _18932_/B (XOR2x2_ASAP7_75t_R)
     2    2.29   12.41   38.25  111.62 ^ _18932_/Y (XOR2x2_ASAP7_75t_R)
                                         _10748_ (net)
                 12.42    0.21  111.83 ^ _18933_/A (XOR2x2_ASAP7_75t_R)
     2    1.93   10.46   26.45  138.28 ^ _18933_/Y (XOR2x2_ASAP7_75t_R)
                                         _10749_ (net)
                 10.47    0.09  138.37 ^ _19618_/A (XOR2x2_ASAP7_75t_R)
     1    1.17    7.72   20.19  158.56 v _19618_/Y (XOR2x2_ASAP7_75t_R)
                                         _11417_ (net)
                  7.72    0.05  158.60 v _19620_/A2 (AOI21x1_ASAP7_75t_R)
     2    1.95   19.03   11.38  169.98 ^ _19620_/Y (AOI21x1_ASAP7_75t_R)
                                         _11419_ (net)
                 19.03    0.09  170.07 ^ _19696_/A (XNOR2x2_ASAP7_75t_R)
     2    1.92    9.88   28.81  198.88 v _19696_/Y (XNOR2x2_ASAP7_75t_R)
                                         _01081_ (net)
                  9.89    0.10  198.98 v _30164_/B (HAxp5_ASAP7_75t_R)
     5    6.53   68.08   33.38  232.36 ^ _30164_/CON (HAxp5_ASAP7_75t_R)
                                         _01093_ (net)
     2    2.04   37.71   22.76  255.12 v _30164_/SN (HAxp5_ASAP7_75t_R)
                                         _01094_ (net)
                 37.71    0.06  255.19 v _19658_/B (AOI21x1_ASAP7_75t_R)
     5    7.06   50.48   34.00  289.18 ^ _19658_/Y (AOI21x1_ASAP7_75t_R)
                                         _11451_ (net)
                 50.50    0.57  289.76 ^ _19866_/B (NOR2x2_ASAP7_75t_R)
    10   12.89   46.76   31.83  321.58 v _19866_/Y (NOR2x2_ASAP7_75t_R)
                                         _11657_ (net)
                 46.83    1.02  322.60 v _20176_/A2 (AO21x1_ASAP7_75t_R)
     1    0.72    8.00   22.07  344.67 v _20176_/Y (AO21x1_ASAP7_75t_R)
                                         _11963_ (net)
                  8.00    0.03  344.70 v _20177_/B (AO21x1_ASAP7_75t_R)
     1    1.31   10.95   17.43  362.13 v _20177_/Y (AO21x1_ASAP7_75t_R)
                                         _11964_ (net)
                 10.95    0.04  362.17 v _20178_/C (NAND3x1_ASAP7_75t_R)
     1    1.45   18.59   14.89  377.06 ^ _20178_/Y (NAND3x1_ASAP7_75t_R)
                                         _11965_ (net)
                 18.59    0.12  377.18 ^ _20179_/B (NAND2x1_ASAP7_75t_R)
     1    1.11   10.81    8.59  385.78 v _20179_/Y (NAND2x1_ASAP7_75t_R)
                                         _11966_ (net)
                 10.81    0.03  385.81 v _20180_/B (NAND2x1_ASAP7_75t_R)
     1    1.60   18.35   10.54  396.35 ^ _20180_/Y (NAND2x1_ASAP7_75t_R)
                                         _00041_ (net)
                 18.36    0.24  396.59 ^ _tray_size4_1123/D2 (DFFHQNH2V2Xx1_ASAP7_75t_R)
                                396.59   data arrival time

                  0.00  380.00  380.00   clock clk (rise edge)
                          0.00  380.00   clock network delay (ideal)
                          0.00  380.00   clock reconvergence pessimism
                                380.00 ^ _tray_size4_1123/CLK (DFFHQNH2V2Xx1_ASAP7_75t_R)
                        -21.39  358.61   library setup time
                                358.61   data required time
-----------------------------------------------------------------------------
                                358.61   data required time
                               -396.59   data arrival time
-----------------------------------------------------------------------------
                                -37.97   slack (VIOLATED)



==========================================================================
detailed place report_check_types -max_slew -max_cap -max_fanout -violators
--------------------------------------------------------------------------

==========================================================================
detailed place max_slew_check_slack
--------------------------------------------------------------------------
135.66937255859375

==========================================================================
detailed place max_slew_check_limit
--------------------------------------------------------------------------
320.0

==========================================================================
detailed place max_slew_check_slack_limit
--------------------------------------------------------------------------
0.4240

==========================================================================
detailed place max_fanout_check_slack
--------------------------------------------------------------------------
1.0000000150474662e+30

==========================================================================
detailed place max_fanout_check_limit
--------------------------------------------------------------------------
1.0000000150474662e+30

==========================================================================
detailed place max_capacitance_check_slack
--------------------------------------------------------------------------
9.610227584838867

==========================================================================
detailed place max_capacitance_check_limit
--------------------------------------------------------------------------
23.040000915527344

==========================================================================
detailed place max_capacitance_check_slack_limit
--------------------------------------------------------------------------
0.4171

==========================================================================
detailed place max_slew_violation_count
--------------------------------------------------------------------------
max slew violation count 0

==========================================================================
detailed place max_fanout_violation_count
--------------------------------------------------------------------------
max fanout violation count 0

==========================================================================
detailed place max_cap_violation_count
--------------------------------------------------------------------------
max cap violation count 0

==========================================================================
detailed place setup_violation_count
--------------------------------------------------------------------------
setup violation count 140

==========================================================================
detailed place hold_violation_count
--------------------------------------------------------------------------
hold violation count 0

==========================================================================
detailed place report_checks -path_delay max reg to reg
--------------------------------------------------------------------------
Startpoint: _tray_size2_1091 (rising edge-triggered flip-flop clocked by clk)
Endpoint: _tray_size4_1123 (rising edge-triggered flip-flop clocked by clk)
Path Group: clk
Path Type: max

  Delay    Time   Description
---------------------------------------------------------
   0.00    0.00   clock clk (rise edge)
   0.00    0.00   clock network delay (ideal)
   0.00    0.00 ^ _tray_size2_1091/CLK (DFFHQNV2Xx1_ASAP7_75t_R)
  70.58   70.58 ^ _tray_size2_1091/QN1 (DFFHQNV2Xx1_ASAP7_75t_R)
  41.04  111.62 ^ _18932_/Y (XOR2x2_ASAP7_75t_R)
  26.66  138.28 ^ _18933_/Y (XOR2x2_ASAP7_75t_R)
  20.28  158.56 v _19618_/Y (XOR2x2_ASAP7_75t_R)
  11.42  169.98 ^ _19620_/Y (AOI21x1_ASAP7_75t_R)
  28.90  198.88 v _19696_/Y (XNOR2x2_ASAP7_75t_R)
  33.48  232.36 ^ _30164_/CON (HAxp5_ASAP7_75t_R)
  22.76  255.12 v _30164_/SN (HAxp5_ASAP7_75t_R)
  34.06  289.18 ^ _19658_/Y (AOI21x1_ASAP7_75t_R)
  32.40  321.58 v _19866_/Y (NOR2x2_ASAP7_75t_R)
  23.09  344.67 v _20176_/Y (AO21x1_ASAP7_75t_R)
  17.45  362.13 v _20177_/Y (AO21x1_ASAP7_75t_R)
  14.93  377.06 ^ _20178_/Y (NAND3x1_ASAP7_75t_R)
   8.71  385.78 v _20179_/Y (NAND2x1_ASAP7_75t_R)
  10.57  396.35 ^ _20180_/Y (NAND2x1_ASAP7_75t_R)
   0.24  396.59 ^ _tray_size4_1123/D2 (DFFHQNH2V2Xx1_ASAP7_75t_R)
         396.59   data arrival time

 380.00  380.00   clock clk (rise edge)
   0.00  380.00   clock network delay (ideal)
   0.00  380.00   clock reconvergence pessimism
         380.00 ^ _tray_size4_1123/CLK (DFFHQNH2V2Xx1_ASAP7_75t_R)
 -21.39  358.61   library setup time
         358.61   data required time
---------------------------------------------------------
         358.61   data required time
        -396.59   data arrival time
---------------------------------------------------------
         -37.97   slack (VIOLATED)



==========================================================================
detailed place report_checks -path_delay min reg to reg
--------------------------------------------------------------------------
Startpoint: dcnt[2]$_SDFFE_PP0P_
            (rising edge-triggered flip-flop clocked by clk)
Endpoint: dcnt[2]$_SDFFE_PP0P_ (rising edge-triggered flip-flop clocked by clk)
Path Group: clk
Path Type: min

  Delay    Time   Description
---------------------------------------------------------
   0.00    0.00   clock clk (rise edge)
   0.00    0.00   clock network delay (ideal)
   0.00    0.00 ^ dcnt[2]$_SDFFE_PP0P_/CLK (DFFHQNx1_ASAP7_75t_R)
  37.69   37.69 ^ dcnt[2]$_SDFFE_PP0P_/QN (DFFHQNx1_ASAP7_75t_R)
   9.48   47.16 v _30043_/Y (AOI21x1_ASAP7_75t_R)
   0.02   47.18 v dcnt[2]$_SDFFE_PP0P_/D (DFFHQNx1_ASAP7_75t_R)
          47.18   data arrival time

   0.00    0.00   clock clk (rise edge)
   0.00    0.00   clock network delay (ideal)
   0.00    0.00   clock reconvergence pessimism
           0.00 ^ dcnt[2]$_SDFFE_PP0P_/CLK (DFFHQNx1_ASAP7_75t_R)
   8.70    8.70   library hold time
           8.70   data required time
---------------------------------------------------------
           8.70   data required time
         -47.18   data arrival time
---------------------------------------------------------
          38.49   slack (MET)



==========================================================================
detailed place critical path target clock latency max path
--------------------------------------------------------------------------
0.0000

==========================================================================
detailed place critical path target clock latency min path
--------------------------------------------------------------------------
0.0000

==========================================================================
detailed place critical path source clock latency min path
--------------------------------------------------------------------------
0.0000

==========================================================================
detailed place critical path delay
--------------------------------------------------------------------------
396.5890

==========================================================================
detailed place critical path slack
--------------------------------------------------------------------------
-37.9745

==========================================================================
detailed place slack div critical path delay
--------------------------------------------------------------------------
-9.575278

==========================================================================
detailed place report_power
--------------------------------------------------------------------------
Group                  Internal  Switching    Leakage      Total
                          Power      Power      Power      Power (Watts)
----------------------------------------------------------------
Sequential             4.47e-03   1.20e-03   8.27e-08   5.66e-03   3.6%
Combinational          5.71e-02   9.36e-02   1.03e-06   1.51e-01  96.4%
Clock                  0.00e+00   0.00e+00   0.00e+00   0.00e+00   0.0%
Macro                  0.00e+00   0.00e+00   0.00e+00   0.00e+00   0.0%
Pad                    0.00e+00   0.00e+00   0.00e+00   0.00e+00   0.0%
----------------------------------------------------------------
Total                  6.16e-02   9.48e-02   1.12e-06   1.56e-01 100.0%
                          39.4%      60.6%       0.0%
