
==========================================================================
finish report_tns
--------------------------------------------------------------------------
tns max -973.04

==========================================================================
finish report_wns
--------------------------------------------------------------------------
wns max -31.61

==========================================================================
finish report_worst_slack
--------------------------------------------------------------------------
worst slack max -31.61

==========================================================================
finish report_clock_min_period
--------------------------------------------------------------------------
clk period_min = 411.61 fmax = 2429.51

==========================================================================
finish report_clock_skew
--------------------------------------------------------------------------
Clock clk
  82.27 source latency sa01_sr[7]$_DFF_P_/CLK ^
 -65.50 target latency sa10_sr[1]$_DFF_P_/CLK ^
  -0.87 CRPR
--------------
  15.90 setup skew


==========================================================================
finish report_checks -path_delay min
--------------------------------------------------------------------------
Startpoint: text_in[109] (input port clocked by clk)
Endpoint: _tray_size4_1089 (rising edge-triggered flip-flop clocked by clk)
Path Group: clk
Path Type: min

Fanout     Cap    Slew   Delay    Time   Description
-----------------------------------------------------------------------------
                          0.00    0.00   clock clk (rise edge)
                          0.00    0.00   clock network delay (propagated)
                         76.00   76.00 v input external delay
     1    0.90    0.00    0.00   76.00 v text_in[109] (in)
                                         text_in[109] (net)
                  0.22    0.07   76.07 v input141/A (BUFx2_ASAP7_75t_R)
     1    0.43    4.52   10.28   86.35 v input141/Y (BUFx2_ASAP7_75t_R)
                                         net141 (net)
                  4.52    0.03   86.38 v _29673_/A2 (AO21x1_ASAP7_75t_R)
     1    0.66    6.30   13.18   99.55 v _29673_/Y (AO21x1_ASAP7_75t_R)
                                         _01437_ (net)
                  6.31    0.06   99.61 v _tray_size4_1089/D1 (DFFHQNH2V2Xx1_ASAP7_75t_R)
                                 99.61   data arrival time

                          0.00    0.00   clock clk (rise edge)
                          0.00    0.00   clock source latency
     1    6.35    0.00    0.00    0.00 ^ clk (in)
                                         clk (net)
                  7.79    2.46    2.46 ^ clkbuf_0_clk/A (BUFx16f_ASAP7_75t_R)
     2    7.38    7.96   14.44   16.90 ^ clkbuf_0_clk/Y (BUFx16f_ASAP7_75t_R)
                                         clknet_0_clk (net)
                  8.77    1.28   18.18 ^ clkbuf_1_0__f_clk/A (BUFx16f_ASAP7_75t_R)
    14   54.93   33.28   21.47   39.64 ^ clkbuf_1_0__f_clk/Y (BUFx16f_ASAP7_75t_R)
                                         clknet_1_0__leaf_clk (net)
                 41.88    8.72   48.36 ^ clkbuf_leaf_20_clk/A (BUFx24_ASAP7_75t_R)
    20   18.55   14.69   28.08   76.45 ^ clkbuf_leaf_20_clk/Y (BUFx24_ASAP7_75t_R)
                                         clknet_leaf_20_clk (net)
                 16.47    2.58   79.02 ^ _tray_size4_1089/CLK (DFFHQNH2V2Xx1_ASAP7_75t_R)
                          0.00   79.02   clock reconvergence pessimism
                         14.19   93.21   library hold time
                                 93.21   data required time
-----------------------------------------------------------------------------
                                 93.21   data required time
                                -99.61   data arrival time
-----------------------------------------------------------------------------
                                  6.40   slack (MET)



==========================================================================
finish report_checks -path_delay max
--------------------------------------------------------------------------
Startpoint: _tray_size4_1123 (rising edge-triggered flip-flop clocked by clk)
Endpoint: sa10_sr[1]$_DFF_P_ (rising edge-triggered flip-flop clocked by clk)
Path Group: clk
Path Type: max

Fanout     Cap    Slew   Delay    Time   Description
-----------------------------------------------------------------------------
                          0.00    0.00   clock clk (rise edge)
                          0.00    0.00   clock source latency
     1    6.35    0.00    0.00    0.00 ^ clk (in)
                                         clk (net)
                  7.79    2.46    2.46 ^ clkbuf_0_clk/A (BUFx16f_ASAP7_75t_R)
     2    7.38    7.96   14.44   16.90 ^ clkbuf_0_clk/Y (BUFx16f_ASAP7_75t_R)
                                         clknet_0_clk (net)
                  8.68    1.19   18.09 ^ clkbuf_1_1__f_clk/A (BUFx16f_ASAP7_75t_R)
    15   56.16   33.90   21.16   39.24 ^ clkbuf_1_1__f_clk/Y (BUFx16f_ASAP7_75t_R)
                                         clknet_1_1__leaf_clk (net)
                 43.52    9.29   48.54 ^ clkbuf_leaf_12_clk/A (BUFx24_ASAP7_75t_R)
    18   19.65   15.20   28.64   77.18 ^ clkbuf_leaf_12_clk/Y (BUFx24_ASAP7_75t_R)
                                         clknet_leaf_12_clk (net)
                 16.31    2.07   79.25 ^ _tray_size4_1123/CLK (DFFHQNH2V2Xx1_ASAP7_75t_R)
     2    2.19   30.92   58.65  137.90 v _tray_size4_1123/QN1 (DFFHQNH2V2Xx1_ASAP7_75t_R)
                                         _00833_ (net)
                 30.93    0.24  138.14 v place5215/A (BUFx3_ASAP7_75t_R)
     6    7.70   17.94   24.74  162.88 v place5215/Y (BUFx3_ASAP7_75t_R)
                                         net5215 (net)
                 17.98    0.47  163.35 v _18917_/B (XOR2x2_ASAP7_75t_R)
     1    0.95    7.54   26.84  190.19 ^ _18917_/Y (XOR2x2_ASAP7_75t_R)
                                         _10734_ (net)
                  7.54    0.07  190.26 ^ _18919_/A (XOR2x2_ASAP7_75t_R)
     2    2.23   11.71   25.54  215.80 ^ _18919_/Y (XOR2x2_ASAP7_75t_R)
                                         _10736_ (net)
                 11.74    0.33  216.13 ^ _18926_/B (XNOR2x2_ASAP7_75t_R)
     1    1.15    7.73   25.55  241.68 v _18926_/Y (XNOR2x2_ASAP7_75t_R)
                                         _10743_ (net)
                  7.74    0.09  241.77 v _18927_/B (NAND2x1_ASAP7_75t_R)
     2    2.36   21.95   11.67  253.44 ^ _18927_/Y (NAND2x1_ASAP7_75t_R)
                                         _10744_ (net)
                 21.96    0.12  253.55 ^ _18973_/A2 (AOI21x1_ASAP7_75t_R)
     1    2.27   19.34   12.10  265.65 v _18973_/Y (AOI21x1_ASAP7_75t_R)
                                         _10785_ (net)
                 19.34    0.18  265.83 v _18974_/B (NOR2x2_ASAP7_75t_R)
     2    2.47   14.19   10.97  276.80 ^ _18974_/Y (NOR2x2_ASAP7_75t_R)
                                         _01069_ (net)
                 14.19    0.23  277.03 ^ place4620/A (BUFx3_ASAP7_75t_R)
    11   14.47   35.05   24.46  301.48 ^ place4620/Y (BUFx3_ASAP7_75t_R)
                                         net4620 (net)
                 35.59    2.50  303.98 ^ _30150_/B (HAxp5_ASAP7_75t_R)
     2    1.72   29.91   21.06  325.05 v _30150_/CON (HAxp5_ASAP7_75t_R)
                                         _01072_ (net)
                 29.91    0.17  325.22 v _19095_/A (INVx1_ASAP7_75t_R)
     2    2.79   23.82   18.19  343.41 ^ _19095_/Y (INVx1_ASAP7_75t_R)
                                         _10902_ (net)
                 23.85    0.47  343.87 ^ _19096_/B (OAI21x1_ASAP7_75t_R)
     2    2.13   17.45   14.05  357.92 v _19096_/Y (OAI21x1_ASAP7_75t_R)
                                         _10903_ (net)
                 17.45    0.14  358.07 v place3988/A (BUFx6f_ASAP7_75t_R)
     3    3.01    6.29   15.65  373.72 v place3988/Y (BUFx6f_ASAP7_75t_R)
                                         net3988 (net)
                  6.33    0.26  373.98 v _19309_/A2 (OAI21x1_ASAP7_75t_R)
     2    2.78   29.60   13.02  387.00 ^ _19309_/Y (OAI21x1_ASAP7_75t_R)
                                         _11114_ (net)
                 29.63    0.61  387.62 ^ _19310_/B (AOI21x1_ASAP7_75t_R)
     2    2.72   28.37   14.99  402.61 v _19310_/Y (AOI21x1_ASAP7_75t_R)
                                         _11115_ (net)
                 28.38    0.32  402.93 v _19495_/B (NAND2x1_ASAP7_75t_R)
     1    1.19   14.96   13.44  416.37 ^ _19495_/Y (NAND2x1_ASAP7_75t_R)
                                         _11297_ (net)
                 14.96    0.10  416.47 ^ _19499_/A (NAND2x1_ASAP7_75t_R)
     1    1.45   12.39    8.84  425.31 v _19499_/Y (NAND2x1_ASAP7_75t_R)
                                         _11301_ (net)
                 12.39    0.12  425.43 v _19502_/B (NAND3x1_ASAP7_75t_R)
     1    1.21   18.02   13.00  438.43 ^ _19502_/Y (NAND3x1_ASAP7_75t_R)
                                         _11304_ (net)
                 18.02    0.11  438.54 ^ _19519_/A (NAND2x1_ASAP7_75t_R)
     1    1.73   14.18    9.82  448.35 v _19519_/Y (NAND2x1_ASAP7_75t_R)
                                         _11321_ (net)
                 14.22    0.41  448.76 v _19545_/A (NAND2x1_ASAP7_75t_R)
     1    3.08   24.63   17.01  465.77 ^ _19545_/Y (NAND2x1_ASAP7_75t_R)
                                         _00073_ (net)
                 24.73    0.88  466.65 ^ sa10_sr[1]$_DFF_P_/D (DFFHQNx1_ASAP7_75t_R)
                                466.65   data arrival time

                        380.00  380.00   clock clk (rise edge)
                          0.00  380.00   clock source latency
     1    5.69    0.00    0.00  380.00 ^ clk (in)
                                         clk (net)
                  6.76    2.13  382.13 ^ clkbuf_0_clk/A (BUFx16f_ASAP7_75t_R)
     2    6.06    7.19   13.89  396.02 ^ clkbuf_0_clk/Y (BUFx16f_ASAP7_75t_R)
                                         clknet_0_clk (net)
                  7.80    1.04  397.06 ^ clkbuf_1_0__f_clk/A (BUFx16f_ASAP7_75t_R)
    14   45.77   28.58   20.02  417.08 ^ clkbuf_1_0__f_clk/Y (BUFx16f_ASAP7_75t_R)
                                         clknet_1_0__leaf_clk (net)
                 29.83    3.29  420.37 ^ clkbuf_leaf_23_clk/A (BUFx24_ASAP7_75t_R)
    14   12.41   11.31   24.58  444.95 ^ clkbuf_leaf_23_clk/Y (BUFx24_ASAP7_75t_R)
                                         clknet_leaf_23_clk (net)
                 11.48    0.55  445.50 ^ sa10_sr[1]$_DFF_P_/CLK (DFFHQNx1_ASAP7_75t_R)
                          0.87  446.37   clock reconvergence pessimism
                        -11.33  435.05   library setup time
                                435.05   data required time
-----------------------------------------------------------------------------
                                435.05   data required time
                               -466.65   data arrival time
-----------------------------------------------------------------------------
                                -31.61   slack (VIOLATED)



==========================================================================
finish report_checks -unconstrained
--------------------------------------------------------------------------
Startpoint: _tray_size4_1123 (rising edge-triggered flip-flop clocked by clk)
Endpoint: sa10_sr[1]$_DFF_P_ (rising edge-triggered flip-flop clocked by clk)
Path Group: clk
Path Type: max

Fanout     Cap    Slew   Delay    Time   Description
-----------------------------------------------------------------------------
                          0.00    0.00   clock clk (rise edge)
                          0.00    0.00   clock source latency
     1    6.35    0.00    0.00    0.00 ^ clk (in)
                                         clk (net)
                  7.79    2.46    2.46 ^ clkbuf_0_clk/A (BUFx16f_ASAP7_75t_R)
     2    7.38    7.96   14.44   16.90 ^ clkbuf_0_clk/Y (BUFx16f_ASAP7_75t_R)
                                         clknet_0_clk (net)
                  8.68    1.19   18.09 ^ clkbuf_1_1__f_clk/A (BUFx16f_ASAP7_75t_R)
    15   56.16   33.90   21.16   39.24 ^ clkbuf_1_1__f_clk/Y (BUFx16f_ASAP7_75t_R)
                                         clknet_1_1__leaf_clk (net)
                 43.52    9.29   48.54 ^ clkbuf_leaf_12_clk/A (BUFx24_ASAP7_75t_R)
    18   19.65   15.20   28.64   77.18 ^ clkbuf_leaf_12_clk/Y (BUFx24_ASAP7_75t_R)
                                         clknet_leaf_12_clk (net)
                 16.31    2.07   79.25 ^ _tray_size4_1123/CLK (DFFHQNH2V2Xx1_ASAP7_75t_R)
     2    2.19   30.92   58.65  137.90 v _tray_size4_1123/QN1 (DFFHQNH2V2Xx1_ASAP7_75t_R)
                                         _00833_ (net)
                 30.93    0.24  138.14 v place5215/A (BUFx3_ASAP7_75t_R)
     6    7.70   17.94   24.74  162.88 v place5215/Y (BUFx3_ASAP7_75t_R)
                                         net5215 (net)
                 17.98    0.47  163.35 v _18917_/B (XOR2x2_ASAP7_75t_R)
     1    0.95    7.54   26.84  190.19 ^ _18917_/Y (XOR2x2_ASAP7_75t_R)
                                         _10734_ (net)
                  7.54    0.07  190.26 ^ _18919_/A (XOR2x2_ASAP7_75t_R)
     2    2.23   11.71   25.54  215.80 ^ _18919_/Y (XOR2x2_ASAP7_75t_R)
                                         _10736_ (net)
                 11.74    0.33  216.13 ^ _18926_/B (XNOR2x2_ASAP7_75t_R)
     1    1.15    7.73   25.55  241.68 v _18926_/Y (XNOR2x2_ASAP7_75t_R)
                                         _10743_ (net)
                  7.74    0.09  241.77 v _18927_/B (NAND2x1_ASAP7_75t_R)
     2    2.36   21.95   11.67  253.44 ^ _18927_/Y (NAND2x1_ASAP7_75t_R)
                                         _10744_ (net)
                 21.96    0.12  253.55 ^ _18973_/A2 (AOI21x1_ASAP7_75t_R)
     1    2.27   19.34   12.10  265.65 v _18973_/Y (AOI21x1_ASAP7_75t_R)
                                         _10785_ (net)
                 19.34    0.18  265.83 v _18974_/B (NOR2x2_ASAP7_75t_R)
     2    2.47   14.19   10.97  276.80 ^ _18974_/Y (NOR2x2_ASAP7_75t_R)
                                         _01069_ (net)
                 14.19    0.23  277.03 ^ place4620/A (BUFx3_ASAP7_75t_R)
    11   14.47   35.05   24.46  301.48 ^ place4620/Y (BUFx3_ASAP7_75t_R)
                                         net4620 (net)
                 35.59    2.50  303.98 ^ _30150_/B (HAxp5_ASAP7_75t_R)
     2    1.72   29.91   21.06  325.05 v _30150_/CON (HAxp5_ASAP7_75t_R)
                                         _01072_ (net)
                 29.91    0.17  325.22 v _19095_/A (INVx1_ASAP7_75t_R)
     2    2.79   23.82   18.19  343.41 ^ _19095_/Y (INVx1_ASAP7_75t_R)
                                         _10902_ (net)
                 23.85    0.47  343.87 ^ _19096_/B (OAI21x1_ASAP7_75t_R)
     2    2.13   17.45   14.05  357.92 v _19096_/Y (OAI21x1_ASAP7_75t_R)
                                         _10903_ (net)
                 17.45    0.14  358.07 v place3988/A (BUFx6f_ASAP7_75t_R)
     3    3.01    6.29   15.65  373.72 v place3988/Y (BUFx6f_ASAP7_75t_R)
                                         net3988 (net)
                  6.33    0.26  373.98 v _19309_/A2 (OAI21x1_ASAP7_75t_R)
     2    2.78   29.60   13.02  387.00 ^ _19309_/Y (OAI21x1_ASAP7_75t_R)
                                         _11114_ (net)
                 29.63    0.61  387.62 ^ _19310_/B (AOI21x1_ASAP7_75t_R)
     2    2.72   28.37   14.99  402.61 v _19310_/Y (AOI21x1_ASAP7_75t_R)
                                         _11115_ (net)
                 28.38    0.32  402.93 v _19495_/B (NAND2x1_ASAP7_75t_R)
     1    1.19   14.96   13.44  416.37 ^ _19495_/Y (NAND2x1_ASAP7_75t_R)
                                         _11297_ (net)
                 14.96    0.10  416.47 ^ _19499_/A (NAND2x1_ASAP7_75t_R)
     1    1.45   12.39    8.84  425.31 v _19499_/Y (NAND2x1_ASAP7_75t_R)
                                         _11301_ (net)
                 12.39    0.12  425.43 v _19502_/B (NAND3x1_ASAP7_75t_R)
     1    1.21   18.02   13.00  438.43 ^ _19502_/Y (NAND3x1_ASAP7_75t_R)
                                         _11304_ (net)
                 18.02    0.11  438.54 ^ _19519_/A (NAND2x1_ASAP7_75t_R)
     1    1.73   14.18    9.82  448.35 v _19519_/Y (NAND2x1_ASAP7_75t_R)
                                         _11321_ (net)
                 14.22    0.41  448.76 v _19545_/A (NAND2x1_ASAP7_75t_R)
     1    3.08   24.63   17.01  465.77 ^ _19545_/Y (NAND2x1_ASAP7_75t_R)
                                         _00073_ (net)
                 24.73    0.88  466.65 ^ sa10_sr[1]$_DFF_P_/D (DFFHQNx1_ASAP7_75t_R)
                                466.65   data arrival time

                        380.00  380.00   clock clk (rise edge)
                          0.00  380.00   clock source latency
     1    5.69    0.00    0.00  380.00 ^ clk (in)
                                         clk (net)
                  6.76    2.13  382.13 ^ clkbuf_0_clk/A (BUFx16f_ASAP7_75t_R)
     2    6.06    7.19   13.89  396.02 ^ clkbuf_0_clk/Y (BUFx16f_ASAP7_75t_R)
                                         clknet_0_clk (net)
                  7.80    1.04  397.06 ^ clkbuf_1_0__f_clk/A (BUFx16f_ASAP7_75t_R)
    14   45.77   28.58   20.02  417.08 ^ clkbuf_1_0__f_clk/Y (BUFx16f_ASAP7_75t_R)
                                         clknet_1_0__leaf_clk (net)
                 29.83    3.29  420.37 ^ clkbuf_leaf_23_clk/A (BUFx24_ASAP7_75t_R)
    14   12.41   11.31   24.58  444.95 ^ clkbuf_leaf_23_clk/Y (BUFx24_ASAP7_75t_R)
                                         clknet_leaf_23_clk (net)
                 11.48    0.55  445.50 ^ sa10_sr[1]$_DFF_P_/CLK (DFFHQNx1_ASAP7_75t_R)
                          0.87  446.37   clock reconvergence pessimism
                        -11.33  435.05   library setup time
                                435.05   data required time
-----------------------------------------------------------------------------
                                435.05   data required time
                               -466.65   data arrival time
-----------------------------------------------------------------------------
                                -31.61   slack (VIOLATED)



==========================================================================
finish report_check_types -max_slew -max_cap -max_fanout -violators
--------------------------------------------------------------------------

==========================================================================
finish max_slew_check_slack
--------------------------------------------------------------------------
40.89037322998047

==========================================================================
finish max_slew_check_limit
--------------------------------------------------------------------------
320.0

==========================================================================
finish max_slew_check_slack_limit
--------------------------------------------------------------------------
0.1278

==========================================================================
finish max_fanout_check_slack
--------------------------------------------------------------------------
1.0000000150474662e+30

==========================================================================
finish max_fanout_check_limit
--------------------------------------------------------------------------
1.0000000150474662e+30

==========================================================================
finish max_capacitance_check_slack
--------------------------------------------------------------------------
13.26467514038086

==========================================================================
finish max_capacitance_check_limit
--------------------------------------------------------------------------
23.040000915527344

==========================================================================
finish max_capacitance_check_slack_limit
--------------------------------------------------------------------------
0.5757

==========================================================================
finish max_slew_violation_count
--------------------------------------------------------------------------
max slew violation count 0

==========================================================================
finish max_fanout_violation_count
--------------------------------------------------------------------------
max fanout violation count 0

==========================================================================
finish max_cap_violation_count
--------------------------------------------------------------------------
max cap violation count 0

==========================================================================
finish setup_violation_count
--------------------------------------------------------------------------
setup violation count 92

==========================================================================
finish hold_violation_count
--------------------------------------------------------------------------
hold violation count 0

==========================================================================
finish report_checks -path_delay max reg to reg
--------------------------------------------------------------------------
Startpoint: _tray_size4_1123 (rising edge-triggered flip-flop clocked by clk)
Endpoint: sa10_sr[1]$_DFF_P_ (rising edge-triggered flip-flop clocked by clk)
Path Group: clk
Path Type: max

  Delay    Time   Description
---------------------------------------------------------
   0.00    0.00   clock clk (rise edge)
   0.00    0.00   clock source latency
   0.00    0.00 ^ clk (in)
  16.90   16.90 ^ clkbuf_0_clk/Y (BUFx16f_ASAP7_75t_R)
  22.35   39.24 ^ clkbuf_1_1__f_clk/Y (BUFx16f_ASAP7_75t_R)
  37.94   77.18 ^ clkbuf_leaf_12_clk/Y (BUFx24_ASAP7_75t_R)
   2.07   79.25 ^ _tray_size4_1123/CLK (DFFHQNH2V2Xx1_ASAP7_75t_R)
  58.65  137.90 v _tray_size4_1123/QN1 (DFFHQNH2V2Xx1_ASAP7_75t_R)
  24.98  162.88 v place5215/Y (BUFx3_ASAP7_75t_R)
  27.31  190.19 ^ _18917_/Y (XOR2x2_ASAP7_75t_R)
  25.61  215.80 ^ _18919_/Y (XOR2x2_ASAP7_75t_R)
  25.88  241.68 v _18926_/Y (XNOR2x2_ASAP7_75t_R)
  11.76  253.44 ^ _18927_/Y (NAND2x1_ASAP7_75t_R)
  12.22  265.65 v _18973_/Y (AOI21x1_ASAP7_75t_R)
  11.14  276.80 ^ _18974_/Y (NOR2x2_ASAP7_75t_R)
  24.69  301.48 ^ place4620/Y (BUFx3_ASAP7_75t_R)
  23.56  325.05 v _30150_/CON (HAxp5_ASAP7_75t_R)
  18.36  343.41 ^ _19095_/Y (INVx1_ASAP7_75t_R)
  14.52  357.92 v _19096_/Y (OAI21x1_ASAP7_75t_R)
  15.80  373.72 v place3988/Y (BUFx6f_ASAP7_75t_R)
  13.28  387.00 ^ _19309_/Y (OAI21x1_ASAP7_75t_R)
  15.61  402.61 v _19310_/Y (AOI21x1_ASAP7_75t_R)
  13.76  416.37 ^ _19495_/Y (NAND2x1_ASAP7_75t_R)
   8.94  425.31 v _19499_/Y (NAND2x1_ASAP7_75t_R)
  13.12  438.43 ^ _19502_/Y (NAND3x1_ASAP7_75t_R)
   9.92  448.35 v _19519_/Y (NAND2x1_ASAP7_75t_R)
  17.41  465.77 ^ _19545_/Y (NAND2x1_ASAP7_75t_R)
   0.88  466.65 ^ sa10_sr[1]$_DFF_P_/D (DFFHQNx1_ASAP7_75t_R)
         466.65   data arrival time

 380.00  380.00   clock clk (rise edge)
   0.00  380.00   clock source latency
   0.00  380.00 ^ clk (in)
  16.02  396.02 ^ clkbuf_0_clk/Y (BUFx16f_ASAP7_75t_R)
  21.06  417.08 ^ clkbuf_1_0__f_clk/Y (BUFx16f_ASAP7_75t_R)
  27.87  444.95 ^ clkbuf_leaf_23_clk/Y (BUFx24_ASAP7_75t_R)
   0.55  445.50 ^ sa10_sr[1]$_DFF_P_/CLK (DFFHQNx1_ASAP7_75t_R)
   0.87  446.37   clock reconvergence pessimism
 -11.33  435.05   library setup time
         435.05   data required time
---------------------------------------------------------
         435.05   data required time
        -466.65   data arrival time
---------------------------------------------------------
         -31.61   slack (VIOLATED)



==========================================================================
finish report_checks -path_delay min reg to reg
--------------------------------------------------------------------------
Startpoint: dcnt[2]$_SDFFE_PP0P_
            (rising edge-triggered flip-flop clocked by clk)
Endpoint: dcnt[2]$_SDFFE_PP0P_ (rising edge-triggered flip-flop clocked by clk)
Path Group: clk
Path Type: min

  Delay    Time   Description
---------------------------------------------------------
   0.00    0.00   clock clk (rise edge)
   0.00    0.00   clock source latency
   0.00    0.00 ^ clk (in)
  16.02   16.02 ^ clkbuf_0_clk/Y (BUFx16f_ASAP7_75t_R)
  21.06   37.08 ^ clkbuf_1_0__f_clk/Y (BUFx16f_ASAP7_75t_R)
  32.24   69.32 ^ clkbuf_leaf_27_clk/Y (BUFx24_ASAP7_75t_R)
   0.56   69.87 ^ dcnt[2]$_SDFFE_PP0P_/CLK (DFFHQNx1_ASAP7_75t_R)
  41.85  111.72 ^ dcnt[2]$_SDFFE_PP0P_/QN (DFFHQNx1_ASAP7_75t_R)
   9.63  121.36 v _30043_/Y (AOI21x1_ASAP7_75t_R)
   0.04  121.40 v dcnt[2]$_SDFFE_PP0P_/D (DFFHQNx1_ASAP7_75t_R)
         121.40   data arrival time

   0.00    0.00   clock clk (rise edge)
   0.00    0.00   clock source latency
   0.00    0.00 ^ clk (in)
  16.90   16.90 ^ clkbuf_0_clk/Y (BUFx16f_ASAP7_75t_R)
  22.75   39.64 ^ clkbuf_1_0__f_clk/Y (BUFx16f_ASAP7_75t_R)
  35.32   74.97 ^ clkbuf_leaf_27_clk/Y (BUFx24_ASAP7_75t_R)
   0.67   75.64 ^ dcnt[2]$_SDFFE_PP0P_/CLK (DFFHQNx1_ASAP7_75t_R)
  -5.76   69.87   clock reconvergence pessimism
  12.01   81.89   library hold time
          81.89   data required time
---------------------------------------------------------
          81.89   data required time
        -121.40   data arrival time
---------------------------------------------------------
          39.51   slack (MET)



==========================================================================
finish critical path target clock latency max path
--------------------------------------------------------------------------
68.5218

==========================================================================
finish critical path target clock latency min path
--------------------------------------------------------------------------
79.0248

==========================================================================
finish critical path source clock latency min path
--------------------------------------------------------------------------
0.0000

==========================================================================
finish critical path delay
--------------------------------------------------------------------------
466.6510

==========================================================================
finish critical path slack
--------------------------------------------------------------------------
-31.6057

==========================================================================
finish slack div critical path delay
--------------------------------------------------------------------------
-6.772877

==========================================================================
finish report_power
--------------------------------------------------------------------------
Group                  Internal  Switching    Leakage      Total
                          Power      Power      Power      Power (Watts)
----------------------------------------------------------------
Sequential             4.39e-03   1.18e-03   8.37e-08   5.57e-03   3.3%
Combinational          6.23e-02   9.72e-02   1.10e-06   1.59e-01  95.4%
Clock                  1.20e-03   8.95e-04   1.72e-08   2.10e-03   1.3%
Macro                  0.00e+00   0.00e+00   0.00e+00   0.00e+00   0.0%
Pad                    0.00e+00   0.00e+00   0.00e+00   0.00e+00   0.0%
----------------------------------------------------------------
Total                  6.79e-02   9.93e-02   1.20e-06   1.67e-01 100.0%
                          40.6%      59.4%       0.0%
