OpenROAD ee3d65ce03b2656092ed62bf9205c5c11049c575 
Features included (+) or not (-): +GPU +GUI +Python
This program is licensed under the BSD-3 license. See the LICENSE file for details.
Components of this program may be licensed under more restrictive licenses which must be honored.
[INFO ORD-0030] Using 32 thread(s).
source /home/lucast/workspace/OR-flow-TCC/flow/platforms/asap7/liberty_suppressions.tcl
read_liberty /home/lucast/workspace/OR-flow-TCC/flow/platforms/asap7/lib/NLDM/asap7sc7p5t_AO_RVT_FF_nldm_211120.lib.gz
read_liberty /home/lucast/workspace/OR-flow-TCC/flow/platforms/asap7/lib/NLDM/asap7sc7p5t_INVBUF_RVT_FF_nldm_220122.lib.gz
read_liberty /home/lucast/workspace/OR-flow-TCC/flow/platforms/asap7/lib/NLDM/asap7sc7p5t_OA_RVT_FF_nldm_211120.lib.gz
read_liberty /home/lucast/workspace/OR-flow-TCC/flow/platforms/asap7/lib/NLDM/asap7sc7p5t_SIMPLE_RVT_FF_nldm_211120.lib.gz
read_liberty /home/lucast/workspace/OR-flow-TCC/flow/platforms/asap7/lib/NLDM/asap7sc7p5t_SEQ_RVT_FF_nldm_220123.lib
read_liberty /home/lucast/workspace/OR-flow-TCC/flow/platforms/asap7/lib/NLDM/asap7sc7p5t_DFFHQNH2V2X_RVT_TT_nldm_FAKE.lib
read_liberty /home/lucast/workspace/OR-flow-TCC/flow/platforms/asap7/lib/NLDM/asap7sc7p5t_DFFHQNV2X_RVT_TT_nldm_FAKE.lib
read_db -hier ./results/asap7/ibex/modified_alpha_16-beta_0.1/3_place.odb
[WARNING ORD-0012] Hierarchical flow (-hier) is currently in development and may cause multiple issues. Do not use in production environments.
source /home/lucast/workspace/OR-flow-TCC/flow/platforms/asap7/setRC.tcl
clock_tree_synthesis -sink_clustering_enable -repair_clock_nets
[INFO CTS-0050] Root buffer is BUFx16f_ASAP7_75t_R.
[INFO CTS-0051] Sink buffer is BUFx24_ASAP7_75t_R.
[INFO CTS-0052] The following clock buffers will be used for CTS:
                    BUFx16f_ASAP7_75t_R
                    BUFx24_ASAP7_75t_R
[INFO CTS-0049] Characterization buffer is BUFx24_ASAP7_75t_R.
[INFO CTS-0007] Net "clk_i" found for clock "core_clock".
[INFO CTS-0011]  Clock net "clk_i" for macros has 1 sinks.
[INFO CTS-0011]  Clock net "clk_i_regs" for registers has 995 sinks.
[INFO CTS-0010]  Clock net "_08202_" has 748 sinks.
[INFO CTS-0008] TritonCTS found 3 clock nets.
[INFO CTS-0097] Characterization used 2 buffer(s) types.
[INFO CTS-0201] 0 blockages from hard placement blockages and placed macros will be used.
[INFO CTS-0027] Generating H-Tree topology for net clk_i.
[INFO CTS-0028]  Total number of sinks: 1.
[INFO CTS-0029]  Macro  sinks will be clustered in groups of up to 4 and with maximum cluster diameter of 50.0 um.
[INFO CTS-0030]  Number of static layers: 0.
[INFO CTS-0020]  Wire segment unit: 1350  dbu (1 um).
[INFO CTS-0023]  Original sink region: [(47631, 50624), (47631, 50624)].
[INFO CTS-0024]  Normalized sink region: [(35.2822, 37.4993), (35.2822, 37.4993)].
[INFO CTS-0025]     Width:  0.0000.
[INFO CTS-0026]     Height: 0.0000.
 Level 1
    Direction: Vertical
    Sinks per sub-region: 1
    Sub-region size: 0.0000 X 0.0000
[INFO CTS-0034]     Segment length (rounded): 1.
[INFO CTS-0032]  Stop criterion found. Max number of sinks is 15.
[INFO CTS-0035]  Number of sinks covered: 1.
[INFO CTS-0201] 0 blockages from hard placement blockages and placed macros will be used.
[INFO CTS-0027] Generating H-Tree topology for net clk_i_regs.
[INFO CTS-0028]  Total number of sinks: 995.
[INFO CTS-0090]  Sinks will be clustered based on buffer max cap.
[INFO CTS-0030]  Number of static layers: 0.
[INFO CTS-0020]  Wire segment unit: 1350  dbu (1 um).
[INFO CTS-0206] Best clustering solution was found from clustering size of 20 and clustering diameter of 50.
[INFO CTS-0019]  Total number of sinks after clustering: 51.
[INFO CTS-0024]  Normalized sink region: [(10.4105, 2.93958), (55.3507, 36.1088)].
[INFO CTS-0025]     Width:  44.9402.
[INFO CTS-0026]     Height: 33.1692.
 Level 1
    Direction: Horizontal
    Sinks per sub-region: 26
    Sub-region size: 22.4701 X 33.1692
[INFO CTS-0034]     Segment length (rounded): 12.
 Level 2
    Direction: Vertical
    Sinks per sub-region: 13
    Sub-region size: 22.4701 X 16.5846
[INFO CTS-0034]     Segment length (rounded): 8.
[INFO CTS-0032]  Stop criterion found. Max number of sinks is 15.
[INFO CTS-0035]  Number of sinks covered: 51.
[INFO CTS-0201] 0 blockages from hard placement blockages and placed macros will be used.
[INFO CTS-0027] Generating H-Tree topology for net _08202_.
[INFO CTS-0028]  Total number of sinks: 748.
[INFO CTS-0090]  Sinks will be clustered based on buffer max cap.
[INFO CTS-0030]  Number of static layers: 0.
[INFO CTS-0020]  Wire segment unit: 1350  dbu (1 um).
[INFO CTS-0206] Best clustering solution was found from clustering size of 10 and clustering diameter of 50.
[INFO CTS-0019]  Total number of sinks after clustering: 41.
[INFO CTS-0024]  Normalized sink region: [(16.7066, 21.6997), (54.5433, 54.7502)].
[INFO CTS-0025]     Width:  37.8367.
[INFO CTS-0026]     Height: 33.0506.
 Level 1
    Direction: Horizontal
    Sinks per sub-region: 21
    Sub-region size: 18.9183 X 33.0506
[INFO CTS-0034]     Segment length (rounded): 10.
 Level 2
    Direction: Vertical
    Sinks per sub-region: 11
    Sub-region size: 18.9183 X 16.5253
[INFO CTS-0034]     Segment length (rounded): 8.
[INFO CTS-0032]  Stop criterion found. Max number of sinks is 15.
[INFO CTS-0035]  Number of sinks covered: 41.
[INFO CTS-0018]     Created 2 clock buffers.
[INFO CTS-0012]     Minimum number of buffers in the clock path: 2.
[INFO CTS-0013]     Maximum number of buffers in the clock path: 2.
[INFO CTS-0015]     Created 2 clock nets.
[INFO CTS-0016]     Fanout distribution for the current clock = 1:1..
[INFO CTS-0017]     Max level of the clock tree: 1.
[INFO CTS-0018]     Created 56 clock buffers.
[INFO CTS-0012]     Minimum number of buffers in the clock path: 3.
[INFO CTS-0013]     Maximum number of buffers in the clock path: 3.
[INFO CTS-0015]     Created 56 clock nets.
[INFO CTS-0016]     Fanout distribution for the current clock = 7:1, 10:1, 12:1, 14:1, 15:1, 16:2, 17:1, 18:9, 19:14, 20:10, 21:5, 22:4, 23:2, 24:3..
[INFO CTS-0017]     Max level of the clock tree: 2.
[INFO CTS-0018]     Created 46 clock buffers.
[INFO CTS-0012]     Minimum number of buffers in the clock path: 3.
[INFO CTS-0013]     Maximum number of buffers in the clock path: 3.
[INFO CTS-0015]     Created 46 clock nets.
[INFO CTS-0016]     Fanout distribution for the current clock = 6:1, 10:1, 11:1, 12:2, 13:2, 14:3, 15:2, 16:1, 17:2, 18:6, 19:9, 20:8, 21:4, 22:2, 23:1..
[INFO CTS-0017]     Max level of the clock tree: 2.
[INFO CTS-0124] Clock net "clk_i"
[INFO CTS-0125]  Sinks 1
[INFO CTS-0098] Clock net "clk_i_regs"
[INFO CTS-0099]  Sinks 1045
[INFO CTS-0100]  Leaf buffers 51
[INFO CTS-0101]  Average sink wire length 51.07 um
[INFO CTS-0102]  Path depth 2 - 3
[INFO CTS-0207]  Dummy loads inserted 50
[INFO CTS-0098] Clock net "_08202_"
[INFO CTS-0099]  Sinks 788
[INFO CTS-0100]  Leaf buffers 41
[INFO CTS-0101]  Average sink wire length 38.01 um
[INFO CTS-0102]  Path depth 2 - 3
[INFO CTS-0207]  Dummy loads inserted 40
[INFO CTS-0033] Balancing latency for clock core_clock
[INFO CTS-0036]  inserted 1 delay buffers
[INFO CTS-0037] Total number of delay buffers: 1
estimate_parasitics -placement
[INFO DPL-0005] Max displacement: +/- 500 sites horizontally, +/- 100 rows vertically.
Movements Summary
---------------------------------------
Total cells:                   20275
Diamond Move Success:          20275 (100.00%)
Diamond Move Failure:              0
Rip-up and replace Success:        0 (  0.00% of diamond failures)
Rip-up and replace Failure:        0
Total Placement Failures:          0
---------------------------------------
Placement Analysis
---------------------------------
total displacement        204.9 u
average displacement        0.0 u
max displacement            0.8 u
original HPWL           74594.5 u
legalized HPWL          76232.4 u
delta HPWL                    2 %

estimate_parasitics -placement
repair_timing -setup_margin 0 -hold_margin 0 -repair_tns 100 -verbose
[INFO RSZ-0100] Repair move sequence: UnbufferMove SizeUpMove SwapPinsMove BufferMove CloneMove SplitLoadMove 
[INFO RSZ-0094] Found 1337 endpoints with setup violations.
[INFO RSZ-0099] Repairing 1337 out of 1337 (100.00%) violating endpoints...
   Iter   | Removed | Resized | Inserted | Cloned |  Pin  |   Area   |    WNS   |   TNS      |  Viol  | Worst
          | Buffers |  Gates  | Buffers  |  Gates | Swaps |          |          |            | Endpts | Endpt
--------------------------------------------------------------------------------------------------------------
        0 |       0 |       0 |        0 |      0 |     0 |    +0.0% | -247.283 |  -146111.6 |   1337 | instr_addr_o[31]
       10 |       0 |       2 |        9 |      0 |     4 |    +0.0% | -185.889 |   -57657.2 |   1337 | instr_addr_o[31]
       20 |       0 |       4 |       23 |      0 |     7 |    +0.1% | -147.697 |   -46379.8 |   1337 | instr_addr_o[31]
       30 |       0 |       7 |       31 |      0 |    10 |    +0.1% | -133.576 |   -32730.3 |   1337 | instr_addr_o[31]
       40 |       0 |      11 |       34 |      0 |    13 |    +0.2% | -127.039 |   -31751.7 |   1337 | instr_addr_o[31]
       50 |       0 |      16 |       36 |      0 |    16 |    +0.2% | -116.785 |   -26075.2 |   1337 | instr_addr_o[31]
       60 |       0 |      20 |       40 |      0 |    19 |    +0.2% | -110.947 |   -25369.5 |   1337 | instr_addr_o[31]
       70 |       0 |      25 |       44 |      0 |    21 |    +0.2% | -106.697 |   -28377.2 |   1337 | instr_addr_o[31]
       80 |       0 |      35 |       44 |      0 |    21 |    +0.2% | -103.874 |   -27963.5 |   1337 | instr_addr_o[16]
       90 |       0 |      40 |       46 |      0 |    24 |    +0.2% | -101.397 |   -27828.6 |   1337 | instr_addr_o[31]
      100 |       0 |      45 |       48 |      0 |    27 |    +0.3% |  -99.743 |   -28112.3 |   1337 | instr_addr_o[31]
      110 |       1 |      50 |       50 |      2 |    27 |    +0.3% | -114.760 |   -30371.1 |   1337 | instr_addr_o[31]
      120 |       1 |      59 |       52 |      2 |    27 |    +0.3% | -102.301 |   -29542.5 |   1337 | instr_addr_o[31]
      130 |       1 |      64 |       60 |      2 |    28 |    +0.3% |  -94.985 |   -29530.0 |   1337 | instr_addr_o[31]
      140 |       1 |      71 |       61 |      3 |    29 |    +0.4% |  -95.328 |   -31137.6 |   1337 | instr_addr_o[31]
      150 |       1 |      76 |       73 |      3 |    30 |    +0.4% |  -85.311 |   -22908.9 |   1337 | instr_addr_o[28]
      160 |       1 |      84 |       74 |      3 |    31 |    +0.4% |  -81.660 |   -21689.4 |   1337 | instr_addr_o[29]
      170 |       1 |      89 |       75 |      3 |    35 |    +0.4% |  -79.331 |   -21659.8 |   1337 | instr_addr_o[31]
      180 |       1 |      95 |       77 |      3 |    37 |    +0.5% |  -77.176 |   -21565.0 |   1337 | instr_addr_o[28]
      190 |       1 |     103 |       80 |      3 |    38 |    +0.5% |  -75.612 |   -21376.3 |   1337 | instr_addr_o[28]
      200 |       1 |     110 |       81 |      3 |    40 |    +0.5% |  -73.752 |   -21320.0 |   1337 | instr_addr_o[29]
      210 |       1 |     116 |       83 |      3 |    43 |    +0.5% |  -72.476 |   -21310.9 |   1337 | instr_addr_o[28]
      220 |       1 |     124 |       86 |      3 |    44 |    +0.6% |  -70.293 |   -21610.9 |   1337 | instr_addr_o[31]
      230 |       1 |     128 |       92 |      3 |    47 |    +0.6% |  -69.194 |   -21566.0 |   1337 | instr_addr_o[31]
      240 |       1 |     130 |       95 |      3 |    52 |    +0.6% |  -65.773 |   -21525.4 |   1337 | instr_addr_o[19]
      250 |       1 |     136 |       98 |      3 |    53 |    +0.6% |  -64.288 |   -21669.7 |   1337 | instr_addr_o[29]
      260 |       1 |     139 |      104 |      3 |    55 |    +0.6% |  -62.022 |   -21642.1 |   1337 | instr_addr_o[9]
      270 |       1 |     144 |      106 |      3 |    59 |    +0.7% |  -60.787 |   -21393.0 |   1337 | instr_addr_o[31]
      280 |       1 |     149 |      113 |      3 |    60 |    +0.7% |  -59.199 |   -21513.6 |   1337 | instr_addr_o[31]
      290 |       1 |     154 |      115 |      4 |    62 |    +0.7% |  -59.692 |   -22967.5 |   1337 | instr_addr_o[22]
      300 |       1 |     159 |      120 |      4 |    64 |    +0.7% |  -58.305 |   -23088.9 |   1337 | instr_addr_o[28]
      310 |       3 |     161 |      124 |      4 |    66 |    +0.7% |  -57.254 |   -23063.8 |   1337 | instr_addr_o[31]
      320 |       3 |     165 |      127 |      4 |    70 |    +0.8% |  -56.536 |   -22661.9 |   1337 | instr_addr_o[31]
      330 |       3 |     167 |      131 |      4 |    74 |    +0.8% |  -55.611 |   -22628.8 |   1337 | instr_addr_o[31]
      340 |       3 |     170 |      133 |      5 |    78 |    +0.8% |  -54.999 |   -22596.8 |   1337 | instr_addr_o[26]
      350 |       3 |     174 |      137 |      5 |    80 |    +0.8% |  -54.173 |   -22584.0 |   1337 | instr_addr_o[29]
      360 |       3 |     180 |      139 |      5 |    83 |    +0.8% |  -53.434 |   -22568.3 |   1337 | instr_addr_o[9]
      370 |       3 |     187 |      141 |      5 |    85 |    +0.9% |  -52.960 |   -22928.7 |   1337 | instr_addr_o[31]
      380 |       3 |     194 |      143 |      5 |    87 |    +0.9% |  -51.721 |   -21723.2 |   1337 | instr_addr_o[31]
      381 |       3 |     194 |      143 |      5 |    87 |    +0.9% |  -51.722 |   -21723.2 |   1337 | instr_addr_o[31]
      390 |       3 |     196 |      146 |      5 |    90 |    +0.9% |  -51.722 |   -21707.1 |   1337 | instr_addr_o[31]
      400 |       3 |     198 |      155 |      5 |    92 |    +0.9% |  -51.722 |   -21689.2 |   1337 | instr_addr_o[31]
      410 |       3 |     203 |      161 |      5 |    94 |    +1.0% |  -52.632 |   -21918.0 |   1337 | instr_addr_o[31]
      420 |       3 |     209 |      164 |      5 |    95 |    +1.0% |  -52.632 |   -21877.5 |   1337 | instr_addr_o[31]
      430 |       3 |     213 |      168 |      5 |    98 |    +1.0% |  -52.632 |   -21601.7 |   1337 | instr_addr_o[31]
      440 |       3 |     217 |      170 |      5 |   102 |    +1.0% |  -52.632 |   -21608.7 |   1337 | instr_addr_o[31]
      450 |       3 |     220 |      176 |      5 |   105 |    +1.0% |  -52.631 |   -21279.8 |   1337 | instr_addr_o[31]
      452 |       3 |     199 |      157 |      5 |    92 |    +0.9% |  -51.721 |   -21687.6 |   1337 | instr_addr_o[31]
      460 |       3 |     204 |      158 |      5 |    93 |    +0.9% |  -52.238 |   -21424.2 |   1337 | instr_addr_o[31]
      470 |       3 |     209 |      159 |      6 |    96 |    +1.0% |  -54.122 |   -21328.0 |   1337 | instr_addr_o[31]
      480 |       3 |     215 |      161 |      7 |    97 |    +1.0% |  -54.122 |   -21293.8 |   1337 | instr_addr_o[31]
      490 |       3 |     220 |      164 |      8 |    98 |    +1.0% |  -54.122 |   -21453.1 |   1337 | instr_addr_o[31]
      500 |       3 |     225 |      168 |      8 |   100 |    +1.0% |  -54.122 |   -19816.7 |   1337 | instr_addr_o[31]
      503 |       3 |     199 |      157 |      5 |    92 |    +0.9% |  -51.721 |   -21687.6 |   1337 | instr_addr_o[31]
      510 |       3 |     202 |      158 |      5 |    94 |    +0.9% |  -51.721 |   -21683.9 |   1337 | instr_addr_o[31]
      520 |       3 |     205 |      164 |      5 |    96 |    +1.0% |  -51.721 |   -19126.4 |   1337 | instr_addr_o[31]
      530 |       3 |     210 |      170 |      5 |    97 |    +1.0% |  -52.828 |   -19453.5 |   1337 | instr_addr_o[31]
      540 |       3 |     214 |      173 |      5 |   100 |    +1.0% |  -52.828 |   -19403.7 |   1337 | instr_addr_o[31]
      550 |       3 |     217 |      178 |      5 |   103 |    +1.1% |  -53.799 |   -19406.7 |   1337 | instr_addr_o[31]
      560 |       3 |     221 |      184 |      5 |   104 |    +1.1% |  -53.815 |   -19404.7 |   1337 | instr_addr_o[31]
      570 |       3 |     224 |      190 |      5 |   105 |    +1.1% |  -53.815 |   -19664.2 |   1337 | instr_addr_o[31]
      570 |       3 |     205 |      164 |      5 |    96 |    +1.0% |  -51.721 |   -19126.4 |   1337 | instr_addr_o[31]
      580 |       3 |     206 |      167 |      5 |   101 |    +1.0% |  -51.721 |   -19115.8 |   1337 | instr_addr_o[31]
      590 |       3 |     212 |      172 |      5 |   101 |    +1.0% |  -52.631 |   -19473.3 |   1337 | instr_addr_o[31]
      600 |       3 |     214 |      177 |      5 |   104 |    +1.0% |  -52.631 |   -19470.0 |   1337 | instr_addr_o[31]
      610 |       3 |     219 |      180 |      6 |   106 |    +1.1% |  -51.775 |   -19171.2 |   1337 | instr_addr_o[31]
      620 |       3 |     224 |      184 |      6 |   109 |    +1.1% |  -52.058 |   -19328.9 |   1337 | instr_addr_o[31]
      624 |       3 |     206 |      167 |      5 |   101 |    +1.0% |  -51.721 |   -19115.8 |   1337 | instr_addr_o[31]
      630 |       3 |     208 |      169 |      5 |   102 |    +1.0% |  -51.721 |   -19078.0 |   1337 | instr_addr_o[31]
      640 |       3 |     211 |      175 |      5 |   103 |    +1.0% |  -51.875 |   -19065.3 |   1337 | instr_addr_o[28]
      650 |       3 |     216 |      176 |      5 |   107 |    +1.0% |  -53.151 |   -17827.9 |   1337 | instr_addr_o[31]
      660 |       3 |     221 |      177 |      8 |   108 |    +1.1% |  -54.122 |   -17788.6 |   1337 | instr_addr_o[31]
      670 |       3 |     225 |      181 |      9 |   110 |    +1.1% |  -53.776 |   -17672.9 |   1337 | instr_addr_o[31]
      680 |       3 |     227 |      188 |      9 |   113 |    +1.1% |  -53.776 |   -17871.7 |   1337 | instr_addr_o[31]
      686 |       3 |     209 |      173 |      5 |   103 |    +1.0% |  -51.721 |   -19068.1 |   1337 | instr_addr_o[31]
      690 |       3 |     209 |      175 |      5 |   104 |    +1.0% |  -51.721 |   -19041.3 |   1337 | instr_addr_o[31]
      700 |       3 |     214 |      179 |      5 |   105 |    +1.0% |  -51.721 |   -19036.6 |   1337 | instr_addr_o[31]
      710 |       3 |     219 |      182 |      5 |   107 |    +1.1% |  -52.631 |   -19447.7 |   1337 | instr_addr_o[31]
      720 |       3 |     222 |      189 |      5 |   107 |    +1.1% |  -52.954 |   -18589.4 |   1337 | instr_addr_o[31]
      730 |       3 |     222 |      199 |      5 |   107 |    +1.1% |  -52.954 |   -18589.4 |   1337 | instr_addr_o[31]
      740 |       3 |     222 |      209 |      5 |   107 |    +1.2% |  -52.954 |   -18589.4 |   1337 | instr_addr_o[31]
      750 |       3 |     222 |      219 |      5 |   107 |    +1.2% |  -52.954 |   -18589.4 |   1337 | instr_addr_o[31]
      753 |       3 |     216 |      180 |      5 |   105 |    +1.1% |  -51.721 |   -18844.4 |   1337 | instr_addr_o[31]
      760 |       3 |     217 |      184 |      5 |   106 |    +1.1% |  -51.721 |   -18845.5 |   1337 | instr_addr_o[31]
      770 |       3 |     221 |      187 |      5 |   109 |    +1.1% |  -53.880 |   -18925.7 |   1337 | instr_addr_o[28]
      780 |       3 |     227 |      190 |      5 |   111 |    +1.1% |  -53.010 |   -18351.5 |   1337 | instr_addr_o[28]
      790 |       3 |     233 |      193 |      6 |   112 |    +1.1% |  -56.127 |   -18779.1 |   1337 | instr_addr_o[31]
      797 |       3 |     219 |      187 |      5 |   107 |    +1.1% |  -51.721 |   -18829.1 |   1337 | instr_addr_o[31]
      800 |       3 |     220 |      188 |      5 |   107 |    +1.1% |  -51.721 |   -18822.8 |   1337 | instr_addr_o[31]
      810 |       3 |     224 |      196 |      5 |   107 |    +1.1% |  -52.623 |   -19424.8 |   1337 | instr_addr_o[31]
      820 |       3 |     229 |      203 |      5 |   107 |    +1.2% |  -52.623 |   -19398.6 |   1337 | instr_addr_o[31]
      830 |       3 |     235 |      206 |      5 |   108 |    +1.2% |  -52.820 |   -19581.3 |   1337 | instr_addr_o[31]
      840 |       3 |     237 |      209 |      5 |   113 |    +1.2% |  -52.820 |   -19566.3 |   1337 | instr_addr_o[31]
      841 |       3 |     220 |      190 |      5 |   107 |    +1.1% |  -51.714 |   -18821.8 |   1337 | instr_addr_o[31]
      850 |       3 |     224 |      193 |      5 |   108 |    +1.1% |  -52.623 |   -19391.0 |   1337 | instr_addr_o[31]
      860 |       3 |     228 |      196 |      5 |   112 |    +1.1% |  -52.567 |   -19389.3 |   1337 | instr_addr_o[31]
      870 |       3 |     231 |      198 |      5 |   117 |    +1.1% |  -53.087 |   -17557.0 |   1337 | instr_addr_o[31]
      879 |       3 |     223 |      193 |      5 |   108 |    +1.1% |  -51.714 |   -18796.6 |   1337 | instr_addr_o[31]
      880 |       3 |     223 |      193 |      5 |   108 |    +1.1% |  -51.714 |   -18796.6 |   1337 | instr_addr_o[31]
      890 |       3 |     227 |      198 |      5 |   109 |    +1.1% |  -51.714 |   -18782.3 |   1337 | instr_addr_o[31]
      900 |       3 |     227 |      206 |      5 |   111 |    +1.2% |  -51.714 |   -18782.3 |   1337 | instr_addr_o[31]
      910 |       3 |     227 |      216 |      5 |   111 |    +1.2% |  -51.714 |   -18782.3 |   1337 | instr_addr_o[31]
      920 |       3 |     227 |      226 |      5 |   111 |    +1.2% |  -51.714 |   -18782.3 |   1337 | instr_addr_o[31]
      930 |       3 |     227 |      236 |      5 |   111 |    +1.3% |  -51.714 |   -18782.3 |   1337 | instr_addr_o[31]
      940 |       3 |     229 |      244 |      5 |   111 |    +1.3% |  -52.231 |   -17227.3 |   1337 | instr_addr_o[31]
      941 |       3 |     227 |      198 |      5 |   110 |    +1.1% |  -51.714 |   -18780.5 |   1337 | instr_addr_o[31]
      950 |       3 |     230 |      201 |      6 |   111 |    +1.2% |  -55.659 |   -21233.3 |   1337 | instr_addr_o[31]
      960 |       3 |     234 |      205 |      6 |   114 |    +1.2% |  -56.668 |   -21226.2 |   1337 | instr_addr_o[31]
      969 |       3 |     228 |      200 |      5 |   111 |    +1.1% |  -51.714 |   -18769.5 |   1337 | instr_addr_o[31]
      970 |       3 |     228 |      200 |      5 |   111 |    +1.1% |  -51.714 |   -18769.5 |   1337 | instr_addr_o[31]
      980 |       3 |     233 |      204 |      5 |   112 |    +1.2% |  -52.623 |   -19337.6 |   1337 | instr_addr_o[31]
      990 |       3 |     238 |      208 |      6 |   112 |    +1.2% |  -55.467 |   -21212.8 |   1337 | instr_addr_o[31]
     1000 |       3 |     241 |      214 |      6 |   114 |    +1.2% |  -52.601 |   -19375.2 |   1337 | instr_addr_o[31]
     1010 |       3 |     245 |      215 |      6 |   119 |    +1.2% |  -52.601 |   -20039.5 |   1337 | instr_addr_o[31]
     1012 |       3 |     239 |      210 |      6 |   112 |    +1.2% |  -51.696 |   -18791.3 |   1337 | instr_addr_o[31]
     1020 |       3 |     242 |      213 |      6 |   113 |    +1.2% |  -51.696 |   -18759.5 |   1337 | instr_addr_o[31]
     1030 |       3 |     246 |      220 |      6 |   114 |    +1.3% |  -56.329 |   -23853.7 |   1337 | instr_addr_o[31]
     1035 |       3 |     242 |      214 |      6 |   113 |    +1.2% |  -51.696 |   -18765.8 |   1337 | instr_addr_o[31]
     1040 |       3 |     245 |      214 |      6 |   114 |    +1.2% |  -51.696 |   -18746.8 |   1337 | instr_addr_o[31]
     1050 |       3 |     248 |      221 |      6 |   115 |    +1.3% |  -52.601 |   -19310.5 |   1337 | instr_addr_o[31]
     1055 |       3 |     246 |      216 |      6 |   114 |    +1.2% |  -51.696 |   -18738.2 |   1337 | instr_addr_o[31]
     1060 |       3 |     249 |      216 |      6 |   115 |    +1.2% |  -51.696 |   -18724.5 |   1337 | instr_addr_o[31]
     1070 |       3 |     251 |      224 |      6 |   115 |    +1.3% |  -52.601 |   -19490.8 |   1337 | instr_addr_o[31]
     1080 |       3 |     254 |      227 |      7 |   118 |    +1.3% |  -52.798 |   -19464.2 |   1337 | instr_addr_o[31]
     1084 |       3 |     249 |      223 |      6 |   115 |    +1.3% |  -51.696 |   -18731.7 |   1337 | instr_addr_o[31]
     1090 |       3 |     253 |      223 |      6 |   116 |    +1.3% |  -51.696 |   -18715.2 |   1337 | instr_addr_o[31]
     1100 |       3 |     256 |      227 |      7 |   118 |    +1.3% |  -52.601 |   -19269.5 |   1337 | instr_addr_o[31]
     1100 |       3 |     253 |      225 |      6 |   117 |    +1.3% |  -51.696 |   -18714.7 |   1337 | instr_addr_o[31]
     1110 |       3 |     257 |      228 |      6 |   119 |    +1.3% |  -51.696 |   -18689.2 |   1337 | instr_addr_o[31]
     1120 |       3 |     258 |      237 |      6 |   119 |    +1.3% |  -51.696 |   -18687.0 |   1337 | instr_addr_o[31]
     1130 |       3 |     258 |      247 |      6 |   119 |    +1.4% |  -51.696 |   -18687.0 |   1337 | instr_addr_o[31]
     1140 |       3 |     258 |      257 |      6 |   119 |    +1.4% |  -51.696 |   -18687.0 |   1337 | instr_addr_o[31]
     1150 |       3 |     258 |      267 |      6 |   119 |    +1.4% |  -51.696 |   -18687.0 |   1337 | instr_addr_o[31]
     1160 |       3 |     260 |      274 |      6 |   120 |    +1.5% |  -52.601 |   -19256.7 |   1337 | instr_addr_o[31]
     1170 |       3 |     264 |      277 |      6 |   125 |    +1.5% |  -52.601 |   -19253.2 |   1337 | instr_addr_o[31]
     1180 |       3 |     268 |      280 |      7 |   127 |    +1.5% |  -53.122 |   -17415.0 |   1337 | instr_addr_o[31]
     1190 |       3 |     272 |      284 |      9 |   127 |    +1.5% |  -54.094 |   -17308.1 |   1337 | instr_addr_o[31]
     1194 |       3 |     258 |      274 |      6 |   120 |    +1.5% |  -51.696 |   -18737.0 |   1337 | instr_addr_o[31]
     1200 |       4 |     259 |      276 |      6 |   121 |    +1.5% |  -51.696 |   -18725.7 |   1337 | instr_addr_o[31]
     1210 |       4 |     262 |      279 |      7 |   124 |    +1.5% |  -52.601 |   -19216.6 |   1337 | instr_addr_o[31]
     1215 |       4 |     259 |      275 |      6 |   121 |    +1.5% |  -51.696 |   -18710.3 |   1337 | instr_addr_o[31]
     1220 |       4 |     262 |      275 |      6 |   122 |    +1.5% |  -51.696 |   -18692.4 |   1337 | instr_addr_o[31]
     1230 |       4 |     266 |      279 |      7 |   123 |    +1.5% |  -52.601 |   -19197.3 |   1337 | instr_addr_o[31]
     1230 |       4 |     263 |      276 |      6 |   123 |    +1.5% |  -51.696 |   -18684.3 |   1337 | instr_addr_o[31]
     1240 |       4 |     268 |      278 |      6 |   125 |    +1.5% |  -52.601 |   -19173.5 |   1337 | instr_addr_o[31]
     1243 |       4 |     267 |      278 |      6 |   124 |    +1.5% |  -51.696 |   -18650.2 |   1336 | instr_addr_o[31]
     1250 |       4 |     270 |      280 |      6 |   125 |    +1.5% |  -51.696 |   -18629.6 |   1335 | instr_addr_o[31]
     1250 |       4 |     270 |      280 |      6 |   125 |    +1.5% |  -51.696 |   -18629.6 |   1334 | instr_addr_o[31]
     1254 |       4 |     272 |      283 |      6 |   125 |    +1.5% |  -51.696 |   -18432.8 |   1332 | instr_addr_o[31]
     1257 |       4 |     273 |      287 |      6 |   125 |    +1.5% |  -51.696 |   -17866.3 |   1330 | instr_addr_o[31]
     1258 |       4 |     273 |      287 |      6 |   125 |    +1.5% |  -51.696 |   -17866.3 |   1329 | instr_addr_o[31]
     1259 |       4 |     273 |      287 |      6 |   125 |    +1.5% |  -51.696 |   -17866.3 |   1328 | instr_addr_o[31]
     1260 |       4 |     273 |      287 |      6 |   125 |    +1.5% |  -51.696 |   -17866.3 |   1328 | instr_addr_o[31]
     1270 |       4 |     280 |      288 |      7 |   126 |    +1.5% |  -52.798 |   -18330.4 |   1328 | instr_addr_o[31]
     1277 |       4 |     278 |      288 |      6 |   125 |    +1.5% |  -51.696 |   -17838.6 |   1328 | instr_addr_o[31]
     1278 |       4 |     278 |      288 |      6 |   125 |    +1.5% |  -51.696 |   -17838.6 |   1327 | instr_addr_o[31]
     1280 |       4 |     279 |      288 |      6 |   125 |    +1.5% |  -51.696 |   -17833.8 |   1327 | instr_addr_o[31]
     1287 |       4 |     283 |      290 |      6 |   126 |    +1.6% |  -51.696 |   -17810.8 |   1325 | instr_addr_o[31]
     1290 |       4 |     283 |      291 |      6 |   127 |    +1.6% |  -51.696 |   -17788.5 |   1325 | instr_addr_o[31]
     1293 |       4 |     284 |      292 |      6 |   128 |    +1.6% |  -51.696 |   -17771.2 |   1323 | instr_addr_o[31]
     1294 |       4 |     284 |      292 |      6 |   128 |    +1.6% |  -51.696 |   -17771.2 |   1322 | instr_addr_o[31]
     1295 |       4 |     284 |      292 |      6 |   128 |    +1.6% |  -51.696 |   -17771.2 |   1321 | instr_addr_o[31]
     1296 |       4 |     284 |      292 |      6 |   128 |    +1.6% |  -51.696 |   -17771.2 |   1320 | instr_addr_o[31]
     1298 |       4 |     285 |      292 |      6 |   128 |    +1.6% |  -51.696 |   -17761.8 |   1318 | instr_addr_o[31]
     1299 |       4 |     285 |      292 |      6 |   128 |    +1.6% |  -51.696 |   -17761.8 |   1317 | instr_addr_o[31]
     1300 |       4 |     285 |      292 |      6 |   128 |    +1.6% |  -51.696 |   -17761.8 |   1317 | instr_addr_o[31]
     1300 |       4 |     285 |      292 |      6 |   128 |    +1.6% |  -51.696 |   -17761.8 |   1316 | instr_addr_o[31]
     1301 |       4 |     285 |      292 |      6 |   128 |    +1.6% |  -51.696 |   -17761.8 |   1315 | instr_addr_o[31]
     1302 |       4 |     285 |      292 |      6 |   128 |    +1.6% |  -51.696 |   -17761.8 |   1314 | instr_addr_o[31]
     1303 |       4 |     285 |      292 |      6 |   128 |    +1.6% |  -51.696 |   -17761.8 |   1313 | instr_addr_o[31]
     1304 |       4 |     285 |      292 |      6 |   128 |    +1.6% |  -51.696 |   -17761.8 |   1312 | instr_addr_o[31]
     1305 |       4 |     285 |      292 |      6 |   128 |    +1.6% |  -51.696 |   -17761.8 |   1311 | instr_addr_o[31]
     1306 |       4 |     285 |      292 |      6 |   128 |    +1.6% |  -51.696 |   -17761.8 |   1310 | instr_addr_o[31]
     1307 |       4 |     285 |      292 |      6 |   128 |    +1.6% |  -51.696 |   -17761.8 |   1309 | instr_addr_o[31]
     1308 |       4 |     285 |      292 |      6 |   128 |    +1.6% |  -51.696 |   -17761.8 |   1308 | instr_addr_o[31]
     1309 |       4 |     285 |      292 |      6 |   128 |    +1.6% |  -51.696 |   -17761.8 |   1307 | instr_addr_o[31]
     1310 |       4 |     285 |      292 |      6 |   128 |    +1.6% |  -51.696 |   -17761.8 |   1307 | instr_addr_o[31]
     1310 |       4 |     285 |      292 |      6 |   128 |    +1.6% |  -51.696 |   -17761.8 |   1306 | instr_addr_o[31]
     1311 |       4 |     285 |      292 |      6 |   128 |    +1.6% |  -51.696 |   -17761.8 |   1305 | instr_addr_o[31]
     1312 |       4 |     285 |      292 |      6 |   128 |    +1.6% |  -51.696 |   -17761.8 |   1304 | instr_addr_o[31]
     1313 |       4 |     285 |      292 |      6 |   128 |    +1.6% |  -51.696 |   -17761.8 |   1303 | instr_addr_o[31]
     1314 |       4 |     285 |      292 |      6 |   128 |    +1.6% |  -51.696 |   -17761.8 |   1302 | instr_addr_o[31]
     1315 |       4 |     285 |      292 |      6 |   128 |    +1.6% |  -51.696 |   -17761.8 |   1301 | instr_addr_o[31]
     1316 |       4 |     285 |      292 |      6 |   128 |    +1.6% |  -51.696 |   -17761.8 |   1300 | instr_addr_o[31]
     1317 |       4 |     285 |      292 |      6 |   128 |    +1.6% |  -51.696 |   -17761.8 |   1299 | instr_addr_o[31]
     1318 |       4 |     285 |      292 |      6 |   128 |    +1.6% |  -51.696 |   -17761.8 |   1298 | instr_addr_o[31]
     1319 |       4 |     285 |      292 |      6 |   128 |    +1.6% |  -51.696 |   -17761.8 |   1297 | instr_addr_o[31]
     1320 |       4 |     285 |      292 |      6 |   128 |    +1.6% |  -51.696 |   -17761.8 |   1297 | instr_addr_o[31]
     1330 |       4 |     285 |      301 |      6 |   133 |    +1.6% |  -51.696 |   -12529.7 |   1297 | instr_addr_o[31]
     1340 |       4 |     285 |      310 |      6 |   138 |    +1.6% |  -51.696 |    -9860.8 |   1297 | instr_addr_o[31]
     1350 |       4 |     287 |      317 |      6 |   142 |    +1.7% |  -51.696 |    -6963.2 |   1297 | instr_addr_o[31]
     1352 |       4 |     287 |      318 |      6 |   143 |    +1.7% |  -51.696 |    -6952.9 |   1295 | instr_addr_o[31]
     1353 |       4 |     287 |      318 |      6 |   143 |    +1.7% |  -51.696 |    -6952.9 |   1294 | instr_addr_o[31]
     1354 |       4 |     287 |      318 |      6 |   143 |    +1.7% |  -51.696 |    -6952.9 |   1293 | instr_addr_o[31]
     1355 |       4 |     287 |      318 |      6 |   143 |    +1.7% |  -51.696 |    -6952.9 |   1292 | instr_addr_o[31]
     1356 |       4 |     287 |      318 |      6 |   143 |    +1.7% |  -51.696 |    -6952.9 |   1291 | instr_addr_o[31]
     1357 |       4 |     287 |      318 |      6 |   143 |    +1.7% |  -51.696 |    -6952.9 |   1290 | instr_addr_o[31]
     1360 |       4 |     287 |      320 |      6 |   144 |    +1.7% |  -51.696 |    -5455.1 |   1290 | instr_addr_o[31]
     1366 |       4 |     288 |      323 |      6 |   147 |    +1.7% |  -51.696 |    -4006.2 |   1288 | instr_addr_o[31]
     1370 |       4 |     288 |      325 |      6 |   149 |    +1.7% |  -51.696 |    -2634.8 |   1288 | instr_addr_o[31]
     1380 |       4 |     291 |      327 |      6 |   154 |    +1.7% |  -51.696 |    -2464.8 |   1288 | instr_addr_o[31]
     1390 |       4 |     296 |      328 |      7 |   157 |    +1.7% |  -51.696 |    -3202.1 |   1288 | instr_addr_o[31]
     1400 |       4 |     301 |      332 |      7 |   158 |    +1.7% |  -52.634 |   -10400.5 |   1288 | instr_addr_o[28]
     1410 |       4 |     308 |      334 |      7 |   159 |    +1.8% |  -53.233 |   -16172.6 |   1288 | instr_addr_o[31]
     1420 |       4 |     312 |      338 |      9 |   159 |    +1.8% |  -53.233 |   -13183.3 |   1288 | instr_addr_o[31]
     1430 |       4 |     315 |      344 |      9 |   160 |    +1.8% |  -53.236 |   -18096.1 |   1288 | instr_addr_o[31]
     1438 |       4 |     296 |      328 |      7 |   157 |    +1.7% |  -51.696 |    -3202.1 |   1288 | instr_addr_o[31]
     1439 |       4 |     296 |      328 |      7 |   157 |    +1.7% |  -51.696 |    -3202.1 |   1287 | instr_addr_o[31]
     1440 |       4 |     296 |      328 |      7 |   157 |    +1.7% |  -51.696 |    -3202.1 |   1287 | instr_addr_o[31]
     1440 |       4 |     296 |      328 |      7 |   157 |    +1.7% |  -51.696 |    -3202.1 |   1286 | instr_addr_o[31]
     1441 |       4 |     296 |      328 |      7 |   157 |    +1.7% |  -51.696 |    -3202.1 |   1285 | instr_addr_o[31]
     1442 |       4 |     296 |      328 |      7 |   157 |    +1.7% |  -51.696 |    -3202.1 |   1284 | instr_addr_o[31]
     1443 |       4 |     296 |      328 |      7 |   157 |    +1.7% |  -51.696 |    -3202.1 |   1283 | instr_addr_o[31]
     1444 |       4 |     296 |      328 |      7 |   157 |    +1.7% |  -51.696 |    -3202.1 |   1282 | instr_addr_o[31]
     1450 |       4 |     299 |      330 |      7 |   157 |    +1.7% |  -52.637 |    -7164.6 |   1282 | instr_addr_o[28]
     1460 |       4 |     307 |      332 |      7 |   157 |    +1.8% |  -52.213 |   -12064.6 |   1282 | instr_addr_o[31]
     1470 |       4 |     311 |      336 |      9 |   157 |    +1.8% |  -53.233 |   -13749.7 |   1282 | instr_addr_o[31]
     1480 |       4 |     315 |      342 |      9 |   157 |    +1.8% |  -53.236 |   -17381.6 |   1282 | instr_addr_o[31]
     1486 |       4 |     296 |      328 |      7 |   157 |    +1.7% |  -51.696 |    -3202.1 |   1282 | instr_addr_o[31]
     1490 |       4 |     298 |      329 |      7 |   157 |    +1.7% |  -52.639 |    -4124.9 |   1282 | instr_addr_o[28]
     1500 |       4 |     305 |      332 |      7 |   157 |    +1.8% |  -52.213 |   -12802.1 |   1282 | instr_addr_o[31]
     1500 |       4 |     296 |      328 |      7 |   157 |    +1.7% |  -51.696 |    -3202.1 |   1282 | instr_addr_o[31]
     1501 |       4 |     296 |      328 |      7 |   157 |    +1.7% |  -51.696 |    -3202.1 |   1281 | instr_addr_o[31]
     1510 |       4 |     301 |      331 |      7 |   157 |    +1.7% |  -54.540 |   -11474.4 |   1281 | instr_addr_o[28]
     1520 |       4 |     309 |      333 |      7 |   157 |    +1.8% |  -53.233 |   -17100.5 |   1281 | instr_addr_o[31]
     1530 |       4 |     311 |      339 |      9 |   157 |    +1.8% |  -56.051 |   -15465.8 |   1281 | instr_addr_o[31]
     1540 |       4 |     316 |      344 |      9 |   157 |    +1.8% |  -53.583 |   -17122.4 |   1281 | instr_addr_o[31]
     1543 |       4 |     296 |      328 |      7 |   157 |    +1.7% |  -51.696 |    -3202.1 |   1281 | instr_addr_o[31]
     1550 |       4 |     299 |      331 |      7 |   157 |    +1.7% |  -51.696 |   -12475.6 |   1281 | instr_addr_o[31]
     1560 |       4 |     308 |      332 |      7 |   157 |    +1.8% |  -53.233 |   -11853.1 |   1281 | instr_addr_o[31]
     1570 |       4 |     311 |      337 |      9 |   157 |    +1.8% |  -53.233 |   -13654.7 |   1281 | instr_addr_o[31]
     1580 |       4 |     315 |      343 |      9 |   157 |    +1.8% |  -53.236 |   -20231.5 |   1281 | instr_addr_o[31]
     1585 |       4 |     296 |      328 |      7 |   157 |    +1.7% |  -51.696 |    -3202.1 |   1281 | instr_addr_o[31]
     1590 |       4 |     298 |      330 |      7 |   157 |    +1.7% |  -51.696 |    -7287.4 |   1281 | instr_addr_o[31]
     1600 |       4 |     306 |      332 |      7 |   157 |    +1.8% |  -52.213 |   -12211.7 |   1281 | instr_addr_o[31]
     1610 |       4 |     311 |      335 |      9 |   157 |    +1.8% |  -53.233 |   -13935.4 |   1281 | instr_addr_o[31]
     1620 |       4 |     315 |      341 |      9 |   157 |    +1.8% |  -53.236 |   -18817.8 |   1281 | instr_addr_o[31]
     1627 |       4 |     296 |      328 |      7 |   157 |    +1.7% |  -51.696 |    -3202.1 |   1281 | instr_addr_o[31]
     1630 |       4 |     298 |      328 |      7 |   157 |    +1.7% |  -51.696 |    -3189.0 |   1281 | instr_addr_o[31]
     1640 |       4 |     305 |      331 |      7 |   157 |    +1.7% |  -54.540 |   -11122.3 |   1281 | instr_addr_o[28]
     1650 |       4 |     312 |      334 |      7 |   157 |    +1.8% |  -53.233 |   -16159.6 |   1281 | instr_addr_o[31]
     1660 |       4 |     314 |      340 |      9 |   157 |    +1.8% |  -53.233 |   -12966.2 |   1281 | instr_addr_o[31]
     1670 |       4 |     320 |      344 |      9 |   157 |    +1.8% |  -53.793 |   -15342.5 |   1281 | instr_addr_o[31]
     1671 |       4 |     298 |      328 |      7 |   157 |    +1.7% |  -51.696 |    -3189.0 |   1281 | instr_addr_o[31]
     1672 |       4 |     298 |      328 |      7 |   157 |    +1.7% |  -51.696 |    -3189.0 |   1280 | instr_addr_o[31]
     1680 |       4 |     302 |      331 |      7 |   157 |    +1.7% |  -52.634 |   -12268.2 |   1280 | instr_addr_o[28]
     1690 |       4 |     311 |      332 |      7 |   157 |    +1.8% |  -53.233 |   -10701.6 |   1280 | instr_addr_o[31]
     1700 |       4 |     313 |      338 |      9 |   157 |    +1.8% |  -53.233 |   -12934.6 |   1280 | instr_addr_o[31]
     1700 |       4 |     298 |      328 |      7 |   157 |    +1.7% |  -51.696 |    -3189.0 |   1280 | instr_addr_o[31]
     1710 |       4 |     304 |      331 |      7 |   157 |    +1.7% |  -54.540 |   -11421.1 |   1280 | instr_addr_o[28]
     1720 |       4 |     311 |      334 |      7 |   157 |    +1.8% |  -53.233 |   -16376.5 |   1280 | instr_addr_o[31]
     1730 |       4 |     314 |      339 |      9 |   157 |    +1.8% |  -53.233 |   -13687.7 |   1280 | instr_addr_o[31]
     1740 |       4 |     319 |      344 |      9 |   157 |    +1.8% |  -53.793 |   -16664.3 |   1280 | instr_addr_o[31]
     1742 |       4 |     298 |      328 |      7 |   157 |    +1.7% |  -51.696 |    -3189.0 |   1280 | instr_addr_o[31]
     1743 |       4 |     298 |      328 |      7 |   157 |    +1.7% |  -51.696 |    -3189.0 |   1279 | instr_addr_o[31]
     1748 |       4 |     300 |      330 |      7 |   157 |    +1.7% |  -51.696 |    -3174.5 |   1277 | instr_addr_o[31]
     1749 |       4 |     300 |      330 |      7 |   157 |    +1.7% |  -51.696 |    -3174.5 |   1276 | instr_addr_o[31]
     1750 |       4 |     300 |      330 |      7 |   157 |    +1.7% |  -51.696 |    -3174.5 |   1276 | instr_addr_o[31]
     1750 |       4 |     300 |      330 |      7 |   157 |    +1.7% |  -51.696 |    -3174.5 |   1275 | instr_addr_o[31]
     1760 |       4 |     306 |      333 |      7 |   157 |    +1.8% |  -54.540 |   -11406.6 |   1275 | instr_addr_o[28]
     1770 |       4 |     313 |      336 |      7 |   157 |    +1.8% |  -53.233 |   -16360.7 |   1275 | instr_addr_o[31]
     1780 |       4 |     316 |      341 |      9 |   157 |    +1.8% |  -53.233 |   -13671.8 |   1275 | instr_addr_o[31]
     1790 |       4 |     321 |      346 |      9 |   157 |    +1.8% |  -53.793 |   -16647.9 |   1275 | instr_addr_o[31]
     1792 |       4 |     300 |      330 |      7 |   157 |    +1.7% |  -51.696 |    -3174.5 |   1275 | instr_addr_o[31]
     1800 |       4 |     304 |      333 |      7 |   157 |    +1.7% |  -52.634 |   -12253.6 |   1275 | instr_addr_o[28]
     1810 |       4 |     313 |      334 |      7 |   157 |    +1.8% |  -53.233 |   -10685.8 |   1275 | instr_addr_o[31]
     1820 |       4 |     315 |      340 |      9 |   157 |    +1.8% |  -53.233 |   -12918.8 |   1275 | instr_addr_o[31]
     1830 |       4 |     319 |      346 |      9 |   157 |    +1.8% |  -53.236 |   -17127.4 |   1275 | instr_addr_o[31]
     1834 |       4 |     300 |      330 |      7 |   157 |    +1.7% |  -51.696 |    -3174.5 |   1275 | instr_addr_o[31]
     1835 |       4 |     300 |      330 |      7 |   157 |    +1.7% |  -51.696 |    -3174.5 |   1274 | instr_addr_o[31]
     1836 |       4 |     300 |      330 |      7 |   157 |    +1.7% |  -51.696 |    -3174.5 |   1273 | instr_addr_o[31]
     1837 |       4 |     300 |      330 |      7 |   157 |    +1.7% |  -51.696 |    -3174.5 |   1272 | instr_addr_o[31]
     1840 |       4 |     302 |      330 |      7 |   157 |    +1.7% |  -51.696 |    -3175.4 |   1272 | instr_addr_o[31]
     1850 |       4 |     309 |      333 |      7 |   157 |    +1.8% |  -54.540 |   -11108.6 |   1272 | instr_addr_o[28]
     1860 |       4 |     316 |      336 |      7 |   157 |    +1.8% |  -53.233 |   -16144.6 |   1272 | instr_addr_o[31]
     1870 |       4 |     318 |      342 |      9 |   157 |    +1.8% |  -53.233 |   -12951.3 |   1272 | instr_addr_o[31]
     1880 |       4 |     324 |      346 |      9 |   157 |    +1.8% |  -53.793 |   -15327.0 |   1272 | instr_addr_o[31]
     1881 |       4 |     302 |      330 |      7 |   157 |    +1.7% |  -51.696 |    -3175.4 |   1272 | instr_addr_o[31]
     1882 |       4 |     302 |      330 |      7 |   157 |    +1.7% |  -51.696 |    -3175.4 |   1271 | instr_addr_o[31]
     1883 |       4 |     302 |      330 |      7 |   157 |    +1.7% |  -51.696 |    -3175.4 |   1270 | instr_addr_o[31]
     1884 |       4 |     302 |      330 |      7 |   157 |    +1.7% |  -51.696 |    -3175.4 |   1269 | instr_addr_o[31]
     1885 |       4 |     302 |      330 |      7 |   157 |    +1.7% |  -51.696 |    -3175.4 |   1268 | instr_addr_o[31]
     1886 |       4 |     302 |      330 |      7 |   157 |    +1.7% |  -51.696 |    -3175.4 |   1267 | instr_addr_o[31]
     1887 |       4 |     302 |      330 |      7 |   157 |    +1.7% |  -51.696 |    -3175.4 |   1266 | instr_addr_o[31]
     1888 |       4 |     302 |      330 |      7 |   157 |    +1.7% |  -51.696 |    -3175.4 |   1265 | instr_addr_o[31]
     1890 |       4 |     302 |      331 |      7 |   157 |    +1.7% |  -51.696 |    -3169.0 |   1265 | instr_addr_o[31]
     1891 |       4 |     303 |      331 |      7 |   157 |    +1.7% |  -51.696 |    -3165.5 |   1263 | instr_addr_o[31]
     1892 |       4 |     303 |      331 |      7 |   157 |    +1.7% |  -51.696 |    -3165.5 |   1262 | instr_addr_o[31]
     1893 |       4 |     303 |      331 |      7 |   157 |    +1.7% |  -51.696 |    -3165.5 |   1261 | instr_addr_o[31]
     1894 |       4 |     303 |      331 |      7 |   157 |    +1.7% |  -51.696 |    -3165.5 |   1260 | instr_addr_o[31]
     1895 |       4 |     303 |      331 |      7 |   157 |    +1.7% |  -51.696 |    -3165.5 |   1259 | instr_addr_o[31]
     1896 |       4 |     303 |      331 |      7 |   157 |    +1.7% |  -51.696 |    -3165.5 |   1258 | instr_addr_o[31]
     1897 |       4 |     303 |      331 |      7 |   157 |    +1.7% |  -51.696 |    -3165.5 |   1257 | instr_addr_o[31]
     1898 |       4 |     303 |      331 |      7 |   157 |    +1.7% |  -51.696 |    -3165.5 |   1256 | instr_addr_o[31]
     1899 |       4 |     303 |      331 |      7 |   157 |    +1.7% |  -51.696 |    -3165.5 |   1255 | instr_addr_o[31]
     1900 |       4 |     303 |      331 |      7 |   157 |    +1.7% |  -51.696 |    -3165.5 |   1255 | instr_addr_o[31]
     1900 |       4 |     303 |      331 |      7 |   157 |    +1.7% |  -51.696 |    -3165.5 |   1254 | instr_addr_o[31]
     1901 |       4 |     303 |      331 |      7 |   157 |    +1.7% |  -51.696 |    -3165.5 |   1253 | instr_addr_o[31]
     1902 |       4 |     303 |      331 |      7 |   157 |    +1.7% |  -51.696 |    -3165.5 |   1252 | instr_addr_o[31]
     1903 |       4 |     303 |      331 |      7 |   157 |    +1.7% |  -51.696 |    -3165.5 |   1251 | instr_addr_o[31]
     1904 |       4 |     303 |      331 |      7 |   157 |    +1.7% |  -51.696 |    -3165.5 |   1250 | instr_addr_o[31]
     1905 |       4 |     303 |      331 |      7 |   157 |    +1.7% |  -51.696 |    -3165.5 |   1249 | instr_addr_o[31]
     1906 |       4 |     303 |      331 |      7 |   157 |    +1.7% |  -51.696 |    -3165.5 |   1248 | instr_addr_o[31]
     1907 |       4 |     303 |      331 |      7 |   157 |    +1.7% |  -51.696 |    -3165.5 |   1247 | instr_addr_o[31]
     1910 |       4 |     304 |      331 |      8 |   157 |    +1.7% |  -51.696 |    -3286.0 |   1247 | instr_addr_o[31]
     1920 |       4 |     310 |      335 |      8 |   157 |    +1.8% |  -52.017 |    -9918.4 |   1247 | instr_addr_o[31]
     1930 |       4 |     316 |      339 |      9 |   157 |    +1.8% |  -53.233 |   -16910.4 |   1247 | instr_addr_o[31]
     1940 |       4 |     320 |      345 |     10 |   157 |    +1.8% |  -53.233 |   -13903.4 |   1247 | instr_addr_o[31]
     1949 |       4 |     304 |      331 |      8 |   157 |    +1.7% |  -51.696 |    -3286.0 |   1247 | instr_addr_o[31]
     1950 |       4 |     304 |      331 |      8 |   157 |    +1.7% |  -51.696 |    -3286.0 |   1247 | instr_addr_o[31]
     1960 |       4 |     310 |      335 |      8 |   157 |    +1.8% |  -52.017 |    -9918.4 |   1247 | instr_addr_o[31]
     1970 |       4 |     316 |      339 |      9 |   157 |    +1.8% |  -53.233 |   -16910.4 |   1247 | instr_addr_o[31]
     1980 |       4 |     320 |      345 |     10 |   157 |    +1.8% |  -53.233 |   -13903.4 |   1247 | instr_addr_o[31]
     1989 |       4 |     304 |      331 |      8 |   157 |    +1.7% |  -51.696 |    -3286.0 |   1247 | instr_addr_o[31]
     1990 |       4 |     304 |      331 |      8 |   157 |    +1.7% |  -51.696 |    -3286.0 |   1247 | instr_addr_o[31]
     2000 |       4 |     310 |      335 |      8 |   157 |    +1.8% |  -52.017 |    -9918.4 |   1247 | instr_addr_o[31]
     2000 |       4 |     304 |      331 |      8 |   157 |    +1.7% |  -51.696 |    -3286.0 |   1247 | instr_addr_o[31]
     2003 |       4 |     304 |      332 |      8 |   158 |    +1.7% |  -51.696 |    -3247.0 |   1245 | instr_addr_o[31]
     2010 |       4 |     308 |      334 |      8 |   158 |    +1.8% |  -54.542 |    -6617.5 |   1245 | instr_addr_o[28]
     2020 |       4 |     314 |      339 |      8 |   158 |    +1.8% |  -53.233 |   -17478.8 |   1245 | instr_addr_o[31]
     2030 |       4 |     318 |      344 |     10 |   158 |    +1.8% |  -53.233 |   -14385.7 |   1245 | instr_addr_o[31]
     2040 |       4 |     325 |      347 |     10 |   158 |    +1.9% |  -53.793 |   -19078.3 |   1245 | instr_addr_o[31]
     2043 |       4 |     304 |      332 |      8 |   158 |    +1.7% |  -51.696 |    -3247.0 |   1245 | instr_addr_o[31]
     2050 |       4 |     308 |      334 |      8 |   158 |    +1.8% |  -54.542 |    -6617.5 |   1245 | instr_addr_o[28]
     2060 |       4 |     314 |      339 |      8 |   158 |    +1.8% |  -53.233 |   -17478.8 |   1245 | instr_addr_o[31]
     2070 |       4 |     318 |      344 |     10 |   158 |    +1.8% |  -53.233 |   -14385.7 |   1245 | instr_addr_o[31]
     2080 |       4 |     325 |      347 |     10 |   158 |    +1.9% |  -53.793 |   -19078.3 |   1245 | instr_addr_o[31]
     2083 |       4 |     304 |      332 |      8 |   158 |    +1.7% |  -51.696 |    -3247.0 |   1245 | instr_addr_o[31]
     2090 |       4 |     308 |      334 |      8 |   158 |    +1.8% |  -54.542 |    -6617.5 |   1245 | instr_addr_o[28]
     2100 |       4 |     314 |      339 |      8 |   158 |    +1.8% |  -53.233 |   -17478.8 |   1245 | instr_addr_o[31]
     2100 |       4 |     304 |      332 |      8 |   158 |    +1.7% |  -51.696 |    -3247.0 |   1245 | instr_addr_o[31]
    2100* |       4 |     304 |      332 |      8 |   158 |    +1.7% |  -51.696 |    -3247.0 |    178 | instr_addr_o[31]
    2101* |       4 |     304 |      332 |      8 |   158 |    +1.7% |  -51.696 |    -3247.0 |    178 | instr_addr_o[31]
    2102* |       4 |     304 |      332 |      8 |   158 |    +1.7% |  -51.696 |    -3247.0 |    178 | instr_addr_o[31]
    2103* |       4 |     304 |      332 |      8 |   158 |    +1.7% |  -51.696 |    -3247.0 |    178 | instr_addr_o[31]
    2104* |       4 |     304 |      332 |      8 |   158 |    +1.7% |  -51.696 |    -3247.0 |    178 | instr_addr_o[31]
    2105* |       4 |     304 |      332 |      8 |   158 |    +1.7% |  -51.696 |    -3247.0 |    178 | instr_addr_o[31]
    2106* |       4 |     304 |      332 |      8 |   158 |    +1.7% |  -51.696 |    -3247.0 |    178 | instr_addr_o[31]
    2107* |       4 |     304 |      332 |      8 |   158 |    +1.7% |  -51.696 |    -3247.0 |    178 | instr_addr_o[31]
    2109* |       4 |     305 |      332 |      8 |   158 |    +1.7% |  -51.696 |    -2833.3 |    178 | instr_addr_o[31]
    2110* |       4 |     305 |      332 |      8 |   158 |    +1.7% |  -51.696 |    -2833.3 |    178 | instr_addr_o[31]
    2110* |       4 |     305 |      332 |      8 |   158 |    +1.7% |  -51.696 |    -2833.3 |    178 | instr_addr_o[31]
    2113* |       4 |     306 |      332 |      8 |   159 |    +1.7% |  -51.696 |    -2710.2 |    178 | instr_addr_o[31]
    2114* |       4 |     306 |      332 |      8 |   159 |    +1.7% |  -51.696 |    -2710.2 |    178 | instr_addr_o[31]
    2115* |       4 |     306 |      332 |      8 |   159 |    +1.7% |  -51.696 |    -2710.2 |    178 | instr_addr_o[31]
    2116* |       4 |     306 |      332 |      8 |   159 |    +1.7% |  -51.696 |    -2710.2 |    178 | instr_addr_o[31]
    2117* |       4 |     306 |      332 |      8 |   159 |    +1.7% |  -51.696 |    -2710.2 |    178 | instr_addr_o[31]
    2118* |       4 |     306 |      332 |      8 |   159 |    +1.7% |  -51.696 |    -2710.2 |    178 | instr_addr_o[31]
    2119* |       4 |     306 |      332 |      8 |   159 |    +1.7% |  -51.696 |    -2710.2 |    178 | instr_addr_o[31]
    2120* |       4 |     306 |      332 |      8 |   159 |    +1.7% |  -51.696 |    -2710.2 |    178 | instr_addr_o[31]
    2120* |       4 |     306 |      332 |      8 |   159 |    +1.7% |  -51.696 |    -2710.2 |    178 | instr_addr_o[31]
    2121* |       4 |     306 |      332 |      8 |   159 |    +1.7% |  -51.696 |    -2710.2 |    178 | instr_addr_o[31]
    2122* |       4 |     306 |      332 |      8 |   159 |    +1.7% |  -51.696 |    -2710.2 |    178 | instr_addr_o[31]
    2123* |       4 |     306 |      332 |      8 |   159 |    +1.7% |  -51.696 |    -2710.2 |    178 | instr_addr_o[31]
    2124* |       4 |     306 |      332 |      8 |   159 |    +1.7% |  -51.696 |    -2710.2 |    178 | instr_addr_o[31]
    2125* |       4 |     306 |      332 |      8 |   159 |    +1.7% |  -51.696 |    -2710.2 |    178 | instr_addr_o[31]
    2126* |       4 |     306 |      332 |      8 |   159 |    +1.7% |  -51.696 |    -2710.2 |    178 | instr_addr_o[31]
    2127* |       4 |     306 |      332 |      8 |   159 |    +1.7% |  -51.696 |    -2710.2 |    178 | instr_addr_o[31]
    2128* |       4 |     306 |      332 |      8 |   159 |    +1.7% |  -51.696 |    -2710.2 |    178 | instr_addr_o[31]
    2129* |       4 |     306 |      332 |      8 |   159 |    +1.7% |  -51.696 |    -2710.2 |    178 | instr_addr_o[31]
    2130* |       4 |     306 |      332 |      8 |   159 |    +1.7% |  -51.696 |    -2710.2 |    178 | instr_addr_o[31]
    2130* |       4 |     306 |      332 |      8 |   159 |    +1.7% |  -51.696 |    -2710.2 |    178 | instr_addr_o[31]
    2131* |       4 |     306 |      332 |      8 |   159 |    +1.7% |  -51.696 |    -2710.2 |    178 | instr_addr_o[31]
    2132* |       4 |     306 |      332 |      8 |   159 |    +1.7% |  -51.696 |    -2710.2 |    178 | instr_addr_o[31]
    2133* |       4 |     306 |      332 |      8 |   159 |    +1.7% |  -51.696 |    -2710.2 |    178 | instr_addr_o[31]
    2134* |       4 |     306 |      332 |      8 |   159 |    +1.7% |  -51.696 |    -2710.2 |    178 | instr_addr_o[31]
    2135* |       4 |     306 |      332 |      8 |   159 |    +1.7% |  -51.696 |    -2710.2 |    178 | instr_addr_o[31]
    2136* |       4 |     306 |      332 |      8 |   159 |    +1.7% |  -51.696 |    -2710.2 |    178 | instr_addr_o[31]
    2137* |       4 |     306 |      332 |      8 |   159 |    +1.7% |  -51.696 |    -2710.2 |    178 | instr_addr_o[31]
    2138* |       4 |     306 |      332 |      8 |   159 |    +1.7% |  -51.696 |    -2710.2 |    178 | instr_addr_o[31]
    2139* |       4 |     306 |      332 |      8 |   159 |    +1.7% |  -51.696 |    -2710.2 |    178 | instr_addr_o[31]
    2140* |       4 |     306 |      332 |      8 |   159 |    +1.7% |  -51.696 |    -2710.2 |    178 | instr_addr_o[31]
    2140* |       4 |     306 |      332 |      8 |   159 |    +1.7% |  -51.696 |    -2710.2 |    178 | instr_addr_o[31]
    2141* |       4 |     306 |      332 |      8 |   159 |    +1.7% |  -51.696 |    -2710.2 |    178 | instr_addr_o[31]
    2143* |       4 |     307 |      332 |      8 |   159 |    +1.8% |  -51.696 |    -2709.1 |    178 | instr_addr_o[31]
    2144* |       4 |     307 |      332 |      8 |   159 |    +1.8% |  -51.696 |    -2709.1 |    178 | instr_addr_o[31]
    2145* |       4 |     307 |      332 |      8 |   159 |    +1.8% |  -51.696 |    -2709.1 |    178 | instr_addr_o[31]
    2149* |       4 |     308 |      332 |      8 |   161 |    +1.8% |  -51.696 |    -2117.3 |    178 | instr_addr_o[31]
    2150* |       4 |     308 |      332 |      8 |   161 |    +1.8% |  -51.696 |    -2117.3 |    178 | instr_addr_o[31]
    2150* |       4 |     308 |      332 |      8 |   161 |    +1.8% |  -51.696 |    -2117.3 |    178 | instr_addr_o[31]
    2151* |       4 |     308 |      332 |      8 |   161 |    +1.8% |  -51.696 |    -2117.3 |    178 | instr_addr_o[31]
    2152* |       4 |     308 |      332 |      8 |   161 |    +1.8% |  -51.696 |    -2117.3 |    178 | instr_addr_o[31]
    2153* |       4 |     308 |      332 |      8 |   161 |    +1.8% |  -51.696 |    -2117.3 |    178 | instr_addr_o[31]
    2154* |       4 |     308 |      332 |      8 |   161 |    +1.8% |  -51.696 |    -2117.3 |    178 | instr_addr_o[31]
    2155* |       4 |     308 |      332 |      8 |   161 |    +1.8% |  -51.696 |    -2117.3 |    178 | instr_addr_o[31]
    2156* |       4 |     308 |      332 |      8 |   161 |    +1.8% |  -51.696 |    -2117.3 |    178 | instr_addr_o[31]
    2157* |       4 |     308 |      332 |      8 |   161 |    +1.8% |  -51.696 |    -2117.3 |    178 | instr_addr_o[31]
    2158* |       4 |     308 |      332 |      8 |   161 |    +1.8% |  -51.696 |    -2117.3 |    178 | instr_addr_o[31]
    2159* |       4 |     308 |      332 |      8 |   161 |    +1.8% |  -51.696 |    -2117.3 |    178 | instr_addr_o[31]
    2160* |       4 |     308 |      332 |      8 |   161 |    +1.8% |  -51.696 |    -2117.3 |    178 | instr_addr_o[31]
    2160* |       4 |     308 |      332 |      8 |   161 |    +1.8% |  -51.696 |    -2117.3 |    178 | instr_addr_o[31]
    2161* |       4 |     308 |      332 |      8 |   161 |    +1.8% |  -51.696 |    -2117.3 |    178 | instr_addr_o[31]
    2163* |       4 |     309 |      332 |      8 |   161 |    +1.8% |  -51.696 |    -2067.0 |    178 | instr_addr_o[31]
    2164* |       4 |     309 |      332 |      8 |   161 |    +1.8% |  -51.696 |    -2067.0 |    178 | instr_addr_o[31]
    2167* |       4 |     311 |      332 |      8 |   161 |    +1.8% |  -51.696 |    -2035.4 |    178 | instr_addr_o[31]
    2168* |       4 |     311 |      332 |      8 |   161 |    +1.8% |  -51.696 |    -2035.4 |    178 | instr_addr_o[31]
    2169* |       4 |     311 |      332 |      8 |   161 |    +1.8% |  -51.696 |    -2035.4 |    178 | instr_addr_o[31]
    2170* |       4 |     311 |      332 |      8 |   161 |    +1.8% |  -51.696 |    -2035.4 |    178 | instr_addr_o[31]
    2170* |       4 |     311 |      332 |      8 |   161 |    +1.8% |  -51.696 |    -2035.4 |    178 | instr_addr_o[31]
    2172* |       4 |     311 |      332 |      8 |   162 |    +1.8% |  -51.696 |    -1982.1 |    178 | instr_addr_o[31]
    2173* |       4 |     311 |      332 |      8 |   162 |    +1.8% |  -51.696 |    -1982.1 |    178 | instr_addr_o[31]
    2174* |       4 |     311 |      332 |      8 |   162 |    +1.8% |  -51.696 |    -1982.1 |    178 | instr_addr_o[31]
    2175* |       4 |     311 |      332 |      8 |   162 |    +1.8% |  -51.696 |    -1982.1 |    178 | instr_addr_o[31]
    2179* |       4 |     314 |      332 |      8 |   162 |    +1.8% |  -51.696 |    -1870.0 |    178 | instr_addr_o[31]
    2180* |       4 |     314 |      332 |      8 |   162 |    +1.8% |  -51.696 |    -1870.0 |    178 | instr_addr_o[31]
    2180* |       4 |     314 |      332 |      8 |   162 |    +1.8% |  -51.696 |    -1870.0 |    178 | instr_addr_o[31]
    2181* |       4 |     314 |      332 |      8 |   162 |    +1.8% |  -51.696 |    -1870.0 |    178 | instr_addr_o[31]
    2183* |       4 |     315 |      332 |      8 |   162 |    +1.8% |  -51.696 |    -1794.7 |    178 | instr_addr_o[31]
    2184* |       4 |     315 |      332 |      8 |   162 |    +1.8% |  -51.696 |    -1794.7 |    178 | instr_addr_o[31]
    2187* |       4 |     315 |      332 |      8 |   164 |    +1.8% |  -51.696 |    -1783.0 |    178 | instr_addr_o[31]
    2188* |       4 |     315 |      332 |      8 |   164 |    +1.8% |  -51.696 |    -1783.0 |    178 | instr_addr_o[31]
    2189* |       4 |     315 |      332 |      8 |   164 |    +1.8% |  -51.696 |    -1783.0 |    178 | instr_addr_o[31]
    2190* |       4 |     315 |      332 |      8 |   164 |    +1.8% |  -51.696 |    -1783.0 |    178 | instr_addr_o[31]
    2190* |       4 |     315 |      332 |      8 |   164 |    +1.8% |  -51.696 |    -1783.0 |    178 | instr_addr_o[31]
    2191* |       4 |     315 |      332 |      8 |   164 |    +1.8% |  -51.696 |    -1783.0 |    178 | instr_addr_o[31]
    2192* |       4 |     315 |      332 |      8 |   164 |    +1.8% |  -51.696 |    -1783.0 |    177 | instr_addr_o[31]
    2193* |       4 |     315 |      332 |      8 |   164 |    +1.8% |  -51.696 |    -1783.0 |    177 | instr_addr_o[31]
    2194* |       4 |     315 |      332 |      8 |   164 |    +1.8% |  -51.696 |    -1783.0 |    177 | instr_addr_o[31]
    2195* |       4 |     315 |      332 |      8 |   164 |    +1.8% |  -51.696 |    -1783.0 |    176 | instr_addr_o[31]
    2196* |       4 |     315 |      332 |      8 |   164 |    +1.8% |  -51.696 |    -1783.0 |    176 | instr_addr_o[31]
    2197* |       4 |     315 |      332 |      8 |   164 |    +1.8% |  -51.696 |    -1783.0 |    176 | instr_addr_o[31]
    2198* |       4 |     315 |      332 |      8 |   164 |    +1.8% |  -51.696 |    -1783.0 |    176 | instr_addr_o[31]
    2199* |       4 |     315 |      332 |      8 |   164 |    +1.8% |  -51.696 |    -1783.0 |    176 | instr_addr_o[31]
    2200* |       4 |     315 |      332 |      8 |   164 |    +1.8% |  -51.696 |    -1783.0 |    176 | instr_addr_o[31]
    2201* |       4 |     315 |      332 |      8 |   164 |    +1.8% |  -51.696 |    -1783.0 |    176 | instr_addr_o[31]
    2202* |       4 |     315 |      332 |      8 |   164 |    +1.8% |  -51.696 |    -1783.0 |    176 | instr_addr_o[31]
    2203* |       4 |     315 |      332 |      8 |   164 |    +1.8% |  -51.696 |    -1783.0 |    176 | instr_addr_o[31]
    2204* |       4 |     315 |      332 |      8 |   164 |    +1.8% |  -51.696 |    -1783.0 |    176 | instr_addr_o[31]
    2205* |       4 |     315 |      332 |      8 |   164 |    +1.8% |  -51.696 |    -1783.0 |    176 | instr_addr_o[31]
    2206* |       4 |     315 |      332 |      8 |   164 |    +1.8% |  -51.696 |    -1783.0 |    176 | instr_addr_o[31]
    2207* |       4 |     315 |      332 |      8 |   164 |    +1.8% |  -51.696 |    -1783.0 |    176 | instr_addr_o[31]
    2208* |       4 |     315 |      332 |      8 |   164 |    +1.8% |  -51.696 |    -1783.0 |    175 | instr_addr_o[31]
    2209* |       4 |     315 |      332 |      8 |   164 |    +1.8% |  -51.696 |    -1783.0 |    175 | instr_addr_o[31]
    2210* |       4 |     315 |      332 |      8 |   164 |    +1.8% |  -51.696 |    -1783.0 |    175 | instr_addr_o[31]
    2210* |       4 |     315 |      332 |      8 |   164 |    +1.8% |  -51.696 |    -1783.0 |    175 | instr_addr_o[31]
    2211* |       4 |     315 |      332 |      8 |   164 |    +1.8% |  -51.696 |    -1783.0 |    175 | instr_addr_o[31]
    2212* |       4 |     315 |      332 |      8 |   164 |    +1.8% |  -51.696 |    -1783.0 |    174 | instr_addr_o[31]
    2213* |       4 |     315 |      332 |      8 |   164 |    +1.8% |  -51.696 |    -1783.0 |    174 | instr_addr_o[31]
    2214* |       4 |     315 |      332 |      8 |   164 |    +1.8% |  -51.696 |    -1783.0 |    174 | instr_addr_o[31]
    2215* |       4 |     315 |      332 |      8 |   164 |    +1.8% |  -51.696 |    -1783.0 |    174 | instr_addr_o[31]
    2216* |       4 |     315 |      332 |      8 |   164 |    +1.8% |  -51.696 |    -1783.0 |    174 | instr_addr_o[31]
    2217* |       4 |     315 |      332 |      8 |   164 |    +1.8% |  -51.696 |    -1783.0 |    173 | instr_addr_o[31]
    2218* |       4 |     315 |      332 |      8 |   164 |    +1.8% |  -51.696 |    -1783.0 |    172 | instr_addr_o[31]
    2219* |       4 |     315 |      332 |      8 |   164 |    +1.8% |  -51.696 |    -1783.0 |    172 | instr_addr_o[31]
    2220* |       4 |     315 |      332 |      8 |   164 |    +1.8% |  -51.696 |    -1783.0 |    172 | instr_addr_o[31]
    2220* |       4 |     315 |      332 |      8 |   164 |    +1.8% |  -51.696 |    -1783.0 |    172 | instr_addr_o[31]
    2221* |       4 |     315 |      332 |      8 |   164 |    +1.8% |  -51.696 |    -1783.0 |    172 | instr_addr_o[31]
    2222* |       4 |     315 |      332 |      8 |   164 |    +1.8% |  -51.696 |    -1783.0 |    172 | instr_addr_o[31]
    2223* |       4 |     315 |      332 |      8 |   164 |    +1.8% |  -51.696 |    -1783.0 |    172 | instr_addr_o[31]
    2224* |       4 |     315 |      332 |      8 |   164 |    +1.8% |  -51.696 |    -1783.0 |    172 | instr_addr_o[31]
    2225* |       4 |     315 |      332 |      8 |   164 |    +1.8% |  -51.696 |    -1783.0 |    172 | instr_addr_o[31]
    2226* |       4 |     315 |      332 |      8 |   164 |    +1.8% |  -51.696 |    -1783.0 |    171 | instr_addr_o[31]
    2227* |       4 |     315 |      332 |      8 |   164 |    +1.8% |  -51.696 |    -1783.0 |    170 | instr_addr_o[31]
    2228* |       4 |     315 |      332 |      8 |   164 |    +1.8% |  -51.696 |    -1783.0 |    170 | instr_addr_o[31]
    2229* |       4 |     315 |      332 |      8 |   164 |    +1.8% |  -51.696 |    -1783.0 |    170 | instr_addr_o[31]
    2230* |       4 |     315 |      332 |      8 |   164 |    +1.8% |  -51.696 |    -1783.0 |    170 | instr_addr_o[31]
    2233* |       4 |     318 |      332 |      8 |   164 |    +1.8% |  -51.696 |    -1781.6 |    170 | instr_addr_o[31]
    2234* |       4 |     318 |      332 |      8 |   164 |    +1.8% |  -51.696 |    -1781.6 |    170 | instr_addr_o[31]
    2235* |       4 |     318 |      332 |      8 |   164 |    +1.8% |  -51.696 |    -1781.6 |    169 | instr_addr_o[31]
    2236* |       4 |     318 |      332 |      8 |   164 |    +1.8% |  -51.696 |    -1781.6 |    169 | instr_addr_o[31]
    2237* |       4 |     318 |      332 |      8 |   164 |    +1.8% |  -51.696 |    -1781.6 |    169 | instr_addr_o[31]
    2238* |       4 |     318 |      332 |      8 |   164 |    +1.8% |  -51.696 |    -1781.6 |    169 | instr_addr_o[31]
    2239* |       4 |     318 |      332 |      8 |   164 |    +1.8% |  -51.696 |    -1781.6 |    169 | instr_addr_o[31]
    2240* |       4 |     318 |      332 |      8 |   164 |    +1.8% |  -51.696 |    -1781.6 |    169 | instr_addr_o[31]
    2240* |       4 |     318 |      332 |      8 |   164 |    +1.8% |  -51.696 |    -1781.6 |    169 | instr_addr_o[31]
    2241* |       4 |     318 |      332 |      8 |   164 |    +1.8% |  -51.696 |    -1781.6 |    169 | instr_addr_o[31]
    2242* |       4 |     318 |      332 |      8 |   164 |    +1.8% |  -51.696 |    -1781.6 |    169 | instr_addr_o[31]
    2243* |       4 |     318 |      332 |      8 |   164 |    +1.8% |  -51.696 |    -1781.6 |    169 | instr_addr_o[31]
    2244* |       4 |     318 |      332 |      8 |   164 |    +1.8% |  -51.696 |    -1781.6 |    168 | instr_addr_o[31]
    2245* |       4 |     318 |      332 |      8 |   164 |    +1.8% |  -51.696 |    -1781.6 |    168 | instr_addr_o[31]
    2246* |       4 |     318 |      332 |      8 |   164 |    +1.8% |  -51.696 |    -1781.6 |    168 | instr_addr_o[31]
    2247* |       4 |     318 |      332 |      8 |   164 |    +1.8% |  -51.696 |    -1781.6 |    168 | instr_addr_o[31]
    2248* |       4 |     318 |      332 |      8 |   164 |    +1.8% |  -51.696 |    -1781.6 |    168 | instr_addr_o[31]
    2249* |       4 |     318 |      332 |      8 |   164 |    +1.8% |  -51.696 |    -1781.6 |    168 | instr_addr_o[31]
    2250* |       4 |     318 |      332 |      8 |   164 |    +1.8% |  -51.696 |    -1781.6 |    168 | instr_addr_o[31]
    2250* |       4 |     318 |      332 |      8 |   164 |    +1.8% |  -51.696 |    -1781.6 |    168 | instr_addr_o[31]
    2251* |       4 |     318 |      332 |      8 |   164 |    +1.8% |  -51.696 |    -1781.6 |    168 | instr_addr_o[31]
    2252* |       4 |     318 |      332 |      8 |   164 |    +1.8% |  -51.696 |    -1781.6 |    168 | instr_addr_o[31]
    2253* |       4 |     318 |      332 |      8 |   164 |    +1.8% |  -51.696 |    -1781.6 |    167 | instr_addr_o[31]
    2254* |       4 |     318 |      332 |      8 |   164 |    +1.8% |  -51.696 |    -1781.6 |    167 | instr_addr_o[31]
    2255* |       4 |     318 |      332 |      8 |   164 |    +1.8% |  -51.696 |    -1781.6 |    167 | instr_addr_o[31]
    2256* |       4 |     318 |      332 |      8 |   164 |    +1.8% |  -51.696 |    -1781.6 |    167 | instr_addr_o[31]
    2257* |       4 |     318 |      332 |      8 |   164 |    +1.8% |  -51.696 |    -1781.6 |    167 | instr_addr_o[31]
    2258* |       4 |     318 |      332 |      8 |   164 |    +1.8% |  -51.696 |    -1781.6 |    167 | instr_addr_o[31]
    2259* |       4 |     318 |      332 |      8 |   164 |    +1.8% |  -51.696 |    -1781.6 |    167 | instr_addr_o[31]
    2260* |       4 |     318 |      332 |      8 |   164 |    +1.8% |  -51.696 |    -1781.6 |    167 | instr_addr_o[31]
    2260* |       4 |     318 |      332 |      8 |   164 |    +1.8% |  -51.696 |    -1781.6 |    167 | instr_addr_o[31]
    2261* |       4 |     318 |      332 |      8 |   164 |    +1.8% |  -51.696 |    -1781.6 |    167 | instr_addr_o[31]
    2262* |       4 |     318 |      332 |      8 |   164 |    +1.8% |  -51.696 |    -1781.6 |    167 | instr_addr_o[31]
    2263* |       4 |     318 |      332 |      8 |   164 |    +1.8% |  -51.696 |    -1781.6 |    167 | instr_addr_o[31]
    2264* |       4 |     318 |      332 |      8 |   164 |    +1.8% |  -51.696 |    -1781.6 |    167 | instr_addr_o[31]
    2265* |       4 |     318 |      332 |      8 |   164 |    +1.8% |  -51.696 |    -1781.6 |    166 | instr_addr_o[31]
    2266* |       4 |     318 |      332 |      8 |   164 |    +1.8% |  -51.696 |    -1781.6 |    166 | instr_addr_o[31]
    2267* |       4 |     318 |      332 |      8 |   164 |    +1.8% |  -51.696 |    -1781.6 |    166 | instr_addr_o[31]
    2268* |       4 |     318 |      332 |      8 |   164 |    +1.8% |  -51.696 |    -1781.6 |    166 | instr_addr_o[31]
    2269* |       4 |     318 |      332 |      8 |   164 |    +1.8% |  -51.696 |    -1781.6 |    165 | instr_addr_o[31]
    2270* |       4 |     318 |      332 |      8 |   164 |    +1.8% |  -51.696 |    -1781.6 |    165 | instr_addr_o[31]
    2270* |       4 |     318 |      332 |      8 |   164 |    +1.8% |  -51.696 |    -1781.6 |    165 | instr_addr_o[31]
    2271* |       4 |     318 |      332 |      8 |   164 |    +1.8% |  -51.696 |    -1781.6 |    165 | instr_addr_o[31]
    2272* |       4 |     318 |      332 |      8 |   164 |    +1.8% |  -51.696 |    -1781.6 |    165 | instr_addr_o[31]
    2273* |       4 |     318 |      332 |      8 |   164 |    +1.8% |  -51.696 |    -1781.6 |    165 | instr_addr_o[31]
    2274* |       4 |     318 |      332 |      8 |   164 |    +1.8% |  -51.696 |    -1781.6 |    165 | instr_addr_o[31]
    2275* |       4 |     318 |      332 |      8 |   164 |    +1.8% |  -51.696 |    -1781.6 |    165 | instr_addr_o[31]
    2276* |       4 |     318 |      332 |      8 |   164 |    +1.8% |  -51.696 |    -1781.6 |    165 | instr_addr_o[31]
    2277* |       4 |     318 |      332 |      8 |   164 |    +1.8% |  -51.696 |    -1781.6 |    165 | instr_addr_o[31]
    2278* |       4 |     318 |      332 |      8 |   164 |    +1.8% |  -51.696 |    -1781.6 |    165 | instr_addr_o[31]
    2279* |       4 |     318 |      332 |      8 |   164 |    +1.8% |  -51.696 |    -1781.6 |    165 | instr_addr_o[31]
    2280* |       4 |     318 |      332 |      8 |   164 |    +1.8% |  -51.696 |    -1781.6 |    165 | instr_addr_o[31]
    2280* |       4 |     318 |      332 |      8 |   164 |    +1.8% |  -51.696 |    -1781.6 |    165 | instr_addr_o[31]
    2281* |       4 |     318 |      332 |      8 |   164 |    +1.8% |  -51.696 |    -1781.6 |    164 | instr_addr_o[31]
    2282* |       4 |     318 |      332 |      8 |   164 |    +1.8% |  -51.696 |    -1781.6 |    164 | instr_addr_o[31]
    2283* |       4 |     318 |      332 |      8 |   164 |    +1.8% |  -51.696 |    -1781.6 |    164 | instr_addr_o[31]
    2284* |       4 |     318 |      332 |      8 |   164 |    +1.8% |  -51.696 |    -1781.6 |    164 | instr_addr_o[31]
    2285* |       4 |     318 |      332 |      8 |   164 |    +1.8% |  -51.696 |    -1781.6 |    164 | instr_addr_o[31]
    2286* |       4 |     318 |      332 |      8 |   164 |    +1.8% |  -51.696 |    -1781.6 |    164 | instr_addr_o[31]
    2287* |       4 |     318 |      332 |      8 |   164 |    +1.8% |  -51.696 |    -1781.6 |    164 | instr_addr_o[31]
    2288* |       4 |     318 |      332 |      8 |   164 |    +1.8% |  -51.696 |    -1781.6 |    163 | instr_addr_o[31]
    2289* |       4 |     318 |      332 |      8 |   164 |    +1.8% |  -51.696 |    -1781.6 |    162 | instr_addr_o[31]
    2290* |       4 |     318 |      332 |      8 |   164 |    +1.8% |  -51.696 |    -1781.6 |    162 | instr_addr_o[31]
    2290* |       4 |     318 |      332 |      8 |   164 |    +1.8% |  -51.696 |    -1781.6 |    161 | instr_addr_o[31]
    2291* |       4 |     318 |      332 |      8 |   164 |    +1.8% |  -51.696 |    -1781.6 |    161 | instr_addr_o[31]
    2292* |       4 |     318 |      332 |      8 |   164 |    +1.8% |  -51.696 |    -1781.6 |    161 | instr_addr_o[31]
    2293* |       4 |     318 |      332 |      8 |   164 |    +1.8% |  -51.696 |    -1781.6 |    160 | instr_addr_o[31]
    2294* |       4 |     318 |      332 |      8 |   164 |    +1.8% |  -51.696 |    -1781.6 |    159 | instr_addr_o[31]
    2295* |       4 |     318 |      332 |      8 |   164 |    +1.8% |  -51.696 |    -1781.6 |    159 | instr_addr_o[31]
    2296* |       4 |     318 |      332 |      8 |   164 |    +1.8% |  -51.696 |    -1781.6 |    159 | instr_addr_o[31]
    2299* |       4 |     319 |      332 |      8 |   165 |    +1.8% |  -51.696 |    -1780.3 |    157 | instr_addr_o[31]
    2300* |       4 |     319 |      332 |      8 |   165 |    +1.8% |  -51.696 |    -1780.3 |    157 | instr_addr_o[31]
    final |       4 |     319 |      332 |      8 |   165 |    +1.8% |  -51.696 |    -1780.3 |    157 | instr_addr_o[31]
--------------------------------------------------------------------------------------------------------------
[INFO RSZ-0059] Removed 4 buffers.
[INFO RSZ-0040] Inserted 332 buffers.
[INFO RSZ-0051] Resized 319 instances: 319 up, 0 up match, 0 down, 0 VT
[INFO RSZ-0043] Swapped pins on 165 instances.
[INFO RSZ-0049] Cloned 8 instances.
[WARNING RSZ-0062] Unable to repair all setup violations.
[INFO RSZ-0033] No hold violations found.
Took 116 seconds: repair_timing -setup_margin 0 -hold_margin 0 -repair_tns 100 -verbose
[INFO DPL-0005] Max displacement: +/- 500 sites horizontally, +/- 100 rows vertically.
Movements Summary
---------------------------------------
Total cells:                   20611
Diamond Move Success:          20611 (100.00%)
Diamond Move Failure:              0
Rip-up and replace Success:        0 (  0.00% of diamond failures)
Rip-up and replace Failure:        0
Total Placement Failures:          0
---------------------------------------
Placement Analysis
---------------------------------
total displacement        246.6 u
average displacement        0.0 u
max displacement            2.3 u
original HPWL           77402.0 u
legalized HPWL          77599.2 u
delta HPWL                    0 %

Report metrics stage 4, cts final...

==========================================================================
cts final report_design_area
--------------------------------------------------------------------------
Design area 2518 um^2 46% utilization.
write_db ./results/asap7/ibex/modified_alpha_16-beta_0.1/4_1_cts.odb
write_sdc -no_timestamp ./results/asap7/ibex/modified_alpha_16-beta_0.1/4_cts.sdc
Elapsed time: 2:04.63[h:]min:sec. CPU time: user 552.69 sys 250.60 (644%). Peak memory: 409532KB.
Log                        Elapsed/s Peak Memory/MB  sha1sum .odb [0:20)
4_1_cts                          124            399 802ef784cea0be7e04e5
