
==========================================================================
finish report_tns
--------------------------------------------------------------------------
tns max 0.00

==========================================================================
finish report_wns
--------------------------------------------------------------------------
wns max 0.00

==========================================================================
finish report_worst_slack
--------------------------------------------------------------------------
worst slack max 13.34

==========================================================================
finish report_clock_min_period
--------------------------------------------------------------------------
clk period_min = 936.66 fmax = 1067.62

==========================================================================
finish report_clock_skew
--------------------------------------------------------------------------
Clock clk
  97.89 source latency _tray_size4_2019/CLK ^
 -71.86 target latency dmem/dmem2/clk ^
   0.00 CRPR
--------------
  26.03 setup skew


==========================================================================
finish report_checks -path_delay min
--------------------------------------------------------------------------
Startpoint: reset (input port clocked by clk)
Endpoint: riscv.dp.pcreg.q[24]$_DFF_PP0_
          (removal check against rising-edge clock clk)
Path Group: asynchronous
Path Type: min

Fanout     Cap    Slew   Delay    Time   Description
-----------------------------------------------------------------------------
                          0.00    0.00   clock clk (rise edge)
                          0.00    0.00   clock network delay (propagated)
                        118.75  118.75 v input external delay
     1    1.11    0.00    0.00  118.75 v reset (in)
                                         reset (net)
                  0.32    0.10  118.85 v input102/A (BUFx2_ASAP7_75t_R)
     1    0.54    4.74   10.47  129.32 v input102/Y (BUFx2_ASAP7_75t_R)
                                         net64 (net)
                  4.75    0.04  129.36 v _14755_/A (INVx1_ASAP7_75t_R)
     1    0.73    6.25    5.09  134.45 ^ _14755_/Y (INVx1_ASAP7_75t_R)
                                         _07680_ (net)
                  6.26    0.07  134.51 ^ place2387/A (BUFx3_ASAP7_75t_R)
    32   28.09   65.76   30.68  165.19 ^ place2387/Y (BUFx3_ASAP7_75t_R)
                                         net2350 (net)
                 65.91    2.07  167.27 ^ riscv.dp.pcreg.q[24]$_DFF_PP0_/RESETN (DFFASRHQNx1_ASAP7_75t_R)
                                167.27   data arrival time

                          0.00    0.00   clock clk (rise edge)
                          0.00    0.00   clock source latency
     2   10.89    0.00    0.00    0.00 ^ clk (in)
                                         clk (net)
                 15.11    4.77    4.77 ^ clkbuf_regs_0_clk/A (BUFx16f_ASAP7_75t_R)
     1    2.71    5.77   15.72   20.48 ^ clkbuf_regs_0_clk/Y (BUFx16f_ASAP7_75t_R)
                                         clk_regs (net)
                  5.78    0.26   20.74 ^ clkbuf_0_clk_regs/A (BUFx16f_ASAP7_75t_R)
     4   17.03   12.79   14.18   34.92 ^ clkbuf_0_clk_regs/Y (BUFx16f_ASAP7_75t_R)
                                         clknet_0_clk_regs (net)
                 15.60    2.81   37.74 ^ clkbuf_2_1__f_clk_regs/A (BUFx16f_ASAP7_75t_R)
     9   35.56   22.74   19.82   57.56 ^ clkbuf_2_1__f_clk_regs/Y (BUFx16f_ASAP7_75t_R)
                                         clknet_2_1__leaf_clk_regs (net)
                 40.99   11.30   68.86 ^ clkbuf_leaf_15_clk_regs/A (BUFx24_ASAP7_75t_R)
    10    6.93    9.66   26.33   95.19 ^ clkbuf_leaf_15_clk_regs/Y (BUFx24_ASAP7_75t_R)
                                         clknet_leaf_15_clk_regs (net)
                  9.67    0.31   95.50 ^ riscv.dp.pcreg.q[24]$_DFF_PP0_/CLK (DFFASRHQNx1_ASAP7_75t_R)
                          0.00   95.50   clock reconvergence pessimism
                         25.44  120.95   library removal time
                                120.95   data required time
-----------------------------------------------------------------------------
                                120.95   data required time
                               -167.27   data arrival time
-----------------------------------------------------------------------------
                                 46.32   slack (MET)


Startpoint: _tray_size4_1992 (rising edge-triggered flip-flop clocked by clk)
Endpoint: _tray_size4_1992 (rising edge-triggered flip-flop clocked by clk)
Path Group: clk
Path Type: min

Fanout     Cap    Slew   Delay    Time   Description
-----------------------------------------------------------------------------
                          0.00    0.00   clock clk (rise edge)
                          0.00    0.00   clock source latency
     2    9.57    0.00    0.00    0.00 ^ clk (in)
                                         clk (net)
                 12.97    4.09    4.09 ^ clkbuf_regs_0_clk/A (BUFx16f_ASAP7_75t_R)
     1    2.05    5.40   14.96   19.05 ^ clkbuf_regs_0_clk/Y (BUFx16f_ASAP7_75t_R)
                                         clk_regs (net)
                  5.40    0.19   19.25 ^ clkbuf_0_clk_regs/A (BUFx16f_ASAP7_75t_R)
     4   14.40   11.32   13.89   33.13 ^ clkbuf_0_clk_regs/Y (BUFx16f_ASAP7_75t_R)
                                         clknet_0_clk_regs (net)
                 18.01    4.29   37.43 ^ clkbuf_2_0__f_clk_regs/A (BUFx16f_ASAP7_75t_R)
    10   30.62   20.81   20.59   58.02 ^ clkbuf_2_0__f_clk_regs/Y (BUFx16f_ASAP7_75t_R)
                                         clknet_2_0__leaf_clk_regs (net)
                 21.57    2.22   60.24 ^ clkbuf_leaf_22_clk_regs/A (BUFx24_ASAP7_75t_R)
    10    8.90    9.51   21.83   82.07 ^ clkbuf_leaf_22_clk_regs/Y (BUFx24_ASAP7_75t_R)
                                         clknet_leaf_22_clk_regs (net)
                 11.14    2.02   84.09 ^ _tray_size4_1992/CLK (DFFHQNH2V2Xx1_ASAP7_75t_R)
     1    0.66   16.89   48.55  132.64 ^ _tray_size4_1992/QN2 (DFFHQNH2V2Xx1_ASAP7_75t_R)
                                         _01048_ (net)
                 16.90    0.06  132.70 ^ _09544_/A (INVx1_ASAP7_75t_R)
     2    1.27   10.62    8.83  141.53 v _09544_/Y (INVx1_ASAP7_75t_R)
                                         _02560_ (net)
                 10.62    0.09  141.61 v _tray_size4_1992/D2 (DFFHQNH2V2Xx1_ASAP7_75t_R)
                                141.61   data arrival time

                          0.00    0.00   clock clk (rise edge)
                          0.00    0.00   clock source latency
     2   10.89    0.00    0.00    0.00 ^ clk (in)
                                         clk (net)
                 15.11    4.77    4.77 ^ clkbuf_regs_0_clk/A (BUFx16f_ASAP7_75t_R)
     1    2.71    5.77   15.72   20.48 ^ clkbuf_regs_0_clk/Y (BUFx16f_ASAP7_75t_R)
                                         clk_regs (net)
                  5.78    0.26   20.74 ^ clkbuf_0_clk_regs/A (BUFx16f_ASAP7_75t_R)
     4   17.03   12.79   14.18   34.92 ^ clkbuf_0_clk_regs/Y (BUFx16f_ASAP7_75t_R)
                                         clknet_0_clk_regs (net)
                 20.88    5.05   39.97 ^ clkbuf_2_0__f_clk_regs/A (BUFx16f_ASAP7_75t_R)
    10   36.63   24.16   22.05   62.02 ^ clkbuf_2_0__f_clk_regs/Y (BUFx16f_ASAP7_75t_R)
                                         clknet_2_0__leaf_clk_regs (net)
                 25.12    2.67   64.69 ^ clkbuf_leaf_22_clk_regs/A (BUFx24_ASAP7_75t_R)
    10   10.07   10.16   22.87   87.56 ^ clkbuf_leaf_22_clk_regs/Y (BUFx24_ASAP7_75t_R)
                                         clknet_leaf_22_clk_regs (net)
                 12.10    2.27   89.84 ^ _tray_size4_1992/CLK (DFFHQNH2V2Xx1_ASAP7_75t_R)
                         -5.74   84.09   clock reconvergence pessimism
                         12.03   96.13   library hold time
                                 96.13   data required time
-----------------------------------------------------------------------------
                                 96.13   data required time
                               -141.61   data arrival time
-----------------------------------------------------------------------------
                                 45.49   slack (MET)



==========================================================================
finish report_checks -path_delay max
--------------------------------------------------------------------------
Startpoint: reset (input port clocked by clk)
Endpoint: riscv.dp.pcreg.q[3]$_DFF_PP0_
          (recovery check against rising-edge clock clk)
Path Group: asynchronous
Path Type: max

Fanout     Cap    Slew   Delay    Time   Description
-----------------------------------------------------------------------------
                          0.00    0.00   clock clk (rise edge)
                          0.00    0.00   clock network delay (propagated)
                        118.75  118.75 v input external delay
     1    1.25    0.00    0.00  118.75 v reset (in)
                                         reset (net)
                  0.38    0.12  118.87 v input102/A (BUFx2_ASAP7_75t_R)
     1    0.71    5.13   10.75  129.62 v input102/Y (BUFx2_ASAP7_75t_R)
                                         net64 (net)
                  5.13    0.05  129.67 v _14755_/A (INVx1_ASAP7_75t_R)
     1    0.89    7.24    5.61  135.28 ^ _14755_/Y (INVx1_ASAP7_75t_R)
                                         _07680_ (net)
                  7.25    0.08  135.36 ^ place2387/A (BUFx3_ASAP7_75t_R)
    32   31.46   73.37   33.20  168.56 ^ place2387/Y (BUFx3_ASAP7_75t_R)
                                         net2350 (net)
                 86.16   15.92  184.48 ^ riscv.dp.pcreg.q[3]$_DFF_PP0_/RESETN (DFFASRHQNx1_ASAP7_75t_R)
                                184.48   data arrival time

                        950.00  950.00   clock clk (rise edge)
                          0.00  950.00   clock source latency
     2    9.57    0.00    0.00  950.00 ^ clk (in)
                                         clk (net)
                 12.97    4.09  954.09 ^ clkbuf_regs_0_clk/A (BUFx16f_ASAP7_75t_R)
     1    2.05    5.40   14.96  969.05 ^ clkbuf_regs_0_clk/Y (BUFx16f_ASAP7_75t_R)
                                         clk_regs (net)
                  5.40    0.19  969.25 ^ clkbuf_0_clk_regs/A (BUFx16f_ASAP7_75t_R)
     4   14.40   11.32   13.89  983.13 ^ clkbuf_0_clk_regs/Y (BUFx16f_ASAP7_75t_R)
                                         clknet_0_clk_regs (net)
                 13.61    2.39  985.52 ^ clkbuf_2_1__f_clk_regs/A (BUFx16f_ASAP7_75t_R)
     9   29.40   19.41   18.56 1004.08 ^ clkbuf_2_1__f_clk_regs/Y (BUFx16f_ASAP7_75t_R)
                                         clknet_2_1__leaf_clk_regs (net)
                 30.70    7.72 1011.80 ^ clkbuf_leaf_18_clk_regs/A (BUFx24_ASAP7_75t_R)
    11    7.91    9.60   24.00 1035.80 ^ clkbuf_leaf_18_clk_regs/Y (BUFx24_ASAP7_75t_R)
                                         clknet_leaf_18_clk_regs (net)
                  9.66    0.43 1036.24 ^ riscv.dp.pcreg.q[3]$_DFF_PP0_/CLK (DFFASRHQNx1_ASAP7_75t_R)
                          0.00 1036.24   clock reconvergence pessimism
                         19.39 1055.62   library recovery time
                               1055.62   data required time
-----------------------------------------------------------------------------
                               1055.62   data required time
                               -184.48   data arrival time
-----------------------------------------------------------------------------
                                871.14   slack (MET)


Startpoint: riscv.dp.pcreg.q[31]$_DFF_PP0_
            (rising edge-triggered flip-flop clocked by clk)
Endpoint: _tray_size4_1944 (rising edge-triggered flip-flop clocked by clk)
Path Group: clk
Path Type: max

Fanout     Cap    Slew   Delay    Time   Description
-----------------------------------------------------------------------------
                          0.00    0.00   clock clk (rise edge)
                          0.00    0.00   clock source latency
     2   10.89    0.00    0.00    0.00 ^ clk (in)
                                         clk (net)
                 15.11    4.77    4.77 ^ clkbuf_regs_0_clk/A (BUFx16f_ASAP7_75t_R)
     1    2.71    5.77   15.72   20.48 ^ clkbuf_regs_0_clk/Y (BUFx16f_ASAP7_75t_R)
                                         clk_regs (net)
                  5.78    0.26   20.74 ^ clkbuf_0_clk_regs/A (BUFx16f_ASAP7_75t_R)
     4   17.03   12.79   14.18   34.92 ^ clkbuf_0_clk_regs/Y (BUFx16f_ASAP7_75t_R)
                                         clknet_0_clk_regs (net)
                 15.60    2.81   37.74 ^ clkbuf_2_1__f_clk_regs/A (BUFx16f_ASAP7_75t_R)
     9   35.56   22.74   19.82   57.56 ^ clkbuf_2_1__f_clk_regs/Y (BUFx16f_ASAP7_75t_R)
                                         clknet_2_1__leaf_clk_regs (net)
                 39.39   10.60   68.16 ^ clkbuf_leaf_16_clk_regs/A (BUFx24_ASAP7_75t_R)
    10    7.26    9.72   26.06   94.22 ^ clkbuf_leaf_16_clk_regs/Y (BUFx24_ASAP7_75t_R)
                                         clknet_leaf_16_clk_regs (net)
                  9.98    0.94   95.16 ^ riscv.dp.pcreg.q[31]$_DFF_PP0_/CLK (DFFASRHQNx1_ASAP7_75t_R)
     2    2.39   24.88   45.93  141.09 v riscv.dp.pcreg.q[31]$_DFF_PP0_/QN (DFFASRHQNx1_ASAP7_75t_R)
                                         _00000_ (net)
                 24.90    0.38  141.47 v place2386/A (BUFx6f_ASAP7_75t_R)
     3   11.86   14.53   21.67  163.14 v place2386/Y (BUFx6f_ASAP7_75t_R)
                                         net2349 (net)
                 14.70    0.86  164.00 v _09833_/A (INVx13_ASAP7_75t_R)
     3    4.00    6.88    6.99  170.99 ^ _09833_/Y (INVx13_ASAP7_75t_R)
                                         net122 (net)
                  6.88    0.00  170.99 ^ rebuffer2517/A (BUFx6f_ASAP7_75t_R)
     5   13.63   18.91   15.10  186.09 ^ rebuffer2517/Y (BUFx6f_ASAP7_75t_R)
                                         net2480 (net)
                 23.06    4.52  190.61 ^ place2369/A (BUFx12f_ASAP7_75t_R)
    72   67.57   43.97   22.29  212.90 ^ place2369/Y (BUFx12f_ASAP7_75t_R)
                                         net2332 (net)
                121.48   38.09  250.98 ^ _11618_/B (NAND2x2_ASAP7_75t_R)
     3    5.15   35.57   21.92  272.90 v _11618_/Y (NAND2x2_ASAP7_75t_R)
                                         _04571_ (net)
                 35.58    0.29  273.19 v place2350/A (BUFx10_ASAP7_75t_R)
    44   57.99   32.57   30.34  303.54 v place2350/Y (BUFx10_ASAP7_75t_R)
                                         net2313 (net)
                120.36   36.94  340.48 v _08882_/B (OA21x2_ASAP7_75t_R)
     1    0.51    8.23   30.88  371.35 v _08882_/Y (OA21x2_ASAP7_75t_R)
                                         _01905_ (net)
                  8.23    0.04  371.39 v _08893_/C (OA211x2_ASAP7_75t_R)
     1    2.34   13.87   29.73  401.12 v _08893_/Y (OA211x2_ASAP7_75t_R)
                                         _01916_ (net)
                 13.98    0.64  401.76 v _08894_/C (OR3x1_ASAP7_75t_R)
     1    0.69    9.30   21.20  422.96 v _08894_/Y (OR3x1_ASAP7_75t_R)
                                         _01917_ (net)
                  9.31    0.05  423.01 v _08895_/B (OA21x2_ASAP7_75t_R)
     2    8.76   29.22   21.50  444.52 v _08895_/Y (OA21x2_ASAP7_75t_R)
                                         _01918_ (net)
                 30.44    3.24  447.76 v _08901_/A2 (OA21x2_ASAP7_75t_R)
     2    3.58   14.95   27.02  474.77 v _08901_/Y (OA21x2_ASAP7_75t_R)
                                         _01923_ (net)
                 14.97    0.31  475.08 v place2066/A (BUFx6f_ASAP7_75t_R)
    44   44.16   46.96   18.11  493.19 v place2066/Y (BUFx6f_ASAP7_75t_R)
                                         net2029 (net)
                120.97   37.82  531.01 v _11619_/B (AND3x1_ASAP7_75t_R)
     1    1.44   11.91   29.43  560.44 v _11619_/Y (AND3x1_ASAP7_75t_R)
                                         _04572_ (net)
                 11.94    0.33  560.77 v _11621_/C (OR3x1_ASAP7_75t_R)
     1    0.66    8.89   20.71  581.48 v _11621_/Y (OR3x1_ASAP7_75t_R)
                                         _04574_ (net)
                  8.89    0.07  581.55 v _11623_/C (OA211x2_ASAP7_75t_R)
     1    0.77   11.44   26.96  608.52 v _11623_/Y (OA211x2_ASAP7_75t_R)
                                         _04576_ (net)
                 11.44    0.09  608.61 v _11625_/B (AO21x1_ASAP7_75t_R)
     1    1.97   15.51   19.79  628.40 v _11625_/Y (AO21x1_ASAP7_75t_R)
                                         _04578_ (net)
                 15.56    0.51  628.91 v _11626_/C (AND3x1_ASAP7_75t_R)
     1    0.67    8.75   14.56  643.47 v _11626_/Y (AND3x1_ASAP7_75t_R)
                                         _04579_ (net)
                  8.75    0.05  643.52 v _11629_/B (OR4x1_ASAP7_75t_R)
     1    1.85   16.21   28.54  672.06 v _11629_/Y (OR4x1_ASAP7_75t_R)
                                         _04582_ (net)
                 16.23    0.30  672.36 v _11630_/C (OR3x1_ASAP7_75t_R)
     1    1.18   11.80   23.29  695.66 v _11630_/Y (OR3x1_ASAP7_75t_R)
                                         _04583_ (net)
                 11.80    0.10  695.76 v _11635_/B (NAND2x1_ASAP7_75t_R)
     2    2.47   20.57   13.11  708.87 ^ _11635_/Y (NAND2x1_ASAP7_75t_R)
                                         _04588_ (net)
                 20.63    0.62  709.49 ^ _11636_/B (AO21x2_ASAP7_75t_R)
     1    3.50   16.91   18.82  728.31 ^ _11636_/Y (AO21x2_ASAP7_75t_R)
                                         net89 (net)
                 17.13    1.05  729.35 ^ place1716/A (BUFx6f_ASAP7_75t_R)
     4    7.52   11.11   17.16  746.51 ^ place1716/Y (BUFx6f_ASAP7_75t_R)
                                         net1679 (net)
                 11.11    0.00  746.51 ^ dmem/_221_/A (NOR3x2_ASAP7_75t_R)
     7   13.16   47.67   15.59  762.10 v dmem/_221_/Y (NOR3x2_ASAP7_75t_R)
                                         dmem/_068_ (net)
                 47.80    1.69  763.78 v dmem/place1709/A (BUFx3_ASAP7_75t_R)
    15   22.42   47.00   34.39  798.18 v dmem/place1709/Y (BUFx3_ASAP7_75t_R)
                                         dmem/net1672 (net)
                 59.83   12.84  811.01 v dmem/_193_/B1 (AO22x2_ASAP7_75t_R)
     1   10.28   35.85   41.67  852.68 v dmem/_193_/Y (AO22x2_ASAP7_75t_R)
                                         dmem/_045_ (net)
                 39.95    6.32  859.01 v dmem/_194_/B (AO21x1_ASAP7_75t_R)
     1    0.61    7.50   21.06  880.07 v dmem/_194_/Y (AO21x1_ASAP7_75t_R)
                                         readdata[27] (net)
                  7.50    0.00  880.07 v _12287_/A1 (AO21x1_ASAP7_75t_R)
     1    0.88    9.51   15.46  895.53 v _12287_/Y (AO21x1_ASAP7_75t_R)
                                         _05214_ (net)
                  9.51    0.12  895.65 v _12288_/A2 (AO21x1_ASAP7_75t_R)
     1    0.70    9.67   14.67  910.32 v _12288_/Y (AO21x1_ASAP7_75t_R)
                                         _05215_ (net)
                  9.67    0.06  910.38 v _12289_/B (AND2x2_ASAP7_75t_R)
     1    2.70   13.39   17.13  927.52 v _12289_/Y (AND2x2_ASAP7_75t_R)
                                         _05216_ (net)
                 13.50    0.65  928.16 v _12293_/A1 (AO221x2_ASAP7_75t_R)
     4   10.19   35.95   38.80  966.96 v _12293_/Y (AO221x2_ASAP7_75t_R)
                                         _05220_ (net)
                 36.35    2.17  969.14 v place1614/A (BUFx6f_ASAP7_75t_R)
    13   12.75   16.92   22.88  992.02 v place1614/Y (BUFx6f_ASAP7_75t_R)
                                         net1577 (net)
                 24.94    6.10  998.12 v _14010_/A2 (OA21x2_ASAP7_75t_R)
     1    0.79    7.84   21.32 1019.44 v _14010_/Y (OA21x2_ASAP7_75t_R)
                                         _06936_ (net)
                  7.84    0.07 1019.51 v _tray_size4_1944/D3 (DFFHQNH2V2Xx1_ASAP7_75t_R)
                               1019.51   data arrival time

                        950.00  950.00   clock clk (rise edge)
                          0.00  950.00   clock source latency
     2    9.57    0.00    0.00  950.00 ^ clk (in)
                                         clk (net)
                 12.97    4.09  954.09 ^ clkbuf_regs_0_clk/A (BUFx16f_ASAP7_75t_R)
     1    2.05    5.40   14.96  969.05 ^ clkbuf_regs_0_clk/Y (BUFx16f_ASAP7_75t_R)
                                         clk_regs (net)
                  5.40    0.19  969.25 ^ clkbuf_0_clk_regs/A (BUFx16f_ASAP7_75t_R)
     4   14.40   11.32   13.89  983.13 ^ clkbuf_0_clk_regs/Y (BUFx16f_ASAP7_75t_R)
                                         clknet_0_clk_regs (net)
                 13.61    2.39  985.52 ^ clkbuf_2_1__f_clk_regs/A (BUFx16f_ASAP7_75t_R)
     9   29.40   19.41   18.56 1004.08 ^ clkbuf_2_1__f_clk_regs/Y (BUFx16f_ASAP7_75t_R)
                                         clknet_2_1__leaf_clk_regs (net)
                 24.23    4.75 1008.83 ^ clkbuf_leaf_20_clk_regs/A (BUFx24_ASAP7_75t_R)
    11    7.47    9.17   22.37 1031.20 ^ clkbuf_leaf_20_clk_regs/Y (BUFx24_ASAP7_75t_R)
                                         clknet_leaf_20_clk_regs (net)
                  9.52    1.01 1032.20 ^ _tray_size4_1944/CLK (DFFHQNH2V2Xx1_ASAP7_75t_R)
                          3.48 1035.68   clock reconvergence pessimism
                         -2.83 1032.85   library setup time
                               1032.85   data required time
-----------------------------------------------------------------------------
                               1032.85   data required time
                               -1019.51   data arrival time
-----------------------------------------------------------------------------
                                 13.34   slack (MET)



==========================================================================
finish report_checks -unconstrained
--------------------------------------------------------------------------
Startpoint: reset (input port clocked by clk)
Endpoint: riscv.dp.pcreg.q[3]$_DFF_PP0_
          (recovery check against rising-edge clock clk)
Path Group: asynchronous
Path Type: max

Fanout     Cap    Slew   Delay    Time   Description
-----------------------------------------------------------------------------
                          0.00    0.00   clock clk (rise edge)
                          0.00    0.00   clock network delay (propagated)
                        118.75  118.75 v input external delay
     1    1.25    0.00    0.00  118.75 v reset (in)
                                         reset (net)
                  0.38    0.12  118.87 v input102/A (BUFx2_ASAP7_75t_R)
     1    0.71    5.13   10.75  129.62 v input102/Y (BUFx2_ASAP7_75t_R)
                                         net64 (net)
                  5.13    0.05  129.67 v _14755_/A (INVx1_ASAP7_75t_R)
     1    0.89    7.24    5.61  135.28 ^ _14755_/Y (INVx1_ASAP7_75t_R)
                                         _07680_ (net)
                  7.25    0.08  135.36 ^ place2387/A (BUFx3_ASAP7_75t_R)
    32   31.46   73.37   33.20  168.56 ^ place2387/Y (BUFx3_ASAP7_75t_R)
                                         net2350 (net)
                 86.16   15.92  184.48 ^ riscv.dp.pcreg.q[3]$_DFF_PP0_/RESETN (DFFASRHQNx1_ASAP7_75t_R)
                                184.48   data arrival time

                        950.00  950.00   clock clk (rise edge)
                          0.00  950.00   clock source latency
     2    9.57    0.00    0.00  950.00 ^ clk (in)
                                         clk (net)
                 12.97    4.09  954.09 ^ clkbuf_regs_0_clk/A (BUFx16f_ASAP7_75t_R)
     1    2.05    5.40   14.96  969.05 ^ clkbuf_regs_0_clk/Y (BUFx16f_ASAP7_75t_R)
                                         clk_regs (net)
                  5.40    0.19  969.25 ^ clkbuf_0_clk_regs/A (BUFx16f_ASAP7_75t_R)
     4   14.40   11.32   13.89  983.13 ^ clkbuf_0_clk_regs/Y (BUFx16f_ASAP7_75t_R)
                                         clknet_0_clk_regs (net)
                 13.61    2.39  985.52 ^ clkbuf_2_1__f_clk_regs/A (BUFx16f_ASAP7_75t_R)
     9   29.40   19.41   18.56 1004.08 ^ clkbuf_2_1__f_clk_regs/Y (BUFx16f_ASAP7_75t_R)
                                         clknet_2_1__leaf_clk_regs (net)
                 30.70    7.72 1011.80 ^ clkbuf_leaf_18_clk_regs/A (BUFx24_ASAP7_75t_R)
    11    7.91    9.60   24.00 1035.80 ^ clkbuf_leaf_18_clk_regs/Y (BUFx24_ASAP7_75t_R)
                                         clknet_leaf_18_clk_regs (net)
                  9.66    0.43 1036.24 ^ riscv.dp.pcreg.q[3]$_DFF_PP0_/CLK (DFFASRHQNx1_ASAP7_75t_R)
                          0.00 1036.24   clock reconvergence pessimism
                         19.39 1055.62   library recovery time
                               1055.62   data required time
-----------------------------------------------------------------------------
                               1055.62   data required time
                               -184.48   data arrival time
-----------------------------------------------------------------------------
                                871.14   slack (MET)


Startpoint: riscv.dp.pcreg.q[31]$_DFF_PP0_
            (rising edge-triggered flip-flop clocked by clk)
Endpoint: _tray_size4_1944 (rising edge-triggered flip-flop clocked by clk)
Path Group: clk
Path Type: max

Fanout     Cap    Slew   Delay    Time   Description
-----------------------------------------------------------------------------
                          0.00    0.00   clock clk (rise edge)
                          0.00    0.00   clock source latency
     2   10.89    0.00    0.00    0.00 ^ clk (in)
                                         clk (net)
                 15.11    4.77    4.77 ^ clkbuf_regs_0_clk/A (BUFx16f_ASAP7_75t_R)
     1    2.71    5.77   15.72   20.48 ^ clkbuf_regs_0_clk/Y (BUFx16f_ASAP7_75t_R)
                                         clk_regs (net)
                  5.78    0.26   20.74 ^ clkbuf_0_clk_regs/A (BUFx16f_ASAP7_75t_R)
     4   17.03   12.79   14.18   34.92 ^ clkbuf_0_clk_regs/Y (BUFx16f_ASAP7_75t_R)
                                         clknet_0_clk_regs (net)
                 15.60    2.81   37.74 ^ clkbuf_2_1__f_clk_regs/A (BUFx16f_ASAP7_75t_R)
     9   35.56   22.74   19.82   57.56 ^ clkbuf_2_1__f_clk_regs/Y (BUFx16f_ASAP7_75t_R)
                                         clknet_2_1__leaf_clk_regs (net)
                 39.39   10.60   68.16 ^ clkbuf_leaf_16_clk_regs/A (BUFx24_ASAP7_75t_R)
    10    7.26    9.72   26.06   94.22 ^ clkbuf_leaf_16_clk_regs/Y (BUFx24_ASAP7_75t_R)
                                         clknet_leaf_16_clk_regs (net)
                  9.98    0.94   95.16 ^ riscv.dp.pcreg.q[31]$_DFF_PP0_/CLK (DFFASRHQNx1_ASAP7_75t_R)
     2    2.39   24.88   45.93  141.09 v riscv.dp.pcreg.q[31]$_DFF_PP0_/QN (DFFASRHQNx1_ASAP7_75t_R)
                                         _00000_ (net)
                 24.90    0.38  141.47 v place2386/A (BUFx6f_ASAP7_75t_R)
     3   11.86   14.53   21.67  163.14 v place2386/Y (BUFx6f_ASAP7_75t_R)
                                         net2349 (net)
                 14.70    0.86  164.00 v _09833_/A (INVx13_ASAP7_75t_R)
     3    4.00    6.88    6.99  170.99 ^ _09833_/Y (INVx13_ASAP7_75t_R)
                                         net122 (net)
                  6.88    0.00  170.99 ^ rebuffer2517/A (BUFx6f_ASAP7_75t_R)
     5   13.63   18.91   15.10  186.09 ^ rebuffer2517/Y (BUFx6f_ASAP7_75t_R)
                                         net2480 (net)
                 23.06    4.52  190.61 ^ place2369/A (BUFx12f_ASAP7_75t_R)
    72   67.57   43.97   22.29  212.90 ^ place2369/Y (BUFx12f_ASAP7_75t_R)
                                         net2332 (net)
                121.48   38.09  250.98 ^ _11618_/B (NAND2x2_ASAP7_75t_R)
     3    5.15   35.57   21.92  272.90 v _11618_/Y (NAND2x2_ASAP7_75t_R)
                                         _04571_ (net)
                 35.58    0.29  273.19 v place2350/A (BUFx10_ASAP7_75t_R)
    44   57.99   32.57   30.34  303.54 v place2350/Y (BUFx10_ASAP7_75t_R)
                                         net2313 (net)
                120.36   36.94  340.48 v _08882_/B (OA21x2_ASAP7_75t_R)
     1    0.51    8.23   30.88  371.35 v _08882_/Y (OA21x2_ASAP7_75t_R)
                                         _01905_ (net)
                  8.23    0.04  371.39 v _08893_/C (OA211x2_ASAP7_75t_R)
     1    2.34   13.87   29.73  401.12 v _08893_/Y (OA211x2_ASAP7_75t_R)
                                         _01916_ (net)
                 13.98    0.64  401.76 v _08894_/C (OR3x1_ASAP7_75t_R)
     1    0.69    9.30   21.20  422.96 v _08894_/Y (OR3x1_ASAP7_75t_R)
                                         _01917_ (net)
                  9.31    0.05  423.01 v _08895_/B (OA21x2_ASAP7_75t_R)
     2    8.76   29.22   21.50  444.52 v _08895_/Y (OA21x2_ASAP7_75t_R)
                                         _01918_ (net)
                 30.44    3.24  447.76 v _08901_/A2 (OA21x2_ASAP7_75t_R)
     2    3.58   14.95   27.02  474.77 v _08901_/Y (OA21x2_ASAP7_75t_R)
                                         _01923_ (net)
                 14.97    0.31  475.08 v place2066/A (BUFx6f_ASAP7_75t_R)
    44   44.16   46.96   18.11  493.19 v place2066/Y (BUFx6f_ASAP7_75t_R)
                                         net2029 (net)
                120.97   37.82  531.01 v _11619_/B (AND3x1_ASAP7_75t_R)
     1    1.44   11.91   29.43  560.44 v _11619_/Y (AND3x1_ASAP7_75t_R)
                                         _04572_ (net)
                 11.94    0.33  560.77 v _11621_/C (OR3x1_ASAP7_75t_R)
     1    0.66    8.89   20.71  581.48 v _11621_/Y (OR3x1_ASAP7_75t_R)
                                         _04574_ (net)
                  8.89    0.07  581.55 v _11623_/C (OA211x2_ASAP7_75t_R)
     1    0.77   11.44   26.96  608.52 v _11623_/Y (OA211x2_ASAP7_75t_R)
                                         _04576_ (net)
                 11.44    0.09  608.61 v _11625_/B (AO21x1_ASAP7_75t_R)
     1    1.97   15.51   19.79  628.40 v _11625_/Y (AO21x1_ASAP7_75t_R)
                                         _04578_ (net)
                 15.56    0.51  628.91 v _11626_/C (AND3x1_ASAP7_75t_R)
     1    0.67    8.75   14.56  643.47 v _11626_/Y (AND3x1_ASAP7_75t_R)
                                         _04579_ (net)
                  8.75    0.05  643.52 v _11629_/B (OR4x1_ASAP7_75t_R)
     1    1.85   16.21   28.54  672.06 v _11629_/Y (OR4x1_ASAP7_75t_R)
                                         _04582_ (net)
                 16.23    0.30  672.36 v _11630_/C (OR3x1_ASAP7_75t_R)
     1    1.18   11.80   23.29  695.66 v _11630_/Y (OR3x1_ASAP7_75t_R)
                                         _04583_ (net)
                 11.80    0.10  695.76 v _11635_/B (NAND2x1_ASAP7_75t_R)
     2    2.47   20.57   13.11  708.87 ^ _11635_/Y (NAND2x1_ASAP7_75t_R)
                                         _04588_ (net)
                 20.63    0.62  709.49 ^ _11636_/B (AO21x2_ASAP7_75t_R)
     1    3.50   16.91   18.82  728.31 ^ _11636_/Y (AO21x2_ASAP7_75t_R)
                                         net89 (net)
                 17.13    1.05  729.35 ^ place1716/A (BUFx6f_ASAP7_75t_R)
     4    7.52   11.11   17.16  746.51 ^ place1716/Y (BUFx6f_ASAP7_75t_R)
                                         net1679 (net)
                 11.11    0.00  746.51 ^ dmem/_221_/A (NOR3x2_ASAP7_75t_R)
     7   13.16   47.67   15.59  762.10 v dmem/_221_/Y (NOR3x2_ASAP7_75t_R)
                                         dmem/_068_ (net)
                 47.80    1.69  763.78 v dmem/place1709/A (BUFx3_ASAP7_75t_R)
    15   22.42   47.00   34.39  798.18 v dmem/place1709/Y (BUFx3_ASAP7_75t_R)
                                         dmem/net1672 (net)
                 59.83   12.84  811.01 v dmem/_193_/B1 (AO22x2_ASAP7_75t_R)
     1   10.28   35.85   41.67  852.68 v dmem/_193_/Y (AO22x2_ASAP7_75t_R)
                                         dmem/_045_ (net)
                 39.95    6.32  859.01 v dmem/_194_/B (AO21x1_ASAP7_75t_R)
     1    0.61    7.50   21.06  880.07 v dmem/_194_/Y (AO21x1_ASAP7_75t_R)
                                         readdata[27] (net)
                  7.50    0.00  880.07 v _12287_/A1 (AO21x1_ASAP7_75t_R)
     1    0.88    9.51   15.46  895.53 v _12287_/Y (AO21x1_ASAP7_75t_R)
                                         _05214_ (net)
                  9.51    0.12  895.65 v _12288_/A2 (AO21x1_ASAP7_75t_R)
     1    0.70    9.67   14.67  910.32 v _12288_/Y (AO21x1_ASAP7_75t_R)
                                         _05215_ (net)
                  9.67    0.06  910.38 v _12289_/B (AND2x2_ASAP7_75t_R)
     1    2.70   13.39   17.13  927.52 v _12289_/Y (AND2x2_ASAP7_75t_R)
                                         _05216_ (net)
                 13.50    0.65  928.16 v _12293_/A1 (AO221x2_ASAP7_75t_R)
     4   10.19   35.95   38.80  966.96 v _12293_/Y (AO221x2_ASAP7_75t_R)
                                         _05220_ (net)
                 36.35    2.17  969.14 v place1614/A (BUFx6f_ASAP7_75t_R)
    13   12.75   16.92   22.88  992.02 v place1614/Y (BUFx6f_ASAP7_75t_R)
                                         net1577 (net)
                 24.94    6.10  998.12 v _14010_/A2 (OA21x2_ASAP7_75t_R)
     1    0.79    7.84   21.32 1019.44 v _14010_/Y (OA21x2_ASAP7_75t_R)
                                         _06936_ (net)
                  7.84    0.07 1019.51 v _tray_size4_1944/D3 (DFFHQNH2V2Xx1_ASAP7_75t_R)
                               1019.51   data arrival time

                        950.00  950.00   clock clk (rise edge)
                          0.00  950.00   clock source latency
     2    9.57    0.00    0.00  950.00 ^ clk (in)
                                         clk (net)
                 12.97    4.09  954.09 ^ clkbuf_regs_0_clk/A (BUFx16f_ASAP7_75t_R)
     1    2.05    5.40   14.96  969.05 ^ clkbuf_regs_0_clk/Y (BUFx16f_ASAP7_75t_R)
                                         clk_regs (net)
                  5.40    0.19  969.25 ^ clkbuf_0_clk_regs/A (BUFx16f_ASAP7_75t_R)
     4   14.40   11.32   13.89  983.13 ^ clkbuf_0_clk_regs/Y (BUFx16f_ASAP7_75t_R)
                                         clknet_0_clk_regs (net)
                 13.61    2.39  985.52 ^ clkbuf_2_1__f_clk_regs/A (BUFx16f_ASAP7_75t_R)
     9   29.40   19.41   18.56 1004.08 ^ clkbuf_2_1__f_clk_regs/Y (BUFx16f_ASAP7_75t_R)
                                         clknet_2_1__leaf_clk_regs (net)
                 24.23    4.75 1008.83 ^ clkbuf_leaf_20_clk_regs/A (BUFx24_ASAP7_75t_R)
    11    7.47    9.17   22.37 1031.20 ^ clkbuf_leaf_20_clk_regs/Y (BUFx24_ASAP7_75t_R)
                                         clknet_leaf_20_clk_regs (net)
                  9.52    1.01 1032.20 ^ _tray_size4_1944/CLK (DFFHQNH2V2Xx1_ASAP7_75t_R)
                          3.48 1035.68   clock reconvergence pessimism
                         -2.83 1032.85   library setup time
                               1032.85   data required time
-----------------------------------------------------------------------------
                               1032.85   data required time
                               -1019.51   data arrival time
-----------------------------------------------------------------------------
                                 13.34   slack (MET)



==========================================================================
finish report_check_types -max_slew -max_cap -max_fanout -violators
--------------------------------------------------------------------------

==========================================================================
finish max_slew_check_slack
--------------------------------------------------------------------------
75.33187866210938

==========================================================================
finish max_slew_check_limit
--------------------------------------------------------------------------
320.0

==========================================================================
finish max_slew_check_slack_limit
--------------------------------------------------------------------------
0.2354

==========================================================================
finish max_fanout_check_slack
--------------------------------------------------------------------------
1.0000000150474662e+30

==========================================================================
finish max_fanout_check_limit
--------------------------------------------------------------------------
1.0000000150474662e+30

==========================================================================
finish max_capacitance_check_slack
--------------------------------------------------------------------------
4.517054080963135

==========================================================================
finish max_capacitance_check_limit
--------------------------------------------------------------------------
23.040000915527344

==========================================================================
finish max_capacitance_check_slack_limit
--------------------------------------------------------------------------
0.1961

==========================================================================
finish max_slew_violation_count
--------------------------------------------------------------------------
max slew violation count 0

==========================================================================
finish max_fanout_violation_count
--------------------------------------------------------------------------
max fanout violation count 0

==========================================================================
finish max_cap_violation_count
--------------------------------------------------------------------------
max cap violation count 0

==========================================================================
finish setup_violation_count
--------------------------------------------------------------------------
setup violation count 0

==========================================================================
finish hold_violation_count
--------------------------------------------------------------------------
hold violation count 0

==========================================================================
finish report_checks -path_delay max reg to reg
--------------------------------------------------------------------------
Startpoint: riscv.dp.pcreg.q[31]$_DFF_PP0_
            (rising edge-triggered flip-flop clocked by clk)
Endpoint: _tray_size4_1944 (rising edge-triggered flip-flop clocked by clk)
Path Group: clk
Path Type: max

  Delay    Time   Description
---------------------------------------------------------
   0.00    0.00   clock clk (rise edge)
   0.00    0.00   clock source latency
   0.00    0.00 ^ clk (in)
  20.48   20.48 ^ clkbuf_regs_0_clk/Y (BUFx16f_ASAP7_75t_R)
  14.44   34.92 ^ clkbuf_0_clk_regs/Y (BUFx16f_ASAP7_75t_R)
  22.64   57.56 ^ clkbuf_2_1__f_clk_regs/Y (BUFx16f_ASAP7_75t_R)
  36.66   94.22 ^ clkbuf_leaf_16_clk_regs/Y (BUFx24_ASAP7_75t_R)
   0.94   95.16 ^ riscv.dp.pcreg.q[31]$_DFF_PP0_/CLK (DFFASRHQNx1_ASAP7_75t_R)
  45.93  141.09 v riscv.dp.pcreg.q[31]$_DFF_PP0_/QN (DFFASRHQNx1_ASAP7_75t_R)
  22.05  163.14 v place2386/Y (BUFx6f_ASAP7_75t_R)
   7.85  170.99 ^ _09833_/Y (INVx13_ASAP7_75t_R)
  15.10  186.09 ^ rebuffer2517/Y (BUFx6f_ASAP7_75t_R)
  26.81  212.90 ^ place2369/Y (BUFx12f_ASAP7_75t_R)
  60.00  272.90 v _11618_/Y (NAND2x2_ASAP7_75t_R)
  30.64  303.54 v place2350/Y (BUFx10_ASAP7_75t_R)
  67.82  371.35 v _08882_/Y (OA21x2_ASAP7_75t_R)
  29.76  401.12 v _08893_/Y (OA211x2_ASAP7_75t_R)
  21.84  422.96 v _08894_/Y (OR3x1_ASAP7_75t_R)
  21.56  444.52 v _08895_/Y (OA21x2_ASAP7_75t_R)
  30.26  474.77 v _08901_/Y (OA21x2_ASAP7_75t_R)
  18.42  493.19 v place2066/Y (BUFx6f_ASAP7_75t_R)
  67.25  560.44 v _11619_/Y (AND3x1_ASAP7_75t_R)
  21.05  581.48 v _11621_/Y (OR3x1_ASAP7_75t_R)
  27.03  608.52 v _11623_/Y (OA211x2_ASAP7_75t_R)
  19.88  628.40 v _11625_/Y (AO21x1_ASAP7_75t_R)
  15.07  643.47 v _11626_/Y (AND3x1_ASAP7_75t_R)
  28.59  672.06 v _11629_/Y (OR4x1_ASAP7_75t_R)
  23.60  695.66 v _11630_/Y (OR3x1_ASAP7_75t_R)
  13.21  708.87 ^ _11635_/Y (NAND2x1_ASAP7_75t_R)
  19.44  728.31 ^ _11636_/Y (AO21x2_ASAP7_75t_R)
  18.20  746.51 ^ place1716/Y (BUFx6f_ASAP7_75t_R)
  15.59  762.10 v dmem/_221_/Y (NOR3x2_ASAP7_75t_R)
  36.08  798.18 v dmem/place1709/Y (BUFx3_ASAP7_75t_R)
  54.51  852.68 v dmem/_193_/Y (AO22x2_ASAP7_75t_R)
  27.38  880.07 v dmem/_194_/Y (AO21x1_ASAP7_75t_R)
  15.46  895.53 v _12287_/Y (AO21x1_ASAP7_75t_R)
  14.79  910.32 v _12288_/Y (AO21x1_ASAP7_75t_R)
  17.20  927.52 v _12289_/Y (AND2x2_ASAP7_75t_R)
  39.45  966.96 v _12293_/Y (AO221x2_ASAP7_75t_R)
  25.06  992.02 v place1614/Y (BUFx6f_ASAP7_75t_R)
  27.42 1019.44 v _14010_/Y (OA21x2_ASAP7_75t_R)
   0.07 1019.51 v _tray_size4_1944/D3 (DFFHQNH2V2Xx1_ASAP7_75t_R)
        1019.51   data arrival time

 950.00  950.00   clock clk (rise edge)
   0.00  950.00   clock source latency
   0.00  950.00 ^ clk (in)
  19.05  969.05 ^ clkbuf_regs_0_clk/Y (BUFx16f_ASAP7_75t_R)
  14.08  983.13 ^ clkbuf_0_clk_regs/Y (BUFx16f_ASAP7_75t_R)
  20.95 1004.08 ^ clkbuf_2_1__f_clk_regs/Y (BUFx16f_ASAP7_75t_R)
  27.12 1031.20 ^ clkbuf_leaf_20_clk_regs/Y (BUFx24_ASAP7_75t_R)
   1.01 1032.20 ^ _tray_size4_1944/CLK (DFFHQNH2V2Xx1_ASAP7_75t_R)
   3.48 1035.68   clock reconvergence pessimism
  -2.83 1032.85   library setup time
        1032.85   data required time
---------------------------------------------------------
        1032.85   data required time
        -1019.51   data arrival time
---------------------------------------------------------
          13.34   slack (MET)



==========================================================================
finish report_checks -path_delay min reg to reg
--------------------------------------------------------------------------
Startpoint: _tray_size4_1992 (rising edge-triggered flip-flop clocked by clk)
Endpoint: _tray_size4_1992 (rising edge-triggered flip-flop clocked by clk)
Path Group: clk
Path Type: min

  Delay    Time   Description
---------------------------------------------------------
   0.00    0.00   clock clk (rise edge)
   0.00    0.00   clock source latency
   0.00    0.00 ^ clk (in)
  19.05   19.05 ^ clkbuf_regs_0_clk/Y (BUFx16f_ASAP7_75t_R)
  14.08   33.13 ^ clkbuf_0_clk_regs/Y (BUFx16f_ASAP7_75t_R)
  24.88   58.02 ^ clkbuf_2_0__f_clk_regs/Y (BUFx16f_ASAP7_75t_R)
  24.05   82.07 ^ clkbuf_leaf_22_clk_regs/Y (BUFx24_ASAP7_75t_R)
   2.02   84.09 ^ _tray_size4_1992/CLK (DFFHQNH2V2Xx1_ASAP7_75t_R)
  48.55  132.64 ^ _tray_size4_1992/QN2 (DFFHQNH2V2Xx1_ASAP7_75t_R)
   8.89  141.53 v _09544_/Y (INVx1_ASAP7_75t_R)
   0.09  141.61 v _tray_size4_1992/D2 (DFFHQNH2V2Xx1_ASAP7_75t_R)
         141.61   data arrival time

   0.00    0.00   clock clk (rise edge)
   0.00    0.00   clock source latency
   0.00    0.00 ^ clk (in)
  20.48   20.48 ^ clkbuf_regs_0_clk/Y (BUFx16f_ASAP7_75t_R)
  14.44   34.92 ^ clkbuf_0_clk_regs/Y (BUFx16f_ASAP7_75t_R)
  27.10   62.02 ^ clkbuf_2_0__f_clk_regs/Y (BUFx16f_ASAP7_75t_R)
  25.54   87.56 ^ clkbuf_leaf_22_clk_regs/Y (BUFx24_ASAP7_75t_R)
   2.27   89.84 ^ _tray_size4_1992/CLK (DFFHQNH2V2Xx1_ASAP7_75t_R)
  -5.74   84.09   clock reconvergence pessimism
  12.03   96.13   library hold time
          96.13   data required time
---------------------------------------------------------
          96.13   data required time
        -141.61   data arrival time
---------------------------------------------------------
          45.49   slack (MET)



==========================================================================
finish critical path target clock latency max path
--------------------------------------------------------------------------
86.2359

==========================================================================
finish critical path target clock latency min path
--------------------------------------------------------------------------
95.5037

==========================================================================
finish critical path source clock latency min path
--------------------------------------------------------------------------
0.0000

==========================================================================
finish critical path delay
--------------------------------------------------------------------------
1019.5106

==========================================================================
finish critical path slack
--------------------------------------------------------------------------
13.3393

==========================================================================
finish slack div critical path delay
--------------------------------------------------------------------------
1.308402

==========================================================================
finish report_power
--------------------------------------------------------------------------
Group                  Internal  Switching    Leakage      Total
                          Power      Power      Power      Power (Watts)
----------------------------------------------------------------
Sequential             1.50e-03   1.79e-04   1.27e-07   1.68e-03   5.4%
Combinational          5.52e-03   7.16e-03   7.39e-07   1.27e-02  40.7%
Clock                  5.53e-04   3.25e-04   1.86e-08   8.78e-04   2.8%
Macro                  1.54e-02   0.00e+00   5.16e-04   1.59e-02  51.1%
Pad                    0.00e+00   0.00e+00   0.00e+00   0.00e+00   0.0%
----------------------------------------------------------------
Total                  2.30e-02   7.66e-03   5.16e-04   3.11e-02 100.0%
                          73.8%      24.6%       1.7%
