
==========================================================================
detailed place report_tns
--------------------------------------------------------------------------
tns max -3434.81

==========================================================================
detailed place report_wns
--------------------------------------------------------------------------
wns max -40.76

==========================================================================
detailed place report_worst_slack
--------------------------------------------------------------------------
worst slack max -40.76

==========================================================================
detailed place report_clock_min_period
--------------------------------------------------------------------------
clk period_min = 420.76 fmax = 2376.68

==========================================================================
detailed place report_checks -path_delay min
--------------------------------------------------------------------------
Startpoint: dcnt[3]$_SDFFE_PN0P_
            (rising edge-triggered flip-flop clocked by clk)
Endpoint: dcnt[3]$_SDFFE_PN0P_ (rising edge-triggered flip-flop clocked by clk)
Path Group: clk
Path Type: min

Fanout     Cap    Slew   Delay    Time   Description
-----------------------------------------------------------------------------
                  0.00    0.00    0.00   clock clk (rise edge)
                          0.00    0.00   clock network delay (ideal)
                  0.00    0.00    0.00 ^ dcnt[3]$_SDFFE_PN0P_/CLK (DFFHQNx1_ASAP7_75t_R)
     2    1.22   15.72   34.51   34.51 ^ dcnt[3]$_SDFFE_PN0P_/QN (DFFHQNx1_ASAP7_75t_R)
                                         _00413_ (net)
                 15.72    0.06   34.56 ^ _30044_/B (AO21x1_ASAP7_75t_R)
     1    1.13    9.28   13.61   48.17 ^ _30044_/Y (AO21x1_ASAP7_75t_R)
                                         _07437_ (net)
                  9.29    0.06   48.23 ^ _30045_/A2 (AOI21x1_ASAP7_75t_R)
     1    0.70    6.66    6.76   54.99 v _30045_/Y (AOI21x1_ASAP7_75t_R)
                                         _01555_ (net)
                  6.66    0.03   55.03 v dcnt[3]$_SDFFE_PN0P_/D (DFFHQNx1_ASAP7_75t_R)
                                 55.03   data arrival time

                  0.00    0.00    0.00   clock clk (rise edge)
                          0.00    0.00   clock network delay (ideal)
                          0.00    0.00   clock reconvergence pessimism
                                  0.00 ^ dcnt[3]$_SDFFE_PN0P_/CLK (DFFHQNx1_ASAP7_75t_R)
                          8.59    8.59   library hold time
                                  8.59   data required time
-----------------------------------------------------------------------------
                                  8.59   data required time
                                -55.03   data arrival time
-----------------------------------------------------------------------------
                                 46.44   slack (MET)



==========================================================================
detailed place report_checks -path_delay max
--------------------------------------------------------------------------
Startpoint: _tray_size4_1042 (rising edge-triggered flip-flop clocked by clk)
Endpoint: _tray_size4_1123 (rising edge-triggered flip-flop clocked by clk)
Path Group: clk
Path Type: max

Fanout     Cap    Slew   Delay    Time   Description
-----------------------------------------------------------------------------
                  0.00    0.00    0.00   clock clk (rise edge)
                          0.00    0.00   clock network delay (ideal)
                  0.00    0.00    0.00 ^ _tray_size4_1042/CLK (DFFHQNH2V2Xx1_ASAP7_75t_R)
     2    6.05   66.12   71.37   71.37 ^ _tray_size4_1042/QN3 (DFFHQNH2V2Xx1_ASAP7_75t_R)
                                         _00809_ (net)
                 66.56    3.00   74.37 ^ _18932_/B (XOR2x2_ASAP7_75t_R)
     2    2.29   12.44   38.56  112.93 ^ _18932_/Y (XOR2x2_ASAP7_75t_R)
                                         _10748_ (net)
                 12.45    0.21  113.13 ^ _18933_/A (XOR2x2_ASAP7_75t_R)
     2    1.79   10.03   26.22  139.35 ^ _18933_/Y (XOR2x2_ASAP7_75t_R)
                                         _10749_ (net)
                 10.03    0.08  139.43 ^ _19618_/A (XOR2x2_ASAP7_75t_R)
     1    1.21    7.82   20.15  159.58 v _19618_/Y (XOR2x2_ASAP7_75t_R)
                                         _11417_ (net)
                  7.82    0.06  159.63 v _19620_/A2 (AOI21x1_ASAP7_75t_R)
     2    2.04   19.49   11.63  171.27 ^ _19620_/Y (AOI21x1_ASAP7_75t_R)
                                         _11419_ (net)
                 19.50    0.12  171.39 ^ _19696_/A (XNOR2x2_ASAP7_75t_R)
     2    1.82    9.59   28.77  200.16 v _19696_/Y (XNOR2x2_ASAP7_75t_R)
                                         _01081_ (net)
                  9.60    0.07  200.23 v _30164_/B (HAxp5_ASAP7_75t_R)
     5    6.59   68.62   33.53  233.76 ^ _30164_/CON (HAxp5_ASAP7_75t_R)
                                         _01093_ (net)
     2    2.17   39.87   23.55  257.31 v _30164_/SN (HAxp5_ASAP7_75t_R)
                                         _01094_ (net)
                 39.87    0.07  257.38 v _19658_/B (AOI21x1_ASAP7_75t_R)
     5    7.09   50.94   34.85  292.23 ^ _19658_/Y (AOI21x1_ASAP7_75t_R)
                                         _11451_ (net)
                 50.95    0.44  292.66 ^ _19866_/B (NOR2x2_ASAP7_75t_R)
    10   12.31   45.20   31.16  323.82 v _19866_/Y (NOR2x2_ASAP7_75t_R)
                                         _11657_ (net)
                 45.28    1.09  324.91 v _20176_/A2 (AO21x1_ASAP7_75t_R)
     1    0.76    8.17   22.00  346.92 v _20176_/Y (AO21x1_ASAP7_75t_R)
                                         _11963_ (net)
                  8.17    0.04  346.95 v _20177_/B (AO21x1_ASAP7_75t_R)
     1    1.38   11.27   17.67  364.62 v _20177_/Y (AO21x1_ASAP7_75t_R)
                                         _11964_ (net)
                 11.27    0.06  364.68 v _20178_/C (NAND3x1_ASAP7_75t_R)
     1    1.46   18.70   15.03  379.71 ^ _20178_/Y (NAND3x1_ASAP7_75t_R)
                                         _11965_ (net)
                 18.70    0.12  379.83 ^ _20179_/B (NAND2x1_ASAP7_75t_R)
     1    1.24   11.45    9.02  388.85 v _20179_/Y (NAND2x1_ASAP7_75t_R)
                                         _11966_ (net)
                 11.45    0.06  388.91 v _20180_/B (NAND2x1_ASAP7_75t_R)
     1    1.47   17.63   10.38  399.29 ^ _20180_/Y (NAND2x1_ASAP7_75t_R)
                                         _00041_ (net)
                 17.64    0.20  399.49 ^ _tray_size4_1123/D2 (DFFHQNH2V2Xx1_ASAP7_75t_R)
                                399.49   data arrival time

                  0.00  380.00  380.00   clock clk (rise edge)
                          0.00  380.00   clock network delay (ideal)
                          0.00  380.00   clock reconvergence pessimism
                                380.00 ^ _tray_size4_1123/CLK (DFFHQNH2V2Xx1_ASAP7_75t_R)
                        -21.27  358.73   library setup time
                                358.73   data required time
-----------------------------------------------------------------------------
                                358.73   data required time
                               -399.49   data arrival time
-----------------------------------------------------------------------------
                                -40.76   slack (VIOLATED)



==========================================================================
detailed place report_checks -unconstrained
--------------------------------------------------------------------------
Startpoint: _tray_size4_1042 (rising edge-triggered flip-flop clocked by clk)
Endpoint: _tray_size4_1123 (rising edge-triggered flip-flop clocked by clk)
Path Group: clk
Path Type: max

Fanout     Cap    Slew   Delay    Time   Description
-----------------------------------------------------------------------------
                  0.00    0.00    0.00   clock clk (rise edge)
                          0.00    0.00   clock network delay (ideal)
                  0.00    0.00    0.00 ^ _tray_size4_1042/CLK (DFFHQNH2V2Xx1_ASAP7_75t_R)
     2    6.05   66.12   71.37   71.37 ^ _tray_size4_1042/QN3 (DFFHQNH2V2Xx1_ASAP7_75t_R)
                                         _00809_ (net)
                 66.56    3.00   74.37 ^ _18932_/B (XOR2x2_ASAP7_75t_R)
     2    2.29   12.44   38.56  112.93 ^ _18932_/Y (XOR2x2_ASAP7_75t_R)
                                         _10748_ (net)
                 12.45    0.21  113.13 ^ _18933_/A (XOR2x2_ASAP7_75t_R)
     2    1.79   10.03   26.22  139.35 ^ _18933_/Y (XOR2x2_ASAP7_75t_R)
                                         _10749_ (net)
                 10.03    0.08  139.43 ^ _19618_/A (XOR2x2_ASAP7_75t_R)
     1    1.21    7.82   20.15  159.58 v _19618_/Y (XOR2x2_ASAP7_75t_R)
                                         _11417_ (net)
                  7.82    0.06  159.63 v _19620_/A2 (AOI21x1_ASAP7_75t_R)
     2    2.04   19.49   11.63  171.27 ^ _19620_/Y (AOI21x1_ASAP7_75t_R)
                                         _11419_ (net)
                 19.50    0.12  171.39 ^ _19696_/A (XNOR2x2_ASAP7_75t_R)
     2    1.82    9.59   28.77  200.16 v _19696_/Y (XNOR2x2_ASAP7_75t_R)
                                         _01081_ (net)
                  9.60    0.07  200.23 v _30164_/B (HAxp5_ASAP7_75t_R)
     5    6.59   68.62   33.53  233.76 ^ _30164_/CON (HAxp5_ASAP7_75t_R)
                                         _01093_ (net)
     2    2.17   39.87   23.55  257.31 v _30164_/SN (HAxp5_ASAP7_75t_R)
                                         _01094_ (net)
                 39.87    0.07  257.38 v _19658_/B (AOI21x1_ASAP7_75t_R)
     5    7.09   50.94   34.85  292.23 ^ _19658_/Y (AOI21x1_ASAP7_75t_R)
                                         _11451_ (net)
                 50.95    0.44  292.66 ^ _19866_/B (NOR2x2_ASAP7_75t_R)
    10   12.31   45.20   31.16  323.82 v _19866_/Y (NOR2x2_ASAP7_75t_R)
                                         _11657_ (net)
                 45.28    1.09  324.91 v _20176_/A2 (AO21x1_ASAP7_75t_R)
     1    0.76    8.17   22.00  346.92 v _20176_/Y (AO21x1_ASAP7_75t_R)
                                         _11963_ (net)
                  8.17    0.04  346.95 v _20177_/B (AO21x1_ASAP7_75t_R)
     1    1.38   11.27   17.67  364.62 v _20177_/Y (AO21x1_ASAP7_75t_R)
                                         _11964_ (net)
                 11.27    0.06  364.68 v _20178_/C (NAND3x1_ASAP7_75t_R)
     1    1.46   18.70   15.03  379.71 ^ _20178_/Y (NAND3x1_ASAP7_75t_R)
                                         _11965_ (net)
                 18.70    0.12  379.83 ^ _20179_/B (NAND2x1_ASAP7_75t_R)
     1    1.24   11.45    9.02  388.85 v _20179_/Y (NAND2x1_ASAP7_75t_R)
                                         _11966_ (net)
                 11.45    0.06  388.91 v _20180_/B (NAND2x1_ASAP7_75t_R)
     1    1.47   17.63   10.38  399.29 ^ _20180_/Y (NAND2x1_ASAP7_75t_R)
                                         _00041_ (net)
                 17.64    0.20  399.49 ^ _tray_size4_1123/D2 (DFFHQNH2V2Xx1_ASAP7_75t_R)
                                399.49   data arrival time

                  0.00  380.00  380.00   clock clk (rise edge)
                          0.00  380.00   clock network delay (ideal)
                          0.00  380.00   clock reconvergence pessimism
                                380.00 ^ _tray_size4_1123/CLK (DFFHQNH2V2Xx1_ASAP7_75t_R)
                        -21.27  358.73   library setup time
                                358.73   data required time
-----------------------------------------------------------------------------
                                358.73   data required time
                               -399.49   data arrival time
-----------------------------------------------------------------------------
                                -40.76   slack (VIOLATED)



==========================================================================
detailed place report_check_types -max_slew -max_cap -max_fanout -violators
--------------------------------------------------------------------------

==========================================================================
detailed place max_slew_check_slack
--------------------------------------------------------------------------
138.24420166015625

==========================================================================
detailed place max_slew_check_limit
--------------------------------------------------------------------------
320.0

==========================================================================
detailed place max_slew_check_slack_limit
--------------------------------------------------------------------------
0.4320

==========================================================================
detailed place max_fanout_check_slack
--------------------------------------------------------------------------
1.0000000150474662e+30

==========================================================================
detailed place max_fanout_check_limit
--------------------------------------------------------------------------
1.0000000150474662e+30

==========================================================================
detailed place max_capacitance_check_slack
--------------------------------------------------------------------------
9.65303897857666

==========================================================================
detailed place max_capacitance_check_limit
--------------------------------------------------------------------------
23.040000915527344

==========================================================================
detailed place max_capacitance_check_slack_limit
--------------------------------------------------------------------------
0.4190

==========================================================================
detailed place max_slew_violation_count
--------------------------------------------------------------------------
max slew violation count 0

==========================================================================
detailed place max_fanout_violation_count
--------------------------------------------------------------------------
max fanout violation count 0

==========================================================================
detailed place max_cap_violation_count
--------------------------------------------------------------------------
max cap violation count 0

==========================================================================
detailed place setup_violation_count
--------------------------------------------------------------------------
setup violation count 156

==========================================================================
detailed place hold_violation_count
--------------------------------------------------------------------------
hold violation count 0

==========================================================================
detailed place report_checks -path_delay max reg to reg
--------------------------------------------------------------------------
Startpoint: _tray_size4_1042 (rising edge-triggered flip-flop clocked by clk)
Endpoint: _tray_size4_1123 (rising edge-triggered flip-flop clocked by clk)
Path Group: clk
Path Type: max

  Delay    Time   Description
---------------------------------------------------------
   0.00    0.00   clock clk (rise edge)
   0.00    0.00   clock network delay (ideal)
   0.00    0.00 ^ _tray_size4_1042/CLK (DFFHQNH2V2Xx1_ASAP7_75t_R)
  71.37   71.37 ^ _tray_size4_1042/QN3 (DFFHQNH2V2Xx1_ASAP7_75t_R)
  41.56  112.93 ^ _18932_/Y (XOR2x2_ASAP7_75t_R)
  26.42  139.35 ^ _18933_/Y (XOR2x2_ASAP7_75t_R)
  20.23  159.58 v _19618_/Y (XOR2x2_ASAP7_75t_R)
  11.69  171.27 ^ _19620_/Y (AOI21x1_ASAP7_75t_R)
  28.89  200.16 v _19696_/Y (XNOR2x2_ASAP7_75t_R)
  33.60  233.76 ^ _30164_/CON (HAxp5_ASAP7_75t_R)
  23.55  257.31 v _30164_/SN (HAxp5_ASAP7_75t_R)
  34.91  292.23 ^ _19658_/Y (AOI21x1_ASAP7_75t_R)
  31.60  323.82 v _19866_/Y (NOR2x2_ASAP7_75t_R)
  23.09  346.92 v _20176_/Y (AO21x1_ASAP7_75t_R)
  17.70  364.62 v _20177_/Y (AO21x1_ASAP7_75t_R)
  15.09  379.71 ^ _20178_/Y (NAND3x1_ASAP7_75t_R)
   9.14  388.85 v _20179_/Y (NAND2x1_ASAP7_75t_R)
  10.44  399.29 ^ _20180_/Y (NAND2x1_ASAP7_75t_R)
   0.20  399.49 ^ _tray_size4_1123/D2 (DFFHQNH2V2Xx1_ASAP7_75t_R)
         399.49   data arrival time

 380.00  380.00   clock clk (rise edge)
   0.00  380.00   clock network delay (ideal)
   0.00  380.00   clock reconvergence pessimism
         380.00 ^ _tray_size4_1123/CLK (DFFHQNH2V2Xx1_ASAP7_75t_R)
 -21.27  358.73   library setup time
         358.73   data required time
---------------------------------------------------------
         358.73   data required time
        -399.49   data arrival time
---------------------------------------------------------
         -40.76   slack (VIOLATED)



==========================================================================
detailed place report_checks -path_delay min reg to reg
--------------------------------------------------------------------------
Startpoint: dcnt[3]$_SDFFE_PN0P_
            (rising edge-triggered flip-flop clocked by clk)
Endpoint: dcnt[3]$_SDFFE_PN0P_ (rising edge-triggered flip-flop clocked by clk)
Path Group: clk
Path Type: min

  Delay    Time   Description
---------------------------------------------------------
   0.00    0.00   clock clk (rise edge)
   0.00    0.00   clock network delay (ideal)
   0.00    0.00 ^ dcnt[3]$_SDFFE_PN0P_/CLK (DFFHQNx1_ASAP7_75t_R)
  34.51   34.51 ^ dcnt[3]$_SDFFE_PN0P_/QN (DFFHQNx1_ASAP7_75t_R)
  13.66   48.17 ^ _30044_/Y (AO21x1_ASAP7_75t_R)
   6.82   54.99 v _30045_/Y (AOI21x1_ASAP7_75t_R)
   0.03   55.03 v dcnt[3]$_SDFFE_PN0P_/D (DFFHQNx1_ASAP7_75t_R)
          55.03   data arrival time

   0.00    0.00   clock clk (rise edge)
   0.00    0.00   clock network delay (ideal)
   0.00    0.00   clock reconvergence pessimism
           0.00 ^ dcnt[3]$_SDFFE_PN0P_/CLK (DFFHQNx1_ASAP7_75t_R)
   8.59    8.59   library hold time
           8.59   data required time
---------------------------------------------------------
           8.59   data required time
         -55.03   data arrival time
---------------------------------------------------------
          46.44   slack (MET)



==========================================================================
detailed place critical path target clock latency max path
--------------------------------------------------------------------------
0.0000

==========================================================================
detailed place critical path target clock latency min path
--------------------------------------------------------------------------
0.0000

==========================================================================
detailed place critical path source clock latency min path
--------------------------------------------------------------------------
0.0000

==========================================================================
detailed place critical path delay
--------------------------------------------------------------------------
399.4888

==========================================================================
detailed place critical path slack
--------------------------------------------------------------------------
-40.7551

==========================================================================
detailed place slack div critical path delay
--------------------------------------------------------------------------
-10.201813

==========================================================================
detailed place report_power
--------------------------------------------------------------------------
Group                  Internal  Switching    Leakage      Total
                          Power      Power      Power      Power (Watts)
----------------------------------------------------------------
Sequential             3.98e-03   1.13e-03   7.60e-08   5.11e-03   3.3%
Combinational          5.71e-02   9.36e-02   1.03e-06   1.51e-01  96.7%
Clock                  0.00e+00   0.00e+00   0.00e+00   0.00e+00   0.0%
Macro                  0.00e+00   0.00e+00   0.00e+00   0.00e+00   0.0%
Pad                    0.00e+00   0.00e+00   0.00e+00   0.00e+00   0.0%
----------------------------------------------------------------
Total                  6.11e-02   9.48e-02   1.11e-06   1.56e-01 100.0%
                          39.2%      60.8%       0.0%
