OpenROAD ee3d65ce03b2656092ed62bf9205c5c11049c575 
Features included (+) or not (-): +GPU +GUI +Python
This program is licensed under the BSD-3 license. See the LICENSE file for details.
Components of this program may be licensed under more restrictive licenses which must be honored.
[INFO ORD-0030] Using 32 thread(s).
source /home/lucast/workspace/OR-flow-TCC/flow/platforms/asap7/liberty_suppressions.tcl
read_liberty /home/lucast/workspace/OR-flow-TCC/flow/platforms/asap7/lib/NLDM/asap7sc7p5t_AO_RVT_FF_nldm_211120.lib.gz
read_liberty /home/lucast/workspace/OR-flow-TCC/flow/platforms/asap7/lib/NLDM/asap7sc7p5t_INVBUF_RVT_FF_nldm_220122.lib.gz
read_liberty /home/lucast/workspace/OR-flow-TCC/flow/platforms/asap7/lib/NLDM/asap7sc7p5t_OA_RVT_FF_nldm_211120.lib.gz
read_liberty /home/lucast/workspace/OR-flow-TCC/flow/platforms/asap7/lib/NLDM/asap7sc7p5t_SIMPLE_RVT_FF_nldm_211120.lib.gz
read_liberty /home/lucast/workspace/OR-flow-TCC/flow/platforms/asap7/lib/NLDM/asap7sc7p5t_SEQ_RVT_FF_nldm_220123.lib
read_liberty /home/lucast/workspace/OR-flow-TCC/flow/platforms/asap7/lib/NLDM/asap7sc7p5t_DFFHQNH2V2X_RVT_TT_nldm_FAKE.lib
read_liberty /home/lucast/workspace/OR-flow-TCC/flow/platforms/asap7/lib/NLDM/asap7sc7p5t_DFFHQNV2X_RVT_TT_nldm_FAKE.lib
read_db -hier ./results/asap7/ibex/modified_alpha_2-beta_0.1/4_cts.odb
[WARNING ORD-0012] Hierarchical flow (-hier) is currently in development and may cause multiple issues. Do not use in production environments.
source /home/lucast/workspace/OR-flow-TCC/flow/platforms/asap7/setRC.tcl
pin_access
[INFO DRT-0149] Reading tech and libs.

Units:                1000
Number of layers:     21
Number of macros:     230
Number of vias:       14
Number of viarulegen: 11

[INFO DRT-0150] Reading design.

Design:                   ibex_core
Die area:                 ( 0 0 ) ( 78100 78100 )
Number of track patterns: 32
Number of DEF vias:       0
Number of components:     21625
Number of terminals:      266
Number of snets:          2
Number of nets:           21549

[INFO DRT-0167] List of default vias:
  Layer V2
    default via: VIA23
  Layer V3
    default via: VIA34
  Layer V4
    default via: VIA45
  Layer V5
    default via: VIA56
  Layer V6
    default via: VIA67
  Layer V7
    default via: VIA78
  Layer V8
    default via: VIA89
  Layer V9
    default via: VIA9Pad
[INFO DRT-0162] Library cell analysis.
[INFO DRT-0163] Instance analysis.
[INFO DRT-0164] Number of unique instances = 299.
[INFO DRT-0168] Init region query.
[INFO DRT-0024]   Complete Active.
[INFO DRT-0024]   Complete V0.
[INFO DRT-0024]   Complete M1.
[INFO DRT-0024]   Complete V1.
[INFO DRT-0024]   Complete M2.
[INFO DRT-0024]   Complete V2.
[INFO DRT-0024]   Complete M3.
[INFO DRT-0024]   Complete V3.
[INFO DRT-0024]   Complete M4.
[INFO DRT-0024]   Complete V4.
[INFO DRT-0024]   Complete M5.
[INFO DRT-0024]   Complete V5.
[INFO DRT-0024]   Complete M6.
[INFO DRT-0024]   Complete V6.
[INFO DRT-0024]   Complete M7.
[INFO DRT-0024]   Complete V7.
[INFO DRT-0024]   Complete M8.
[INFO DRT-0024]   Complete V8.
[INFO DRT-0024]   Complete M9.
[INFO DRT-0024]   Complete V9.
[INFO DRT-0024]   Complete Pad.
[INFO DRT-0033] Active shape region query size = 0.
[INFO DRT-0033] V0 shape region query size = 0.
[INFO DRT-0033] M1 shape region query size = 347664.
[INFO DRT-0033] V1 shape region query size = 604565.
[INFO DRT-0033] M2 shape region query size = 19907.
[INFO DRT-0033] V2 shape region query size = 11512.
[INFO DRT-0033] M3 shape region query size = 11510.
[INFO DRT-0033] V3 shape region query size = 7672.
[INFO DRT-0033] M4 shape region query size = 7836.
[INFO DRT-0033] V4 shape region query size = 7672.
[INFO DRT-0033] M5 shape region query size = 4356.
[INFO DRT-0033] V5 shape region query size = 784.
[INFO DRT-0033] M6 shape region query size = 448.
[INFO DRT-0033] V6 shape region query size = 0.
[INFO DRT-0033] M7 shape region query size = 0.
[INFO DRT-0033] V7 shape region query size = 0.
[INFO DRT-0033] M8 shape region query size = 0.
[INFO DRT-0033] V8 shape region query size = 0.
[INFO DRT-0033] M9 shape region query size = 0.
[INFO DRT-0033] V9 shape region query size = 0.
[INFO DRT-0033] Pad shape region query size = 0.
[INFO DRT-0165] Start pin access.
[INFO DRT-0076]   Complete 1000 pins.
[INFO DRT-0078]   Complete 1718 pins.
[INFO DRT-0079]   Complete 100 unique inst patterns.
[INFO DRT-0079]   Complete 200 unique inst patterns.
[INFO DRT-0081]   Complete 299 unique inst patterns.
[INFO DRT-0082]   Complete 10000 groups.
[INFO DRT-0084]   Complete 14332 groups.
#scanned instances     = 21625
#unique  instances     = 299
#stdCellGenAp          = 8860
#stdCellValidPlanarAp  = 76
#stdCellValidViaAp     = 7308
#stdCellPinNoAp        = 0
#stdCellPinCnt         = 69402
#instTermValidViaApCnt = 0
#macroGenAp            = 0
#macroValidPlanarAp    = 0
#macroValidViaAp       = 0
#macroNoAp             = 0
[INFO DRT-0166] Complete pin access.
[INFO DRT-0267] cpu time = 00:04:34, elapsed time = 00:00:12, memory = 335.11 (MB), peak = 331.32 (MB)
Took 13 seconds: pin_access
global_route -congestion_report_file ./reports/asap7/ibex/modified_alpha_2-beta_0.1/congestion.rpt -congestion_iterations 30 -congestion_report_iter_step 5 -verbose
[INFO GRT-0020] Min routing layer: M2
[INFO GRT-0021] Max routing layer: M7
[INFO GRT-0022] Global adjustment: 0%
[INFO GRT-0023] Grid origin: (0, 0)
[INFO GRT-0088] Layer M1      Track-Pitch = 0.0360  line-2-Via Pitch: 0.0360
[INFO GRT-0088] Layer M2      Track-Pitch = 0.0390  line-2-Via Pitch: 0.0360
[INFO GRT-0088] Layer M3      Track-Pitch = 0.0360  line-2-Via Pitch: 0.0360
[INFO GRT-0088] Layer M4      Track-Pitch = 0.0480  line-2-Via Pitch: 0.0480
[INFO GRT-0088] Layer M5      Track-Pitch = 0.0480  line-2-Via Pitch: 0.0480
[INFO GRT-0088] Layer M6      Track-Pitch = 0.0640  line-2-Via Pitch: 0.0640
[INFO GRT-0088] Layer M7      Track-Pitch = 0.0640  line-2-Via Pitch: 0.0640
[INFO GRT-0003] Macros: 0
[INFO GRT-0004] Blockages: 10812
[INFO GRT-0019] Found 116 clock nets.
[INFO GRT-0001] Minimum degree: 2
[INFO GRT-0002] Maximum degree: 93

[INFO GRT-0053] Routing resources analysis:
          Routing      Original      Derated      Resource
Layer     Direction    Resources     Resources    Reduction (%)
---------------------------------------------------------------
M1         Vertical            0             0          0.00%
M2         Horizontal     218076        156813          28.09%
M3         Vertical       283802        210827          25.71%
M4         Horizontal     217240        161376          25.72%
M5         Vertical       210092        155876          25.81%
M6         Horizontal     146940         99312          32.41%
M7         Vertical       165920        111792          32.62%
---------------------------------------------------------------

[INFO GRT-0197] Via related to pin nodes: 129399
[INFO GRT-0198] Via related Steiner nodes: 4778
[INFO GRT-0199] Via filling finished.
[INFO GRT-0111] Final number of vias: 168501
[INFO GRT-0112] Final usage 3D: 671820

[INFO GRT-0096] Final congestion report:
Layer         Resource        Demand        Usage (%)    Max H / Max V / Total Overflow
---------------------------------------------------------------------------------------
M1                   0             0            0.00%             0 /  0 /  0
M2              156813         59938           38.22%             0 /  0 /  0
M3              210827         69952           33.18%             0 /  0 /  0
M4              161376         28290           17.53%             0 /  0 /  0
M5              155876          7634            4.90%             0 /  0 /  0
M6               99312           447            0.45%             0 /  0 /  0
M7              111792            56            0.05%             0 /  0 /  0
---------------------------------------------------------------------------------------
Total           895996        166317           18.56%             0 /  0 /  0

[INFO GRT-0018] Total wirelength: 129091 um
[INFO GRT-0014] Routed nets: 21458
[INFO GRT-0303] Global routing runtime = 00:00:01
estimate_parasitics -global_routing
Perform buffer insertion and gate resizing...
repair_design -verbose
Iteration |   Area    | Resized | Buffers | Nets repaired | Remaining
---------------------------------------------------------------------
        0 |     +0.0% |       0 |       0 |             0 |     21646
     1000 |     +0.0% |       0 |       0 |             0 |     20646
[WARNING RSZ-0104] Net _18080_/CO[33] only has one pin. Check if it is intended to be dangling.
[WARNING RSZ-0104] Net _18080_/CO[22] only has one pin. Check if it is intended to be dangling.
[WARNING RSZ-0104] Net _18080_/CO[20] only has one pin. Check if it is intended to be dangling.
[WARNING RSZ-0104] Net _18080_/CO[8] only has one pin. Check if it is intended to be dangling.
     2000 |     +0.0% |       0 |       0 |             0 |     19646
[WARNING RSZ-0104] Net _18080_/X[31] only has one pin. Check if it is intended to be dangling.
[WARNING RSZ-0104] Net _18080_/X[28] only has one pin. Check if it is intended to be dangling.
[WARNING RSZ-0104] Net _18080_/X[18] only has one pin. Check if it is intended to be dangling.
[WARNING RSZ-0104] Net _18080_/X[13] only has one pin. Check if it is intended to be dangling.
[WARNING RSZ-0104] Net _18080_/X[11] only has one pin. Check if it is intended to be dangling.
[WARNING RSZ-0104] Net _18080_/X[30] only has one pin. Check if it is intended to be dangling.
[WARNING RSZ-0104] Net _18080_/X[29] only has one pin. Check if it is intended to be dangling.
[WARNING RSZ-0104] Net _18080_/X[27] only has one pin. Check if it is intended to be dangling.
[WARNING RSZ-0104] Net _18080_/X[26] only has one pin. Check if it is intended to be dangling.
[WARNING RSZ-0104] Net _18080_/X[25] only has one pin. Check if it is intended to be dangling.
[WARNING RSZ-0104] Net _18080_/X[24] only has one pin. Check if it is intended to be dangling.
[WARNING RSZ-0104] Net _18080_/X[22] only has one pin. Check if it is intended to be dangling.
[WARNING RSZ-0104] Net _18080_/X[20] only has one pin. Check if it is intended to be dangling.
[WARNING RSZ-0104] Net _18080_/X[19] only has one pin. Check if it is intended to be dangling.
[WARNING RSZ-0104] Net _18080_/X[17] only has one pin. Check if it is intended to be dangling.
[WARNING RSZ-0104] Net _18080_/X[16] only has one pin. Check if it is intended to be dangling.
[WARNING RSZ-0104] Net _18080_/X[15] only has one pin. Check if it is intended to be dangling.
[WARNING RSZ-0104] Net _18080_/X[14] only has one pin. Check if it is intended to be dangling.
[WARNING RSZ-0104] Net _18080_/X[12] only has one pin. Check if it is intended to be dangling.
[WARNING RSZ-0104] Net _18080_/X[10] only has one pin. Check if it is intended to be dangling.
[WARNING RSZ-0104] Net _18080_/X[33] only has one pin. Check if it is intended to be dangling.
[WARNING RSZ-0104] Net _18080_/X[8] only has one pin. Check if it is intended to be dangling.
[WARNING RSZ-0104] Net _18080_/X[7] only has one pin. Check if it is intended to be dangling.
[WARNING RSZ-0104] Net _18080_/X[6] only has one pin. Check if it is intended to be dangling.
[WARNING RSZ-0104] Net _18080_/X[5] only has one pin. Check if it is intended to be dangling.
[WARNING RSZ-0104] Net _18080_/X[4] only has one pin. Check if it is intended to be dangling.
[WARNING RSZ-0104] Net _18080_/X[3] only has one pin. Check if it is intended to be dangling.
     3000 |     +0.0% |       0 |       0 |             0 |     18646
     4000 |     +0.0% |       0 |       0 |             0 |     17646
     5000 |     +0.0% |       0 |       0 |             0 |     16646
[WARNING RSZ-0104] Net _03034_ only has one pin. Check if it is intended to be dangling.
[WARNING RSZ-0104] Net _03032_ only has one pin. Check if it is intended to be dangling.
     6000 |     +0.0% |       0 |       0 |             0 |     15646
     7000 |     +0.0% |       0 |       0 |             0 |     14646
[WARNING RSZ-0104] Net _18080_/X[1] only has one pin. Check if it is intended to be dangling.
[WARNING RSZ-0104] Net _03022_ only has one pin. Check if it is intended to be dangling.
[WARNING RSZ-0104] Net _03020_ only has one pin. Check if it is intended to be dangling.
[WARNING RSZ-0104] Net _03018_ only has one pin. Check if it is intended to be dangling.
[WARNING RSZ-0104] Net _18080_/X[0] only has one pin. Check if it is intended to be dangling.
     8000 |     +0.0% |       0 |       0 |             0 |     13646
     9000 |     +0.0% |       0 |       0 |             0 |     12646
[WARNING RSZ-0104] Net _02849_ only has one pin. Check if it is intended to be dangling.
[WARNING RSZ-0104] Net _02840_ only has one pin. Check if it is intended to be dangling.
[WARNING RSZ-0104] Net _02834_ only has one pin. Check if it is intended to be dangling.
[WARNING RSZ-0104] Net _02798_ only has one pin. Check if it is intended to be dangling.
[WARNING RSZ-0104] Net _02864_ only has one pin. Check if it is intended to be dangling.
[WARNING RSZ-0104] Net _02858_ only has one pin. Check if it is intended to be dangling.
[WARNING RSZ-0104] Net _02855_ only has one pin. Check if it is intended to be dangling.
[WARNING RSZ-0104] Net _02837_ only has one pin. Check if it is intended to be dangling.
[WARNING RSZ-0104] Net _02819_ only has one pin. Check if it is intended to be dangling.
[WARNING RSZ-0104] Net _02786_ only has one pin. Check if it is intended to be dangling.
[WARNING RSZ-0104] Net _02878_ only has one pin. Check if it is intended to be dangling.
[WARNING RSZ-0104] Net _02867_ only has one pin. Check if it is intended to be dangling.
[WARNING RSZ-0104] Net _02861_ only has one pin. Check if it is intended to be dangling.
[WARNING RSZ-0104] Net _02846_ only has one pin. Check if it is intended to be dangling.
[WARNING RSZ-0104] Net _02831_ only has one pin. Check if it is intended to be dangling.
[WARNING RSZ-0104] Net _02825_ only has one pin. Check if it is intended to be dangling.
[WARNING RSZ-0104] Net _02822_ only has one pin. Check if it is intended to be dangling.
[WARNING RSZ-0104] Net _02816_ only has one pin. Check if it is intended to be dangling.
[WARNING RSZ-0104] Net _02810_ only has one pin. Check if it is intended to be dangling.
[WARNING RSZ-0104] Net _02792_ only has one pin. Check if it is intended to be dangling.
[WARNING RSZ-0104] Net _02789_ only has one pin. Check if it is intended to be dangling.
[WARNING RSZ-0104] Net _02780_ only has one pin. Check if it is intended to be dangling.
[WARNING RSZ-0104] Net _02777_ only has one pin. Check if it is intended to be dangling.
    10000 |     +0.0% |       0 |       0 |             0 |     11646
[WARNING RSZ-0104] Net _02852_ only has one pin. Check if it is intended to be dangling.
[WARNING RSZ-0104] Net _02843_ only has one pin. Check if it is intended to be dangling.
[WARNING RSZ-0104] Net _02828_ only has one pin. Check if it is intended to be dangling.
[WARNING RSZ-0104] Net _02813_ only has one pin. Check if it is intended to be dangling.
[WARNING RSZ-0104] Net _02807_ only has one pin. Check if it is intended to be dangling.
[WARNING RSZ-0104] Net _02804_ only has one pin. Check if it is intended to be dangling.
[WARNING RSZ-0104] Net _02801_ only has one pin. Check if it is intended to be dangling.
[WARNING RSZ-0104] Net _02795_ only has one pin. Check if it is intended to be dangling.
[WARNING RSZ-0104] Net _02783_ only has one pin. Check if it is intended to be dangling.
[WARNING RSZ-0104] Net _03037_ only has one pin. Check if it is intended to be dangling.
    11000 |     +0.0% |       0 |       0 |             0 |     10646
[WARNING RSZ-0104] Net _02929_ only has one pin. Check if it is intended to be dangling.
[WARNING RSZ-0104] Net _02927_ only has one pin. Check if it is intended to be dangling.
    12000 |     +0.0% |       0 |       0 |             0 |      9646
[WARNING RSZ-0104] Net _02937_ only has one pin. Check if it is intended to be dangling.
[WARNING RSZ-0104] Net _02935_ only has one pin. Check if it is intended to be dangling.
[WARNING RSZ-0104] Net _02933_ only has one pin. Check if it is intended to be dangling.
[WARNING RSZ-0104] Net _02931_ only has one pin. Check if it is intended to be dangling.
[WARNING RSZ-0104] Net _02938_ only has one pin. Check if it is intended to be dangling.
    13000 |     +0.0% |       0 |       0 |             0 |      8646
    14000 |     +0.0% |       0 |       0 |             0 |      7646
    15000 |     +0.0% |       0 |       0 |             0 |      6646
    16000 |     +0.0% |       0 |       0 |             0 |      5646
[WARNING RSZ-0104] Net _02723_ only has one pin. Check if it is intended to be dangling.
[WARNING RSZ-0104] Net _02721_ only has one pin. Check if it is intended to be dangling.
[WARNING RSZ-0104] Net _02719_ only has one pin. Check if it is intended to be dangling.
    17000 |     +0.0% |       0 |       0 |             0 |      4646
    18000 |     +0.0% |       0 |       0 |             0 |      3646
    19000 |     +0.0% |       0 |       0 |             0 |      2646
    20000 |     +0.0% |       0 |       0 |             0 |      1646
    21000 |     +0.0% |       0 |       0 |             0 |       646
[WARNING RSZ-0104] Net boot_addr_i[7] only has one pin. Check if it is intended to be dangling.
[WARNING RSZ-0104] Net boot_addr_i[6] only has one pin. Check if it is intended to be dangling.
[WARNING RSZ-0104] Net boot_addr_i[5] only has one pin. Check if it is intended to be dangling.
[WARNING RSZ-0104] Net boot_addr_i[4] only has one pin. Check if it is intended to be dangling.
[WARNING RSZ-0104] Net boot_addr_i[3] only has one pin. Check if it is intended to be dangling.
[WARNING RSZ-0104] Net boot_addr_i[2] only has one pin. Check if it is intended to be dangling.
[WARNING RSZ-0104] Net boot_addr_i[1] only has one pin. Check if it is intended to be dangling.
[WARNING RSZ-0104] Net boot_addr_i[0] only has one pin. Check if it is intended to be dangling.
    final |     +0.0% |       0 |       0 |             0 |         0
---------------------------------------------------------------------
global_route -start_incremental
detailed_placement
[INFO DPL-0005] Max displacement: +/- 500 sites horizontally, +/- 100 rows vertically.
Movements Summary
---------------------------------------
Total cells:                   20804
Diamond Move Success:          20804 (100.00%)
Diamond Move Failure:              0
Rip-up and replace Success:        0 (  0.00% of diamond failures)
Rip-up and replace Failure:        0
Total Placement Failures:          0
---------------------------------------
Placement Analysis
---------------------------------
total displacement          0.0 u
average displacement        0.0 u
max displacement            0.0 u
original HPWL           77498.5 u
legalized HPWL          77498.5 u
delta HPWL                    0 %

global_route -end_incremental -congestion_report_file ./reports/asap7/ibex/modified_alpha_2-beta_0.1/congestion_post_repair_design.rpt
Repair setup and hold violations...
estimate_parasitics -global_routing
repair_timing -setup_margin 0 -hold_margin 0 -repair_tns 100 -verbose
[INFO RSZ-0100] Repair move sequence: UnbufferMove SizeUpMove SwapPinsMove BufferMove CloneMove SplitLoadMove 
[INFO RSZ-0094] Found 726 endpoints with setup violations.
[INFO RSZ-0099] Repairing 726 out of 726 (100.00%) violating endpoints...
   Iter   | Removed | Resized | Inserted | Cloned |  Pin  |   Area   |    WNS   |   TNS      |  Viol  | Worst
          | Buffers |  Gates  | Buffers  |  Gates | Swaps |          |          |            | Endpts | Endpt
--------------------------------------------------------------------------------------------------------------
        0 |       0 |       0 |        0 |      0 |     0 |    +0.0% |  -68.528 |   -16843.6 |    726 | instr_addr_o[31]
       10 |       0 |       2 |        4 |      1 |     4 |    +0.0% |  -55.190 |   -16718.1 |    726 | instr_addr_o[31]
       20 |       0 |       7 |        6 |      1 |     7 |    +0.0% |  -53.162 |   -16306.4 |    726 | instr_addr_o[31]
       30 |       0 |      12 |        8 |      1 |    10 |    +0.1% |  -51.240 |   -16359.0 |    726 | instr_addr_o[31]
       40 |       0 |      15 |       11 |      3 |    13 |    +0.1% |  -51.006 |   -17326.6 |    726 | instr_addr_o[31]
       50 |       0 |      19 |       14 |      3 |    16 |    +0.1% |  -48.908 |   -17291.4 |    726 | instr_addr_o[28]
       60 |       0 |      22 |       17 |      3 |    21 |    +0.1% |  -51.046 |   -17292.7 |    726 | instr_addr_o[31]
       70 |       0 |      28 |       21 |      4 |    22 |    +0.2% |  -55.729 |   -20953.6 |    726 | instr_addr_o[31]
       80 |       0 |      31 |       25 |      4 |    25 |    +0.2% |  -54.930 |   -21781.4 |    726 | instr_addr_o[31]
       90 |       0 |      33 |       30 |      4 |    29 |    +0.2% |  -51.192 |   -22284.4 |    726 | gen_regfile_ff.register_file_i.rf_reg[503]$_DFFE_PN0P_/D
      100 |       0 |      35 |       35 |      4 |    33 |    +0.2% |  -50.083 |   -21730.5 |    726 | instr_addr_o[28]
      101 |       0 |      20 |       14 |      3 |    16 |    +0.1% |  -48.823 |   -17290.4 |    726 | instr_addr_o[31]
      110 |       0 |      24 |       14 |      3 |    20 |    +0.1% |  -48.823 |   -17066.6 |    726 | instr_addr_o[31]
      120 |       0 |      27 |       15 |      3 |    26 |    +0.1% |  -49.378 |   -17433.2 |    726 | instr_addr_o[31]
      130 |       1 |      27 |       20 |      3 |    32 |    +0.1% |  -49.378 |   -17430.1 |    726 | instr_addr_o[31]
      140 |       1 |      28 |       28 |      3 |    35 |    +0.2% |  -50.307 |   -17395.4 |    726 | instr_addr_o[31]
      150 |       1 |      34 |       32 |      3 |    36 |    +0.2% |  -50.307 |   -17118.0 |    726 | instr_addr_o[31]
      160 |       1 |      38 |       37 |      3 |    37 |    +0.2% |  -50.307 |   -17069.6 |    726 | instr_addr_o[31]
      166 |       0 |      25 |       15 |      3 |    24 |    +0.1% |  -48.823 |   -17388.6 |    726 | instr_addr_o[31]
      170 |       0 |      26 |       16 |      3 |    25 |    +0.1% |  -48.823 |   -17385.4 |    726 | instr_addr_o[31]
      180 |       0 |      27 |       18 |      3 |    32 |    +0.1% |  -50.307 |   -17388.6 |    726 | instr_addr_o[31]
      190 |       0 |      28 |       23 |      3 |    37 |    +0.1% |  -50.307 |   -17439.0 |    726 | instr_addr_o[31]
      200 |       0 |      33 |       26 |      3 |    41 |    +0.2% |  -50.307 |   -18000.0 |    726 | instr_addr_o[31]
      207 |       0 |      26 |       16 |      3 |    26 |    +0.1% |  -48.821 |   -17378.4 |    726 | instr_addr_o[31]
      210 |       0 |      26 |       18 |      3 |    26 |    +0.1% |  -48.821 |   -17374.3 |    726 | instr_addr_o[31]
      220 |       0 |      29 |       21 |      4 |    29 |    +0.2% |  -50.501 |   -14415.2 |    726 | instr_addr_o[31]
      230 |       0 |      34 |       23 |      5 |    31 |    +0.2% |  -50.649 |   -15443.1 |    726 | instr_addr_o[31]
      240 |       0 |      36 |       25 |      5 |    38 |    +0.2% |  -50.688 |   -15435.7 |    726 | instr_addr_o[31]
      250 |       0 |      40 |       27 |      5 |    42 |    +0.2% |  -50.739 |   -15433.0 |    726 | instr_addr_o[31]
      260 |       0 |      43 |       32 |      5 |    45 |    +0.2% |  -51.008 |   -15612.3 |    726 | instr_addr_o[31]
      261 |       0 |      26 |       19 |      3 |    26 |    +0.1% |  -48.821 |   -17385.5 |    726 | instr_addr_o[31]
      270 |       0 |      27 |       19 |      4 |    32 |    +0.1% |  -48.821 |   -17004.2 |    726 | instr_addr_o[31]
      280 |       0 |      28 |       23 |      4 |    37 |    +0.1% |  -49.169 |   -15235.3 |    726 | instr_addr_o[31]
      290 |       0 |      33 |       25 |      4 |    40 |    +0.2% |  -49.372 |   -11213.6 |    726 | instr_addr_o[31]
      300 |       0 |      34 |       28 |      4 |    46 |    +0.2% |  -49.372 |   -11023.4 |    726 | instr_addr_o[31]
      310 |       0 |      35 |       31 |      4 |    52 |    +0.2% |  -49.372 |   -12727.3 |    726 | instr_addr_o[31]
      320 |       0 |      37 |       35 |      4 |    56 |    +0.2% |  -49.372 |   -12758.7 |    726 | instr_addr_o[31]
      329 |       0 |      27 |       23 |      4 |    37 |    +0.1% |  -48.821 |   -15405.4 |    726 | instr_addr_o[31]
      330 |       0 |      27 |       23 |      4 |    37 |    +0.1% |  -48.821 |   -15405.4 |    726 | instr_addr_o[31]
      340 |       0 |      31 |       27 |      4 |    39 |    +0.2% |  -49.169 |   -11161.4 |    726 | instr_addr_o[31]
      350 |       0 |      38 |       29 |      4 |    40 |    +0.2% |  -49.372 |   -10091.2 |    726 | instr_addr_o[31]
      360 |       0 |      42 |       32 |      4 |    43 |    +0.2% |  -49.372 |    -9658.3 |    726 | instr_addr_o[31]
      364 |       0 |      27 |       23 |      4 |    37 |    +0.1% |  -48.821 |   -15405.3 |    725 | instr_addr_o[31]
      370 |       0 |      30 |       25 |      4 |    37 |    +0.2% |  -49.169 |   -12024.2 |    725 | instr_addr_o[31]
      380 |       0 |      37 |       28 |      4 |    37 |    +0.2% |  -49.372 |   -10285.0 |    725 | instr_addr_o[31]
      390 |       0 |      43 |       31 |      4 |    38 |    +0.2% |  -49.372 |    -9829.9 |    725 | instr_addr_o[31]
      395 |       0 |      27 |       23 |      4 |    37 |    +0.1% |  -48.821 |   -15405.3 |    724 | instr_addr_o[31]
      400 |       0 |      29 |       25 |      4 |    37 |    +0.2% |  -49.169 |   -12068.1 |    724 | instr_addr_o[31]
      410 |       0 |      36 |       28 |      4 |    37 |    +0.2% |  -49.372 |   -10362.4 |    724 | instr_addr_o[31]
      420 |       0 |      43 |       31 |      4 |    37 |    +0.2% |  -49.372 |    -9776.3 |    724 | instr_addr_o[31]
      423 |       0 |      27 |       23 |      4 |    37 |    +0.1% |  -48.821 |   -15405.3 |    723 | instr_addr_o[31]
      430 |       0 |      30 |       24 |      6 |    37 |    +0.2% |  -48.821 |   -15320.6 |    723 | instr_addr_o[31]
      438 |       0 |      30 |       26 |      6 |    37 |    +0.2% |  -48.821 |   -15059.4 |    722 | instr_addr_o[31]
      440 |       0 |      31 |       26 |      6 |    37 |    +0.2% |  -49.169 |   -14894.3 |    722 | instr_addr_o[31]
      445 |       0 |      30 |       26 |      6 |    37 |    +0.2% |  -48.821 |   -15059.4 |    721 | instr_addr_o[31]
      450 |       0 |      33 |       27 |      6 |    37 |    +0.2% |  -49.169 |   -14791.1 |    721 | instr_addr_o[31]
      452 |       0 |      30 |       26 |      6 |    37 |    +0.2% |  -48.821 |   -15059.4 |    720 | instr_addr_o[31]
      460 |       0 |      34 |       29 |      6 |    37 |    +0.2% |  -49.169 |   -10862.0 |    720 | instr_addr_o[31]
      470 |       0 |      42 |       32 |      6 |    37 |    +0.2% |  -49.372 |    -9692.7 |    720 | instr_addr_o[31]
      480 |       0 |      49 |       34 |      6 |    38 |    +0.2% |  -49.372 |    -9602.0 |    720 | instr_addr_o[31]
      490 |       0 |      54 |       38 |      6 |    39 |    +0.3% |  -49.694 |   -11199.0 |    720 | instr_addr_o[31]
      498 |       0 |      30 |       26 |      6 |    37 |    +0.2% |  -48.821 |   -15052.4 |    719 | instr_addr_o[31]
      500 |       0 |      31 |       26 |      6 |    37 |    +0.2% |  -49.169 |   -14891.0 |    719 | instr_addr_o[31]
      510 |       0 |      37 |       31 |      6 |    37 |    +0.2% |  -49.372 |   -10032.0 |    719 | instr_addr_o[31]
      520 |       0 |      44 |       34 |      6 |    37 |    +0.2% |  -49.372 |   -10091.0 |    719 | instr_addr_o[31]
      530 |       0 |      52 |       36 |      6 |    37 |    +0.2% |  -49.372 |   -11250.2 |    719 | instr_addr_o[31]
      539 |       0 |      30 |       26 |      6 |    37 |    +0.2% |  -48.821 |   -15052.4 |    718 | instr_addr_o[31]
      540 |       0 |      30 |       26 |      6 |    37 |    +0.2% |  -48.821 |   -15052.4 |    718 | instr_addr_o[31]
      550 |       0 |      36 |       30 |      7 |    37 |    +0.2% |  -49.372 |   -14674.2 |    718 | instr_addr_o[31]
      550 |       0 |      32 |       26 |      6 |    37 |    +0.2% |  -48.821 |   -15009.0 |    717 | instr_addr_o[31]
      560 |       1 |      35 |       30 |      6 |    39 |    +0.2% |  -50.252 |   -15122.3 |    717 | instr_addr_o[31]
      570 |       1 |      39 |       32 |      6 |    43 |    +0.2% |  -51.354 |   -15249.1 |    717 | instr_addr_o[31]
      580 |       2 |      41 |       37 |      6 |    47 |    +0.2% |  -51.354 |   -14913.1 |    717 | instr_addr_o[31]
      590 |       2 |      44 |       38 |      7 |    52 |    +0.2% |  -51.354 |   -14915.1 |    717 | instr_addr_o[31]
      600 |       2 |      48 |       42 |      7 |    54 |    +0.3% |  -51.782 |   -14912.1 |    717 | instr_addr_o[31]
      602 |       0 |      32 |       26 |      6 |    38 |    +0.2% |  -48.821 |   -15004.0 |    717 | instr_addr_o[31]
      610 |       0 |      36 |       30 |      6 |    38 |    +0.2% |  -49.372 |   -14639.1 |    717 | instr_addr_o[31]
      610 |       0 |      32 |       26 |      6 |    38 |    +0.2% |  -48.821 |   -15004.0 |    716 | instr_addr_o[31]
      620 |       0 |      36 |       29 |      6 |    40 |    +0.2% |  -48.821 |    -9224.0 |    716 | instr_addr_o[31]
      630 |       0 |      38 |       29 |      7 |    47 |    +0.2% |  -48.821 |    -9781.8 |    716 | instr_addr_o[31]
      640 |       0 |      42 |       30 |      9 |    50 |    +0.2% |  -48.821 |    -9461.6 |    716 | instr_addr_o[31]
      650 |       0 |      45 |       31 |      9 |    56 |    +0.2% |  -48.821 |    -8904.5 |    716 | instr_addr_o[31]
      660 |       0 |      50 |       33 |      9 |    60 |    +0.2% |  -49.169 |    -8366.5 |    716 | instr_addr_o[31]
      670 |       0 |      55 |       33 |      9 |    65 |    +0.2% |  -49.169 |    -8560.4 |    716 | instr_addr_o[31]
      680 |       0 |      59 |       36 |     10 |    68 |    +0.3% |  -50.739 |    -7371.0 |    716 | instr_addr_o[31]
      690 |       0 |      62 |       37 |     10 |    74 |    +0.3% |  -50.739 |    -7075.8 |    716 | instr_addr_o[31]
      690 |       0 |      42 |       30 |      9 |    50 |    +0.2% |  -48.821 |    -9460.9 |    716 | instr_addr_o[31]
      700 |       0 |      43 |       31 |      9 |    57 |    +0.2% |  -48.821 |    -9213.4 |    716 | instr_addr_o[31]
      710 |       0 |      48 |       33 |      9 |    61 |    +0.2% |  -49.169 |    -9038.4 |    716 | instr_addr_o[31]
      720 |       0 |      53 |       36 |      9 |    64 |    +0.3% |  -49.169 |    -8815.3 |    716 | instr_addr_o[31]
      730 |       0 |      58 |       42 |      9 |    66 |    +0.3% |  -49.169 |    -8631.6 |    716 | instr_addr_o[31]
      740 |       0 |      61 |       42 |      9 |    73 |    +0.3% |  -49.372 |    -8485.5 |    716 | instr_addr_o[31]
      750 |       0 |      65 |       45 |     10 |    75 |    +0.3% |  -49.372 |   -10481.5 |    716 | instr_addr_o[31]
      753 |       0 |      45 |       33 |      9 |    57 |    +0.2% |  -48.821 |    -9174.1 |    716 | instr_addr_o[31]
      760 |       0 |      49 |       34 |     10 |    57 |    +0.2% |  -49.169 |    -8715.7 |    716 | instr_addr_o[31]
      763 |       0 |      45 |       33 |      9 |    57 |    +0.2% |  -48.821 |    -9174.1 |    715 | instr_addr_o[31]
      770 |       0 |      50 |       34 |      9 |    57 |    +0.2% |  -49.372 |    -8670.6 |    715 | instr_addr_o[31]
      772 |       0 |      45 |       33 |      9 |    57 |    +0.2% |  -48.821 |    -9174.1 |    714 | instr_addr_o[31]
      780 |       0 |      50 |       36 |      9 |    57 |    +0.2% |  -49.372 |    -8626.7 |    714 | instr_addr_o[31]
      781 |       0 |      45 |       33 |      9 |    57 |    +0.2% |  -48.821 |    -9174.1 |    713 | instr_addr_o[31]
      790 |       0 |      50 |       35 |     10 |    57 |    +0.2% |  -48.821 |    -8839.2 |    713 | instr_addr_o[31]
      800 |       0 |      58 |       37 |     11 |    57 |    +0.3% |  -50.739 |    -7393.1 |    713 | instr_addr_o[31]
      810 |       0 |      66 |       39 |     11 |    58 |    +0.3% |  -50.739 |    -6915.2 |    713 | instr_addr_o[31]
      820 |       0 |      70 |       41 |     11 |    63 |    +0.3% |  -50.739 |    -6899.5 |    713 | instr_addr_o[31]
      830 |       0 |      77 |       42 |     11 |    65 |    +0.3% |  -50.739 |    -9974.8 |    713 | instr_addr_o[31]
      835 |       0 |      47 |       34 |      9 |    57 |    +0.2% |  -48.821 |    -9105.4 |    713 | instr_addr_o[31]
      840 |       0 |      50 |       34 |     10 |    57 |    +0.2% |  -48.821 |    -8547.6 |    713 | instr_addr_o[31]
      845 |       0 |      50 |       34 |     10 |    57 |    +0.2% |  -48.821 |    -8547.6 |    712 | instr_addr_o[31]
      850 |       0 |      53 |       36 |     10 |    57 |    +0.3% |  -49.169 |    -8136.1 |    712 | instr_addr_o[31]
      860 |       0 |      61 |       38 |     10 |    58 |    +0.3% |  -49.169 |    -8117.4 |    712 | instr_addr_o[31]
      870 |       0 |      68 |       40 |     11 |    58 |    +0.3% |  -49.694 |   -10332.3 |    712 | instr_addr_o[31]
      880 |       1 |      72 |       43 |     12 |    59 |    +0.3% |  -49.888 |    -7866.2 |    712 | instr_addr_o[31]
      890 |       1 |      77 |       47 |     12 |    61 |    +0.4% |  -49.888 |    -7286.9 |    712 | instr_addr_o[31]
      896 |       0 |      50 |       34 |     10 |    57 |    +0.2% |  -48.821 |    -8546.8 |    712 | instr_addr_o[31]
      900 |       0 |      51 |       36 |     11 |    57 |    +0.3% |  -49.932 |    -8012.0 |    712 | instr_addr_o[31]
      901 |       0 |      50 |       34 |     10 |    57 |    +0.2% |  -48.821 |    -8546.8 |    711 | instr_addr_o[31]
      910 |       0 |      55 |       37 |     11 |    57 |    +0.3% |  -49.372 |    -8018.9 |    711 | instr_addr_o[31]
      911 |       0 |      50 |       34 |     10 |    57 |    +0.2% |  -48.821 |    -8546.8 |    710 | instr_addr_o[31]
      918 |       0 |      50 |       34 |     10 |    57 |    +0.2% |  -48.821 |    -8546.8 |    709 | instr_addr_o[31]
      920 |       0 |      51 |       34 |     10 |    57 |    +0.2% |  -49.169 |    -8161.7 |    709 | instr_addr_o[31]
      928 |       0 |      50 |       34 |     10 |    57 |    +0.2% |  -48.821 |    -8546.8 |    708 | instr_addr_o[31]
      930 |       0 |      51 |       34 |     10 |    57 |    +0.2% |  -49.169 |    -8161.7 |    708 | instr_addr_o[31]
      938 |       0 |      50 |       34 |     10 |    57 |    +0.2% |  -48.821 |    -8546.8 |    707 | instr_addr_o[31]
      940 |       0 |      51 |       34 |     10 |    57 |    +0.2% |  -49.169 |    -8161.7 |    707 | instr_addr_o[31]
      948 |       0 |      50 |       34 |     10 |    57 |    +0.2% |  -48.821 |    -8546.8 |    706 | instr_addr_o[31]
      950 |       0 |      51 |       34 |     10 |    57 |    +0.2% |  -49.169 |    -8161.7 |    706 | instr_addr_o[31]
      960 |       0 |      52 |       39 |     11 |    60 |    +0.3% |  -52.419 |    -9374.0 |    706 | instr_addr_o[31]
      970 |       0 |      55 |       48 |     11 |    61 |    +0.3% |  -50.268 |    -8635.2 |    706 | instr_addr_o[31]
      980 |       0 |      58 |       52 |     12 |    63 |    +0.3% |  -48.655 |    -7724.7 |    706 | instr_addr_o[31]
      990 |       0 |      66 |       53 |     12 |    64 |    +0.3% |  -50.258 |    -7622.3 |    706 | instr_addr_o[31]
     1000 |       0 |      72 |       57 |     13 |    64 |    +0.4% |  -50.447 |    -8545.6 |    706 | instr_addr_o[31]
     1010 |       0 |      77 |       63 |     13 |    66 |    +0.4% |  -50.258 |    -7506.2 |    706 | instr_addr_o[31]
     1019 |       0 |      63 |       53 |     12 |    64 |    +0.3% |  -48.655 |    -7761.9 |    706 | instr_addr_o[31]
     1020 |       0 |      63 |       53 |     12 |    64 |    +0.3% |  -48.655 |    -7761.9 |    706 | instr_addr_o[31]
     1029 |       0 |      68 |       58 |     13 |    64 |    +0.4% |  -48.655 |    -6901.0 |    704 | instr_addr_o[31]
     1030 |       0 |      68 |       58 |     13 |    64 |    +0.4% |  -48.655 |    -6901.0 |    704 | instr_addr_o[31]
     1033 |       0 |      69 |       62 |     13 |    64 |    +0.4% |  -48.655 |    -6726.3 |    702 | instr_addr_o[31]
     1040 |       0 |      75 |       62 |     13 |    64 |    +0.4% |  -48.655 |    -5960.1 |    702 | instr_addr_o[31]
     1050 |       0 |      80 |       66 |     13 |    66 |    +0.4% |  -48.655 |    -6211.8 |    702 | instr_addr_o[31]
     1060 |       0 |      84 |       66 |     14 |    71 |    +0.4% |  -48.655 |    -6240.3 |    702 | instr_addr_o[31]
     1070 |       0 |      90 |       70 |     14 |    72 |    +0.5% |  -48.655 |    -5742.1 |    702 | instr_addr_o[31]
     1080 |       0 |      95 |       73 |     15 |    73 |    +0.5% |  -48.655 |    -8507.3 |    702 | instr_addr_o[31]
     1090 |       0 |     101 |       74 |     16 |    75 |    +0.5% |  -48.655 |    -6182.5 |    702 | instr_addr_o[31]
     1100 |       0 |     105 |       78 |     16 |    78 |    +0.5% |  -48.655 |    -6560.7 |    702 | instr_addr_o[31]
     1110 |       0 |     110 |       80 |     18 |    79 |    +0.6% |  -48.655 |    -6115.9 |    702 | instr_addr_o[31]
     1114 |       0 |     104 |       77 |     16 |    76 |    +0.5% |  -48.655 |    -6148.5 |    702 | instr_addr_o[31]
     1120 |       0 |     107 |       78 |     17 |    76 |    +0.6% |  -48.655 |    -6127.7 |    702 | instr_addr_o[31]
     1130 |       1 |     113 |       80 |     18 |    76 |    +0.6% |  -48.655 |    -5972.3 |    702 | instr_addr_o[31]
     1130 |       0 |     105 |       77 |     16 |    76 |    +0.5% |  -48.655 |    -6152.9 |    702 | instr_addr_o[31]
     1131 |       0 |     105 |       77 |     16 |    76 |    +0.5% |  -48.655 |    -6152.9 |    701 | instr_addr_o[31]
     1140 |       0 |     108 |       81 |     16 |    79 |    +0.6% |  -48.655 |    -6133.9 |    701 | instr_addr_o[31]
     1150 |       0 |     115 |       85 |     16 |    79 |    +0.6% |  -48.655 |    -6113.9 |    701 | instr_addr_o[31]
     1160 |       1 |     118 |       94 |     16 |    79 |    +0.6% |  -48.698 |    -6328.3 |    701 | instr_addr_o[31]
     1170 |       1 |     121 |       95 |     16 |    85 |    +0.6% |  -48.698 |    -6338.7 |    701 | instr_addr_o[31]
     1179 |       0 |     115 |       87 |     16 |    79 |    +0.6% |  -48.655 |    -6092.9 |    701 | instr_addr_o[31]
     1180 |       0 |     115 |       87 |     16 |    79 |    +0.6% |  -48.655 |    -6092.9 |    701 | instr_addr_o[31]
     1180 |       0 |     115 |       87 |     16 |    79 |    +0.6% |  -48.655 |    -6092.9 |    700 | instr_addr_o[31]
     1190 |       0 |     120 |       91 |     16 |    82 |    +0.6% |  -48.655 |    -6191.6 |    700 | instr_addr_o[31]
     1200 |       0 |     120 |       93 |     17 |    89 |    +0.6% |  -48.655 |    -7054.0 |    700 | instr_addr_o[31]
     1200 |       0 |     120 |       93 |     17 |    85 |    +0.6% |  -48.655 |    -6447.5 |    700 | instr_addr_o[31]
     1210 |       0 |     125 |       95 |     19 |    85 |    +0.7% |  -48.655 |    -5933.5 |    700 | instr_addr_o[31]
     1214 |       1 |     128 |       95 |     19 |    85 |    +0.7% |  -48.655 |    -5600.4 |    700 | instr_addr_o[31]
     1215 |       1 |     128 |       95 |     19 |    85 |    +0.7% |  -48.655 |    -5600.4 |    700 | instr_addr_o[31]
     1216 |       1 |     128 |       95 |     19 |    85 |    +0.7% |  -48.655 |    -5600.4 |    700 | instr_addr_o[31]
     1220 |       2 |     130 |       95 |     19 |    85 |    +0.7% |  -56.950 |    -9621.1 |    700 | instr_addr_o[31]
     1224 |       2 |     133 |       96 |     19 |    85 |    +0.7% |  -48.655 |    -5585.4 |    700 | instr_addr_o[31]
     1225 |       2 |     133 |       96 |     19 |    85 |    +0.7% |  -48.655 |    -5585.4 |    700 | instr_addr_o[31]
     1226 |       2 |     133 |       96 |     19 |    85 |    +0.7% |  -48.655 |    -5585.4 |    700 | instr_addr_o[31]
     1227 |       2 |     133 |       96 |     19 |    85 |    +0.7% |  -48.655 |    -5585.4 |    700 | instr_addr_o[31]
     1230 |       2 |     134 |       97 |     19 |    85 |    +0.7% |  -50.258 |    -5575.4 |    700 | instr_addr_o[31]
     1240 |       2 |     139 |      100 |     20 |    86 |    +0.7% |  -50.258 |    -5842.6 |    700 | instr_addr_o[31]
     1250 |       2 |     144 |      105 |     20 |    89 |    +0.7% |  -50.258 |    -5789.5 |    700 | instr_addr_o[31]
     1257 |       2 |     133 |       97 |     19 |    85 |    +0.7% |  -48.655 |    -5583.5 |    700 | instr_addr_o[31]
     1260 |       2 |     135 |       97 |     19 |    85 |    +0.7% |  -48.655 |    -5578.8 |    700 | instr_addr_o[31]
     1264 |       2 |     137 |       98 |     19 |    86 |    +0.7% |  -48.655 |    -5401.8 |    698 | instr_addr_o[31]
     1270 |       2 |     138 |      100 |     19 |    88 |    +0.7% |  -48.655 |    -5383.8 |    698 | instr_addr_o[31]
     1280 |       2 |     141 |      102 |     21 |    91 |    +0.7% |  -50.258 |    -5385.5 |    698 | instr_addr_o[31]
     1290 |       2 |     147 |      105 |     21 |    93 |    +0.7% |  -50.258 |    -5329.9 |    698 | instr_addr_o[31]
     1300 |       3 |     152 |      109 |     21 |    94 |    +0.8% |  -50.258 |    -5355.1 |    698 | instr_addr_o[31]
     1310 |       4 |     155 |      110 |     21 |    99 |    +0.8% |  -50.256 |    -5524.8 |    698 | instr_addr_o[31]
     1320 |       4 |     161 |      112 |     21 |   101 |    +0.8% |  -50.256 |    -5600.7 |    698 | instr_addr_o[31]
     1321 |       2 |     139 |      100 |     20 |    88 |    +0.7% |  -48.655 |    -5380.7 |    698 | instr_addr_o[31]
     1322 |       2 |     139 |      100 |     20 |    88 |    +0.7% |  -48.655 |    -5380.7 |    697 | instr_addr_o[31]
     1323 |       2 |     139 |      100 |     20 |    88 |    +0.7% |  -48.655 |    -5380.7 |    696 | instr_addr_o[31]
     1326 |       2 |     141 |      100 |     20 |    88 |    +0.7% |  -48.655 |    -4439.2 |    694 | instr_addr_o[31]
     1330 |       2 |     143 |      100 |     20 |    89 |    +0.7% |  -48.655 |    -4262.6 |    694 | instr_addr_o[31]
     1331 |       2 |     144 |      100 |     20 |    89 |    +0.7% |  -48.655 |    -4066.6 |    692 | instr_addr_o[31]
     1334 |       2 |     146 |      100 |     20 |    89 |    +0.7% |  -48.655 |    -4055.6 |    692 | instr_addr_o[31]
     1335 |       2 |     146 |      100 |     20 |    89 |    +0.7% |  -48.655 |    -4055.6 |    692 | instr_addr_o[31]
     1340 |       2 |     146 |      104 |     20 |    91 |    +0.7% |  -48.655 |    -3719.5 |    692 | instr_addr_o[31]
     1345 |       2 |     149 |      104 |     20 |    93 |    +0.7% |  -48.655 |    -3599.6 |    690 | instr_addr_o[31]
     1346 |       2 |     149 |      104 |     20 |    93 |    +0.7% |  -48.655 |    -3599.6 |    690 | instr_addr_o[31]
     1347 |       2 |     149 |      104 |     20 |    93 |    +0.7% |  -48.655 |    -3599.6 |    690 | instr_addr_o[31]
     1350 |       2 |     150 |      104 |     20 |    94 |    +0.7% |  -48.655 |    -3563.3 |    690 | instr_addr_o[31]
     1360 |       2 |     153 |      107 |     21 |    97 |    +0.8% |  -48.655 |    -3169.3 |    690 | instr_addr_o[31]
     1370 |       2 |     157 |      108 |     21 |   102 |    +0.8% |  -48.655 |    -3088.2 |    690 | instr_addr_o[31]
     1372 |       2 |     158 |      108 |     22 |   102 |    +0.8% |  -48.655 |    -3055.0 |    690 | instr_addr_o[31]
     1373 |       2 |     158 |      108 |     22 |   102 |    +0.8% |  -48.655 |    -3055.0 |    689 | instr_addr_o[31]
     1374 |       2 |     158 |      108 |     22 |   102 |    +0.8% |  -48.655 |    -3055.0 |    689 | instr_addr_o[31]
     1376 |       2 |     158 |      108 |     22 |   102 |    +0.8% |  -48.655 |    -3055.0 |    689 | instr_addr_o[31]
     1377 |       2 |     158 |      108 |     22 |   102 |    +0.8% |  -48.655 |    -3055.0 |    688 | instr_addr_o[31]
     1379 |       2 |     159 |      108 |     22 |   102 |    +0.8% |  -48.655 |    -3046.9 |    686 | instr_addr_o[31]
     1380 |       2 |     159 |      108 |     22 |   102 |    +0.8% |  -48.655 |    -3046.9 |    686 | instr_addr_o[31]
     1380 |       2 |     159 |      108 |     22 |   102 |    +0.8% |  -48.655 |    -3046.9 |    685 | instr_addr_o[31]
     1383 |       2 |     161 |      108 |     22 |   102 |    +0.8% |  -48.655 |    -3013.1 |    683 | instr_addr_o[31]
     1384 |       2 |     161 |      108 |     22 |   102 |    +0.8% |  -48.655 |    -3013.1 |    682 | instr_addr_o[31]
     1385 |       2 |     161 |      108 |     22 |   102 |    +0.8% |  -48.655 |    -3013.1 |    682 | instr_addr_o[31]
     1390 |       2 |     162 |      110 |     22 |   104 |    +0.8% |  -48.655 |    -2668.7 |    682 | instr_addr_o[31]
     1393 |       2 |     163 |      110 |     22 |   106 |    +0.8% |  -48.655 |    -2660.1 |    680 | instr_addr_o[31]
     1395 |       2 |     164 |      110 |     22 |   106 |    +0.8% |  -48.655 |    -2653.2 |    680 | instr_addr_o[31]
     1396 |       2 |     164 |      110 |     22 |   106 |    +0.8% |  -48.655 |    -2653.2 |    679 | instr_addr_o[31]
     1397 |       2 |     164 |      110 |     22 |   106 |    +0.8% |  -48.655 |    -2653.2 |    678 | instr_addr_o[31]
     1398 |       2 |     164 |      110 |     22 |   106 |    +0.8% |  -48.655 |    -2653.2 |    677 | instr_addr_o[31]
     1399 |       2 |     164 |      110 |     22 |   106 |    +0.8% |  -48.655 |    -2653.2 |    677 | instr_addr_o[31]
     1400 |       2 |     164 |      110 |     22 |   106 |    +0.8% |  -48.655 |    -2653.2 |    677 | instr_addr_o[31]
     1400 |       2 |     164 |      110 |     22 |   106 |    +0.8% |  -48.655 |    -2653.2 |    676 | instr_addr_o[31]
     1401 |       2 |     164 |      110 |     22 |   106 |    +0.8% |  -48.655 |    -2653.2 |    675 | instr_addr_o[31]
     1402 |       2 |     164 |      110 |     22 |   106 |    +0.8% |  -48.655 |    -2653.2 |    674 | instr_addr_o[31]
     1403 |       2 |     164 |      110 |     22 |   106 |    +0.8% |  -48.655 |    -2653.2 |    673 | instr_addr_o[31]
     1404 |       2 |     164 |      110 |     22 |   106 |    +0.8% |  -48.655 |    -2653.2 |    672 | instr_addr_o[31]
     1405 |       2 |     164 |      110 |     22 |   106 |    +0.8% |  -48.655 |    -2653.2 |    672 | instr_addr_o[31]
     1410 |       2 |     165 |      111 |     22 |   108 |    +0.8% |  -50.258 |    -2641.9 |    672 | instr_addr_o[31]
     1420 |       2 |     171 |      113 |     23 |   109 |    +0.8% |  -50.258 |    -2628.4 |    672 | instr_addr_o[31]
     1430 |       4 |     176 |      117 |     23 |   109 |    +0.8% |  -50.258 |    -2620.9 |    672 | instr_addr_o[31]
     1440 |       4 |     183 |      122 |     23 |   109 |    +0.9% |  -50.258 |    -2661.4 |    672 | instr_addr_o[31]
     1441 |       2 |     164 |      110 |     22 |   108 |    +0.8% |  -48.655 |    -2651.6 |    672 | instr_addr_o[31]
     1442 |       2 |     164 |      110 |     22 |   108 |    +0.8% |  -48.655 |    -2651.6 |    672 | instr_addr_o[31]
     1443 |       2 |     164 |      110 |     22 |   108 |    +0.8% |  -48.655 |    -2651.6 |    672 | instr_addr_o[31]
     1444 |       2 |     164 |      110 |     22 |   108 |    +0.8% |  -48.655 |    -2651.6 |    671 | instr_addr_o[31]
     1448 |       2 |     166 |      110 |     23 |   108 |    +0.8% |  -48.655 |    -2710.9 |    671 | instr_addr_o[31]
     1449 |       2 |     166 |      110 |     23 |   108 |    +0.8% |  -48.655 |    -2710.9 |    671 | instr_addr_o[31]
     1450 |       2 |     166 |      110 |     23 |   108 |    +0.8% |  -48.655 |    -2710.9 |    671 | instr_addr_o[31]
     1450 |       2 |     166 |      110 |     23 |   108 |    +0.8% |  -48.655 |    -2710.9 |    670 | instr_addr_o[31]
     1451 |       2 |     166 |      110 |     23 |   108 |    +0.8% |  -48.655 |    -2710.9 |    669 | instr_addr_o[31]
     1452 |       2 |     166 |      110 |     23 |   108 |    +0.8% |  -48.655 |    -2710.9 |    668 | instr_addr_o[31]
     1453 |       2 |     166 |      110 |     23 |   108 |    +0.8% |  -48.655 |    -2710.9 |    667 | instr_addr_o[31]
     1454 |       2 |     166 |      110 |     23 |   108 |    +0.8% |  -48.655 |    -2710.9 |    666 | instr_addr_o[31]
     1455 |       2 |     166 |      110 |     23 |   108 |    +0.8% |  -48.655 |    -2710.9 |    665 | instr_addr_o[31]
     1456 |       2 |     166 |      110 |     23 |   108 |    +0.8% |  -48.655 |    -2710.9 |    664 | instr_addr_o[31]
     1457 |       2 |     166 |      110 |     23 |   108 |    +0.8% |  -48.655 |    -2710.9 |    663 | instr_addr_o[31]
     1460 |       2 |     168 |      110 |     23 |   108 |    +0.8% |  -48.655 |    -2665.6 |    663 | instr_addr_o[31]
     1460 |       2 |     168 |      110 |     23 |   108 |    +0.8% |  -48.655 |    -2665.6 |    663 | instr_addr_o[31]
     1461 |       2 |     168 |      110 |     23 |   108 |    +0.8% |  -48.655 |    -2665.6 |    663 | instr_addr_o[31]
     1462 |       2 |     168 |      110 |     23 |   108 |    +0.8% |  -48.655 |    -2665.6 |    662 | instr_addr_o[31]
     1463 |       2 |     168 |      110 |     23 |   108 |    +0.8% |  -48.655 |    -2665.6 |    661 | instr_addr_o[31]
     1464 |       2 |     168 |      110 |     23 |   108 |    +0.8% |  -48.655 |    -2665.6 |    660 | instr_addr_o[31]
     1465 |       2 |     168 |      110 |     23 |   108 |    +0.8% |  -48.655 |    -2665.6 |    659 | instr_addr_o[31]
     1466 |       2 |     168 |      110 |     23 |   108 |    +0.8% |  -48.655 |    -2665.6 |    659 | instr_addr_o[31]
     1467 |       2 |     168 |      110 |     23 |   108 |    +0.8% |  -48.655 |    -2665.6 |    659 | instr_addr_o[31]
     1468 |       2 |     168 |      110 |     23 |   108 |    +0.8% |  -48.655 |    -2665.6 |    658 | instr_addr_o[31]
     1469 |       2 |     168 |      110 |     23 |   108 |    +0.8% |  -48.655 |    -2665.6 |    658 | instr_addr_o[31]
     1470 |       2 |     168 |      110 |     23 |   108 |    +0.8% |  -48.655 |    -2665.6 |    658 | instr_addr_o[31]
     1470 |       2 |     168 |      110 |     23 |   108 |    +0.8% |  -48.655 |    -2665.6 |    657 | instr_addr_o[31]
     1471 |       2 |     168 |      110 |     23 |   108 |    +0.8% |  -48.655 |    -2665.6 |    657 | instr_addr_o[31]
     1472 |       2 |     168 |      110 |     23 |   108 |    +0.8% |  -48.655 |    -2665.6 |    656 | instr_addr_o[31]
     1473 |       2 |     168 |      110 |     23 |   108 |    +0.8% |  -48.655 |    -2665.6 |    655 | instr_addr_o[31]
     1480 |       2 |     169 |      112 |     23 |   111 |    +0.8% |  -50.258 |    -2662.5 |    655 | instr_addr_o[31]
     1490 |       2 |     173 |      119 |     24 |   112 |    +0.8% |  -50.258 |    -2615.9 |    655 | instr_addr_o[31]
     1498 |       2 |     168 |      111 |     23 |   110 |    +0.8% |  -48.655 |    -2673.6 |    655 | instr_addr_o[31]
     1499 |       2 |     168 |      111 |     23 |   110 |    +0.8% |  -48.655 |    -2673.6 |    654 | instr_addr_o[31]
     1500 |       2 |     168 |      111 |     23 |   110 |    +0.8% |  -48.655 |    -2673.6 |    654 | instr_addr_o[31]
     1500 |       2 |     168 |      111 |     23 |   110 |    +0.8% |  -48.655 |    -2673.6 |    654 | instr_addr_o[31]
     1501 |       2 |     168 |      111 |     23 |   110 |    +0.8% |  -48.655 |    -2673.6 |    653 | instr_addr_o[31]
     1502 |       2 |     168 |      111 |     23 |   110 |    +0.8% |  -48.655 |    -2673.6 |    653 | instr_addr_o[31]
     1503 |       2 |     168 |      111 |     23 |   110 |    +0.8% |  -48.655 |    -2673.6 |    652 | instr_addr_o[31]
     1504 |       2 |     168 |      111 |     23 |   110 |    +0.8% |  -48.655 |    -2673.6 |    652 | instr_addr_o[31]
     1505 |       2 |     168 |      111 |     23 |   110 |    +0.8% |  -48.655 |    -2673.6 |    651 | instr_addr_o[31]
     1506 |       2 |     168 |      111 |     23 |   110 |    +0.8% |  -48.655 |    -2673.6 |    650 | instr_addr_o[31]
     1509 |       2 |     168 |      111 |     24 |   111 |    +0.8% |  -48.655 |    -2708.5 |    648 | instr_addr_o[31]
     1510 |       2 |     168 |      111 |     24 |   111 |    +0.8% |  -48.655 |    -2708.5 |    648 | instr_addr_o[31]
     1510 |       2 |     168 |      111 |     24 |   111 |    +0.8% |  -48.655 |    -2708.5 |    647 | instr_addr_o[31]
     1511 |       2 |     168 |      111 |     24 |   111 |    +0.8% |  -48.655 |    -2708.5 |    646 | instr_addr_o[31]
     1512 |       2 |     168 |      111 |     24 |   111 |    +0.8% |  -48.655 |    -2708.5 |    645 | instr_addr_o[31]
     1513 |       2 |     168 |      111 |     24 |   111 |    +0.8% |  -48.655 |    -2708.5 |    645 | instr_addr_o[31]
     1520 |       2 |     171 |      111 |     25 |   113 |    +0.8% |  -48.655 |    -2669.8 |    645 | instr_addr_o[31]
     1530 |       2 |     171 |      115 |     26 |   118 |    +0.8% |  -48.655 |    -2966.1 |    645 | instr_addr_o[31]
     1533 |       2 |     171 |      111 |     24 |   112 |    +0.8% |  -48.655 |    -2348.1 |    645 | instr_addr_o[31]
     1540 |       2 |     171 |      115 |     25 |   113 |    +0.8% |  -48.655 |    -2650.1 |    645 | instr_addr_o[31]
     1547 |       2 |     171 |      111 |     25 |   112 |    +0.8% |  -48.655 |    -2560.8 |    645 | instr_addr_o[31]
     1550 |       2 |     173 |      111 |     25 |   112 |    +0.8% |  -48.655 |    -2562.3 |    645 | instr_addr_o[31]
     1550 |       2 |     173 |      111 |     25 |   112 |    +0.8% |  -48.655 |    -2562.3 |    645 | instr_addr_o[31]
     1551 |       2 |     173 |      111 |     25 |   112 |    +0.8% |  -48.655 |    -2562.3 |    644 | instr_addr_o[31]
     1552 |       2 |     173 |      111 |     25 |   112 |    +0.8% |  -48.655 |    -2562.3 |    643 | instr_addr_o[31]
     1553 |       2 |     173 |      111 |     25 |   112 |    +0.8% |  -48.655 |    -2562.3 |    643 | instr_addr_o[31]
     1560 |       2 |     173 |      116 |     25 |   113 |    +0.8% |  -48.655 |    -2646.8 |    643 | instr_addr_o[31]
     1568 |       2 |     173 |      111 |     25 |   112 |    +0.8% |  -48.655 |    -2562.3 |    643 | instr_addr_o[31]
     1570 |       2 |     173 |      112 |     25 |   112 |    +0.8% |  -48.655 |    -2649.5 |    643 | instr_addr_o[31]
     1575 |       2 |     173 |      111 |     25 |   112 |    +0.8% |  -48.655 |    -2562.3 |    643 | instr_addr_o[31]
     1580 |       2 |     173 |      115 |     25 |   112 |    +0.8% |  -48.655 |    -2690.5 |    643 | instr_addr_o[31]
     1582 |       2 |     173 |      111 |     25 |   112 |    +0.8% |  -48.655 |    -2562.3 |    643 | instr_addr_o[31]
     1583 |       2 |     173 |      111 |     25 |   112 |    +0.8% |  -48.655 |    -2562.3 |    642 | instr_addr_o[31]
     1585 |       2 |     174 |      111 |     25 |   112 |    +0.8% |  -48.655 |    -2571.1 |    640 | instr_addr_o[31]
     1586 |       2 |     174 |      111 |     25 |   112 |    +0.8% |  -48.655 |    -2571.1 |    639 | instr_addr_o[31]
     1590 |       2 |     174 |      114 |     25 |   112 |    +0.8% |  -48.655 |    -2700.5 |    639 | instr_addr_o[31]
     1593 |       2 |     174 |      111 |     25 |   112 |    +0.8% |  -48.655 |    -2571.1 |    639 | instr_addr_o[31]
     1594 |       2 |     174 |      111 |     25 |   112 |    +0.8% |  -48.655 |    -2571.1 |    638 | instr_addr_o[31]
     1595 |       2 |     174 |      111 |     25 |   112 |    +0.8% |  -48.655 |    -2571.1 |    637 | instr_addr_o[31]
     1600 |       2 |     176 |      112 |     26 |   112 |    +0.8% |  -48.655 |    -2314.6 |    637 | instr_addr_o[31]
     1602 |       2 |     177 |      112 |     26 |   113 |    +0.8% |  -48.655 |    -2293.9 |    635 | instr_addr_o[31]
     1604 |       2 |     178 |      112 |     26 |   113 |    +0.8% |  -48.655 |    -2230.5 |    633 | instr_addr_o[31]
     1610 |       2 |     178 |      117 |     26 |   113 |    +0.8% |  -48.655 |    -2312.1 |    633 | instr_addr_o[31]
     1612 |       2 |     178 |      112 |     26 |   113 |    +0.8% |  -48.655 |    -2230.5 |    633 | instr_addr_o[31]
     1619 |       2 |     178 |      112 |     26 |   113 |    +0.8% |  -48.655 |    -2230.5 |    633 | instr_addr_o[31]
     1620 |       2 |     178 |      112 |     26 |   113 |    +0.8% |  -48.655 |    -2230.5 |    633 | instr_addr_o[31]
     1620 |       2 |     178 |      112 |     26 |   113 |    +0.8% |  -48.655 |    -2230.5 |    632 | instr_addr_o[31]
     1621 |       2 |     178 |      112 |     26 |   113 |    +0.8% |  -48.655 |    -2230.5 |    631 | instr_addr_o[31]
     1622 |       2 |     178 |      112 |     26 |   113 |    +0.8% |  -48.655 |    -2230.5 |    630 | instr_addr_o[31]
     1623 |       2 |     178 |      112 |     26 |   113 |    +0.8% |  -48.655 |    -2230.5 |    629 | instr_addr_o[31]
     1624 |       2 |     178 |      112 |     26 |   113 |    +0.8% |  -48.655 |    -2230.5 |    628 | instr_addr_o[31]
     1630 |       2 |     178 |      114 |     28 |   114 |    +0.8% |  -48.655 |    -2409.4 |    628 | instr_addr_o[31]
     1632 |       2 |     178 |      112 |     27 |   113 |    +0.8% |  -48.655 |    -2338.8 |    628 | instr_addr_o[31]
     1633 |       2 |     178 |      112 |     27 |   113 |    +0.8% |  -48.655 |    -2338.8 |    627 | instr_addr_o[31]
     1634 |       2 |     178 |      112 |     27 |   113 |    +0.8% |  -48.655 |    -2338.8 |    626 | instr_addr_o[31]
     1635 |       2 |     178 |      112 |     27 |   113 |    +0.8% |  -48.655 |    -2338.8 |    625 | instr_addr_o[31]
     1636 |       2 |     178 |      112 |     27 |   113 |    +0.8% |  -48.655 |    -2338.8 |    624 | instr_addr_o[31]
     1637 |       2 |     178 |      112 |     27 |   113 |    +0.8% |  -48.655 |    -2338.8 |    623 | instr_addr_o[31]
     1640 |       2 |     178 |      114 |     27 |   113 |    +0.8% |  -48.655 |    -2397.5 |    623 | instr_addr_o[31]
     1648 |       2 |     178 |      112 |     27 |   113 |    +0.8% |  -48.655 |    -2338.8 |    623 | instr_addr_o[31]
     1649 |       2 |     178 |      112 |     27 |   113 |    +0.8% |  -48.655 |    -2338.8 |    622 | instr_addr_o[31]
     1650 |       2 |     178 |      112 |     27 |   113 |    +0.8% |  -48.655 |    -2338.8 |    622 | instr_addr_o[31]
     1653 |       2 |     178 |      112 |     27 |   113 |    +0.8% |  -48.655 |    -2338.8 |    622 | instr_addr_o[31]
     1654 |       2 |     178 |      112 |     27 |   113 |    +0.8% |  -48.655 |    -2338.8 |    621 | instr_addr_o[31]
     1655 |       2 |     178 |      112 |     27 |   113 |    +0.8% |  -48.655 |    -2338.8 |    620 | instr_addr_o[31]
     1656 |       2 |     178 |      112 |     27 |   113 |    +0.8% |  -48.655 |    -2338.8 |    619 | instr_addr_o[31]
     1657 |       2 |     178 |      112 |     27 |   113 |    +0.8% |  -48.655 |    -2338.8 |    618 | instr_addr_o[31]
     1658 |       2 |     178 |      112 |     27 |   113 |    +0.8% |  -48.655 |    -2338.8 |    617 | instr_addr_o[31]
     1659 |       2 |     178 |      112 |     27 |   113 |    +0.8% |  -48.655 |    -2338.8 |    616 | instr_addr_o[31]
     1660 |       2 |     178 |      112 |     27 |   113 |    +0.8% |  -48.655 |    -2338.8 |    616 | instr_addr_o[31]
     1670 |       2 |     181 |      118 |     28 |   113 |    +0.9% |  -48.655 |    -2327.1 |    616 | instr_addr_o[31]
     1670 |       2 |     178 |      112 |     27 |   113 |    +0.8% |  -48.655 |    -2338.8 |    616 | instr_addr_o[31]
     1676 |       2 |     179 |      112 |     28 |   113 |    +0.8% |  -48.655 |    -2456.7 |    616 | instr_addr_o[31]
     1680 |       2 |     179 |      115 |     28 |   113 |    +0.8% |  -48.655 |    -2565.0 |    616 | instr_addr_o[31]
     1690 |       2 |     181 |      119 |     28 |   117 |    +0.9% |  -48.655 |    -2980.6 |    616 | instr_addr_o[31]
     1696 |       2 |     182 |      121 |     29 |   119 |    +0.9% |  -48.655 |    -3015.5 |    616 | instr_addr_o[31]
     1698 |       2 |     183 |      121 |     29 |   119 |    +0.9% |  -48.655 |    -2978.3 |    614 | instr_addr_o[31]
     1700 |       2 |     183 |      122 |     29 |   119 |    +0.9% |  -48.655 |    -2993.3 |    614 | instr_addr_o[31]
     1700 |       2 |     183 |      122 |     29 |   119 |    +0.9% |  -48.655 |    -2993.3 |    614 | instr_addr_o[31]
     1704 |       2 |     184 |      123 |     29 |   120 |    +0.9% |  -48.655 |    -2917.9 |    612 | instr_addr_o[31]
     1705 |       2 |     184 |      123 |     29 |   120 |    +0.9% |  -48.655 |    -2917.9 |    611 | instr_addr_o[31]
     1706 |       2 |     184 |      123 |     29 |   120 |    +0.9% |  -48.655 |    -2917.9 |    610 | instr_addr_o[31]
     1707 |       2 |     184 |      123 |     29 |   120 |    +0.9% |  -48.655 |    -2917.9 |    609 | instr_addr_o[31]
     1708 |       2 |     184 |      123 |     29 |   120 |    +0.9% |  -48.655 |    -2917.9 |    608 | instr_addr_o[31]
     1710 |       2 |     184 |      123 |     29 |   121 |    +0.9% |  -48.655 |    -2980.5 |    608 | instr_addr_o[31]
     1712 |       2 |     185 |      123 |     29 |   122 |    +0.9% |  -48.655 |    -2911.4 |    608 | instr_addr_o[31]
     1713 |       2 |     185 |      123 |     29 |   122 |    +0.9% |  -48.655 |    -2911.4 |    607 | instr_addr_o[31]
     1714 |       2 |     185 |      123 |     29 |   122 |    +0.9% |  -48.655 |    -2911.4 |    606 | instr_addr_o[31]
     1715 |       2 |     185 |      123 |     29 |   122 |    +0.9% |  -48.655 |    -2911.4 |    605 | instr_addr_o[31]
     1716 |       2 |     185 |      123 |     29 |   122 |    +0.9% |  -48.655 |    -2911.4 |    604 | instr_addr_o[31]
     1717 |       2 |     185 |      123 |     29 |   122 |    +0.9% |  -48.655 |    -2911.4 |    603 | instr_addr_o[31]
     1719 |       2 |     186 |      123 |     29 |   122 |    +0.9% |  -48.655 |    -2910.5 |    601 | instr_addr_o[31]
     1720 |       2 |     186 |      123 |     29 |   122 |    +0.9% |  -48.655 |    -2910.5 |    601 | instr_addr_o[31]
     1720 |       2 |     186 |      123 |     29 |   122 |    +0.9% |  -48.655 |    -2910.5 |    600 | instr_addr_o[31]
     1721 |       2 |     186 |      123 |     29 |   122 |    +0.9% |  -48.655 |    -2910.5 |    599 | instr_addr_o[31]
     1722 |       2 |     186 |      123 |     29 |   122 |    +0.9% |  -48.655 |    -2910.5 |    598 | instr_addr_o[31]
     1723 |       2 |     186 |      123 |     29 |   122 |    +0.9% |  -48.655 |    -2910.5 |    597 | instr_addr_o[31]
     1724 |       2 |     186 |      123 |     29 |   122 |    +0.9% |  -48.655 |    -2910.5 |    596 | instr_addr_o[31]
     1727 |       2 |     188 |      123 |     29 |   122 |    +0.9% |  -48.655 |    -2836.4 |    594 | instr_addr_o[31]
     1728 |       2 |     188 |      123 |     29 |   122 |    +0.9% |  -48.655 |    -2836.4 |    593 | instr_addr_o[31]
     1729 |       2 |     188 |      123 |     29 |   122 |    +0.9% |  -48.655 |    -2836.4 |    592 | instr_addr_o[31]
     1730 |       2 |     188 |      123 |     29 |   122 |    +0.9% |  -48.655 |    -2836.4 |    592 | instr_addr_o[31]
     1740 |       2 |     191 |      130 |     29 |   124 |    +0.9% |  -49.337 |    -2866.4 |    592 | instr_addr_o[31]
     1750 |       2 |     197 |      130 |     29 |   128 |    +0.9% |  -50.292 |    -2933.9 |    592 | instr_addr_o[31]
     1760 |       2 |     201 |      135 |     30 |   130 |    +1.0% |  -47.437 |    -3177.5 |    592 | instr_addr_o[31]
     1770 |       3 |     207 |      137 |     30 |   131 |    +1.0% |  -47.641 |    -3309.3 |    592 | instr_addr_o[31]
     1780 |       3 |     212 |      139 |     30 |   134 |    +1.0% |  -47.641 |    -3314.3 |    592 | instr_addr_o[31]
     1790 |       3 |     217 |      139 |     31 |   138 |    +1.0% |  -47.641 |    -3312.2 |    592 | instr_addr_o[31]
     1796 |       2 |     202 |      135 |     30 |   131 |    +1.0% |  -47.437 |    -3176.5 |    592 | instr_addr_o[31]
     1797 |       2 |     202 |      135 |     30 |   131 |    +1.0% |  -47.437 |    -3176.5 |    591 | instr_addr_o[31]
     1798 |       2 |     202 |      135 |     30 |   131 |    +1.0% |  -47.437 |    -3176.5 |    590 | instr_addr_o[31]
     1799 |       2 |     202 |      135 |     30 |   131 |    +1.0% |  -47.437 |    -3176.5 |    589 | instr_addr_o[31]
     1800 |       2 |     202 |      135 |     30 |   131 |    +1.0% |  -47.437 |    -3176.5 |    589 | instr_addr_o[31]
     1800 |       2 |     202 |      135 |     30 |   131 |    +1.0% |  -47.437 |    -3176.5 |    589 | instr_addr_o[31]
    1800* |       2 |     202 |      135 |     30 |   131 |    +1.0% |  -47.437 |    -3176.5 |    387 | instr_addr_o[31]
    1801* |       2 |     202 |      135 |     30 |   131 |    +1.0% |  -47.437 |    -3176.5 |    387 | instr_addr_o[31]
    1802* |       2 |     202 |      135 |     30 |   131 |    +1.0% |  -47.437 |    -3176.5 |    387 | instr_addr_o[31]
    1805* |       2 |     204 |      135 |     30 |   131 |    +1.0% |  -47.437 |    -3168.1 |    387 | instr_addr_o[31]
    1810* |       2 |     207 |      135 |     30 |   132 |    +1.0% |  -47.437 |    -2824.5 |    387 | instr_addr_o[31]
    1810* |       2 |     207 |      135 |     30 |   132 |    +1.0% |  -47.437 |    -2824.4 |    387 | instr_addr_o[31]
    1811* |       2 |     207 |      135 |     30 |   132 |    +1.0% |  -47.437 |    -2824.4 |    387 | instr_addr_o[31]
    1812* |       2 |     207 |      135 |     30 |   132 |    +1.0% |  -47.437 |    -2824.4 |    387 | instr_addr_o[31]
    1814* |       2 |     208 |      135 |     30 |   132 |    +1.0% |  -47.437 |    -2813.8 |    387 | instr_addr_o[31]
    1815* |       2 |     208 |      135 |     30 |   132 |    +1.0% |  -47.437 |    -2813.8 |    387 | instr_addr_o[31]
    1818* |       2 |     210 |      135 |     30 |   132 |    +1.0% |  -47.437 |    -2811.8 |    387 | instr_addr_o[31]
    1820* |       2 |     211 |      135 |     30 |   132 |    +1.0% |  -47.437 |    -2809.0 |    387 | instr_addr_o[31]
    1825* |       2 |     215 |      135 |     30 |   133 |    +1.0% |  -47.437 |    -2795.1 |    387 | instr_addr_o[31]
    1830* |       2 |     218 |      135 |     30 |   134 |    +1.0% |  -47.437 |    -2728.1 |    387 | instr_addr_o[31]
    1830* |       2 |     218 |      135 |     30 |   134 |    +1.0% |  -47.437 |    -2728.1 |    387 | instr_addr_o[31]
    1831* |       2 |     218 |      135 |     30 |   134 |    +1.0% |  -47.437 |    -2728.1 |    387 | instr_addr_o[31]
    1832* |       2 |     218 |      135 |     30 |   134 |    +1.0% |  -47.437 |    -2728.1 |    387 | instr_addr_o[31]
    1833* |       2 |     218 |      135 |     30 |   134 |    +1.0% |  -47.437 |    -2728.1 |    387 | instr_addr_o[31]
    1834* |       2 |     218 |      135 |     30 |   134 |    +1.0% |  -47.437 |    -2728.1 |    387 | instr_addr_o[31]
    1835* |       2 |     218 |      135 |     30 |   134 |    +1.0% |  -47.437 |    -2728.1 |    387 | instr_addr_o[31]
    1836* |       2 |     218 |      135 |     30 |   134 |    +1.0% |  -47.437 |    -2728.1 |    387 | instr_addr_o[31]
    1837* |       2 |     218 |      135 |     30 |   134 |    +1.0% |  -47.437 |    -2728.1 |    387 | instr_addr_o[31]
    1838* |       2 |     218 |      135 |     30 |   134 |    +1.0% |  -47.437 |    -2728.1 |    387 | instr_addr_o[31]
    1840* |       2 |     219 |      135 |     30 |   134 |    +1.0% |  -47.437 |    -2693.3 |    387 | instr_addr_o[31]
    1841* |       2 |     220 |      135 |     30 |   134 |    +1.0% |  -47.437 |    -2691.5 |    387 | instr_addr_o[31]
    1842* |       2 |     220 |      135 |     30 |   134 |    +1.0% |  -47.437 |    -2691.5 |    387 | instr_addr_o[31]
    1843* |       2 |     220 |      135 |     30 |   134 |    +1.0% |  -47.437 |    -2691.5 |    387 | instr_addr_o[31]
    1844* |       2 |     220 |      135 |     30 |   134 |    +1.0% |  -47.437 |    -2691.5 |    387 | instr_addr_o[31]
    1845* |       2 |     220 |      135 |     30 |   134 |    +1.0% |  -47.437 |    -2691.5 |    387 | instr_addr_o[31]
    1850* |       2 |     224 |      135 |     30 |   134 |    +1.0% |  -47.437 |    -2496.8 |    387 | instr_addr_o[31]
    1850* |       2 |     224 |      135 |     30 |   134 |    +1.0% |  -47.437 |    -2496.8 |    387 | instr_addr_o[31]
    1851* |       2 |     224 |      135 |     30 |   134 |    +1.0% |  -47.437 |    -2496.8 |    387 | instr_addr_o[31]
    1852* |       2 |     224 |      135 |     30 |   134 |    +1.0% |  -47.437 |    -2496.8 |    387 | instr_addr_o[31]
    1853* |       2 |     224 |      135 |     30 |   134 |    +1.0% |  -47.437 |    -2496.8 |    387 | instr_addr_o[31]
    1854* |       2 |     224 |      135 |     30 |   134 |    +1.0% |  -47.437 |    -2496.8 |    387 | instr_addr_o[31]
    1855* |       2 |     224 |      135 |     30 |   134 |    +1.0% |  -47.437 |    -2496.8 |    387 | instr_addr_o[31]
    1856* |       2 |     224 |      135 |     30 |   134 |    +1.0% |  -47.437 |    -2496.8 |    387 | instr_addr_o[31]
    1857* |       2 |     224 |      135 |     30 |   134 |    +1.0% |  -47.437 |    -2496.8 |    387 | instr_addr_o[31]
    1858* |       2 |     224 |      135 |     30 |   134 |    +1.0% |  -47.437 |    -2496.8 |    387 | instr_addr_o[31]
    1859* |       2 |     224 |      135 |     30 |   134 |    +1.0% |  -47.437 |    -2496.8 |    387 | instr_addr_o[31]
    1860* |       2 |     224 |      135 |     30 |   134 |    +1.0% |  -47.437 |    -2496.8 |    387 | instr_addr_o[31]
    1860* |       2 |     224 |      135 |     30 |   134 |    +1.0% |  -47.437 |    -2496.8 |    387 | instr_addr_o[31]
    1864* |       2 |     227 |      135 |     30 |   134 |    +1.0% |  -47.437 |    -2309.9 |    385 | instr_addr_o[31]
    1865* |       2 |     227 |      135 |     30 |   134 |    +1.0% |  -47.437 |    -2309.9 |    385 | instr_addr_o[31]
    1868* |       2 |     229 |      135 |     30 |   134 |    +1.0% |  -47.437 |    -2171.0 |    383 | instr_addr_o[31]
    1870* |       2 |     230 |      135 |     30 |   134 |    +1.0% |  -47.437 |    -2061.3 |    383 | instr_addr_o[31]
    1871* |       2 |     231 |      135 |     30 |   134 |    +1.0% |  -47.437 |    -2045.6 |    381 | instr_addr_o[31]
    1872* |       2 |     231 |      135 |     30 |   134 |    +1.0% |  -47.437 |    -2045.6 |    380 | instr_addr_o[31]
    1873* |       2 |     231 |      135 |     30 |   134 |    +1.0% |  -47.437 |    -2045.6 |    380 | instr_addr_o[31]
    1874* |       2 |     231 |      135 |     30 |   134 |    +1.0% |  -47.437 |    -2045.6 |    379 | instr_addr_o[31]
    1875* |       2 |     231 |      135 |     30 |   134 |    +1.0% |  -47.437 |    -2045.6 |    378 | instr_addr_o[31]
    1876* |       2 |     231 |      135 |     30 |   134 |    +1.0% |  -47.437 |    -2045.6 |    377 | instr_addr_o[31]
    1877* |       2 |     231 |      135 |     30 |   134 |    +1.0% |  -47.437 |    -2045.6 |    377 | instr_addr_o[31]
    1878* |       2 |     231 |      135 |     30 |   134 |    +1.0% |  -47.437 |    -2045.6 |    377 | instr_addr_o[31]
    1879* |       2 |     231 |      135 |     30 |   134 |    +1.0% |  -47.437 |    -2045.6 |    377 | instr_addr_o[31]
    1880* |       2 |     231 |      135 |     30 |   134 |    +1.0% |  -47.437 |    -2045.6 |    377 | instr_addr_o[31]
    1880* |       2 |     231 |      135 |     30 |   134 |    +1.0% |  -47.437 |    -2045.6 |    376 | instr_addr_o[31]
    1881* |       2 |     231 |      135 |     30 |   134 |    +1.0% |  -47.437 |    -2045.6 |    375 | instr_addr_o[31]
    1882* |       2 |     231 |      135 |     30 |   134 |    +1.0% |  -47.437 |    -2045.6 |    374 | instr_addr_o[31]
    1883* |       2 |     231 |      135 |     30 |   134 |    +1.0% |  -47.437 |    -2045.6 |    374 | instr_addr_o[31]
    1884* |       2 |     231 |      135 |     30 |   134 |    +1.0% |  -47.437 |    -2045.6 |    373 | instr_addr_o[31]
    1885* |       2 |     231 |      135 |     30 |   134 |    +1.0% |  -47.437 |    -2045.6 |    372 | instr_addr_o[31]
    1886* |       2 |     231 |      135 |     30 |   134 |    +1.0% |  -47.437 |    -2045.6 |    372 | instr_addr_o[31]
    1887* |       2 |     231 |      135 |     30 |   134 |    +1.0% |  -47.437 |    -2045.6 |    371 | instr_addr_o[31]
    1888* |       2 |     231 |      135 |     30 |   134 |    +1.0% |  -47.437 |    -2045.6 |    371 | instr_addr_o[31]
    1889* |       2 |     231 |      135 |     30 |   134 |    +1.0% |  -47.437 |    -2045.6 |    370 | instr_addr_o[31]
    1890* |       2 |     231 |      135 |     30 |   134 |    +1.0% |  -47.437 |    -2045.6 |    370 | instr_addr_o[31]
    1890* |       2 |     231 |      135 |     30 |   134 |    +1.0% |  -47.437 |    -2045.6 |    369 | instr_addr_o[31]
    1891* |       2 |     231 |      135 |     30 |   134 |    +1.0% |  -47.437 |    -2045.6 |    368 | instr_addr_o[31]
    1892* |       2 |     231 |      135 |     30 |   134 |    +1.0% |  -47.437 |    -2045.6 |    368 | instr_addr_o[31]
    1893* |       2 |     231 |      135 |     30 |   134 |    +1.0% |  -47.437 |    -2045.6 |    368 | instr_addr_o[31]
    1894* |       2 |     231 |      135 |     30 |   134 |    +1.0% |  -47.437 |    -2045.6 |    368 | instr_addr_o[31]
    1895* |       2 |     231 |      135 |     30 |   134 |    +1.0% |  -47.437 |    -2045.6 |    368 | instr_addr_o[31]
    1896* |       2 |     231 |      135 |     30 |   134 |    +1.0% |  -47.437 |    -2045.6 |    367 | instr_addr_o[31]
    1897* |       2 |     231 |      135 |     30 |   134 |    +1.0% |  -47.437 |    -2045.6 |    366 | instr_addr_o[31]
    1898* |       2 |     231 |      135 |     30 |   134 |    +1.0% |  -47.437 |    -2045.6 |    366 | instr_addr_o[31]
    1899* |       2 |     231 |      135 |     30 |   134 |    +1.0% |  -47.437 |    -2045.6 |    366 | instr_addr_o[31]
    1900* |       2 |     231 |      135 |     30 |   134 |    +1.0% |  -47.437 |    -2045.6 |    366 | instr_addr_o[31]
    1906* |       2 |     232 |      135 |     30 |   138 |    +1.0% |  -47.437 |    -1783.9 |    366 | instr_addr_o[31]
    1907* |       2 |     232 |      135 |     30 |   138 |    +1.0% |  -47.437 |    -1783.9 |    366 | instr_addr_o[31]
    1909* |       2 |     233 |      135 |     30 |   138 |    +1.0% |  -47.437 |    -1619.3 |    366 | instr_addr_o[31]
    1910* |       2 |     233 |      135 |     30 |   138 |    +1.0% |  -47.437 |    -1619.3 |    366 | instr_addr_o[31]
    1910* |       2 |     233 |      135 |     30 |   138 |    +1.0% |  -47.437 |    -1619.3 |    365 | instr_addr_o[31]
    1911* |       2 |     233 |      135 |     30 |   138 |    +1.0% |  -47.437 |    -1619.3 |    364 | instr_addr_o[31]
    1912* |       2 |     233 |      135 |     30 |   138 |    +1.0% |  -47.437 |    -1619.3 |    364 | instr_addr_o[31]
    1913* |       2 |     233 |      135 |     30 |   138 |    +1.0% |  -47.437 |    -1619.3 |    364 | instr_addr_o[31]
    1914* |       2 |     233 |      135 |     30 |   138 |    +1.0% |  -47.437 |    -1619.3 |    364 | instr_addr_o[31]
    1915* |       2 |     233 |      135 |     30 |   138 |    +1.0% |  -47.437 |    -1619.3 |    364 | instr_addr_o[31]
    1916* |       2 |     233 |      135 |     30 |   138 |    +1.0% |  -47.437 |    -1619.3 |    364 | instr_addr_o[31]
    1917* |       2 |     233 |      135 |     30 |   138 |    +1.0% |  -47.437 |    -1619.3 |    364 | instr_addr_o[31]
    1920* |       2 |     235 |      135 |     30 |   138 |    +1.0% |  -47.437 |    -1535.6 |    364 | instr_addr_o[31]
    1921* |       2 |     236 |      135 |     30 |   138 |    +1.0% |  -47.437 |    -1532.9 |    362 | instr_addr_o[31]
    1922* |       2 |     236 |      135 |     30 |   138 |    +1.0% |  -47.437 |    -1532.9 |    361 | instr_addr_o[31]
    1923* |       2 |     236 |      135 |     30 |   138 |    +1.0% |  -47.437 |    -1532.9 |    361 | instr_addr_o[31]
    1924* |       2 |     236 |      135 |     30 |   138 |    +1.0% |  -47.437 |    -1532.9 |    360 | instr_addr_o[31]
    1925* |       2 |     236 |      135 |     30 |   138 |    +1.0% |  -47.437 |    -1532.9 |    360 | instr_addr_o[31]
    1926* |       2 |     236 |      135 |     30 |   138 |    +1.0% |  -47.437 |    -1532.9 |    360 | instr_addr_o[31]
    1927* |       2 |     236 |      135 |     30 |   138 |    +1.0% |  -47.437 |    -1532.9 |    359 | instr_addr_o[31]
    1928* |       2 |     236 |      135 |     30 |   138 |    +1.0% |  -47.437 |    -1532.9 |    359 | instr_addr_o[31]
    1929* |       2 |     236 |      135 |     30 |   138 |    +1.0% |  -47.437 |    -1532.9 |    359 | instr_addr_o[31]
    1930* |       2 |     236 |      135 |     30 |   138 |    +1.0% |  -47.437 |    -1532.9 |    359 | instr_addr_o[31]
    1930* |       2 |     236 |      135 |     30 |   138 |    +1.0% |  -47.437 |    -1532.9 |    358 | instr_addr_o[31]
    1931* |       2 |     236 |      135 |     30 |   138 |    +1.0% |  -47.437 |    -1532.9 |    357 | instr_addr_o[31]
    1932* |       2 |     236 |      135 |     30 |   138 |    +1.0% |  -47.437 |    -1532.9 |    356 | instr_addr_o[31]
    1933* |       2 |     236 |      135 |     30 |   138 |    +1.0% |  -47.437 |    -1532.9 |    355 | instr_addr_o[31]
    1934* |       2 |     236 |      135 |     30 |   138 |    +1.0% |  -47.437 |    -1532.9 |    355 | instr_addr_o[31]
    1935* |       2 |     236 |      135 |     30 |   138 |    +1.0% |  -47.437 |    -1532.9 |    355 | instr_addr_o[31]
    1936* |       2 |     236 |      135 |     30 |   138 |    +1.0% |  -47.437 |    -1532.9 |    355 | instr_addr_o[31]
    1937* |       2 |     236 |      135 |     30 |   138 |    +1.0% |  -47.437 |    -1532.9 |    355 | instr_addr_o[31]
    1938* |       2 |     236 |      135 |     30 |   138 |    +1.0% |  -47.437 |    -1532.9 |    354 | instr_addr_o[31]
    1939* |       2 |     236 |      135 |     30 |   138 |    +1.0% |  -47.437 |    -1532.9 |    354 | instr_addr_o[31]
    1940* |       2 |     236 |      135 |     30 |   138 |    +1.0% |  -47.437 |    -1532.9 |    354 | instr_addr_o[31]
    1941* |       2 |     237 |      135 |     30 |   138 |    +1.0% |  -47.437 |    -1490.0 |    354 | instr_addr_o[31]
    1942* |       2 |     237 |      135 |     30 |   138 |    +1.0% |  -47.437 |    -1490.0 |    354 | instr_addr_o[31]
    1943* |       2 |     237 |      135 |     30 |   138 |    +1.0% |  -47.437 |    -1490.0 |    354 | instr_addr_o[31]
    1944* |       2 |     237 |      135 |     30 |   138 |    +1.0% |  -47.437 |    -1490.0 |    354 | instr_addr_o[31]
    1945* |       2 |     237 |      135 |     30 |   138 |    +1.0% |  -47.437 |    -1490.0 |    354 | instr_addr_o[31]
    1946* |       2 |     237 |      135 |     30 |   138 |    +1.0% |  -47.437 |    -1490.0 |    354 | instr_addr_o[31]
    1947* |       2 |     237 |      135 |     30 |   138 |    +1.0% |  -47.437 |    -1490.0 |    354 | instr_addr_o[31]
    1948* |       2 |     237 |      135 |     30 |   138 |    +1.0% |  -47.437 |    -1490.0 |    353 | instr_addr_o[31]
    1949* |       2 |     237 |      135 |     30 |   138 |    +1.0% |  -47.437 |    -1490.0 |    353 | instr_addr_o[31]
    1950* |       2 |     237 |      135 |     30 |   138 |    +1.0% |  -47.437 |    -1490.0 |    353 | instr_addr_o[31]
    1950* |       2 |     237 |      135 |     30 |   138 |    +1.0% |  -47.437 |    -1490.0 |    353 | instr_addr_o[31]
    1951* |       2 |     237 |      135 |     30 |   138 |    +1.0% |  -47.437 |    -1490.0 |    352 | instr_addr_o[31]
    1958* |       2 |     242 |      135 |     30 |   139 |    +1.0% |  -47.437 |    -1478.5 |    350 | instr_addr_o[31]
    1959* |       2 |     242 |      135 |     30 |   139 |    +1.0% |  -47.437 |    -1478.5 |    349 | instr_addr_o[31]
    1960* |       2 |     242 |      135 |     30 |   139 |    +1.0% |  -47.437 |    -1478.5 |    349 | instr_addr_o[31]
    1960* |       2 |     242 |      135 |     30 |   139 |    +1.0% |  -47.437 |    -1478.5 |    349 | instr_addr_o[31]
    1961* |       2 |     242 |      135 |     30 |   139 |    +1.0% |  -47.437 |    -1478.5 |    349 | instr_addr_o[31]
    1962* |       2 |     242 |      135 |     30 |   139 |    +1.0% |  -47.437 |    -1478.5 |    349 | instr_addr_o[31]
    1963* |       2 |     242 |      135 |     30 |   139 |    +1.0% |  -47.437 |    -1478.5 |    348 | instr_addr_o[31]
    1964* |       2 |     242 |      135 |     30 |   139 |    +1.0% |  -47.437 |    -1478.5 |    348 | instr_addr_o[31]
    1965* |       2 |     242 |      135 |     30 |   139 |    +1.0% |  -47.437 |    -1478.5 |    347 | instr_addr_o[31]
    1966* |       2 |     242 |      135 |     30 |   139 |    +1.0% |  -47.437 |    -1478.5 |    347 | instr_addr_o[31]
    1967* |       2 |     242 |      135 |     30 |   139 |    +1.0% |  -47.437 |    -1478.5 |    346 | instr_addr_o[31]
    1968* |       2 |     242 |      135 |     30 |   139 |    +1.0% |  -47.437 |    -1478.5 |    345 | instr_addr_o[31]
    1969* |       2 |     242 |      135 |     30 |   139 |    +1.0% |  -47.437 |    -1478.5 |    345 | instr_addr_o[31]
    1970* |       2 |     242 |      135 |     30 |   139 |    +1.0% |  -47.437 |    -1478.5 |    345 | instr_addr_o[31]
    1970* |       2 |     242 |      135 |     30 |   139 |    +1.0% |  -47.437 |    -1478.5 |    345 | instr_addr_o[31]
    1971* |       2 |     242 |      135 |     30 |   139 |    +1.0% |  -47.437 |    -1478.5 |    345 | instr_addr_o[31]
    1972* |       2 |     242 |      135 |     30 |   139 |    +1.0% |  -47.437 |    -1478.5 |    344 | instr_addr_o[31]
    1973* |       2 |     242 |      135 |     30 |   139 |    +1.0% |  -47.437 |    -1478.5 |    344 | instr_addr_o[31]
    1974* |       2 |     242 |      135 |     30 |   139 |    +1.0% |  -47.437 |    -1478.5 |    344 | instr_addr_o[31]
    1975* |       2 |     242 |      135 |     30 |   139 |    +1.0% |  -47.437 |    -1478.5 |    344 | instr_addr_o[31]
    1976* |       2 |     242 |      135 |     30 |   139 |    +1.0% |  -47.437 |    -1478.5 |    343 | instr_addr_o[31]
    1977* |       2 |     242 |      135 |     30 |   139 |    +1.0% |  -47.437 |    -1478.5 |    343 | instr_addr_o[31]
    1978* |       2 |     242 |      135 |     30 |   139 |    +1.0% |  -47.437 |    -1478.5 |    343 | instr_addr_o[31]
    1979* |       2 |     242 |      135 |     30 |   139 |    +1.0% |  -47.437 |    -1478.5 |    343 | instr_addr_o[31]
    1980* |       2 |     242 |      135 |     30 |   139 |    +1.0% |  -47.437 |    -1478.5 |    343 | instr_addr_o[31]
    1980* |       2 |     242 |      135 |     30 |   139 |    +1.0% |  -47.437 |    -1478.5 |    342 | instr_addr_o[31]
    1981* |       2 |     242 |      135 |     30 |   139 |    +1.0% |  -47.437 |    -1478.5 |    342 | instr_addr_o[31]
    1982* |       2 |     242 |      135 |     30 |   139 |    +1.0% |  -47.437 |    -1478.5 |    341 | instr_addr_o[31]
    1983* |       2 |     242 |      135 |     30 |   139 |    +1.0% |  -47.437 |    -1478.5 |    340 | instr_addr_o[31]
    1984* |       2 |     242 |      135 |     30 |   139 |    +1.0% |  -47.437 |    -1478.5 |    339 | instr_addr_o[31]
    1985* |       2 |     242 |      135 |     30 |   139 |    +1.0% |  -47.437 |    -1478.5 |    338 | instr_addr_o[31]
    1986* |       2 |     242 |      135 |     30 |   139 |    +1.0% |  -47.437 |    -1478.5 |    337 | instr_addr_o[31]
    1987* |       2 |     242 |      135 |     30 |   139 |    +1.0% |  -47.437 |    -1478.5 |    336 | instr_addr_o[31]
    1988* |       2 |     242 |      135 |     30 |   139 |    +1.0% |  -47.437 |    -1478.5 |    336 | instr_addr_o[31]
    1989* |       2 |     242 |      135 |     30 |   139 |    +1.0% |  -47.437 |    -1478.5 |    335 | instr_addr_o[31]
    1990* |       2 |     242 |      135 |     30 |   139 |    +1.0% |  -47.437 |    -1478.5 |    335 | instr_addr_o[31]
    1990* |       2 |     242 |      135 |     30 |   139 |    +1.0% |  -47.437 |    -1478.5 |    334 | instr_addr_o[31]
    1991* |       2 |     242 |      135 |     30 |   139 |    +1.0% |  -47.437 |    -1478.5 |    333 | instr_addr_o[31]
    1992* |       2 |     242 |      135 |     30 |   139 |    +1.0% |  -47.437 |    -1478.5 |    332 | instr_addr_o[31]
    1993* |       2 |     242 |      135 |     30 |   139 |    +1.0% |  -47.437 |    -1478.5 |    331 | instr_addr_o[31]
    1994* |       2 |     242 |      135 |     30 |   139 |    +1.0% |  -47.437 |    -1478.5 |    331 | instr_addr_o[31]
    1995* |       2 |     242 |      135 |     30 |   139 |    +1.0% |  -47.437 |    -1478.5 |    330 | instr_addr_o[31]
    1996* |       2 |     242 |      135 |     30 |   139 |    +1.0% |  -47.437 |    -1478.5 |    330 | instr_addr_o[31]
    1997* |       2 |     242 |      135 |     30 |   139 |    +1.0% |  -47.437 |    -1478.5 |    329 | instr_addr_o[31]
    1998* |       2 |     242 |      135 |     30 |   139 |    +1.0% |  -47.437 |    -1478.5 |    329 | instr_addr_o[31]
    1999* |       2 |     242 |      135 |     30 |   139 |    +1.0% |  -47.437 |    -1478.5 |    329 | instr_addr_o[31]
    2000* |       2 |     242 |      135 |     30 |   139 |    +1.0% |  -47.437 |    -1478.5 |    329 | instr_addr_o[31]
    final |       2 |     242 |      135 |     30 |   139 |    +1.0% |  -47.437 |    -1478.5 |    329 | instr_addr_o[31]
--------------------------------------------------------------------------------------------------------------
[INFO RSZ-0059] Removed 2 buffers.
[INFO RSZ-0040] Inserted 135 buffers.
[INFO RSZ-0051] Resized 242 instances: 242 up, 0 up match, 0 down, 0 VT
[INFO RSZ-0043] Swapped pins on 139 instances.
[INFO RSZ-0049] Cloned 30 instances.
[WARNING RSZ-0062] Unable to repair all setup violations.
[INFO RSZ-0033] No hold violations found.
Took 111 seconds: repair_timing -setup_margin 0 -hold_margin 0 -repair_tns 100 -verbose
global_route -start_incremental
detailed_placement
[INFO DPL-0005] Max displacement: +/- 500 sites horizontally, +/- 100 rows vertically.
Movements Summary
---------------------------------------
Total cells:                   20967
Diamond Move Success:          20967 (100.00%)
Diamond Move Failure:              0
Rip-up and replace Success:        0 (  0.00% of diamond failures)
Rip-up and replace Failure:        0
Total Placement Failures:          0
---------------------------------------
Placement Analysis
---------------------------------
total displacement        103.1 u
average displacement        0.0 u
max displacement            0.8 u
original HPWL           78344.0 u
legalized HPWL          78417.4 u
delta HPWL                    0 %

global_route -end_incremental -congestion_report_file ./reports/asap7/ibex/modified_alpha_2-beta_0.1/congestion_post_repair_timing.rpt
global_route -start_incremental
global_route -end_incremental -congestion_report_file ./reports/asap7/ibex/modified_alpha_2-beta_0.1/congestion_post_recover_power.rpt
Repair antennas...
[WARNING GRT-0246] No diode with LEF class CORE ANTENNACELL found.
[INFO ANT-0002] Found 0 net violations.
[INFO ANT-0001] Found 0 pin violations.
Estimate parasitics...
estimate_parasitics -global_routing
Report metrics stage 5, global route...

==========================================================================
global route report_design_area
--------------------------------------------------------------------------
Design area 2553 um^2 47% utilization.
[INFO FLW-0007] clock core_clock period 1000.000000
[INFO FLW-0008] Clock core_clock period 996.553
[INFO FLW-0009] Clock core_clock slack -49.003
[INFO FLW-0011] Path endpoint path count 3893
write_db ./results/asap7/ibex/modified_alpha_2-beta_0.1/5_1_grt.odb
write_sdc -no_timestamp ./results/asap7/ibex/modified_alpha_2-beta_0.1/5_1_grt.sdc
Elapsed time: 2:16.55[h:]min:sec. CPU time: user 1347.50 sys 110.04 (1067%). Peak memory: 776012KB.
Log                        Elapsed/s Peak Memory/MB  sha1sum .odb [0:20)
5_1_grt                          136            757 4e2edd27297b100e9820
