OpenROAD ee3d65ce03b2656092ed62bf9205c5c11049c575 
Features included (+) or not (-): +GPU +GUI +Python
This program is licensed under the BSD-3 license. See the LICENSE file for details.
Components of this program may be licensed under more restrictive licenses which must be honored.
[INFO ORD-0030] Using 32 thread(s).
source /home/lucast/workspace/OR-flow-TCC/flow/platforms/asap7/liberty_suppressions.tcl
read_liberty /home/lucast/workspace/OR-flow-TCC/flow/platforms/asap7/lib/NLDM/asap7sc7p5t_AO_RVT_FF_nldm_211120.lib.gz
read_liberty /home/lucast/workspace/OR-flow-TCC/flow/platforms/asap7/lib/NLDM/asap7sc7p5t_INVBUF_RVT_FF_nldm_220122.lib.gz
read_liberty /home/lucast/workspace/OR-flow-TCC/flow/platforms/asap7/lib/NLDM/asap7sc7p5t_OA_RVT_FF_nldm_211120.lib.gz
read_liberty /home/lucast/workspace/OR-flow-TCC/flow/platforms/asap7/lib/NLDM/asap7sc7p5t_SIMPLE_RVT_FF_nldm_211120.lib.gz
read_liberty /home/lucast/workspace/OR-flow-TCC/flow/platforms/asap7/lib/NLDM/asap7sc7p5t_SEQ_RVT_FF_nldm_220123.lib
read_liberty /home/lucast/workspace/OR-flow-TCC/flow/platforms/asap7/lib/NLDM/asap7sc7p5t_AO_LVT_FF_nldm_211120.lib.gz
read_liberty /home/lucast/workspace/OR-flow-TCC/flow/platforms/asap7/lib/NLDM/asap7sc7p5t_INVBUF_LVT_FF_nldm_220122.lib.gz
read_liberty /home/lucast/workspace/OR-flow-TCC/flow/platforms/asap7/lib/NLDM/asap7sc7p5t_OA_LVT_FF_nldm_211120.lib.gz
read_liberty /home/lucast/workspace/OR-flow-TCC/flow/platforms/asap7/lib/NLDM/asap7sc7p5t_SIMPLE_LVT_FF_nldm_211120.lib.gz
read_liberty /home/lucast/workspace/OR-flow-TCC/flow/platforms/asap7/lib/NLDM/asap7sc7p5t_SEQ_LVT_FF_nldm_220123.lib
read_liberty /home/lucast/workspace/OR-flow-TCC/flow/platforms/asap7/lib/NLDM/asap7sc7p5t_AO_SLVT_FF_nldm_211120.lib.gz
read_liberty /home/lucast/workspace/OR-flow-TCC/flow/platforms/asap7/lib/NLDM/asap7sc7p5t_INVBUF_SLVT_FF_nldm_220122.lib.gz
read_liberty /home/lucast/workspace/OR-flow-TCC/flow/platforms/asap7/lib/NLDM/asap7sc7p5t_OA_SLVT_FF_nldm_211120.lib.gz
read_liberty /home/lucast/workspace/OR-flow-TCC/flow/platforms/asap7/lib/NLDM/asap7sc7p5t_SIMPLE_SLVT_FF_nldm_211120.lib.gz
read_liberty /home/lucast/workspace/OR-flow-TCC/flow/platforms/asap7/lib/NLDM/asap7sc7p5t_SEQ_SLVT_FF_nldm_220123.lib
read_liberty /home/lucast/workspace/OR-flow-TCC/flow/platforms/asap7/lib/NLDM/fakeram7_64x256.lib
read_liberty /home/lucast/workspace/OR-flow-TCC/flow/platforms/asap7/lib/NLDM/fakeram7_128x64.lib
read_liberty /home/lucast/workspace/OR-flow-TCC/flow/platforms/asap7/lib/NLDM/fakeram7_64x28.lib
read_liberty /home/lucast/workspace/OR-flow-TCC/flow/platforms/asap7/lib/NLDM/fakeram7_64x25.lib
read_liberty /home/lucast/workspace/OR-flow-TCC/flow/platforms/asap7/lib/NLDM/asap7sc7p5t_DFFHQNH2V2X_RVT_TT_nldm_FAKE.lib
read_liberty /home/lucast/workspace/OR-flow-TCC/flow/platforms/asap7/lib/NLDM/asap7sc7p5t_DFFHQNV2X_RVT_TT_nldm_FAKE.lib
read_db ./results/asap7/cva6/baseline_alpha_130-beta_0.1/5_1_grt.odb
source /home/lucast/workspace/OR-flow-TCC/flow/platforms/asap7/setRC.tcl
[INFO ORD-0030] Using 16 thread(s).
detailed_route -output_drc ./reports/asap7/cva6/baseline_alpha_130-beta_0.1/5_route_drc.rpt -output_maze ./results/asap7/cva6/baseline_alpha_130-beta_0.1/maze.log -droute_end_iter 64 -verbose 1 -drc_report_iter_step 5
[INFO DRT-0149] Reading tech and libs.

Units:                1000
Number of layers:     21
Number of macros:     658
Number of vias:       22
Number of viarulegen: 11

[INFO DRT-0150] Reading design.

Design:                   cva6
Die area:                 ( 0 0 ) ( 158071 158071 )
Number of track patterns: 32
Number of DEF vias:       0
Number of components:     116334
Number of terminals:      964
Number of snets:          2
Number of nets:           117586

[INFO DRT-0167] List of default vias:
  Layer V2
    default via: VIA23
  Layer V3
    default via: VIA34
  Layer V4
    default via: VIA45
  Layer V5
    default via: VIA56
  Layer V6
    default via: VIA67
  Layer V7
    default via: VIA78
  Layer V8
    default via: VIA89
  Layer V9
    default via: VIA9Pad
[INFO DRT-0162] Library cell analysis.
[INFO DRT-0163] Instance analysis.
  Complete 100000 instances.
[INFO DRT-0164] Number of unique instances = 588.
[INFO DRT-0168] Init region query.
[INFO DRT-0018]   Complete 100000 insts.
[INFO DRT-0024]   Complete Active.
[INFO DRT-0024]   Complete V0.
[INFO DRT-0024]   Complete M1.
[INFO DRT-0024]   Complete V1.
[INFO DRT-0024]   Complete M2.
[INFO DRT-0024]   Complete V2.
[INFO DRT-0024]   Complete M3.
[INFO DRT-0024]   Complete V3.
[INFO DRT-0024]   Complete M4.
[INFO DRT-0024]   Complete V4.
[INFO DRT-0024]   Complete M5.
[INFO DRT-0024]   Complete V5.
[INFO DRT-0024]   Complete M6.
[INFO DRT-0024]   Complete V6.
[INFO DRT-0024]   Complete M7.
[INFO DRT-0024]   Complete V7.
[INFO DRT-0024]   Complete M8.
[INFO DRT-0024]   Complete V8.
[INFO DRT-0024]   Complete M9.
[INFO DRT-0024]   Complete V9.
[INFO DRT-0024]   Complete Pad.
[INFO DRT-0033] Active shape region query size = 0.
[INFO DRT-0033] V0 shape region query size = 0.
[INFO DRT-0033] M1 shape region query size = 1886186.
[INFO DRT-0033] V1 shape region query size = 2041515.
[INFO DRT-0033] M2 shape region query size = 80576.
[INFO DRT-0033] V2 shape region query size = 40179.
[INFO DRT-0033] M3 shape region query size = 39855.
[INFO DRT-0033] V3 shape region query size = 26030.
[INFO DRT-0033] M4 shape region query size = 30764.
[INFO DRT-0033] V4 shape region query size = 29950.
[INFO DRT-0033] M5 shape region query size = 17391.
[INFO DRT-0033] V5 shape region query size = 3404.
[INFO DRT-0033] M6 shape region query size = 1818.
[INFO DRT-0033] V6 shape region query size = 0.
[INFO DRT-0033] M7 shape region query size = 0.
[INFO DRT-0033] V7 shape region query size = 0.
[INFO DRT-0033] M8 shape region query size = 0.
[INFO DRT-0033] V8 shape region query size = 0.
[INFO DRT-0033] M9 shape region query size = 0.
[INFO DRT-0033] V9 shape region query size = 0.
[INFO DRT-0033] Pad shape region query size = 0.
[INFO DRT-0165] Start pin access.
[INFO DRT-0076]   Complete 1000 pins.
[INFO DRT-0076]   Complete 2000 pins.
[INFO DRT-0076]   Complete 3000 pins.
[INFO DRT-0076]   Complete 4000 pins.
[INFO DRT-0078]   Complete 4479 pins.
[INFO DRT-0079]   Complete 100 unique inst patterns.
[INFO DRT-0079]   Complete 200 unique inst patterns.
[INFO DRT-0079]   Complete 300 unique inst patterns.
[INFO DRT-0079]   Complete 400 unique inst patterns.
[INFO DRT-0079]   Complete 500 unique inst patterns.
[INFO DRT-0081]   Complete 579 unique inst patterns.
[INFO DRT-0082]   Complete 10000 groups.
[INFO DRT-0082]   Complete 20000 groups.
[INFO DRT-0082]   Complete 30000 groups.
[INFO DRT-0082]   Complete 40000 groups.
[INFO DRT-0082]   Complete 50000 groups.
[INFO DRT-0082]   Complete 60000 groups.
[INFO DRT-0084]   Complete 60697 groups.
#scanned instances     = 116334
#unique  instances     = 584
#stdCellGenAp          = 16798
#stdCellValidPlanarAp  = 158
#stdCellValidViaAp     = 13274
#stdCellPinNoAp        = 0
#stdCellPinCnt         = 391027
#instTermValidViaApCnt = 0
#macroGenAp            = 986
#macroValidPlanarAp    = 986
#macroValidViaAp       = 0
#macroNoAp             = 0
[INFO DRT-0166] Complete pin access.
[INFO DRT-0267] cpu time = 00:21:20, elapsed time = 00:01:23, memory = 1470.90 (MB), peak = 1510.57 (MB)
[INFO DRT-0156] guideIn read 100000 guides.
[INFO DRT-0156] guideIn read 200000 guides.
[INFO DRT-0156] guideIn read 300000 guides.
[INFO DRT-0156] guideIn read 400000 guides.
[INFO DRT-0156] guideIn read 500000 guides.
[INFO DRT-0156] guideIn read 600000 guides.
[INFO DRT-0156] guideIn read 700000 guides.
[INFO DRT-0156] guideIn read 800000 guides.
[INFO DRT-0156] guideIn read 900000 guides.
[INFO DRT-0156] guideIn read 1000000 guides.

[INFO DRT-0157] Number of guides:     1085400

[INFO DRT-0169] Post process guides.
[INFO DRT-0176] GCELLGRID X 0 DO 277 STEP 570 ;
[INFO DRT-0177] GCELLGRID Y 0 DO 277 STEP 570 ;
[INFO DRT-0026]   Complete 100000 origin guides.
[INFO DRT-0026]   Complete 200000 origin guides.
[INFO DRT-0026]   Complete 300000 origin guides.
[INFO DRT-0026]   Complete 400000 origin guides.
[INFO DRT-0026]   Complete 500000 origin guides.
[INFO DRT-0026]   Complete 600000 origin guides.
[INFO DRT-0026]   Complete 700000 origin guides.
[INFO DRT-0026]   Complete 800000 origin guides.
[INFO DRT-0026]   Complete 900000 origin guides.
[INFO DRT-0027]   Complete 1000000 origin guides.
[INFO DRT-0028]   Complete Active.
[INFO DRT-0028]   Complete V0.
[INFO DRT-0028]   Complete M1.
[INFO DRT-0028]   Complete V1.
[INFO DRT-0028]   Complete M2.
[INFO DRT-0028]   Complete V2.
[INFO DRT-0028]   Complete M3.
[INFO DRT-0028]   Complete V3.
[INFO DRT-0028]   Complete M4.
[INFO DRT-0028]   Complete V4.
[INFO DRT-0028]   Complete M5.
[INFO DRT-0028]   Complete V5.
[INFO DRT-0028]   Complete M6.
[INFO DRT-0028]   Complete V6.
[INFO DRT-0028]   Complete M7.
[INFO DRT-0028]   Complete V7.
[INFO DRT-0028]   Complete M8.
[INFO DRT-0028]   Complete V8.
[INFO DRT-0028]   Complete M9.
[INFO DRT-0028]   Complete V9.
[INFO DRT-0028]   Complete Pad.
  complete 100000 nets.
[INFO DRT-0178] Init guide query.
[INFO DRT-0029]   Complete 100000 nets (guide).
[INFO DRT-0035]   Complete Active (guide).
[INFO DRT-0035]   Complete V0 (guide).
[INFO DRT-0035]   Complete M1 (guide).
[INFO DRT-0035]   Complete V1 (guide).
[INFO DRT-0035]   Complete M2 (guide).
[INFO DRT-0035]   Complete V2 (guide).
[INFO DRT-0035]   Complete M3 (guide).
[INFO DRT-0035]   Complete V3 (guide).
[INFO DRT-0035]   Complete M4 (guide).
[INFO DRT-0035]   Complete V4 (guide).
[INFO DRT-0035]   Complete M5 (guide).
[INFO DRT-0035]   Complete V5 (guide).
[INFO DRT-0035]   Complete M6 (guide).
[INFO DRT-0035]   Complete V6 (guide).
[INFO DRT-0035]   Complete M7 (guide).
[INFO DRT-0035]   Complete V7 (guide).
[INFO DRT-0035]   Complete M8 (guide).
[INFO DRT-0035]   Complete V8 (guide).
[INFO DRT-0035]   Complete M9 (guide).
[INFO DRT-0035]   Complete V9 (guide).
[INFO DRT-0035]   Complete Pad (guide).
[INFO DRT-0036] Active guide region query size = 0.
[INFO DRT-0036] V0 guide region query size = 0.
[INFO DRT-0036] M1 guide region query size = 332380.
[INFO DRT-0036] V1 guide region query size = 0.
[INFO DRT-0036] M2 guide region query size = 314044.
[INFO DRT-0036] V2 guide region query size = 0.
[INFO DRT-0036] M3 guide region query size = 179632.
[INFO DRT-0036] V3 guide region query size = 0.
[INFO DRT-0036] M4 guide region query size = 33619.
[INFO DRT-0036] V4 guide region query size = 0.
[INFO DRT-0036] M5 guide region query size = 11214.
[INFO DRT-0036] V5 guide region query size = 0.
[INFO DRT-0036] M6 guide region query size = 2272.
[INFO DRT-0036] V6 guide region query size = 0.
[INFO DRT-0036] M7 guide region query size = 434.
[INFO DRT-0036] V7 guide region query size = 0.
[INFO DRT-0036] M8 guide region query size = 0.
[INFO DRT-0036] V8 guide region query size = 0.
[INFO DRT-0036] M9 guide region query size = 0.
[INFO DRT-0036] V9 guide region query size = 0.
[INFO DRT-0036] Pad guide region query size = 0.
[INFO DRT-0179] Init gr pin query.
[INFO DRT-0267] cpu time = 00:00:02, elapsed time = 00:00:00, memory = 1868.85 (MB), peak = 1865.12 (MB)
[INFO DRT-0245] skipped writing guide updates to database.
[INFO DRT-0185] Post process initialize RPin region query.
[INFO DRT-0181] Start track assignment.
[INFO DRT-0184] Done with 523660 vertical wires in 6 frboxes and 349935 horizontal wires in 6 frboxes.
[INFO DRT-0186] Done with 83077 vertical wires in 6 frboxes and 119346 horizontal wires in 6 frboxes.
[INFO DRT-0182] Complete track assignment.
[INFO DRT-0267] cpu time = 00:00:39, elapsed time = 00:00:10, memory = 3675.00 (MB), peak = 3758.98 (MB)
[INFO DRT-0187] Start routing data preparation.
[INFO DRT-0267] cpu time = 00:00:00, elapsed time = 00:00:00, memory = 3822.62 (MB), peak = 3818.35 (MB)
[INFO DRT-0194] Start detail routing.
[INFO DRT-0195] Start 0th optimization iteration.
    Completing 10% with 0 violations.
    elapsed time = 00:00:13, memory = 9383.91 (MB).
    Completing 20% with 0 violations.
    elapsed time = 00:00:41, memory = 17763.32 (MB).
    Completing 30% with 11244 violations.
    elapsed time = 00:00:55, memory = 19798.74 (MB).
    Completing 40% with 11244 violations.
    elapsed time = 00:01:30, memory = 20368.60 (MB).
    Completing 50% with 11244 violations.
    elapsed time = 00:01:59, memory = 20205.75 (MB).
    Completing 60% with 22341 violations.
    elapsed time = 00:02:27, memory = 23587.69 (MB).
    Completing 70% with 22341 violations.
    elapsed time = 00:03:14, memory = 25234.13 (MB).
    Completing 80% with 32259 violations.
    elapsed time = 00:03:36, memory = 27661.51 (MB).
    Completing 90% with 32259 violations.
    elapsed time = 00:04:26, memory = 28234.31 (MB).
    Completing 100% with 42232 violations.
    elapsed time = 00:05:15, memory = 26253.48 (MB).
[INFO DRT-0199]   Number of violations = 51351.
Viol/Layer          M1     M2     V2     M3     V3     M4     V4     M5     V5     M6     V6
CutSpcTbl            0      0      0      0    485      0    163      0      8      0      4
EOL                  0   3688      0    938      0    400      0     18      0      2      0
Metal Spacing      779   1437      0   2630      0    349      0     29      0     19      0
Recheck             11   4896      0   3242      0    840      0    117      0     13      0
Rect Only            0      8      0      4      0      0      0      0      0      0      0
Short              108   5182    132   1277     34    504     15     94      1      5      0
eolKeepOut           0  18969      0   3028      0   1820      0     93      0      9      0
[INFO DRT-0267] cpu time = 01:16:36, elapsed time = 00:05:17, memory = 26194.48 (MB), peak = 29576.54 (MB)
Total wire length = 652786 um.
Total wire length on LAYER M1 = 0 um.
Total wire length on LAYER M2 = 123842 um.
Total wire length on LAYER M3 = 232675 um.
Total wire length on LAYER M4 = 170893 um.
Total wire length on LAYER M5 = 89103 um.
Total wire length on LAYER M6 = 25904 um.
Total wire length on LAYER M7 = 10367 um.
Total wire length on LAYER M8 = 0 um.
Total wire length on LAYER M9 = 0 um.
Total wire length on LAYER Pad = 0 um.
Total number of vias = 1335473.
Up-via summary (total 1335473):

------------------
 Active          0
     M1     379841
     M2     681753
     M3     210909
     M4      50322
     M5      11109
     M6       1539
     M7          0
     M8          0
     M9          0
------------------
       1335473


[INFO DRT-0195] Start 1st optimization iteration.
    Completing 10% with 51351 violations.
    elapsed time = 00:00:19, memory = 29440.86 (MB).
    Completing 20% with 51351 violations.
    elapsed time = 00:01:10, memory = 29292.80 (MB).
    Completing 30% with 40093 violations.
    elapsed time = 00:01:37, memory = 28751.89 (MB).
    Completing 40% with 40093 violations.
    elapsed time = 00:02:23, memory = 29026.06 (MB).
    Completing 50% with 40093 violations.
    elapsed time = 00:03:01, memory = 25785.93 (MB).
    Completing 60% with 30485 violations.
    elapsed time = 00:03:34, memory = 29599.31 (MB).
    Completing 70% with 30485 violations.
    elapsed time = 00:04:23, memory = 29204.23 (MB).
    Completing 80% with 20295 violations.
    elapsed time = 00:04:48, memory = 29419.34 (MB).
    Completing 90% with 20295 violations.
    elapsed time = 00:05:33, memory = 29226.53 (MB).
    Completing 100% with 11305 violations.
    elapsed time = 00:06:20, memory = 26251.02 (MB).
[INFO DRT-0199]   Number of violations = 11421.
Viol/Layer          M1     M2     V2     M3     V3     M4     V4     M5     V5     M6     V6
Corner Spacing       0      2      0      0      0      0      0      0      0      0      0
CutSpcTbl            0      0      0      0    234      0     89      0      7      0      1
EOL                  0    911      0    250      0    147      0     19      0      0      0
Metal Spacing      442    252      0   1417      0    131      0     17      0      0      0
Recheck              0     55      0     54      0      7      0      0      0      0      0
Rect Only            0      4      0      4      0      0      0      0      0      0      0
Short               49    836     31    498      3    202      0     11      0      1      0
eolKeepOut           0   4164      0    780      0    704      0     99      0      0      0
[INFO DRT-0267] cpu time = 01:29:16, elapsed time = 00:06:22, memory = 26162.07 (MB), peak = 29946.66 (MB)
Total wire length = 649424 um.
Total wire length on LAYER M1 = 0 um.
Total wire length on LAYER M2 = 115209 um.
Total wire length on LAYER M3 = 229725 um.
Total wire length on LAYER M4 = 174948 um.
Total wire length on LAYER M5 = 90415 um.
Total wire length on LAYER M6 = 28525 um.
Total wire length on LAYER M7 = 10599 um.
Total wire length on LAYER M8 = 0 um.
Total wire length on LAYER M9 = 0 um.
Total wire length on LAYER Pad = 0 um.
Total number of vias = 1311385.
Up-via summary (total 1311385):

------------------
 Active          0
     M1     379682
     M2     652830
     M3     205324
     M4      56877
     M5      14541
     M6       2131
     M7          0
     M8          0
     M9          0
------------------
       1311385


[INFO DRT-0195] Start 2nd optimization iteration.
    Completing 10% with 11421 violations.
    elapsed time = 00:00:12, memory = 29587.29 (MB).
    Completing 20% with 11421 violations.
    elapsed time = 00:00:57, memory = 28987.20 (MB).
    Completing 30% with 11001 violations.
    elapsed time = 00:01:20, memory = 25569.71 (MB).
    Completing 40% with 11001 violations.
    elapsed time = 00:01:57, memory = 28933.87 (MB).
    Completing 50% with 11001 violations.
    elapsed time = 00:02:30, memory = 28985.76 (MB).
    Completing 60% with 10711 violations.
    elapsed time = 00:02:49, memory = 29537.92 (MB).
    Completing 70% with 10711 violations.
    elapsed time = 00:03:33, memory = 28793.18 (MB).
    Completing 80% with 10318 violations.
    elapsed time = 00:03:57, memory = 25155.90 (MB).
    Completing 90% with 10318 violations.
    elapsed time = 00:04:33, memory = 28778.57 (MB).
    Completing 100% with 10113 violations.
    elapsed time = 00:05:15, memory = 25203.25 (MB).
[INFO DRT-0199]   Number of violations = 10172.
Viol/Layer          M1     M2     V2     M3     V3     M4     V4     M5     V5     M6     V6
Corner Spacing       0      1      0      0      0      1      0      0      0      0      0
CutSpcTbl            0      0      0      0    191      0     94      0      2      0      3
EOL                  0    851      0    226      0    154      0     15      0      0      0
Metal Spacing      413    234      0   1265      0    121      0     13      0      0      0
Recheck              0     34      0     29      0      4      0      0      0      0      0
Rect Only            0      4      0      0      0      0      0      0      0      0      0
Short               50    634     21    391      3    182      1      9      0      1      0
eolKeepOut           0   3783      0    697      0    682      0     63      0      0      0
[INFO DRT-0267] cpu time = 01:15:22, elapsed time = 00:05:18, memory = 24802.23 (MB), peak = 29946.66 (MB)
Total wire length = 649217 um.
Total wire length on LAYER M1 = 0 um.
Total wire length on LAYER M2 = 114384 um.
Total wire length on LAYER M3 = 229351 um.
Total wire length on LAYER M4 = 174168 um.
Total wire length on LAYER M5 = 90698 um.
Total wire length on LAYER M6 = 29831 um.
Total wire length on LAYER M7 = 10783 um.
Total wire length on LAYER M8 = 0 um.
Total wire length on LAYER M9 = 0 um.
Total wire length on LAYER Pad = 0 um.
Total number of vias = 1310949.
Up-via summary (total 1310949):

------------------
 Active          0
     M1     379673
     M2     649603
     M3     204105
     M4      59165
     M5      15906
     M6       2497
     M7          0
     M8          0
     M9          0
------------------
       1310949


[INFO DRT-0195] Start 3rd optimization iteration.
    Completing 10% with 10172 violations.
    elapsed time = 00:00:07, memory = 29103.35 (MB).
    Completing 20% with 10172 violations.
    elapsed time = 00:00:31, memory = 28770.37 (MB).
    Completing 30% with 7631 violations.
    elapsed time = 00:00:43, memory = 24887.19 (MB).
    Completing 40% with 7631 violations.
    elapsed time = 00:01:02, memory = 28862.86 (MB).
    Completing 50% with 7631 violations.
    elapsed time = 00:01:18, memory = 24898.30 (MB).
    Completing 60% with 5041 violations.
    elapsed time = 00:01:33, memory = 29234.28 (MB).
    Completing 70% with 5041 violations.
    elapsed time = 00:01:56, memory = 28658.29 (MB).
    Completing 80% with 2669 violations.
    elapsed time = 00:02:08, memory = 24843.11 (MB).
    Completing 90% with 2669 violations.
    elapsed time = 00:02:27, memory = 28513.95 (MB).
    Completing 100% with 405 violations.
    elapsed time = 00:02:48, memory = 24805.29 (MB).
[INFO DRT-0199]   Number of violations = 405.
Viol/Layer          M1     M2     V2     M3     V3     M4     V4     M5
CutSpcTbl            0      0      0      0     12      0      0      0
EOL                  0     32      0      5      0      2      0      0
Metal Spacing       11      9      0     77      0      3      0      0
Short                0     43      2     22      0      7      1      1
eolKeepOut           0    141      0     16      0     18      0      3
[INFO DRT-0267] cpu time = 00:37:58, elapsed time = 00:02:49, memory = 24805.30 (MB), peak = 29946.66 (MB)
Total wire length = 650064 um.
Total wire length on LAYER M1 = 0 um.
Total wire length on LAYER M2 = 111318 um.
Total wire length on LAYER M3 = 227452 um.
Total wire length on LAYER M4 = 175832 um.
Total wire length on LAYER M5 = 92728 um.
Total wire length on LAYER M6 = 31517 um.
Total wire length on LAYER M7 = 11216 um.
Total wire length on LAYER M8 = 0 um.
Total wire length on LAYER M9 = 0 um.
Total wire length on LAYER Pad = 0 um.
Total number of vias = 1315490.
Up-via summary (total 1315490):

------------------
 Active          0
     M1     379672
     M2     642114
     M3     208532
     M4      63484
     M5      18293
     M6       3395
     M7          0
     M8          0
     M9          0
------------------
       1315490


[INFO DRT-0195] Start 4th optimization iteration.
    Completing 10% with 405 violations.
    elapsed time = 00:00:00, memory = 24805.36 (MB).
    Completing 20% with 405 violations.
    elapsed time = 00:00:05, memory = 28848.35 (MB).
    Completing 30% with 309 violations.
    elapsed time = 00:00:08, memory = 24677.78 (MB).
    Completing 40% with 309 violations.
    elapsed time = 00:00:11, memory = 28815.77 (MB).
    Completing 50% with 309 violations.
    elapsed time = 00:00:15, memory = 24649.12 (MB).
    Completing 60% with 260 violations.
    elapsed time = 00:00:16, memory = 24649.12 (MB).
    Completing 70% with 260 violations.
    elapsed time = 00:00:22, memory = 28221.41 (MB).
    Completing 80% with 152 violations.
    elapsed time = 00:00:26, memory = 24649.12 (MB).
    Completing 90% with 152 violations.
    elapsed time = 00:00:29, memory = 28851.51 (MB).
    Completing 100% with 29 violations.
    elapsed time = 00:00:34, memory = 24625.48 (MB).
[INFO DRT-0199]   Number of violations = 29.
Viol/Layer          M2     M3
Metal Spacing        2      8
Short                7      3
eolKeepOut           9      0
[INFO DRT-0267] cpu time = 00:07:08, elapsed time = 00:00:34, memory = 24625.48 (MB), peak = 29946.66 (MB)
Total wire length = 650084 um.
Total wire length on LAYER M1 = 0 um.
Total wire length on LAYER M2 = 111216 um.
Total wire length on LAYER M3 = 227370 um.
Total wire length on LAYER M4 = 175865 um.
Total wire length on LAYER M5 = 92812 um.
Total wire length on LAYER M6 = 31587 um.
Total wire length on LAYER M7 = 11232 um.
Total wire length on LAYER M8 = 0 um.
Total wire length on LAYER M9 = 0 um.
Total wire length on LAYER Pad = 0 um.
Total number of vias = 1315503.
Up-via summary (total 1315503):

------------------
 Active          0
     M1     379672
     M2     641777
     M3     208622
     M4      63614
     M5      18385
     M6       3433
     M7          0
     M8          0
     M9          0
------------------
       1315503


[INFO DRT-0195] Start 5th guides tiles iteration.
    Completing 10% with 29 violations.
    elapsed time = 00:00:00, memory = 25921.57 (MB).
    Completing 20% with 29 violations.
    elapsed time = 00:00:01, memory = 25319.01 (MB).
    Completing 30% with 29 violations.
    elapsed time = 00:00:02, memory = 24840.73 (MB).
    Completing 40% with 16 violations.
    elapsed time = 00:00:02, memory = 24626.58 (MB).
    Completing 50% with 16 violations.
    elapsed time = 00:00:03, memory = 25410.73 (MB).
    Completing 60% with 16 violations.
    elapsed time = 00:00:04, memory = 24808.98 (MB).
    Completing 70% with 10 violations.
    elapsed time = 00:00:05, memory = 25170.77 (MB).
    Completing 80% with 10 violations.
    elapsed time = 00:00:06, memory = 24806.80 (MB).
    Completing 90% with 9 violations.
    elapsed time = 00:00:07, memory = 25001.35 (MB).
    Completing 100% with 6 violations.
    elapsed time = 00:00:08, memory = 24627.53 (MB).
[INFO DRT-0199]   Number of violations = 6.
Viol/Layer          M2     M3
Metal Spacing        0      3
Short                3      0
[INFO DRT-0267] cpu time = 00:00:30, elapsed time = 00:00:08, memory = 24630.72 (MB), peak = 29946.66 (MB)
Total wire length = 650085 um.
Total wire length on LAYER M1 = 0 um.
Total wire length on LAYER M2 = 111216 um.
Total wire length on LAYER M3 = 227365 um.
Total wire length on LAYER M4 = 175864 um.
Total wire length on LAYER M5 = 92815 um.
Total wire length on LAYER M6 = 31588 um.
Total wire length on LAYER M7 = 11233 um.
Total wire length on LAYER M8 = 0 um.
Total wire length on LAYER M9 = 0 um.
Total wire length on LAYER Pad = 0 um.
Total number of vias = 1315523.
Up-via summary (total 1315523):

------------------
 Active          0
     M1     379672
     M2     641780
     M3     208617
     M4      63624
     M5      18393
     M6       3437
     M7          0
     M8          0
     M9          0
------------------
       1315523


[INFO DRT-0195] Start 6th guides tiles iteration.
    Completing 10% with 6 violations.
    elapsed time = 00:00:00, memory = 25388.80 (MB).
    Completing 20% with 6 violations.
    elapsed time = 00:00:00, memory = 25237.81 (MB).
    Completing 30% with 6 violations.
    elapsed time = 00:00:00, memory = 25068.55 (MB).
    Completing 40% with 6 violations.
    elapsed time = 00:00:01, memory = 24862.26 (MB).
    Completing 50% with 6 violations.
    elapsed time = 00:00:01, memory = 24630.72 (MB).
    Completing 60% with 5 violations.
    elapsed time = 00:00:02, memory = 24630.72 (MB).
    Completing 70% with 5 violations.
    elapsed time = 00:00:02, memory = 25048.21 (MB).
    Completing 80% with 5 violations.
    elapsed time = 00:00:02, memory = 24903.77 (MB).
    Completing 100% with 5 violations.
    elapsed time = 00:00:03, memory = 24630.72 (MB).
[INFO DRT-0199]   Number of violations = 5.
Viol/Layer          M2     M3
Metal Spacing        0      3
Short                2      0
[INFO DRT-0267] cpu time = 00:00:08, elapsed time = 00:00:03, memory = 24630.72 (MB), peak = 29946.66 (MB)
Total wire length = 650085 um.
Total wire length on LAYER M1 = 0 um.
Total wire length on LAYER M2 = 111216 um.
Total wire length on LAYER M3 = 227365 um.
Total wire length on LAYER M4 = 175865 um.
Total wire length on LAYER M5 = 92815 um.
Total wire length on LAYER M6 = 31588 um.
Total wire length on LAYER M7 = 11233 um.
Total wire length on LAYER M8 = 0 um.
Total wire length on LAYER M9 = 0 um.
Total wire length on LAYER Pad = 0 um.
Total number of vias = 1315523.
Up-via summary (total 1315523):

------------------
 Active          0
     M1     379672
     M2     641779
     M3     208618
     M4      63624
     M5      18393
     M6       3437
     M7          0
     M8          0
     M9          0
------------------
       1315523


[INFO DRT-0195] Start 7th guides tiles iteration.
    Completing 10% with 5 violations.
    elapsed time = 00:00:00, memory = 25219.58 (MB).
    Completing 20% with 5 violations.
    elapsed time = 00:00:00, memory = 25068.59 (MB).
    Completing 40% with 5 violations.
    elapsed time = 00:00:01, memory = 24862.30 (MB).
    Completing 50% with 5 violations.
    elapsed time = 00:00:01, memory = 24630.76 (MB).
    Completing 70% with 5 violations.
    elapsed time = 00:00:02, memory = 25048.25 (MB).
    Completing 80% with 5 violations.
    elapsed time = 00:00:02, memory = 24903.81 (MB).
    Completing 100% with 5 violations.
    elapsed time = 00:00:03, memory = 24630.76 (MB).
[INFO DRT-0199]   Number of violations = 5.
Viol/Layer          M2     M3
Metal Spacing        0      3
Short                2      0
[INFO DRT-0267] cpu time = 00:00:07, elapsed time = 00:00:03, memory = 24630.76 (MB), peak = 29946.66 (MB)
Total wire length = 650085 um.
Total wire length on LAYER M1 = 0 um.
Total wire length on LAYER M2 = 111216 um.
Total wire length on LAYER M3 = 227365 um.
Total wire length on LAYER M4 = 175865 um.
Total wire length on LAYER M5 = 92815 um.
Total wire length on LAYER M6 = 31588 um.
Total wire length on LAYER M7 = 11233 um.
Total wire length on LAYER M8 = 0 um.
Total wire length on LAYER M9 = 0 um.
Total wire length on LAYER Pad = 0 um.
Total number of vias = 1315523.
Up-via summary (total 1315523):

------------------
 Active          0
     M1     379672
     M2     641779
     M3     208618
     M4      63624
     M5      18393
     M6       3437
     M7          0
     M8          0
     M9          0
------------------
       1315523


[INFO DRT-0195] Start 8th stubborn tiles iteration.
    Completing 10% with 5 violations.
    elapsed time = 00:00:10, memory = 29128.69 (MB).
    Completing 20% with 5 violations.
    elapsed time = 00:00:15, memory = 28560.43 (MB).
    Completing 30% with 5 violations.
    elapsed time = 00:00:22, memory = 28464.37 (MB).
    Completing 40% with 5 violations.
    elapsed time = 00:00:25, memory = 27613.66 (MB).
    Completing 50% with 5 violations.
    elapsed time = 00:00:27, memory = 27282.30 (MB).
    Completing 60% with 5 violations.
    elapsed time = 00:00:30, memory = 24636.99 (MB).
    Completing 70% with 2 violations.
    elapsed time = 00:00:41, memory = 29204.14 (MB).
    Completing 80% with 2 violations.
    elapsed time = 00:00:46, memory = 29017.98 (MB).
    Completing 90% with 2 violations.
    elapsed time = 00:00:52, memory = 29050.57 (MB).
    Completing 100% with 0 violations.
    elapsed time = 00:01:00, memory = 24415.37 (MB).
[INFO DRT-0199]   Number of violations = 0.
[INFO DRT-0267] cpu time = 00:13:32, elapsed time = 00:01:00, memory = 24415.37 (MB), peak = 29946.66 (MB)
Total wire length = 650087 um.
Total wire length on LAYER M1 = 0 um.
Total wire length on LAYER M2 = 111217 um.
Total wire length on LAYER M3 = 227366 um.
Total wire length on LAYER M4 = 175865 um.
Total wire length on LAYER M5 = 92815 um.
Total wire length on LAYER M6 = 31589 um.
Total wire length on LAYER M7 = 11233 um.
Total wire length on LAYER M8 = 0 um.
Total wire length on LAYER M9 = 0 um.
Total wire length on LAYER Pad = 0 um.
Total number of vias = 1315527.
Up-via summary (total 1315527):

------------------
 Active          0
     M1     379672
     M2     641777
     M3     208621
     M4      63625
     M5      18395
     M6       3437
     M7          0
     M8          0
     M9          0
------------------
       1315527


[INFO DRT-0198] Complete detail routing.
Total wire length = 650087 um.
Total wire length on LAYER M1 = 0 um.
Total wire length on LAYER M2 = 111217 um.
Total wire length on LAYER M3 = 227366 um.
Total wire length on LAYER M4 = 175865 um.
Total wire length on LAYER M5 = 92815 um.
Total wire length on LAYER M6 = 31589 um.
Total wire length on LAYER M7 = 11233 um.
Total wire length on LAYER M8 = 0 um.
Total wire length on LAYER M9 = 0 um.
Total wire length on LAYER Pad = 0 um.
Total number of vias = 1315527.
Up-via summary (total 1315527):

------------------
 Active          0
     M1     379672
     M2     641777
     M3     208621
     M4      63625
     M5      18395
     M6       3437
     M7          0
     M8          0
     M9          0
------------------
       1315527


[INFO DRT-0267] cpu time = 05:00:43, elapsed time = 00:21:41, memory = 24415.65 (MB), peak = 29946.66 (MB)

[INFO DRT-0180] Post processing.
Took 1401 seconds: detailed_route -output_drc ./reports/asap7/cva6/baseline_alpha_130-beta_0.1/5_route_drc.rpt -output_maze ./results/asap7/cva6/baseline_alpha_130-beta_0.1/maze.log -droute_end_iter 64 -verbose 1 -drc_report_iter_step 5
[WARNING GRT-0246] No diode with LEF class CORE ANTENNACELL found.
[INFO ANT-0002] Found 0 net violations.
[INFO ANT-0001] Found 0 pin violations.
[INFO ANT-0002] Found 0 net violations.
[INFO ANT-0001] Found 0 pin violations.
write_db ./results/asap7/cva6/baseline_alpha_130-beta_0.1/5_2_route.odb
[INFO ORD-0030] Using 32 thread(s).
Elapsed time: 23:43.13[h:]min:sec. CPU time: user 19160.06 sys 316.75 (1368%). Peak memory: 30665376KB.
Log                        Elapsed/s Peak Memory/MB  sha1sum .odb [0:20)
5_2_route                       1423          29946 d752fb7ade03718c1377
