
==========================================================================
global place report_tns
--------------------------------------------------------------------------
tns max -2025.46

==========================================================================
global place report_wns
--------------------------------------------------------------------------
wns max -119.28

==========================================================================
global place report_worst_slack
--------------------------------------------------------------------------
worst slack max -119.28

==========================================================================
global place report_clock_min_period
--------------------------------------------------------------------------
clk period_min = 161.77 fmax = 6181.58
clk_uncore period_min = 114.01 fmax = 8771.02

==========================================================================
global place report_checks -path_delay min
--------------------------------------------------------------------------
Startpoint: _tray_size4_33418 (rising edge-triggered flip-flop clocked by clk)
Endpoint: _tray_size4_33343 (rising edge-triggered flip-flop clocked by clk)
Path Group: clk
Path Type: min

Fanout     Cap    Slew   Delay    Time   Description
-----------------------------------------------------------------------------
                  0.00    0.00    0.00   clock clk (rise edge)
                          0.00    0.00   clock network delay (ideal)
                  0.00    0.00    0.00 ^ _tray_size4_33418/CLK (DFFHQNH2V2Xx1_ASAP7_75t_R)
     1    0.54   15.75   43.91   43.91 ^ _tray_size4_33418/QN0 (DFFHQNH2V2Xx1_ASAP7_75t_R)
                                         _14541_ (net)
                 15.75    0.02   43.93 ^ _34480_/A (INVx1_ASAP7_75t_R)
     1    0.51    6.60    6.07   50.00 v _34480_/Y (INVx1_ASAP7_75t_R)
                                         mult_result[900][8] (net)
                  6.60    0.02   50.02 v _tray_size4_33343/D2 (DFFHQNH2V2Xx1_ASAP7_75t_R)
                                 50.02   data arrival time

                  0.00    0.00    0.00   clock clk (rise edge)
                          0.00    0.00   clock network delay (ideal)
                         10.00   10.00   clock uncertainty
                          0.00   10.00   clock reconvergence pessimism
                                 10.00 ^ _tray_size4_33343/CLK (DFFHQNH2V2Xx1_ASAP7_75t_R)
                          9.25   19.25   library hold time
                                 19.25   data required time
-----------------------------------------------------------------------------
                                 19.25   data required time
                                -50.02   data arrival time
-----------------------------------------------------------------------------
                                 30.76   slack (MET)


Startpoint: _tray_size4_32935
            (rising edge-triggered flip-flop clocked by clk_uncore)
Endpoint: _tray_size4_32935
          (rising edge-triggered flip-flop clocked by clk_uncore)
Path Group: clk_uncore
Path Type: min

Fanout     Cap    Slew   Delay    Time   Description
-----------------------------------------------------------------------------
                  0.00    0.00    0.00   clock clk_uncore (rise edge)
                          0.00    0.00   clock network delay (ideal)
                  0.00    0.00    0.00 ^ _tray_size4_32935/CLK (DFFHQNH2V2Xx1_ASAP7_75t_R)
     2    1.94   29.30   52.76   52.76 ^ _tray_size4_32935/QN2 (DFFHQNH2V2Xx1_ASAP7_75t_R)
                                         _00193_ (net)
                 29.30    0.06   52.82 ^ _36529_/A1 (OAI21x1_ASAP7_75t_R)
     1    0.72    5.73    8.21   61.02 v _36529_/Y (OAI21x1_ASAP7_75t_R)
                                         _18803_ (net)
                  5.73    0.04   61.07 v _tray_size4_32935/D2 (DFFHQNH2V2Xx1_ASAP7_75t_R)
                                 61.07   data arrival time

                  0.00    0.00    0.00   clock clk_uncore (rise edge)
                          0.00    0.00   clock network delay (ideal)
                         10.00   10.00   clock uncertainty
                          0.00   10.00   clock reconvergence pessimism
                                 10.00 ^ _tray_size4_32935/CLK (DFFHQNH2V2Xx1_ASAP7_75t_R)
                          9.43   19.43   library hold time
                                 19.43   data required time
-----------------------------------------------------------------------------
                                 19.43   data required time
                                -61.07   data arrival time
-----------------------------------------------------------------------------
                                 41.64   slack (MET)



==========================================================================
global place report_checks -path_delay max
--------------------------------------------------------------------------
Startpoint: rinc (input port)
Endpoint: fifo_out.rptr_empty.rempty$_DFF_PN1_
          (rising edge-triggered flip-flop clocked by clk_uncore)
Path Group: in2reg
Path Type: max

Fanout     Cap    Slew   Delay    Time   Description
-----------------------------------------------------------------------------
                          0.00    0.00 ^ input external delay
     1    1.02    0.00    0.00    0.00 ^ rinc (in)
                                         rinc (net)
                  0.19    0.06    0.06 ^ input64/A (BUFx2_ASAP7_75t_R)
     1    2.53   10.98   12.93   12.99 ^ input64/Y (BUFx2_ASAP7_75t_R)
                                         net63 (net)
                 11.06    0.52   13.51 ^ _19818_/A (AND2x4_ASAP7_75t_R)
     1    1.29    6.29   13.92   27.43 ^ _19818_/Y (AND2x4_ASAP7_75t_R)
                                         _18759_ (net)
                  6.29    0.08   27.51 ^ _39102_/A (HAxp5_ASAP7_75t_R)
     2    1.69   24.62   13.10   40.61 v _39102_/CON (HAxp5_ASAP7_75t_R)
                                         _18760_ (net)
                 24.62    0.06   40.66 v _19790_/A (INVx1_ASAP7_75t_R)
     1    1.02   12.55   10.64   51.30 ^ _19790_/Y (INVx1_ASAP7_75t_R)
                                         _18749_ (net)
                 12.55    0.04   51.35 ^ _39098_/B (HAxp5_ASAP7_75t_R)
     2    1.71   32.22   32.50   83.84 v _39098_/SN (HAxp5_ASAP7_75t_R)
                                         _18751_ (net)
                 32.22    0.06   83.90 v place165/A (BUFx3_ASAP7_75t_R)
     1    1.27    6.46   19.46  103.36 v place165/Y (BUFx3_ASAP7_75t_R)
                                         net164 (net)
                  6.47    0.09  103.45 v _19859_/A (XOR2x2_ASAP7_75t_R)
     2    1.90   10.65   24.72  128.17 ^ _19859_/Y (XOR2x2_ASAP7_75t_R)
                                         fifo_out.rptr_empty.rgraynext[0] (net)
                 10.66    0.08  128.25 ^ _20143_/B (XOR2x2_ASAP7_75t_R)
     1    0.70    6.77   24.24  152.49 ^ _20143_/Y (XOR2x2_ASAP7_75t_R)
                                         _19362_ (net)
                  6.77    0.03  152.52 ^ _20146_/B (AND4x1_ASAP7_75t_R)
     1    0.96   11.65   21.58  174.11 ^ _20146_/Y (AND4x1_ASAP7_75t_R)
                                         fifo_out.rptr_empty.rempty_val (net)
                 11.65    0.07  174.18 ^ fifo_out.rptr_empty.rempty$_DFF_PN1_/D (DFFASRHQNx1_ASAP7_75t_R)
                                174.18   data arrival time

                         80.00   80.00   max_delay
                        -10.00   70.00   clock uncertainty
                          0.00   70.00   clock reconvergence pessimism
                        -15.10   54.90   library setup time
                                 54.90   data required time
-----------------------------------------------------------------------------
                                 54.90   data required time
                               -174.18   data arrival time
-----------------------------------------------------------------------------
                               -119.28   slack (VIOLATED)


Startpoint: fifo_out.rptr_empty.rbin[1]$_DFF_PN0_/QN (internal pin)
Endpoint: rdata[2] (output port)
Path Group: reg2out
Path Type: max

Fanout     Cap    Slew   Delay    Time   Description
-----------------------------------------------------------------------------
    27   31.09  171.92    0.00    0.00 v fifo_out.rptr_empty.rbin[1]$_DFF_PN0_/QN (DFFASRHQNx1_ASAP7_75t_R)
                                         _16519_ (net)
                172.24    4.39    4.39 v place225/A (BUFx3_ASAP7_75t_R)
     5    5.45   16.99   42.72   47.11 v place225/Y (BUFx3_ASAP7_75t_R)
                                         net224 (net)
                 17.00    0.19   47.30 v _19815_/A (INVx3_ASAP7_75t_R)
     4    5.66   15.67   11.75   59.06 ^ _19815_/Y (INVx3_ASAP7_75t_R)
                                         _19086_ (net)
                 15.72    0.50   59.56 ^ place208/A (BUFx6f_ASAP7_75t_R)
     7    9.50   13.76   17.41   76.97 ^ place208/Y (BUFx6f_ASAP7_75t_R)
                                         net207 (net)
                 13.79    0.37   77.34 ^ _20073_/A2 (OAI21x1_ASAP7_75t_R)
     1    0.82   11.24    7.76   85.10 v _20073_/Y (OAI21x1_ASAP7_75t_R)
                                         _19303_ (net)
                 11.24    0.04   85.14 v _20077_/A2 (AO21x1_ASAP7_75t_R)
     1    0.99    8.93   16.00  101.15 v _20077_/Y (AO21x1_ASAP7_75t_R)
                                         _19307_ (net)
                  8.93    0.07  101.22 v _20085_/A2 (OA21x2_ASAP7_75t_R)
     1    2.97   14.44   20.32  121.54 v _20085_/Y (OA21x2_ASAP7_75t_R)
                                         net108 (net)
                 14.61    0.83  122.38 v output109/A (BUFx2_ASAP7_75t_R)
     1    0.47    4.83   14.98  137.36 v output109/Y (BUFx2_ASAP7_75t_R)
                                         rdata[2] (net)
                  4.83    0.03  137.39 v rdata[2] (out)
                                137.39   data arrival time

                         80.00   80.00   max_delay
                          0.00   80.00   output external delay
                                 80.00   data required time
-----------------------------------------------------------------------------
                                 80.00   data required time
                               -137.39   data arrival time
-----------------------------------------------------------------------------
                                -57.39   slack (VIOLATED)


Startpoint: _tray_size4_32935
            (rising edge-triggered flip-flop clocked by clk_uncore)
Endpoint: _tray_size4_33736 (rising edge-triggered flip-flop clocked by clk)
Path Group: path delay
Path Type: max

Fanout     Cap    Slew   Delay    Time   Description
-----------------------------------------------------------------------------
                  0.00    0.00    0.00 ^ _tray_size4_32935/CLK (DFFHQNH2V2Xx1_ASAP7_75t_R)
     2    2.42   32.22   54.49   54.49 v _tray_size4_32935/QN2 (DFFHQNH2V2Xx1_ASAP7_75t_R)
                                         _00193_ (net)
                 32.22    0.06   54.55 v _19694_/A (NAND2x1_ASAP7_75t_R)
     1    0.73   25.13   14.89   69.44 ^ _19694_/Y (NAND2x1_ASAP7_75t_R)
                                         _18999_ (net)
                 25.13    0.03   69.47 ^ _19695_/B (OA21x2_ASAP7_75t_R)
     1    2.87   16.01   21.96   91.43 ^ _19695_/Y (OA21x2_ASAP7_75t_R)
                                         _18723_ (net)
                 16.12    0.71   92.13 ^ _39091_/A (HAxp5_ASAP7_75t_R)
     6    4.60   80.81   63.74  155.87 v _39091_/SN (HAxp5_ASAP7_75t_R)
                                         _18726_ (net)
                 80.81    0.22  156.09 v _19754_/C (OR4x1_ASAP7_75t_R)
     4    3.37   24.88   44.66  200.75 v _19754_/Y (OR4x1_ASAP7_75t_R)
                                         _19039_ (net)
                 24.88    0.13  200.88 v _19757_/B (AO21x1_ASAP7_75t_R)
     2    1.72   13.00   21.90  222.78 v _19757_/Y (AO21x1_ASAP7_75t_R)
                                         _19042_ (net)
                 13.00    0.15  222.92 v _19762_/D (AND5x1_ASAP7_75t_R)
     3    2.42   15.58   23.07  245.99 v _19762_/Y (AND5x1_ASAP7_75t_R)
                                         _19047_ (net)
                 15.59    0.20  246.19 v _19826_/A1 (OA21x2_ASAP7_75t_R)
     1    1.20    7.46   18.86  265.05 v _19826_/Y (OA21x2_ASAP7_75t_R)
                                         _19090_ (net)
                  7.46    0.06  265.11 v _19827_/B (XOR2x2_ASAP7_75t_R)
     1    0.63    7.27   23.08  288.19 ^ _19827_/Y (XOR2x2_ASAP7_75t_R)
                                         _00007_ (net)
                  7.27    0.02  288.21 ^ _tray_size4_33736/D3 (DFFHQNH2V2Xx1_ASAP7_75t_R)
                                288.21   data arrival time

                        333.00  333.00   max_delay
                        -15.18  317.82   library setup time
                                317.82   data required time
-----------------------------------------------------------------------------
                                317.82   data required time
                               -288.21   data arrival time
-----------------------------------------------------------------------------
                                 29.60   slack (MET)


Startpoint: _tray_size4_33703 (rising edge-triggered flip-flop clocked by clk)
Endpoint: _tray_size4_33006 (rising edge-triggered flip-flop clocked by clk)
Path Group: clk
Path Type: max

Fanout     Cap    Slew   Delay    Time   Description
-----------------------------------------------------------------------------
                  0.00    0.00    0.00   clock clk (rise edge)
                          0.00    0.00   clock network delay (ideal)
                  0.00    0.00    0.00 ^ _tray_size4_33703/CLK (DFFHQNH2V2Xx1_ASAP7_75t_R)
     8   10.36   90.75   83.24   83.24 v _tray_size4_33703/QN2 (DFFHQNH2V2Xx1_ASAP7_75t_R)
                                         _16517_ (net)
                 91.76    5.47   88.71 v _36749_/A (AND2x2_ASAP7_75t_R)
     1    1.53   10.16   34.26  122.97 v _36749_/Y (AND2x2_ASAP7_75t_R)
                                         _19536_ (net)
                 10.17    0.11  123.08 v _36750_/B (AOI21x1_ASAP7_75t_R)
     1    0.92   27.81    9.61  132.70 ^ _36750_/Y (AOI21x1_ASAP7_75t_R)
                                         _18889_ (net)
                 27.81    0.07  132.76 ^ _tray_size4_33006/D0 (DFFHQNH2V2Xx1_ASAP7_75t_R)
                                132.76   data arrival time

                  0.00  333.00  333.00   clock clk (rise edge)
                          0.00  333.00   clock network delay (ideal)
                        -10.00  323.00   clock uncertainty
                          0.00  323.00   clock reconvergence pessimism
                                323.00 ^ _tray_size4_33006/CLK (DFFHQNH2V2Xx1_ASAP7_75t_R)
                        -19.01  303.99   library setup time
                                303.99   data required time
-----------------------------------------------------------------------------
                                303.99   data required time
                               -132.76   data arrival time
-----------------------------------------------------------------------------
                                171.23   slack (MET)


Startpoint: _tray_size4_32941
            (rising edge-triggered flip-flop clocked by clk_uncore)
Endpoint: _tray_size4_32941
          (rising edge-triggered flip-flop clocked by clk_uncore)
Path Group: clk_uncore
Path Type: max

Fanout     Cap    Slew   Delay    Time   Description
-----------------------------------------------------------------------------
                  0.00    0.00    0.00   clock clk_uncore (rise edge)
                          0.00    0.00   clock network delay (ideal)
                  0.00    0.00    0.00 ^ _tray_size4_32941/CLK (DFFHQNH2V2Xx1_ASAP7_75t_R)
     1    1.07   21.52   46.19   46.19 v _tray_size4_32941/QN3 (DFFHQNH2V2Xx1_ASAP7_75t_R)
                                         _00158_ (net)
                 21.53    0.09   46.27 v _19720_/A (INVx1_ASAP7_75t_R)
     2    2.08   17.84   13.84   60.11 ^ _19720_/Y (INVx1_ASAP7_75t_R)
                                         _19015_ (net)
                 17.84    0.05   60.17 ^ _36610_/A (AND2x2_ASAP7_75t_R)
     1    0.85    6.99   15.96   76.13 ^ _36610_/Y (AND2x2_ASAP7_75t_R)
                                         _19448_ (net)
                  6.99    0.05   76.17 ^ _36611_/B (AO21x1_ASAP7_75t_R)
     1    0.76    8.16   11.03   87.21 ^ _36611_/Y (AO21x1_ASAP7_75t_R)
                                         _18838_ (net)
                  8.16    0.04   87.25 ^ _tray_size4_32941/D3 (DFFHQNH2V2Xx1_ASAP7_75t_R)
                                 87.25   data arrival time

                  0.00 1000.00 1000.00   clock clk_uncore (rise edge)
                          0.00 1000.00   clock network delay (ideal)
                        -10.00  990.00   clock uncertainty
                          0.00  990.00   clock reconvergence pessimism
                                990.00 ^ _tray_size4_32941/CLK (DFFHQNH2V2Xx1_ASAP7_75t_R)
                        -16.76  973.24   library setup time
                                973.24   data required time
-----------------------------------------------------------------------------
                                973.24   data required time
                                -87.25   data arrival time
-----------------------------------------------------------------------------
                                885.99   slack (MET)



==========================================================================
global place report_checks -unconstrained
--------------------------------------------------------------------------
Startpoint: rinc (input port)
Endpoint: fifo_out.rptr_empty.rempty$_DFF_PN1_
          (rising edge-triggered flip-flop clocked by clk_uncore)
Path Group: in2reg
Path Type: max

Fanout     Cap    Slew   Delay    Time   Description
-----------------------------------------------------------------------------
                          0.00    0.00 ^ input external delay
     1    1.02    0.00    0.00    0.00 ^ rinc (in)
                                         rinc (net)
                  0.19    0.06    0.06 ^ input64/A (BUFx2_ASAP7_75t_R)
     1    2.53   10.98   12.93   12.99 ^ input64/Y (BUFx2_ASAP7_75t_R)
                                         net63 (net)
                 11.06    0.52   13.51 ^ _19818_/A (AND2x4_ASAP7_75t_R)
     1    1.29    6.29   13.92   27.43 ^ _19818_/Y (AND2x4_ASAP7_75t_R)
                                         _18759_ (net)
                  6.29    0.08   27.51 ^ _39102_/A (HAxp5_ASAP7_75t_R)
     2    1.69   24.62   13.10   40.61 v _39102_/CON (HAxp5_ASAP7_75t_R)
                                         _18760_ (net)
                 24.62    0.06   40.66 v _19790_/A (INVx1_ASAP7_75t_R)
     1    1.02   12.55   10.64   51.30 ^ _19790_/Y (INVx1_ASAP7_75t_R)
                                         _18749_ (net)
                 12.55    0.04   51.35 ^ _39098_/B (HAxp5_ASAP7_75t_R)
     2    1.71   32.22   32.50   83.84 v _39098_/SN (HAxp5_ASAP7_75t_R)
                                         _18751_ (net)
                 32.22    0.06   83.90 v place165/A (BUFx3_ASAP7_75t_R)
     1    1.27    6.46   19.46  103.36 v place165/Y (BUFx3_ASAP7_75t_R)
                                         net164 (net)
                  6.47    0.09  103.45 v _19859_/A (XOR2x2_ASAP7_75t_R)
     2    1.90   10.65   24.72  128.17 ^ _19859_/Y (XOR2x2_ASAP7_75t_R)
                                         fifo_out.rptr_empty.rgraynext[0] (net)
                 10.66    0.08  128.25 ^ _20143_/B (XOR2x2_ASAP7_75t_R)
     1    0.70    6.77   24.24  152.49 ^ _20143_/Y (XOR2x2_ASAP7_75t_R)
                                         _19362_ (net)
                  6.77    0.03  152.52 ^ _20146_/B (AND4x1_ASAP7_75t_R)
     1    0.96   11.65   21.58  174.11 ^ _20146_/Y (AND4x1_ASAP7_75t_R)
                                         fifo_out.rptr_empty.rempty_val (net)
                 11.65    0.07  174.18 ^ fifo_out.rptr_empty.rempty$_DFF_PN1_/D (DFFASRHQNx1_ASAP7_75t_R)
                                174.18   data arrival time

                         80.00   80.00   max_delay
                        -10.00   70.00   clock uncertainty
                          0.00   70.00   clock reconvergence pessimism
                        -15.10   54.90   library setup time
                                 54.90   data required time
-----------------------------------------------------------------------------
                                 54.90   data required time
                               -174.18   data arrival time
-----------------------------------------------------------------------------
                               -119.28   slack (VIOLATED)


Startpoint: fifo_out.rptr_empty.rbin[1]$_DFF_PN0_/QN (internal pin)
Endpoint: rdata[2] (output port)
Path Group: reg2out
Path Type: max

Fanout     Cap    Slew   Delay    Time   Description
-----------------------------------------------------------------------------
    27   31.09  171.92    0.00    0.00 v fifo_out.rptr_empty.rbin[1]$_DFF_PN0_/QN (DFFASRHQNx1_ASAP7_75t_R)
                                         _16519_ (net)
                172.24    4.39    4.39 v place225/A (BUFx3_ASAP7_75t_R)
     5    5.45   16.99   42.72   47.11 v place225/Y (BUFx3_ASAP7_75t_R)
                                         net224 (net)
                 17.00    0.19   47.30 v _19815_/A (INVx3_ASAP7_75t_R)
     4    5.66   15.67   11.75   59.06 ^ _19815_/Y (INVx3_ASAP7_75t_R)
                                         _19086_ (net)
                 15.72    0.50   59.56 ^ place208/A (BUFx6f_ASAP7_75t_R)
     7    9.50   13.76   17.41   76.97 ^ place208/Y (BUFx6f_ASAP7_75t_R)
                                         net207 (net)
                 13.79    0.37   77.34 ^ _20073_/A2 (OAI21x1_ASAP7_75t_R)
     1    0.82   11.24    7.76   85.10 v _20073_/Y (OAI21x1_ASAP7_75t_R)
                                         _19303_ (net)
                 11.24    0.04   85.14 v _20077_/A2 (AO21x1_ASAP7_75t_R)
     1    0.99    8.93   16.00  101.15 v _20077_/Y (AO21x1_ASAP7_75t_R)
                                         _19307_ (net)
                  8.93    0.07  101.22 v _20085_/A2 (OA21x2_ASAP7_75t_R)
     1    2.97   14.44   20.32  121.54 v _20085_/Y (OA21x2_ASAP7_75t_R)
                                         net108 (net)
                 14.61    0.83  122.38 v output109/A (BUFx2_ASAP7_75t_R)
     1    0.47    4.83   14.98  137.36 v output109/Y (BUFx2_ASAP7_75t_R)
                                         rdata[2] (net)
                  4.83    0.03  137.39 v rdata[2] (out)
                                137.39   data arrival time

                         80.00   80.00   max_delay
                          0.00   80.00   output external delay
                                 80.00   data required time
-----------------------------------------------------------------------------
                                 80.00   data required time
                               -137.39   data arrival time
-----------------------------------------------------------------------------
                                -57.39   slack (VIOLATED)


Startpoint: _tray_size4_32935
            (rising edge-triggered flip-flop clocked by clk_uncore)
Endpoint: _tray_size4_33736 (rising edge-triggered flip-flop clocked by clk)
Path Group: path delay
Path Type: max

Fanout     Cap    Slew   Delay    Time   Description
-----------------------------------------------------------------------------
                  0.00    0.00    0.00 ^ _tray_size4_32935/CLK (DFFHQNH2V2Xx1_ASAP7_75t_R)
     2    2.42   32.22   54.49   54.49 v _tray_size4_32935/QN2 (DFFHQNH2V2Xx1_ASAP7_75t_R)
                                         _00193_ (net)
                 32.22    0.06   54.55 v _19694_/A (NAND2x1_ASAP7_75t_R)
     1    0.73   25.13   14.89   69.44 ^ _19694_/Y (NAND2x1_ASAP7_75t_R)
                                         _18999_ (net)
                 25.13    0.03   69.47 ^ _19695_/B (OA21x2_ASAP7_75t_R)
     1    2.87   16.01   21.96   91.43 ^ _19695_/Y (OA21x2_ASAP7_75t_R)
                                         _18723_ (net)
                 16.12    0.71   92.13 ^ _39091_/A (HAxp5_ASAP7_75t_R)
     6    4.60   80.81   63.74  155.87 v _39091_/SN (HAxp5_ASAP7_75t_R)
                                         _18726_ (net)
                 80.81    0.22  156.09 v _19754_/C (OR4x1_ASAP7_75t_R)
     4    3.37   24.88   44.66  200.75 v _19754_/Y (OR4x1_ASAP7_75t_R)
                                         _19039_ (net)
                 24.88    0.13  200.88 v _19757_/B (AO21x1_ASAP7_75t_R)
     2    1.72   13.00   21.90  222.78 v _19757_/Y (AO21x1_ASAP7_75t_R)
                                         _19042_ (net)
                 13.00    0.15  222.92 v _19762_/D (AND5x1_ASAP7_75t_R)
     3    2.42   15.58   23.07  245.99 v _19762_/Y (AND5x1_ASAP7_75t_R)
                                         _19047_ (net)
                 15.59    0.20  246.19 v _19826_/A1 (OA21x2_ASAP7_75t_R)
     1    1.20    7.46   18.86  265.05 v _19826_/Y (OA21x2_ASAP7_75t_R)
                                         _19090_ (net)
                  7.46    0.06  265.11 v _19827_/B (XOR2x2_ASAP7_75t_R)
     1    0.63    7.27   23.08  288.19 ^ _19827_/Y (XOR2x2_ASAP7_75t_R)
                                         _00007_ (net)
                  7.27    0.02  288.21 ^ _tray_size4_33736/D3 (DFFHQNH2V2Xx1_ASAP7_75t_R)
                                288.21   data arrival time

                        333.00  333.00   max_delay
                        -15.18  317.82   library setup time
                                317.82   data required time
-----------------------------------------------------------------------------
                                317.82   data required time
                               -288.21   data arrival time
-----------------------------------------------------------------------------
                                 29.60   slack (MET)


Startpoint: _tray_size4_33703 (rising edge-triggered flip-flop clocked by clk)
Endpoint: _tray_size4_33006 (rising edge-triggered flip-flop clocked by clk)
Path Group: clk
Path Type: max

Fanout     Cap    Slew   Delay    Time   Description
-----------------------------------------------------------------------------
                  0.00    0.00    0.00   clock clk (rise edge)
                          0.00    0.00   clock network delay (ideal)
                  0.00    0.00    0.00 ^ _tray_size4_33703/CLK (DFFHQNH2V2Xx1_ASAP7_75t_R)
     8   10.36   90.75   83.24   83.24 v _tray_size4_33703/QN2 (DFFHQNH2V2Xx1_ASAP7_75t_R)
                                         _16517_ (net)
                 91.76    5.47   88.71 v _36749_/A (AND2x2_ASAP7_75t_R)
     1    1.53   10.16   34.26  122.97 v _36749_/Y (AND2x2_ASAP7_75t_R)
                                         _19536_ (net)
                 10.17    0.11  123.08 v _36750_/B (AOI21x1_ASAP7_75t_R)
     1    0.92   27.81    9.61  132.70 ^ _36750_/Y (AOI21x1_ASAP7_75t_R)
                                         _18889_ (net)
                 27.81    0.07  132.76 ^ _tray_size4_33006/D0 (DFFHQNH2V2Xx1_ASAP7_75t_R)
                                132.76   data arrival time

                  0.00  333.00  333.00   clock clk (rise edge)
                          0.00  333.00   clock network delay (ideal)
                        -10.00  323.00   clock uncertainty
                          0.00  323.00   clock reconvergence pessimism
                                323.00 ^ _tray_size4_33006/CLK (DFFHQNH2V2Xx1_ASAP7_75t_R)
                        -19.01  303.99   library setup time
                                303.99   data required time
-----------------------------------------------------------------------------
                                303.99   data required time
                               -132.76   data arrival time
-----------------------------------------------------------------------------
                                171.23   slack (MET)


Startpoint: _tray_size4_32941
            (rising edge-triggered flip-flop clocked by clk_uncore)
Endpoint: _tray_size4_32941
          (rising edge-triggered flip-flop clocked by clk_uncore)
Path Group: clk_uncore
Path Type: max

Fanout     Cap    Slew   Delay    Time   Description
-----------------------------------------------------------------------------
                  0.00    0.00    0.00   clock clk_uncore (rise edge)
                          0.00    0.00   clock network delay (ideal)
                  0.00    0.00    0.00 ^ _tray_size4_32941/CLK (DFFHQNH2V2Xx1_ASAP7_75t_R)
     1    1.07   21.52   46.19   46.19 v _tray_size4_32941/QN3 (DFFHQNH2V2Xx1_ASAP7_75t_R)
                                         _00158_ (net)
                 21.53    0.09   46.27 v _19720_/A (INVx1_ASAP7_75t_R)
     2    2.08   17.84   13.84   60.11 ^ _19720_/Y (INVx1_ASAP7_75t_R)
                                         _19015_ (net)
                 17.84    0.05   60.17 ^ _36610_/A (AND2x2_ASAP7_75t_R)
     1    0.85    6.99   15.96   76.13 ^ _36610_/Y (AND2x2_ASAP7_75t_R)
                                         _19448_ (net)
                  6.99    0.05   76.17 ^ _36611_/B (AO21x1_ASAP7_75t_R)
     1    0.76    8.16   11.03   87.21 ^ _36611_/Y (AO21x1_ASAP7_75t_R)
                                         _18838_ (net)
                  8.16    0.04   87.25 ^ _tray_size4_32941/D3 (DFFHQNH2V2Xx1_ASAP7_75t_R)
                                 87.25   data arrival time

                  0.00 1000.00 1000.00   clock clk_uncore (rise edge)
                          0.00 1000.00   clock network delay (ideal)
                        -10.00  990.00   clock uncertainty
                          0.00  990.00   clock reconvergence pessimism
                                990.00 ^ _tray_size4_32941/CLK (DFFHQNH2V2Xx1_ASAP7_75t_R)
                        -16.76  973.24   library setup time
                                973.24   data required time
-----------------------------------------------------------------------------
                                973.24   data required time
                                -87.25   data arrival time
-----------------------------------------------------------------------------
                                885.99   slack (MET)



==========================================================================
global place report_power
--------------------------------------------------------------------------
