
==========================================================================
detailed place report_tns
--------------------------------------------------------------------------
tns max -3102.43

==========================================================================
detailed place report_wns
--------------------------------------------------------------------------
wns max -42.74

==========================================================================
detailed place report_worst_slack
--------------------------------------------------------------------------
worst slack max -42.74

==========================================================================
detailed place report_clock_min_period
--------------------------------------------------------------------------
clk period_min = 422.74 fmax = 2365.50

==========================================================================
detailed place report_checks -path_delay min
--------------------------------------------------------------------------
Startpoint: dcnt[3]$_SDFFE_PN0P_
            (rising edge-triggered flip-flop clocked by clk)
Endpoint: dcnt[3]$_SDFFE_PN0P_ (rising edge-triggered flip-flop clocked by clk)
Path Group: clk
Path Type: min

Fanout     Cap    Slew   Delay    Time   Description
-----------------------------------------------------------------------------
                  0.00    0.00    0.00   clock clk (rise edge)
                          0.00    0.00   clock network delay (ideal)
                  0.00    0.00    0.00 ^ dcnt[3]$_SDFFE_PN0P_/CLK (DFFHQNx1_ASAP7_75t_R)
     2    1.23   15.78   34.55   34.55 ^ dcnt[3]$_SDFFE_PN0P_/QN (DFFHQNx1_ASAP7_75t_R)
                                         _00413_ (net)
                 15.78    0.05   34.60 ^ _30044_/B (AO21x1_ASAP7_75t_R)
     1    1.19    9.62   13.78   48.38 ^ _30044_/Y (AO21x1_ASAP7_75t_R)
                                         _07437_ (net)
                  9.62    0.07   48.45 ^ _30045_/A2 (AOI21x1_ASAP7_75t_R)
     1    0.70    6.71    6.82   55.27 v _30045_/Y (AOI21x1_ASAP7_75t_R)
                                         _01555_ (net)
                  6.71    0.03   55.31 v dcnt[3]$_SDFFE_PN0P_/D (DFFHQNx1_ASAP7_75t_R)
                                 55.31   data arrival time

                  0.00    0.00    0.00   clock clk (rise edge)
                          0.00    0.00   clock network delay (ideal)
                          0.00    0.00   clock reconvergence pessimism
                                  0.00 ^ dcnt[3]$_SDFFE_PN0P_/CLK (DFFHQNx1_ASAP7_75t_R)
                          8.59    8.59   library hold time
                                  8.59   data required time
-----------------------------------------------------------------------------
                                  8.59   data required time
                                -55.31   data arrival time
-----------------------------------------------------------------------------
                                 46.72   slack (MET)



==========================================================================
detailed place report_checks -path_delay max
--------------------------------------------------------------------------
Startpoint: _tray_size2_1120 (rising edge-triggered flip-flop clocked by clk)
Endpoint: sa21_sr[1]$_DFF_P_ (rising edge-triggered flip-flop clocked by clk)
Path Group: clk
Path Type: max

Fanout     Cap    Slew   Delay    Time   Description
-----------------------------------------------------------------------------
                  0.00    0.00    0.00   clock clk (rise edge)
                          0.00    0.00   clock network delay (ideal)
                  0.00    0.00    0.00 ^ _tray_size2_1120/CLK (DFFHQNV2Xx1_ASAP7_75t_R)
     2    3.31   41.50   59.66   59.66 ^ _tray_size2_1120/QN1 (DFFHQNV2Xx1_ASAP7_75t_R)
                                         _00889_ (net)
                 41.54    0.70   60.36 ^ place5182/A (BUFx3_ASAP7_75t_R)
     7   11.47   28.08   28.62   88.98 ^ place5182/Y (BUFx3_ASAP7_75t_R)
                                         net5182 (net)
                 28.45    1.80   90.78 ^ _15630_/B (XOR2x2_ASAP7_75t_R)
     1    1.00    7.83   29.41  120.19 ^ _15630_/Y (XOR2x2_ASAP7_75t_R)
                                         _07526_ (net)
                  7.83    0.04  120.23 ^ _15631_/A (XOR2x2_ASAP7_75t_R)
     3    3.12   14.03   27.22  147.45 ^ _15631_/Y (XOR2x2_ASAP7_75t_R)
                                         _07527_ (net)
                 14.05    0.24  147.69 ^ _15642_/A (XOR2x2_ASAP7_75t_R)
     1    1.21    8.25   25.58  173.27 ^ _15642_/Y (XOR2x2_ASAP7_75t_R)
                                         _07538_ (net)
                  8.25    0.05  173.32 ^ _15643_/B (NOR2x1_ASAP7_75t_R)
     2    2.27   18.10   10.52  183.85 v _15643_/Y (NOR2x1_ASAP7_75t_R)
                                         _07539_ (net)
                 18.10    0.08  183.93 v _15648_/A2 (OAI21x1_ASAP7_75t_R)
     1    2.38   20.57   14.93  198.86 ^ _15648_/Y (OAI21x1_ASAP7_75t_R)
                                         _07543_ (net)
                 20.57    0.13  198.99 ^ _15649_/B (NAND2x2_ASAP7_75t_R)
     2    2.64   12.55    9.66  208.65 v _15649_/Y (NAND2x2_ASAP7_75t_R)
                                         _01002_ (net)
                 12.55    0.19  208.84 v place4382/A (BUFx3_ASAP7_75t_R)
    11   15.80   31.49   26.07  234.91 v place4382/Y (BUFx3_ASAP7_75t_R)
                                         net4382 (net)
                 31.58    1.03  235.94 v _30107_/B (HAxp5_ASAP7_75t_R)
     2    1.51   25.65   20.58  256.52 ^ _30107_/CON (HAxp5_ASAP7_75t_R)
                                         _01005_ (net)
                 25.65    0.06  256.58 ^ _17304_/A (INVx1_ASAP7_75t_R)
     3    4.05   25.77   18.46  275.05 v _17304_/Y (INVx1_ASAP7_75t_R)
                                         _09150_ (net)
                 25.77    0.16  275.21 v _17357_/B (AOI21x1_ASAP7_75t_R)
     2    3.28   27.69   20.25  295.47 ^ _17357_/Y (AOI21x1_ASAP7_75t_R)
                                         _09202_ (net)
                 27.73    0.64  296.10 ^ _17366_/A (NOR2x1_ASAP7_75t_R)
     5    5.53   39.48   25.43  321.53 v _17366_/Y (NOR2x1_ASAP7_75t_R)
                                         _09211_ (net)
                 39.49    0.23  321.77 v _17491_/A2 (AOI21x1_ASAP7_75t_R)
     2    2.63   26.30   19.52  341.29 ^ _17491_/Y (AOI21x1_ASAP7_75t_R)
                                         _09335_ (net)
                 26.31    0.10  341.39 ^ _17685_/A (INVx1_ASAP7_75t_R)
     2    3.01   20.74   15.96  357.35 v _17685_/Y (INVx1_ASAP7_75t_R)
                                         _09526_ (net)
                 20.75    0.23  357.59 v _17686_/A1 (OAI21x1_ASAP7_75t_R)
     1    1.58   18.65   14.48  372.07 ^ _17686_/Y (OAI21x1_ASAP7_75t_R)
                                         _09527_ (net)
                 18.66    0.13  372.19 ^ _17687_/B (AOI21x1_ASAP7_75t_R)
     1    1.29   11.52    9.56  381.75 v _17687_/Y (AOI21x1_ASAP7_75t_R)
                                         _09528_ (net)
                 11.52    0.05  381.80 v _17703_/A1 (OAI21x1_ASAP7_75t_R)
     1    1.77   19.21   12.28  394.08 ^ _17703_/Y (OAI21x1_ASAP7_75t_R)
                                         _09544_ (net)
                 19.22    0.22  394.30 ^ _17704_/B (NAND2x1_ASAP7_75t_R)
     1    3.39   20.77   14.40  408.70 v _17704_/Y (NAND2x1_ASAP7_75t_R)
                                         _00121_ (net)
                 20.96    1.08  409.78 v sa21_sr[1]$_DFF_P_/D (DFFHQNx1_ASAP7_75t_R)
                                409.78   data arrival time

                  0.00  380.00  380.00   clock clk (rise edge)
                          0.00  380.00   clock network delay (ideal)
                          0.00  380.00   clock reconvergence pessimism
                                380.00 ^ sa21_sr[1]$_DFF_P_/CLK (DFFHQNx1_ASAP7_75t_R)
                        -12.96  367.04   library setup time
                                367.04   data required time
-----------------------------------------------------------------------------
                                367.04   data required time
                               -409.78   data arrival time
-----------------------------------------------------------------------------
                                -42.74   slack (VIOLATED)



==========================================================================
detailed place report_checks -unconstrained
--------------------------------------------------------------------------
Startpoint: _tray_size2_1120 (rising edge-triggered flip-flop clocked by clk)
Endpoint: sa21_sr[1]$_DFF_P_ (rising edge-triggered flip-flop clocked by clk)
Path Group: clk
Path Type: max

Fanout     Cap    Slew   Delay    Time   Description
-----------------------------------------------------------------------------
                  0.00    0.00    0.00   clock clk (rise edge)
                          0.00    0.00   clock network delay (ideal)
                  0.00    0.00    0.00 ^ _tray_size2_1120/CLK (DFFHQNV2Xx1_ASAP7_75t_R)
     2    3.31   41.50   59.66   59.66 ^ _tray_size2_1120/QN1 (DFFHQNV2Xx1_ASAP7_75t_R)
                                         _00889_ (net)
                 41.54    0.70   60.36 ^ place5182/A (BUFx3_ASAP7_75t_R)
     7   11.47   28.08   28.62   88.98 ^ place5182/Y (BUFx3_ASAP7_75t_R)
                                         net5182 (net)
                 28.45    1.80   90.78 ^ _15630_/B (XOR2x2_ASAP7_75t_R)
     1    1.00    7.83   29.41  120.19 ^ _15630_/Y (XOR2x2_ASAP7_75t_R)
                                         _07526_ (net)
                  7.83    0.04  120.23 ^ _15631_/A (XOR2x2_ASAP7_75t_R)
     3    3.12   14.03   27.22  147.45 ^ _15631_/Y (XOR2x2_ASAP7_75t_R)
                                         _07527_ (net)
                 14.05    0.24  147.69 ^ _15642_/A (XOR2x2_ASAP7_75t_R)
     1    1.21    8.25   25.58  173.27 ^ _15642_/Y (XOR2x2_ASAP7_75t_R)
                                         _07538_ (net)
                  8.25    0.05  173.32 ^ _15643_/B (NOR2x1_ASAP7_75t_R)
     2    2.27   18.10   10.52  183.85 v _15643_/Y (NOR2x1_ASAP7_75t_R)
                                         _07539_ (net)
                 18.10    0.08  183.93 v _15648_/A2 (OAI21x1_ASAP7_75t_R)
     1    2.38   20.57   14.93  198.86 ^ _15648_/Y (OAI21x1_ASAP7_75t_R)
                                         _07543_ (net)
                 20.57    0.13  198.99 ^ _15649_/B (NAND2x2_ASAP7_75t_R)
     2    2.64   12.55    9.66  208.65 v _15649_/Y (NAND2x2_ASAP7_75t_R)
                                         _01002_ (net)
                 12.55    0.19  208.84 v place4382/A (BUFx3_ASAP7_75t_R)
    11   15.80   31.49   26.07  234.91 v place4382/Y (BUFx3_ASAP7_75t_R)
                                         net4382 (net)
                 31.58    1.03  235.94 v _30107_/B (HAxp5_ASAP7_75t_R)
     2    1.51   25.65   20.58  256.52 ^ _30107_/CON (HAxp5_ASAP7_75t_R)
                                         _01005_ (net)
                 25.65    0.06  256.58 ^ _17304_/A (INVx1_ASAP7_75t_R)
     3    4.05   25.77   18.46  275.05 v _17304_/Y (INVx1_ASAP7_75t_R)
                                         _09150_ (net)
                 25.77    0.16  275.21 v _17357_/B (AOI21x1_ASAP7_75t_R)
     2    3.28   27.69   20.25  295.47 ^ _17357_/Y (AOI21x1_ASAP7_75t_R)
                                         _09202_ (net)
                 27.73    0.64  296.10 ^ _17366_/A (NOR2x1_ASAP7_75t_R)
     5    5.53   39.48   25.43  321.53 v _17366_/Y (NOR2x1_ASAP7_75t_R)
                                         _09211_ (net)
                 39.49    0.23  321.77 v _17491_/A2 (AOI21x1_ASAP7_75t_R)
     2    2.63   26.30   19.52  341.29 ^ _17491_/Y (AOI21x1_ASAP7_75t_R)
                                         _09335_ (net)
                 26.31    0.10  341.39 ^ _17685_/A (INVx1_ASAP7_75t_R)
     2    3.01   20.74   15.96  357.35 v _17685_/Y (INVx1_ASAP7_75t_R)
                                         _09526_ (net)
                 20.75    0.23  357.59 v _17686_/A1 (OAI21x1_ASAP7_75t_R)
     1    1.58   18.65   14.48  372.07 ^ _17686_/Y (OAI21x1_ASAP7_75t_R)
                                         _09527_ (net)
                 18.66    0.13  372.19 ^ _17687_/B (AOI21x1_ASAP7_75t_R)
     1    1.29   11.52    9.56  381.75 v _17687_/Y (AOI21x1_ASAP7_75t_R)
                                         _09528_ (net)
                 11.52    0.05  381.80 v _17703_/A1 (OAI21x1_ASAP7_75t_R)
     1    1.77   19.21   12.28  394.08 ^ _17703_/Y (OAI21x1_ASAP7_75t_R)
                                         _09544_ (net)
                 19.22    0.22  394.30 ^ _17704_/B (NAND2x1_ASAP7_75t_R)
     1    3.39   20.77   14.40  408.70 v _17704_/Y (NAND2x1_ASAP7_75t_R)
                                         _00121_ (net)
                 20.96    1.08  409.78 v sa21_sr[1]$_DFF_P_/D (DFFHQNx1_ASAP7_75t_R)
                                409.78   data arrival time

                  0.00  380.00  380.00   clock clk (rise edge)
                          0.00  380.00   clock network delay (ideal)
                          0.00  380.00   clock reconvergence pessimism
                                380.00 ^ sa21_sr[1]$_DFF_P_/CLK (DFFHQNx1_ASAP7_75t_R)
                        -12.96  367.04   library setup time
                                367.04   data required time
-----------------------------------------------------------------------------
                                367.04   data required time
                               -409.78   data arrival time
-----------------------------------------------------------------------------
                                -42.74   slack (VIOLATED)



==========================================================================
detailed place report_check_types -max_slew -max_cap -max_fanout -violators
--------------------------------------------------------------------------

==========================================================================
detailed place max_slew_check_slack
--------------------------------------------------------------------------
136.47032165527344

==========================================================================
detailed place max_slew_check_limit
--------------------------------------------------------------------------
320.0

==========================================================================
detailed place max_slew_check_slack_limit
--------------------------------------------------------------------------
0.4265

==========================================================================
detailed place max_fanout_check_slack
--------------------------------------------------------------------------
1.0000000150474662e+30

==========================================================================
detailed place max_fanout_check_limit
--------------------------------------------------------------------------
1.0000000150474662e+30

==========================================================================
detailed place max_capacitance_check_slack
--------------------------------------------------------------------------
9.543671607971191

==========================================================================
detailed place max_capacitance_check_limit
--------------------------------------------------------------------------
23.040000915527344

==========================================================================
detailed place max_capacitance_check_slack_limit
--------------------------------------------------------------------------
0.4142

==========================================================================
detailed place max_slew_violation_count
--------------------------------------------------------------------------
max slew violation count 0

==========================================================================
detailed place max_fanout_violation_count
--------------------------------------------------------------------------
max fanout violation count 0

==========================================================================
detailed place max_cap_violation_count
--------------------------------------------------------------------------
max cap violation count 0

==========================================================================
detailed place setup_violation_count
--------------------------------------------------------------------------
setup violation count 157

==========================================================================
detailed place hold_violation_count
--------------------------------------------------------------------------
hold violation count 0

==========================================================================
detailed place report_checks -path_delay max reg to reg
--------------------------------------------------------------------------
Startpoint: _tray_size2_1120 (rising edge-triggered flip-flop clocked by clk)
Endpoint: sa21_sr[1]$_DFF_P_ (rising edge-triggered flip-flop clocked by clk)
Path Group: clk
Path Type: max

  Delay    Time   Description
---------------------------------------------------------
   0.00    0.00   clock clk (rise edge)
   0.00    0.00   clock network delay (ideal)
   0.00    0.00 ^ _tray_size2_1120/CLK (DFFHQNV2Xx1_ASAP7_75t_R)
  59.66   59.66 ^ _tray_size2_1120/QN1 (DFFHQNV2Xx1_ASAP7_75t_R)
  29.32   88.98 ^ place5182/Y (BUFx3_ASAP7_75t_R)
  31.21  120.19 ^ _15630_/Y (XOR2x2_ASAP7_75t_R)
  27.26  147.45 ^ _15631_/Y (XOR2x2_ASAP7_75t_R)
  25.82  173.27 ^ _15642_/Y (XOR2x2_ASAP7_75t_R)
  10.58  183.85 v _15643_/Y (NOR2x1_ASAP7_75t_R)
  15.01  198.86 ^ _15648_/Y (OAI21x1_ASAP7_75t_R)
   9.79  208.65 v _15649_/Y (NAND2x2_ASAP7_75t_R)
  26.26  234.91 v place4382/Y (BUFx3_ASAP7_75t_R)
  21.61  256.52 ^ _30107_/CON (HAxp5_ASAP7_75t_R)
  18.53  275.05 v _17304_/Y (INVx1_ASAP7_75t_R)
  20.42  295.47 ^ _17357_/Y (AOI21x1_ASAP7_75t_R)
  26.07  321.53 v _17366_/Y (NOR2x1_ASAP7_75t_R)
  19.75  341.29 ^ _17491_/Y (AOI21x1_ASAP7_75t_R)
  16.06  357.35 v _17685_/Y (INVx1_ASAP7_75t_R)
  14.71  372.07 ^ _17686_/Y (OAI21x1_ASAP7_75t_R)
   9.68  381.75 v _17687_/Y (AOI21x1_ASAP7_75t_R)
  12.33  394.08 ^ _17703_/Y (OAI21x1_ASAP7_75t_R)
  14.62  408.70 v _17704_/Y (NAND2x1_ASAP7_75t_R)
   1.08  409.78 v sa21_sr[1]$_DFF_P_/D (DFFHQNx1_ASAP7_75t_R)
         409.78   data arrival time

 380.00  380.00   clock clk (rise edge)
   0.00  380.00   clock network delay (ideal)
   0.00  380.00   clock reconvergence pessimism
         380.00 ^ sa21_sr[1]$_DFF_P_/CLK (DFFHQNx1_ASAP7_75t_R)
 -12.96  367.04   library setup time
         367.04   data required time
---------------------------------------------------------
         367.04   data required time
        -409.78   data arrival time
---------------------------------------------------------
         -42.74   slack (VIOLATED)



==========================================================================
detailed place report_checks -path_delay min reg to reg
--------------------------------------------------------------------------
Startpoint: dcnt[3]$_SDFFE_PN0P_
            (rising edge-triggered flip-flop clocked by clk)
Endpoint: dcnt[3]$_SDFFE_PN0P_ (rising edge-triggered flip-flop clocked by clk)
Path Group: clk
Path Type: min

  Delay    Time   Description
---------------------------------------------------------
   0.00    0.00   clock clk (rise edge)
   0.00    0.00   clock network delay (ideal)
   0.00    0.00 ^ dcnt[3]$_SDFFE_PN0P_/CLK (DFFHQNx1_ASAP7_75t_R)
  34.55   34.55 ^ dcnt[3]$_SDFFE_PN0P_/QN (DFFHQNx1_ASAP7_75t_R)
  13.83   48.38 ^ _30044_/Y (AO21x1_ASAP7_75t_R)
   6.89   55.27 v _30045_/Y (AOI21x1_ASAP7_75t_R)
   0.03   55.31 v dcnt[3]$_SDFFE_PN0P_/D (DFFHQNx1_ASAP7_75t_R)
          55.31   data arrival time

   0.00    0.00   clock clk (rise edge)
   0.00    0.00   clock network delay (ideal)
   0.00    0.00   clock reconvergence pessimism
           0.00 ^ dcnt[3]$_SDFFE_PN0P_/CLK (DFFHQNx1_ASAP7_75t_R)
   8.59    8.59   library hold time
           8.59   data required time
---------------------------------------------------------
           8.59   data required time
         -55.31   data arrival time
---------------------------------------------------------
          46.72   slack (MET)



==========================================================================
detailed place critical path target clock latency max path
--------------------------------------------------------------------------
0.0000

==========================================================================
detailed place critical path target clock latency min path
--------------------------------------------------------------------------
0.0000

==========================================================================
detailed place critical path source clock latency min path
--------------------------------------------------------------------------
0.0000

==========================================================================
detailed place critical path delay
--------------------------------------------------------------------------
409.7779

==========================================================================
detailed place critical path slack
--------------------------------------------------------------------------
-42.7428

==========================================================================
detailed place slack div critical path delay
--------------------------------------------------------------------------
-10.430724

==========================================================================
detailed place report_power
--------------------------------------------------------------------------
Group                  Internal  Switching    Leakage      Total
                          Power      Power      Power      Power (Watts)
----------------------------------------------------------------
Sequential             3.99e-03   1.14e-03   7.56e-08   5.13e-03   3.3%
Combinational          5.71e-02   9.36e-02   1.03e-06   1.51e-01  96.7%
Clock                  0.00e+00   0.00e+00   0.00e+00   0.00e+00   0.0%
Macro                  0.00e+00   0.00e+00   0.00e+00   0.00e+00   0.0%
Pad                    0.00e+00   0.00e+00   0.00e+00   0.00e+00   0.0%
----------------------------------------------------------------
Total                  6.11e-02   9.48e-02   1.11e-06   1.56e-01 100.0%
                          39.2%      60.8%       0.0%
