OpenROAD 843a08803f27d34a8dee7637ed89fc9bb87aebfb 
Features included (+) or not (-): +GPU +GUI +Python
This program is licensed under the BSD-3 license. See the LICENSE file for details.
Components of this program may be licensed under more restrictive licenses which must be honored.
[INFO ORD-0030] Using 32 thread(s).
source /home/lucast/workspace/OR-flow-TCC/flow/platforms/asap7/liberty_suppressions.tcl
read_liberty /home/lucast/workspace/OR-flow-TCC/flow/platforms/asap7/lib/NLDM/asap7sc7p5t_AO_RVT_FF_nldm_211120.lib.gz
read_liberty /home/lucast/workspace/OR-flow-TCC/flow/platforms/asap7/lib/NLDM/asap7sc7p5t_INVBUF_RVT_FF_nldm_220122.lib.gz
read_liberty /home/lucast/workspace/OR-flow-TCC/flow/platforms/asap7/lib/NLDM/asap7sc7p5t_OA_RVT_FF_nldm_211120.lib.gz
read_liberty /home/lucast/workspace/OR-flow-TCC/flow/platforms/asap7/lib/NLDM/asap7sc7p5t_SIMPLE_RVT_FF_nldm_211120.lib.gz
read_liberty /home/lucast/workspace/OR-flow-TCC/flow/platforms/asap7/lib/NLDM/asap7sc7p5t_SEQ_RVT_FF_nldm_220123.lib
read_db -hier ./results/asap7/ibex/base-run5/4_cts.odb
[WARNING ORD-0012] Hierarchical flow (-hier) is currently in development and may cause multiple issues. Do not use in production environments.
source /home/lucast/workspace/OR-flow-TCC/flow/platforms/asap7/setRC.tcl
pin_access
[INFO DRT-0149] Reading tech and libs.

Units:                1000
Number of layers:     21
Number of macros:     212
Number of vias:       14
Number of viarulegen: 11

[INFO DRT-0150] Reading design.

Design:                   ibex_core
Die area:                 ( 0 0 ) ( 78100 78100 )
Number of track patterns: 32
Number of DEF vias:       0
Number of components:     21615
Number of terminals:      266
Number of snets:          2
Number of nets:           21534

[INFO DRT-0167] List of default vias:
  Layer V2
    default via: VIA23
  Layer V3
    default via: VIA34
  Layer V4
    default via: VIA45
  Layer V5
    default via: VIA56
  Layer V6
    default via: VIA67
  Layer V7
    default via: VIA78
  Layer V8
    default via: VIA89
  Layer V9
    default via: VIA9Pad
[INFO DRT-0162] Library cell analysis.
[INFO DRT-0163] Instance analysis.
[INFO DRT-0164] Number of unique instances = 296.
[INFO DRT-0168] Init region query.
[INFO DRT-0024]   Complete Active.
[INFO DRT-0024]   Complete V0.
[INFO DRT-0024]   Complete M1.
[INFO DRT-0024]   Complete V1.
[INFO DRT-0024]   Complete M2.
[INFO DRT-0024]   Complete V2.
[INFO DRT-0024]   Complete M3.
[INFO DRT-0024]   Complete V3.
[INFO DRT-0024]   Complete M4.
[INFO DRT-0024]   Complete V4.
[INFO DRT-0024]   Complete M5.
[INFO DRT-0024]   Complete V5.
[INFO DRT-0024]   Complete M6.
[INFO DRT-0024]   Complete V6.
[INFO DRT-0024]   Complete M7.
[INFO DRT-0024]   Complete V7.
[INFO DRT-0024]   Complete M8.
[INFO DRT-0024]   Complete V8.
[INFO DRT-0024]   Complete M9.
[INFO DRT-0024]   Complete V9.
[INFO DRT-0024]   Complete Pad.
[INFO DRT-0033] Active shape region query size = 0.
[INFO DRT-0033] V0 shape region query size = 0.
[INFO DRT-0033] M1 shape region query size = 347400.
[INFO DRT-0033] V1 shape region query size = 604555.
[INFO DRT-0033] M2 shape region query size = 19902.
[INFO DRT-0033] V2 shape region query size = 11508.
[INFO DRT-0033] M3 shape region query size = 11508.
[INFO DRT-0033] V3 shape region query size = 7672.
[INFO DRT-0033] M4 shape region query size = 7836.
[INFO DRT-0033] V4 shape region query size = 7672.
[INFO DRT-0033] M5 shape region query size = 4356.
[INFO DRT-0033] V5 shape region query size = 784.
[INFO DRT-0033] M6 shape region query size = 448.
[INFO DRT-0033] V6 shape region query size = 0.
[INFO DRT-0033] M7 shape region query size = 0.
[INFO DRT-0033] V7 shape region query size = 0.
[INFO DRT-0033] M8 shape region query size = 0.
[INFO DRT-0033] V8 shape region query size = 0.
[INFO DRT-0033] M9 shape region query size = 0.
[INFO DRT-0033] V9 shape region query size = 0.
[INFO DRT-0033] Pad shape region query size = 0.
[INFO DRT-0165] Start pin access.
[INFO DRT-0076]   Complete 1000 pins.
[INFO DRT-0078]   Complete 1691 pins.
[INFO DRT-0079]   Complete 100 unique inst patterns.
[INFO DRT-0079]   Complete 200 unique inst patterns.
[INFO DRT-0081]   Complete 296 unique inst patterns.
[INFO DRT-0082]   Complete 10000 groups.
[INFO DRT-0084]   Complete 14335 groups.
#scanned instances     = 21615
#unique  instances     = 296
#stdCellGenAp          = 8579
#stdCellValidPlanarAp  = 76
#stdCellValidViaAp     = 7154
#stdCellPinNoAp        = 0
#stdCellPinCnt         = 69377
#instTermValidViaApCnt = 0
#macroGenAp            = 0
#macroValidPlanarAp    = 0
#macroValidViaAp       = 0
#macroNoAp             = 0
[INFO DRT-0166] Complete pin access.
[INFO DRT-0267] cpu time = 00:04:27, elapsed time = 00:00:08, memory = 327.05 (MB), peak = 321.67 (MB)
Took 9 seconds: pin_access
global_route -congestion_report_file ./reports/asap7/ibex/base-run5/congestion.rpt -congestion_iterations 30 -congestion_report_iter_step 5 -verbose
[INFO GRT-0020] Min routing layer: M2
[INFO GRT-0021] Max routing layer: M7
[INFO GRT-0022] Global adjustment: 0%
[INFO GRT-0023] Grid origin: (0, 0)
[INFO GRT-0088] Layer M1      Track-Pitch = 0.0360  line-2-Via Pitch: 0.0360
[INFO GRT-0088] Layer M2      Track-Pitch = 0.0390  line-2-Via Pitch: 0.0360
[INFO GRT-0088] Layer M3      Track-Pitch = 0.0360  line-2-Via Pitch: 0.0360
[INFO GRT-0088] Layer M4      Track-Pitch = 0.0480  line-2-Via Pitch: 0.0480
[INFO GRT-0088] Layer M5      Track-Pitch = 0.0480  line-2-Via Pitch: 0.0480
[INFO GRT-0088] Layer M6      Track-Pitch = 0.0640  line-2-Via Pitch: 0.0640
[INFO GRT-0088] Layer M7      Track-Pitch = 0.0640  line-2-Via Pitch: 0.0640
[INFO GRT-0003] Macros: 0
[INFO GRT-0004] Blockages: 10812
[INFO GRT-0019] Found 116 clock nets.
[INFO GRT-0001] Minimum degree: 2
[INFO GRT-0002] Maximum degree: 93

[INFO GRT-0053] Routing resources analysis:
          Routing      Original      Derated      Resource
Layer     Direction    Resources     Resources    Reduction (%)
---------------------------------------------------------------
M1         Vertical            0             0          0.00%
M2         Horizontal     218074        156813          28.09%
M3         Vertical       283804        210829          25.71%
M4         Horizontal     217240        161376          25.72%
M5         Vertical       210092        155876          25.81%
M6         Horizontal     146940         99312          32.41%
M7         Vertical       165920        111792          32.62%
---------------------------------------------------------------

[INFO GRT-0197] Via related to pin nodes: 129408
[INFO GRT-0198] Via related Steiner nodes: 4790
[INFO GRT-0199] Via filling finished.
[INFO GRT-0111] Final number of vias: 168475
[INFO GRT-0112] Final usage 3D: 671367

[INFO GRT-0096] Final congestion report:
Layer         Resource        Demand        Usage (%)    Max H / Max V / Total Overflow
---------------------------------------------------------------------------------------
M1                   0             0            0.00%             0 /  0 /  0
M2              156813         60180           38.38%             0 /  0 /  0
M3              210829         70021           33.21%             0 /  0 /  0
M4              161376         27734           17.19%             0 /  0 /  0
M5              155876          7461            4.79%             0 /  0 /  0
M6               99312           490            0.49%             0 /  0 /  0
M7              111792            56            0.05%             0 /  0 /  0
---------------------------------------------------------------------------------------
Total           895998        165942           18.52%             0 /  0 /  0

[INFO GRT-0018] Total wirelength: 128823 um
[INFO GRT-0014] Routed nets: 21443
[INFO GRT-0303] Global routing runtime = 00:00:01
estimate_parasitics -global_routing
Perform buffer insertion and gate resizing...
repair_design -verbose
Iteration |   Area    | Resized | Buffers | Nets repaired | Remaining
---------------------------------------------------------------------
        0 |     +0.0% |       0 |       0 |             0 |     21630
     1000 |     +0.0% |       0 |       0 |             0 |     20630
[WARNING RSZ-0104] Net _18080_/CO[33] only has one pin. Check if it is intended to be dangling.
[WARNING RSZ-0104] Net _18080_/CO[22] only has one pin. Check if it is intended to be dangling.
[WARNING RSZ-0104] Net _18080_/CO[20] only has one pin. Check if it is intended to be dangling.
[WARNING RSZ-0104] Net _18080_/CO[8] only has one pin. Check if it is intended to be dangling.
     2000 |     +0.0% |       0 |       0 |             0 |     19630
[WARNING RSZ-0104] Net _18080_/X[31] only has one pin. Check if it is intended to be dangling.
[WARNING RSZ-0104] Net _18080_/X[28] only has one pin. Check if it is intended to be dangling.
[WARNING RSZ-0104] Net _18080_/X[11] only has one pin. Check if it is intended to be dangling.
[WARNING RSZ-0104] Net _18080_/X[13] only has one pin. Check if it is intended to be dangling.
[WARNING RSZ-0104] Net _18080_/X[30] only has one pin. Check if it is intended to be dangling.
[WARNING RSZ-0104] Net _18080_/X[29] only has one pin. Check if it is intended to be dangling.
[WARNING RSZ-0104] Net _18080_/X[27] only has one pin. Check if it is intended to be dangling.
[WARNING RSZ-0104] Net _18080_/X[26] only has one pin. Check if it is intended to be dangling.
[WARNING RSZ-0104] Net _18080_/X[18] only has one pin. Check if it is intended to be dangling.
[WARNING RSZ-0104] Net _18080_/X[17] only has one pin. Check if it is intended to be dangling.
[WARNING RSZ-0104] Net _18080_/X[12] only has one pin. Check if it is intended to be dangling.
[WARNING RSZ-0104] Net _18080_/X[10] only has one pin. Check if it is intended to be dangling.
[WARNING RSZ-0104] Net _18080_/X[33] only has one pin. Check if it is intended to be dangling.
[WARNING RSZ-0104] Net _18080_/X[25] only has one pin. Check if it is intended to be dangling.
[WARNING RSZ-0104] Net _18080_/X[8] only has one pin. Check if it is intended to be dangling.
[WARNING RSZ-0104] Net _18080_/X[7] only has one pin. Check if it is intended to be dangling.
[WARNING RSZ-0104] Net _18080_/X[6] only has one pin. Check if it is intended to be dangling.
[WARNING RSZ-0104] Net _18080_/X[24] only has one pin. Check if it is intended to be dangling.
[WARNING RSZ-0104] Net _18080_/X[22] only has one pin. Check if it is intended to be dangling.
[WARNING RSZ-0104] Net _18080_/X[20] only has one pin. Check if it is intended to be dangling.
[WARNING RSZ-0104] Net _18080_/X[19] only has one pin. Check if it is intended to be dangling.
[WARNING RSZ-0104] Net _18080_/X[16] only has one pin. Check if it is intended to be dangling.
[WARNING RSZ-0104] Net _18080_/X[15] only has one pin. Check if it is intended to be dangling.
[WARNING RSZ-0104] Net _18080_/X[14] only has one pin. Check if it is intended to be dangling.
[WARNING RSZ-0104] Net _18080_/X[5] only has one pin. Check if it is intended to be dangling.
[WARNING RSZ-0104] Net _18080_/X[4] only has one pin. Check if it is intended to be dangling.
[WARNING RSZ-0104] Net _18080_/X[3] only has one pin. Check if it is intended to be dangling.
     3000 |     +0.0% |       0 |       0 |             0 |     18630
     4000 |     +0.0% |       0 |       0 |             0 |     17630
     5000 |     +0.0% |       0 |       0 |             0 |     16630
[WARNING RSZ-0104] Net _03034_ only has one pin. Check if it is intended to be dangling.
[WARNING RSZ-0104] Net _03032_ only has one pin. Check if it is intended to be dangling.
     6000 |     +0.0% |       0 |       0 |             0 |     15630
     7000 |     +0.0% |       0 |       0 |             0 |     14630
[WARNING RSZ-0104] Net _03022_ only has one pin. Check if it is intended to be dangling.
[WARNING RSZ-0104] Net _03020_ only has one pin. Check if it is intended to be dangling.
[WARNING RSZ-0104] Net _03018_ only has one pin. Check if it is intended to be dangling.
[WARNING RSZ-0104] Net _18080_/X[1] only has one pin. Check if it is intended to be dangling.
[WARNING RSZ-0104] Net _18080_/X[0] only has one pin. Check if it is intended to be dangling.
     8000 |     +0.0% |       0 |       0 |             0 |     13630
     9000 |     +0.0% |       0 |       0 |             0 |     12630
[WARNING RSZ-0104] Net _02864_ only has one pin. Check if it is intended to be dangling.
[WARNING RSZ-0104] Net _02858_ only has one pin. Check if it is intended to be dangling.
[WARNING RSZ-0104] Net _02849_ only has one pin. Check if it is intended to be dangling.
[WARNING RSZ-0104] Net _02834_ only has one pin. Check if it is intended to be dangling.
[WARNING RSZ-0104] Net _02798_ only has one pin. Check if it is intended to be dangling.
[WARNING RSZ-0104] Net _02786_ only has one pin. Check if it is intended to be dangling.
[WARNING RSZ-0104] Net _02867_ only has one pin. Check if it is intended to be dangling.
[WARNING RSZ-0104] Net _02861_ only has one pin. Check if it is intended to be dangling.
[WARNING RSZ-0104] Net _02855_ only has one pin. Check if it is intended to be dangling.
[WARNING RSZ-0104] Net _02846_ only has one pin. Check if it is intended to be dangling.
[WARNING RSZ-0104] Net _02840_ only has one pin. Check if it is intended to be dangling.
[WARNING RSZ-0104] Net _02819_ only has one pin. Check if it is intended to be dangling.
[WARNING RSZ-0104] Net _02807_ only has one pin. Check if it is intended to be dangling.
[WARNING RSZ-0104] Net _02789_ only has one pin. Check if it is intended to be dangling.
    10000 |     +0.0% |       0 |       0 |             0 |     11630
[WARNING RSZ-0104] Net _02843_ only has one pin. Check if it is intended to be dangling.
[WARNING RSZ-0104] Net _02837_ only has one pin. Check if it is intended to be dangling.
[WARNING RSZ-0104] Net _02831_ only has one pin. Check if it is intended to be dangling.
[WARNING RSZ-0104] Net _02825_ only has one pin. Check if it is intended to be dangling.
[WARNING RSZ-0104] Net _02822_ only has one pin. Check if it is intended to be dangling.
[WARNING RSZ-0104] Net _02816_ only has one pin. Check if it is intended to be dangling.
[WARNING RSZ-0104] Net _02810_ only has one pin. Check if it is intended to be dangling.
[WARNING RSZ-0104] Net _02792_ only has one pin. Check if it is intended to be dangling.
[WARNING RSZ-0104] Net _02780_ only has one pin. Check if it is intended to be dangling.
[WARNING RSZ-0104] Net _02777_ only has one pin. Check if it is intended to be dangling.
[WARNING RSZ-0104] Net _02878_ only has one pin. Check if it is intended to be dangling.
[WARNING RSZ-0104] Net _03037_ only has one pin. Check if it is intended to be dangling.
[WARNING RSZ-0104] Net _02852_ only has one pin. Check if it is intended to be dangling.
[WARNING RSZ-0104] Net _02828_ only has one pin. Check if it is intended to be dangling.
[WARNING RSZ-0104] Net _02813_ only has one pin. Check if it is intended to be dangling.
[WARNING RSZ-0104] Net _02804_ only has one pin. Check if it is intended to be dangling.
[WARNING RSZ-0104] Net _02801_ only has one pin. Check if it is intended to be dangling.
[WARNING RSZ-0104] Net _02795_ only has one pin. Check if it is intended to be dangling.
[WARNING RSZ-0104] Net _02783_ only has one pin. Check if it is intended to be dangling.
    11000 |     +0.0% |       0 |       0 |             0 |     10630
[WARNING RSZ-0104] Net _02929_ only has one pin. Check if it is intended to be dangling.
[WARNING RSZ-0104] Net _02927_ only has one pin. Check if it is intended to be dangling.
    12000 |     +0.0% |       0 |       0 |             0 |      9630
[WARNING RSZ-0104] Net _02937_ only has one pin. Check if it is intended to be dangling.
[WARNING RSZ-0104] Net _02935_ only has one pin. Check if it is intended to be dangling.
[WARNING RSZ-0104] Net _02933_ only has one pin. Check if it is intended to be dangling.
[WARNING RSZ-0104] Net _02931_ only has one pin. Check if it is intended to be dangling.
[WARNING RSZ-0104] Net _02938_ only has one pin. Check if it is intended to be dangling.
    13000 |     +0.0% |       0 |       0 |             0 |      8630
    14000 |     +0.0% |       0 |       0 |             0 |      7630
    15000 |     +0.0% |       0 |       0 |             0 |      6630
[WARNING RSZ-0104] Net _02723_ only has one pin. Check if it is intended to be dangling.
[WARNING RSZ-0104] Net _02721_ only has one pin. Check if it is intended to be dangling.
[WARNING RSZ-0104] Net _02719_ only has one pin. Check if it is intended to be dangling.
    16000 |     +0.0% |       0 |       0 |             0 |      5630
    17000 |     +0.0% |       0 |       0 |             0 |      4630
    18000 |     +0.0% |       0 |       0 |             0 |      3630
    19000 |     +0.0% |       0 |       0 |             0 |      2630
    20000 |     +0.0% |       0 |       0 |             0 |      1630
    21000 |     +0.0% |       0 |       0 |             0 |       630
[WARNING RSZ-0104] Net boot_addr_i[7] only has one pin. Check if it is intended to be dangling.
[WARNING RSZ-0104] Net boot_addr_i[6] only has one pin. Check if it is intended to be dangling.
[WARNING RSZ-0104] Net boot_addr_i[5] only has one pin. Check if it is intended to be dangling.
[WARNING RSZ-0104] Net boot_addr_i[4] only has one pin. Check if it is intended to be dangling.
[WARNING RSZ-0104] Net boot_addr_i[3] only has one pin. Check if it is intended to be dangling.
[WARNING RSZ-0104] Net boot_addr_i[2] only has one pin. Check if it is intended to be dangling.
[WARNING RSZ-0104] Net boot_addr_i[1] only has one pin. Check if it is intended to be dangling.
[WARNING RSZ-0104] Net boot_addr_i[0] only has one pin. Check if it is intended to be dangling.
    final |     +0.0% |       0 |       0 |             0 |         0
---------------------------------------------------------------------
global_route -start_incremental
detailed_placement
[INFO DPL-0005] Max displacement: +/- 500 sites horizontally, +/- 100 rows vertically.
Movements Summary
---------------------------------------
Total cells:                   20794
Diamond Move Success:          20794 (100.00%)
Diamond Move Failure:              0
Rip-up and replace Success:        0 (  0.00% of diamond failures)
Rip-up and replace Failure:        0
Total Placement Failures:          0
---------------------------------------
Placement Analysis
---------------------------------
total displacement          0.0 u
average displacement        0.0 u
max displacement            0.0 u
original HPWL           77240.0 u
legalized HPWL          77240.0 u
delta HPWL                    0 %

global_route -end_incremental -congestion_report_file ./reports/asap7/ibex/base-run5/congestion_post_repair_design.rpt
Repair setup and hold violations...
estimate_parasitics -global_routing
repair_timing -setup_margin 0 -hold_margin 0 -repair_tns 100 -verbose
[INFO RSZ-0100] Repair move sequence: UnbufferMove SizeUpMove SwapPinsMove BufferMove CloneMove SplitLoadMove 
[INFO RSZ-0094] Found 699 endpoints with setup violations.
[INFO RSZ-0099] Repairing 699 out of 699 (100.00%) violating endpoints...
   Iter   | Removed | Resized | Inserted | Cloned |  Pin  |   Area   |    WNS   |   TNS      |  Viol  | Worst
          | Buffers |  Gates  | Buffers  |  Gates | Swaps |          |          |            | Endpts | Endpt
--------------------------------------------------------------------------------------------------------------
        0 |       0 |       0 |        0 |      0 |     0 |    +0.0% |  -61.600 |   -15974.4 |    699 | instr_addr_o[31]
       10 |       0 |       2 |        7 |      1 |     2 |    +0.0% |  -55.633 |   -14418.2 |    699 | instr_addr_o[31]
       20 |       0 |      10 |        7 |      1 |     4 |    +0.1% |  -52.561 |   -14244.7 |    699 | instr_addr_o[31]
       30 |       0 |      11 |       13 |      1 |     8 |    +0.1% |  -51.367 |   -14245.3 |    699 | instr_addr_o[31]
       40 |       0 |      13 |       14 |      2 |    14 |    +0.1% |  -50.343 |   -14143.2 |    699 | instr_addr_o[31]
       50 |       0 |      19 |       16 |      2 |    16 |    +0.1% |  -49.390 |   -14109.5 |    699 | instr_addr_o[31]
       60 |       0 |      23 |       20 |      2 |    18 |    +0.1% |  -48.384 |   -14287.8 |    699 | instr_addr_o[31]
       70 |       0 |      28 |       20 |      4 |    21 |    +0.2% |  -47.866 |   -14112.7 |    699 | instr_addr_o[29]
       80 |       0 |      32 |       22 |      5 |    24 |    +0.2% |  -49.798 |   -14118.2 |    699 | instr_addr_o[29]
       90 |       0 |      34 |       26 |      6 |    29 |    +0.2% |  -47.892 |   -14227.3 |    699 | instr_addr_o[31]
      100 |       0 |      36 |       33 |      6 |    32 |    +0.2% |  -46.663 |   -14675.0 |    699 | instr_addr_o[31]
      110 |       0 |      39 |       33 |      6 |    39 |    +0.2% |  -52.231 |   -14828.9 |    699 | instr_addr_o[31]
      120 |       1 |      41 |       36 |      6 |    43 |    +0.2% |  -45.473 |   -14789.1 |    699 | instr_addr_o[16]
      130 |       1 |      43 |       43 |      6 |    48 |    +0.3% |  -42.006 |   -13906.7 |    699 | instr_addr_o[28]
      140 |       2 |      43 |       50 |      6 |    51 |    +0.3% |  -41.022 |   -12777.3 |    699 | instr_addr_o[31]
      150 |       2 |      49 |       53 |      7 |    52 |    +0.3% |  -42.462 |   -13235.8 |    699 | instr_addr_o[31]
      160 |       2 |      54 |       54 |      9 |    54 |    +0.3% |  -45.072 |   -13525.6 |    699 | instr_addr_o[28]
      170 |       2 |      59 |       59 |     10 |    55 |    +0.4% |  -42.363 |   -14089.8 |    699 | instr_addr_o[28]
      180 |       2 |      63 |       64 |     10 |    58 |    +0.4% |  -41.128 |   -13969.2 |    699 | instr_addr_o[31]
      190 |       2 |      65 |       68 |     14 |    60 |    +0.4% |  -41.009 |   -12385.4 |    699 | instr_addr_o[28]
      200 |       2 |      69 |       72 |     14 |    63 |    +0.4% |  -40.728 |   -12413.3 |    699 | instr_addr_o[28]
      210 |       2 |      75 |       74 |     15 |    64 |    +0.5% |  -39.883 |   -12406.8 |    699 | instr_addr_o[31]
      220 |       2 |      78 |       75 |     16 |    69 |    +0.5% |  -40.561 |   -12422.6 |    699 | instr_addr_o[16]
      230 |       3 |      79 |       81 |     17 |    73 |    +0.5% |  -38.891 |   -12317.0 |    699 | instr_addr_o[28]
      240 |       4 |      81 |       82 |     17 |    79 |    +0.5% |  -38.813 |   -12114.5 |    699 | instr_addr_o[15]
      250 |       4 |      85 |       84 |     18 |    82 |    +0.5% |  -40.205 |   -12093.7 |    699 | instr_addr_o[31]
      260 |       4 |      89 |       89 |     19 |    83 |    +0.6% |  -46.293 |   -15654.6 |    699 | instr_addr_o[31]
      270 |       4 |      94 |       96 |     19 |    84 |    +0.6% |  -41.107 |   -14125.0 |    699 | instr_addr_o[28]
      280 |       4 |     100 |      101 |     19 |    84 |    +0.6% |  -41.069 |   -12764.5 |    699 | gen_regfile_ff.register_file_i.rf_reg[574]$_DFFE_PN0P_/D
      290 |       4 |     106 |      101 |     21 |    86 |    +0.6% |  -42.822 |   -13093.8 |    699 | instr_addr_o[31]
      296 |       4 |      82 |       84 |     17 |    82 |    +0.5% |  -38.134 |   -12078.7 |    699 | instr_addr_o[31]
      300 |       4 |      82 |       86 |     17 |    84 |    +0.5% |  -38.256 |   -12281.3 |    699 | instr_addr_o[28]
      310 |       4 |      86 |       86 |     17 |    90 |    +0.5% |  -38.138 |   -12287.0 |    699 | instr_addr_o[31]
      320 |       5 |      89 |       88 |     17 |    94 |    +0.5% |  -38.210 |   -12278.5 |    699 | instr_addr_o[31]
      330 |       6 |      94 |       91 |     17 |    95 |    +0.6% |  -39.489 |   -11310.6 |    699 | instr_addr_o[31]
      340 |       6 |     101 |       93 |     17 |    96 |    +0.6% |  -39.489 |   -11301.5 |    699 | instr_addr_o[31]
      350 |       6 |     103 |       99 |     17 |   100 |    +0.6% |  -39.487 |   -13294.8 |    699 | instr_addr_o[31]
      355 |       4 |      83 |       86 |     17 |    88 |    +0.5% |  -38.134 |   -12279.3 |    699 | instr_addr_o[31]
      360 |       4 |      85 |       87 |     18 |    88 |    +0.5% |  -38.864 |   -12253.0 |    699 | instr_addr_o[31]
      370 |       5 |      92 |       87 |     18 |    90 |    +0.6% |  -38.867 |   -12238.7 |    699 | instr_addr_o[31]
      380 |       5 |      97 |       88 |     18 |    94 |    +0.6% |  -38.867 |   -12203.5 |    699 | instr_addr_o[31]
      390 |       5 |     104 |       88 |     18 |    97 |    +0.6% |  -38.867 |   -12214.6 |    699 | instr_addr_o[31]
      400 |       5 |     104 |       95 |     18 |   101 |    +0.6% |  -40.620 |   -11814.5 |    699 | instr_addr_o[28]
      407 |       4 |      83 |       87 |     17 |    88 |    +0.5% |  -38.134 |   -12274.7 |    699 | instr_addr_o[31]
      410 |       4 |      83 |       87 |     17 |    90 |    +0.5% |  -38.134 |   -12157.4 |    699 | instr_addr_o[31]
      420 |       4 |      85 |       88 |     17 |    97 |    +0.5% |  -38.134 |   -12260.1 |    699 | instr_addr_o[31]
      430 |       4 |      89 |       92 |     18 |    99 |    +0.6% |  -38.134 |   -12371.2 |    699 | instr_addr_o[31]
      440 |       4 |      95 |       94 |     19 |   100 |    +0.6% |  -38.864 |   -10724.8 |    699 | instr_addr_o[31]
      450 |       4 |     102 |       94 |     19 |   103 |    +0.6% |  -38.864 |   -10319.4 |    699 | instr_addr_o[31]
      460 |       5 |     105 |       96 |     19 |   107 |    +0.6% |  -38.864 |   -10131.3 |    699 | instr_addr_o[31]
      470 |       5 |     111 |       98 |     19 |   109 |    +0.6% |  -38.864 |    -9838.8 |    699 | instr_addr_o[31]
      472 |       4 |      92 |       93 |     19 |    99 |    +0.6% |  -38.134 |   -11059.6 |    699 | instr_addr_o[31]
      480 |       4 |      98 |       94 |     19 |    99 |    +0.6% |  -38.864 |   -10479.7 |    699 | instr_addr_o[31]
      490 |       5 |     106 |       95 |     19 |    99 |    +0.6% |  -38.864 |    -9926.1 |    699 | instr_addr_o[31]
      497 |       4 |      92 |       93 |     19 |    99 |    +0.6% |  -38.134 |   -11059.6 |    699 | instr_addr_o[31]
      500 |       4 |      92 |       94 |     19 |   100 |    +0.6% |  -38.134 |    -8918.1 |    699 | instr_addr_o[31]
      510 |       4 |      95 |       94 |     19 |   107 |    +0.6% |  -38.134 |    -8844.2 |    699 | instr_addr_o[31]
      520 |       4 |      97 |       96 |     20 |   112 |    +0.6% |  -38.134 |    -7997.6 |    699 | instr_addr_o[31]
      530 |       5 |     101 |       98 |     20 |   115 |    +0.6% |  -38.134 |    -7443.9 |    699 | instr_addr_o[31]
      540 |       5 |     104 |       98 |     20 |   122 |    +0.6% |  -38.571 |    -7371.3 |    699 | instr_addr_o[31]
      550 |       5 |     109 |       98 |     20 |   127 |    +0.6% |  -39.196 |    -6731.4 |    699 | instr_addr_o[31]
      560 |       5 |     112 |       99 |     20 |   133 |    +0.6% |  -39.196 |   -10726.3 |    699 | instr_addr_o[31]
      570 |       5 |     118 |      101 |     21 |   134 |    +0.7% |  -39.196 |   -10146.6 |    699 | instr_addr_o[31]
      570 |       5 |     103 |       98 |     20 |   122 |    +0.6% |  -38.134 |    -7369.6 |    699 | instr_addr_o[31]
      575 |       5 |     103 |       98 |     20 |   122 |    +0.6% |  -38.134 |    -7369.6 |    698 | instr_addr_o[31]
      580 |       5 |     107 |       98 |     20 |   122 |    +0.6% |  -38.571 |    -7306.1 |    698 | instr_addr_o[31]
      580 |       5 |     103 |       98 |     20 |   122 |    +0.6% |  -38.134 |    -7369.6 |    697 | instr_addr_o[31]
      585 |       5 |     103 |       98 |     20 |   122 |    +0.6% |  -38.134 |    -7369.6 |    696 | instr_addr_o[31]
      590 |       5 |     107 |       98 |     20 |   122 |    +0.6% |  -38.571 |    -7306.1 |    696 | instr_addr_o[31]
      590 |       5 |     103 |       98 |     20 |   122 |    +0.6% |  -38.134 |    -7369.6 |    695 | instr_addr_o[31]
      600 |       5 |     111 |       99 |     20 |   122 |    +0.6% |  -38.864 |    -6347.0 |    695 | instr_addr_o[31]
      610 |       5 |     116 |      101 |     20 |   125 |    +0.7% |  -38.864 |    -6718.8 |    695 | instr_addr_o[31]
      620 |       5 |     121 |      104 |     20 |   127 |    +0.7% |  -38.864 |    -6339.5 |    695 | instr_addr_o[31]
      630 |       5 |     123 |      104 |     20 |   135 |    +0.7% |  -38.864 |    -6132.9 |    695 | instr_addr_o[31]
      640 |       5 |     125 |      104 |     20 |   143 |    +0.7% |  -38.864 |    -6840.5 |    695 | instr_addr_o[31]
      641 |       5 |     103 |       98 |     20 |   122 |    +0.6% |  -38.134 |    -7369.6 |    695 | instr_addr_o[31]
      646 |       5 |     103 |       98 |     20 |   122 |    +0.6% |  -38.134 |    -7369.6 |    694 | instr_addr_o[31]
      650 |       5 |     106 |       98 |     20 |   122 |    +0.6% |  -38.571 |    -7277.1 |    694 | instr_addr_o[31]
      660 |       5 |     112 |       99 |     20 |   125 |    +0.6% |  -39.196 |   -10609.3 |    694 | instr_addr_o[31]
      670 |       5 |     118 |      101 |     20 |   127 |    +0.7% |  -39.196 |    -9959.1 |    694 | instr_addr_o[31]
      675 |       5 |     103 |       98 |     20 |   122 |    +0.6% |  -38.134 |    -7369.6 |    694 | instr_addr_o[31]
      680 |       5 |     107 |       98 |     20 |   122 |    +0.6% |  -39.681 |    -7544.8 |    694 | instr_addr_o[29]
      690 |       5 |     113 |      101 |     20 |   123 |    +0.7% |  -39.196 |   -10788.7 |    694 | instr_addr_o[31]
      697 |       5 |     103 |       98 |     20 |   122 |    +0.6% |  -38.134 |    -7369.6 |    694 | instr_addr_o[31]
      700 |       5 |     103 |       99 |     20 |   123 |    +0.6% |  -38.134 |    -7317.7 |    694 | instr_addr_o[31]
      710 |       5 |     109 |       99 |     20 |   127 |    +0.6% |  -38.864 |    -6008.8 |    694 | instr_addr_o[31]
      720 |       5 |     113 |      102 |     20 |   130 |    +0.7% |  -38.864 |    -5747.5 |    694 | instr_addr_o[31]
      730 |       5 |     113 |      105 |     21 |   136 |    +0.7% |  -38.864 |    -5983.0 |    694 | instr_addr_o[31]
      740 |       5 |     116 |      106 |     21 |   142 |    +0.7% |  -38.864 |    -5196.0 |    694 | instr_addr_o[31]
      750 |       5 |     120 |      109 |     22 |   144 |    +0.7% |  -38.864 |    -9941.7 |    694 | instr_addr_o[31]
      751 |       5 |     104 |       99 |     20 |   123 |    +0.6% |  -38.134 |    -6912.2 |    694 | instr_addr_o[31]
      760 |       5 |     111 |      100 |     20 |   123 |    +0.6% |  -38.864 |    -5860.6 |    694 | instr_addr_o[31]
      770 |       5 |     118 |      104 |     20 |   123 |    +0.7% |  -38.864 |    -6019.6 |    694 | instr_addr_o[31]
      780 |       5 |     125 |      107 |     20 |   123 |    +0.7% |  -38.864 |    -5779.0 |    694 | instr_addr_o[31]
      790 |       5 |     130 |      113 |     20 |   124 |    +0.7% |  -38.864 |    -5622.8 |    694 | instr_addr_o[31]
      795 |       5 |     104 |       99 |     20 |   123 |    +0.6% |  -38.134 |    -6912.2 |    693 | instr_addr_o[31]
      800 |       5 |     108 |       99 |     20 |   123 |    +0.6% |  -38.864 |    -6210.0 |    693 | instr_addr_o[31]
      810 |       5 |     116 |      101 |     20 |   123 |    +0.7% |  -38.864 |    -6036.4 |    693 | instr_addr_o[31]
      820 |       5 |     123 |      105 |     20 |   123 |    +0.7% |  -38.864 |    -5830.3 |    693 | instr_addr_o[31]
      830 |       5 |     130 |      109 |     20 |   123 |    +0.7% |  -38.864 |    -4790.2 |    693 | instr_addr_o[31]
      840 |       6 |     134 |      114 |     20 |   124 |    +0.7% |  -39.196 |    -5240.8 |    693 | instr_addr_o[31]
      846 |       5 |     104 |       99 |     20 |   123 |    +0.6% |  -38.134 |    -6912.2 |    693 | instr_addr_o[31]
      850 |       5 |     104 |      102 |     20 |   124 |    +0.6% |  -38.134 |    -7028.3 |    693 | instr_addr_o[31]
      860 |       5 |     112 |      103 |     20 |   125 |    +0.7% |  -38.864 |    -5944.0 |    693 | instr_addr_o[31]
      870 |       5 |     116 |      105 |     20 |   129 |    +0.7% |  -38.864 |    -5346.1 |    693 | instr_addr_o[31]
      880 |       5 |     121 |      105 |     20 |   134 |    +0.7% |  -38.864 |    -5213.6 |    693 | instr_addr_o[31]
      890 |       5 |     124 |      107 |     21 |   138 |    +0.7% |  -43.808 |    -5478.6 |    693 | instr_addr_o[31]
      892 |       5 |     105 |      102 |     20 |   124 |    +0.6% |  -38.134 |    -6943.5 |    692 | instr_addr_o[31]
      900 |       5 |     111 |      103 |     20 |   124 |    +0.7% |  -38.864 |    -5817.5 |    692 | instr_addr_o[31]
      910 |       5 |     117 |      105 |     22 |   124 |    +0.7% |  -41.620 |    -5689.1 |    692 | instr_addr_o[31]
      920 |       5 |     121 |      110 |     22 |   125 |    +0.7% |  -43.808 |    -4778.9 |    692 | instr_addr_o[31]
      930 |       5 |     126 |      114 |     22 |   126 |    +0.7% |  -43.808 |    -9549.8 |    692 | instr_addr_o[31]
      940 |       5 |     132 |      115 |     22 |   129 |    +0.7% |  -43.808 |    -8818.5 |    692 | instr_addr_o[31]
      943 |       5 |     105 |      102 |     20 |   124 |    +0.6% |  -38.134 |    -6943.4 |    692 | instr_addr_o[31]
      950 |       5 |     109 |      104 |     20 |   124 |    +0.7% |  -38.134 |    -6694.0 |    692 | instr_addr_o[31]
      960 |       5 |     117 |      105 |     20 |   125 |    +0.7% |  -38.864 |    -6239.9 |    692 | instr_addr_o[31]
      970 |       5 |     124 |      107 |     21 |   125 |    +0.7% |  -38.864 |    -9680.7 |    692 | instr_addr_o[31]
      974 |       5 |     107 |      102 |     20 |   124 |    +0.6% |  -38.134 |    -6869.3 |    692 | instr_addr_o[31]
      980 |       5 |     112 |      102 |     20 |   124 |    +0.7% |  -38.864 |    -5945.1 |    692 | instr_addr_o[31]
      990 |       5 |     119 |      106 |     20 |   124 |    +0.7% |  -38.864 |    -5640.3 |    692 | instr_addr_o[31]
     1000 |       5 |     126 |      109 |     20 |   124 |    +0.7% |  -38.864 |    -5347.5 |    692 | instr_addr_o[31]
     1010 |       5 |     133 |      114 |     20 |   124 |    +0.7% |  -38.864 |    -4465.0 |    692 | instr_addr_o[31]
     1020 |       5 |     140 |      116 |     21 |   124 |    +0.8% |  -43.808 |    -4758.7 |    692 | instr_addr_o[31]
     1025 |       5 |     107 |      102 |     20 |   124 |    +0.6% |  -38.134 |    -6869.3 |    692 | instr_addr_o[31]
     1030 |       5 |     109 |      104 |     20 |   124 |    +0.7% |  -38.134 |    -6694.0 |    692 | instr_addr_o[31]
     1040 |       5 |     118 |      105 |     20 |   124 |    +0.7% |  -38.864 |    -5690.9 |    692 | instr_addr_o[31]
     1050 |       5 |     126 |      107 |     20 |   124 |    +0.7% |  -38.864 |    -8318.3 |    692 | instr_addr_o[31]
     1052 |       5 |     109 |      104 |     20 |   124 |    +0.7% |  -38.134 |    -6694.0 |    692 | instr_addr_o[31]
     1060 |       5 |     116 |      104 |     20 |   124 |    +0.7% |  -38.864 |    -6248.2 |    692 | instr_addr_o[31]
     1070 |       5 |     123 |      107 |     20 |   124 |    +0.7% |  -38.864 |    -9673.5 |    692 | instr_addr_o[31]
     1075 |       5 |     109 |      104 |     20 |   124 |    +0.7% |  -38.134 |    -6694.0 |    692 | instr_addr_o[31]
     1080 |       5 |     113 |      104 |     20 |   124 |    +0.7% |  -38.864 |    -6393.5 |    692 | instr_addr_o[31]
     1090 |       5 |     121 |      106 |     20 |   124 |    +0.7% |  -38.864 |    -9762.1 |    692 | instr_addr_o[31]
     1098 |       5 |     109 |      104 |     20 |   124 |    +0.7% |  -38.134 |    -6694.0 |    692 | instr_addr_o[31]
     1100 |       5 |     110 |      104 |     20 |   124 |    +0.7% |  -39.681 |    -7018.3 |    692 | instr_addr_o[29]
     1100 |       5 |     109 |      104 |     20 |   124 |    +0.7% |  -38.134 |    -6694.0 |    692 | instr_addr_o[31]
     1110 |       5 |     117 |      105 |     20 |   124 |    +0.7% |  -38.864 |    -6244.0 |    692 | instr_addr_o[31]
     1120 |       5 |     125 |      107 |     20 |   124 |    +0.7% |  -38.864 |    -9124.1 |    692 | instr_addr_o[31]
     1123 |       5 |     109 |      104 |     20 |   124 |    +0.7% |  -38.134 |    -6694.0 |    692 | instr_addr_o[31]
     1130 |       5 |     114 |      105 |     20 |   124 |    +0.7% |  -38.864 |    -5672.7 |    692 | instr_addr_o[31]
     1140 |       5 |     120 |      107 |     22 |   124 |    +0.7% |  -41.204 |    -5506.2 |    692 | instr_addr_o[31]
     1150 |       5 |     125 |      112 |     22 |   124 |    +0.7% |  -43.808 |    -4356.4 |    692 | instr_addr_o[31]
     1160 |       5 |     131 |      116 |     22 |   124 |    +0.7% |  -43.808 |    -9342.5 |    692 | instr_addr_o[31]
     1170 |       5 |     138 |      118 |     22 |   125 |    +0.8% |  -43.808 |    -8668.7 |    692 | instr_addr_o[31]
     1170 |       5 |     109 |      104 |     20 |   124 |    +0.7% |  -38.134 |    -6694.0 |    692 | instr_addr_o[31]
     1180 |       5 |     116 |      106 |     20 |   124 |    +0.7% |  -38.864 |    -5414.3 |    692 | instr_addr_o[31]
     1190 |       5 |     122 |      108 |     22 |   124 |    +0.7% |  -43.808 |    -5461.3 |    692 | instr_addr_o[31]
     1200 |       5 |     128 |      112 |     22 |   124 |    +0.7% |  -43.808 |    -4227.7 |    692 | instr_addr_o[31]
     1210 |       5 |     134 |      116 |     22 |   124 |    +0.7% |  -43.808 |    -8927.4 |    692 | instr_addr_o[31]
     1218 |       5 |     109 |      104 |     20 |   124 |    +0.7% |  -38.134 |    -6694.0 |    692 | instr_addr_o[31]
     1220 |       5 |     110 |      104 |     20 |   124 |    +0.7% |  -39.681 |    -7018.3 |    692 | instr_addr_o[29]
     1230 |       5 |     119 |      105 |     20 |   124 |    +0.7% |  -38.864 |    -5445.9 |    692 | instr_addr_o[31]
     1240 |       5 |     127 |      107 |     20 |   124 |    +0.7% |  -38.864 |    -5315.1 |    692 | instr_addr_o[31]
     1250 |       5 |     134 |      110 |     20 |   124 |    +0.7% |  -38.864 |    -4444.5 |    692 | instr_addr_o[31]
     1260 |       5 |     140 |      115 |     20 |   124 |    +0.8% |  -39.196 |    -4371.4 |    692 | instr_addr_o[31]
     1269 |       5 |     109 |      104 |     20 |   124 |    +0.7% |  -38.134 |    -6693.2 |    692 | instr_addr_o[31]
     1270 |       5 |     109 |      104 |     20 |   124 |    +0.7% |  -38.134 |    -6693.2 |    692 | instr_addr_o[31]
     1280 |       5 |     118 |      105 |     20 |   124 |    +0.7% |  -38.864 |    -5442.7 |    692 | instr_addr_o[31]
     1290 |       5 |     126 |      107 |     20 |   124 |    +0.7% |  -38.864 |    -5422.0 |    692 | instr_addr_o[31]
     1300 |       5 |     133 |      110 |     20 |   124 |    +0.7% |  -38.864 |    -4445.5 |    692 | instr_addr_o[31]
     1300 |       5 |     109 |      104 |     20 |   124 |    +0.7% |  -38.134 |    -6693.2 |    692 | instr_addr_o[31]
     1310 |       5 |     117 |      105 |     20 |   124 |    +0.7% |  -38.864 |    -6243.0 |    692 | instr_addr_o[31]
     1320 |       5 |     125 |      107 |     20 |   124 |    +0.7% |  -38.864 |    -9123.6 |    692 | instr_addr_o[31]
     1323 |       5 |     109 |      104 |     20 |   124 |    +0.7% |  -38.134 |    -6693.2 |    692 | instr_addr_o[31]
     1330 |       5 |     115 |      104 |     20 |   124 |    +0.7% |  -38.864 |    -5732.2 |    692 | instr_addr_o[31]
     1340 |       5 |     123 |      106 |     20 |   124 |    +0.7% |  -38.864 |    -5422.9 |    692 | instr_addr_o[31]
     1350 |       5 |     130 |      109 |     20 |   124 |    +0.7% |  -38.864 |    -5153.1 |    692 | instr_addr_o[31]
     1360 |       5 |     137 |      112 |     20 |   124 |    +0.7% |  -38.864 |    -4406.9 |    692 | instr_addr_o[31]
     1370 |       5 |     141 |      119 |     21 |   124 |    +0.8% |  -39.196 |    -6907.5 |    692 | instr_addr_o[31]
     1374 |       5 |     109 |      104 |     20 |   124 |    +0.7% |  -38.134 |    -6693.2 |    692 | instr_addr_o[31]
     1380 |       5 |     114 |      104 |     20 |   124 |    +0.7% |  -38.864 |    -5745.5 |    692 | instr_addr_o[31]
     1390 |       5 |     119 |      107 |     22 |   124 |    +0.7% |  -40.340 |    -6400.5 |    692 | instr_addr_o[31]
     1400 |       5 |     124 |      112 |     22 |   124 |    +0.7% |  -43.808 |    -4455.1 |    692 | instr_addr_o[31]
     1400 |       5 |     109 |      104 |     20 |   124 |    +0.7% |  -38.134 |    -6693.2 |    692 | instr_addr_o[31]
    1400* |       5 |     109 |      104 |     20 |   124 |    +0.7% |  -38.134 |    -6693.2 |    550 | instr_addr_o[31]
    1401* |       5 |     109 |      104 |     20 |   124 |    +0.7% |  -38.134 |    -6693.2 |    550 | instr_addr_o[31]
    1402* |       5 |     109 |      104 |     20 |   124 |    +0.7% |  -38.134 |    -6693.2 |    550 | instr_addr_o[31]
    1403* |       5 |     109 |      104 |     20 |   124 |    +0.7% |  -38.134 |    -6693.2 |    550 | instr_addr_o[31]
    1404* |       5 |     109 |      104 |     20 |   124 |    +0.7% |  -38.134 |    -6693.2 |    550 | instr_addr_o[31]
    1409* |       5 |     110 |      104 |     20 |   127 |    +0.7% |  -38.134 |    -6675.1 |    550 | instr_addr_o[31]
    1410* |       5 |     110 |      104 |     20 |   127 |    +0.7% |  -38.134 |    -6675.1 |    550 | instr_addr_o[31]
    1410* |       5 |     110 |      104 |     20 |   127 |    +0.7% |  -38.134 |    -6675.1 |    550 | instr_addr_o[31]
    1411* |       5 |     110 |      104 |     20 |   127 |    +0.7% |  -38.134 |    -6675.1 |    550 | instr_addr_o[31]
    1412* |       5 |     110 |      104 |     20 |   127 |    +0.7% |  -38.134 |    -6675.1 |    550 | instr_addr_o[31]
    1413* |       5 |     110 |      104 |     20 |   127 |    +0.7% |  -38.134 |    -6675.1 |    550 | instr_addr_o[31]
    1414* |       5 |     110 |      104 |     20 |   127 |    +0.7% |  -38.134 |    -6675.1 |    550 | instr_addr_o[31]
    1415* |       5 |     110 |      104 |     20 |   127 |    +0.7% |  -38.134 |    -6675.1 |    550 | instr_addr_o[31]
    1416* |       5 |     110 |      104 |     20 |   127 |    +0.7% |  -38.134 |    -6675.1 |    550 | instr_addr_o[31]
    1417* |       5 |     110 |      104 |     20 |   127 |    +0.7% |  -38.134 |    -6675.1 |    550 | instr_addr_o[31]
    1418* |       5 |     110 |      104 |     20 |   127 |    +0.7% |  -38.134 |    -6675.1 |    550 | instr_addr_o[31]
    1419* |       5 |     110 |      104 |     20 |   127 |    +0.7% |  -38.134 |    -6675.1 |    550 | instr_addr_o[31]
    1420* |       5 |     110 |      104 |     20 |   127 |    +0.7% |  -38.134 |    -6675.1 |    550 | instr_addr_o[31]
    1420* |       5 |     110 |      104 |     20 |   127 |    +0.7% |  -38.134 |    -6675.1 |    550 | instr_addr_o[31]
    1421* |       5 |     110 |      104 |     20 |   127 |    +0.7% |  -38.134 |    -6675.1 |    550 | instr_addr_o[31]
    1422* |       5 |     110 |      104 |     20 |   127 |    +0.7% |  -38.134 |    -6675.1 |    550 | instr_addr_o[31]
    1423* |       5 |     110 |      104 |     20 |   127 |    +0.7% |  -38.134 |    -6675.1 |    550 | instr_addr_o[31]
    1424* |       5 |     110 |      104 |     20 |   127 |    +0.7% |  -38.134 |    -6675.1 |    550 | instr_addr_o[31]
    1425* |       5 |     110 |      104 |     20 |   127 |    +0.7% |  -38.134 |    -6675.1 |    550 | instr_addr_o[31]
    1426* |       5 |     110 |      104 |     20 |   127 |    +0.7% |  -38.134 |    -6675.1 |    550 | instr_addr_o[31]
    1427* |       5 |     110 |      104 |     20 |   127 |    +0.7% |  -38.134 |    -6675.1 |    550 | instr_addr_o[31]
    1430* |       5 |     110 |      104 |     20 |   129 |    +0.7% |  -38.134 |    -6673.7 |    550 | instr_addr_o[31]
    1431* |       5 |     110 |      104 |     20 |   130 |    +0.7% |  -38.134 |    -6672.1 |    550 | instr_addr_o[31]
    1432* |       5 |     110 |      104 |     20 |   130 |    +0.7% |  -38.134 |    -6672.1 |    550 | instr_addr_o[31]
    1433* |       5 |     110 |      104 |     20 |   130 |    +0.7% |  -38.134 |    -6672.1 |    550 | instr_addr_o[31]
    1434* |       5 |     110 |      104 |     20 |   130 |    +0.7% |  -38.134 |    -6672.1 |    550 | instr_addr_o[31]
    1435* |       5 |     110 |      104 |     20 |   130 |    +0.7% |  -38.134 |    -6672.1 |    550 | instr_addr_o[31]
    1436* |       5 |     110 |      104 |     20 |   130 |    +0.7% |  -38.134 |    -6672.1 |    550 | instr_addr_o[31]
    1437* |       5 |     110 |      104 |     20 |   130 |    +0.7% |  -38.134 |    -6672.1 |    550 | instr_addr_o[31]
    1440* |       5 |     110 |      104 |     20 |   132 |    +0.7% |  -38.134 |    -6666.5 |    550 | instr_addr_o[31]
    1440* |       5 |     110 |      104 |     20 |   132 |    +0.7% |  -38.134 |    -6666.5 |    550 | instr_addr_o[31]
    1443* |       5 |     110 |      104 |     20 |   134 |    +0.7% |  -38.134 |    -6665.6 |    550 | instr_addr_o[31]
    1444* |       5 |     110 |      104 |     20 |   134 |    +0.7% |  -38.134 |    -6665.6 |    550 | instr_addr_o[31]
    1445* |       5 |     110 |      104 |     20 |   134 |    +0.7% |  -38.134 |    -6665.6 |    550 | instr_addr_o[31]
    1446* |       5 |     110 |      104 |     20 |   134 |    +0.7% |  -38.134 |    -6665.6 |    550 | instr_addr_o[31]
    1449* |       5 |     110 |      104 |     20 |   136 |    +0.7% |  -38.134 |    -6664.3 |    550 | instr_addr_o[31]
    1450* |       5 |     110 |      104 |     20 |   136 |    +0.7% |  -38.134 |    -6664.3 |    550 | instr_addr_o[31]
    1452* |       5 |     111 |      104 |     20 |   137 |    +0.7% |  -38.134 |    -6640.8 |    550 | instr_addr_o[31]
    1456* |       5 |     113 |      104 |     20 |   138 |    +0.7% |  -38.134 |    -5614.2 |    550 | instr_addr_o[31]
    1457* |       5 |     113 |      104 |     20 |   138 |    +0.7% |  -38.134 |    -5614.2 |    550 | instr_addr_o[31]
    1458* |       5 |     113 |      104 |     20 |   138 |    +0.7% |  -38.134 |    -5614.2 |    550 | instr_addr_o[31]
    1459* |       5 |     113 |      104 |     20 |   138 |    +0.7% |  -38.134 |    -5614.2 |    550 | instr_addr_o[31]
    1460* |       5 |     113 |      104 |     20 |   138 |    +0.7% |  -38.134 |    -5614.2 |    550 | instr_addr_o[31]
    1460* |       5 |     113 |      104 |     20 |   138 |    +0.7% |  -38.134 |    -5614.2 |    550 | instr_addr_o[31]
    1461* |       5 |     113 |      104 |     20 |   138 |    +0.7% |  -38.134 |    -5614.2 |    550 | instr_addr_o[31]
    1462* |       5 |     113 |      104 |     20 |   138 |    +0.7% |  -38.134 |    -5614.2 |    550 | instr_addr_o[31]
    1463* |       5 |     113 |      104 |     20 |   138 |    +0.7% |  -38.134 |    -5614.2 |    550 | instr_addr_o[31]
    1464* |       5 |     113 |      104 |     20 |   138 |    +0.7% |  -38.134 |    -5614.2 |    550 | instr_addr_o[31]
    1465* |       5 |     113 |      104 |     20 |   138 |    +0.7% |  -38.134 |    -5614.2 |    550 | instr_addr_o[31]
    1466* |       5 |     113 |      104 |     20 |   138 |    +0.7% |  -38.134 |    -5614.2 |    550 | instr_addr_o[31]
    1467* |       5 |     113 |      104 |     20 |   138 |    +0.7% |  -38.134 |    -5614.2 |    550 | instr_addr_o[31]
    1468* |       5 |     113 |      104 |     20 |   138 |    +0.7% |  -38.134 |    -5614.2 |    550 | instr_addr_o[31]
    1469* |       5 |     113 |      104 |     20 |   138 |    +0.7% |  -38.134 |    -5614.2 |    550 | instr_addr_o[31]
    1470* |       5 |     113 |      104 |     20 |   138 |    +0.7% |  -38.134 |    -5614.2 |    550 | instr_addr_o[31]
    1470* |       5 |     113 |      104 |     20 |   138 |    +0.7% |  -38.134 |    -5614.2 |    550 | instr_addr_o[31]
    1471* |       5 |     113 |      104 |     20 |   138 |    +0.7% |  -38.134 |    -5614.2 |    550 | instr_addr_o[31]
    1472* |       5 |     113 |      104 |     20 |   138 |    +0.7% |  -38.134 |    -5614.2 |    550 | instr_addr_o[31]
    1473* |       5 |     113 |      104 |     20 |   138 |    +0.7% |  -38.134 |    -5614.2 |    550 | instr_addr_o[31]
    1474* |       5 |     113 |      104 |     20 |   138 |    +0.7% |  -38.134 |    -5614.2 |    550 | instr_addr_o[31]
    1475* |       5 |     113 |      104 |     20 |   138 |    +0.7% |  -38.134 |    -5614.2 |    550 | instr_addr_o[31]
    1476* |       5 |     113 |      104 |     20 |   138 |    +0.7% |  -38.134 |    -5614.2 |    550 | instr_addr_o[31]
    1477* |       5 |     113 |      104 |     20 |   138 |    +0.7% |  -38.134 |    -5614.2 |    550 | instr_addr_o[31]
    1478* |       5 |     113 |      104 |     20 |   138 |    +0.7% |  -38.134 |    -5614.2 |    550 | instr_addr_o[31]
    1479* |       5 |     113 |      104 |     20 |   138 |    +0.7% |  -38.134 |    -5614.2 |    550 | instr_addr_o[31]
    1480* |       5 |     113 |      104 |     20 |   138 |    +0.7% |  -38.134 |    -5614.2 |    550 | instr_addr_o[31]
    1480* |       5 |     113 |      104 |     20 |   138 |    +0.7% |  -38.134 |    -5614.2 |    550 | instr_addr_o[31]
    1481* |       5 |     113 |      104 |     20 |   138 |    +0.7% |  -38.134 |    -5614.2 |    550 | instr_addr_o[31]
    1482* |       5 |     113 |      104 |     20 |   138 |    +0.7% |  -38.134 |    -5614.2 |    550 | instr_addr_o[31]
    1487* |       5 |     116 |      104 |     20 |   139 |    +0.7% |  -38.134 |    -5143.8 |    550 | instr_addr_o[31]
    1488* |       5 |     116 |      104 |     20 |   139 |    +0.7% |  -38.134 |    -5143.8 |    550 | instr_addr_o[31]
    1489* |       5 |     116 |      104 |     20 |   139 |    +0.7% |  -38.134 |    -5143.8 |    550 | instr_addr_o[31]
    1490* |       5 |     116 |      104 |     20 |   139 |    +0.7% |  -38.134 |    -5143.8 |    550 | instr_addr_o[31]
    1490* |       5 |     116 |      104 |     20 |   139 |    +0.7% |  -38.134 |    -5143.8 |    550 | instr_addr_o[31]
    1491* |       5 |     116 |      104 |     20 |   139 |    +0.7% |  -38.134 |    -5143.8 |    550 | instr_addr_o[31]
    1492* |       5 |     116 |      104 |     20 |   139 |    +0.7% |  -38.134 |    -5143.8 |    550 | instr_addr_o[31]
    1493* |       5 |     116 |      104 |     20 |   139 |    +0.7% |  -38.134 |    -5143.8 |    550 | instr_addr_o[31]
    1494* |       5 |     116 |      104 |     20 |   139 |    +0.7% |  -38.134 |    -5143.8 |    550 | instr_addr_o[31]
    1495* |       5 |     116 |      104 |     20 |   139 |    +0.7% |  -38.134 |    -5143.8 |    550 | instr_addr_o[31]
    1499* |       5 |     119 |      104 |     20 |   139 |    +0.7% |  -38.134 |    -5095.1 |    550 | instr_addr_o[31]
    1500* |       5 |     119 |      104 |     20 |   139 |    +0.7% |  -38.134 |    -5095.1 |    550 | instr_addr_o[31]
    1501* |       5 |     119 |      104 |     20 |   139 |    +0.7% |  -38.134 |    -5095.1 |    550 | instr_addr_o[31]
    1502* |       5 |     119 |      104 |     20 |   139 |    +0.7% |  -38.134 |    -5095.1 |    550 | instr_addr_o[31]
    1503* |       5 |     119 |      104 |     20 |   139 |    +0.7% |  -38.134 |    -5095.1 |    550 | instr_addr_o[31]
    1504* |       5 |     119 |      104 |     20 |   139 |    +0.7% |  -38.134 |    -5095.1 |    550 | instr_addr_o[31]
    1505* |       5 |     119 |      104 |     20 |   139 |    +0.7% |  -38.134 |    -5095.1 |    550 | instr_addr_o[31]
    1506* |       5 |     119 |      104 |     20 |   139 |    +0.7% |  -38.134 |    -5095.1 |    550 | instr_addr_o[31]
    1507* |       5 |     119 |      104 |     20 |   139 |    +0.7% |  -38.134 |    -5095.1 |    550 | instr_addr_o[31]
    1508* |       5 |     119 |      104 |     20 |   139 |    +0.7% |  -38.134 |    -5095.1 |    550 | instr_addr_o[31]
    1509* |       5 |     119 |      104 |     20 |   139 |    +0.7% |  -38.134 |    -5095.1 |    550 | instr_addr_o[31]
    1510* |       5 |     119 |      104 |     20 |   139 |    +0.7% |  -38.134 |    -5095.1 |    550 | instr_addr_o[31]
    1510* |       5 |     119 |      104 |     20 |   139 |    +0.7% |  -38.134 |    -5095.1 |    550 | instr_addr_o[31]
    1511* |       5 |     119 |      104 |     20 |   139 |    +0.7% |  -38.134 |    -5095.1 |    550 | instr_addr_o[31]
    1512* |       5 |     119 |      104 |     20 |   139 |    +0.7% |  -38.134 |    -5095.1 |    550 | instr_addr_o[31]
    1513* |       5 |     119 |      104 |     20 |   139 |    +0.7% |  -38.134 |    -5095.1 |    550 | instr_addr_o[31]
    1514* |       5 |     119 |      104 |     20 |   139 |    +0.7% |  -38.134 |    -5095.1 |    550 | instr_addr_o[31]
    1515* |       5 |     119 |      104 |     20 |   139 |    +0.7% |  -38.134 |    -5095.1 |    550 | instr_addr_o[31]
    1516* |       5 |     119 |      104 |     20 |   139 |    +0.7% |  -38.134 |    -5095.1 |    550 | instr_addr_o[31]
    1517* |       5 |     119 |      104 |     20 |   139 |    +0.7% |  -38.134 |    -5095.1 |    550 | instr_addr_o[31]
    1518* |       5 |     119 |      104 |     20 |   139 |    +0.7% |  -38.134 |    -5095.1 |    550 | instr_addr_o[31]
    1519* |       5 |     119 |      104 |     20 |   139 |    +0.7% |  -38.134 |    -5095.1 |    550 | instr_addr_o[31]
    1520* |       5 |     119 |      104 |     20 |   139 |    +0.7% |  -38.134 |    -5095.1 |    550 | instr_addr_o[31]
    1520* |       5 |     119 |      104 |     20 |   139 |    +0.7% |  -38.134 |    -5095.1 |    550 | instr_addr_o[31]
    1521* |       5 |     119 |      104 |     20 |   139 |    +0.7% |  -38.134 |    -5095.1 |    550 | instr_addr_o[31]
    1522* |       5 |     119 |      104 |     20 |   139 |    +0.7% |  -38.134 |    -5095.1 |    550 | instr_addr_o[31]
    1523* |       5 |     119 |      104 |     20 |   139 |    +0.7% |  -38.134 |    -5095.1 |    550 | instr_addr_o[31]
    1524* |       5 |     119 |      104 |     20 |   139 |    +0.7% |  -38.134 |    -5095.1 |    550 | instr_addr_o[31]
    1525* |       5 |     119 |      104 |     20 |   139 |    +0.7% |  -38.134 |    -5095.1 |    550 | instr_addr_o[31]
    1526* |       5 |     119 |      104 |     20 |   139 |    +0.7% |  -38.134 |    -5095.1 |    550 | instr_addr_o[31]
    1527* |       5 |     119 |      104 |     20 |   139 |    +0.7% |  -38.134 |    -5095.1 |    550 | instr_addr_o[31]
    1528* |       5 |     119 |      104 |     20 |   139 |    +0.7% |  -38.134 |    -5095.1 |    550 | instr_addr_o[31]
    1529* |       5 |     119 |      104 |     20 |   139 |    +0.7% |  -38.134 |    -5095.1 |    550 | instr_addr_o[31]
    1530* |       5 |     119 |      104 |     20 |   139 |    +0.7% |  -38.134 |    -5095.1 |    550 | instr_addr_o[31]
    1530* |       5 |     119 |      104 |     20 |   139 |    +0.7% |  -38.134 |    -5095.1 |    550 | instr_addr_o[31]
    1531* |       5 |     119 |      104 |     20 |   139 |    +0.7% |  -38.134 |    -5095.1 |    550 | instr_addr_o[31]
    1532* |       5 |     119 |      104 |     20 |   139 |    +0.7% |  -38.134 |    -5095.1 |    550 | instr_addr_o[31]
    1533* |       5 |     119 |      104 |     20 |   139 |    +0.7% |  -38.134 |    -5095.1 |    550 | instr_addr_o[31]
    1534* |       5 |     119 |      104 |     20 |   139 |    +0.7% |  -38.134 |    -5095.1 |    550 | instr_addr_o[31]
    1535* |       5 |     119 |      104 |     20 |   139 |    +0.7% |  -38.134 |    -5095.1 |    550 | instr_addr_o[31]
    1536* |       5 |     119 |      104 |     20 |   139 |    +0.7% |  -38.134 |    -5095.1 |    550 | instr_addr_o[31]
    1537* |       5 |     119 |      104 |     20 |   139 |    +0.7% |  -38.134 |    -5095.1 |    550 | instr_addr_o[31]
    1538* |       5 |     119 |      104 |     20 |   139 |    +0.7% |  -38.134 |    -5095.1 |    550 | instr_addr_o[31]
    1539* |       5 |     119 |      104 |     20 |   139 |    +0.7% |  -38.134 |    -5095.1 |    550 | instr_addr_o[31]
    1540* |       5 |     119 |      104 |     20 |   139 |    +0.7% |  -38.134 |    -5095.1 |    550 | instr_addr_o[31]
    1540* |       5 |     119 |      104 |     20 |   139 |    +0.7% |  -38.134 |    -5095.1 |    550 | instr_addr_o[31]
    1541* |       5 |     119 |      104 |     20 |   139 |    +0.7% |  -38.134 |    -5095.1 |    550 | instr_addr_o[31]
    1542* |       5 |     119 |      104 |     20 |   139 |    +0.7% |  -38.134 |    -5095.1 |    550 | instr_addr_o[31]
    1543* |       5 |     119 |      104 |     20 |   139 |    +0.7% |  -38.134 |    -5095.1 |    550 | instr_addr_o[31]
    1544* |       5 |     119 |      104 |     20 |   139 |    +0.7% |  -38.134 |    -5095.1 |    550 | instr_addr_o[31]
    1545* |       5 |     119 |      104 |     20 |   139 |    +0.7% |  -38.134 |    -5095.1 |    550 | instr_addr_o[31]
    1546* |       5 |     119 |      104 |     20 |   139 |    +0.7% |  -38.134 |    -5095.1 |    550 | instr_addr_o[31]
    1547* |       5 |     119 |      104 |     20 |   139 |    +0.7% |  -38.134 |    -5095.1 |    550 | instr_addr_o[31]
    1548* |       5 |     119 |      104 |     20 |   139 |    +0.7% |  -38.134 |    -5095.1 |    550 | instr_addr_o[31]
    1549* |       5 |     119 |      104 |     20 |   139 |    +0.7% |  -38.134 |    -5095.1 |    550 | instr_addr_o[31]
    1550* |       5 |     119 |      104 |     20 |   139 |    +0.7% |  -38.134 |    -5095.1 |    550 | instr_addr_o[31]
    1550* |       5 |     119 |      104 |     20 |   139 |    +0.7% |  -38.134 |    -5095.1 |    550 | instr_addr_o[31]
    1551* |       5 |     119 |      104 |     20 |   139 |    +0.7% |  -38.134 |    -5095.1 |    550 | instr_addr_o[31]
    1552* |       5 |     119 |      104 |     20 |   139 |    +0.7% |  -38.134 |    -5095.1 |    550 | instr_addr_o[31]
    1553* |       5 |     119 |      104 |     20 |   139 |    +0.7% |  -38.134 |    -5095.1 |    550 | instr_addr_o[31]
    1554* |       5 |     119 |      104 |     20 |   139 |    +0.7% |  -38.134 |    -5095.1 |    550 | instr_addr_o[31]
    1555* |       5 |     119 |      104 |     20 |   139 |    +0.7% |  -38.134 |    -5095.1 |    550 | instr_addr_o[31]
    1556* |       5 |     119 |      104 |     20 |   139 |    +0.7% |  -38.134 |    -5095.1 |    550 | instr_addr_o[31]
    1557* |       5 |     119 |      104 |     20 |   139 |    +0.7% |  -38.134 |    -5095.1 |    550 | instr_addr_o[31]
    1558* |       5 |     119 |      104 |     20 |   139 |    +0.7% |  -38.134 |    -5095.1 |    550 | instr_addr_o[31]
    1559* |       5 |     119 |      104 |     20 |   139 |    +0.7% |  -38.134 |    -5095.1 |    550 | instr_addr_o[31]
    1560* |       5 |     119 |      104 |     20 |   139 |    +0.7% |  -38.134 |    -5095.1 |    550 | instr_addr_o[31]
    1560* |       5 |     119 |      104 |     20 |   139 |    +0.7% |  -38.134 |    -5095.1 |    550 | instr_addr_o[31]
    1561* |       5 |     119 |      104 |     20 |   139 |    +0.7% |  -38.134 |    -5095.1 |    550 | instr_addr_o[31]
    1562* |       5 |     119 |      104 |     20 |   139 |    +0.7% |  -38.134 |    -5095.1 |    550 | instr_addr_o[31]
    1563* |       5 |     119 |      104 |     20 |   139 |    +0.7% |  -38.134 |    -5095.1 |    550 | instr_addr_o[31]
    1564* |       5 |     119 |      104 |     20 |   139 |    +0.7% |  -38.134 |    -5095.1 |    550 | instr_addr_o[31]
    1565* |       5 |     119 |      104 |     20 |   139 |    +0.7% |  -38.134 |    -5095.1 |    550 | instr_addr_o[31]
    1566* |       5 |     119 |      104 |     20 |   139 |    +0.7% |  -38.134 |    -5095.1 |    550 | instr_addr_o[31]
    1567* |       5 |     119 |      104 |     20 |   139 |    +0.7% |  -38.134 |    -5095.1 |    550 | instr_addr_o[31]
    1568* |       5 |     119 |      104 |     20 |   139 |    +0.7% |  -38.134 |    -5095.1 |    550 | instr_addr_o[31]
    1569* |       5 |     119 |      104 |     20 |   139 |    +0.7% |  -38.134 |    -5095.1 |    549 | instr_addr_o[31]
    1570* |       5 |     119 |      104 |     20 |   139 |    +0.7% |  -38.134 |    -5095.1 |    549 | instr_addr_o[31]
    1571* |       5 |     119 |      104 |     20 |   140 |    +0.7% |  -38.134 |    -5062.8 |    549 | instr_addr_o[31]
    1574* |       5 |     121 |      104 |     20 |   140 |    +0.7% |  -38.134 |    -4850.6 |    549 | instr_addr_o[31]
    1575* |       5 |     121 |      104 |     20 |   140 |    +0.7% |  -38.134 |    -4850.6 |    549 | instr_addr_o[31]
    1576* |       5 |     121 |      104 |     20 |   140 |    +0.7% |  -38.134 |    -4850.6 |    549 | instr_addr_o[31]
    1577* |       5 |     121 |      104 |     20 |   140 |    +0.7% |  -38.134 |    -4850.6 |    549 | instr_addr_o[31]
    1580* |       5 |     122 |      104 |     20 |   141 |    +0.7% |  -38.134 |    -4805.7 |    549 | instr_addr_o[31]
    1581* |       5 |     122 |      104 |     20 |   142 |    +0.7% |  -38.134 |    -4788.2 |    549 | instr_addr_o[31]
    1582* |       5 |     122 |      104 |     20 |   142 |    +0.7% |  -38.134 |    -4788.2 |    549 | instr_addr_o[31]
    1583* |       5 |     122 |      104 |     20 |   142 |    +0.7% |  -38.134 |    -4788.2 |    549 | instr_addr_o[31]
    1584* |       5 |     122 |      104 |     20 |   142 |    +0.7% |  -38.134 |    -4788.2 |    549 | instr_addr_o[31]
    1585* |       5 |     122 |      104 |     20 |   142 |    +0.7% |  -38.134 |    -4788.2 |    548 | instr_addr_o[31]
    1586* |       5 |     122 |      104 |     20 |   142 |    +0.7% |  -38.134 |    -4788.2 |    547 | instr_addr_o[31]
    1587* |       5 |     122 |      104 |     20 |   142 |    +0.7% |  -38.134 |    -4788.2 |    547 | instr_addr_o[31]
    1588* |       5 |     122 |      104 |     20 |   142 |    +0.7% |  -38.134 |    -4788.2 |    547 | instr_addr_o[31]
    1589* |       5 |     122 |      104 |     20 |   142 |    +0.7% |  -38.134 |    -4788.2 |    546 | instr_addr_o[31]
    1590* |       5 |     122 |      104 |     20 |   142 |    +0.7% |  -38.134 |    -4788.2 |    546 | instr_addr_o[31]
    1590* |       5 |     122 |      104 |     20 |   142 |    +0.7% |  -38.134 |    -4788.2 |    546 | instr_addr_o[31]
    1591* |       5 |     122 |      104 |     20 |   142 |    +0.7% |  -38.134 |    -4788.2 |    546 | instr_addr_o[31]
    1592* |       5 |     122 |      104 |     20 |   142 |    +0.7% |  -38.134 |    -4788.2 |    546 | instr_addr_o[31]
    1593* |       5 |     122 |      104 |     20 |   142 |    +0.7% |  -38.134 |    -4788.2 |    545 | instr_addr_o[31]
    1594* |       5 |     122 |      104 |     20 |   142 |    +0.7% |  -38.134 |    -4788.2 |    545 | instr_addr_o[31]
    1595* |       5 |     122 |      104 |     20 |   142 |    +0.7% |  -38.134 |    -4788.2 |    545 | instr_addr_o[31]
    1596* |       5 |     122 |      104 |     20 |   142 |    +0.7% |  -38.134 |    -4788.2 |    545 | instr_addr_o[31]
    1597* |       5 |     122 |      104 |     20 |   142 |    +0.7% |  -38.134 |    -4788.2 |    545 | instr_addr_o[31]
    1598* |       5 |     122 |      104 |     20 |   142 |    +0.7% |  -38.134 |    -4788.2 |    545 | instr_addr_o[31]
    1599* |       5 |     122 |      104 |     20 |   142 |    +0.7% |  -38.134 |    -4788.2 |    545 | instr_addr_o[31]
    1600* |       5 |     122 |      104 |     20 |   142 |    +0.7% |  -38.134 |    -4788.2 |    545 | instr_addr_o[31]
    final |       5 |     122 |      104 |     20 |   142 |    +0.7% |  -38.134 |    -4788.2 |    545 | instr_addr_o[31]
--------------------------------------------------------------------------------------------------------------
[INFO RSZ-0059] Removed 5 buffers.
[INFO RSZ-0040] Inserted 104 buffers.
[INFO RSZ-0051] Resized 122 instances: 121 up, 1 up match, 0 down, 0 VT
[INFO RSZ-0043] Swapped pins on 142 instances.
[INFO RSZ-0049] Cloned 20 instances.
[WARNING RSZ-0062] Unable to repair all setup violations.
[INFO RSZ-0033] No hold violations found.
Took 115 seconds: repair_timing -setup_margin 0 -hold_margin 0 -repair_tns 100 -verbose
global_route -start_incremental
detailed_placement
[INFO DPL-0005] Max displacement: +/- 500 sites horizontally, +/- 100 rows vertically.
Movements Summary
---------------------------------------
Total cells:                   20913
Diamond Move Success:          20913 (100.00%)
Diamond Move Failure:              0
Rip-up and replace Success:        0 (  0.00% of diamond failures)
Rip-up and replace Failure:        0
Total Placement Failures:          0
---------------------------------------
Placement Analysis
---------------------------------
total displacement         78.2 u
average displacement        0.0 u
max displacement            0.7 u
original HPWL           77756.1 u
legalized HPWL          77812.1 u
delta HPWL                    0 %

global_route -end_incremental -congestion_report_file ./reports/asap7/ibex/base-run5/congestion_post_repair_timing.rpt
global_route -start_incremental
global_route -end_incremental -congestion_report_file ./reports/asap7/ibex/base-run5/congestion_post_recover_power.rpt
Repair antennas...
[WARNING GRT-0246] No diode with LEF class CORE ANTENNACELL found.
[INFO ANT-0002] Found 0 net violations.
[INFO ANT-0001] Found 0 pin violations.
Estimate parasitics...
estimate_parasitics -global_routing
Report metrics stage 5, global route...

==========================================================================
global route report_design_area
--------------------------------------------------------------------------
Design area 2542 um^2 47% utilization.
[INFO FLW-0007] clock core_clock period 1000.000000
[INFO FLW-0008] Clock core_clock period 988.296
[INFO FLW-0009] Clock core_clock slack -40.312
[INFO FLW-0011] Path endpoint path count 3892
write_db ./results/asap7/ibex/base-run5/5_1_grt.odb
write_sdc -no_timestamp ./results/asap7/ibex/base-run5/5_1_grt.sdc
Elapsed time: 2:17.08[h:]min:sec. CPU time: user 1377.94 sys 140.61 (1107%). Peak memory: 765104KB.
Log                        Elapsed/s Peak Memory/MB  sha1sum .odb [0:20)
5_1_grt                          137            747 95d8055d3dfe9bf0dd43
