
==========================================================================
finish report_tns
--------------------------------------------------------------------------
tns max 0.00

==========================================================================
finish report_wns
--------------------------------------------------------------------------
wns max 0.00

==========================================================================
finish report_worst_slack
--------------------------------------------------------------------------
worst slack max 16.34

==========================================================================
finish report_clock_min_period
--------------------------------------------------------------------------
clk period_min = 663.66 fmax = 1506.79

==========================================================================
finish report_clock_skew
--------------------------------------------------------------------------
Clock clk
 124.88 source latency fdct_zigzag.dct_mod.ddin[5]$_DFFE_PN0P_/CLK ^
-108.00 target latency fdct_zigzag.dct_mod.dct_block_6.dct_unit_6.macu.mult_res[15]$_DFFE_PP_/CLK ^
  -1.57 CRPR
--------------
  15.31 setup skew


==========================================================================
finish report_checks -path_delay min
--------------------------------------------------------------------------
Startpoint: rst (input port clocked by clk)
Endpoint: rle.rz4.deno$_DFFE_PN0P_ (removal check against rising-edge clock clk)
Path Group: asynchronous
Path Type: min

Fanout     Cap    Slew   Delay    Time   Description
-----------------------------------------------------------------------------
                          0.00    0.00   clock clk (rise edge)
                          0.00    0.00   clock network delay (propagated)
                        136.00  136.00 ^ input external delay
     1    0.67    0.00    0.00  136.00 ^ rst (in)
                                         rst (net)
                  0.16    0.05  136.05 ^ hold10481/A (BUFx2_ASAP7_75t_R)
     1    0.65    5.24   10.06  146.11 ^ hold10481/Y (BUFx2_ASAP7_75t_R)
                                         net10480 (net)
                  5.25    0.04  146.15 ^ hold10479/A (BUFx2_ASAP7_75t_R)
     1    0.74    5.52   11.77  157.92 ^ hold10479/Y (BUFx2_ASAP7_75t_R)
                                         net10478 (net)
                  5.53    0.08  158.00 ^ input85/A (BUFx2_ASAP7_75t_R)
     4   11.13   40.62   20.63  178.63 ^ input85/Y (BUFx2_ASAP7_75t_R)
                                         net84 (net)
                 42.96    5.18  183.81 ^ hold10480/A (BUFx2_ASAP7_75t_R)
     3    4.18   17.35   24.79  208.61 ^ hold10480/Y (BUFx2_ASAP7_75t_R)
                                         net10479 (net)
                 17.87    1.62  210.23 ^ rle.rz4.deno$_DFFE_PN0P_/RESETN (DFFASRHQNx1_ASAP7_75t_R)
                                210.23   data arrival time

                          0.00    0.00   clock clk (rise edge)
                          0.00    0.00   clock source latency
     1   11.69    0.00    0.00    0.00 ^ clk (in)
                                         clk (net)
                 31.69   10.00   10.00 ^ clkbuf_0_clk/A (BUFx24_ASAP7_75t_R)
     4   20.45   15.28   25.29   35.29 ^ clkbuf_0_clk/Y (BUFx24_ASAP7_75t_R)
                                         clknet_0_clk (net)
                 21.95    5.19   40.48 ^ clkbuf_2_3_0_clk/A (BUFx24_ASAP7_75t_R)
     8   30.99   20.04   23.42   63.90 ^ clkbuf_2_3_0_clk/Y (BUFx24_ASAP7_75t_R)
                                         clknet_2_3_0_clk (net)
                 34.23    9.07   72.97 ^ clkbuf_5_26__f_clk/A (BUFx24_ASAP7_75t_R)
     6   20.28   15.47   26.29   99.26 ^ clkbuf_5_26__f_clk/Y (BUFx24_ASAP7_75t_R)
                                         clknet_5_26__leaf_clk (net)
                 19.30    3.98  103.25 ^ clkbuf_leaf_83_clk/A (BUFx24_ASAP7_75t_R)
    25   15.40   12.16   22.20  125.45 ^ clkbuf_leaf_83_clk/Y (BUFx24_ASAP7_75t_R)
                                         clknet_leaf_83_clk (net)
                 14.11    2.39  127.85 ^ rle.rz4.deno$_DFFE_PN0P_/CLK (DFFASRHQNx1_ASAP7_75t_R)
                          0.00  127.85   clock reconvergence pessimism
                         23.30  151.15   library removal time
                                151.15   data required time
-----------------------------------------------------------------------------
                                151.15   data required time
                               -210.23   data arrival time
-----------------------------------------------------------------------------
                                 59.08   slack (MET)


Startpoint: dqnr_doe$_DFFE_PP_ (rising edge-triggered flip-flop clocked by clk)
Endpoint: rle.ddstrb$_DFF_P_ (rising edge-triggered flip-flop clocked by clk)
Path Group: clk
Path Type: min

Fanout     Cap    Slew   Delay    Time   Description
-----------------------------------------------------------------------------
                          0.00    0.00   clock clk (rise edge)
                          0.00    0.00   clock source latency
     1   11.09    0.00    0.00    0.00 ^ clk (in)
                                         clk (net)
                 29.20    9.21    9.21 ^ clkbuf_0_clk/A (BUFx24_ASAP7_75t_R)
     4   18.04   14.01   24.51   33.72 ^ clkbuf_0_clk/Y (BUFx24_ASAP7_75t_R)
                                         clknet_0_clk (net)
                 20.13    4.80   38.52 ^ clkbuf_2_1_0_clk/A (BUFx24_ASAP7_75t_R)
     8   27.06   18.25   22.75   61.27 ^ clkbuf_2_1_0_clk/Y (BUFx24_ASAP7_75t_R)
                                         clknet_2_1_0_clk (net)
                 29.42    7.56   68.83 ^ clkbuf_5_10__f_clk/A (BUFx24_ASAP7_75t_R)
     7   17.67   13.87   24.86   93.69 ^ clkbuf_5_10__f_clk/Y (BUFx24_ASAP7_75t_R)
                                         clknet_5_10__leaf_clk (net)
                 15.13    2.05   95.73 ^ clkbuf_leaf_44_clk/A (BUFx24_ASAP7_75t_R)
    23   11.80   10.68   20.57  116.30 ^ clkbuf_leaf_44_clk/Y (BUFx24_ASAP7_75t_R)
                                         clknet_leaf_44_clk (net)
                 10.80    0.47  116.77 ^ dqnr_doe$_DFFE_PP_/CLK (DFFHQNx1_ASAP7_75t_R)
     1    0.58   11.42   34.89  151.66 ^ dqnr_doe$_DFFE_PP_/QN (DFFHQNx1_ASAP7_75t_R)
                                         _000750_ (net)
                 11.42    0.05  151.71 ^ _061196_/A (INVx1_ASAP7_75t_R)
     2    1.36    9.77    7.94  159.65 v _061196_/Y (INVx1_ASAP7_75t_R)
                                         dc_diff_doe (net)
                  9.78    0.15  159.80 v rle.ddstrb$_DFF_P_/D (DFFHQNx1_ASAP7_75t_R)
                                159.80   data arrival time

                          0.00    0.00   clock clk (rise edge)
                          0.00    0.00   clock source latency
     1   11.69    0.00    0.00    0.00 ^ clk (in)
                                         clk (net)
                 31.69   10.00   10.00 ^ clkbuf_0_clk/A (BUFx24_ASAP7_75t_R)
     4   20.45   15.28   25.29   35.29 ^ clkbuf_0_clk/Y (BUFx24_ASAP7_75t_R)
                                         clknet_0_clk (net)
                 22.56    5.46   40.75 ^ clkbuf_2_1_0_clk/A (BUFx24_ASAP7_75t_R)
     8   31.87   20.69   23.62   64.37 ^ clkbuf_2_1_0_clk/Y (BUFx24_ASAP7_75t_R)
                                         clknet_2_1_0_clk (net)
                 34.31    9.00   73.36 ^ clkbuf_5_10__f_clk/A (BUFx24_ASAP7_75t_R)
     7   21.88   16.07   26.54   99.91 ^ clkbuf_5_10__f_clk/Y (BUFx24_ASAP7_75t_R)
                                         clknet_5_10__leaf_clk (net)
                 17.65    2.53  102.43 ^ clkbuf_leaf_44_clk/A (BUFx24_ASAP7_75t_R)
    23   14.52   11.92   21.73  124.17 ^ clkbuf_leaf_44_clk/Y (BUFx24_ASAP7_75t_R)
                                         clknet_leaf_44_clk (net)
                 12.04    0.56  124.73 ^ rle.ddstrb$_DFF_P_/CLK (DFFHQNx1_ASAP7_75t_R)
                         -7.87  116.86   clock reconvergence pessimism
                         11.28  128.14   library hold time
                                128.14   data required time
-----------------------------------------------------------------------------
                                128.14   data required time
                               -159.80   data arrival time
-----------------------------------------------------------------------------
                                 31.66   slack (MET)



==========================================================================
finish report_checks -path_delay max
--------------------------------------------------------------------------
Startpoint: rst (input port clocked by clk)
Endpoint: fdct_zigzag.dct_mod.dddcnt$_DFFE_PN1P_
          (recovery check against rising-edge clock clk)
Path Group: asynchronous
Path Type: max

Fanout     Cap    Slew   Delay    Time   Description
-----------------------------------------------------------------------------
                          0.00    0.00   clock clk (rise edge)
                          0.00    0.00   clock network delay (propagated)
                        136.00  136.00 ^ input external delay
     1    0.80    0.00    0.00  136.00 ^ rst (in)
                                         rst (net)
                  0.20    0.06  136.06 ^ hold10481/A (BUFx2_ASAP7_75t_R)
     1    0.78    5.59   10.27  146.33 ^ hold10481/Y (BUFx2_ASAP7_75t_R)
                                         net10480 (net)
                  5.59    0.05  146.38 ^ hold10479/A (BUFx2_ASAP7_75t_R)
     1    0.87    5.88   12.08  158.47 ^ hold10479/Y (BUFx2_ASAP7_75t_R)
                                         net10478 (net)
                  5.89    0.10  158.56 ^ input85/A (BUFx2_ASAP7_75t_R)
     4   11.71   42.48   21.10  179.67 ^ input85/Y (BUFx2_ASAP7_75t_R)
                                         net84 (net)
                 55.29   12.34  192.00 ^ place9829/A (BUFx3_ASAP7_75t_R)
     8   13.24   34.36   27.17  219.18 ^ place9829/Y (BUFx3_ASAP7_75t_R)
                                         net9828 (net)
                 43.58    9.18  228.36 ^ place9828/A (BUFx3_ASAP7_75t_R)
    10   18.27   44.87   25.29  253.65 ^ place9828/Y (BUFx3_ASAP7_75t_R)
                                         net9827 (net)
                 83.59   23.98  277.62 ^ fdct_zigzag.dct_mod.dddcnt$_DFFE_PN1P_/SETN (DFFASRHQNx1_ASAP7_75t_R)
                                277.62   data arrival time

                        680.00  680.00   clock clk (rise edge)
                          0.00  680.00   clock source latency
     1   11.09    0.00    0.00  680.00 ^ clk (in)
                                         clk (net)
                 29.20    9.21  689.21 ^ clkbuf_0_clk/A (BUFx24_ASAP7_75t_R)
     4   18.04   14.01   24.51  713.72 ^ clkbuf_0_clk/Y (BUFx24_ASAP7_75t_R)
                                         clknet_0_clk (net)
                 19.52    4.52  718.24 ^ clkbuf_2_3_0_clk/A (BUFx24_ASAP7_75t_R)
     8   26.19   17.63   22.51  740.76 ^ clkbuf_2_3_0_clk/Y (BUFx24_ASAP7_75t_R)
                                         clknet_2_3_0_clk (net)
                 25.03    5.74  746.50 ^ clkbuf_5_29__f_clk/A (BUFx24_ASAP7_75t_R)
     6   16.77   13.29   23.60  770.09 ^ clkbuf_5_29__f_clk/Y (BUFx24_ASAP7_75t_R)
                                         clknet_5_29__leaf_clk (net)
                 17.59    3.93  774.03 ^ clkbuf_leaf_109_clk/A (BUFx24_ASAP7_75t_R)
    20   11.20   10.47   21.19  795.22 ^ clkbuf_leaf_109_clk/Y (BUFx24_ASAP7_75t_R)
                                         clknet_leaf_109_clk (net)
                 10.76    0.80  796.02 ^ fdct_zigzag.dct_mod.dddcnt$_DFFE_PN1P_/CLK (DFFASRHQNx1_ASAP7_75t_R)
                          0.00  796.02   clock reconvergence pessimism
                         -4.01  792.01   library recovery time
                                792.01   data required time
-----------------------------------------------------------------------------
                                792.01   data required time
                               -277.62   data arrival time
-----------------------------------------------------------------------------
                                514.39   slack (MET)


Startpoint: fdct_zigzag.dct_mod.ddin[1]$_DFFE_PN0P_
            (rising edge-triggered flip-flop clocked by clk)
Endpoint: fdct_zigzag.dct_mod.dct_block_1.dct_unit_7.macu.mult_res[17]$_DFFE_PP_
          (rising edge-triggered flip-flop clocked by clk)
Path Group: clk
Path Type: max

Fanout     Cap    Slew   Delay    Time   Description
-----------------------------------------------------------------------------
                          0.00    0.00   clock clk (rise edge)
                          0.00    0.00   clock source latency
     1   11.69    0.00    0.00    0.00 ^ clk (in)
                                         clk (net)
                 31.69   10.00   10.00 ^ clkbuf_0_clk/A (BUFx24_ASAP7_75t_R)
     4   20.45   15.28   25.29   35.29 ^ clkbuf_0_clk/Y (BUFx24_ASAP7_75t_R)
                                         clknet_0_clk (net)
                 22.56    5.46   40.75 ^ clkbuf_2_1_0_clk/A (BUFx24_ASAP7_75t_R)
     8   31.87   20.69   23.62   64.37 ^ clkbuf_2_1_0_clk/Y (BUFx24_ASAP7_75t_R)
                                         clknet_2_1_0_clk (net)
                 28.33    6.28   70.64 ^ clkbuf_5_13__f_clk/A (BUFx24_ASAP7_75t_R)
     7   24.57   16.96   25.33   95.97 ^ clkbuf_5_13__f_clk/Y (BUFx24_ASAP7_75t_R)
                                         clknet_5_13__leaf_clk (net)
                 19.79    3.46   99.43 ^ clkbuf_leaf_71_clk/A (BUFx24_ASAP7_75t_R)
    17   13.84   11.77   22.12  121.55 ^ clkbuf_leaf_71_clk/Y (BUFx24_ASAP7_75t_R)
                                         clknet_leaf_71_clk (net)
                 13.43    2.25  123.80 ^ fdct_zigzag.dct_mod.ddin[1]$_DFFE_PN0P_/CLK (DFFASRHQNx1_ASAP7_75t_R)
     2    2.06   22.93   45.62  169.43 v fdct_zigzag.dct_mod.ddin[1]$_DFFE_PN0P_/QN (DFFASRHQNx1_ASAP7_75t_R)
                                         _021091_ (net)
                 22.93    0.12  169.54 v place9306/A (BUFx6f_ASAP7_75t_R)
     4   15.22   17.90   18.36  187.90 v place9306/Y (BUFx6f_ASAP7_75t_R)
                                         net9305 (net)
                 36.60   10.03  197.93 v place9298/A (BUFx3_ASAP7_75t_R)
     5    9.27   22.28   25.94  223.87 v place9298/Y (BUFx3_ASAP7_75t_R)
                                         net9297 (net)
                 24.01    3.30  227.17 v place9272/A (BUFx3_ASAP7_75t_R)
    10   14.93   33.26   22.16  249.33 v place9272/Y (BUFx3_ASAP7_75t_R)
                                         net9271 (net)
                 53.68   14.58  263.92 v place9270/A (BUFx3_ASAP7_75t_R)
     8   10.34   24.00   30.88  294.80 v place9270/Y (BUFx3_ASAP7_75t_R)
                                         net9269 (net)
                 24.46    1.89  296.69 v place9269/A (BUFx3_ASAP7_75t_R)
    10   12.45   26.29   26.47  323.16 v place9269/Y (BUFx3_ASAP7_75t_R)
                                         net9268 (net)
                 27.03    2.42  325.58 v _073543_/A (NOR2x1_ASAP7_75t_R)
     2    2.13   33.24   15.07  340.65 ^ _073543_/Y (NOR2x1_ASAP7_75t_R)
                                         _024510_ (net)
                 33.24    0.13  340.78 ^ _111656_/A (HAxp5_ASAP7_75t_R)
     2    3.07   55.32   53.49  394.27 v _111656_/SN (HAxp5_ASAP7_75t_R)
                                         _014586_ (net)
                 55.33    0.34  394.61 v _107600_/B (FAx1_ASAP7_75t_R)
     4    6.56   94.41   60.63  455.24 ^ _107600_/CON (FAx1_ASAP7_75t_R)
                                         _014601_ (net)
     2    1.55   35.48   24.18  479.42 v _107600_/SN (FAx1_ASAP7_75t_R)
                                         _014592_ (net)
                 35.48    0.05  479.46 v _069185_/A (INVx1_ASAP7_75t_R)
     3    5.25   39.17   27.11  506.57 ^ _069185_/Y (INVx1_ASAP7_75t_R)
                                         _014587_ (net)
                 39.20    0.57  507.14 ^ _107605_/CI (FAx1_ASAP7_75t_R)
     1    2.30   49.91   56.18  563.32 v _107605_/SN (FAx1_ASAP7_75t_R)
                                         _059217_ (net)
                 49.91    0.15  563.47 v _107608_/B (FAx1_ASAP7_75t_R)
     1    1.06   42.63   28.61  592.08 ^ _107608_/CON (FAx1_ASAP7_75t_R)
                                         _014609_ (net)
     1    0.77   33.31   14.33  606.41 v _107608_/SN (FAx1_ASAP7_75t_R)
                                         _014610_ (net)
                 33.31    0.06  606.48 v _064429_/A (INVx1_ASAP7_75t_R)
     1    1.08   14.69   12.29  618.77 ^ _064429_/Y (INVx1_ASAP7_75t_R)
                                         _014612_ (net)
                 14.69    0.13  618.90 ^ _111659_/B (HAxp5_ASAP7_75t_R)
     3    3.34   59.95   49.78  668.68 v _111659_/SN (HAxp5_ASAP7_75t_R)
                                         _024523_ (net)
                 59.95    0.26  668.94 v _087877_/B (NOR2x1_ASAP7_75t_R)
     2    1.65   23.92   18.16  687.10 ^ _087877_/Y (NOR2x1_ASAP7_75t_R)
                                         _042225_ (net)
                 23.92    0.18  687.28 ^ _087878_/B (AND2x2_ASAP7_75t_R)
     2    1.38    8.50   19.25  706.53 ^ _087878_/Y (AND2x2_ASAP7_75t_R)
                                         _042226_ (net)
                  8.50    0.04  706.57 ^ _087881_/A (AND3x1_ASAP7_75t_R)
     1    0.66    9.04   16.68  723.25 ^ _087881_/Y (AND3x1_ASAP7_75t_R)
                                         _042229_ (net)
                  9.04    0.06  723.31 ^ _087890_/A2 (AO221x1_ASAP7_75t_R)
     1    0.98   11.24   21.43  744.74 ^ _087890_/Y (AO221x1_ASAP7_75t_R)
                                         _042238_ (net)
                 11.25    0.04  744.79 ^ _087892_/A (XOR2x2_ASAP7_75t_R)
     1    0.82    7.20   24.14  768.93 ^ _087892_/Y (XOR2x2_ASAP7_75t_R)
                                         _042240_ (net)
                  7.21    0.08  769.00 ^ _087894_/A1 (AO21x1_ASAP7_75t_R)
     1    0.65    7.69   12.45  781.45 ^ _087894_/Y (AO21x1_ASAP7_75t_R)
                                         _027513_ (net)
                  7.69    0.05  781.50 ^ fdct_zigzag.dct_mod.dct_block_1.dct_unit_7.macu.mult_res[17]$_DFFE_PP_/D (DFFHQNx1_ASAP7_75t_R)
                                781.50   data arrival time

                        680.00  680.00   clock clk (rise edge)
                          0.00  680.00   clock source latency
     1   11.09    0.00    0.00  680.00 ^ clk (in)
                                         clk (net)
                 29.20    9.21  689.21 ^ clkbuf_0_clk/A (BUFx24_ASAP7_75t_R)
     4   18.04   14.01   24.51  713.72 ^ clkbuf_0_clk/Y (BUFx24_ASAP7_75t_R)
                                         clknet_0_clk (net)
                 20.13    4.80  718.52 ^ clkbuf_2_1_0_clk/A (BUFx24_ASAP7_75t_R)
     8   27.06   18.25   22.75  741.27 ^ clkbuf_2_1_0_clk/Y (BUFx24_ASAP7_75t_R)
                                         clknet_2_1_0_clk (net)
                 24.54    5.35  746.62 ^ clkbuf_5_13__f_clk/A (BUFx24_ASAP7_75t_R)
     7   20.36   14.82   23.94  770.56 ^ clkbuf_5_13__f_clk/Y (BUFx24_ASAP7_75t_R)
                                         clknet_5_13__leaf_clk (net)
                 21.00    5.02  775.58 ^ clkbuf_leaf_69_clk/A (BUFx24_ASAP7_75t_R)
    20   11.33   10.59   22.16  797.74 ^ clkbuf_leaf_69_clk/Y (BUFx24_ASAP7_75t_R)
                                         clknet_leaf_69_clk (net)
                 10.70    0.46  798.20 ^ fdct_zigzag.dct_mod.dct_block_1.dct_unit_7.macu.mult_res[17]$_DFFE_PP_/CLK (DFFHQNx1_ASAP7_75t_R)
                          5.41  803.61   clock reconvergence pessimism
                         -5.78  797.83   library setup time
                                797.83   data required time
-----------------------------------------------------------------------------
                                797.83   data required time
                               -781.50   data arrival time
-----------------------------------------------------------------------------
                                 16.34   slack (MET)



==========================================================================
finish report_checks -unconstrained
--------------------------------------------------------------------------
Startpoint: rst (input port clocked by clk)
Endpoint: fdct_zigzag.dct_mod.dddcnt$_DFFE_PN1P_
          (recovery check against rising-edge clock clk)
Path Group: asynchronous
Path Type: max

Fanout     Cap    Slew   Delay    Time   Description
-----------------------------------------------------------------------------
                          0.00    0.00   clock clk (rise edge)
                          0.00    0.00   clock network delay (propagated)
                        136.00  136.00 ^ input external delay
     1    0.80    0.00    0.00  136.00 ^ rst (in)
                                         rst (net)
                  0.20    0.06  136.06 ^ hold10481/A (BUFx2_ASAP7_75t_R)
     1    0.78    5.59   10.27  146.33 ^ hold10481/Y (BUFx2_ASAP7_75t_R)
                                         net10480 (net)
                  5.59    0.05  146.38 ^ hold10479/A (BUFx2_ASAP7_75t_R)
     1    0.87    5.88   12.08  158.47 ^ hold10479/Y (BUFx2_ASAP7_75t_R)
                                         net10478 (net)
                  5.89    0.10  158.56 ^ input85/A (BUFx2_ASAP7_75t_R)
     4   11.71   42.48   21.10  179.67 ^ input85/Y (BUFx2_ASAP7_75t_R)
                                         net84 (net)
                 55.29   12.34  192.00 ^ place9829/A (BUFx3_ASAP7_75t_R)
     8   13.24   34.36   27.17  219.18 ^ place9829/Y (BUFx3_ASAP7_75t_R)
                                         net9828 (net)
                 43.58    9.18  228.36 ^ place9828/A (BUFx3_ASAP7_75t_R)
    10   18.27   44.87   25.29  253.65 ^ place9828/Y (BUFx3_ASAP7_75t_R)
                                         net9827 (net)
                 83.59   23.98  277.62 ^ fdct_zigzag.dct_mod.dddcnt$_DFFE_PN1P_/SETN (DFFASRHQNx1_ASAP7_75t_R)
                                277.62   data arrival time

                        680.00  680.00   clock clk (rise edge)
                          0.00  680.00   clock source latency
     1   11.09    0.00    0.00  680.00 ^ clk (in)
                                         clk (net)
                 29.20    9.21  689.21 ^ clkbuf_0_clk/A (BUFx24_ASAP7_75t_R)
     4   18.04   14.01   24.51  713.72 ^ clkbuf_0_clk/Y (BUFx24_ASAP7_75t_R)
                                         clknet_0_clk (net)
                 19.52    4.52  718.24 ^ clkbuf_2_3_0_clk/A (BUFx24_ASAP7_75t_R)
     8   26.19   17.63   22.51  740.76 ^ clkbuf_2_3_0_clk/Y (BUFx24_ASAP7_75t_R)
                                         clknet_2_3_0_clk (net)
                 25.03    5.74  746.50 ^ clkbuf_5_29__f_clk/A (BUFx24_ASAP7_75t_R)
     6   16.77   13.29   23.60  770.09 ^ clkbuf_5_29__f_clk/Y (BUFx24_ASAP7_75t_R)
                                         clknet_5_29__leaf_clk (net)
                 17.59    3.93  774.03 ^ clkbuf_leaf_109_clk/A (BUFx24_ASAP7_75t_R)
    20   11.20   10.47   21.19  795.22 ^ clkbuf_leaf_109_clk/Y (BUFx24_ASAP7_75t_R)
                                         clknet_leaf_109_clk (net)
                 10.76    0.80  796.02 ^ fdct_zigzag.dct_mod.dddcnt$_DFFE_PN1P_/CLK (DFFASRHQNx1_ASAP7_75t_R)
                          0.00  796.02   clock reconvergence pessimism
                         -4.01  792.01   library recovery time
                                792.01   data required time
-----------------------------------------------------------------------------
                                792.01   data required time
                               -277.62   data arrival time
-----------------------------------------------------------------------------
                                514.39   slack (MET)


Startpoint: fdct_zigzag.dct_mod.ddin[1]$_DFFE_PN0P_
            (rising edge-triggered flip-flop clocked by clk)
Endpoint: fdct_zigzag.dct_mod.dct_block_1.dct_unit_7.macu.mult_res[17]$_DFFE_PP_
          (rising edge-triggered flip-flop clocked by clk)
Path Group: clk
Path Type: max

Fanout     Cap    Slew   Delay    Time   Description
-----------------------------------------------------------------------------
                          0.00    0.00   clock clk (rise edge)
                          0.00    0.00   clock source latency
     1   11.69    0.00    0.00    0.00 ^ clk (in)
                                         clk (net)
                 31.69   10.00   10.00 ^ clkbuf_0_clk/A (BUFx24_ASAP7_75t_R)
     4   20.45   15.28   25.29   35.29 ^ clkbuf_0_clk/Y (BUFx24_ASAP7_75t_R)
                                         clknet_0_clk (net)
                 22.56    5.46   40.75 ^ clkbuf_2_1_0_clk/A (BUFx24_ASAP7_75t_R)
     8   31.87   20.69   23.62   64.37 ^ clkbuf_2_1_0_clk/Y (BUFx24_ASAP7_75t_R)
                                         clknet_2_1_0_clk (net)
                 28.33    6.28   70.64 ^ clkbuf_5_13__f_clk/A (BUFx24_ASAP7_75t_R)
     7   24.57   16.96   25.33   95.97 ^ clkbuf_5_13__f_clk/Y (BUFx24_ASAP7_75t_R)
                                         clknet_5_13__leaf_clk (net)
                 19.79    3.46   99.43 ^ clkbuf_leaf_71_clk/A (BUFx24_ASAP7_75t_R)
    17   13.84   11.77   22.12  121.55 ^ clkbuf_leaf_71_clk/Y (BUFx24_ASAP7_75t_R)
                                         clknet_leaf_71_clk (net)
                 13.43    2.25  123.80 ^ fdct_zigzag.dct_mod.ddin[1]$_DFFE_PN0P_/CLK (DFFASRHQNx1_ASAP7_75t_R)
     2    2.06   22.93   45.62  169.43 v fdct_zigzag.dct_mod.ddin[1]$_DFFE_PN0P_/QN (DFFASRHQNx1_ASAP7_75t_R)
                                         _021091_ (net)
                 22.93    0.12  169.54 v place9306/A (BUFx6f_ASAP7_75t_R)
     4   15.22   17.90   18.36  187.90 v place9306/Y (BUFx6f_ASAP7_75t_R)
                                         net9305 (net)
                 36.60   10.03  197.93 v place9298/A (BUFx3_ASAP7_75t_R)
     5    9.27   22.28   25.94  223.87 v place9298/Y (BUFx3_ASAP7_75t_R)
                                         net9297 (net)
                 24.01    3.30  227.17 v place9272/A (BUFx3_ASAP7_75t_R)
    10   14.93   33.26   22.16  249.33 v place9272/Y (BUFx3_ASAP7_75t_R)
                                         net9271 (net)
                 53.68   14.58  263.92 v place9270/A (BUFx3_ASAP7_75t_R)
     8   10.34   24.00   30.88  294.80 v place9270/Y (BUFx3_ASAP7_75t_R)
                                         net9269 (net)
                 24.46    1.89  296.69 v place9269/A (BUFx3_ASAP7_75t_R)
    10   12.45   26.29   26.47  323.16 v place9269/Y (BUFx3_ASAP7_75t_R)
                                         net9268 (net)
                 27.03    2.42  325.58 v _073543_/A (NOR2x1_ASAP7_75t_R)
     2    2.13   33.24   15.07  340.65 ^ _073543_/Y (NOR2x1_ASAP7_75t_R)
                                         _024510_ (net)
                 33.24    0.13  340.78 ^ _111656_/A (HAxp5_ASAP7_75t_R)
     2    3.07   55.32   53.49  394.27 v _111656_/SN (HAxp5_ASAP7_75t_R)
                                         _014586_ (net)
                 55.33    0.34  394.61 v _107600_/B (FAx1_ASAP7_75t_R)
     4    6.56   94.41   60.63  455.24 ^ _107600_/CON (FAx1_ASAP7_75t_R)
                                         _014601_ (net)
     2    1.55   35.48   24.18  479.42 v _107600_/SN (FAx1_ASAP7_75t_R)
                                         _014592_ (net)
                 35.48    0.05  479.46 v _069185_/A (INVx1_ASAP7_75t_R)
     3    5.25   39.17   27.11  506.57 ^ _069185_/Y (INVx1_ASAP7_75t_R)
                                         _014587_ (net)
                 39.20    0.57  507.14 ^ _107605_/CI (FAx1_ASAP7_75t_R)
     1    2.30   49.91   56.18  563.32 v _107605_/SN (FAx1_ASAP7_75t_R)
                                         _059217_ (net)
                 49.91    0.15  563.47 v _107608_/B (FAx1_ASAP7_75t_R)
     1    1.06   42.63   28.61  592.08 ^ _107608_/CON (FAx1_ASAP7_75t_R)
                                         _014609_ (net)
     1    0.77   33.31   14.33  606.41 v _107608_/SN (FAx1_ASAP7_75t_R)
                                         _014610_ (net)
                 33.31    0.06  606.48 v _064429_/A (INVx1_ASAP7_75t_R)
     1    1.08   14.69   12.29  618.77 ^ _064429_/Y (INVx1_ASAP7_75t_R)
                                         _014612_ (net)
                 14.69    0.13  618.90 ^ _111659_/B (HAxp5_ASAP7_75t_R)
     3    3.34   59.95   49.78  668.68 v _111659_/SN (HAxp5_ASAP7_75t_R)
                                         _024523_ (net)
                 59.95    0.26  668.94 v _087877_/B (NOR2x1_ASAP7_75t_R)
     2    1.65   23.92   18.16  687.10 ^ _087877_/Y (NOR2x1_ASAP7_75t_R)
                                         _042225_ (net)
                 23.92    0.18  687.28 ^ _087878_/B (AND2x2_ASAP7_75t_R)
     2    1.38    8.50   19.25  706.53 ^ _087878_/Y (AND2x2_ASAP7_75t_R)
                                         _042226_ (net)
                  8.50    0.04  706.57 ^ _087881_/A (AND3x1_ASAP7_75t_R)
     1    0.66    9.04   16.68  723.25 ^ _087881_/Y (AND3x1_ASAP7_75t_R)
                                         _042229_ (net)
                  9.04    0.06  723.31 ^ _087890_/A2 (AO221x1_ASAP7_75t_R)
     1    0.98   11.24   21.43  744.74 ^ _087890_/Y (AO221x1_ASAP7_75t_R)
                                         _042238_ (net)
                 11.25    0.04  744.79 ^ _087892_/A (XOR2x2_ASAP7_75t_R)
     1    0.82    7.20   24.14  768.93 ^ _087892_/Y (XOR2x2_ASAP7_75t_R)
                                         _042240_ (net)
                  7.21    0.08  769.00 ^ _087894_/A1 (AO21x1_ASAP7_75t_R)
     1    0.65    7.69   12.45  781.45 ^ _087894_/Y (AO21x1_ASAP7_75t_R)
                                         _027513_ (net)
                  7.69    0.05  781.50 ^ fdct_zigzag.dct_mod.dct_block_1.dct_unit_7.macu.mult_res[17]$_DFFE_PP_/D (DFFHQNx1_ASAP7_75t_R)
                                781.50   data arrival time

                        680.00  680.00   clock clk (rise edge)
                          0.00  680.00   clock source latency
     1   11.09    0.00    0.00  680.00 ^ clk (in)
                                         clk (net)
                 29.20    9.21  689.21 ^ clkbuf_0_clk/A (BUFx24_ASAP7_75t_R)
     4   18.04   14.01   24.51  713.72 ^ clkbuf_0_clk/Y (BUFx24_ASAP7_75t_R)
                                         clknet_0_clk (net)
                 20.13    4.80  718.52 ^ clkbuf_2_1_0_clk/A (BUFx24_ASAP7_75t_R)
     8   27.06   18.25   22.75  741.27 ^ clkbuf_2_1_0_clk/Y (BUFx24_ASAP7_75t_R)
                                         clknet_2_1_0_clk (net)
                 24.54    5.35  746.62 ^ clkbuf_5_13__f_clk/A (BUFx24_ASAP7_75t_R)
     7   20.36   14.82   23.94  770.56 ^ clkbuf_5_13__f_clk/Y (BUFx24_ASAP7_75t_R)
                                         clknet_5_13__leaf_clk (net)
                 21.00    5.02  775.58 ^ clkbuf_leaf_69_clk/A (BUFx24_ASAP7_75t_R)
    20   11.33   10.59   22.16  797.74 ^ clkbuf_leaf_69_clk/Y (BUFx24_ASAP7_75t_R)
                                         clknet_leaf_69_clk (net)
                 10.70    0.46  798.20 ^ fdct_zigzag.dct_mod.dct_block_1.dct_unit_7.macu.mult_res[17]$_DFFE_PP_/CLK (DFFHQNx1_ASAP7_75t_R)
                          5.41  803.61   clock reconvergence pessimism
                         -5.78  797.83   library setup time
                                797.83   data required time
-----------------------------------------------------------------------------
                                797.83   data required time
                               -781.50   data arrival time
-----------------------------------------------------------------------------
                                 16.34   slack (MET)



==========================================================================
finish report_check_types -max_slew -max_cap -max_fanout -violators
--------------------------------------------------------------------------
max fanout

Pin                                   Limit Fanout  Slack
---------------------------------------------------------
clkbuf_leaf_47_clk/Y                     10     26    -16 (VIOLATED)
clkbuf_leaf_55_clk/Y                     10     26    -16 (VIOLATED)
clkbuf_leaf_63_clk/Y                     10     26    -16 (VIOLATED)
clkbuf_leaf_19_clk/Y                     10     25    -15 (VIOLATED)
clkbuf_leaf_56_clk/Y                     10     25    -15 (VIOLATED)
clkbuf_leaf_83_clk/Y                     10     25    -15 (VIOLATED)
clkbuf_leaf_92_clk/Y                     10     25    -15 (VIOLATED)
clkbuf_leaf_100_clk/Y                    10     24    -14 (VIOLATED)
clkbuf_leaf_115_clk/Y                    10     24    -14 (VIOLATED)
clkbuf_leaf_57_clk/Y                     10     24    -14 (VIOLATED)
clkbuf_leaf_78_clk/Y                     10     24    -14 (VIOLATED)
clkbuf_leaf_79_clk/Y                     10     24    -14 (VIOLATED)
clkbuf_leaf_8_clk/Y                      10     24    -14 (VIOLATED)
clkbuf_leaf_93_clk/Y                     10     24    -14 (VIOLATED)
clkbuf_leaf_97_clk/Y                     10     24    -14 (VIOLATED)
clkbuf_leaf_98_clk/Y                     10     24    -14 (VIOLATED)
clkbuf_leaf_110_clk/Y                    10     23    -13 (VIOLATED)
clkbuf_leaf_117_clk/Y                    10     23    -13 (VIOLATED)
clkbuf_leaf_130_clk/Y                    10     23    -13 (VIOLATED)
clkbuf_leaf_160_clk/Y                    10     23    -13 (VIOLATED)
clkbuf_leaf_180_clk/Y                    10     23    -13 (VIOLATED)
clkbuf_leaf_181_clk/Y                    10     23    -13 (VIOLATED)
clkbuf_leaf_183_clk/Y                    10     23    -13 (VIOLATED)
clkbuf_leaf_184_clk/Y                    10     23    -13 (VIOLATED)
clkbuf_leaf_36_clk/Y                     10     23    -13 (VIOLATED)
clkbuf_leaf_42_clk/Y                     10     23    -13 (VIOLATED)
clkbuf_leaf_44_clk/Y                     10     23    -13 (VIOLATED)
clkbuf_leaf_45_clk/Y                     10     23    -13 (VIOLATED)
clkbuf_leaf_48_clk/Y                     10     23    -13 (VIOLATED)
clkbuf_leaf_59_clk/Y                     10     23    -13 (VIOLATED)
clkbuf_leaf_5_clk/Y                      10     23    -13 (VIOLATED)
clkbuf_leaf_7_clk/Y                      10     23    -13 (VIOLATED)
clkbuf_leaf_84_clk/Y                     10     23    -13 (VIOLATED)
clkbuf_leaf_87_clk/Y                     10     23    -13 (VIOLATED)
clkbuf_leaf_94_clk/Y                     10     23    -13 (VIOLATED)
clkbuf_leaf_0_clk/Y                      10     22    -12 (VIOLATED)
clkbuf_leaf_10_clk/Y                     10     22    -12 (VIOLATED)
clkbuf_leaf_113_clk/Y                    10     22    -12 (VIOLATED)
clkbuf_leaf_119_clk/Y                    10     22    -12 (VIOLATED)
clkbuf_leaf_134_clk/Y                    10     22    -12 (VIOLATED)
clkbuf_leaf_137_clk/Y                    10     22    -12 (VIOLATED)
clkbuf_leaf_152_clk/Y                    10     22    -12 (VIOLATED)
clkbuf_leaf_153_clk/Y                    10     22    -12 (VIOLATED)
clkbuf_leaf_159_clk/Y                    10     22    -12 (VIOLATED)
clkbuf_leaf_162_clk/Y                    10     22    -12 (VIOLATED)
clkbuf_leaf_185_clk/Y                    10     22    -12 (VIOLATED)
clkbuf_leaf_189_clk/Y                    10     22    -12 (VIOLATED)
clkbuf_leaf_192_clk/Y                    10     22    -12 (VIOLATED)
clkbuf_leaf_27_clk/Y                     10     22    -12 (VIOLATED)
clkbuf_leaf_30_clk/Y                     10     22    -12 (VIOLATED)
clkbuf_leaf_31_clk/Y                     10     22    -12 (VIOLATED)
clkbuf_leaf_32_clk/Y                     10     22    -12 (VIOLATED)
clkbuf_leaf_33_clk/Y                     10     22    -12 (VIOLATED)
clkbuf_leaf_34_clk/Y                     10     22    -12 (VIOLATED)
clkbuf_leaf_38_clk/Y                     10     22    -12 (VIOLATED)
clkbuf_leaf_43_clk/Y                     10     22    -12 (VIOLATED)
clkbuf_leaf_53_clk/Y                     10     22    -12 (VIOLATED)
clkbuf_leaf_62_clk/Y                     10     22    -12 (VIOLATED)
clkbuf_leaf_6_clk/Y                      10     22    -12 (VIOLATED)
clkbuf_leaf_74_clk/Y                     10     22    -12 (VIOLATED)
clkbuf_leaf_82_clk/Y                     10     22    -12 (VIOLATED)
clkbuf_leaf_85_clk/Y                     10     22    -12 (VIOLATED)
clkbuf_leaf_86_clk/Y                     10     22    -12 (VIOLATED)
clkbuf_leaf_88_clk/Y                     10     22    -12 (VIOLATED)
clkbuf_leaf_107_clk/Y                    10     21    -11 (VIOLATED)
clkbuf_leaf_112_clk/Y                    10     21    -11 (VIOLATED)
clkbuf_leaf_116_clk/Y                    10     21    -11 (VIOLATED)
clkbuf_leaf_120_clk/Y                    10     21    -11 (VIOLATED)
clkbuf_leaf_123_clk/Y                    10     21    -11 (VIOLATED)
clkbuf_leaf_129_clk/Y                    10     21    -11 (VIOLATED)
clkbuf_leaf_14_clk/Y                     10     21    -11 (VIOLATED)
clkbuf_leaf_150_clk/Y                    10     21    -11 (VIOLATED)
clkbuf_leaf_154_clk/Y                    10     21    -11 (VIOLATED)
clkbuf_leaf_155_clk/Y                    10     21    -11 (VIOLATED)
clkbuf_leaf_156_clk/Y                    10     21    -11 (VIOLATED)
clkbuf_leaf_157_clk/Y                    10     21    -11 (VIOLATED)
clkbuf_leaf_175_clk/Y                    10     21    -11 (VIOLATED)
clkbuf_leaf_186_clk/Y                    10     21    -11 (VIOLATED)
clkbuf_leaf_23_clk/Y                     10     21    -11 (VIOLATED)
clkbuf_leaf_41_clk/Y                     10     21    -11 (VIOLATED)
clkbuf_leaf_46_clk/Y                     10     21    -11 (VIOLATED)
clkbuf_leaf_64_clk/Y                     10     21    -11 (VIOLATED)
clkbuf_leaf_73_clk/Y                     10     21    -11 (VIOLATED)
clkbuf_leaf_77_clk/Y                     10     21    -11 (VIOLATED)
clkbuf_leaf_95_clk/Y                     10     21    -11 (VIOLATED)
clkbuf_leaf_96_clk/Y                     10     21    -11 (VIOLATED)
clkbuf_leaf_101_clk/Y                    10     20    -10 (VIOLATED)
clkbuf_leaf_103_clk/Y                    10     20    -10 (VIOLATED)
clkbuf_leaf_109_clk/Y                    10     20    -10 (VIOLATED)
clkbuf_leaf_126_clk/Y                    10     20    -10 (VIOLATED)
clkbuf_leaf_127_clk/Y                    10     20    -10 (VIOLATED)
clkbuf_leaf_128_clk/Y                    10     20    -10 (VIOLATED)
clkbuf_leaf_144_clk/Y                    10     20    -10 (VIOLATED)
clkbuf_leaf_145_clk/Y                    10     20    -10 (VIOLATED)
clkbuf_leaf_147_clk/Y                    10     20    -10 (VIOLATED)
clkbuf_leaf_158_clk/Y                    10     20    -10 (VIOLATED)
clkbuf_leaf_171_clk/Y                    10     20    -10 (VIOLATED)
clkbuf_leaf_172_clk/Y                    10     20    -10 (VIOLATED)
clkbuf_leaf_182_clk/Y                    10     20    -10 (VIOLATED)
clkbuf_leaf_22_clk/Y                     10     20    -10 (VIOLATED)
clkbuf_leaf_28_clk/Y                     10     20    -10 (VIOLATED)
clkbuf_leaf_37_clk/Y                     10     20    -10 (VIOLATED)
clkbuf_leaf_39_clk/Y                     10     20    -10 (VIOLATED)
clkbuf_leaf_40_clk/Y                     10     20    -10 (VIOLATED)
clkbuf_leaf_49_clk/Y                     10     20    -10 (VIOLATED)
clkbuf_leaf_60_clk/Y                     10     20    -10 (VIOLATED)
clkbuf_leaf_65_clk/Y                     10     20    -10 (VIOLATED)
clkbuf_leaf_68_clk/Y                     10     20    -10 (VIOLATED)
clkbuf_leaf_69_clk/Y                     10     20    -10 (VIOLATED)
clkbuf_leaf_75_clk/Y                     10     20    -10 (VIOLATED)
clkbuf_leaf_80_clk/Y                     10     20    -10 (VIOLATED)
clkbuf_leaf_9_clk/Y                      10     20    -10 (VIOLATED)
clkbuf_leaf_102_clk/Y                    10     19     -9 (VIOLATED)
clkbuf_leaf_104_clk/Y                    10     19     -9 (VIOLATED)
clkbuf_leaf_12_clk/Y                     10     19     -9 (VIOLATED)
clkbuf_leaf_135_clk/Y                    10     19     -9 (VIOLATED)
clkbuf_leaf_13_clk/Y                     10     19     -9 (VIOLATED)
clkbuf_leaf_142_clk/Y                    10     19     -9 (VIOLATED)
clkbuf_leaf_15_clk/Y                     10     19     -9 (VIOLATED)
clkbuf_leaf_163_clk/Y                    10     19     -9 (VIOLATED)
clkbuf_leaf_165_clk/Y                    10     19     -9 (VIOLATED)
clkbuf_leaf_166_clk/Y                    10     19     -9 (VIOLATED)
clkbuf_leaf_167_clk/Y                    10     19     -9 (VIOLATED)
clkbuf_leaf_16_clk/Y                     10     19     -9 (VIOLATED)
clkbuf_leaf_173_clk/Y                    10     19     -9 (VIOLATED)
clkbuf_leaf_176_clk/Y                    10     19     -9 (VIOLATED)
clkbuf_leaf_178_clk/Y                    10     19     -9 (VIOLATED)
clkbuf_leaf_179_clk/Y                    10     19     -9 (VIOLATED)
clkbuf_leaf_187_clk/Y                    10     19     -9 (VIOLATED)
clkbuf_leaf_188_clk/Y                    10     19     -9 (VIOLATED)
clkbuf_leaf_18_clk/Y                     10     19     -9 (VIOLATED)
clkbuf_leaf_193_clk/Y                    10     19     -9 (VIOLATED)
clkbuf_leaf_1_clk/Y                      10     19     -9 (VIOLATED)
clkbuf_leaf_21_clk/Y                     10     19     -9 (VIOLATED)
clkbuf_leaf_24_clk/Y                     10     19     -9 (VIOLATED)
clkbuf_leaf_25_clk/Y                     10     19     -9 (VIOLATED)
clkbuf_leaf_50_clk/Y                     10     19     -9 (VIOLATED)
clkbuf_leaf_54_clk/Y                     10     19     -9 (VIOLATED)
clkbuf_leaf_58_clk/Y                     10     19     -9 (VIOLATED)
clkbuf_leaf_81_clk/Y                     10     19     -9 (VIOLATED)
clkbuf_leaf_99_clk/Y                     10     19     -9 (VIOLATED)
clkbuf_leaf_111_clk/Y                    10     18     -8 (VIOLATED)
clkbuf_leaf_11_clk/Y                     10     18     -8 (VIOLATED)
clkbuf_leaf_121_clk/Y                    10     18     -8 (VIOLATED)
clkbuf_leaf_125_clk/Y                    10     18     -8 (VIOLATED)
clkbuf_leaf_132_clk/Y                    10     18     -8 (VIOLATED)
clkbuf_leaf_136_clk/Y                    10     18     -8 (VIOLATED)
clkbuf_leaf_148_clk/Y                    10     18     -8 (VIOLATED)
clkbuf_leaf_164_clk/Y                    10     18     -8 (VIOLATED)
clkbuf_leaf_168_clk/Y                    10     18     -8 (VIOLATED)
clkbuf_leaf_17_clk/Y                     10     18     -8 (VIOLATED)
clkbuf_leaf_29_clk/Y                     10     18     -8 (VIOLATED)
clkbuf_leaf_2_clk/Y                      10     18     -8 (VIOLATED)
clkbuf_leaf_61_clk/Y                     10     18     -8 (VIOLATED)
clkbuf_leaf_66_clk/Y                     10     18     -8 (VIOLATED)
clkbuf_leaf_72_clk/Y                     10     18     -8 (VIOLATED)
clkbuf_leaf_108_clk/Y                    10     17     -7 (VIOLATED)
clkbuf_leaf_118_clk/Y                    10     17     -7 (VIOLATED)
clkbuf_leaf_122_clk/Y                    10     17     -7 (VIOLATED)
clkbuf_leaf_124_clk/Y                    10     17     -7 (VIOLATED)
clkbuf_leaf_131_clk/Y                    10     17     -7 (VIOLATED)
clkbuf_leaf_133_clk/Y                    10     17     -7 (VIOLATED)
clkbuf_leaf_138_clk/Y                    10     17     -7 (VIOLATED)
clkbuf_leaf_139_clk/Y                    10     17     -7 (VIOLATED)
clkbuf_leaf_140_clk/Y                    10     17     -7 (VIOLATED)
clkbuf_leaf_151_clk/Y                    10     17     -7 (VIOLATED)
clkbuf_leaf_161_clk/Y                    10     17     -7 (VIOLATED)
clkbuf_leaf_169_clk/Y                    10     17     -7 (VIOLATED)
clkbuf_leaf_194_clk/Y                    10     17     -7 (VIOLATED)
clkbuf_leaf_51_clk/Y                     10     17     -7 (VIOLATED)
clkbuf_leaf_52_clk/Y                     10     17     -7 (VIOLATED)
clkbuf_leaf_70_clk/Y                     10     17     -7 (VIOLATED)
clkbuf_leaf_71_clk/Y                     10     17     -7 (VIOLATED)
clkbuf_leaf_91_clk/Y                     10     17     -7 (VIOLATED)
clkbuf_leaf_106_clk/Y                    10     16     -6 (VIOLATED)
clkbuf_leaf_114_clk/Y                    10     16     -6 (VIOLATED)
clkbuf_leaf_146_clk/Y                    10     16     -6 (VIOLATED)
clkbuf_leaf_174_clk/Y                    10     16     -6 (VIOLATED)
clkbuf_leaf_177_clk/Y                    10     16     -6 (VIOLATED)
clkbuf_leaf_190_clk/Y                    10     16     -6 (VIOLATED)
clkbuf_leaf_191_clk/Y                    10     16     -6 (VIOLATED)
clkbuf_leaf_26_clk/Y                     10     16     -6 (VIOLATED)
clkbuf_leaf_35_clk/Y                     10     16     -6 (VIOLATED)
clkbuf_leaf_76_clk/Y                     10     16     -6 (VIOLATED)
clkbuf_leaf_90_clk/Y                     10     16     -6 (VIOLATED)
clkbuf_leaf_20_clk/Y                     10     15     -5 (VIOLATED)
clkbuf_leaf_67_clk/Y                     10     15     -5 (VIOLATED)
clkbuf_leaf_89_clk/Y                     10     15     -5 (VIOLATED)
clkbuf_leaf_149_clk/Y                    10     14     -4 (VIOLATED)
clkbuf_leaf_170_clk/Y                    10     14     -4 (VIOLATED)
clkbuf_leaf_4_clk/Y                      10     14     -4 (VIOLATED)
clkbuf_leaf_141_clk/Y                    10     13     -3 (VIOLATED)
clkbuf_leaf_143_clk/Y                    10     13     -3 (VIOLATED)
clkbuf_leaf_3_clk/Y                      10     13     -3 (VIOLATED)


==========================================================================
finish max_slew_check_slack
--------------------------------------------------------------------------
68.3538818359375

==========================================================================
finish max_slew_check_limit
--------------------------------------------------------------------------
320.0

==========================================================================
finish max_slew_check_slack_limit
--------------------------------------------------------------------------
0.2136

==========================================================================
finish max_fanout_check_slack
--------------------------------------------------------------------------
-16.0

==========================================================================
finish max_fanout_check_limit
--------------------------------------------------------------------------
10.0

==========================================================================
finish max_fanout_check_slack_limit
--------------------------------------------------------------------------
-1.6000

==========================================================================
finish max_capacitance_check_slack
--------------------------------------------------------------------------
4.298917293548584

==========================================================================
finish max_capacitance_check_limit
--------------------------------------------------------------------------
23.040000915527344

==========================================================================
finish max_capacitance_check_slack_limit
--------------------------------------------------------------------------
0.1866

==========================================================================
finish max_slew_violation_count
--------------------------------------------------------------------------
max slew violation count 0

==========================================================================
finish max_fanout_violation_count
--------------------------------------------------------------------------
max fanout violation count 194

==========================================================================
finish max_cap_violation_count
--------------------------------------------------------------------------
max cap violation count 0

==========================================================================
finish setup_violation_count
--------------------------------------------------------------------------
setup violation count 0

==========================================================================
finish hold_violation_count
--------------------------------------------------------------------------
hold violation count 0

==========================================================================
finish report_checks -path_delay max reg to reg
--------------------------------------------------------------------------
Startpoint: fdct_zigzag.dct_mod.ddin[1]$_DFFE_PN0P_
            (rising edge-triggered flip-flop clocked by clk)
Endpoint: fdct_zigzag.dct_mod.dct_block_1.dct_unit_7.macu.mult_res[17]$_DFFE_PP_
          (rising edge-triggered flip-flop clocked by clk)
Path Group: clk
Path Type: max

  Delay    Time   Description
---------------------------------------------------------
   0.00    0.00   clock clk (rise edge)
   0.00    0.00   clock source latency
   0.00    0.00 ^ clk (in)
  35.29   35.29 ^ clkbuf_0_clk/Y (BUFx24_ASAP7_75t_R)
  29.08   64.37 ^ clkbuf_2_1_0_clk/Y (BUFx24_ASAP7_75t_R)
  31.61   95.97 ^ clkbuf_5_13__f_clk/Y (BUFx24_ASAP7_75t_R)
  25.58  121.55 ^ clkbuf_leaf_71_clk/Y (BUFx24_ASAP7_75t_R)
   2.25  123.80 ^ fdct_zigzag.dct_mod.ddin[1]$_DFFE_PN0P_/CLK (DFFASRHQNx1_ASAP7_75t_R)
  45.62  169.43 v fdct_zigzag.dct_mod.ddin[1]$_DFFE_PN0P_/QN (DFFASRHQNx1_ASAP7_75t_R)
  18.47  187.90 v place9306/Y (BUFx6f_ASAP7_75t_R)
  35.97  223.87 v place9298/Y (BUFx3_ASAP7_75t_R)
  25.47  249.33 v place9272/Y (BUFx3_ASAP7_75t_R)
  45.46  294.80 v place9270/Y (BUFx3_ASAP7_75t_R)
  28.36  323.16 v place9269/Y (BUFx3_ASAP7_75t_R)
  17.49  340.65 ^ _073543_/Y (NOR2x1_ASAP7_75t_R)
  53.62  394.27 v _111656_/SN (HAxp5_ASAP7_75t_R)
  60.97  455.24 ^ _107600_/CON (FAx1_ASAP7_75t_R)
  24.18  479.42 v _107600_/SN (FAx1_ASAP7_75t_R)
  27.15  506.57 ^ _069185_/Y (INVx1_ASAP7_75t_R)
  56.75  563.32 v _107605_/SN (FAx1_ASAP7_75t_R)
  28.76  592.08 ^ _107608_/CON (FAx1_ASAP7_75t_R)
  14.33  606.41 v _107608_/SN (FAx1_ASAP7_75t_R)
  12.35  618.77 ^ _064429_/Y (INVx1_ASAP7_75t_R)
  49.91  668.68 v _111659_/SN (HAxp5_ASAP7_75t_R)
  18.42  687.10 ^ _087877_/Y (NOR2x1_ASAP7_75t_R)
  19.43  706.53 ^ _087878_/Y (AND2x2_ASAP7_75t_R)
  16.72  723.25 ^ _087881_/Y (AND3x1_ASAP7_75t_R)
  21.49  744.74 ^ _087890_/Y (AO221x1_ASAP7_75t_R)
  24.19  768.93 ^ _087892_/Y (XOR2x2_ASAP7_75t_R)
  12.52  781.45 ^ _087894_/Y (AO21x1_ASAP7_75t_R)
   0.05  781.50 ^ fdct_zigzag.dct_mod.dct_block_1.dct_unit_7.macu.mult_res[17]$_DFFE_PP_/D (DFFHQNx1_ASAP7_75t_R)
         781.50   data arrival time

 680.00  680.00   clock clk (rise edge)
   0.00  680.00   clock source latency
   0.00  680.00 ^ clk (in)
  33.72  713.72 ^ clkbuf_0_clk/Y (BUFx24_ASAP7_75t_R)
  27.55  741.27 ^ clkbuf_2_1_0_clk/Y (BUFx24_ASAP7_75t_R)
  29.29  770.56 ^ clkbuf_5_13__f_clk/Y (BUFx24_ASAP7_75t_R)
  27.18  797.74 ^ clkbuf_leaf_69_clk/Y (BUFx24_ASAP7_75t_R)
   0.46  798.20 ^ fdct_zigzag.dct_mod.dct_block_1.dct_unit_7.macu.mult_res[17]$_DFFE_PP_/CLK (DFFHQNx1_ASAP7_75t_R)
   5.41  803.61   clock reconvergence pessimism
  -5.78  797.83   library setup time
         797.83   data required time
---------------------------------------------------------
         797.83   data required time
        -781.50   data arrival time
---------------------------------------------------------
          16.34   slack (MET)



==========================================================================
finish report_checks -path_delay min reg to reg
--------------------------------------------------------------------------
Startpoint: dqnr_doe$_DFFE_PP_ (rising edge-triggered flip-flop clocked by clk)
Endpoint: rle.ddstrb$_DFF_P_ (rising edge-triggered flip-flop clocked by clk)
Path Group: clk
Path Type: min

  Delay    Time   Description
---------------------------------------------------------
   0.00    0.00   clock clk (rise edge)
   0.00    0.00   clock source latency
   0.00    0.00 ^ clk (in)
  33.72   33.72 ^ clkbuf_0_clk/Y (BUFx24_ASAP7_75t_R)
  27.55   61.27 ^ clkbuf_2_1_0_clk/Y (BUFx24_ASAP7_75t_R)
  32.42   93.69 ^ clkbuf_5_10__f_clk/Y (BUFx24_ASAP7_75t_R)
  22.61  116.30 ^ clkbuf_leaf_44_clk/Y (BUFx24_ASAP7_75t_R)
   0.47  116.77 ^ dqnr_doe$_DFFE_PP_/CLK (DFFHQNx1_ASAP7_75t_R)
  34.89  151.66 ^ dqnr_doe$_DFFE_PP_/QN (DFFHQNx1_ASAP7_75t_R)
   7.99  159.65 v _061196_/Y (INVx1_ASAP7_75t_R)
   0.15  159.80 v rle.ddstrb$_DFF_P_/D (DFFHQNx1_ASAP7_75t_R)
         159.80   data arrival time

   0.00    0.00   clock clk (rise edge)
   0.00    0.00   clock source latency
   0.00    0.00 ^ clk (in)
  35.29   35.29 ^ clkbuf_0_clk/Y (BUFx24_ASAP7_75t_R)
  29.08   64.37 ^ clkbuf_2_1_0_clk/Y (BUFx24_ASAP7_75t_R)
  35.54   99.91 ^ clkbuf_5_10__f_clk/Y (BUFx24_ASAP7_75t_R)
  24.26  124.17 ^ clkbuf_leaf_44_clk/Y (BUFx24_ASAP7_75t_R)
   0.56  124.73 ^ rle.ddstrb$_DFF_P_/CLK (DFFHQNx1_ASAP7_75t_R)
  -7.87  116.86   clock reconvergence pessimism
  11.28  128.14   library hold time
         128.14   data required time
---------------------------------------------------------
         128.14   data required time
        -159.80   data arrival time
---------------------------------------------------------
          31.66   slack (MET)



==========================================================================
finish critical path target clock latency max path
--------------------------------------------------------------------------
116.0166

==========================================================================
finish critical path target clock latency min path
--------------------------------------------------------------------------
127.8454

==========================================================================
finish critical path source clock latency min path
--------------------------------------------------------------------------
0.0000

==========================================================================
finish critical path delay
--------------------------------------------------------------------------
781.4974

==========================================================================
finish critical path slack
--------------------------------------------------------------------------
16.3367

==========================================================================
finish slack div critical path delay
--------------------------------------------------------------------------
2.090436

==========================================================================
finish report_power
--------------------------------------------------------------------------
Group                  Internal  Switching    Leakage      Total
                          Power      Power      Power      Power (Watts)
----------------------------------------------------------------
Sequential             1.65e-02   3.54e-03   6.47e-07   2.00e-02  17.0%
Combinational          3.91e-02   4.95e-02   3.16e-06   8.86e-02  75.4%
Clock                  5.64e-03   3.31e-03   1.36e-07   8.95e-03   7.6%
Macro                  0.00e+00   0.00e+00   0.00e+00   0.00e+00   0.0%
Pad                    0.00e+00   0.00e+00   0.00e+00   0.00e+00   0.0%
----------------------------------------------------------------
Total                  6.12e-02   5.63e-02   3.94e-06   1.18e-01 100.0%
                          52.1%      47.9%       0.0%
