OpenROAD fe1aa0f9d0254fac87b82c886c04ee1544e46885 
Features included (+) or not (-): +GPU +GUI +Python
This program is licensed under the BSD-3 license. See the LICENSE file for details.
Components of this program may be licensed under more restrictive licenses which must be honored.
[INFO ORD-0030] Using 32 thread(s).
source /home/lucast/workspace/OR-flow-TCC/flow/platforms/asap7/liberty_suppressions.tcl
read_liberty /home/lucast/workspace/OR-flow-TCC/flow/platforms/asap7/lib/NLDM/asap7sc7p5t_AO_RVT_FF_nldm_211120.lib.gz
read_liberty /home/lucast/workspace/OR-flow-TCC/flow/platforms/asap7/lib/NLDM/asap7sc7p5t_INVBUF_RVT_FF_nldm_220122.lib.gz
read_liberty /home/lucast/workspace/OR-flow-TCC/flow/platforms/asap7/lib/NLDM/asap7sc7p5t_OA_RVT_FF_nldm_211120.lib.gz
read_liberty /home/lucast/workspace/OR-flow-TCC/flow/platforms/asap7/lib/NLDM/asap7sc7p5t_SIMPLE_RVT_FF_nldm_211120.lib.gz
read_liberty /home/lucast/workspace/OR-flow-TCC/flow/platforms/asap7/lib/NLDM/asap7sc7p5t_SEQ_RVT_FF_nldm_220123.lib
read_liberty /home/lucast/workspace/OR-flow-TCC/flow/platforms/asap7/lib/NLDM/asap7sc7p5t_DFFHQNH2V2X_RVT_TT_nldm_FAKE.lib
read_liberty /home/lucast/workspace/OR-flow-TCC/flow/platforms/asap7/lib/NLDM/asap7sc7p5t_DFFHQNV2X_RVT_TT_nldm_FAKE.lib
read_db ./results/asap7/aes-mbff/baseline_alpha_8-beta_0.1/5_1_grt.odb
source /home/lucast/workspace/OR-flow-TCC/flow/platforms/asap7/setRC.tcl
detailed_route -output_drc ./reports/asap7/aes-mbff/baseline_alpha_8-beta_0.1/5_route_drc.rpt -output_maze ./results/asap7/aes-mbff/baseline_alpha_8-beta_0.1/maze.log -droute_end_iter 64 -verbose 1 -drc_report_iter_step 5
[INFO DRT-0149] Reading tech and libs.

Units:                1000
Number of layers:     21
Number of macros:     230
Number of vias:       14
Number of viarulegen: 11

[INFO DRT-0150] Reading design.

Design:                   aes_cipher_top
Die area:                 ( 0 0 ) ( 68348 68348 )
Number of track patterns: 32
Number of DEF vias:       0
Number of components:     17685
Number of terminals:      390
Number of snets:          2
Number of nets:           17826

[INFO DRT-0167] List of default vias:
  Layer V2
    default via: VIA23
  Layer V3
    default via: VIA34
  Layer V4
    default via: VIA45
  Layer V5
    default via: VIA56
  Layer V6
    default via: VIA67
  Layer V7
    default via: VIA78
  Layer V8
    default via: VIA89
  Layer V9
    default via: VIA9Pad
[INFO DRT-0162] Library cell analysis.
[INFO DRT-0163] Instance analysis.
[INFO DRT-0164] Number of unique instances = 217.
[INFO DRT-0168] Init region query.
[INFO DRT-0024]   Complete Active.
[INFO DRT-0024]   Complete V0.
[INFO DRT-0024]   Complete M1.
[INFO DRT-0024]   Complete V1.
[INFO DRT-0024]   Complete M2.
[INFO DRT-0024]   Complete V2.
[INFO DRT-0024]   Complete M3.
[INFO DRT-0024]   Complete V3.
[INFO DRT-0024]   Complete M4.
[INFO DRT-0024]   Complete V4.
[INFO DRT-0024]   Complete M5.
[INFO DRT-0024]   Complete V5.
[INFO DRT-0024]   Complete M6.
[INFO DRT-0024]   Complete V6.
[INFO DRT-0024]   Complete M7.
[INFO DRT-0024]   Complete V7.
[INFO DRT-0024]   Complete M8.
[INFO DRT-0024]   Complete V8.
[INFO DRT-0024]   Complete M9.
[INFO DRT-0024]   Complete V9.
[INFO DRT-0024]   Complete Pad.
[INFO DRT-0033] Active shape region query size = 0.
[INFO DRT-0033] V0 shape region query size = 0.
[INFO DRT-0033] M1 shape region query size = 258822.
[INFO DRT-0033] V1 shape region query size = 430400.
[INFO DRT-0033] M2 shape region query size = 5291.
[INFO DRT-0033] V2 shape region query size = 8806.
[INFO DRT-0033] M3 shape region query size = 8687.
[INFO DRT-0033] V3 shape region query size = 5712.
[INFO DRT-0033] M4 shape region query size = 5935.
[INFO DRT-0033] V4 shape region query size = 5712.
[INFO DRT-0033] M5 shape region query size = 3333.
[INFO DRT-0033] V5 shape region query size = 576.
[INFO DRT-0033] M6 shape region query size = 336.
[INFO DRT-0033] V6 shape region query size = 0.
[INFO DRT-0033] M7 shape region query size = 0.
[INFO DRT-0033] V7 shape region query size = 0.
[INFO DRT-0033] M8 shape region query size = 0.
[INFO DRT-0033] V8 shape region query size = 0.
[INFO DRT-0033] M9 shape region query size = 0.
[INFO DRT-0033] V9 shape region query size = 0.
[INFO DRT-0033] Pad shape region query size = 0.
[INFO DRT-0165] Start pin access.
[INFO DRT-0076]   Complete 1000 pins.
[INFO DRT-0078]   Complete 1251 pins.
[INFO DRT-0079]   Complete 100 unique inst patterns.
[INFO DRT-0079]   Complete 200 unique inst patterns.
[INFO DRT-0081]   Complete 217 unique inst patterns.
[INFO DRT-0082]   Complete 10000 groups.
[INFO DRT-0084]   Complete 10258 groups.
#scanned instances     = 17685
#unique  instances     = 217
#stdCellGenAp          = 8224
#stdCellValidPlanarAp  = 42
#stdCellValidViaAp     = 5727
#stdCellPinNoAp        = 0
#stdCellPinCnt         = 54546
#instTermValidViaApCnt = 0
#macroGenAp            = 0
#macroValidPlanarAp    = 0
#macroValidViaAp       = 0
#macroNoAp             = 0
[INFO DRT-0166] Complete pin access.
[INFO DRT-0267] cpu time = 00:06:13, elapsed time = 00:00:15, memory = 450.64 (MB), peak = 446.27 (MB)
[INFO DRT-0156] guideIn read 100000 guides.

[INFO DRT-0157] Number of guides:     140598

[INFO DRT-0169] Post process guides.
[INFO DRT-0176] GCELLGRID X 0 DO 119 STEP 570 ;
[INFO DRT-0177] GCELLGRID Y 0 DO 119 STEP 570 ;
[INFO DRT-0026]   Complete 100000 origin guides.
[INFO DRT-0028]   Complete Active.
[INFO DRT-0028]   Complete V0.
[INFO DRT-0028]   Complete M1.
[INFO DRT-0028]   Complete V1.
[INFO DRT-0028]   Complete M2.
[INFO DRT-0028]   Complete V2.
[INFO DRT-0028]   Complete M3.
[INFO DRT-0028]   Complete V3.
[INFO DRT-0028]   Complete M4.
[INFO DRT-0028]   Complete V4.
[INFO DRT-0028]   Complete M5.
[INFO DRT-0028]   Complete V5.
[INFO DRT-0028]   Complete M6.
[INFO DRT-0028]   Complete V6.
[INFO DRT-0028]   Complete M7.
[INFO DRT-0028]   Complete V7.
[INFO DRT-0028]   Complete M8.
[INFO DRT-0028]   Complete V8.
[INFO DRT-0028]   Complete M9.
[INFO DRT-0028]   Complete V9.
[INFO DRT-0028]   Complete Pad.
[INFO DRT-0178] Init guide query.
[INFO DRT-0035]   Complete Active (guide).
[INFO DRT-0035]   Complete V0 (guide).
[INFO DRT-0035]   Complete M1 (guide).
[INFO DRT-0035]   Complete V1 (guide).
[INFO DRT-0035]   Complete M2 (guide).
[INFO DRT-0035]   Complete V2 (guide).
[INFO DRT-0035]   Complete M3 (guide).
[INFO DRT-0035]   Complete V3 (guide).
[INFO DRT-0035]   Complete M4 (guide).
[INFO DRT-0035]   Complete V4 (guide).
[INFO DRT-0035]   Complete M5 (guide).
[INFO DRT-0035]   Complete V5 (guide).
[INFO DRT-0035]   Complete M6 (guide).
[INFO DRT-0035]   Complete V6 (guide).
[INFO DRT-0035]   Complete M7 (guide).
[INFO DRT-0035]   Complete V7 (guide).
[INFO DRT-0035]   Complete M8 (guide).
[INFO DRT-0035]   Complete V8 (guide).
[INFO DRT-0035]   Complete M9 (guide).
[INFO DRT-0035]   Complete V9 (guide).
[INFO DRT-0035]   Complete Pad (guide).
[INFO DRT-0036] Active guide region query size = 0.
[INFO DRT-0036] V0 guide region query size = 0.
[INFO DRT-0036] M1 guide region query size = 47098.
[INFO DRT-0036] V1 guide region query size = 0.
[INFO DRT-0036] M2 guide region query size = 41459.
[INFO DRT-0036] V2 guide region query size = 0.
[INFO DRT-0036] M3 guide region query size = 21947.
[INFO DRT-0036] V3 guide region query size = 0.
[INFO DRT-0036] M4 guide region query size = 1794.
[INFO DRT-0036] V4 guide region query size = 0.
[INFO DRT-0036] M5 guide region query size = 509.
[INFO DRT-0036] V5 guide region query size = 0.
[INFO DRT-0036] M6 guide region query size = 24.
[INFO DRT-0036] V6 guide region query size = 0.
[INFO DRT-0036] M7 guide region query size = 11.
[INFO DRT-0036] V7 guide region query size = 0.
[INFO DRT-0036] M8 guide region query size = 0.
[INFO DRT-0036] V8 guide region query size = 0.
[INFO DRT-0036] M9 guide region query size = 0.
[INFO DRT-0036] V9 guide region query size = 0.
[INFO DRT-0036] Pad guide region query size = 0.
[INFO DRT-0179] Init gr pin query.
[INFO DRT-0267] cpu time = 00:00:00, elapsed time = 00:00:00, memory = 491.41 (MB), peak = 487.27 (MB)
[INFO DRT-0245] skipped writing guide updates to database.
[INFO DRT-0185] Post process initialize RPin region query.
[INFO DRT-0181] Start track assignment.
[INFO DRT-0184] Done with 69565 vertical wires in 3 frboxes and 43277 horizontal wires in 3 frboxes.
[INFO DRT-0186] Done with 8870 vertical wires in 3 frboxes and 13379 horizontal wires in 3 frboxes.
[INFO DRT-0182] Complete track assignment.
[INFO DRT-0267] cpu time = 00:00:04, elapsed time = 00:00:02, memory = 879.42 (MB), peak = 896.72 (MB)
[INFO DRT-0187] Start routing data preparation.
[INFO DRT-0267] cpu time = 00:00:00, elapsed time = 00:00:00, memory = 879.42 (MB), peak = 896.72 (MB)
[INFO DRT-0194] Start detail routing.
[INFO DRT-0195] Start 0th optimization iteration.
    Completing 10% with 0 violations.
    elapsed time = 00:00:02, memory = 7620.05 (MB).
    Completing 20% with 0 violations.
    elapsed time = 00:00:03, memory = 6759.37 (MB).
    Completing 30% with 462 violations.
    elapsed time = 00:00:06, memory = 8266.65 (MB).
    Completing 40% with 462 violations.
    elapsed time = 00:00:09, memory = 9026.90 (MB).
    Completing 50% with 462 violations.
    elapsed time = 00:00:11, memory = 5218.09 (MB).
    Completing 60% with 827 violations.
    elapsed time = 00:00:16, memory = 9974.72 (MB).
    Completing 70% with 827 violations.
    elapsed time = 00:00:18, memory = 8636.60 (MB).
    Completing 80% with 1086 violations.
    elapsed time = 00:00:23, memory = 10829.95 (MB).
    Completing 90% with 1086 violations.
    elapsed time = 00:00:28, memory = 10609.27 (MB).
    Completing 100% with 1364 violations.
    elapsed time = 00:00:31, memory = 4831.52 (MB).
[INFO DRT-0199]   Number of violations = 2085.
Viol/Layer          M1     M2     V2     M3     V3     M4     V4     M5
CutSpcTbl            0      0      0      0     13      0      4      0
EOL                  0     94      0     25      0     12      0      0
Metal Spacing       38     52      0    189      0      6      0      0
Recheck              0    441      0    234      0     41      0      5
Rect Only            0     12      0      0      0      0      0      0
Short                0    250      5     49      0      5      1      3
eolKeepOut           0    471      0     91      0     44      0      0
[INFO DRT-0267] cpu time = 00:12:16, elapsed time = 00:00:32, memory = 5226.29 (MB), peak = 11427.76 (MB)
Total wire length = 65876 um.
Total wire length on LAYER M1 = 0 um.
Total wire length on LAYER M2 = 19650 um.
Total wire length on LAYER M3 = 29210 um.
Total wire length on LAYER M4 = 13471 um.
Total wire length on LAYER M5 = 3291 um.
Total wire length on LAYER M6 = 109 um.
Total wire length on LAYER M7 = 143 um.
Total wire length on LAYER M8 = 0 um.
Total wire length on LAYER M9 = 0 um.
Total wire length on LAYER Pad = 0 um.
Total number of vias = 163523.
Up-via summary (total 163523):

-----------------
 Active         0
     M1     54303
     M2     91117
     M3     16415
     M4      1624
     M5        40
     M6        24
     M7         0
     M8         0
     M9         0
-----------------
       163523


[INFO DRT-0195] Start 1st optimization iteration.
    Completing 10% with 2085 violations.
    elapsed time = 00:00:04, memory = 12016.60 (MB).
    Completing 20% with 2085 violations.
    elapsed time = 00:00:06, memory = 8853.94 (MB).
    Completing 30% with 1513 violations.
    elapsed time = 00:00:11, memory = 11536.73 (MB).
    Completing 40% with 1513 violations.
    elapsed time = 00:00:14, memory = 11960.59 (MB).
    Completing 50% with 1513 violations.
    elapsed time = 00:00:17, memory = 5641.20 (MB).
    Completing 60% with 1011 violations.
    elapsed time = 00:00:23, memory = 12245.46 (MB).
    Completing 70% with 1011 violations.
    elapsed time = 00:00:25, memory = 9062.67 (MB).
    Completing 80% with 485 violations.
    elapsed time = 00:00:30, memory = 12273.37 (MB).
    Completing 90% with 485 violations.
    elapsed time = 00:00:32, memory = 12013.72 (MB).
    Completing 100% with 154 violations.
    elapsed time = 00:00:36, memory = 5835.37 (MB).
[INFO DRT-0199]   Number of violations = 154.
Viol/Layer          M1     M2     M3     V3     V4
CutSpcTbl            0      0      0      3      3
EOL                  0     10      1      0      0
Metal Spacing        6      3     53      0      0
Rect Only            0      4      0      0      0
Short                0      6     15      0      0
eolKeepOut           0     45      5      0      0
[INFO DRT-0267] cpu time = 00:14:26, elapsed time = 00:00:36, memory = 5841.37 (MB), peak = 12557.77 (MB)
Total wire length = 65323 um.
Total wire length on LAYER M1 = 0 um.
Total wire length on LAYER M2 = 18736 um.
Total wire length on LAYER M3 = 28960 um.
Total wire length on LAYER M4 = 14051 um.
Total wire length on LAYER M5 = 3304 um.
Total wire length on LAYER M6 = 127 um.
Total wire length on LAYER M7 = 143 um.
Total wire length on LAYER M8 = 0 um.
Total wire length on LAYER M9 = 0 um.
Total wire length on LAYER Pad = 0 um.
Total number of vias = 158227.
Up-via summary (total 158227):

-----------------
 Active         0
     M1     54274
     M2     86380
     M3     15823
     M4      1673
     M5        55
     M6        22
     M7         0
     M8         0
     M9         0
-----------------
       158227


[INFO DRT-0195] Start 2nd optimization iteration.
    Completing 10% with 154 violations.
    elapsed time = 00:00:00, memory = 5841.37 (MB).
    Completing 20% with 154 violations.
    elapsed time = 00:00:03, memory = 9208.90 (MB).
    Completing 30% with 122 violations.
    elapsed time = 00:00:05, memory = 5812.26 (MB).
    Completing 40% with 122 violations.
    elapsed time = 00:00:05, memory = 5824.94 (MB).
    Completing 50% with 122 violations.
    elapsed time = 00:00:10, memory = 5812.26 (MB).
    Completing 60% with 112 violations.
    elapsed time = 00:00:10, memory = 5812.26 (MB).
    Completing 70% with 112 violations.
    elapsed time = 00:00:13, memory = 9194.68 (MB).
    Completing 80% with 93 violations.
    elapsed time = 00:00:15, memory = 5812.26 (MB).
    Completing 90% with 93 violations.
    elapsed time = 00:00:15, memory = 5812.26 (MB).
    Completing 100% with 76 violations.
    elapsed time = 00:00:19, memory = 5812.26 (MB).
[INFO DRT-0199]   Number of violations = 76.
Viol/Layer          M1     M2     M3     V4
CutSpcTbl            0      0      0      1
EOL                  0      2      2      0
Metal Spacing        2      0     36      0
Short                0      6     12      0
eolKeepOut           0      9      6      0
[INFO DRT-0267] cpu time = 00:04:49, elapsed time = 00:00:19, memory = 5815.26 (MB), peak = 12557.77 (MB)
Total wire length = 65280 um.
Total wire length on LAYER M1 = 0 um.
Total wire length on LAYER M2 = 18728 um.
Total wire length on LAYER M3 = 28967 um.
Total wire length on LAYER M4 = 13989 um.
Total wire length on LAYER M5 = 3322 um.
Total wire length on LAYER M6 = 130 um.
Total wire length on LAYER M7 = 142 um.
Total wire length on LAYER M8 = 0 um.
Total wire length on LAYER M9 = 0 um.
Total wire length on LAYER Pad = 0 um.
Total number of vias = 157672.
Up-via summary (total 157672):

-----------------
 Active         0
     M1     54271
     M2     85981
     M3     15601
     M4      1731
     M5        66
     M6        22
     M7         0
     M8         0
     M9         0
-----------------
       157672


[INFO DRT-0195] Start 3rd guides tiles iteration.
    Completing 10% with 76 violations.
    elapsed time = 00:00:00, memory = 6508.26 (MB).
    Completing 20% with 50 violations.
    elapsed time = 00:00:01, memory = 5815.26 (MB).
    Completing 30% with 50 violations.
    elapsed time = 00:00:02, memory = 6701.91 (MB).
    Completing 40% with 50 violations.
    elapsed time = 00:00:02, memory = 5815.26 (MB).
    Completing 50% with 40 violations.
    elapsed time = 00:00:03, memory = 6266.22 (MB).
    Completing 60% with 25 violations.
    elapsed time = 00:00:03, memory = 5807.06 (MB).
    Completing 70% with 25 violations.
    elapsed time = 00:00:04, memory = 5807.06 (MB).
    Completing 80% with 17 violations.
    elapsed time = 00:00:05, memory = 5807.06 (MB).
    Completing 90% with 10 violations.
    elapsed time = 00:00:07, memory = 5807.06 (MB).
    Completing 100% with 3 violations.
    elapsed time = 00:00:09, memory = 5807.06 (MB).
[INFO DRT-0199]   Number of violations = 3.
Viol/Layer          M2     M3
Metal Spacing        0      2
Short                1      0
[INFO DRT-0267] cpu time = 00:00:33, elapsed time = 00:00:09, memory = 5807.06 (MB), peak = 12557.77 (MB)
Total wire length = 65285 um.
Total wire length on LAYER M1 = 0 um.
Total wire length on LAYER M2 = 18698 um.
Total wire length on LAYER M3 = 28952 um.
Total wire length on LAYER M4 = 14021 um.
Total wire length on LAYER M5 = 3333 um.
Total wire length on LAYER M6 = 130 um.
Total wire length on LAYER M7 = 149 um.
Total wire length on LAYER M8 = 0 um.
Total wire length on LAYER M9 = 0 um.
Total wire length on LAYER Pad = 0 um.
Total number of vias = 157750.
Up-via summary (total 157750):

-----------------
 Active         0
     M1     54271
     M2     85922
     M3     15686
     M4      1773
     M5        72
     M6        26
     M7         0
     M8         0
     M9         0
-----------------
       157750


[INFO DRT-0195] Start 4th guides tiles iteration.
    Completing 100% with 2 violations.
    elapsed time = 00:00:00, memory = 5807.06 (MB).
[INFO DRT-0199]   Number of violations = 2.
Viol/Layer          M3
Metal Spacing        2
[INFO DRT-0267] cpu time = 00:00:01, elapsed time = 00:00:00, memory = 5807.06 (MB), peak = 12557.77 (MB)
Total wire length = 65285 um.
Total wire length on LAYER M1 = 0 um.
Total wire length on LAYER M2 = 18698 um.
Total wire length on LAYER M3 = 28952 um.
Total wire length on LAYER M4 = 14021 um.
Total wire length on LAYER M5 = 3333 um.
Total wire length on LAYER M6 = 130 um.
Total wire length on LAYER M7 = 149 um.
Total wire length on LAYER M8 = 0 um.
Total wire length on LAYER M9 = 0 um.
Total wire length on LAYER Pad = 0 um.
Total number of vias = 157747.
Up-via summary (total 157747):

-----------------
 Active         0
     M1     54271
     M2     85922
     M3     15685
     M4      1771
     M5        72
     M6        26
     M7         0
     M8         0
     M9         0
-----------------
       157747


[INFO DRT-0195] Start 5th guides tiles iteration.
    Completing 100% with 2 violations.
    elapsed time = 00:00:00, memory = 5807.06 (MB).
[INFO DRT-0199]   Number of violations = 2.
Viol/Layer          M3
Metal Spacing        2
[INFO DRT-0267] cpu time = 00:00:00, elapsed time = 00:00:00, memory = 5807.19 (MB), peak = 12557.77 (MB)
Total wire length = 65285 um.
Total wire length on LAYER M1 = 0 um.
Total wire length on LAYER M2 = 18698 um.
Total wire length on LAYER M3 = 28952 um.
Total wire length on LAYER M4 = 14021 um.
Total wire length on LAYER M5 = 3333 um.
Total wire length on LAYER M6 = 130 um.
Total wire length on LAYER M7 = 149 um.
Total wire length on LAYER M8 = 0 um.
Total wire length on LAYER M9 = 0 um.
Total wire length on LAYER Pad = 0 um.
Total number of vias = 157747.
Up-via summary (total 157747):

-----------------
 Active         0
     M1     54271
     M2     85922
     M3     15685
     M4      1771
     M5        72
     M6        26
     M7         0
     M8         0
     M9         0
-----------------
       157747


[INFO DRT-0195] Start 6th stubborn tiles iteration.
    Completing 10% with 2 violations.
    elapsed time = 00:00:03, memory = 12307.11 (MB).
    Completing 20% with 2 violations.
    elapsed time = 00:00:03, memory = 11956.35 (MB).
    Completing 30% with 2 violations.
    elapsed time = 00:00:04, memory = 11344.47 (MB).
    Completing 40% with 2 violations.
    elapsed time = 00:00:05, memory = 12326.00 (MB).
    Completing 50% with 2 violations.
    elapsed time = 00:00:05, memory = 12474.00 (MB).
    Completing 60% with 2 violations.
    elapsed time = 00:00:06, memory = 11706.81 (MB).
    Completing 70% with 2 violations.
    elapsed time = 00:00:07, memory = 12760.45 (MB).
    Completing 80% with 2 violations.
    elapsed time = 00:00:07, memory = 10913.77 (MB).
    Completing 90% with 2 violations.
    elapsed time = 00:00:07, memory = 9016.96 (MB).
    Completing 100% with 0 violations.
    elapsed time = 00:00:10, memory = 7167.73 (MB).
[INFO DRT-0199]   Number of violations = 0.
[INFO DRT-0267] cpu time = 00:04:04, elapsed time = 00:00:10, memory = 7167.73 (MB), peak = 13722.75 (MB)
Total wire length = 65286 um.
Total wire length on LAYER M1 = 0 um.
Total wire length on LAYER M2 = 18697 um.
Total wire length on LAYER M3 = 28952 um.
Total wire length on LAYER M4 = 14022 um.
Total wire length on LAYER M5 = 3333 um.
Total wire length on LAYER M6 = 130 um.
Total wire length on LAYER M7 = 149 um.
Total wire length on LAYER M8 = 0 um.
Total wire length on LAYER M9 = 0 um.
Total wire length on LAYER Pad = 0 um.
Total number of vias = 157751.
Up-via summary (total 157751):

-----------------
 Active         0
     M1     54271
     M2     85922
     M3     15689
     M4      1771
     M5        72
     M6        26
     M7         0
     M8         0
     M9         0
-----------------
       157751


[INFO DRT-0198] Complete detail routing.
Total wire length = 65286 um.
Total wire length on LAYER M1 = 0 um.
Total wire length on LAYER M2 = 18697 um.
Total wire length on LAYER M3 = 28952 um.
Total wire length on LAYER M4 = 14022 um.
Total wire length on LAYER M5 = 3333 um.
Total wire length on LAYER M6 = 130 um.
Total wire length on LAYER M7 = 149 um.
Total wire length on LAYER M8 = 0 um.
Total wire length on LAYER M9 = 0 um.
Total wire length on LAYER Pad = 0 um.
Total number of vias = 157751.
Up-via summary (total 157751):

-----------------
 Active         0
     M1     54271
     M2     85922
     M3     15689
     M4      1771
     M5        72
     M6        26
     M7         0
     M8         0
     M9         0
-----------------
       157751


[INFO DRT-0267] cpu time = 00:36:10, elapsed time = 00:01:49, memory = 7167.73 (MB), peak = 13722.75 (MB)

[INFO DRT-0180] Post processing.
Took 128 seconds: detailed_route -output_drc ./reports/asap7/aes-mbff/baseline_alpha_8-beta_0.1/5_route_drc.rpt -output_maze ./results/asap7/aes-mbff/baseline_alpha_8-beta_0.1/maze.log -droute_end_iter 64 -verbose 1 -drc_report_iter_step 5
[WARNING GRT-0246] No diode with LEF class CORE ANTENNACELL found.
[INFO ANT-0002] Found 0 net violations.
[INFO ANT-0001] Found 0 pin violations.
[INFO ANT-0002] Found 0 net violations.
[INFO ANT-0001] Found 0 pin violations.
write_db ./results/asap7/aes-mbff/baseline_alpha_8-beta_0.1/5_2_route.odb
Elapsed time: 2:09.90[h:]min:sec. CPU time: user 2473.47 sys 100.73 (1981%). Peak memory: 14052100KB.
Log                        Elapsed/s Peak Memory/MB  sha1sum .odb [0:20)
5_2_route                        129          13722 f415a3c59588eb7bc11b
