[2026-05-02 02:43:49.570] [miter_logger] [info] MiterStrategy::run starting
[2026-05-02 02:43:49.570] [miter_logger] [info] Collecting POs for design 0: ethmac

[2026-05-02 02:43:49.641] [miter_logger] [info] Collected 23692 POs for design 0

[2026-05-02 02:43:49.642] [miter_logger] [info] Collecting POs for design 1: ethmac

[2026-05-02 02:43:49.703] [miter_logger] [info] Collected 23692 POs for design 1

[2026-05-02 02:43:49.703] [miter_logger] [info] normalizeInputs: starting
[2026-05-02 02:43:49.714] [miter_logger] [info] size of common inputs: 11887
[2026-05-02 02:43:49.714] [miter_logger] [info] size of diff0 inputs: 0
[2026-05-02 02:43:49.714] [miter_logger] [info] size of diff1 inputs: 0
[2026-05-02 02:43:49.715] [miter_logger] [info] normalizeOutputs: starting
[2026-05-02 02:43:49.732] [miter_logger] [info] size of common outputs: 23692
[2026-05-02 02:43:49.732] [miter_logger] [info] size of diff0 outputs: 0
[2026-05-02 02:43:49.732] [miter_logger] [info] size of diff1 outputs: 0
[2026-05-02 02:43:49.733] [miter_logger] [info] size of PIs in circuit 0: 11887
[2026-05-02 02:43:49.733] [miter_logger] [info] size of PIs in circuit 1: 11887
[2026-05-02 02:43:49.733] [miter_logger] [info] size of POs in circuit 0: 23692
[2026-05-02 02:43:49.733] [miter_logger] [info] size of POs in circuit 1: 23692
[2026-05-02 02:43:50.099] [miter_logger] [info] Building miter expression
[2026-05-02 02:43:50.101] [miter_logger] [info] Finished building miter expression
[2026-05-02 02:43:50.102] [miter_logger] [info] SAT solver starting
[2026-05-02 02:43:50.124] [miter_logger] [info] SAT solver finished: UNSAT
[2026-05-02 02:43:50.124] [miter_logger] [info] Circuits are IDENTICAL
