
==========================================================================
cts final report_tns
--------------------------------------------------------------------------
tns max 0.00

==========================================================================
cts final report_wns
--------------------------------------------------------------------------
wns max 0.00

==========================================================================
cts final report_worst_slack
--------------------------------------------------------------------------
worst slack max 0.15

==========================================================================
cts final report_clock_min_period
--------------------------------------------------------------------------
main_clk period_min = 999.85 fmax = 1000.15

==========================================================================
cts final report_clock_skew
--------------------------------------------------------------------------
Clock main_clk
 253.62 source latency gen_cache_hpd.i_cache_subsystem.i_axi_arbiter.genblk1.i_icache_hpdcache_data_upsize.buf_q[20]$_DFFE_PN0P_/CLK ^
-162.18 target latency gen_cache_hpd.i_cache_subsystem.i_cva6_icache.gen_sram[0].data_sram.gen_techno_cut.genblk1.i_tc_sram_wrapper/clk ^
  -0.87 CRPR
--------------
  90.56 setup skew


==========================================================================
cts final report_checks -path_delay min
--------------------------------------------------------------------------
Startpoint: gen_cache_hpd.i_cache_subsystem.i_cva6_icache.repl_way_oh_q[0]$_DFFE_PN0P_
            (rising edge-triggered flip-flop clocked by main_clk)
Endpoint: gen_cache_hpd.i_cache_subsystem.i_cva6_icache.gen_sram[0].tag_sram.gen_techno_cut.genblk1.i_tc_sram_wrapper
          (rising edge-triggered flip-flop clocked by main_clk)
Path Group: main_clk
Path Type: min

Fanout     Cap    Slew   Delay    Time   Description
-----------------------------------------------------------------------------
                          0.00    0.00   clock main_clk (rise edge)
                          0.00    0.00   clock source latency
     1   12.19    0.00    0.00    0.00 ^ clk_i (in)
                                         clk_i (net)
                 57.88   18.26   18.26 ^ wire47475/A (BUFx10_ASAP7_75t_SL)
     2   16.26   11.76   18.23   36.49 ^ wire47475/Y (BUFx10_ASAP7_75t_SL)
                                         net47300 (net)
                 93.48   29.28   65.77 ^ clkbuf_regs_0_main_clk/A (BUFx24_ASAP7_75t_SL)
     1    2.43   14.35   21.83   87.61 ^ clkbuf_regs_0_main_clk/Y (BUFx24_ASAP7_75t_SL)
                                         clk_i_regs (net)
                 14.35    0.17   87.78 ^ clkbuf_0_clk_i_regs/A (BUFx24_ASAP7_75t_SL)
     2   15.49   11.20   15.79  103.57 ^ clkbuf_0_clk_i_regs/Y (BUFx24_ASAP7_75t_SL)
                                         clknet_0_clk_i_regs (net)
                 27.86    8.16  111.74 ^ clkbuf_1_1_0_clk_i_regs/A (BUFx24_ASAP7_75t_SL)
     4   21.82   11.33   17.26  129.00 ^ clkbuf_1_1_0_clk_i_regs/Y (BUFx24_ASAP7_75t_SL)
                                         clknet_1_1_0_clk_i_regs (net)
                 59.32   18.35  147.36 ^ clkbuf_3_4_0_clk_i_regs/A (BUFx24_ASAP7_75t_SL)
     4   17.10   15.45   21.03  168.39 ^ clkbuf_3_4_0_clk_i_regs/Y (BUFx24_ASAP7_75t_SL)
                                         clknet_3_4_0_clk_i_regs (net)
                 25.85    7.07  175.45 ^ clkbuf_5_17_0_clk_i_regs/A (BUFx24_ASAP7_75t_SL)
     2    6.60   10.52   16.92  192.37 ^ clkbuf_5_17_0_clk_i_regs/Y (BUFx24_ASAP7_75t_SL)
                                         clknet_5_17_0_clk_i_regs (net)
                 11.24    1.74  194.12 ^ clkbuf_6_34__f_clk_i_regs/A (BUFx24_ASAP7_75t_SL)
     6   17.62   13.16   16.05  210.17 ^ clkbuf_6_34__f_clk_i_regs/Y (BUFx24_ASAP7_75t_SL)
                                         clknet_6_34__leaf_clk_i_regs (net)
                 14.10    1.64  211.81 ^ clkbuf_leaf_38_clk_i_regs/A (BUFx24_ASAP7_75t_SL)
    18   12.58   11.63   16.05  227.86 ^ clkbuf_leaf_38_clk_i_regs/Y (BUFx24_ASAP7_75t_SL)
                                         clknet_leaf_38_clk_i_regs (net)
                 11.71    0.57  228.43 ^ gen_cache_hpd.i_cache_subsystem.i_cva6_icache.repl_way_oh_q[0]$_DFFE_PN0P_/CLK (DFFASRHQNx1_ASAP7_75t_SL)
     3    3.51   25.38   36.03  264.47 ^ gen_cache_hpd.i_cache_subsystem.i_cva6_icache.repl_way_oh_q[0]$_DFFE_PN0P_/QN (DFFASRHQNx1_ASAP7_75t_SL)
                                         _003710_ (net)
                 25.39    0.16  264.63 ^ _139360_/A (NAND2x1_ASAP7_75t_R)
     1   10.10   52.94   25.47  290.10 v _139360_/Y (NAND2x1_ASAP7_75t_R)
                                         gen_cache_hpd.i_cache_subsystem.i_cva6_icache.gen_sram[0].tag_sram.req_i (net)
                 42.17    7.07  297.17 v gen_cache_hpd.i_cache_subsystem.i_cva6_icache.gen_sram[0].tag_sram.gen_techno_cut.genblk1.i_tc_sram_wrapper/ce_in (fakeram7_64x25)
                                297.17   data arrival time

                          0.00    0.00   clock main_clk (rise edge)
                          0.00    0.00   clock source latency
     1   12.45    0.00    0.00    0.00 ^ clk_i (in)
                                         clk_i (net)
                 60.14   18.97   18.97 ^ wire47475/A (BUFx10_ASAP7_75t_SL)
     2   17.34   11.92   18.39   37.36 ^ wire47475/Y (BUFx10_ASAP7_75t_SL)
                                         net47300 (net)
                106.71   33.52   70.89 ^ clkbuf_0_clk_i/A (BUFx24_ASAP7_75t_SL)
     2   16.77   18.47   23.59   94.47 ^ clkbuf_0_clk_i/Y (BUFx24_ASAP7_75t_SL)
                                         clknet_0_clk_i (net)
                 35.39   10.21  104.68 ^ clkbuf_1_1_0_clk_i/A (BUFx24_ASAP7_75t_SL)
     4  135.14   16.44   20.10  124.78 ^ clkbuf_1_1_0_clk_i/Y (BUFx24_ASAP7_75t_SL)
                                         clknet_1_1_0_clk_i (net)
                287.01  120.48  245.26 ^ gen_cache_hpd.i_cache_subsystem.i_cva6_icache.gen_sram[0].tag_sram.gen_techno_cut.genblk1.i_tc_sram_wrapper/clk (fakeram7_64x25)
                         -0.87  244.39   clock reconvergence pessimism
                         50.00  294.39   library hold time
                                294.39   data required time
-----------------------------------------------------------------------------
                                294.39   data required time
                               -297.17   data arrival time
-----------------------------------------------------------------------------
                                  2.78   slack (MET)



==========================================================================
cts final report_checks -path_delay max
--------------------------------------------------------------------------
Startpoint: csr_regfile_i.pmpaddr_o[32]$_DFFE_PN0P_
            (rising edge-triggered flip-flop clocked by main_clk)
Endpoint: issue_stage_i.i_scoreboard.fwd_o[1816]$_DFF_PN0_
          (rising edge-triggered flip-flop clocked by main_clk)
Path Group: main_clk
Path Type: max

Fanout     Cap    Slew   Delay    Time   Description
-----------------------------------------------------------------------------
                          0.00    0.00   clock main_clk (rise edge)
                          0.00    0.00   clock source latency
     1   12.45    0.00    0.00    0.00 ^ clk_i (in)
                                         clk_i (net)
                 60.14   18.97   18.97 ^ wire47475/A (BUFx10_ASAP7_75t_SL)
     2   17.34   11.92   18.39   37.36 ^ wire47475/Y (BUFx10_ASAP7_75t_SL)
                                         net47300 (net)
                102.33   32.08   69.44 ^ clkbuf_regs_0_main_clk/A (BUFx24_ASAP7_75t_SL)
     1    2.97   15.14   22.27   91.72 ^ clkbuf_regs_0_main_clk/Y (BUFx24_ASAP7_75t_SL)
                                         clk_i_regs (net)
                 15.14    0.21   91.93 ^ clkbuf_0_clk_i_regs/A (BUFx24_ASAP7_75t_SL)
     2   16.57   11.34   15.95  107.88 ^ clkbuf_0_clk_i_regs/Y (BUFx24_ASAP7_75t_SL)
                                         clknet_0_clk_i_regs (net)
                 30.34    8.94  116.82 ^ clkbuf_1_1_0_clk_i_regs/A (BUFx24_ASAP7_75t_SL)
     4   23.98   11.59   17.59  134.41 ^ clkbuf_1_1_0_clk_i_regs/Y (BUFx24_ASAP7_75t_SL)
                                         clknet_1_1_0_clk_i_regs (net)
                 61.53   18.94  153.35 ^ clkbuf_3_7_0_clk_i_regs/A (BUFx24_ASAP7_75t_SL)
     4   19.55   16.08   21.29  174.64 ^ clkbuf_3_7_0_clk_i_regs/Y (BUFx24_ASAP7_75t_SL)
                                         clknet_3_7_0_clk_i_regs (net)
                 23.89    5.85  180.50 ^ clkbuf_5_30_0_clk_i_regs/A (BUFx24_ASAP7_75t_SL)
     2    7.82   10.73   16.81  197.31 ^ clkbuf_5_30_0_clk_i_regs/Y (BUFx24_ASAP7_75t_SL)
                                         clknet_5_30_0_clk_i_regs (net)
                 11.30    1.52  198.83 ^ clkbuf_6_61__f_clk_i_regs/A (BUFx24_ASAP7_75t_SL)
     6   20.83   14.38   16.55  215.38 ^ clkbuf_6_61__f_clk_i_regs/Y (BUFx24_ASAP7_75t_SL)
                                         clknet_6_61__leaf_clk_i_regs (net)
                 15.23    1.70  217.08 ^ clkbuf_leaf_181_clk_i_regs/A (BUFx24_ASAP7_75t_SL)
    24   16.55   12.92   16.74  233.82 ^ clkbuf_leaf_181_clk_i_regs/Y (BUFx24_ASAP7_75t_SL)
                                         clknet_leaf_181_clk_i_regs (net)
                 13.13    0.54  234.36 ^ csr_regfile_i.pmpaddr_o[32]$_DFFE_PN0P_/CLK (DFFASRHQNx1_ASAP7_75t_SL)
     6    5.86   34.30   40.50  274.86 v csr_regfile_i.pmpaddr_o[32]$_DFFE_PN0P_/QN (DFFASRHQNx1_ASAP7_75t_SL)
                                         _008221_ (net)
                 34.30    0.40  275.26 v _104962_/D (OR4x1_ASAP7_75t_SL)
     6    7.27   37.72   34.11  309.38 v _104962_/Y (OR4x1_ASAP7_75t_SL)
                                         _037769_ (net)
                 37.96    1.76  311.14 v _104963_/D (OR4x1_ASAP7_75t_SL)
     4    3.57   21.38   27.70  338.84 v _104963_/Y (OR4x1_ASAP7_75t_SL)
                                         _037770_ (net)
                 21.38    0.13  338.97 v _109622_/B (AO21x1_ASAP7_75t_SL)
     4    3.35   17.68   18.47  357.45 v _109622_/Y (AO21x1_ASAP7_75t_SL)
                                         _042295_ (net)
                 17.68    0.07  357.52 v _109623_/B (AO21x1_ASAP7_75t_SL)
     2    3.08   16.17   17.46  374.98 v _109623_/Y (AO21x1_ASAP7_75t_SL)
                                         _042296_ (net)
                 16.18    0.13  375.11 v _109631_/A (NAND2x2_ASAP7_75t_SL)
     6    7.26   24.95   14.73  389.83 ^ _109631_/Y (NAND2x2_ASAP7_75t_SL)
                                         _042304_ (net)
                 25.03    0.80  390.63 ^ _109651_/A (INVx3_ASAP7_75t_SL)
     7    7.08   16.49    8.86  399.48 v _109651_/Y (INVx3_ASAP7_75t_SL)
                                         _012478_ (net)
                 16.53    0.42  399.91 v _198018_/B (HAxp5_ASAP7_75t_R)
     5    4.60   51.83   28.40  428.31 ^ _198018_/CON (HAxp5_ASAP7_75t_R)
                                         _012475_ (net)
                 51.83    0.26  428.57 ^ _109632_/A (INVx1_ASAP7_75t_R)
     4    3.80   30.77   23.19  451.76 v _109632_/Y (INVx1_ASAP7_75t_R)
                                         _012472_ (net)
                 30.77    0.09  451.86 v _198016_/B (HAxp5_ASAP7_75t_R)
     8    6.46   68.24   40.58  492.43 ^ _198016_/CON (HAxp5_ASAP7_75t_R)
                                         _012473_ (net)
     4    3.91   69.87   31.80  524.24 v _198016_/SN (HAxp5_ASAP7_75t_R)
                                         _012474_ (net)
                 69.88    0.43  524.67 v _109687_/B (OR2x2_ASAP7_75t_R)
     5    5.02   18.86   35.79  560.46 v _109687_/Y (OR2x2_ASAP7_75t_R)
                                         _042357_ (net)
                 18.87    0.09  560.55 v _109738_/A (AND2x2_ASAP7_75t_R)
     2    2.43    9.88   20.96  581.50 v _109738_/Y (AND2x2_ASAP7_75t_R)
                                         _042408_ (net)
                  9.88    0.08  581.58 v _109761_/B2 (OAI22x1_ASAP7_75t_R)
     1    0.76   14.89   10.64  592.22 ^ _109761_/Y (OAI22x1_ASAP7_75t_R)
                                         _042431_ (net)
                 14.89    0.04  592.25 ^ _109764_/A2 (AO21x1_ASAP7_75t_R)
     1    0.83    8.42   15.17  607.42 ^ _109764_/Y (AO21x1_ASAP7_75t_R)
                                         _042434_ (net)
                  8.43    0.05  607.47 ^ _109765_/B1 (OA31x2_ASAP7_75t_SL)
     1    0.92    9.17   15.66  623.13 ^ _109765_/Y (OA31x2_ASAP7_75t_SL)
                                         _042435_ (net)
                  9.17    0.06  623.19 ^ _109766_/D (OR4x1_ASAP7_75t_SL)
     1    1.12    8.07    9.96  633.15 ^ _109766_/Y (OR4x1_ASAP7_75t_SL)
                                         _042436_ (net)
                  8.07    0.06  633.21 ^ _109773_/B (AO211x2_ASAP7_75t_SL)
     2    2.79   12.08   15.98  649.19 ^ _109773_/Y (AO211x2_ASAP7_75t_SL)
                                         _042443_ (net)
                 12.14    0.45  649.64 ^ _109789_/A2 (AOI21x1_ASAP7_75t_L)
     3    5.25   26.50   13.00  662.64 v _109789_/Y (AOI21x1_ASAP7_75t_L)
                                         _042459_ (net)
                 27.15    2.24  664.88 v _110059_/C (AND4x1_ASAP7_75t_SL)
     2    2.35   12.96   14.91  679.78 v _110059_/Y (AND4x1_ASAP7_75t_SL)
                                         _042728_ (net)
                 12.96    0.07  679.86 v _111297_/C (OR4x1_ASAP7_75t_SL)
     1    0.74    9.16   17.88  697.73 v _111297_/Y (OR4x1_ASAP7_75t_SL)
                                         _043962_ (net)
                  9.16    0.04  697.77 v _111298_/C (AO221x1_ASAP7_75t_SL)
     2    2.18   13.99   18.89  716.66 v _111298_/Y (AO221x1_ASAP7_75t_SL)
                                         _043963_ (net)
                 14.00    0.08  716.74 v _111299_/B (AO21x2_ASAP7_75t_SL)
     3    6.80   19.90   19.02  735.76 v _111299_/Y (AO21x2_ASAP7_75t_SL)
                                         _043964_ (net)
                 21.84    3.27  739.03 v _111300_/A2 (AO21x1_ASAP7_75t_SL)
     3   13.75   65.08   33.74  772.78 v _111300_/Y (AO21x1_ASAP7_75t_SL)
                                         _043965_ (net)
                 75.49   13.40  786.18 v place38059/A (BUFx3_ASAP7_75t_L)
     6    9.12   20.08   27.57  813.75 v place38059/Y (BUFx3_ASAP7_75t_L)
                                         net37884 (net)
                 20.11    0.51  814.26 v _114043_/A (AND3x1_ASAP7_75t_R)
     2    1.93   12.82   17.46  831.71 v _114043_/Y (AND3x1_ASAP7_75t_R)
                                         _046698_ (net)
                 12.82    0.08  831.79 v _114044_/B (NAND2x1_ASAP7_75t_SL)
     6   10.83   60.86   26.65  858.43 ^ _114044_/Y (NAND2x1_ASAP7_75t_SL)
                                         _046699_ (net)
                 62.50    5.38  863.82 ^ _114448_/B1 (AOI221x1_ASAP7_75t_R)
     4   15.03  154.50   82.76  946.58 v _114448_/Y (AOI221x1_ASAP7_75t_R)
                                         _047103_ (net)
                154.58    2.06  948.64 v place37114/A (BUFx3_ASAP7_75t_L)
     9    6.75   17.37   34.87  983.52 v place37114/Y (BUFx3_ASAP7_75t_L)
                                         net36939 (net)
                 17.40    0.42  983.94 v _114457_/C (AND4x1_ASAP7_75t_SL)
     5    5.21   24.69   19.30 1003.24 v _114457_/Y (AND4x1_ASAP7_75t_SL)
                                         _047109_ (net)
                 24.69    0.11 1003.35 v place36245/A (BUFx3_ASAP7_75t_L)
     9   15.02   29.06   20.08 1023.43 v place36245/Y (BUFx3_ASAP7_75t_L)
                                         net36070 (net)
                 41.13    9.71 1033.13 v place36237/A (BUFx3_ASAP7_75t_L)
     8    8.10   16.90   22.76 1055.89 v place36237/Y (BUFx3_ASAP7_75t_L)
                                         net36062 (net)
                 17.36    1.51 1057.40 v place36235/A (BUFx3_ASAP7_75t_L)
     8    7.45   15.95   17.35 1074.75 v place36235/Y (BUFx3_ASAP7_75t_L)
                                         net36060 (net)
                 17.11    2.29 1077.04 v _164510_/A (OR2x2_ASAP7_75t_SL)
     1    0.49    5.82   11.94 1088.98 v _164510_/Y (OR2x2_ASAP7_75t_SL)
                                         _091645_ (net)
                  5.82    0.02 1089.00 v _164511_/C (OA211x2_ASAP7_75t_R)
     1    0.70    9.35   25.90 1114.89 v _164511_/Y (OA211x2_ASAP7_75t_R)
                                         _091646_ (net)
                  9.35    0.03 1114.92 v _164512_/B (AO21x1_ASAP7_75t_R)
     1    0.76    7.70   16.07 1130.99 v _164512_/Y (AO21x1_ASAP7_75t_R)
                                         _091647_ (net)
                  7.70    0.04 1131.04 v _164514_/A2 (OA211x2_ASAP7_75t_R)
     1    0.75    9.35   21.61 1152.65 v _164514_/Y (OA211x2_ASAP7_75t_R)
                                         _091649_ (net)
                  9.35    0.03 1152.68 v _164515_/C (OR3x1_ASAP7_75t_SL)
     1    0.49    6.84   13.06 1165.74 v _164515_/Y (OR3x1_ASAP7_75t_SL)
                                         _091650_ (net)
                  6.84    0.02 1165.75 v _164516_/B (OA211x2_ASAP7_75t_R)
     1    0.73   11.37   24.73 1190.48 v _164516_/Y (OA211x2_ASAP7_75t_R)
                                         _091651_ (net)
                 11.37    0.02 1190.51 v _164517_/A (INVx1_ASAP7_75t_R)
     1    0.90    8.71    7.43 1197.94 ^ _164517_/Y (INVx1_ASAP7_75t_R)
                                         _091652_ (net)
                  8.71    0.06 1197.99 ^ _164518_/B (OA21x2_ASAP7_75t_R)
     1    0.76    9.31   15.69 1213.68 ^ _164518_/Y (OA21x2_ASAP7_75t_R)
                                         issue_stage_i.i_scoreboard.mem_n[1834] (net)
                  9.31    0.03 1213.71 ^ issue_stage_i.i_scoreboard.fwd_o[1816]$_DFF_PN0_/D (DFFASRHQNx1_ASAP7_75t_SL)
                               1213.71   data arrival time

                       1000.00 1000.00   clock main_clk (rise edge)
                          0.00 1000.00   clock source latency
     1   12.19    0.00    0.00 1000.00 ^ clk_i (in)
                                         clk_i (net)
                 57.88   18.26 1018.26 ^ wire47475/A (BUFx10_ASAP7_75t_SL)
     2   16.26   11.76   18.23 1036.49 ^ wire47475/Y (BUFx10_ASAP7_75t_SL)
                                         net47300 (net)
                 93.48   29.28 1065.77 ^ clkbuf_regs_0_main_clk/A (BUFx24_ASAP7_75t_SL)
     1    2.43   14.35   21.83 1087.61 ^ clkbuf_regs_0_main_clk/Y (BUFx24_ASAP7_75t_SL)
                                         clk_i_regs (net)
                 14.35    0.17 1087.78 ^ clkbuf_0_clk_i_regs/A (BUFx24_ASAP7_75t_SL)
     2   15.49   11.20   15.79 1103.57 ^ clkbuf_0_clk_i_regs/Y (BUFx24_ASAP7_75t_SL)
                                         clknet_0_clk_i_regs (net)
                 25.83    7.45 1111.03 ^ clkbuf_1_0_0_clk_i_regs/A (BUFx24_ASAP7_75t_SL)
     4   22.27   12.63   17.58 1128.61 ^ clkbuf_1_0_0_clk_i_regs/Y (BUFx24_ASAP7_75t_SL)
                                         clknet_1_0_0_clk_i_regs (net)
                 34.76    9.99 1138.59 ^ clkbuf_3_3_0_clk_i_regs/A (BUFx24_ASAP7_75t_SL)
     4   18.53   12.73   18.40 1157.00 ^ clkbuf_3_3_0_clk_i_regs/Y (BUFx24_ASAP7_75t_SL)
                                         clknet_3_3_0_clk_i_regs (net)
                 31.45    8.95 1165.95 ^ clkbuf_5_14_0_clk_i_regs/A (BUFx24_ASAP7_75t_SL)
     2    6.62   10.99   17.65 1183.60 ^ clkbuf_5_14_0_clk_i_regs/Y (BUFx24_ASAP7_75t_SL)
                                         clknet_5_14_0_clk_i_regs (net)
                 11.19    1.14 1184.74 ^ clkbuf_6_29__f_clk_i_regs/A (BUFx24_ASAP7_75t_SL)
     6   17.02   12.09   15.66 1200.39 ^ clkbuf_6_29__f_clk_i_regs/Y (BUFx24_ASAP7_75t_SL)
                                         clknet_6_29__leaf_clk_i_regs (net)
                 12.17    0.35 1200.74 ^ clkbuf_leaf_222_clk_i_regs/A (BUFx24_ASAP7_75t_SL)
    14   16.89   12.97   16.37 1217.11 ^ clkbuf_leaf_222_clk_i_regs/Y (BUFx24_ASAP7_75t_SL)
                                         clknet_leaf_222_clk_i_regs (net)
                 13.27    0.99 1218.10 ^ issue_stage_i.i_scoreboard.fwd_o[1816]$_DFF_PN0_/CLK (DFFASRHQNx1_ASAP7_75t_SL)
                          4.31 1222.41   clock reconvergence pessimism
                         -8.55 1213.86   library setup time
                               1213.86   data required time
-----------------------------------------------------------------------------
                               1213.86   data required time
                               -1213.71   data arrival time
-----------------------------------------------------------------------------
                                  0.15   slack (MET)



==========================================================================
cts final report_checks -unconstrained
--------------------------------------------------------------------------
Startpoint: csr_regfile_i.pmpaddr_o[32]$_DFFE_PN0P_
            (rising edge-triggered flip-flop clocked by main_clk)
Endpoint: issue_stage_i.i_scoreboard.fwd_o[1816]$_DFF_PN0_
          (rising edge-triggered flip-flop clocked by main_clk)
Path Group: main_clk
Path Type: max

Fanout     Cap    Slew   Delay    Time   Description
-----------------------------------------------------------------------------
                          0.00    0.00   clock main_clk (rise edge)
                          0.00    0.00   clock source latency
     1   12.45    0.00    0.00    0.00 ^ clk_i (in)
                                         clk_i (net)
                 60.14   18.97   18.97 ^ wire47475/A (BUFx10_ASAP7_75t_SL)
     2   17.34   11.92   18.39   37.36 ^ wire47475/Y (BUFx10_ASAP7_75t_SL)
                                         net47300 (net)
                102.33   32.08   69.44 ^ clkbuf_regs_0_main_clk/A (BUFx24_ASAP7_75t_SL)
     1    2.97   15.14   22.27   91.72 ^ clkbuf_regs_0_main_clk/Y (BUFx24_ASAP7_75t_SL)
                                         clk_i_regs (net)
                 15.14    0.21   91.93 ^ clkbuf_0_clk_i_regs/A (BUFx24_ASAP7_75t_SL)
     2   16.57   11.34   15.95  107.88 ^ clkbuf_0_clk_i_regs/Y (BUFx24_ASAP7_75t_SL)
                                         clknet_0_clk_i_regs (net)
                 30.34    8.94  116.82 ^ clkbuf_1_1_0_clk_i_regs/A (BUFx24_ASAP7_75t_SL)
     4   23.98   11.59   17.59  134.41 ^ clkbuf_1_1_0_clk_i_regs/Y (BUFx24_ASAP7_75t_SL)
                                         clknet_1_1_0_clk_i_regs (net)
                 61.53   18.94  153.35 ^ clkbuf_3_7_0_clk_i_regs/A (BUFx24_ASAP7_75t_SL)
     4   19.55   16.08   21.29  174.64 ^ clkbuf_3_7_0_clk_i_regs/Y (BUFx24_ASAP7_75t_SL)
                                         clknet_3_7_0_clk_i_regs (net)
                 23.89    5.85  180.50 ^ clkbuf_5_30_0_clk_i_regs/A (BUFx24_ASAP7_75t_SL)
     2    7.82   10.73   16.81  197.31 ^ clkbuf_5_30_0_clk_i_regs/Y (BUFx24_ASAP7_75t_SL)
                                         clknet_5_30_0_clk_i_regs (net)
                 11.30    1.52  198.83 ^ clkbuf_6_61__f_clk_i_regs/A (BUFx24_ASAP7_75t_SL)
     6   20.83   14.38   16.55  215.38 ^ clkbuf_6_61__f_clk_i_regs/Y (BUFx24_ASAP7_75t_SL)
                                         clknet_6_61__leaf_clk_i_regs (net)
                 15.23    1.70  217.08 ^ clkbuf_leaf_181_clk_i_regs/A (BUFx24_ASAP7_75t_SL)
    24   16.55   12.92   16.74  233.82 ^ clkbuf_leaf_181_clk_i_regs/Y (BUFx24_ASAP7_75t_SL)
                                         clknet_leaf_181_clk_i_regs (net)
                 13.13    0.54  234.36 ^ csr_regfile_i.pmpaddr_o[32]$_DFFE_PN0P_/CLK (DFFASRHQNx1_ASAP7_75t_SL)
     6    5.86   34.30   40.50  274.86 v csr_regfile_i.pmpaddr_o[32]$_DFFE_PN0P_/QN (DFFASRHQNx1_ASAP7_75t_SL)
                                         _008221_ (net)
                 34.30    0.40  275.26 v _104962_/D (OR4x1_ASAP7_75t_SL)
     6    7.27   37.72   34.11  309.38 v _104962_/Y (OR4x1_ASAP7_75t_SL)
                                         _037769_ (net)
                 37.96    1.76  311.14 v _104963_/D (OR4x1_ASAP7_75t_SL)
     4    3.57   21.38   27.70  338.84 v _104963_/Y (OR4x1_ASAP7_75t_SL)
                                         _037770_ (net)
                 21.38    0.13  338.97 v _109622_/B (AO21x1_ASAP7_75t_SL)
     4    3.35   17.68   18.47  357.45 v _109622_/Y (AO21x1_ASAP7_75t_SL)
                                         _042295_ (net)
                 17.68    0.07  357.52 v _109623_/B (AO21x1_ASAP7_75t_SL)
     2    3.08   16.17   17.46  374.98 v _109623_/Y (AO21x1_ASAP7_75t_SL)
                                         _042296_ (net)
                 16.18    0.13  375.11 v _109631_/A (NAND2x2_ASAP7_75t_SL)
     6    7.26   24.95   14.73  389.83 ^ _109631_/Y (NAND2x2_ASAP7_75t_SL)
                                         _042304_ (net)
                 25.03    0.80  390.63 ^ _109651_/A (INVx3_ASAP7_75t_SL)
     7    7.08   16.49    8.86  399.48 v _109651_/Y (INVx3_ASAP7_75t_SL)
                                         _012478_ (net)
                 16.53    0.42  399.91 v _198018_/B (HAxp5_ASAP7_75t_R)
     5    4.60   51.83   28.40  428.31 ^ _198018_/CON (HAxp5_ASAP7_75t_R)
                                         _012475_ (net)
                 51.83    0.26  428.57 ^ _109632_/A (INVx1_ASAP7_75t_R)
     4    3.80   30.77   23.19  451.76 v _109632_/Y (INVx1_ASAP7_75t_R)
                                         _012472_ (net)
                 30.77    0.09  451.86 v _198016_/B (HAxp5_ASAP7_75t_R)
     8    6.46   68.24   40.58  492.43 ^ _198016_/CON (HAxp5_ASAP7_75t_R)
                                         _012473_ (net)
     4    3.91   69.87   31.80  524.24 v _198016_/SN (HAxp5_ASAP7_75t_R)
                                         _012474_ (net)
                 69.88    0.43  524.67 v _109687_/B (OR2x2_ASAP7_75t_R)
     5    5.02   18.86   35.79  560.46 v _109687_/Y (OR2x2_ASAP7_75t_R)
                                         _042357_ (net)
                 18.87    0.09  560.55 v _109738_/A (AND2x2_ASAP7_75t_R)
     2    2.43    9.88   20.96  581.50 v _109738_/Y (AND2x2_ASAP7_75t_R)
                                         _042408_ (net)
                  9.88    0.08  581.58 v _109761_/B2 (OAI22x1_ASAP7_75t_R)
     1    0.76   14.89   10.64  592.22 ^ _109761_/Y (OAI22x1_ASAP7_75t_R)
                                         _042431_ (net)
                 14.89    0.04  592.25 ^ _109764_/A2 (AO21x1_ASAP7_75t_R)
     1    0.83    8.42   15.17  607.42 ^ _109764_/Y (AO21x1_ASAP7_75t_R)
                                         _042434_ (net)
                  8.43    0.05  607.47 ^ _109765_/B1 (OA31x2_ASAP7_75t_SL)
     1    0.92    9.17   15.66  623.13 ^ _109765_/Y (OA31x2_ASAP7_75t_SL)
                                         _042435_ (net)
                  9.17    0.06  623.19 ^ _109766_/D (OR4x1_ASAP7_75t_SL)
     1    1.12    8.07    9.96  633.15 ^ _109766_/Y (OR4x1_ASAP7_75t_SL)
                                         _042436_ (net)
                  8.07    0.06  633.21 ^ _109773_/B (AO211x2_ASAP7_75t_SL)
     2    2.79   12.08   15.98  649.19 ^ _109773_/Y (AO211x2_ASAP7_75t_SL)
                                         _042443_ (net)
                 12.14    0.45  649.64 ^ _109789_/A2 (AOI21x1_ASAP7_75t_L)
     3    5.25   26.50   13.00  662.64 v _109789_/Y (AOI21x1_ASAP7_75t_L)
                                         _042459_ (net)
                 27.15    2.24  664.88 v _110059_/C (AND4x1_ASAP7_75t_SL)
     2    2.35   12.96   14.91  679.78 v _110059_/Y (AND4x1_ASAP7_75t_SL)
                                         _042728_ (net)
                 12.96    0.07  679.86 v _111297_/C (OR4x1_ASAP7_75t_SL)
     1    0.74    9.16   17.88  697.73 v _111297_/Y (OR4x1_ASAP7_75t_SL)
                                         _043962_ (net)
                  9.16    0.04  697.77 v _111298_/C (AO221x1_ASAP7_75t_SL)
     2    2.18   13.99   18.89  716.66 v _111298_/Y (AO221x1_ASAP7_75t_SL)
                                         _043963_ (net)
                 14.00    0.08  716.74 v _111299_/B (AO21x2_ASAP7_75t_SL)
     3    6.80   19.90   19.02  735.76 v _111299_/Y (AO21x2_ASAP7_75t_SL)
                                         _043964_ (net)
                 21.84    3.27  739.03 v _111300_/A2 (AO21x1_ASAP7_75t_SL)
     3   13.75   65.08   33.74  772.78 v _111300_/Y (AO21x1_ASAP7_75t_SL)
                                         _043965_ (net)
                 75.49   13.40  786.18 v place38059/A (BUFx3_ASAP7_75t_L)
     6    9.12   20.08   27.57  813.75 v place38059/Y (BUFx3_ASAP7_75t_L)
                                         net37884 (net)
                 20.11    0.51  814.26 v _114043_/A (AND3x1_ASAP7_75t_R)
     2    1.93   12.82   17.46  831.71 v _114043_/Y (AND3x1_ASAP7_75t_R)
                                         _046698_ (net)
                 12.82    0.08  831.79 v _114044_/B (NAND2x1_ASAP7_75t_SL)
     6   10.83   60.86   26.65  858.43 ^ _114044_/Y (NAND2x1_ASAP7_75t_SL)
                                         _046699_ (net)
                 62.50    5.38  863.82 ^ _114448_/B1 (AOI221x1_ASAP7_75t_R)
     4   15.03  154.50   82.76  946.58 v _114448_/Y (AOI221x1_ASAP7_75t_R)
                                         _047103_ (net)
                154.58    2.06  948.64 v place37114/A (BUFx3_ASAP7_75t_L)
     9    6.75   17.37   34.87  983.52 v place37114/Y (BUFx3_ASAP7_75t_L)
                                         net36939 (net)
                 17.40    0.42  983.94 v _114457_/C (AND4x1_ASAP7_75t_SL)
     5    5.21   24.69   19.30 1003.24 v _114457_/Y (AND4x1_ASAP7_75t_SL)
                                         _047109_ (net)
                 24.69    0.11 1003.35 v place36245/A (BUFx3_ASAP7_75t_L)
     9   15.02   29.06   20.08 1023.43 v place36245/Y (BUFx3_ASAP7_75t_L)
                                         net36070 (net)
                 41.13    9.71 1033.13 v place36237/A (BUFx3_ASAP7_75t_L)
     8    8.10   16.90   22.76 1055.89 v place36237/Y (BUFx3_ASAP7_75t_L)
                                         net36062 (net)
                 17.36    1.51 1057.40 v place36235/A (BUFx3_ASAP7_75t_L)
     8    7.45   15.95   17.35 1074.75 v place36235/Y (BUFx3_ASAP7_75t_L)
                                         net36060 (net)
                 17.11    2.29 1077.04 v _164510_/A (OR2x2_ASAP7_75t_SL)
     1    0.49    5.82   11.94 1088.98 v _164510_/Y (OR2x2_ASAP7_75t_SL)
                                         _091645_ (net)
                  5.82    0.02 1089.00 v _164511_/C (OA211x2_ASAP7_75t_R)
     1    0.70    9.35   25.90 1114.89 v _164511_/Y (OA211x2_ASAP7_75t_R)
                                         _091646_ (net)
                  9.35    0.03 1114.92 v _164512_/B (AO21x1_ASAP7_75t_R)
     1    0.76    7.70   16.07 1130.99 v _164512_/Y (AO21x1_ASAP7_75t_R)
                                         _091647_ (net)
                  7.70    0.04 1131.04 v _164514_/A2 (OA211x2_ASAP7_75t_R)
     1    0.75    9.35   21.61 1152.65 v _164514_/Y (OA211x2_ASAP7_75t_R)
                                         _091649_ (net)
                  9.35    0.03 1152.68 v _164515_/C (OR3x1_ASAP7_75t_SL)
     1    0.49    6.84   13.06 1165.74 v _164515_/Y (OR3x1_ASAP7_75t_SL)
                                         _091650_ (net)
                  6.84    0.02 1165.75 v _164516_/B (OA211x2_ASAP7_75t_R)
     1    0.73   11.37   24.73 1190.48 v _164516_/Y (OA211x2_ASAP7_75t_R)
                                         _091651_ (net)
                 11.37    0.02 1190.51 v _164517_/A (INVx1_ASAP7_75t_R)
     1    0.90    8.71    7.43 1197.94 ^ _164517_/Y (INVx1_ASAP7_75t_R)
                                         _091652_ (net)
                  8.71    0.06 1197.99 ^ _164518_/B (OA21x2_ASAP7_75t_R)
     1    0.76    9.31   15.69 1213.68 ^ _164518_/Y (OA21x2_ASAP7_75t_R)
                                         issue_stage_i.i_scoreboard.mem_n[1834] (net)
                  9.31    0.03 1213.71 ^ issue_stage_i.i_scoreboard.fwd_o[1816]$_DFF_PN0_/D (DFFASRHQNx1_ASAP7_75t_SL)
                               1213.71   data arrival time

                       1000.00 1000.00   clock main_clk (rise edge)
                          0.00 1000.00   clock source latency
     1   12.19    0.00    0.00 1000.00 ^ clk_i (in)
                                         clk_i (net)
                 57.88   18.26 1018.26 ^ wire47475/A (BUFx10_ASAP7_75t_SL)
     2   16.26   11.76   18.23 1036.49 ^ wire47475/Y (BUFx10_ASAP7_75t_SL)
                                         net47300 (net)
                 93.48   29.28 1065.77 ^ clkbuf_regs_0_main_clk/A (BUFx24_ASAP7_75t_SL)
     1    2.43   14.35   21.83 1087.61 ^ clkbuf_regs_0_main_clk/Y (BUFx24_ASAP7_75t_SL)
                                         clk_i_regs (net)
                 14.35    0.17 1087.78 ^ clkbuf_0_clk_i_regs/A (BUFx24_ASAP7_75t_SL)
     2   15.49   11.20   15.79 1103.57 ^ clkbuf_0_clk_i_regs/Y (BUFx24_ASAP7_75t_SL)
                                         clknet_0_clk_i_regs (net)
                 25.83    7.45 1111.03 ^ clkbuf_1_0_0_clk_i_regs/A (BUFx24_ASAP7_75t_SL)
     4   22.27   12.63   17.58 1128.61 ^ clkbuf_1_0_0_clk_i_regs/Y (BUFx24_ASAP7_75t_SL)
                                         clknet_1_0_0_clk_i_regs (net)
                 34.76    9.99 1138.59 ^ clkbuf_3_3_0_clk_i_regs/A (BUFx24_ASAP7_75t_SL)
     4   18.53   12.73   18.40 1157.00 ^ clkbuf_3_3_0_clk_i_regs/Y (BUFx24_ASAP7_75t_SL)
                                         clknet_3_3_0_clk_i_regs (net)
                 31.45    8.95 1165.95 ^ clkbuf_5_14_0_clk_i_regs/A (BUFx24_ASAP7_75t_SL)
     2    6.62   10.99   17.65 1183.60 ^ clkbuf_5_14_0_clk_i_regs/Y (BUFx24_ASAP7_75t_SL)
                                         clknet_5_14_0_clk_i_regs (net)
                 11.19    1.14 1184.74 ^ clkbuf_6_29__f_clk_i_regs/A (BUFx24_ASAP7_75t_SL)
     6   17.02   12.09   15.66 1200.39 ^ clkbuf_6_29__f_clk_i_regs/Y (BUFx24_ASAP7_75t_SL)
                                         clknet_6_29__leaf_clk_i_regs (net)
                 12.17    0.35 1200.74 ^ clkbuf_leaf_222_clk_i_regs/A (BUFx24_ASAP7_75t_SL)
    14   16.89   12.97   16.37 1217.11 ^ clkbuf_leaf_222_clk_i_regs/Y (BUFx24_ASAP7_75t_SL)
                                         clknet_leaf_222_clk_i_regs (net)
                 13.27    0.99 1218.10 ^ issue_stage_i.i_scoreboard.fwd_o[1816]$_DFF_PN0_/CLK (DFFASRHQNx1_ASAP7_75t_SL)
                          4.31 1222.41   clock reconvergence pessimism
                         -8.55 1213.86   library setup time
                               1213.86   data required time
-----------------------------------------------------------------------------
                               1213.86   data required time
                               -1213.71   data arrival time
-----------------------------------------------------------------------------
                                  0.15   slack (MET)



==========================================================================
cts final report_check_types -max_slew -max_cap -max_fanout -violators
--------------------------------------------------------------------------
max fanout

Pin                                   Limit Fanout  Slack
---------------------------------------------------------
clkbuf_leaf_47_clk_i_regs/Y              10     30    -20 (VIOLATED)
clkbuf_leaf_188_clk_i_regs/Y             10     29    -19 (VIOLATED)
clkbuf_leaf_207_clk_i_regs/Y             10     29    -19 (VIOLATED)
clkbuf_leaf_298_clk_i_regs/Y             10     29    -19 (VIOLATED)
clkbuf_leaf_0_clk_i_regs/Y               10     28    -18 (VIOLATED)
clkbuf_leaf_186_clk_i_regs/Y             10     28    -18 (VIOLATED)
clkbuf_leaf_204_clk_i_regs/Y             10     28    -18 (VIOLATED)
clkbuf_leaf_307_clk_i_regs/Y             10     28    -18 (VIOLATED)
clkbuf_leaf_6_clk_i_regs/Y               10     28    -18 (VIOLATED)
clkbuf_leaf_77_clk_i_regs/Y              10     28    -18 (VIOLATED)
clkbuf_leaf_110_clk_i_regs/Y             10     27    -17 (VIOLATED)
clkbuf_leaf_120_clk_i_regs/Y             10     27    -17 (VIOLATED)
clkbuf_leaf_126_clk_i_regs/Y             10     27    -17 (VIOLATED)
clkbuf_leaf_159_clk_i_regs/Y             10     27    -17 (VIOLATED)
clkbuf_leaf_167_clk_i_regs/Y             10     27    -17 (VIOLATED)
clkbuf_leaf_176_clk_i_regs/Y             10     27    -17 (VIOLATED)
clkbuf_leaf_177_clk_i_regs/Y             10     27    -17 (VIOLATED)
clkbuf_leaf_195_clk_i_regs/Y             10     27    -17 (VIOLATED)
clkbuf_leaf_203_clk_i_regs/Y             10     27    -17 (VIOLATED)
clkbuf_leaf_294_clk_i_regs/Y             10     27    -17 (VIOLATED)
clkbuf_leaf_301_clk_i_regs/Y             10     27    -17 (VIOLATED)
clkbuf_leaf_302_clk_i_regs/Y             10     27    -17 (VIOLATED)
clkbuf_leaf_337_clk_i_regs/Y             10     27    -17 (VIOLATED)
clkbuf_leaf_338_clk_i_regs/Y             10     27    -17 (VIOLATED)
clkbuf_leaf_3_clk_i_regs/Y               10     27    -17 (VIOLATED)
clkbuf_leaf_60_clk_i_regs/Y              10     27    -17 (VIOLATED)
clkbuf_leaf_66_clk_i_regs/Y              10     27    -17 (VIOLATED)
clkbuf_leaf_76_clk_i_regs/Y              10     27    -17 (VIOLATED)
clkbuf_leaf_7_clk_i_regs/Y               10     27    -17 (VIOLATED)
clkbuf_leaf_86_clk_i_regs/Y              10     27    -17 (VIOLATED)
clkbuf_leaf_139_clk_i_regs/Y             10     26    -16 (VIOLATED)
clkbuf_leaf_141_clk_i_regs/Y             10     26    -16 (VIOLATED)
clkbuf_leaf_162_clk_i_regs/Y             10     26    -16 (VIOLATED)
clkbuf_leaf_166_clk_i_regs/Y             10     26    -16 (VIOLATED)
clkbuf_leaf_197_clk_i_regs/Y             10     26    -16 (VIOLATED)
clkbuf_leaf_208_clk_i_regs/Y             10     26    -16 (VIOLATED)
clkbuf_leaf_223_clk_i_regs/Y             10     26    -16 (VIOLATED)
clkbuf_leaf_287_clk_i_regs/Y             10     26    -16 (VIOLATED)
clkbuf_leaf_290_clk_i_regs/Y             10     26    -16 (VIOLATED)
clkbuf_leaf_293_clk_i_regs/Y             10     26    -16 (VIOLATED)
clkbuf_leaf_303_clk_i_regs/Y             10     26    -16 (VIOLATED)
clkbuf_leaf_304_clk_i_regs/Y             10     26    -16 (VIOLATED)
clkbuf_leaf_310_clk_i_regs/Y             10     26    -16 (VIOLATED)
clkbuf_leaf_315_clk_i_regs/Y             10     26    -16 (VIOLATED)
clkbuf_leaf_318_clk_i_regs/Y             10     26    -16 (VIOLATED)
clkbuf_leaf_333_clk_i_regs/Y             10     26    -16 (VIOLATED)
clkbuf_leaf_340_clk_i_regs/Y             10     26    -16 (VIOLATED)
clkbuf_leaf_342_clk_i_regs/Y             10     26    -16 (VIOLATED)
clkbuf_leaf_343_clk_i_regs/Y             10     26    -16 (VIOLATED)
clkbuf_leaf_344_clk_i_regs/Y             10     26    -16 (VIOLATED)
clkbuf_leaf_348_clk_i_regs/Y             10     26    -16 (VIOLATED)
clkbuf_leaf_34_clk_i_regs/Y              10     26    -16 (VIOLATED)
clkbuf_leaf_350_clk_i_regs/Y             10     26    -16 (VIOLATED)
clkbuf_leaf_356_clk_i_regs/Y             10     26    -16 (VIOLATED)
clkbuf_leaf_45_clk_i_regs/Y              10     26    -16 (VIOLATED)
clkbuf_leaf_48_clk_i_regs/Y              10     26    -16 (VIOLATED)
clkbuf_leaf_69_clk_i_regs/Y              10     26    -16 (VIOLATED)
clkbuf_leaf_82_clk_i_regs/Y              10     26    -16 (VIOLATED)
clkbuf_leaf_10_clk_i_regs/Y              10     25    -15 (VIOLATED)
clkbuf_leaf_112_clk_i_regs/Y             10     25    -15 (VIOLATED)
clkbuf_leaf_127_clk_i_regs/Y             10     25    -15 (VIOLATED)
clkbuf_leaf_128_clk_i_regs/Y             10     25    -15 (VIOLATED)
clkbuf_leaf_134_clk_i_regs/Y             10     25    -15 (VIOLATED)
clkbuf_leaf_147_clk_i_regs/Y             10     25    -15 (VIOLATED)
clkbuf_leaf_149_clk_i_regs/Y             10     25    -15 (VIOLATED)
clkbuf_leaf_151_clk_i_regs/Y             10     25    -15 (VIOLATED)
clkbuf_leaf_152_clk_i_regs/Y             10     25    -15 (VIOLATED)
clkbuf_leaf_153_clk_i_regs/Y             10     25    -15 (VIOLATED)
clkbuf_leaf_154_clk_i_regs/Y             10     25    -15 (VIOLATED)
clkbuf_leaf_156_clk_i_regs/Y             10     25    -15 (VIOLATED)
clkbuf_leaf_164_clk_i_regs/Y             10     25    -15 (VIOLATED)
clkbuf_leaf_175_clk_i_regs/Y             10     25    -15 (VIOLATED)
clkbuf_leaf_1_clk_i_regs/Y               10     25    -15 (VIOLATED)
clkbuf_leaf_206_clk_i_regs/Y             10     25    -15 (VIOLATED)
clkbuf_leaf_259_clk_i_regs/Y             10     25    -15 (VIOLATED)
clkbuf_leaf_266_clk_i_regs/Y             10     25    -15 (VIOLATED)
clkbuf_leaf_271_clk_i_regs/Y             10     25    -15 (VIOLATED)
clkbuf_leaf_273_clk_i_regs/Y             10     25    -15 (VIOLATED)
clkbuf_leaf_279_clk_i_regs/Y             10     25    -15 (VIOLATED)
clkbuf_leaf_2_clk_i_regs/Y               10     25    -15 (VIOLATED)
clkbuf_leaf_312_clk_i_regs/Y             10     25    -15 (VIOLATED)
clkbuf_leaf_321_clk_i_regs/Y             10     25    -15 (VIOLATED)
clkbuf_leaf_325_clk_i_regs/Y             10     25    -15 (VIOLATED)
clkbuf_leaf_326_clk_i_regs/Y             10     25    -15 (VIOLATED)
clkbuf_leaf_331_clk_i_regs/Y             10     25    -15 (VIOLATED)
clkbuf_leaf_336_clk_i_regs/Y             10     25    -15 (VIOLATED)
clkbuf_leaf_346_clk_i_regs/Y             10     25    -15 (VIOLATED)
clkbuf_leaf_351_clk_i_regs/Y             10     25    -15 (VIOLATED)
clkbuf_leaf_352_clk_i_regs/Y             10     25    -15 (VIOLATED)
clkbuf_leaf_36_clk_i_regs/Y              10     25    -15 (VIOLATED)
clkbuf_leaf_46_clk_i_regs/Y              10     25    -15 (VIOLATED)
clkbuf_leaf_52_clk_i_regs/Y              10     25    -15 (VIOLATED)
clkbuf_leaf_57_clk_i_regs/Y              10     25    -15 (VIOLATED)
clkbuf_leaf_65_clk_i_regs/Y              10     25    -15 (VIOLATED)
clkbuf_leaf_80_clk_i_regs/Y              10     25    -15 (VIOLATED)
clkbuf_leaf_99_clk_i_regs/Y              10     25    -15 (VIOLATED)
clkbuf_leaf_100_clk_i_regs/Y             10     24    -14 (VIOLATED)
clkbuf_leaf_101_clk_i_regs/Y             10     24    -14 (VIOLATED)
clkbuf_leaf_102_clk_i_regs/Y             10     24    -14 (VIOLATED)
clkbuf_leaf_104_clk_i_regs/Y             10     24    -14 (VIOLATED)
clkbuf_leaf_106_clk_i_regs/Y             10     24    -14 (VIOLATED)
clkbuf_leaf_109_clk_i_regs/Y             10     24    -14 (VIOLATED)
clkbuf_leaf_133_clk_i_regs/Y             10     24    -14 (VIOLATED)
clkbuf_leaf_137_clk_i_regs/Y             10     24    -14 (VIOLATED)
clkbuf_leaf_138_clk_i_regs/Y             10     24    -14 (VIOLATED)
clkbuf_leaf_140_clk_i_regs/Y             10     24    -14 (VIOLATED)
clkbuf_leaf_145_clk_i_regs/Y             10     24    -14 (VIOLATED)
clkbuf_leaf_146_clk_i_regs/Y             10     24    -14 (VIOLATED)
clkbuf_leaf_155_clk_i_regs/Y             10     24    -14 (VIOLATED)
clkbuf_leaf_157_clk_i_regs/Y             10     24    -14 (VIOLATED)
clkbuf_leaf_173_clk_i_regs/Y             10     24    -14 (VIOLATED)
clkbuf_leaf_181_clk_i_regs/Y             10     24    -14 (VIOLATED)
clkbuf_leaf_189_clk_i_regs/Y             10     24    -14 (VIOLATED)
clkbuf_leaf_192_clk_i_regs/Y             10     24    -14 (VIOLATED)
clkbuf_leaf_216_clk_i_regs/Y             10     24    -14 (VIOLATED)
clkbuf_leaf_224_clk_i_regs/Y             10     24    -14 (VIOLATED)
clkbuf_leaf_23_clk_i_regs/Y              10     24    -14 (VIOLATED)
clkbuf_leaf_245_clk_i_regs/Y             10     24    -14 (VIOLATED)
clkbuf_leaf_25_clk_i_regs/Y              10     24    -14 (VIOLATED)
clkbuf_leaf_269_clk_i_regs/Y             10     24    -14 (VIOLATED)
clkbuf_leaf_272_clk_i_regs/Y             10     24    -14 (VIOLATED)
clkbuf_leaf_275_clk_i_regs/Y             10     24    -14 (VIOLATED)
clkbuf_leaf_276_clk_i_regs/Y             10     24    -14 (VIOLATED)
clkbuf_leaf_278_clk_i_regs/Y             10     24    -14 (VIOLATED)
clkbuf_leaf_27_clk_i_regs/Y              10     24    -14 (VIOLATED)
clkbuf_leaf_286_clk_i_regs/Y             10     24    -14 (VIOLATED)
clkbuf_leaf_288_clk_i_regs/Y             10     24    -14 (VIOLATED)
clkbuf_leaf_299_clk_i_regs/Y             10     24    -14 (VIOLATED)
clkbuf_leaf_306_clk_i_regs/Y             10     24    -14 (VIOLATED)
clkbuf_leaf_308_clk_i_regs/Y             10     24    -14 (VIOLATED)
clkbuf_leaf_311_clk_i_regs/Y             10     24    -14 (VIOLATED)
clkbuf_leaf_314_clk_i_regs/Y             10     24    -14 (VIOLATED)
clkbuf_leaf_317_clk_i_regs/Y             10     24    -14 (VIOLATED)
clkbuf_leaf_320_clk_i_regs/Y             10     24    -14 (VIOLATED)
clkbuf_leaf_323_clk_i_regs/Y             10     24    -14 (VIOLATED)
clkbuf_leaf_341_clk_i_regs/Y             10     24    -14 (VIOLATED)
clkbuf_leaf_345_clk_i_regs/Y             10     24    -14 (VIOLATED)
clkbuf_leaf_353_clk_i_regs/Y             10     24    -14 (VIOLATED)
clkbuf_leaf_357_clk_i_regs/Y             10     24    -14 (VIOLATED)
clkbuf_leaf_358_clk_i_regs/Y             10     24    -14 (VIOLATED)
clkbuf_leaf_35_clk_i_regs/Y              10     24    -14 (VIOLATED)
clkbuf_leaf_40_clk_i_regs/Y              10     24    -14 (VIOLATED)
clkbuf_leaf_41_clk_i_regs/Y              10     24    -14 (VIOLATED)
clkbuf_leaf_42_clk_i_regs/Y              10     24    -14 (VIOLATED)
clkbuf_leaf_43_clk_i_regs/Y              10     24    -14 (VIOLATED)
clkbuf_leaf_44_clk_i_regs/Y              10     24    -14 (VIOLATED)
clkbuf_leaf_49_clk_i_regs/Y              10     24    -14 (VIOLATED)
clkbuf_leaf_50_clk_i_regs/Y              10     24    -14 (VIOLATED)
clkbuf_leaf_55_clk_i_regs/Y              10     24    -14 (VIOLATED)
clkbuf_leaf_5_clk_i_regs/Y               10     24    -14 (VIOLATED)
clkbuf_leaf_61_clk_i_regs/Y              10     24    -14 (VIOLATED)
clkbuf_leaf_63_clk_i_regs/Y              10     24    -14 (VIOLATED)
clkbuf_leaf_67_clk_i_regs/Y              10     24    -14 (VIOLATED)
clkbuf_leaf_72_clk_i_regs/Y              10     24    -14 (VIOLATED)
clkbuf_leaf_74_clk_i_regs/Y              10     24    -14 (VIOLATED)
clkbuf_leaf_75_clk_i_regs/Y              10     24    -14 (VIOLATED)
clkbuf_leaf_78_clk_i_regs/Y              10     24    -14 (VIOLATED)
clkbuf_leaf_89_clk_i_regs/Y              10     24    -14 (VIOLATED)
clkbuf_leaf_91_clk_i_regs/Y              10     24    -14 (VIOLATED)
clkbuf_leaf_92_clk_i_regs/Y              10     24    -14 (VIOLATED)
clkbuf_leaf_95_clk_i_regs/Y              10     24    -14 (VIOLATED)
clkbuf_leaf_96_clk_i_regs/Y              10     24    -14 (VIOLATED)
clkbuf_leaf_103_clk_i_regs/Y             10     23    -13 (VIOLATED)
clkbuf_leaf_107_clk_i_regs/Y             10     23    -13 (VIOLATED)
clkbuf_leaf_119_clk_i_regs/Y             10     23    -13 (VIOLATED)
clkbuf_leaf_121_clk_i_regs/Y             10     23    -13 (VIOLATED)
clkbuf_leaf_144_clk_i_regs/Y             10     23    -13 (VIOLATED)
clkbuf_leaf_148_clk_i_regs/Y             10     23    -13 (VIOLATED)
clkbuf_leaf_150_clk_i_regs/Y             10     23    -13 (VIOLATED)
clkbuf_leaf_158_clk_i_regs/Y             10     23    -13 (VIOLATED)
clkbuf_leaf_17_clk_i_regs/Y              10     23    -13 (VIOLATED)
clkbuf_leaf_185_clk_i_regs/Y             10     23    -13 (VIOLATED)
clkbuf_leaf_187_clk_i_regs/Y             10     23    -13 (VIOLATED)
clkbuf_leaf_18_clk_i_regs/Y              10     23    -13 (VIOLATED)
clkbuf_leaf_190_clk_i_regs/Y             10     23    -13 (VIOLATED)
clkbuf_leaf_191_clk_i_regs/Y             10     23    -13 (VIOLATED)
clkbuf_leaf_194_clk_i_regs/Y             10     23    -13 (VIOLATED)
clkbuf_leaf_20_clk_i_regs/Y              10     23    -13 (VIOLATED)
clkbuf_leaf_218_clk_i_regs/Y             10     23    -13 (VIOLATED)
clkbuf_leaf_229_clk_i_regs/Y             10     23    -13 (VIOLATED)
clkbuf_leaf_262_clk_i_regs/Y             10     23    -13 (VIOLATED)
clkbuf_leaf_264_clk_i_regs/Y             10     23    -13 (VIOLATED)
clkbuf_leaf_265_clk_i_regs/Y             10     23    -13 (VIOLATED)
clkbuf_leaf_267_clk_i_regs/Y             10     23    -13 (VIOLATED)
clkbuf_leaf_277_clk_i_regs/Y             10     23    -13 (VIOLATED)
clkbuf_leaf_283_clk_i_regs/Y             10     23    -13 (VIOLATED)
clkbuf_leaf_284_clk_i_regs/Y             10     23    -13 (VIOLATED)
clkbuf_leaf_285_clk_i_regs/Y             10     23    -13 (VIOLATED)
clkbuf_leaf_300_clk_i_regs/Y             10     23    -13 (VIOLATED)
clkbuf_leaf_31_clk_i_regs/Y              10     23    -13 (VIOLATED)
clkbuf_leaf_32_clk_i_regs/Y              10     23    -13 (VIOLATED)
clkbuf_leaf_330_clk_i_regs/Y             10     23    -13 (VIOLATED)
clkbuf_leaf_335_clk_i_regs/Y             10     23    -13 (VIOLATED)
clkbuf_leaf_339_clk_i_regs/Y             10     23    -13 (VIOLATED)
clkbuf_leaf_354_clk_i_regs/Y             10     23    -13 (VIOLATED)
clkbuf_leaf_355_clk_i_regs/Y             10     23    -13 (VIOLATED)
clkbuf_leaf_51_clk_i_regs/Y              10     23    -13 (VIOLATED)
clkbuf_leaf_54_clk_i_regs/Y              10     23    -13 (VIOLATED)
clkbuf_leaf_58_clk_i_regs/Y              10     23    -13 (VIOLATED)
clkbuf_leaf_59_clk_i_regs/Y              10     23    -13 (VIOLATED)
clkbuf_leaf_62_clk_i_regs/Y              10     23    -13 (VIOLATED)
clkbuf_leaf_70_clk_i_regs/Y              10     23    -13 (VIOLATED)
clkbuf_leaf_71_clk_i_regs/Y              10     23    -13 (VIOLATED)
clkbuf_leaf_73_clk_i_regs/Y              10     23    -13 (VIOLATED)
clkbuf_leaf_79_clk_i_regs/Y              10     23    -13 (VIOLATED)
clkbuf_leaf_81_clk_i_regs/Y              10     23    -13 (VIOLATED)
clkbuf_leaf_83_clk_i_regs/Y              10     23    -13 (VIOLATED)
clkbuf_leaf_85_clk_i_regs/Y              10     23    -13 (VIOLATED)
clkbuf_leaf_88_clk_i_regs/Y              10     23    -13 (VIOLATED)
clkbuf_leaf_93_clk_i_regs/Y              10     23    -13 (VIOLATED)
clkbuf_leaf_94_clk_i_regs/Y              10     23    -13 (VIOLATED)
clkbuf_leaf_98_clk_i_regs/Y              10     23    -13 (VIOLATED)
clkbuf_leaf_105_clk_i_regs/Y             10     22    -12 (VIOLATED)
clkbuf_leaf_108_clk_i_regs/Y             10     22    -12 (VIOLATED)
clkbuf_leaf_111_clk_i_regs/Y             10     22    -12 (VIOLATED)
clkbuf_leaf_115_clk_i_regs/Y             10     22    -12 (VIOLATED)
clkbuf_leaf_129_clk_i_regs/Y             10     22    -12 (VIOLATED)
clkbuf_leaf_132_clk_i_regs/Y             10     22    -12 (VIOLATED)
clkbuf_leaf_135_clk_i_regs/Y             10     22    -12 (VIOLATED)
clkbuf_leaf_143_clk_i_regs/Y             10     22    -12 (VIOLATED)
clkbuf_leaf_160_clk_i_regs/Y             10     22    -12 (VIOLATED)
clkbuf_leaf_165_clk_i_regs/Y             10     22    -12 (VIOLATED)
clkbuf_leaf_171_clk_i_regs/Y             10     22    -12 (VIOLATED)
clkbuf_leaf_172_clk_i_regs/Y             10     22    -12 (VIOLATED)
clkbuf_leaf_214_clk_i_regs/Y             10     22    -12 (VIOLATED)
clkbuf_leaf_217_clk_i_regs/Y             10     22    -12 (VIOLATED)
clkbuf_leaf_220_clk_i_regs/Y             10     22    -12 (VIOLATED)
clkbuf_leaf_22_clk_i_regs/Y              10     22    -12 (VIOLATED)
clkbuf_leaf_231_clk_i_regs/Y             10     22    -12 (VIOLATED)
clkbuf_leaf_234_clk_i_regs/Y             10     22    -12 (VIOLATED)
clkbuf_leaf_237_clk_i_regs/Y             10     22    -12 (VIOLATED)
clkbuf_leaf_239_clk_i_regs/Y             10     22    -12 (VIOLATED)
clkbuf_leaf_242_clk_i_regs/Y             10     22    -12 (VIOLATED)
clkbuf_leaf_243_clk_i_regs/Y             10     22    -12 (VIOLATED)
clkbuf_leaf_248_clk_i_regs/Y             10     22    -12 (VIOLATED)
clkbuf_leaf_251_clk_i_regs/Y             10     22    -12 (VIOLATED)
clkbuf_leaf_253_clk_i_regs/Y             10     22    -12 (VIOLATED)
clkbuf_leaf_254_clk_i_regs/Y             10     22    -12 (VIOLATED)
clkbuf_leaf_255_clk_i_regs/Y             10     22    -12 (VIOLATED)
clkbuf_leaf_256_clk_i_regs/Y             10     22    -12 (VIOLATED)
clkbuf_leaf_257_clk_i_regs/Y             10     22    -12 (VIOLATED)
clkbuf_leaf_258_clk_i_regs/Y             10     22    -12 (VIOLATED)
clkbuf_leaf_281_clk_i_regs/Y             10     22    -12 (VIOLATED)
clkbuf_leaf_289_clk_i_regs/Y             10     22    -12 (VIOLATED)
clkbuf_leaf_291_clk_i_regs/Y             10     22    -12 (VIOLATED)
clkbuf_leaf_292_clk_i_regs/Y             10     22    -12 (VIOLATED)
clkbuf_leaf_309_clk_i_regs/Y             10     22    -12 (VIOLATED)
clkbuf_leaf_313_clk_i_regs/Y             10     22    -12 (VIOLATED)
clkbuf_leaf_322_clk_i_regs/Y             10     22    -12 (VIOLATED)
clkbuf_leaf_37_clk_i_regs/Y              10     22    -12 (VIOLATED)
clkbuf_leaf_4_clk_i_regs/Y               10     22    -12 (VIOLATED)
clkbuf_leaf_53_clk_i_regs/Y              10     22    -12 (VIOLATED)
clkbuf_leaf_56_clk_i_regs/Y              10     22    -12 (VIOLATED)
clkbuf_leaf_64_clk_i_regs/Y              10     22    -12 (VIOLATED)
clkbuf_leaf_68_clk_i_regs/Y              10     22    -12 (VIOLATED)
clkbuf_leaf_87_clk_i_regs/Y              10     22    -12 (VIOLATED)
clkbuf_leaf_97_clk_i_regs/Y              10     22    -12 (VIOLATED)
clkbuf_leaf_113_clk_i_regs/Y             10     21    -11 (VIOLATED)
clkbuf_leaf_117_clk_i_regs/Y             10     21    -11 (VIOLATED)
clkbuf_leaf_136_clk_i_regs/Y             10     21    -11 (VIOLATED)
clkbuf_leaf_142_clk_i_regs/Y             10     21    -11 (VIOLATED)
clkbuf_leaf_161_clk_i_regs/Y             10     21    -11 (VIOLATED)
clkbuf_leaf_168_clk_i_regs/Y             10     21    -11 (VIOLATED)
clkbuf_leaf_170_clk_i_regs/Y             10     21    -11 (VIOLATED)
clkbuf_leaf_178_clk_i_regs/Y             10     21    -11 (VIOLATED)
clkbuf_leaf_182_clk_i_regs/Y             10     21    -11 (VIOLATED)
clkbuf_leaf_205_clk_i_regs/Y             10     21    -11 (VIOLATED)
clkbuf_leaf_209_clk_i_regs/Y             10     21    -11 (VIOLATED)
clkbuf_leaf_215_clk_i_regs/Y             10     21    -11 (VIOLATED)
clkbuf_leaf_221_clk_i_regs/Y             10     21    -11 (VIOLATED)
clkbuf_leaf_233_clk_i_regs/Y             10     21    -11 (VIOLATED)
clkbuf_leaf_240_clk_i_regs/Y             10     21    -11 (VIOLATED)
clkbuf_leaf_246_clk_i_regs/Y             10     21    -11 (VIOLATED)
clkbuf_leaf_247_clk_i_regs/Y             10     21    -11 (VIOLATED)
clkbuf_leaf_24_clk_i_regs/Y              10     21    -11 (VIOLATED)
clkbuf_leaf_252_clk_i_regs/Y             10     21    -11 (VIOLATED)
clkbuf_leaf_268_clk_i_regs/Y             10     21    -11 (VIOLATED)
clkbuf_leaf_28_clk_i_regs/Y              10     21    -11 (VIOLATED)
clkbuf_leaf_297_clk_i_regs/Y             10     21    -11 (VIOLATED)
clkbuf_leaf_305_clk_i_regs/Y             10     21    -11 (VIOLATED)
clkbuf_leaf_316_clk_i_regs/Y             10     21    -11 (VIOLATED)
clkbuf_leaf_329_clk_i_regs/Y             10     21    -11 (VIOLATED)
clkbuf_leaf_349_clk_i_regs/Y             10     21    -11 (VIOLATED)
clkbuf_leaf_8_clk_i_regs/Y               10     21    -11 (VIOLATED)
clkbuf_leaf_114_clk_i_regs/Y             10     20    -10 (VIOLATED)
clkbuf_leaf_118_clk_i_regs/Y             10     20    -10 (VIOLATED)
clkbuf_leaf_122_clk_i_regs/Y             10     20    -10 (VIOLATED)
clkbuf_leaf_130_clk_i_regs/Y             10     20    -10 (VIOLATED)
clkbuf_leaf_131_clk_i_regs/Y             10     20    -10 (VIOLATED)
clkbuf_leaf_169_clk_i_regs/Y             10     20    -10 (VIOLATED)
clkbuf_leaf_16_clk_i_regs/Y              10     20    -10 (VIOLATED)
clkbuf_leaf_180_clk_i_regs/Y             10     20    -10 (VIOLATED)
clkbuf_leaf_183_clk_i_regs/Y             10     20    -10 (VIOLATED)
clkbuf_leaf_210_clk_i_regs/Y             10     20    -10 (VIOLATED)
clkbuf_leaf_21_clk_i_regs/Y              10     20    -10 (VIOLATED)
clkbuf_leaf_232_clk_i_regs/Y             10     20    -10 (VIOLATED)
clkbuf_leaf_244_clk_i_regs/Y             10     20    -10 (VIOLATED)
clkbuf_leaf_249_clk_i_regs/Y             10     20    -10 (VIOLATED)
clkbuf_leaf_250_clk_i_regs/Y             10     20    -10 (VIOLATED)
clkbuf_leaf_260_clk_i_regs/Y             10     20    -10 (VIOLATED)
clkbuf_leaf_263_clk_i_regs/Y             10     20    -10 (VIOLATED)
clkbuf_leaf_282_clk_i_regs/Y             10     20    -10 (VIOLATED)
clkbuf_leaf_29_clk_i_regs/Y              10     20    -10 (VIOLATED)
clkbuf_leaf_30_clk_i_regs/Y              10     20    -10 (VIOLATED)
clkbuf_leaf_33_clk_i_regs/Y              10     20    -10 (VIOLATED)
clkbuf_leaf_39_clk_i_regs/Y              10     20    -10 (VIOLATED)
clkbuf_leaf_84_clk_i_regs/Y              10     20    -10 (VIOLATED)
clkbuf_leaf_90_clk_i_regs/Y              10     20    -10 (VIOLATED)
clkbuf_leaf_9_clk_i_regs/Y               10     20    -10 (VIOLATED)
clkbuf_leaf_116_clk_i_regs/Y             10     19     -9 (VIOLATED)
clkbuf_leaf_123_clk_i_regs/Y             10     19     -9 (VIOLATED)
clkbuf_leaf_163_clk_i_regs/Y             10     19     -9 (VIOLATED)
clkbuf_leaf_196_clk_i_regs/Y             10     19     -9 (VIOLATED)
clkbuf_leaf_198_clk_i_regs/Y             10     19     -9 (VIOLATED)
clkbuf_leaf_213_clk_i_regs/Y             10     19     -9 (VIOLATED)
clkbuf_leaf_225_clk_i_regs/Y             10     19     -9 (VIOLATED)
clkbuf_leaf_230_clk_i_regs/Y             10     19     -9 (VIOLATED)
clkbuf_leaf_235_clk_i_regs/Y             10     19     -9 (VIOLATED)
clkbuf_leaf_236_clk_i_regs/Y             10     19     -9 (VIOLATED)
clkbuf_leaf_241_clk_i_regs/Y             10     19     -9 (VIOLATED)
clkbuf_leaf_261_clk_i_regs/Y             10     19     -9 (VIOLATED)
clkbuf_leaf_324_clk_i_regs/Y             10     19     -9 (VIOLATED)
clkbuf_leaf_328_clk_i_regs/Y             10     19     -9 (VIOLATED)
clkbuf_leaf_334_clk_i_regs/Y             10     19     -9 (VIOLATED)
clkbuf_leaf_174_clk_i_regs/Y             10     18     -8 (VIOLATED)
clkbuf_leaf_193_clk_i_regs/Y             10     18     -8 (VIOLATED)
clkbuf_leaf_19_clk_i_regs/Y              10     18     -8 (VIOLATED)
clkbuf_leaf_211_clk_i_regs/Y             10     18     -8 (VIOLATED)
clkbuf_leaf_212_clk_i_regs/Y             10     18     -8 (VIOLATED)
clkbuf_leaf_219_clk_i_regs/Y             10     18     -8 (VIOLATED)
clkbuf_leaf_238_clk_i_regs/Y             10     18     -8 (VIOLATED)
clkbuf_leaf_280_clk_i_regs/Y             10     18     -8 (VIOLATED)
clkbuf_leaf_38_clk_i_regs/Y              10     18     -8 (VIOLATED)
clkbuf_leaf_11_clk_i_regs/Y              10     17     -7 (VIOLATED)
clkbuf_leaf_124_clk_i_regs/Y             10     17     -7 (VIOLATED)
clkbuf_leaf_12_clk_i_regs/Y              10     17     -7 (VIOLATED)
clkbuf_leaf_13_clk_i_regs/Y              10     17     -7 (VIOLATED)
clkbuf_leaf_179_clk_i_regs/Y             10     17     -7 (VIOLATED)
clkbuf_leaf_270_clk_i_regs/Y             10     17     -7 (VIOLATED)
clkbuf_leaf_274_clk_i_regs/Y             10     17     -7 (VIOLATED)
clkbuf_leaf_295_clk_i_regs/Y             10     17     -7 (VIOLATED)
clkbuf_leaf_327_clk_i_regs/Y             10     17     -7 (VIOLATED)
clkbuf_leaf_332_clk_i_regs/Y             10     16     -6 (VIOLATED)
clkbuf_leaf_199_clk_i_regs/Y             10     15     -5 (VIOLATED)
clkbuf_leaf_227_clk_i_regs/Y             10     15     -5 (VIOLATED)
clkbuf_leaf_319_clk_i_regs/Y             10     15     -5 (VIOLATED)
clkbuf_leaf_222_clk_i_regs/Y             10     14     -4 (VIOLATED)
clkbuf_leaf_26_clk_i_regs/Y              10     14     -4 (VIOLATED)
clkbuf_leaf_125_clk_i_regs/Y             10     13     -3 (VIOLATED)
clkbuf_leaf_15_clk_i_regs/Y              10     13     -3 (VIOLATED)
clkbuf_leaf_200_clk_i_regs/Y             10     13     -3 (VIOLATED)
clkbuf_leaf_202_clk_i_regs/Y             10     13     -3 (VIOLATED)
clkbuf_leaf_226_clk_i_regs/Y             10     12     -2 (VIOLATED)
clkbuf_leaf_228_clk_i_regs/Y             10     12     -2 (VIOLATED)
clkbuf_leaf_296_clk_i_regs/Y             10     12     -2 (VIOLATED)


==========================================================================
cts final max_slew_check_slack
--------------------------------------------------------------------------
60.55772399902344

==========================================================================
cts final max_slew_check_limit
--------------------------------------------------------------------------
320.0

==========================================================================
cts final max_slew_check_slack_limit
--------------------------------------------------------------------------
0.1892

==========================================================================
cts final max_fanout_check_slack
--------------------------------------------------------------------------
-20.0

==========================================================================
cts final max_fanout_check_limit
--------------------------------------------------------------------------
10.0

==========================================================================
cts final max_fanout_check_slack_limit
--------------------------------------------------------------------------
-2.0000

==========================================================================
cts final max_capacitance_check_slack
--------------------------------------------------------------------------
2.620821475982666

==========================================================================
cts final max_capacitance_check_limit
--------------------------------------------------------------------------
23.040000915527344

==========================================================================
cts final max_capacitance_check_slack_limit
--------------------------------------------------------------------------
0.1138

==========================================================================
cts final max_slew_violation_count
--------------------------------------------------------------------------
max slew violation count 0

==========================================================================
cts final max_fanout_violation_count
--------------------------------------------------------------------------
max fanout violation count 355

==========================================================================
cts final max_cap_violation_count
--------------------------------------------------------------------------
max cap violation count 0

==========================================================================
cts final setup_violation_count
--------------------------------------------------------------------------
setup violation count 0

==========================================================================
cts final hold_violation_count
--------------------------------------------------------------------------
hold violation count 0

==========================================================================
cts final report_checks -path_delay max reg to reg
--------------------------------------------------------------------------
Startpoint: csr_regfile_i.pmpaddr_o[32]$_DFFE_PN0P_
            (rising edge-triggered flip-flop clocked by main_clk)
Endpoint: issue_stage_i.i_scoreboard.fwd_o[1816]$_DFF_PN0_
          (rising edge-triggered flip-flop clocked by main_clk)
Path Group: main_clk
Path Type: max

  Delay    Time   Description
---------------------------------------------------------
   0.00    0.00   clock main_clk (rise edge)
   0.00    0.00   clock source latency
   0.00    0.00 ^ clk_i (in)
  37.36   37.36 ^ wire47475/Y (BUFx10_ASAP7_75t_SL)
  54.35   91.72 ^ clkbuf_regs_0_main_clk/Y (BUFx24_ASAP7_75t_SL)
  16.16  107.88 ^ clkbuf_0_clk_i_regs/Y (BUFx24_ASAP7_75t_SL)
  26.53  134.41 ^ clkbuf_1_1_0_clk_i_regs/Y (BUFx24_ASAP7_75t_SL)
  40.23  174.64 ^ clkbuf_3_7_0_clk_i_regs/Y (BUFx24_ASAP7_75t_SL)
  22.66  197.31 ^ clkbuf_5_30_0_clk_i_regs/Y (BUFx24_ASAP7_75t_SL)
  18.07  215.38 ^ clkbuf_6_61__f_clk_i_regs/Y (BUFx24_ASAP7_75t_SL)
  18.44  233.82 ^ clkbuf_leaf_181_clk_i_regs/Y (BUFx24_ASAP7_75t_SL)
   0.54  234.36 ^ csr_regfile_i.pmpaddr_o[32]$_DFFE_PN0P_/CLK (DFFASRHQNx1_ASAP7_75t_SL)
  40.50  274.86 v csr_regfile_i.pmpaddr_o[32]$_DFFE_PN0P_/QN (DFFASRHQNx1_ASAP7_75t_SL)
  34.51  309.38 v _104962_/Y (OR4x1_ASAP7_75t_SL)
  29.46  338.84 v _104963_/Y (OR4x1_ASAP7_75t_SL)
  18.61  357.45 v _109622_/Y (AO21x1_ASAP7_75t_SL)
  17.53  374.98 v _109623_/Y (AO21x1_ASAP7_75t_SL)
  14.85  389.83 ^ _109631_/Y (NAND2x2_ASAP7_75t_SL)
   9.65  399.48 v _109651_/Y (INVx3_ASAP7_75t_SL)
  28.82  428.31 ^ _198018_/CON (HAxp5_ASAP7_75t_R)
  23.45  451.76 v _109632_/Y (INVx1_ASAP7_75t_R)
  40.67  492.43 ^ _198016_/CON (HAxp5_ASAP7_75t_R)
  31.80  524.24 v _198016_/SN (HAxp5_ASAP7_75t_R)
  36.22  560.46 v _109687_/Y (OR2x2_ASAP7_75t_R)
  21.04  581.50 v _109738_/Y (AND2x2_ASAP7_75t_R)
  10.71  592.22 ^ _109761_/Y (OAI22x1_ASAP7_75t_R)
  15.20  607.42 ^ _109764_/Y (AO21x1_ASAP7_75t_R)
  15.71  623.13 ^ _109765_/Y (OA31x2_ASAP7_75t_SL)
  10.02  633.15 ^ _109766_/Y (OR4x1_ASAP7_75t_SL)
  16.04  649.19 ^ _109773_/Y (AO211x2_ASAP7_75t_SL)
  13.45  662.64 v _109789_/Y (AOI21x1_ASAP7_75t_L)
  17.15  679.78 v _110059_/Y (AND4x1_ASAP7_75t_SL)
  17.95  697.73 v _111297_/Y (OR4x1_ASAP7_75t_SL)
  18.93  716.66 v _111298_/Y (AO221x1_ASAP7_75t_SL)
  19.10  735.76 v _111299_/Y (AO21x2_ASAP7_75t_SL)
  37.02  772.78 v _111300_/Y (AO21x1_ASAP7_75t_SL)
  40.97  813.75 v place38059/Y (BUFx3_ASAP7_75t_L)
  17.97  831.71 v _114043_/Y (AND3x1_ASAP7_75t_R)
  26.72  858.43 ^ _114044_/Y (NAND2x1_ASAP7_75t_SL)
  88.14  946.58 v _114448_/Y (AOI221x1_ASAP7_75t_R)
  36.94  983.52 v place37114/Y (BUFx3_ASAP7_75t_L)
  19.72 1003.24 v _114457_/Y (AND4x1_ASAP7_75t_SL)
  20.19 1023.43 v place36245/Y (BUFx3_ASAP7_75t_L)
  32.47 1055.89 v place36237/Y (BUFx3_ASAP7_75t_L)
  18.86 1074.75 v place36235/Y (BUFx3_ASAP7_75t_L)
  14.23 1088.98 v _164510_/Y (OR2x2_ASAP7_75t_SL)
  25.91 1114.89 v _164511_/Y (OA211x2_ASAP7_75t_R)
  16.10 1130.99 v _164512_/Y (AO21x1_ASAP7_75t_R)
  21.66 1152.65 v _164514_/Y (OA211x2_ASAP7_75t_R)
  13.09 1165.74 v _164515_/Y (OR3x1_ASAP7_75t_SL)
  24.75 1190.48 v _164516_/Y (OA211x2_ASAP7_75t_R)
   7.45 1197.94 ^ _164517_/Y (INVx1_ASAP7_75t_R)
  15.75 1213.68 ^ _164518_/Y (OA21x2_ASAP7_75t_R)
   0.03 1213.71 ^ issue_stage_i.i_scoreboard.fwd_o[1816]$_DFF_PN0_/D (DFFASRHQNx1_ASAP7_75t_SL)
        1213.71   data arrival time

1000.00 1000.00   clock main_clk (rise edge)
   0.00 1000.00   clock source latency
   0.00 1000.00 ^ clk_i (in)
  36.49 1036.49 ^ wire47475/Y (BUFx10_ASAP7_75t_SL)
  51.12 1087.61 ^ clkbuf_regs_0_main_clk/Y (BUFx24_ASAP7_75t_SL)
  15.97 1103.57 ^ clkbuf_0_clk_i_regs/Y (BUFx24_ASAP7_75t_SL)
  25.03 1128.61 ^ clkbuf_1_0_0_clk_i_regs/Y (BUFx24_ASAP7_75t_SL)
  28.39 1157.00 ^ clkbuf_3_3_0_clk_i_regs/Y (BUFx24_ASAP7_75t_SL)
  26.60 1183.60 ^ clkbuf_5_14_0_clk_i_regs/Y (BUFx24_ASAP7_75t_SL)
  16.79 1200.39 ^ clkbuf_6_29__f_clk_i_regs/Y (BUFx24_ASAP7_75t_SL)
  16.72 1217.11 ^ clkbuf_leaf_222_clk_i_regs/Y (BUFx24_ASAP7_75t_SL)
   0.99 1218.10 ^ issue_stage_i.i_scoreboard.fwd_o[1816]$_DFF_PN0_/CLK (DFFASRHQNx1_ASAP7_75t_SL)
   4.31 1222.41   clock reconvergence pessimism
  -8.55 1213.86   library setup time
        1213.86   data required time
---------------------------------------------------------
        1213.86   data required time
        -1213.71   data arrival time
---------------------------------------------------------
           0.15   slack (MET)



==========================================================================
cts final report_checks -path_delay min reg to reg
--------------------------------------------------------------------------
Startpoint: gen_cache_hpd.i_cache_subsystem.i_cva6_icache.repl_way_oh_q[0]$_DFFE_PN0P_
            (rising edge-triggered flip-flop clocked by main_clk)
Endpoint: gen_cache_hpd.i_cache_subsystem.i_cva6_icache.gen_sram[0].tag_sram.gen_techno_cut.genblk1.i_tc_sram_wrapper
          (rising edge-triggered flip-flop clocked by main_clk)
Path Group: main_clk
Path Type: min

  Delay    Time   Description
---------------------------------------------------------
   0.00    0.00   clock main_clk (rise edge)
   0.00    0.00   clock source latency
   0.00    0.00 ^ clk_i (in)
  36.49   36.49 ^ wire47475/Y (BUFx10_ASAP7_75t_SL)
  51.12   87.61 ^ clkbuf_regs_0_main_clk/Y (BUFx24_ASAP7_75t_SL)
  15.97  103.57 ^ clkbuf_0_clk_i_regs/Y (BUFx24_ASAP7_75t_SL)
  25.43  129.00 ^ clkbuf_1_1_0_clk_i_regs/Y (BUFx24_ASAP7_75t_SL)
  39.38  168.39 ^ clkbuf_3_4_0_clk_i_regs/Y (BUFx24_ASAP7_75t_SL)
  23.99  192.37 ^ clkbuf_5_17_0_clk_i_regs/Y (BUFx24_ASAP7_75t_SL)
  17.79  210.17 ^ clkbuf_6_34__f_clk_i_regs/Y (BUFx24_ASAP7_75t_SL)
  17.70  227.86 ^ clkbuf_leaf_38_clk_i_regs/Y (BUFx24_ASAP7_75t_SL)
   0.57  228.43 ^ gen_cache_hpd.i_cache_subsystem.i_cva6_icache.repl_way_oh_q[0]$_DFFE_PN0P_/CLK (DFFASRHQNx1_ASAP7_75t_SL)
  36.03  264.47 ^ gen_cache_hpd.i_cache_subsystem.i_cva6_icache.repl_way_oh_q[0]$_DFFE_PN0P_/QN (DFFASRHQNx1_ASAP7_75t_SL)
  25.63  290.10 v _139360_/Y (NAND2x1_ASAP7_75t_R)
   7.07  297.17 v gen_cache_hpd.i_cache_subsystem.i_cva6_icache.gen_sram[0].tag_sram.gen_techno_cut.genblk1.i_tc_sram_wrapper/ce_in (fakeram7_64x25)
         297.17   data arrival time

   0.00    0.00   clock main_clk (rise edge)
   0.00    0.00   clock source latency
   0.00    0.00 ^ clk_i (in)
  37.36   37.36 ^ wire47475/Y (BUFx10_ASAP7_75t_SL)
  57.11   94.47 ^ clkbuf_0_clk_i/Y (BUFx24_ASAP7_75t_SL)
  30.30  124.78 ^ clkbuf_1_1_0_clk_i/Y (BUFx24_ASAP7_75t_SL)
 120.48  245.26 ^ gen_cache_hpd.i_cache_subsystem.i_cva6_icache.gen_sram[0].tag_sram.gen_techno_cut.genblk1.i_tc_sram_wrapper/clk (fakeram7_64x25)
  -0.87  244.39   clock reconvergence pessimism
  50.00  294.39   library hold time
         294.39   data required time
---------------------------------------------------------
         294.39   data required time
        -297.17   data arrival time
---------------------------------------------------------
           2.78   slack (MET)



==========================================================================
cts final critical path target clock latency max path
--------------------------------------------------------------------------
0

==========================================================================
cts final critical path target clock latency min path
--------------------------------------------------------------------------
0

==========================================================================
cts final critical path source clock latency min path
--------------------------------------------------------------------------
0

==========================================================================
cts final critical path delay
--------------------------------------------------------------------------
1213.7094

==========================================================================
cts final critical path slack
--------------------------------------------------------------------------
0.1459

==========================================================================
cts final slack div critical path delay
--------------------------------------------------------------------------
0.012021

==========================================================================
cts final report_power
--------------------------------------------------------------------------
Group                  Internal  Switching    Leakage      Total
                          Power      Power      Power      Power (Watts)
----------------------------------------------------------------
Sequential             1.71e-02   4.12e-03   6.49e-05   2.13e-02  16.3%
Combinational          2.98e-02   3.62e-02   7.35e-05   6.61e-02  50.7%
Clock                  1.24e-02   5.02e-03   2.53e-05   1.74e-02  13.4%
Macro                  2.45e-02   0.00e+00   1.03e-03   2.55e-02  19.6%
Pad                    0.00e+00   0.00e+00   0.00e+00   0.00e+00   0.0%
----------------------------------------------------------------
Total                  8.38e-02   4.54e-02   1.19e-03   1.30e-01 100.0%
                          64.3%      34.8%       0.9%
