OpenROAD ee3d65ce03b2656092ed62bf9205c5c11049c575 
Features included (+) or not (-): +GPU +GUI +Python
This program is licensed under the BSD-3 license. See the LICENSE file for details.
Components of this program may be licensed under more restrictive licenses which must be honored.
[INFO ORD-0030] Using 32 thread(s).
source /home/lucast/workspace/OR-flow-TCC/flow/platforms/asap7/liberty_suppressions.tcl
read_liberty /home/lucast/workspace/OR-flow-TCC/flow/platforms/asap7/lib/NLDM/asap7sc7p5t_AO_RVT_FF_nldm_211120.lib.gz
read_liberty /home/lucast/workspace/OR-flow-TCC/flow/platforms/asap7/lib/NLDM/asap7sc7p5t_INVBUF_RVT_FF_nldm_220122.lib.gz
read_liberty /home/lucast/workspace/OR-flow-TCC/flow/platforms/asap7/lib/NLDM/asap7sc7p5t_OA_RVT_FF_nldm_211120.lib.gz
read_liberty /home/lucast/workspace/OR-flow-TCC/flow/platforms/asap7/lib/NLDM/asap7sc7p5t_SIMPLE_RVT_FF_nldm_211120.lib.gz
read_liberty /home/lucast/workspace/OR-flow-TCC/flow/platforms/asap7/lib/NLDM/asap7sc7p5t_SEQ_RVT_FF_nldm_220123.lib
read_liberty /home/lucast/workspace/OR-flow-TCC/flow/platforms/asap7/lib/NLDM/asap7sc7p5t_DFFHQNH2V2X_RVT_TT_nldm_FAKE.lib
read_liberty /home/lucast/workspace/OR-flow-TCC/flow/platforms/asap7/lib/NLDM/asap7sc7p5t_DFFHQNV2X_RVT_TT_nldm_FAKE.lib
read_db ./results/asap7/ethmac/modified_alpha_130-beta_0.1/5_1_grt.odb
source /home/lucast/workspace/OR-flow-TCC/flow/platforms/asap7/setRC.tcl
detailed_route -output_drc ./reports/asap7/ethmac/modified_alpha_130-beta_0.1/5_route_drc.rpt -output_maze ./results/asap7/ethmac/modified_alpha_130-beta_0.1/maze.log -droute_end_iter 64 -verbose 1 -drc_report_iter_step 5
[INFO DRT-0149] Reading tech and libs.

Units:                1000
Number of layers:     21
Number of macros:     230
Number of vias:       14
Number of viarulegen: 11

[INFO DRT-0150] Reading design.

Design:                   ethmac
Die area:                 ( 0 0 ) ( 106424 106424 )
Number of track patterns: 32
Number of DEF vias:       0
Number of components:     53442
Number of terminals:      218
Number of snets:          2
Number of nets:           58941

[INFO DRT-0167] List of default vias:
  Layer V2
    default via: VIA23
  Layer V3
    default via: VIA34
  Layer V4
    default via: VIA45
  Layer V5
    default via: VIA56
  Layer V6
    default via: VIA67
  Layer V7
    default via: VIA78
  Layer V8
    default via: VIA89
  Layer V9
    default via: VIA9Pad
[INFO DRT-0162] Library cell analysis.
[INFO DRT-0163] Instance analysis.
[INFO DRT-0164] Number of unique instances = 236.
[INFO DRT-0168] Init region query.
[INFO DRT-0024]   Complete Active.
[INFO DRT-0024]   Complete V0.
[INFO DRT-0024]   Complete M1.
[INFO DRT-0024]   Complete V1.
[INFO DRT-0024]   Complete M2.
[INFO DRT-0024]   Complete V2.
[INFO DRT-0024]   Complete M3.
[INFO DRT-0024]   Complete V3.
[INFO DRT-0024]   Complete M4.
[INFO DRT-0024]   Complete V4.
[INFO DRT-0024]   Complete M5.
[INFO DRT-0024]   Complete V5.
[INFO DRT-0024]   Complete M6.
[INFO DRT-0024]   Complete V6.
[INFO DRT-0024]   Complete M7.
[INFO DRT-0024]   Complete V7.
[INFO DRT-0024]   Complete M8.
[INFO DRT-0024]   Complete V8.
[INFO DRT-0024]   Complete M9.
[INFO DRT-0024]   Complete V9.
[INFO DRT-0024]   Complete Pad.
[INFO DRT-0033] Active shape region query size = 0.
[INFO DRT-0033] V0 shape region query size = 0.
[INFO DRT-0033] M1 shape region query size = 1095632.
[INFO DRT-0033] V1 shape region query size = 1196196.
[INFO DRT-0033] M2 shape region query size = 50457.
[INFO DRT-0033] V2 shape region query size = 26245.
[INFO DRT-0033] M3 shape region query size = 23924.
[INFO DRT-0033] V3 shape region query size = 14402.
[INFO DRT-0033] M4 shape region query size = 14459.
[INFO DRT-0033] V4 shape region query size = 14402.
[INFO DRT-0033] M5 shape region query size = 8120.
[INFO DRT-0033] V5 shape region query size = 1444.
[INFO DRT-0033] M6 shape region query size = 798.
[INFO DRT-0033] V6 shape region query size = 0.
[INFO DRT-0033] M7 shape region query size = 0.
[INFO DRT-0033] V7 shape region query size = 0.
[INFO DRT-0033] M8 shape region query size = 0.
[INFO DRT-0033] V8 shape region query size = 0.
[INFO DRT-0033] M9 shape region query size = 0.
[INFO DRT-0033] V9 shape region query size = 0.
[INFO DRT-0033] Pad shape region query size = 0.
[INFO DRT-0165] Start pin access.
[INFO DRT-0076]   Complete 1000 pins.
[INFO DRT-0078]   Complete 1335 pins.
[INFO DRT-0079]   Complete 100 unique inst patterns.
[INFO DRT-0079]   Complete 200 unique inst patterns.
[INFO DRT-0081]   Complete 236 unique inst patterns.
[INFO DRT-0082]   Complete 10000 groups.
[INFO DRT-0082]   Complete 20000 groups.
[INFO DRT-0084]   Complete 29346 groups.
#scanned instances     = 53442
#unique  instances     = 236
#stdCellGenAp          = 7479
#stdCellValidPlanarAp  = 41
#stdCellValidViaAp     = 5436
#stdCellPinNoAp        = 0
#stdCellPinCnt         = 186984
#instTermValidViaApCnt = 0
#macroGenAp            = 0
#macroValidPlanarAp    = 0
#macroValidViaAp       = 0
#macroNoAp             = 0
[INFO DRT-0166] Complete pin access.
[INFO DRT-0267] cpu time = 00:46:54, elapsed time = 00:01:32, memory = 803.44 (MB), peak = 799.45 (MB)
[INFO DRT-0156] guideIn read 100000 guides.
[INFO DRT-0156] guideIn read 200000 guides.
[INFO DRT-0156] guideIn read 300000 guides.
[INFO DRT-0156] guideIn read 400000 guides.

[INFO DRT-0157] Number of guides:     474222

[INFO DRT-0169] Post process guides.
[INFO DRT-0176] GCELLGRID X 0 DO 186 STEP 570 ;
[INFO DRT-0177] GCELLGRID Y 0 DO 186 STEP 570 ;
[INFO DRT-0026]   Complete 100000 origin guides.
[INFO DRT-0026]   Complete 200000 origin guides.
[INFO DRT-0026]   Complete 300000 origin guides.
[INFO DRT-0026]   Complete 400000 origin guides.
[INFO DRT-0028]   Complete Active.
[INFO DRT-0028]   Complete V0.
[INFO DRT-0028]   Complete M1.
[INFO DRT-0028]   Complete V1.
[INFO DRT-0028]   Complete M2.
[INFO DRT-0028]   Complete V2.
[INFO DRT-0028]   Complete M3.
[INFO DRT-0028]   Complete V3.
[INFO DRT-0028]   Complete M4.
[INFO DRT-0028]   Complete V4.
[INFO DRT-0028]   Complete M5.
[INFO DRT-0028]   Complete V5.
[INFO DRT-0028]   Complete M6.
[INFO DRT-0028]   Complete V6.
[INFO DRT-0028]   Complete M7.
[INFO DRT-0028]   Complete V7.
[INFO DRT-0028]   Complete M8.
[INFO DRT-0028]   Complete V8.
[INFO DRT-0028]   Complete M9.
[INFO DRT-0028]   Complete V9.
[INFO DRT-0028]   Complete Pad.
[INFO DRT-0178] Init guide query.
[INFO DRT-0035]   Complete Active (guide).
[INFO DRT-0035]   Complete V0 (guide).
[INFO DRT-0035]   Complete M1 (guide).
[INFO DRT-0035]   Complete V1 (guide).
[INFO DRT-0035]   Complete M2 (guide).
[INFO DRT-0035]   Complete V2 (guide).
[INFO DRT-0035]   Complete M3 (guide).
[INFO DRT-0035]   Complete V3 (guide).
[INFO DRT-0035]   Complete M4 (guide).
[INFO DRT-0035]   Complete V4 (guide).
[INFO DRT-0035]   Complete M5 (guide).
[INFO DRT-0035]   Complete V5 (guide).
[INFO DRT-0035]   Complete M6 (guide).
[INFO DRT-0035]   Complete V6 (guide).
[INFO DRT-0035]   Complete M7 (guide).
[INFO DRT-0035]   Complete V7 (guide).
[INFO DRT-0035]   Complete M8 (guide).
[INFO DRT-0035]   Complete V8 (guide).
[INFO DRT-0035]   Complete M9 (guide).
[INFO DRT-0035]   Complete V9 (guide).
[INFO DRT-0035]   Complete Pad (guide).
[INFO DRT-0036] Active guide region query size = 0.
[INFO DRT-0036] V0 guide region query size = 0.
[INFO DRT-0036] M1 guide region query size = 162910.
[INFO DRT-0036] V1 guide region query size = 0.
[INFO DRT-0036] M2 guide region query size = 145223.
[INFO DRT-0036] V2 guide region query size = 0.
[INFO DRT-0036] M3 guide region query size = 74544.
[INFO DRT-0036] V3 guide region query size = 0.
[INFO DRT-0036] M4 guide region query size = 4775.
[INFO DRT-0036] V4 guide region query size = 0.
[INFO DRT-0036] M5 guide region query size = 1214.
[INFO DRT-0036] V5 guide region query size = 0.
[INFO DRT-0036] M6 guide region query size = 62.
[INFO DRT-0036] V6 guide region query size = 0.
[INFO DRT-0036] M7 guide region query size = 6.
[INFO DRT-0036] V7 guide region query size = 0.
[INFO DRT-0036] M8 guide region query size = 0.
[INFO DRT-0036] V8 guide region query size = 0.
[INFO DRT-0036] M9 guide region query size = 0.
[INFO DRT-0036] V9 guide region query size = 0.
[INFO DRT-0036] Pad guide region query size = 0.
[INFO DRT-0179] Init gr pin query.
[INFO DRT-0267] cpu time = 00:00:01, elapsed time = 00:00:00, memory = 948.49 (MB), peak = 944.20 (MB)
[INFO DRT-0245] skipped writing guide updates to database.
[INFO DRT-0185] Post process initialize RPin region query.
[INFO DRT-0181] Start track assignment.
[INFO DRT-0184] Done with 238674 vertical wires in 4 frboxes and 150060 horizontal wires in 4 frboxes.
[INFO DRT-0186] Done with 26558 vertical wires in 4 frboxes and 44170 horizontal wires in 4 frboxes.
[INFO DRT-0182] Complete track assignment.
[INFO DRT-0267] cpu time = 00:00:15, elapsed time = 00:00:04, memory = 2039.64 (MB), peak = 2034.31 (MB)
[INFO DRT-0187] Start routing data preparation.
[INFO DRT-0267] cpu time = 00:00:00, elapsed time = 00:00:00, memory = 2039.65 (MB), peak = 2034.31 (MB)
[INFO DRT-0194] Start detail routing.
[INFO DRT-0195] Start 0th optimization iteration.
    Completing 10% with 0 violations.
    elapsed time = 00:00:08, memory = 10699.26 (MB).
    Completing 20% with 0 violations.
    elapsed time = 00:00:15, memory = 13966.52 (MB).
    Completing 30% with 1929 violations.
    elapsed time = 00:00:24, memory = 15142.91 (MB).
    Completing 40% with 1929 violations.
    elapsed time = 00:00:34, memory = 15150.85 (MB).
    Completing 50% with 1929 violations.
    elapsed time = 00:00:42, memory = 12965.29 (MB).
    Completing 60% with 3780 violations.
    elapsed time = 00:00:56, memory = 16617.27 (MB).
    Completing 70% with 3780 violations.
    elapsed time = 00:01:08, memory = 17672.47 (MB).
    Completing 80% with 5130 violations.
    elapsed time = 00:01:22, memory = 18892.28 (MB).
    Completing 90% with 5130 violations.
    elapsed time = 00:01:37, memory = 19155.09 (MB).
    Completing 100% with 6498 violations.
    elapsed time = 00:01:51, memory = 13498.06 (MB).
[INFO DRT-0199]   Number of violations = 9341.
Viol/Layer          M1     M2     V2     M3     V3     M4     V4     M5
Cut Spacing          0      0      1      0      0      0      0      0
CutSpcTbl            0      0      0      0     51      0     19      0
EOL                  0    532      0     84      0     31      0      0
Metal Spacing      141    281      0    698      0     33      0      5
Recheck              1   1777      0    906      0    143      0     16
Rect Only            0     16      0      8      0      0      0      0
Short                0    813     17    203      5     27      4      8
eolKeepOut           0   3136      0    258      0    127      0      0
[INFO DRT-0267] cpu time = 00:51:09, elapsed time = 00:01:52, memory = 13574.97 (MB), peak = 19882.70 (MB)
Total wire length = 214905 um.
Total wire length on LAYER M1 = 0 um.
Total wire length on LAYER M2 = 62957 um.
Total wire length on LAYER M3 = 94850 um.
Total wire length on LAYER M4 = 45710 um.
Total wire length on LAYER M5 = 10328 um.
Total wire length on LAYER M6 = 971 um.
Total wire length on LAYER M7 = 86 um.
Total wire length on LAYER M8 = 0 um.
Total wire length on LAYER M9 = 0 um.
Total wire length on LAYER Pad = 0 um.
Total number of vias = 544789.
Up-via summary (total 544789):

-----------------
 Active         0
     M1    185738
     M2    301124
     M3     53210
     M4      4458
     M5       241
     M6        18
     M7         0
     M8         0
     M9         0
-----------------
       544789


[INFO DRT-0195] Start 1st optimization iteration.
    Completing 10% with 9341 violations.
    elapsed time = 00:00:12, memory = 20749.98 (MB).
    Completing 20% with 9341 violations.
    elapsed time = 00:00:24, memory = 20118.93 (MB).
    Completing 30% with 6917 violations.
    elapsed time = 00:00:37, memory = 20623.16 (MB).
    Completing 40% with 6917 violations.
    elapsed time = 00:00:50, memory = 21369.79 (MB).
    Completing 50% with 6917 violations.
    elapsed time = 00:01:00, memory = 17014.70 (MB).
    Completing 60% with 4799 violations.
    elapsed time = 00:01:16, memory = 21087.66 (MB).
    Completing 70% with 4799 violations.
    elapsed time = 00:01:28, memory = 21223.23 (MB).
    Completing 80% with 2611 violations.
    elapsed time = 00:01:42, memory = 21339.55 (MB).
    Completing 90% with 2611 violations.
    elapsed time = 00:01:56, memory = 21477.09 (MB).
    Completing 100% with 758 violations.
    elapsed time = 00:02:09, memory = 14652.34 (MB).
[INFO DRT-0199]   Number of violations = 778.
Viol/Layer          M1     M2     V2     M3     V3     M4     V4     M5
Cut Spacing          0      0      2      0      0      0      0      0
CutSpcTbl            0      0      0      0      9      0     12      0
EOL                  0     63      0      8      0      0      0      0
Metal Spacing       46     30      0    186      0      5      0      0
Recheck              0     11      0     10      0      1      0      0
Rect Only            0     28      0      4      0      0      0      0
Short                0     30      0     44      0      6      0      1
eolKeepOut           0    246      0     25      0      8      0      3
[INFO DRT-0267] cpu time = 00:59:30, elapsed time = 00:02:10, memory = 14647.95 (MB), peak = 22162.31 (MB)
Total wire length = 213105 um.
Total wire length on LAYER M1 = 0 um.
Total wire length on LAYER M2 = 60136 um.
Total wire length on LAYER M3 = 93970 um.
Total wire length on LAYER M4 = 47491 um.
Total wire length on LAYER M5 = 10406 um.
Total wire length on LAYER M6 = 1014 um.
Total wire length on LAYER M7 = 86 um.
Total wire length on LAYER M8 = 0 um.
Total wire length on LAYER M9 = 0 um.
Total wire length on LAYER Pad = 0 um.
Total number of vias = 527843.
Up-via summary (total 527843):

-----------------
 Active         0
     M1    185679
     M2    285830
     M3     51163
     M4      4833
     M5       322
     M6        16
     M7         0
     M8         0
     M9         0
-----------------
       527843


[INFO DRT-0195] Start 2nd optimization iteration.
    Completing 10% with 778 violations.
    elapsed time = 00:00:05, memory = 21837.59 (MB).
    Completing 20% with 778 violations.
    elapsed time = 00:00:11, memory = 21663.18 (MB).
    Completing 30% with 707 violations.
    elapsed time = 00:00:16, memory = 14649.27 (MB).
    Completing 40% with 707 violations.
    elapsed time = 00:00:25, memory = 22068.24 (MB).
    Completing 50% with 707 violations.
    elapsed time = 00:00:30, memory = 14649.27 (MB).
    Completing 60% with 669 violations.
    elapsed time = 00:00:37, memory = 21384.11 (MB).
    Completing 70% with 669 violations.
    elapsed time = 00:00:43, memory = 21266.68 (MB).
    Completing 80% with 547 violations.
    elapsed time = 00:00:49, memory = 14649.27 (MB).
    Completing 90% with 547 violations.
    elapsed time = 00:00:56, memory = 21716.67 (MB).
    Completing 100% with 451 violations.
    elapsed time = 00:01:04, memory = 14649.27 (MB).
[INFO DRT-0199]   Number of violations = 451.
Viol/Layer          M1     M2     V2     M3     V3     M4     V4     M5
CutSpcTbl            0      0      0      0     11      0      3      0
EOL                  0     31      0      2      0      2      0      1
Metal Spacing       38     14      0    105      0      4      0      0
Recheck              0      2      0      1      0      0      0      0
Rect Only            0     20      0      0      0      0      0      0
Short                0     16      2     35      0      6      0      0
eolKeepOut           0    132      0      8      0     15      0      3
[INFO DRT-0267] cpu time = 00:27:47, elapsed time = 00:01:05, memory = 14629.90 (MB), peak = 22306.72 (MB)
Total wire length = 212943 um.
Total wire length on LAYER M1 = 0 um.
Total wire length on LAYER M2 = 59891 um.
Total wire length on LAYER M3 = 93855 um.
Total wire length on LAYER M4 = 47594 um.
Total wire length on LAYER M5 = 10458 um.
Total wire length on LAYER M6 = 1058 um.
Total wire length on LAYER M7 = 85 um.
Total wire length on LAYER M8 = 0 um.
Total wire length on LAYER M9 = 0 um.
Total wire length on LAYER Pad = 0 um.
Total number of vias = 526872.
Up-via summary (total 526872):

-----------------
 Active         0
     M1    185679
     M2    284878
     M3     50941
     M4      4963
     M5       391
     M6        20
     M7         0
     M8         0
     M9         0
-----------------
       526872


[INFO DRT-0195] Start 3rd optimization iteration.
    Completing 10% with 451 violations.
    elapsed time = 00:00:00, memory = 14629.90 (MB).
    Completing 20% with 451 violations.
    elapsed time = 00:00:04, memory = 21891.27 (MB).
    Completing 30% with 304 violations.
    elapsed time = 00:00:09, memory = 14629.90 (MB).
    Completing 40% with 304 violations.
    elapsed time = 00:00:12, memory = 21827.35 (MB).
    Completing 50% with 304 violations.
    elapsed time = 00:00:14, memory = 17616.25 (MB).
    Completing 60% with 213 violations.
    elapsed time = 00:00:16, memory = 14629.90 (MB).
    Completing 70% with 213 violations.
    elapsed time = 00:00:19, memory = 21658.97 (MB).
    Completing 80% with 106 violations.
    elapsed time = 00:00:22, memory = 14629.90 (MB).
    Completing 90% with 106 violations.
    elapsed time = 00:00:22, memory = 14629.90 (MB).
    Completing 100% with 17 violations.
    elapsed time = 00:00:28, memory = 14629.90 (MB).
[INFO DRT-0199]   Number of violations = 17.
Viol/Layer          M2     M3
EOL                  1      0
Metal Spacing        2      5
Short                2      1
eolKeepOut           6      0
[INFO DRT-0267] cpu time = 00:10:36, elapsed time = 00:00:28, memory = 14629.99 (MB), peak = 22306.72 (MB)
Total wire length = 212961 um.
Total wire length on LAYER M1 = 0 um.
Total wire length on LAYER M2 = 59633 um.
Total wire length on LAYER M3 = 93780 um.
Total wire length on LAYER M4 = 47829 um.
Total wire length on LAYER M5 = 10544 um.
Total wire length on LAYER M6 = 1089 um.
Total wire length on LAYER M7 = 84 um.
Total wire length on LAYER M8 = 0 um.
Total wire length on LAYER M9 = 0 um.
Total wire length on LAYER Pad = 0 um.
Total number of vias = 526984.
Up-via summary (total 526984):

-----------------
 Active         0
     M1    185679
     M2    284298
     M3     51437
     M4      5115
     M5       435
     M6        20
     M7         0
     M8         0
     M9         0
-----------------
       526984


[INFO DRT-0195] Start 4th guides tiles iteration.
    Completing 10% with 17 violations.
    elapsed time = 00:00:00, memory = 15359.82 (MB).
    Completing 20% with 17 violations.
    elapsed time = 00:00:00, memory = 15091.11 (MB).
    Completing 30% with 17 violations.
    elapsed time = 00:00:00, memory = 14959.50 (MB).
    Completing 40% with 17 violations.
    elapsed time = 00:00:01, memory = 14629.99 (MB).
    Completing 50% with 9 violations.
    elapsed time = 00:00:01, memory = 14629.99 (MB).
    Completing 60% with 9 violations.
    elapsed time = 00:00:02, memory = 14767.85 (MB).
    Completing 70% with 8 violations.
    elapsed time = 00:00:02, memory = 14806.38 (MB).
    Completing 80% with 8 violations.
    elapsed time = 00:00:02, memory = 14629.99 (MB).
    Completing 90% with 7 violations.
    elapsed time = 00:00:03, memory = 14629.99 (MB).
    Completing 100% with 1 violations.
    elapsed time = 00:00:04, memory = 14629.99 (MB).
[INFO DRT-0199]   Number of violations = 1.
Viol/Layer          M3
Metal Spacing        1
[INFO DRT-0267] cpu time = 00:00:12, elapsed time = 00:00:04, memory = 14630.00 (MB), peak = 22306.72 (MB)
Total wire length = 212961 um.
Total wire length on LAYER M1 = 0 um.
Total wire length on LAYER M2 = 59631 um.
Total wire length on LAYER M3 = 93779 um.
Total wire length on LAYER M4 = 47830 um.
Total wire length on LAYER M5 = 10544 um.
Total wire length on LAYER M6 = 1090 um.
Total wire length on LAYER M7 = 84 um.
Total wire length on LAYER M8 = 0 um.
Total wire length on LAYER M9 = 0 um.
Total wire length on LAYER Pad = 0 um.
Total number of vias = 526987.
Up-via summary (total 526987):

-----------------
 Active         0
     M1    185679
     M2    284292
     M3     51443
     M4      5115
     M5       438
     M6        20
     M7         0
     M8         0
     M9         0
-----------------
       526987


[INFO DRT-0195] Start 5th guides tiles iteration.
    Completing 50% with 1 violations.
    elapsed time = 00:00:00, memory = 14630.00 (MB).
    Completing 100% with 0 violations.
    elapsed time = 00:00:00, memory = 14630.00 (MB).
[INFO DRT-0199]   Number of violations = 0.
[INFO DRT-0267] cpu time = 00:00:01, elapsed time = 00:00:00, memory = 14630.13 (MB), peak = 22306.72 (MB)
Total wire length = 212961 um.
Total wire length on LAYER M1 = 0 um.
Total wire length on LAYER M2 = 59631 um.
Total wire length on LAYER M3 = 93779 um.
Total wire length on LAYER M4 = 47830 um.
Total wire length on LAYER M5 = 10544 um.
Total wire length on LAYER M6 = 1090 um.
Total wire length on LAYER M7 = 84 um.
Total wire length on LAYER M8 = 0 um.
Total wire length on LAYER M9 = 0 um.
Total wire length on LAYER Pad = 0 um.
Total number of vias = 526986.
Up-via summary (total 526986):

-----------------
 Active         0
     M1    185679
     M2    284292
     M3     51442
     M4      5115
     M5       438
     M6        20
     M7         0
     M8         0
     M9         0
-----------------
       526986


[INFO DRT-0198] Complete detail routing.
Total wire length = 212961 um.
Total wire length on LAYER M1 = 0 um.
Total wire length on LAYER M2 = 59631 um.
Total wire length on LAYER M3 = 93779 um.
Total wire length on LAYER M4 = 47830 um.
Total wire length on LAYER M5 = 10544 um.
Total wire length on LAYER M6 = 1090 um.
Total wire length on LAYER M7 = 84 um.
Total wire length on LAYER M8 = 0 um.
Total wire length on LAYER M9 = 0 um.
Total wire length on LAYER Pad = 0 um.
Total number of vias = 526986.
Up-via summary (total 526986):

-----------------
 Active         0
     M1    185679
     M2    284292
     M3     51442
     M4      5115
     M5       438
     M6        20
     M7         0
     M8         0
     M9         0
-----------------
       526986


[INFO DRT-0267] cpu time = 02:29:18, elapsed time = 00:05:43, memory = 14630.13 (MB), peak = 22306.72 (MB)

[INFO DRT-0180] Post processing.
Took 442 seconds: detailed_route -output_drc ./reports/asap7/ethmac/modified_alpha_130-beta_0.1/5_route_drc.rpt -output_maze ./results/asap7/ethmac/modified_alpha_130-beta_0.1/maze.log -droute_end_iter 64 -verbose 1 -drc_report_iter_step 5
[WARNING GRT-0246] No diode with LEF class CORE ANTENNACELL found.
[INFO ANT-0002] Found 0 net violations.
[INFO ANT-0001] Found 0 pin violations.
[INFO ANT-0002] Found 0 net violations.
[INFO ANT-0001] Found 0 pin violations.
write_db ./results/asap7/ethmac/modified_alpha_130-beta_0.1/5_2_route.odb
Elapsed time: 7:28.31[h:]min:sec. CPU time: user 11639.35 sys 224.22 (2646%). Peak memory: 22842080KB.
Log                        Elapsed/s Peak Memory/MB  sha1sum .odb [0:20)
5_2_route                        448          22306 62513fcb1b383eb1b537
