OpenROAD ee3d65ce03b2656092ed62bf9205c5c11049c575 
Features included (+) or not (-): +GPU +GUI +Python
This program is licensed under the BSD-3 license. See the LICENSE file for details.
Components of this program may be licensed under more restrictive licenses which must be honored.
[INFO ORD-0030] Using 32 thread(s).
source /home/lucast/workspace/OR-flow-TCC/flow/platforms/asap7/liberty_suppressions.tcl
read_liberty /home/lucast/workspace/OR-flow-TCC/flow/platforms/asap7/lib/NLDM/asap7sc7p5t_AO_RVT_FF_nldm_211120.lib.gz
read_liberty /home/lucast/workspace/OR-flow-TCC/flow/platforms/asap7/lib/NLDM/asap7sc7p5t_INVBUF_RVT_FF_nldm_220122.lib.gz
read_liberty /home/lucast/workspace/OR-flow-TCC/flow/platforms/asap7/lib/NLDM/asap7sc7p5t_OA_RVT_FF_nldm_211120.lib.gz
read_liberty /home/lucast/workspace/OR-flow-TCC/flow/platforms/asap7/lib/NLDM/asap7sc7p5t_SIMPLE_RVT_FF_nldm_211120.lib.gz
read_liberty /home/lucast/workspace/OR-flow-TCC/flow/platforms/asap7/lib/NLDM/asap7sc7p5t_SEQ_RVT_FF_nldm_220123.lib
read_liberty /home/lucast/workspace/OR-flow-TCC/flow/platforms/asap7/lib/NLDM/asap7sc7p5t_DFFHQNH2V2X_RVT_TT_nldm_FAKE.lib
read_liberty /home/lucast/workspace/OR-flow-TCC/flow/platforms/asap7/lib/NLDM/asap7sc7p5t_DFFHQNV2X_RVT_TT_nldm_FAKE.lib
read_db ./results/asap7/ethmac/modified_alpha_130-beta_0.1/6_1_fill.odb
source /home/lucast/workspace/OR-flow-TCC/flow/platforms/asap7/setRC.tcl
write_db ./results/asap7/ethmac/modified_alpha_130-beta_0.1/6_final.odb
Deleted 0 routing obstructions
Warning: master DFFHQNH2V2Xx1_ASAP7_75t_L has signal pins but no liberty cell
Warning: master DFFHQNH2V2Xx1_ASAP7_75t_SL has signal pins but no liberty cell
Warning: master DFFHQNH2V2Xx2_ASAP7_75t_L has signal pins but no liberty cell
Warning: master DFFHQNH2V2Xx2_ASAP7_75t_SL has signal pins but no liberty cell
Warning: master DFFHQNH2V2Xx3_ASAP7_75t_L has signal pins but no liberty cell
Warning: master DFFHQNH2V2Xx3_ASAP7_75t_SL has signal pins but no liberty cell
Warning: master DFFHQNV2Xx1_ASAP7_75t_L has signal pins but no liberty cell
Warning: master DFFHQNV2Xx1_ASAP7_75t_SL has signal pins but no liberty cell
Warning: master DFFHQNV2Xx2_ASAP7_75t_L has signal pins but no liberty cell
Warning: master DFFHQNV2Xx2_ASAP7_75t_SL has signal pins but no liberty cell
Warning: master DFFHQNV2Xx3_ASAP7_75t_L has signal pins but no liberty cell
Warning: master DFFHQNV2Xx3_ASAP7_75t_SL has signal pins but no liberty cell
[INFO RCX-0431] Defined process_corner X with ext_model_index 0
[INFO RCX-0029] Defined extraction corner X
[INFO RCX-0435] Reading extraction model file /home/lucast/workspace/OR-flow-TCC/flow/platforms/asap7/rcx_patterns.rules ...
[INFO RCX-0436] RC segment generation ethmac (max_merge_res 50.0) ...
[INFO RCX-0040] Final 406811 rc segments
[INFO RCX-0439] Coupling Cap extraction ethmac ...
[INFO RCX-0440] Coupling threshhold is 0.1000 fF, coupling capacitance less than 0.1000 fF will be grounded.
[INFO RCX-0442] 19% of 424124 wires extracted
[INFO RCX-0442] 56% of 424124 wires extracted
[INFO RCX-0442] 69% of 424124 wires extracted
[INFO RCX-0442] 100% of 424124 wires extracted
[INFO RCX-0045] Extract 58941 nets, 465692 rsegs, 465692 caps, 621646 ccs
[INFO RCX-0443] 58941 nets finished
[INFO PSM-0040] All shapes on net VDD are connected.
########## IR report #################
Net              : VDD
Corner           : default
Total power      : 6.74e-02 W
Supply voltage   : 7.70e-01 V
Worstcase voltage: 7.61e-01 V
Average voltage  : 7.69e-01 V
Average IR drop  : 1.31e-03 V
Worstcase IR drop: 8.71e-03 V
Percentage drop  : 1.13 %
######################################
[INFO PSM-0040] All shapes on net VSS are connected.
########## IR report #################
Net              : VSS
Corner           : default
Total power      : 6.74e-02 W
Supply voltage   : 0.00e+00 V
Worstcase voltage: 7.95e-03 V
Average voltage  : 1.31e-03 V
Average IR drop  : 1.31e-03 V
Worstcase IR drop: 7.95e-03 V
Percentage drop  : 1.03 %
######################################
Cell type report:                       Count       Area
  Fill cell                             45627    2698.28
  Tap cell                               1516      44.21
  Tie cell                               1245      54.46
  Clock buffer                            389     135.07
  Timing Repair Buffer                   5836     508.77
  Inverter                               1797      79.50
  Clock inverter                           41       6.14
  Sequential cell                        3621    3183.78
  Multi-Input combinational cell        38997    3733.60
  Total                                 99069   10443.80
Report metrics stage 6, finish...

==========================================================================
finish report_design_area
--------------------------------------------------------------------------
Design area 7746 um^2 74% utilization.
Elapsed time: 0:36.62[h:]min:sec. CPU time: user 46.56 sys 22.58 (188%). Peak memory: 1485724KB.
Log                        Elapsed/s Peak Memory/MB  sha1sum .odb [0:20)
6_report                          36           1450                  N/A
