
==========================================================================
cts final report_tns
--------------------------------------------------------------------------
tns max -515.43

==========================================================================
cts final report_wns
--------------------------------------------------------------------------
wns max -21.56

==========================================================================
cts final report_worst_slack
--------------------------------------------------------------------------
worst slack max -21.56

==========================================================================
cts final report_clock_min_period
--------------------------------------------------------------------------
clk period_min = 249.57 fmax = 4006.82

==========================================================================
cts final report_clock_skew
--------------------------------------------------------------------------
Clock clk
  42.31 source latency index[0]$_DFFE_PP_/CLK ^
 -39.17 target latency rd_out[19]$_DFFE_PP_/CLK ^
  -0.84 CRPR
--------------
   2.29 setup skew


==========================================================================
cts final report_checks -path_delay min
--------------------------------------------------------------------------
Startpoint: rd_out[21]$_DFFE_PP_
            (rising edge-triggered flip-flop clocked by clk)
Endpoint: rd_out[21]$_DFFE_PP_ (rising edge-triggered flip-flop clocked by clk)
Path Group: reg2reg
Path Type: min

Fanout     Cap    Slew   Delay    Time   Description
-----------------------------------------------------------------------------
                          0.00    0.00   clock clk (rise edge)
                          0.00    0.00   clock source latency
     1    2.74    0.00    0.00    0.00 ^ clk (in)
                                         clk (net)
                  2.86    0.90    0.90 ^ clkbuf_0_clk/A (BUFx8_ASAP7_75t_R)
     8    9.30   13.70   17.78   18.68 ^ clkbuf_0_clk/Y (BUFx8_ASAP7_75t_R)
                                         clknet_0_clk (net)
                 13.85    0.81   19.48 ^ clkbuf_3_6__f_clk/A (BUFx8_ASAP7_75t_R)
     6    4.77    9.12   19.56   39.04 ^ clkbuf_3_6__f_clk/Y (BUFx8_ASAP7_75t_R)
                                         clknet_3_6__leaf_clk (net)
                  9.14    0.19   39.23 ^ rd_out[21]$_DFFE_PP_/CLK (DFFHQNx1_ASAP7_75t_R)
     1    0.59   11.49   34.47   73.70 ^ rd_out[21]$_DFFE_PP_/QN (DFFHQNx1_ASAP7_75t_R)
                                         _004_ (net)
                 11.49    0.03   73.73 ^ _398_/A (INVx1_ASAP7_75t_R)
     2    1.09    8.43    7.20   80.93 v _398_/Y (INVx1_ASAP7_75t_R)
                                         net56 (net)
                  8.43    0.04   80.97 v _704_/A1 (OA21x2_ASAP7_75t_R)
     1    0.64    4.39   16.33   97.30 v _704_/Y (OA21x2_ASAP7_75t_R)
                                         _189_ (net)
                  4.39    0.03   97.33 v rd_out[21]$_DFFE_PP_/D (DFFHQNx1_ASAP7_75t_R)
                                 97.33   data arrival time

                          0.00    0.00   clock clk (rise edge)
                          0.00    0.00   clock source latency
     1    2.95    0.00    0.00    0.00 ^ clk (in)
                                         clk (net)
                  3.20    1.01    1.01 ^ clkbuf_0_clk/A (BUFx8_ASAP7_75t_R)
     8   10.96   15.12   18.51   19.52 ^ clkbuf_0_clk/Y (BUFx8_ASAP7_75t_R)
                                         clknet_0_clk (net)
                 15.31    0.96   20.48 ^ clkbuf_3_6__f_clk/A (BUFx8_ASAP7_75t_R)
     6    5.99   10.15   20.56   41.04 ^ clkbuf_3_6__f_clk/Y (BUFx8_ASAP7_75t_R)
                                         clknet_3_6__leaf_clk (net)
                 10.17    0.23   41.27 ^ rd_out[21]$_DFFE_PP_/CLK (DFFHQNx1_ASAP7_75t_R)
                         -2.04   39.23   clock reconvergence pessimism
                         11.32   50.55   library hold time
                                 50.55   data required time
-----------------------------------------------------------------------------
                                 50.55   data required time
                                -97.33   data arrival time
-----------------------------------------------------------------------------
                                 46.78   slack (MET)


Startpoint: _tray_size4_186 (rising edge-triggered flip-flop clocked by clk)
Endpoint: _tray_size4_186 (rising edge-triggered flip-flop clocked by clk)
Path Group: clk
Path Type: min

Fanout     Cap    Slew   Delay    Time   Description
-----------------------------------------------------------------------------
                          0.00    0.00   clock clk (rise edge)
                          0.00    0.00   clock source latency
     1    2.74    0.00    0.00    0.00 ^ clk (in)
                                         clk (net)
                  2.86    0.90    0.90 ^ clkbuf_0_clk/A (BUFx8_ASAP7_75t_R)
     8    9.30   13.70   17.78   18.68 ^ clkbuf_0_clk/Y (BUFx8_ASAP7_75t_R)
                                         clknet_0_clk (net)
                 13.95    1.02   19.69 ^ clkbuf_3_3__f_clk/A (BUFx8_ASAP7_75t_R)
     8    5.26    9.56   19.79   39.48 ^ clkbuf_3_3__f_clk/Y (BUFx8_ASAP7_75t_R)
                                         clknet_3_3__leaf_clk (net)
                  9.58    0.21   39.69 ^ _tray_size4_186/CLK (DFFHQNH2V2Xx1_ASAP7_75t_R)
     1    0.53   15.65   47.15   86.85 ^ _tray_size4_186/QN0 (DFFHQNH2V2Xx1_ASAP7_75t_R)
                                         _006_ (net)
                 15.65    0.02   86.86 ^ _400_/A (INVx1_ASAP7_75t_R)
     2    1.02    9.08    7.78   94.64 v _400_/Y (INVx1_ASAP7_75t_R)
                                         net58 (net)
                  9.08    0.03   94.67 v _696_/A1 (OA21x2_ASAP7_75t_R)
     1    0.71    4.57   16.60  111.27 v _696_/Y (OA21x2_ASAP7_75t_R)
                                         _187_ (net)
                  4.57    0.05  111.31 v _tray_size4_186/D0 (DFFHQNH2V2Xx1_ASAP7_75t_R)
                                111.31   data arrival time

                          0.00    0.00   clock clk (rise edge)
                          0.00    0.00   clock source latency
     1    2.95    0.00    0.00    0.00 ^ clk (in)
                                         clk (net)
                  3.20    1.01    1.01 ^ clkbuf_0_clk/A (BUFx8_ASAP7_75t_R)
     8   10.96   15.12   18.51   19.52 ^ clkbuf_0_clk/Y (BUFx8_ASAP7_75t_R)
                                         clknet_0_clk (net)
                 15.44    1.21   20.73 ^ clkbuf_3_3__f_clk/A (BUFx8_ASAP7_75t_R)
     8    6.36   10.54   20.73   41.46 ^ clkbuf_3_3__f_clk/Y (BUFx8_ASAP7_75t_R)
                                         clknet_3_3__leaf_clk (net)
                 10.56    0.26   41.72 ^ _tray_size4_186/CLK (DFFHQNH2V2Xx1_ASAP7_75t_R)
                         -2.03   39.69   clock reconvergence pessimism
                         12.82   52.52   library hold time
                                 52.52   data required time
-----------------------------------------------------------------------------
                                 52.52   data required time
                               -111.31   data arrival time
-----------------------------------------------------------------------------
                                 58.80   slack (MET)



==========================================================================
cts final report_checks -path_delay max
--------------------------------------------------------------------------
Startpoint: addr_in[6] (input port)
Endpoint: index[0]$_DFFE_PP_ (rising edge-triggered flip-flop clocked by clk)
Path Group: in2reg
Path Type: max

Fanout     Cap    Slew   Delay    Time   Description
-----------------------------------------------------------------------------
                          0.00    0.00 v input external delay
     1    1.59    0.00    0.00    0.00 v addr_in[6] (in)
                                         addr_in[6] (net)
                  0.27    0.08    0.08 v input7/A (BUFx6f_ASAP7_75t_R)
     1    1.22    4.31    9.09    9.18 v input7/Y (BUFx6f_ASAP7_75t_R)
                                         net7 (net)
                  4.31    0.07    9.25 v _676_/B (XOR2x2_ASAP7_75t_R)
     1    1.16    8.04   23.01   32.26 ^ _676_/Y (XOR2x2_ASAP7_75t_R)
                                         _358_ (net)
                  8.04    0.06   32.31 ^ _678_/A (XNOR2x2_ASAP7_75t_R)
     1    1.26    8.02   24.94   57.25 v _678_/Y (XNOR2x2_ASAP7_75t_R)
                                         _360_ (net)
                  8.03    0.08   57.33 v _682_/A (XNOR2x2_ASAP7_75t_R)
     1    1.63    9.45   21.66   78.99 ^ _682_/Y (XNOR2x2_ASAP7_75t_R)
                                         _364_ (net)
                  9.48    0.25   79.24 ^ _684_/A1 (OA21x2_ASAP7_75t_R)
     1    0.78    6.84   15.93   95.17 ^ _684_/Y (OA21x2_ASAP7_75t_R)
                                         _184_ (net)
                  6.84    0.05   95.22 ^ index[0]$_DFFE_PP_/D (DFFHQNx1_ASAP7_75t_R)
                                 95.22   data arrival time

                         80.00   80.00   max_delay
                         -6.35   73.65   library setup time
                                 73.65   data required time
-----------------------------------------------------------------------------
                                 73.65   data required time
                                -95.22   data arrival time
-----------------------------------------------------------------------------
                                -21.56   slack (VIOLATED)


Startpoint: rd_out[19]$_DFFE_PP_
            (rising edge-triggered flip-flop clocked by clk)
Endpoint: rd_out[19] (output port)
Path Group: reg2out
Path Type: max

Fanout     Cap    Slew   Delay    Time   Description
-----------------------------------------------------------------------------
                 10.16    0.00    0.00 ^ rd_out[19]$_DFFE_PP_/CLK (DFFHQNx1_ASAP7_75t_R)
     1    0.80   12.85   35.73   35.73 ^ rd_out[19]$_DFFE_PP_/QN (DFFHQNx1_ASAP7_75t_R)
                                         _002_ (net)
                 12.85    0.04   35.77 ^ _396_/A (INVx1_ASAP7_75t_R)
     2    1.44   10.38    8.53   44.30 v _396_/Y (INVx1_ASAP7_75t_R)
                                         net53 (net)
                 10.38    0.06   44.36 v output53/A (BUFx2_ASAP7_75t_R)
     1    0.22    4.11   13.27   57.63 v output53/Y (BUFx2_ASAP7_75t_R)
                                         rd_out[19] (net)
                  4.11    0.01   57.64 v rd_out[19] (out)
                                 57.64   data arrival time

                         80.00   80.00   max_delay
                          0.00   80.00   output external delay
                                 80.00   data required time
-----------------------------------------------------------------------------
                                 80.00   data required time
                                -57.64   data arrival time
-----------------------------------------------------------------------------
                                 22.36   slack (MET)


Startpoint: index[0]$_DFFE_PP_ (rising edge-triggered flip-flop clocked by clk)
Endpoint: mem[1][5]$_DFFE_PP_ (rising edge-triggered flip-flop clocked by clk)
Path Group: reg2reg
Path Type: max

Fanout     Cap    Slew   Delay    Time   Description
-----------------------------------------------------------------------------
                          0.00    0.00   clock clk (rise edge)
                          0.00    0.00   clock source latency
     1    2.95    0.00    0.00    0.00 ^ clk (in)
                                         clk (net)
                  3.20    1.01    1.01 ^ clkbuf_0_clk/A (BUFx8_ASAP7_75t_R)
     8   10.96   15.12   18.51   19.52 ^ clkbuf_0_clk/Y (BUFx8_ASAP7_75t_R)
                                         clknet_0_clk (net)
                 15.84    1.76   21.28 ^ clkbuf_3_7__f_clk/A (BUFx8_ASAP7_75t_R)
     7    6.20   10.41   20.78   42.06 ^ clkbuf_3_7__f_clk/Y (BUFx8_ASAP7_75t_R)
                                         clknet_3_7__leaf_clk (net)
                 10.43    0.25   42.31 ^ index[0]$_DFFE_PP_/CLK (DFFHQNx1_ASAP7_75t_R)
     1    0.91   13.80   34.76   77.07 v index[0]$_DFFE_PP_/QN (DFFHQNx1_ASAP7_75t_R)
                                         _009_ (net)
                 13.80    0.06   77.13 v place104/A (BUFx3_ASAP7_75t_R)
    35   29.77   58.47   34.33  111.46 v place104/Y (BUFx3_ASAP7_75t_R)
                                         net104 (net)
                 64.15    9.59  121.05 v _429_/A (INVx3_ASAP7_75t_R)
    34   29.76   76.30   46.27  167.32 ^ _429_/Y (INVx3_ASAP7_75t_R)
                                         _198_ (net)
                 78.93    7.70  175.02 ^ _574_/A (AND3x4_ASAP7_75t_R)
     7   18.18   37.82   43.32  218.35 ^ _574_/Y (AND3x4_ASAP7_75t_R)
                                         _295_ (net)
                 39.81    4.66  223.00 ^ place90/A (BUFx12f_ASAP7_75t_R)
     8   11.08   11.24   20.67  243.67 ^ place90/Y (BUFx12f_ASAP7_75t_R)
                                         net90 (net)
                 11.45    0.83  244.50 ^ _632_/B (NOR2x1p5_ASAP7_75t_R)
     1    0.88   10.53    6.74  251.23 v _632_/Y (NOR2x1p5_ASAP7_75t_R)
                                         _328_ (net)
                 10.53    0.06  251.29 v _633_/B (AO21x2_ASAP7_75t_R)
     1    0.76    6.38   18.24  269.53 v _633_/Y (AO21x2_ASAP7_75t_R)
                                         _170_ (net)
                  6.38    0.04  269.57 v mem[1][5]$_DFFE_PP_/D (DFFHQNx1_ASAP7_75t_R)
                                269.57   data arrival time

                       1660.00 1660.00   clock clk (rise edge)
                          0.00 1660.00   clock source latency
     1    2.74    0.00    0.00 1660.00 ^ clk (in)
                                         clk (net)
                  2.86    0.90 1660.90 ^ clkbuf_0_clk/A (BUFx8_ASAP7_75t_R)
     8    9.30   13.70   17.78 1678.68 ^ clkbuf_0_clk/Y (BUFx8_ASAP7_75t_R)
                                         clknet_0_clk (net)
                 14.33    1.56 1680.23 ^ clkbuf_3_0__f_clk/A (BUFx8_ASAP7_75t_R)
    10    5.36    9.62   19.96 1700.19 ^ clkbuf_3_0__f_clk/Y (BUFx8_ASAP7_75t_R)
                                         clknet_3_0__leaf_clk (net)
                  9.65    0.26 1700.45 ^ mem[1][5]$_DFFE_PP_/CLK (DFFHQNx1_ASAP7_75t_R)
                          0.84 1701.29   clock reconvergence pessimism
                         -2.51 1698.78   library setup time
                               1698.78   data required time
-----------------------------------------------------------------------------
                               1698.78   data required time
                               -269.57   data arrival time
-----------------------------------------------------------------------------
                               1429.21   slack (MET)


Startpoint: index[0]$_DFFE_PP_ (rising edge-triggered flip-flop clocked by clk)
Endpoint: _tray_size2_180 (rising edge-triggered flip-flop clocked by clk)
Path Group: clk
Path Type: max

Fanout     Cap    Slew   Delay    Time   Description
-----------------------------------------------------------------------------
                          0.00    0.00   clock clk (rise edge)
                          0.00    0.00   clock source latency
     1    2.95    0.00    0.00    0.00 ^ clk (in)
                                         clk (net)
                  3.20    1.01    1.01 ^ clkbuf_0_clk/A (BUFx8_ASAP7_75t_R)
     8   10.96   15.12   18.51   19.52 ^ clkbuf_0_clk/Y (BUFx8_ASAP7_75t_R)
                                         clknet_0_clk (net)
                 15.84    1.76   21.28 ^ clkbuf_3_7__f_clk/A (BUFx8_ASAP7_75t_R)
     7    6.20   10.41   20.78   42.06 ^ clkbuf_3_7__f_clk/Y (BUFx8_ASAP7_75t_R)
                                         clknet_3_7__leaf_clk (net)
                 10.43    0.25   42.31 ^ index[0]$_DFFE_PP_/CLK (DFFHQNx1_ASAP7_75t_R)
     1    0.91   13.55   36.27   78.58 ^ index[0]$_DFFE_PP_/QN (DFFHQNx1_ASAP7_75t_R)
                                         _009_ (net)
                 13.56    0.06   78.64 ^ place104/A (BUFx3_ASAP7_75t_R)
    35   30.17   69.25   36.68  115.32 ^ place104/Y (BUFx3_ASAP7_75t_R)
                                         net104 (net)
                 74.23    9.88  125.20 ^ _429_/A (INVx3_ASAP7_75t_R)
    34   29.50   69.75   43.03  168.23 v _429_/Y (INVx3_ASAP7_75t_R)
                                         _198_ (net)
                 72.57    7.60  175.83 v _574_/A (AND3x4_ASAP7_75t_R)
     7   18.16   32.02   43.41  219.23 v _574_/Y (AND3x4_ASAP7_75t_R)
                                         _295_ (net)
                 33.41    3.63  222.86 v place88/A (BUFx12f_ASAP7_75t_R)
     7    8.33    8.76   20.49  243.35 v place88/Y (BUFx12f_ASAP7_75t_R)
                                         net88 (net)
                  8.78    0.22  243.57 v rebuffer120/A (BUFx3_ASAP7_75t_R)
     4    4.92   11.81   16.83  260.40 v rebuffer120/Y (BUFx3_ASAP7_75t_R)
                                         net120 (net)
                 11.83    0.21  260.61 v _590_/B (NOR2x1p5_ASAP7_75t_R)
     1    0.72   10.45    7.33  267.94 ^ _590_/Y (NOR2x1p5_ASAP7_75t_R)
                                         _305_ (net)
                 10.45    0.03  267.97 ^ _591_/B (AO21x2_ASAP7_75t_R)
     1    0.80    6.58   12.49  280.47 ^ _591_/Y (AO21x2_ASAP7_75t_R)
                                         _151_ (net)
                  6.58    0.05  280.52 ^ _tray_size2_180/D0 (DFFHQNV2Xx1_ASAP7_75t_R)
                                280.52   data arrival time

                       1660.00 1660.00   clock clk (rise edge)
                          0.00 1660.00   clock source latency
     1    2.74    0.00    0.00 1660.00 ^ clk (in)
                                         clk (net)
                  2.86    0.90 1660.90 ^ clkbuf_0_clk/A (BUFx8_ASAP7_75t_R)
     8    9.30   13.70   17.78 1678.68 ^ clkbuf_0_clk/Y (BUFx8_ASAP7_75t_R)
                                         clknet_0_clk (net)
                 13.96    1.03 1679.71 ^ clkbuf_3_1__f_clk/A (BUFx8_ASAP7_75t_R)
     9    5.34    9.63   19.83 1699.54 ^ clkbuf_3_1__f_clk/Y (BUFx8_ASAP7_75t_R)
                                         clknet_3_1__leaf_clk (net)
                  9.66    0.28 1699.82 ^ _tray_size2_180/CLK (DFFHQNV2Xx1_ASAP7_75t_R)
                          0.84 1700.67   clock reconvergence pessimism
                         -9.72 1690.95   library setup time
                               1690.95   data required time
-----------------------------------------------------------------------------
                               1690.95   data required time
                               -280.52   data arrival time
-----------------------------------------------------------------------------
                               1410.43   slack (MET)



==========================================================================
cts final report_checks -unconstrained
--------------------------------------------------------------------------
Startpoint: addr_in[6] (input port)
Endpoint: index[0]$_DFFE_PP_ (rising edge-triggered flip-flop clocked by clk)
Path Group: in2reg
Path Type: max

Fanout     Cap    Slew   Delay    Time   Description
-----------------------------------------------------------------------------
                          0.00    0.00 v input external delay
     1    1.59    0.00    0.00    0.00 v addr_in[6] (in)
                                         addr_in[6] (net)
                  0.27    0.08    0.08 v input7/A (BUFx6f_ASAP7_75t_R)
     1    1.22    4.31    9.09    9.18 v input7/Y (BUFx6f_ASAP7_75t_R)
                                         net7 (net)
                  4.31    0.07    9.25 v _676_/B (XOR2x2_ASAP7_75t_R)
     1    1.16    8.04   23.01   32.26 ^ _676_/Y (XOR2x2_ASAP7_75t_R)
                                         _358_ (net)
                  8.04    0.06   32.31 ^ _678_/A (XNOR2x2_ASAP7_75t_R)
     1    1.26    8.02   24.94   57.25 v _678_/Y (XNOR2x2_ASAP7_75t_R)
                                         _360_ (net)
                  8.03    0.08   57.33 v _682_/A (XNOR2x2_ASAP7_75t_R)
     1    1.63    9.45   21.66   78.99 ^ _682_/Y (XNOR2x2_ASAP7_75t_R)
                                         _364_ (net)
                  9.48    0.25   79.24 ^ _684_/A1 (OA21x2_ASAP7_75t_R)
     1    0.78    6.84   15.93   95.17 ^ _684_/Y (OA21x2_ASAP7_75t_R)
                                         _184_ (net)
                  6.84    0.05   95.22 ^ index[0]$_DFFE_PP_/D (DFFHQNx1_ASAP7_75t_R)
                                 95.22   data arrival time

                         80.00   80.00   max_delay
                         -6.35   73.65   library setup time
                                 73.65   data required time
-----------------------------------------------------------------------------
                                 73.65   data required time
                                -95.22   data arrival time
-----------------------------------------------------------------------------
                                -21.56   slack (VIOLATED)


Startpoint: rd_out[19]$_DFFE_PP_
            (rising edge-triggered flip-flop clocked by clk)
Endpoint: rd_out[19] (output port)
Path Group: reg2out
Path Type: max

Fanout     Cap    Slew   Delay    Time   Description
-----------------------------------------------------------------------------
                 10.16    0.00    0.00 ^ rd_out[19]$_DFFE_PP_/CLK (DFFHQNx1_ASAP7_75t_R)
     1    0.80   12.85   35.73   35.73 ^ rd_out[19]$_DFFE_PP_/QN (DFFHQNx1_ASAP7_75t_R)
                                         _002_ (net)
                 12.85    0.04   35.77 ^ _396_/A (INVx1_ASAP7_75t_R)
     2    1.44   10.38    8.53   44.30 v _396_/Y (INVx1_ASAP7_75t_R)
                                         net53 (net)
                 10.38    0.06   44.36 v output53/A (BUFx2_ASAP7_75t_R)
     1    0.22    4.11   13.27   57.63 v output53/Y (BUFx2_ASAP7_75t_R)
                                         rd_out[19] (net)
                  4.11    0.01   57.64 v rd_out[19] (out)
                                 57.64   data arrival time

                         80.00   80.00   max_delay
                          0.00   80.00   output external delay
                                 80.00   data required time
-----------------------------------------------------------------------------
                                 80.00   data required time
                                -57.64   data arrival time
-----------------------------------------------------------------------------
                                 22.36   slack (MET)


Startpoint: index[0]$_DFFE_PP_ (rising edge-triggered flip-flop clocked by clk)
Endpoint: mem[1][5]$_DFFE_PP_ (rising edge-triggered flip-flop clocked by clk)
Path Group: reg2reg
Path Type: max

Fanout     Cap    Slew   Delay    Time   Description
-----------------------------------------------------------------------------
                          0.00    0.00   clock clk (rise edge)
                          0.00    0.00   clock source latency
     1    2.95    0.00    0.00    0.00 ^ clk (in)
                                         clk (net)
                  3.20    1.01    1.01 ^ clkbuf_0_clk/A (BUFx8_ASAP7_75t_R)
     8   10.96   15.12   18.51   19.52 ^ clkbuf_0_clk/Y (BUFx8_ASAP7_75t_R)
                                         clknet_0_clk (net)
                 15.84    1.76   21.28 ^ clkbuf_3_7__f_clk/A (BUFx8_ASAP7_75t_R)
     7    6.20   10.41   20.78   42.06 ^ clkbuf_3_7__f_clk/Y (BUFx8_ASAP7_75t_R)
                                         clknet_3_7__leaf_clk (net)
                 10.43    0.25   42.31 ^ index[0]$_DFFE_PP_/CLK (DFFHQNx1_ASAP7_75t_R)
     1    0.91   13.80   34.76   77.07 v index[0]$_DFFE_PP_/QN (DFFHQNx1_ASAP7_75t_R)
                                         _009_ (net)
                 13.80    0.06   77.13 v place104/A (BUFx3_ASAP7_75t_R)
    35   29.77   58.47   34.33  111.46 v place104/Y (BUFx3_ASAP7_75t_R)
                                         net104 (net)
                 64.15    9.59  121.05 v _429_/A (INVx3_ASAP7_75t_R)
    34   29.76   76.30   46.27  167.32 ^ _429_/Y (INVx3_ASAP7_75t_R)
                                         _198_ (net)
                 78.93    7.70  175.02 ^ _574_/A (AND3x4_ASAP7_75t_R)
     7   18.18   37.82   43.32  218.35 ^ _574_/Y (AND3x4_ASAP7_75t_R)
                                         _295_ (net)
                 39.81    4.66  223.00 ^ place90/A (BUFx12f_ASAP7_75t_R)
     8   11.08   11.24   20.67  243.67 ^ place90/Y (BUFx12f_ASAP7_75t_R)
                                         net90 (net)
                 11.45    0.83  244.50 ^ _632_/B (NOR2x1p5_ASAP7_75t_R)
     1    0.88   10.53    6.74  251.23 v _632_/Y (NOR2x1p5_ASAP7_75t_R)
                                         _328_ (net)
                 10.53    0.06  251.29 v _633_/B (AO21x2_ASAP7_75t_R)
     1    0.76    6.38   18.24  269.53 v _633_/Y (AO21x2_ASAP7_75t_R)
                                         _170_ (net)
                  6.38    0.04  269.57 v mem[1][5]$_DFFE_PP_/D (DFFHQNx1_ASAP7_75t_R)
                                269.57   data arrival time

                       1660.00 1660.00   clock clk (rise edge)
                          0.00 1660.00   clock source latency
     1    2.74    0.00    0.00 1660.00 ^ clk (in)
                                         clk (net)
                  2.86    0.90 1660.90 ^ clkbuf_0_clk/A (BUFx8_ASAP7_75t_R)
     8    9.30   13.70   17.78 1678.68 ^ clkbuf_0_clk/Y (BUFx8_ASAP7_75t_R)
                                         clknet_0_clk (net)
                 14.33    1.56 1680.23 ^ clkbuf_3_0__f_clk/A (BUFx8_ASAP7_75t_R)
    10    5.36    9.62   19.96 1700.19 ^ clkbuf_3_0__f_clk/Y (BUFx8_ASAP7_75t_R)
                                         clknet_3_0__leaf_clk (net)
                  9.65    0.26 1700.45 ^ mem[1][5]$_DFFE_PP_/CLK (DFFHQNx1_ASAP7_75t_R)
                          0.84 1701.29   clock reconvergence pessimism
                         -2.51 1698.78   library setup time
                               1698.78   data required time
-----------------------------------------------------------------------------
                               1698.78   data required time
                               -269.57   data arrival time
-----------------------------------------------------------------------------
                               1429.21   slack (MET)


Startpoint: index[0]$_DFFE_PP_ (rising edge-triggered flip-flop clocked by clk)
Endpoint: _tray_size2_180 (rising edge-triggered flip-flop clocked by clk)
Path Group: clk
Path Type: max

Fanout     Cap    Slew   Delay    Time   Description
-----------------------------------------------------------------------------
                          0.00    0.00   clock clk (rise edge)
                          0.00    0.00   clock source latency
     1    2.95    0.00    0.00    0.00 ^ clk (in)
                                         clk (net)
                  3.20    1.01    1.01 ^ clkbuf_0_clk/A (BUFx8_ASAP7_75t_R)
     8   10.96   15.12   18.51   19.52 ^ clkbuf_0_clk/Y (BUFx8_ASAP7_75t_R)
                                         clknet_0_clk (net)
                 15.84    1.76   21.28 ^ clkbuf_3_7__f_clk/A (BUFx8_ASAP7_75t_R)
     7    6.20   10.41   20.78   42.06 ^ clkbuf_3_7__f_clk/Y (BUFx8_ASAP7_75t_R)
                                         clknet_3_7__leaf_clk (net)
                 10.43    0.25   42.31 ^ index[0]$_DFFE_PP_/CLK (DFFHQNx1_ASAP7_75t_R)
     1    0.91   13.55   36.27   78.58 ^ index[0]$_DFFE_PP_/QN (DFFHQNx1_ASAP7_75t_R)
                                         _009_ (net)
                 13.56    0.06   78.64 ^ place104/A (BUFx3_ASAP7_75t_R)
    35   30.17   69.25   36.68  115.32 ^ place104/Y (BUFx3_ASAP7_75t_R)
                                         net104 (net)
                 74.23    9.88  125.20 ^ _429_/A (INVx3_ASAP7_75t_R)
    34   29.50   69.75   43.03  168.23 v _429_/Y (INVx3_ASAP7_75t_R)
                                         _198_ (net)
                 72.57    7.60  175.83 v _574_/A (AND3x4_ASAP7_75t_R)
     7   18.16   32.02   43.41  219.23 v _574_/Y (AND3x4_ASAP7_75t_R)
                                         _295_ (net)
                 33.41    3.63  222.86 v place88/A (BUFx12f_ASAP7_75t_R)
     7    8.33    8.76   20.49  243.35 v place88/Y (BUFx12f_ASAP7_75t_R)
                                         net88 (net)
                  8.78    0.22  243.57 v rebuffer120/A (BUFx3_ASAP7_75t_R)
     4    4.92   11.81   16.83  260.40 v rebuffer120/Y (BUFx3_ASAP7_75t_R)
                                         net120 (net)
                 11.83    0.21  260.61 v _590_/B (NOR2x1p5_ASAP7_75t_R)
     1    0.72   10.45    7.33  267.94 ^ _590_/Y (NOR2x1p5_ASAP7_75t_R)
                                         _305_ (net)
                 10.45    0.03  267.97 ^ _591_/B (AO21x2_ASAP7_75t_R)
     1    0.80    6.58   12.49  280.47 ^ _591_/Y (AO21x2_ASAP7_75t_R)
                                         _151_ (net)
                  6.58    0.05  280.52 ^ _tray_size2_180/D0 (DFFHQNV2Xx1_ASAP7_75t_R)
                                280.52   data arrival time

                       1660.00 1660.00   clock clk (rise edge)
                          0.00 1660.00   clock source latency
     1    2.74    0.00    0.00 1660.00 ^ clk (in)
                                         clk (net)
                  2.86    0.90 1660.90 ^ clkbuf_0_clk/A (BUFx8_ASAP7_75t_R)
     8    9.30   13.70   17.78 1678.68 ^ clkbuf_0_clk/Y (BUFx8_ASAP7_75t_R)
                                         clknet_0_clk (net)
                 13.96    1.03 1679.71 ^ clkbuf_3_1__f_clk/A (BUFx8_ASAP7_75t_R)
     9    5.34    9.63   19.83 1699.54 ^ clkbuf_3_1__f_clk/Y (BUFx8_ASAP7_75t_R)
                                         clknet_3_1__leaf_clk (net)
                  9.66    0.28 1699.82 ^ _tray_size2_180/CLK (DFFHQNV2Xx1_ASAP7_75t_R)
                          0.84 1700.67   clock reconvergence pessimism
                         -9.72 1690.95   library setup time
                               1690.95   data required time
-----------------------------------------------------------------------------
                               1690.95   data required time
                               -280.52   data arrival time
-----------------------------------------------------------------------------
                               1410.43   slack (MET)



==========================================================================
cts final report_check_types -max_slew -max_cap -max_fanout -violators
--------------------------------------------------------------------------

==========================================================================
cts final max_slew_check_slack
--------------------------------------------------------------------------
239.87109375

==========================================================================
cts final max_slew_check_limit
--------------------------------------------------------------------------
320.0

==========================================================================
cts final max_slew_check_slack_limit
--------------------------------------------------------------------------
0.7496

==========================================================================
cts final max_fanout_check_slack
--------------------------------------------------------------------------
1.0000000150474662e+30

==========================================================================
cts final max_fanout_check_limit
--------------------------------------------------------------------------
1.0000000150474662e+30

==========================================================================
cts final max_capacitance_check_slack
--------------------------------------------------------------------------
22.237462997436523

==========================================================================
cts final max_capacitance_check_limit
--------------------------------------------------------------------------
23.040000915527344

==========================================================================
cts final max_capacitance_check_slack_limit
--------------------------------------------------------------------------
0.9652

==========================================================================
cts final max_slew_violation_count
--------------------------------------------------------------------------
max slew violation count 0

==========================================================================
cts final max_fanout_violation_count
--------------------------------------------------------------------------
max fanout violation count 0

==========================================================================
cts final max_cap_violation_count
--------------------------------------------------------------------------
max cap violation count 0

==========================================================================
cts final setup_violation_count
--------------------------------------------------------------------------
setup violation count 43

==========================================================================
cts final hold_violation_count
--------------------------------------------------------------------------
hold violation count 0

==========================================================================
cts final report_checks -path_delay max reg to reg
--------------------------------------------------------------------------
Startpoint: index[0]$_DFFE_PP_ (rising edge-triggered flip-flop clocked by clk)
Endpoint: mem[1][5]$_DFFE_PP_ (rising edge-triggered flip-flop clocked by clk)
Path Group: reg2reg
Path Type: max

  Delay    Time   Description
---------------------------------------------------------
   0.00    0.00   clock clk (rise edge)
   0.00    0.00   clock source latency
   0.00    0.00 ^ clk (in)
  19.52   19.52 ^ clkbuf_0_clk/Y (BUFx8_ASAP7_75t_R)
  22.54   42.06 ^ clkbuf_3_7__f_clk/Y (BUFx8_ASAP7_75t_R)
   0.25   42.31 ^ index[0]$_DFFE_PP_/CLK (DFFHQNx1_ASAP7_75t_R)
  34.76   77.07 v index[0]$_DFFE_PP_/QN (DFFHQNx1_ASAP7_75t_R)
  34.39  111.46 v place104/Y (BUFx3_ASAP7_75t_R)
  55.86  167.32 ^ _429_/Y (INVx3_ASAP7_75t_R)
  51.02  218.35 ^ _574_/Y (AND3x4_ASAP7_75t_R)
  25.32  243.67 ^ place90/Y (BUFx12f_ASAP7_75t_R)
   7.56  251.23 v _632_/Y (NOR2x1p5_ASAP7_75t_R)
  18.30  269.53 v _633_/Y (AO21x2_ASAP7_75t_R)
   0.04  269.57 v mem[1][5]$_DFFE_PP_/D (DFFHQNx1_ASAP7_75t_R)
         269.57   data arrival time

1660.00 1660.00   clock clk (rise edge)
   0.00 1660.00   clock source latency
   0.00 1660.00 ^ clk (in)
  18.68 1678.68 ^ clkbuf_0_clk/Y (BUFx8_ASAP7_75t_R)
  21.52 1700.19 ^ clkbuf_3_0__f_clk/Y (BUFx8_ASAP7_75t_R)
   0.26 1700.45 ^ mem[1][5]$_DFFE_PP_/CLK (DFFHQNx1_ASAP7_75t_R)
   0.84 1701.29   clock reconvergence pessimism
  -2.51 1698.78   library setup time
        1698.78   data required time
---------------------------------------------------------
        1698.78   data required time
        -269.57   data arrival time
---------------------------------------------------------
        1429.21   slack (MET)


Startpoint: index[0]$_DFFE_PP_ (rising edge-triggered flip-flop clocked by clk)
Endpoint: _tray_size2_180 (rising edge-triggered flip-flop clocked by clk)
Path Group: clk
Path Type: max

  Delay    Time   Description
---------------------------------------------------------
   0.00    0.00   clock clk (rise edge)
   0.00    0.00   clock source latency
   0.00    0.00 ^ clk (in)
  19.52   19.52 ^ clkbuf_0_clk/Y (BUFx8_ASAP7_75t_R)
  22.54   42.06 ^ clkbuf_3_7__f_clk/Y (BUFx8_ASAP7_75t_R)
   0.25   42.31 ^ index[0]$_DFFE_PP_/CLK (DFFHQNx1_ASAP7_75t_R)
  36.27   78.58 ^ index[0]$_DFFE_PP_/QN (DFFHQNx1_ASAP7_75t_R)
  36.74  115.32 ^ place104/Y (BUFx3_ASAP7_75t_R)
  52.91  168.23 v _429_/Y (INVx3_ASAP7_75t_R)
  51.00  219.23 v _574_/Y (AND3x4_ASAP7_75t_R)
  24.11  243.35 v place88/Y (BUFx12f_ASAP7_75t_R)
  17.06  260.40 v rebuffer120/Y (BUFx3_ASAP7_75t_R)
   7.54  267.94 ^ _590_/Y (NOR2x1p5_ASAP7_75t_R)
  12.53  280.47 ^ _591_/Y (AO21x2_ASAP7_75t_R)
   0.05  280.52 ^ _tray_size2_180/D0 (DFFHQNV2Xx1_ASAP7_75t_R)
         280.52   data arrival time

1660.00 1660.00   clock clk (rise edge)
   0.00 1660.00   clock source latency
   0.00 1660.00 ^ clk (in)
  18.68 1678.68 ^ clkbuf_0_clk/Y (BUFx8_ASAP7_75t_R)
  20.86 1699.54 ^ clkbuf_3_1__f_clk/Y (BUFx8_ASAP7_75t_R)
   0.28 1699.82 ^ _tray_size2_180/CLK (DFFHQNV2Xx1_ASAP7_75t_R)
   0.84 1700.67   clock reconvergence pessimism
  -9.72 1690.95   library setup time
        1690.95   data required time
---------------------------------------------------------
        1690.95   data required time
        -280.52   data arrival time
---------------------------------------------------------
        1410.43   slack (MET)



==========================================================================
cts final report_checks -path_delay min reg to reg
--------------------------------------------------------------------------
Startpoint: rd_out[21]$_DFFE_PP_
            (rising edge-triggered flip-flop clocked by clk)
Endpoint: rd_out[21]$_DFFE_PP_ (rising edge-triggered flip-flop clocked by clk)
Path Group: reg2reg
Path Type: min

  Delay    Time   Description
---------------------------------------------------------
   0.00    0.00   clock clk (rise edge)
   0.00    0.00   clock source latency
   0.00    0.00 ^ clk (in)
  18.68   18.68 ^ clkbuf_0_clk/Y (BUFx8_ASAP7_75t_R)
  20.37   39.04 ^ clkbuf_3_6__f_clk/Y (BUFx8_ASAP7_75t_R)
   0.19   39.23 ^ rd_out[21]$_DFFE_PP_/CLK (DFFHQNx1_ASAP7_75t_R)
  34.47   73.70 ^ rd_out[21]$_DFFE_PP_/QN (DFFHQNx1_ASAP7_75t_R)
   7.23   80.93 v _398_/Y (INVx1_ASAP7_75t_R)
  16.37   97.30 v _704_/Y (OA21x2_ASAP7_75t_R)
   0.03   97.33 v rd_out[21]$_DFFE_PP_/D (DFFHQNx1_ASAP7_75t_R)
          97.33   data arrival time

   0.00    0.00   clock clk (rise edge)
   0.00    0.00   clock source latency
   0.00    0.00 ^ clk (in)
  19.52   19.52 ^ clkbuf_0_clk/Y (BUFx8_ASAP7_75t_R)
  21.52   41.04 ^ clkbuf_3_6__f_clk/Y (BUFx8_ASAP7_75t_R)
   0.23   41.27 ^ rd_out[21]$_DFFE_PP_/CLK (DFFHQNx1_ASAP7_75t_R)
  -2.04   39.23   clock reconvergence pessimism
  11.32   50.55   library hold time
          50.55   data required time
---------------------------------------------------------
          50.55   data required time
         -97.33   data arrival time
---------------------------------------------------------
          46.78   slack (MET)


Startpoint: _tray_size4_186 (rising edge-triggered flip-flop clocked by clk)
Endpoint: _tray_size4_186 (rising edge-triggered flip-flop clocked by clk)
Path Group: clk
Path Type: min

  Delay    Time   Description
---------------------------------------------------------
   0.00    0.00   clock clk (rise edge)
   0.00    0.00   clock source latency
   0.00    0.00 ^ clk (in)
  18.68   18.68 ^ clkbuf_0_clk/Y (BUFx8_ASAP7_75t_R)
  20.81   39.48 ^ clkbuf_3_3__f_clk/Y (BUFx8_ASAP7_75t_R)
   0.21   39.69 ^ _tray_size4_186/CLK (DFFHQNH2V2Xx1_ASAP7_75t_R)
  47.15   86.85 ^ _tray_size4_186/QN0 (DFFHQNH2V2Xx1_ASAP7_75t_R)
   7.79   94.64 v _400_/Y (INVx1_ASAP7_75t_R)
  16.63  111.27 v _696_/Y (OA21x2_ASAP7_75t_R)
   0.05  111.31 v _tray_size4_186/D0 (DFFHQNH2V2Xx1_ASAP7_75t_R)
         111.31   data arrival time

   0.00    0.00   clock clk (rise edge)
   0.00    0.00   clock source latency
   0.00    0.00 ^ clk (in)
  19.52   19.52 ^ clkbuf_0_clk/Y (BUFx8_ASAP7_75t_R)
  21.94   41.46 ^ clkbuf_3_3__f_clk/Y (BUFx8_ASAP7_75t_R)
   0.26   41.72 ^ _tray_size4_186/CLK (DFFHQNH2V2Xx1_ASAP7_75t_R)
  -2.03   39.69   clock reconvergence pessimism
  12.82   52.52   library hold time
          52.52   data required time
---------------------------------------------------------
          52.52   data required time
        -111.31   data arrival time
---------------------------------------------------------
          58.80   slack (MET)



==========================================================================
cts final critical path target clock latency max path
--------------------------------------------------------------------------
40.1360

==========================================================================
cts final critical path target clock latency min path
--------------------------------------------------------------------------
0

==========================================================================
cts final critical path source clock latency min path
--------------------------------------------------------------------------
0

==========================================================================
cts final critical path delay
--------------------------------------------------------------------------
95.2154

==========================================================================
cts final critical path slack
--------------------------------------------------------------------------
-21.5626

==========================================================================
cts final slack div critical path delay
--------------------------------------------------------------------------
-22.646127

==========================================================================
cts final report_power
--------------------------------------------------------------------------
Group                  Internal  Switching    Leakage      Total
                          Power      Power      Power      Power (Watts)
----------------------------------------------------------------
Sequential             1.36e-04   2.57e-05   1.33e-08   1.61e-04  43.3%
Combinational          9.67e-05   6.01e-05   3.34e-08   1.57e-04  42.0%
Clock                  3.23e-05   2.23e-05   1.94e-09   5.46e-05  14.6%
Macro                  0.00e+00   0.00e+00   0.00e+00   0.00e+00   0.0%
Pad                    0.00e+00   0.00e+00   0.00e+00   0.00e+00   0.0%
----------------------------------------------------------------
Total                  2.65e-04   1.08e-04   4.86e-08   3.73e-04 100.0%
                          71.0%      29.0%       0.0%
