
==========================================================================
finish report_tns
--------------------------------------------------------------------------
tns max -15439.66

==========================================================================
finish report_wns
--------------------------------------------------------------------------
wns max -281.32

==========================================================================
finish report_worst_slack
--------------------------------------------------------------------------
worst slack max -281.32

==========================================================================
finish report_clock_min_period
--------------------------------------------------------------------------
clock period_min = 581.32 fmax = 1720.22

==========================================================================
finish report_clock_skew
--------------------------------------------------------------------------
Clock clock
  84.64 source latency multResult_mult.pp_row42_13$_DFF_P_/CLK ^
 -67.94 target latency _tray_size4_2701/CLK ^
  -2.63 CRPR
--------------
  14.06 setup skew


==========================================================================
finish report_checks -path_delay min
--------------------------------------------------------------------------
Startpoint: multResult_mult.pp_row0_1$_DFF_P_
            (rising edge-triggered flip-flop clocked by clock)
Endpoint: _tray_size4_2485 (rising edge-triggered flip-flop clocked by clock)
Path Group: clock
Path Type: min

Fanout     Cap    Slew   Delay    Time   Description
-----------------------------------------------------------------------------
                          0.00    0.00   clock clock (rise edge)
                          0.00    0.00   clock source latency
     1    7.28    0.00    0.00    0.00 ^ clock (in)
                                         clock (net)
                 11.85    3.74    3.74 ^ clkbuf_0_clock/A (BUFx16f_ASAP7_75t_R)
     2    6.01    7.24   15.40   19.14 ^ clkbuf_0_clock/Y (BUFx16f_ASAP7_75t_R)
                                         clknet_0_clock (net)
                  7.95    1.11   20.25 ^ clkbuf_1_1__f_clock/A (BUFx16f_ASAP7_75t_R)
    13   40.12   25.96   18.92   39.17 ^ clkbuf_1_1__f_clock/Y (BUFx16f_ASAP7_75t_R)
                                         clknet_1_1__leaf_clock (net)
                 28.78    4.45   43.62 ^ clkbuf_leaf_15_clock/A (BUFx24_ASAP7_75t_R)
    10   10.87   10.57   23.96   67.58 ^ clkbuf_leaf_15_clock/Y (BUFx24_ASAP7_75t_R)
                                         clknet_leaf_15_clock (net)
                 11.32    1.30   68.88 ^ multResult_mult.pp_row0_1$_DFF_P_/CLK (DFFHQNx1_ASAP7_75t_R)
     1    0.53   11.06   34.78  103.66 ^ multResult_mult.pp_row0_1$_DFF_P_/QN (DFFHQNx1_ASAP7_75t_R)
                                         _0413_ (net)
                 11.06    0.02  103.68 ^ _5514_/A (INVx1_ASAP7_75t_R)
     1    0.64    6.32    5.84  109.51 v _5514_/Y (INVx1_ASAP7_75t_R)
                                         _2022_ (net)
                  6.32    0.06  109.57 v _tray_size4_2485/D2 (DFFHQNH2V2Xx1_ASAP7_75t_R)
                                109.57   data arrival time

                          0.00    0.00   clock clock (rise edge)
                          0.00    0.00   clock source latency
     1    7.94    0.00    0.00    0.00 ^ clock (in)
                                         clock (net)
                 13.44    4.24    4.24 ^ clkbuf_0_clock/A (BUFx16f_ASAP7_75t_R)
     2    7.32    8.04   16.07   20.31 ^ clkbuf_0_clock/Y (BUFx16f_ASAP7_75t_R)
                                         clknet_0_clock (net)
                  8.98    1.38   21.69 ^ clkbuf_1_1__f_clock/A (BUFx16f_ASAP7_75t_R)
    13   47.93   29.44   20.12   41.81 ^ clkbuf_1_1__f_clock/Y (BUFx16f_ASAP7_75t_R)
                                         clknet_1_1__leaf_clock (net)
                 33.11    5.36   47.17 ^ clkbuf_leaf_15_clock/A (BUFx24_ASAP7_75t_R)
    10   13.30   11.86   25.40   72.57 ^ clkbuf_leaf_15_clock/Y (BUFx24_ASAP7_75t_R)
                                         clknet_leaf_15_clock (net)
                 11.96    0.46   73.03 ^ _tray_size4_2485/CLK (DFFHQNH2V2Xx1_ASAP7_75t_R)
                         -4.98   68.04   clock reconvergence pessimism
                         12.87   80.91   library hold time
                                 80.91   data required time
-----------------------------------------------------------------------------
                                 80.91   data required time
                               -109.57   data arrival time
-----------------------------------------------------------------------------
                                 28.66   slack (MET)



==========================================================================
finish report_checks -path_delay max
--------------------------------------------------------------------------
Startpoint: op[2]$_DFF_P_ (rising edge-triggered flip-flop clocked by clock)
Endpoint: io_out_REG[0]$_DFF_P_
          (rising edge-triggered flip-flop clocked by clock)
Path Group: clock
Path Type: max

Fanout     Cap    Slew   Delay    Time   Description
-----------------------------------------------------------------------------
                          0.00    0.00   clock clock (rise edge)
                          0.00    0.00   clock source latency
     1    7.94    0.00    0.00    0.00 ^ clock (in)
                                         clock (net)
                 13.44    4.24    4.24 ^ clkbuf_0_clock/A (BUFx16f_ASAP7_75t_R)
     2    7.32    8.04   16.07   20.31 ^ clkbuf_0_clock/Y (BUFx16f_ASAP7_75t_R)
                                         clknet_0_clock (net)
                  8.98    1.38   21.69 ^ clkbuf_1_1__f_clock/A (BUFx16f_ASAP7_75t_R)
    13   47.93   29.44   20.12   41.81 ^ clkbuf_1_1__f_clock/Y (BUFx16f_ASAP7_75t_R)
                                         clknet_1_1__leaf_clock (net)
                 35.03    6.52   48.32 ^ clkbuf_leaf_14_clock/A (BUFx24_ASAP7_75t_R)
    15   14.27   12.44   26.07   74.40 ^ clkbuf_leaf_14_clock/Y (BUFx24_ASAP7_75t_R)
                                         clknet_leaf_14_clock (net)
                 13.21    1.55   75.95 ^ op[2]$_DFF_P_/CLK (DFFHQNx1_ASAP7_75t_R)
     4    3.67   29.54   46.20  122.15 v op[2]$_DFF_P_/QN (DFFHQNx1_ASAP7_75t_R)
                                         _1100_ (net)
                 29.56    0.46  122.61 v _5706_/A (NOR2x1_ASAP7_75t_R)
     2    1.72   16.57   14.14  136.74 ^ _5706_/Y (NOR2x1_ASAP7_75t_R)
                                         _2214_ (net)
                 16.58    0.16  136.90 ^ _5707_/D (AND4x1_ASAP7_75t_R)
     1    1.33   14.35   25.22  162.12 ^ _5707_/Y (AND4x1_ASAP7_75t_R)
                                         _2215_ (net)
                 14.35    0.08  162.20 ^ _5710_/A (OR2x6_ASAP7_75t_R)
     5    9.19   14.00   21.35  183.55 ^ _5710_/Y (OR2x6_ASAP7_75t_R)
                                         _2218_ (net)
                 14.00    0.00  183.55 ^ place1765/A (BUFx12f_ASAP7_75t_R)
     6    8.22    8.76   14.93  198.48 ^ place1765/Y (BUFx12f_ASAP7_75t_R)
                                         net1763 (net)
                  8.81    0.35  198.83 ^ rebuffer2259/A (BUFx6f_ASAP7_75t_R)
     2    2.90    6.50   12.20  211.03 ^ rebuffer2259/Y (BUFx6f_ASAP7_75t_R)
                                         net2258 (net)
                  6.80    0.72  211.76 ^ _5733_/B (XNOR2x2_ASAP7_75t_R)
     1    1.08    8.52   24.33  236.09 v _5733_/Y (XNOR2x2_ASAP7_75t_R)
                                         _2241_ (net)
                  8.52    0.00  236.09 v extendedResult\\ALU_64_0_64_0_65_unused_CO_X_HAN_CARLSON/_1004_/B (XOR2x2_ASAP7_75t_R)
     2    2.16   10.48   20.84  256.93 v extendedResult\\ALU_64_0_64_0_65_unused_CO_X_HAN_CARLSON/_1004_/Y (XOR2x2_ASAP7_75t_R)
                                         extendedResult\\ALU_64_0_64_0_65_unused_CO_X_HAN_CARLSON/_0497_ (net)
                 10.49    0.17  257.11 v extendedResult\\ALU_64_0_64_0_65_unused_CO_X_HAN_CARLSON/_0625_/A (HAxp5_ASAP7_75t_R)
     2    1.69   32.02   31.40  288.50 v extendedResult\\ALU_64_0_64_0_65_unused_CO_X_HAN_CARLSON/_0625_/SN (HAxp5_ASAP7_75t_R)
                                         extendedResult\\ALU_64_0_64_0_65_unused_CO_X_HAN_CARLSON/_0177_ (net)
                 32.02    0.12  288.63 v extendedResult\\ALU_64_0_64_0_65_unused_CO_X_HAN_CARLSON/place1353/A (BUFx3_ASAP7_75t_R)
     2    2.38    8.55   20.54  309.17 v extendedResult\\ALU_64_0_64_0_65_unused_CO_X_HAN_CARLSON/place1353/Y (BUFx3_ASAP7_75t_R)
                                         extendedResult\\ALU_64_0_64_0_65_unused_CO_X_HAN_CARLSON/net1351 (net)
                  8.66    0.53  309.70 v extendedResult\\ALU_64_0_64_0_65_unused_CO_X_HAN_CARLSON/_1020_/A (OR4x1_ASAP7_75t_R)
     3    2.79   20.76   29.64  339.33 v extendedResult\\ALU_64_0_64_0_65_unused_CO_X_HAN_CARLSON/_1020_/Y (OR4x1_ASAP7_75t_R)
                                         extendedResult\\ALU_64_0_64_0_65_unused_CO_X_HAN_CARLSON/_0513_ (net)
                 20.77    0.13  339.47 v extendedResult\\ALU_64_0_64_0_65_unused_CO_X_HAN_CARLSON/_1019_/A (INVx1_ASAP7_75t_R)
     1    0.74   10.23    8.86  348.32 ^ extendedResult\\ALU_64_0_64_0_65_unused_CO_X_HAN_CARLSON/_1019_/Y (INVx1_ASAP7_75t_R)
                                         extendedResult\\ALU_64_0_64_0_65_unused_CO_X_HAN_CARLSON/_0512_ (net)
                 10.23    0.06  348.38 ^ extendedResult\\ALU_64_0_64_0_65_unused_CO_X_HAN_CARLSON/_1021_/A1 (AO21x1_ASAP7_75t_R)
     2    1.29   11.07   14.97  363.35 ^ extendedResult\\ALU_64_0_64_0_65_unused_CO_X_HAN_CARLSON/_1021_/Y (AO21x1_ASAP7_75t_R)
                                         extendedResult\\ALU_64_0_64_0_65_unused_CO_X_HAN_CARLSON/_0514_ (net)
                 11.08    0.12  363.47 ^ extendedResult\\ALU_64_0_64_0_65_unused_CO_X_HAN_CARLSON/_0654_/A1 (AO221x2_ASAP7_75t_R)
     2    3.23   16.58   28.82  392.28 ^ extendedResult\\ALU_64_0_64_0_65_unused_CO_X_HAN_CARLSON/_0654_/Y (AO221x2_ASAP7_75t_R)
                                         extendedResult\\ALU_64_0_64_0_65_unused_CO_X_HAN_CARLSON/_0212_ (net)
                 16.64    0.52  392.81 ^ extendedResult\\ALU_64_0_64_0_65_unused_CO_X_HAN_CARLSON/_0746_/B2 (AO221x2_ASAP7_75t_R)
     2    3.21   16.58   26.16  418.97 ^ extendedResult\\ALU_64_0_64_0_65_unused_CO_X_HAN_CARLSON/_0746_/Y (AO221x2_ASAP7_75t_R)
                                         extendedResult\\ALU_64_0_64_0_65_unused_CO_X_HAN_CARLSON/_0304_ (net)
                 16.65    0.60  419.56 ^ extendedResult\\ALU_64_0_64_0_65_unused_CO_X_HAN_CARLSON/_0550_/CI (FAx1_ASAP7_75t_R)
     1    1.24   33.82   34.80  454.36 ^ extendedResult\\ALU_64_0_64_0_65_unused_CO_X_HAN_CARLSON/_0550_/SN (FAx1_ASAP7_75t_R)
                                         extendedResult\\ALU_64_0_64_0_65_unused_CO_X_HAN_CARLSON/_0027_ (net)
                 33.83    0.25  454.61 ^ extendedResult\\ALU_64_0_64_0_65_unused_CO_X_HAN_CARLSON/_0967_/A (INVx1_ASAP7_75t_R)
     2    1.32   14.21   11.59  466.20 v extendedResult\\ALU_64_0_64_0_65_unused_CO_X_HAN_CARLSON/_0967_/Y (INVx1_ASAP7_75t_R)
                                         extendedResult[36] (net)
                 14.21    0.00  466.20 v _7095_/D (OR4x1_ASAP7_75t_R)
     1    0.96   11.11   27.85  494.05 v _7095_/Y (OR4x1_ASAP7_75t_R)
                                         _3603_ (net)
                 11.11    0.10  494.15 v _7096_/D (OR4x1_ASAP7_75t_R)
     1    0.76    9.94   26.58  520.74 v _7096_/Y (OR4x1_ASAP7_75t_R)
                                         _3604_ (net)
                  9.94    0.06  520.80 v _7099_/C (OR4x1_ASAP7_75t_R)
     1    1.28   12.90   28.02  548.81 v _7099_/Y (OR4x1_ASAP7_75t_R)
                                         _3607_ (net)
                 12.92    0.24  549.05 v _7114_/A (OR5x1_ASAP7_75t_R)
     3    4.12   30.84   37.84  586.89 v _7114_/Y (OR5x1_ASAP7_75t_R)
                                         _3622_ (net)
                 31.08    1.53  588.42 v place1187/A (BUFx3_ASAP7_75t_R)
     1    1.23    6.36   19.14  607.56 v place1187/Y (BUFx3_ASAP7_75t_R)
                                         net1185 (net)
                  6.37    0.11  607.67 v _7243_/B (NAND2x1_ASAP7_75t_R)
     1    0.90   11.14    7.15  614.82 ^ _7243_/Y (NAND2x1_ASAP7_75t_R)
                                         _3751_ (net)
                 11.14    0.11  614.93 ^ _7244_/A3 (AO32x1_ASAP7_75t_R)
     1    0.72   10.59   17.97  632.90 ^ _7244_/Y (AO32x1_ASAP7_75t_R)
                                         _3752_ (net)
                 10.59    0.08  632.98 ^ _7246_/B1 (AO221x1_ASAP7_75t_R)
     1    0.67    9.56   18.28  651.25 ^ _7246_/Y (AO221x1_ASAP7_75t_R)
                                         _3754_ (net)
                  9.56    0.05  651.30 ^ io_out_REG[0]$_DFF_P_/D (DFFHQNx1_ASAP7_75t_R)
                                651.30   data arrival time

                        300.00  300.00   clock clock (rise edge)
                          0.00  300.00   clock source latency
     1    7.28    0.00    0.00  300.00 ^ clock (in)
                                         clock (net)
                 11.85    3.74  303.74 ^ clkbuf_0_clock/A (BUFx16f_ASAP7_75t_R)
     2    6.01    7.24   15.40  319.14 ^ clkbuf_0_clock/Y (BUFx16f_ASAP7_75t_R)
                                         clknet_0_clock (net)
                  7.95    1.11  320.25 ^ clkbuf_1_1__f_clock/A (BUFx16f_ASAP7_75t_R)
    13   40.12   25.96   18.92  339.17 ^ clkbuf_1_1__f_clock/Y (BUFx16f_ASAP7_75t_R)
                                         clknet_1_1__leaf_clock (net)
                 30.27    5.40  344.57 ^ clkbuf_leaf_14_clock/A (BUFx24_ASAP7_75t_R)
    15   11.79   11.16   24.52  369.09 ^ clkbuf_leaf_14_clock/Y (BUFx24_ASAP7_75t_R)
                                         clknet_leaf_14_clock (net)
                 11.90    1.42  370.51 ^ io_out_REG[0]$_DFF_P_/CLK (DFFHQNx1_ASAP7_75t_R)
                          5.31  375.82   clock reconvergence pessimism
                         -5.83  369.98   library setup time
                                369.98   data required time
-----------------------------------------------------------------------------
                                369.98   data required time
                               -651.30   data arrival time
-----------------------------------------------------------------------------
                               -281.32   slack (VIOLATED)



==========================================================================
finish report_checks -unconstrained
--------------------------------------------------------------------------
Startpoint: op[2]$_DFF_P_ (rising edge-triggered flip-flop clocked by clock)
Endpoint: io_out_REG[0]$_DFF_P_
          (rising edge-triggered flip-flop clocked by clock)
Path Group: clock
Path Type: max

Fanout     Cap    Slew   Delay    Time   Description
-----------------------------------------------------------------------------
                          0.00    0.00   clock clock (rise edge)
                          0.00    0.00   clock source latency
     1    7.94    0.00    0.00    0.00 ^ clock (in)
                                         clock (net)
                 13.44    4.24    4.24 ^ clkbuf_0_clock/A (BUFx16f_ASAP7_75t_R)
     2    7.32    8.04   16.07   20.31 ^ clkbuf_0_clock/Y (BUFx16f_ASAP7_75t_R)
                                         clknet_0_clock (net)
                  8.98    1.38   21.69 ^ clkbuf_1_1__f_clock/A (BUFx16f_ASAP7_75t_R)
    13   47.93   29.44   20.12   41.81 ^ clkbuf_1_1__f_clock/Y (BUFx16f_ASAP7_75t_R)
                                         clknet_1_1__leaf_clock (net)
                 35.03    6.52   48.32 ^ clkbuf_leaf_14_clock/A (BUFx24_ASAP7_75t_R)
    15   14.27   12.44   26.07   74.40 ^ clkbuf_leaf_14_clock/Y (BUFx24_ASAP7_75t_R)
                                         clknet_leaf_14_clock (net)
                 13.21    1.55   75.95 ^ op[2]$_DFF_P_/CLK (DFFHQNx1_ASAP7_75t_R)
     4    3.67   29.54   46.20  122.15 v op[2]$_DFF_P_/QN (DFFHQNx1_ASAP7_75t_R)
                                         _1100_ (net)
                 29.56    0.46  122.61 v _5706_/A (NOR2x1_ASAP7_75t_R)
     2    1.72   16.57   14.14  136.74 ^ _5706_/Y (NOR2x1_ASAP7_75t_R)
                                         _2214_ (net)
                 16.58    0.16  136.90 ^ _5707_/D (AND4x1_ASAP7_75t_R)
     1    1.33   14.35   25.22  162.12 ^ _5707_/Y (AND4x1_ASAP7_75t_R)
                                         _2215_ (net)
                 14.35    0.08  162.20 ^ _5710_/A (OR2x6_ASAP7_75t_R)
     5    9.19   14.00   21.35  183.55 ^ _5710_/Y (OR2x6_ASAP7_75t_R)
                                         _2218_ (net)
                 14.00    0.00  183.55 ^ place1765/A (BUFx12f_ASAP7_75t_R)
     6    8.22    8.76   14.93  198.48 ^ place1765/Y (BUFx12f_ASAP7_75t_R)
                                         net1763 (net)
                  8.81    0.35  198.83 ^ rebuffer2259/A (BUFx6f_ASAP7_75t_R)
     2    2.90    6.50   12.20  211.03 ^ rebuffer2259/Y (BUFx6f_ASAP7_75t_R)
                                         net2258 (net)
                  6.80    0.72  211.76 ^ _5733_/B (XNOR2x2_ASAP7_75t_R)
     1    1.08    8.52   24.33  236.09 v _5733_/Y (XNOR2x2_ASAP7_75t_R)
                                         _2241_ (net)
                  8.52    0.00  236.09 v extendedResult\\ALU_64_0_64_0_65_unused_CO_X_HAN_CARLSON/_1004_/B (XOR2x2_ASAP7_75t_R)
     2    2.16   10.48   20.84  256.93 v extendedResult\\ALU_64_0_64_0_65_unused_CO_X_HAN_CARLSON/_1004_/Y (XOR2x2_ASAP7_75t_R)
                                         extendedResult\\ALU_64_0_64_0_65_unused_CO_X_HAN_CARLSON/_0497_ (net)
                 10.49    0.17  257.11 v extendedResult\\ALU_64_0_64_0_65_unused_CO_X_HAN_CARLSON/_0625_/A (HAxp5_ASAP7_75t_R)
     2    1.69   32.02   31.40  288.50 v extendedResult\\ALU_64_0_64_0_65_unused_CO_X_HAN_CARLSON/_0625_/SN (HAxp5_ASAP7_75t_R)
                                         extendedResult\\ALU_64_0_64_0_65_unused_CO_X_HAN_CARLSON/_0177_ (net)
                 32.02    0.12  288.63 v extendedResult\\ALU_64_0_64_0_65_unused_CO_X_HAN_CARLSON/place1353/A (BUFx3_ASAP7_75t_R)
     2    2.38    8.55   20.54  309.17 v extendedResult\\ALU_64_0_64_0_65_unused_CO_X_HAN_CARLSON/place1353/Y (BUFx3_ASAP7_75t_R)
                                         extendedResult\\ALU_64_0_64_0_65_unused_CO_X_HAN_CARLSON/net1351 (net)
                  8.66    0.53  309.70 v extendedResult\\ALU_64_0_64_0_65_unused_CO_X_HAN_CARLSON/_1020_/A (OR4x1_ASAP7_75t_R)
     3    2.79   20.76   29.64  339.33 v extendedResult\\ALU_64_0_64_0_65_unused_CO_X_HAN_CARLSON/_1020_/Y (OR4x1_ASAP7_75t_R)
                                         extendedResult\\ALU_64_0_64_0_65_unused_CO_X_HAN_CARLSON/_0513_ (net)
                 20.77    0.13  339.47 v extendedResult\\ALU_64_0_64_0_65_unused_CO_X_HAN_CARLSON/_1019_/A (INVx1_ASAP7_75t_R)
     1    0.74   10.23    8.86  348.32 ^ extendedResult\\ALU_64_0_64_0_65_unused_CO_X_HAN_CARLSON/_1019_/Y (INVx1_ASAP7_75t_R)
                                         extendedResult\\ALU_64_0_64_0_65_unused_CO_X_HAN_CARLSON/_0512_ (net)
                 10.23    0.06  348.38 ^ extendedResult\\ALU_64_0_64_0_65_unused_CO_X_HAN_CARLSON/_1021_/A1 (AO21x1_ASAP7_75t_R)
     2    1.29   11.07   14.97  363.35 ^ extendedResult\\ALU_64_0_64_0_65_unused_CO_X_HAN_CARLSON/_1021_/Y (AO21x1_ASAP7_75t_R)
                                         extendedResult\\ALU_64_0_64_0_65_unused_CO_X_HAN_CARLSON/_0514_ (net)
                 11.08    0.12  363.47 ^ extendedResult\\ALU_64_0_64_0_65_unused_CO_X_HAN_CARLSON/_0654_/A1 (AO221x2_ASAP7_75t_R)
     2    3.23   16.58   28.82  392.28 ^ extendedResult\\ALU_64_0_64_0_65_unused_CO_X_HAN_CARLSON/_0654_/Y (AO221x2_ASAP7_75t_R)
                                         extendedResult\\ALU_64_0_64_0_65_unused_CO_X_HAN_CARLSON/_0212_ (net)
                 16.64    0.52  392.81 ^ extendedResult\\ALU_64_0_64_0_65_unused_CO_X_HAN_CARLSON/_0746_/B2 (AO221x2_ASAP7_75t_R)
     2    3.21   16.58   26.16  418.97 ^ extendedResult\\ALU_64_0_64_0_65_unused_CO_X_HAN_CARLSON/_0746_/Y (AO221x2_ASAP7_75t_R)
                                         extendedResult\\ALU_64_0_64_0_65_unused_CO_X_HAN_CARLSON/_0304_ (net)
                 16.65    0.60  419.56 ^ extendedResult\\ALU_64_0_64_0_65_unused_CO_X_HAN_CARLSON/_0550_/CI (FAx1_ASAP7_75t_R)
     1    1.24   33.82   34.80  454.36 ^ extendedResult\\ALU_64_0_64_0_65_unused_CO_X_HAN_CARLSON/_0550_/SN (FAx1_ASAP7_75t_R)
                                         extendedResult\\ALU_64_0_64_0_65_unused_CO_X_HAN_CARLSON/_0027_ (net)
                 33.83    0.25  454.61 ^ extendedResult\\ALU_64_0_64_0_65_unused_CO_X_HAN_CARLSON/_0967_/A (INVx1_ASAP7_75t_R)
     2    1.32   14.21   11.59  466.20 v extendedResult\\ALU_64_0_64_0_65_unused_CO_X_HAN_CARLSON/_0967_/Y (INVx1_ASAP7_75t_R)
                                         extendedResult[36] (net)
                 14.21    0.00  466.20 v _7095_/D (OR4x1_ASAP7_75t_R)
     1    0.96   11.11   27.85  494.05 v _7095_/Y (OR4x1_ASAP7_75t_R)
                                         _3603_ (net)
                 11.11    0.10  494.15 v _7096_/D (OR4x1_ASAP7_75t_R)
     1    0.76    9.94   26.58  520.74 v _7096_/Y (OR4x1_ASAP7_75t_R)
                                         _3604_ (net)
                  9.94    0.06  520.80 v _7099_/C (OR4x1_ASAP7_75t_R)
     1    1.28   12.90   28.02  548.81 v _7099_/Y (OR4x1_ASAP7_75t_R)
                                         _3607_ (net)
                 12.92    0.24  549.05 v _7114_/A (OR5x1_ASAP7_75t_R)
     3    4.12   30.84   37.84  586.89 v _7114_/Y (OR5x1_ASAP7_75t_R)
                                         _3622_ (net)
                 31.08    1.53  588.42 v place1187/A (BUFx3_ASAP7_75t_R)
     1    1.23    6.36   19.14  607.56 v place1187/Y (BUFx3_ASAP7_75t_R)
                                         net1185 (net)
                  6.37    0.11  607.67 v _7243_/B (NAND2x1_ASAP7_75t_R)
     1    0.90   11.14    7.15  614.82 ^ _7243_/Y (NAND2x1_ASAP7_75t_R)
                                         _3751_ (net)
                 11.14    0.11  614.93 ^ _7244_/A3 (AO32x1_ASAP7_75t_R)
     1    0.72   10.59   17.97  632.90 ^ _7244_/Y (AO32x1_ASAP7_75t_R)
                                         _3752_ (net)
                 10.59    0.08  632.98 ^ _7246_/B1 (AO221x1_ASAP7_75t_R)
     1    0.67    9.56   18.28  651.25 ^ _7246_/Y (AO221x1_ASAP7_75t_R)
                                         _3754_ (net)
                  9.56    0.05  651.30 ^ io_out_REG[0]$_DFF_P_/D (DFFHQNx1_ASAP7_75t_R)
                                651.30   data arrival time

                        300.00  300.00   clock clock (rise edge)
                          0.00  300.00   clock source latency
     1    7.28    0.00    0.00  300.00 ^ clock (in)
                                         clock (net)
                 11.85    3.74  303.74 ^ clkbuf_0_clock/A (BUFx16f_ASAP7_75t_R)
     2    6.01    7.24   15.40  319.14 ^ clkbuf_0_clock/Y (BUFx16f_ASAP7_75t_R)
                                         clknet_0_clock (net)
                  7.95    1.11  320.25 ^ clkbuf_1_1__f_clock/A (BUFx16f_ASAP7_75t_R)
    13   40.12   25.96   18.92  339.17 ^ clkbuf_1_1__f_clock/Y (BUFx16f_ASAP7_75t_R)
                                         clknet_1_1__leaf_clock (net)
                 30.27    5.40  344.57 ^ clkbuf_leaf_14_clock/A (BUFx24_ASAP7_75t_R)
    15   11.79   11.16   24.52  369.09 ^ clkbuf_leaf_14_clock/Y (BUFx24_ASAP7_75t_R)
                                         clknet_leaf_14_clock (net)
                 11.90    1.42  370.51 ^ io_out_REG[0]$_DFF_P_/CLK (DFFHQNx1_ASAP7_75t_R)
                          5.31  375.82   clock reconvergence pessimism
                         -5.83  369.98   library setup time
                                369.98   data required time
-----------------------------------------------------------------------------
                                369.98   data required time
                               -651.30   data arrival time
-----------------------------------------------------------------------------
                               -281.32   slack (VIOLATED)



==========================================================================
finish report_check_types -max_slew -max_cap -max_fanout -violators
--------------------------------------------------------------------------

==========================================================================
finish max_slew_check_slack
--------------------------------------------------------------------------
94.25109100341797

==========================================================================
finish max_slew_check_limit
--------------------------------------------------------------------------
320.0

==========================================================================
finish max_slew_check_slack_limit
--------------------------------------------------------------------------
0.2945

==========================================================================
finish max_fanout_check_slack
--------------------------------------------------------------------------
1.0000000150474662e+30

==========================================================================
finish max_fanout_check_limit
--------------------------------------------------------------------------
1.0000000150474662e+30

==========================================================================
finish max_capacitance_check_slack
--------------------------------------------------------------------------
18.98895263671875

==========================================================================
finish max_capacitance_check_limit
--------------------------------------------------------------------------
23.040000915527344

==========================================================================
finish max_capacitance_check_slack_limit
--------------------------------------------------------------------------
0.8242

==========================================================================
finish max_slew_violation_count
--------------------------------------------------------------------------
max slew violation count 0

==========================================================================
finish max_fanout_violation_count
--------------------------------------------------------------------------
max fanout violation count 0

==========================================================================
finish max_cap_violation_count
--------------------------------------------------------------------------
max cap violation count 0

==========================================================================
finish setup_violation_count
--------------------------------------------------------------------------
setup violation count 293

==========================================================================
finish hold_violation_count
--------------------------------------------------------------------------
hold violation count 0

==========================================================================
finish report_checks -path_delay max reg to reg
--------------------------------------------------------------------------
Startpoint: op[2]$_DFF_P_ (rising edge-triggered flip-flop clocked by clock)
Endpoint: io_out_REG[0]$_DFF_P_
          (rising edge-triggered flip-flop clocked by clock)
Path Group: clock
Path Type: max

  Delay    Time   Description
---------------------------------------------------------
   0.00    0.00   clock clock (rise edge)
   0.00    0.00   clock source latency
   0.00    0.00 ^ clock (in)
  20.31   20.31 ^ clkbuf_0_clock/Y (BUFx16f_ASAP7_75t_R)
  21.50   41.81 ^ clkbuf_1_1__f_clock/Y (BUFx16f_ASAP7_75t_R)
  32.59   74.40 ^ clkbuf_leaf_14_clock/Y (BUFx24_ASAP7_75t_R)
   1.55   75.95 ^ op[2]$_DFF_P_/CLK (DFFHQNx1_ASAP7_75t_R)
  46.20  122.15 v op[2]$_DFF_P_/QN (DFFHQNx1_ASAP7_75t_R)
  14.59  136.74 ^ _5706_/Y (NOR2x1_ASAP7_75t_R)
  25.38  162.12 ^ _5707_/Y (AND4x1_ASAP7_75t_R)
  21.43  183.55 ^ _5710_/Y (OR2x6_ASAP7_75t_R)
  14.93  198.48 ^ place1765/Y (BUFx12f_ASAP7_75t_R)
  12.55  211.03 ^ rebuffer2259/Y (BUFx6f_ASAP7_75t_R)
  25.06  236.09 v _5733_/Y (XNOR2x2_ASAP7_75t_R)
  20.84  256.93 v extendedResult\\ALU_64_0_64_0_65_unused_CO_X_HAN_CARLSON/_1004_/Y (XOR2x2_ASAP7_75t_R)
  31.57  288.50 v extendedResult\\ALU_64_0_64_0_65_unused_CO_X_HAN_CARLSON/_0625_/SN (HAxp5_ASAP7_75t_R)
  20.67  309.17 v extendedResult\\ALU_64_0_64_0_65_unused_CO_X_HAN_CARLSON/place1353/Y (BUFx3_ASAP7_75t_R)
  30.16  339.33 v extendedResult\\ALU_64_0_64_0_65_unused_CO_X_HAN_CARLSON/_1020_/Y (OR4x1_ASAP7_75t_R)
   8.99  348.32 ^ extendedResult\\ALU_64_0_64_0_65_unused_CO_X_HAN_CARLSON/_1019_/Y (INVx1_ASAP7_75t_R)
  15.03  363.35 ^ extendedResult\\ALU_64_0_64_0_65_unused_CO_X_HAN_CARLSON/_1021_/Y (AO21x1_ASAP7_75t_R)
  28.93  392.28 ^ extendedResult\\ALU_64_0_64_0_65_unused_CO_X_HAN_CARLSON/_0654_/Y (AO221x2_ASAP7_75t_R)
  26.68  418.97 ^ extendedResult\\ALU_64_0_64_0_65_unused_CO_X_HAN_CARLSON/_0746_/Y (AO221x2_ASAP7_75t_R)
  35.40  454.36 ^ extendedResult\\ALU_64_0_64_0_65_unused_CO_X_HAN_CARLSON/_0550_/SN (FAx1_ASAP7_75t_R)
  11.84  466.20 v extendedResult\\ALU_64_0_64_0_65_unused_CO_X_HAN_CARLSON/_0967_/Y (INVx1_ASAP7_75t_R)
  27.85  494.05 v _7095_/Y (OR4x1_ASAP7_75t_R)
  26.69  520.74 v _7096_/Y (OR4x1_ASAP7_75t_R)
  28.08  548.81 v _7099_/Y (OR4x1_ASAP7_75t_R)
  38.07  586.89 v _7114_/Y (OR5x1_ASAP7_75t_R)
  20.67  607.56 v place1187/Y (BUFx3_ASAP7_75t_R)
   7.26  614.82 ^ _7243_/Y (NAND2x1_ASAP7_75t_R)
  18.08  632.90 ^ _7244_/Y (AO32x1_ASAP7_75t_R)
  18.36  651.25 ^ _7246_/Y (AO221x1_ASAP7_75t_R)
   0.05  651.30 ^ io_out_REG[0]$_DFF_P_/D (DFFHQNx1_ASAP7_75t_R)
         651.30   data arrival time

 300.00  300.00   clock clock (rise edge)
   0.00  300.00   clock source latency
   0.00  300.00 ^ clock (in)
  19.14  319.14 ^ clkbuf_0_clock/Y (BUFx16f_ASAP7_75t_R)
  20.03  339.17 ^ clkbuf_1_1__f_clock/Y (BUFx16f_ASAP7_75t_R)
  29.92  369.09 ^ clkbuf_leaf_14_clock/Y (BUFx24_ASAP7_75t_R)
   1.42  370.51 ^ io_out_REG[0]$_DFF_P_/CLK (DFFHQNx1_ASAP7_75t_R)
   5.31  375.82   clock reconvergence pessimism
  -5.83  369.98   library setup time
         369.98   data required time
---------------------------------------------------------
         369.98   data required time
        -651.30   data arrival time
---------------------------------------------------------
        -281.32   slack (VIOLATED)



==========================================================================
finish report_checks -path_delay min reg to reg
--------------------------------------------------------------------------
Startpoint: multResult_mult.pp_row0_1$_DFF_P_
            (rising edge-triggered flip-flop clocked by clock)
Endpoint: _tray_size4_2485 (rising edge-triggered flip-flop clocked by clock)
Path Group: clock
Path Type: min

  Delay    Time   Description
---------------------------------------------------------
   0.00    0.00   clock clock (rise edge)
   0.00    0.00   clock source latency
   0.00    0.00 ^ clock (in)
  19.14   19.14 ^ clkbuf_0_clock/Y (BUFx16f_ASAP7_75t_R)
  20.03   39.17 ^ clkbuf_1_1__f_clock/Y (BUFx16f_ASAP7_75t_R)
  28.41   67.58 ^ clkbuf_leaf_15_clock/Y (BUFx24_ASAP7_75t_R)
   1.30   68.88 ^ multResult_mult.pp_row0_1$_DFF_P_/CLK (DFFHQNx1_ASAP7_75t_R)
  34.78  103.66 ^ multResult_mult.pp_row0_1$_DFF_P_/QN (DFFHQNx1_ASAP7_75t_R)
   5.86  109.51 v _5514_/Y (INVx1_ASAP7_75t_R)
   0.06  109.57 v _tray_size4_2485/D2 (DFFHQNH2V2Xx1_ASAP7_75t_R)
         109.57   data arrival time

   0.00    0.00   clock clock (rise edge)
   0.00    0.00   clock source latency
   0.00    0.00 ^ clock (in)
  20.31   20.31 ^ clkbuf_0_clock/Y (BUFx16f_ASAP7_75t_R)
  21.50   41.81 ^ clkbuf_1_1__f_clock/Y (BUFx16f_ASAP7_75t_R)
  30.76   72.57 ^ clkbuf_leaf_15_clock/Y (BUFx24_ASAP7_75t_R)
   0.46   73.03 ^ _tray_size4_2485/CLK (DFFHQNH2V2Xx1_ASAP7_75t_R)
  -4.98   68.04   clock reconvergence pessimism
  12.87   80.91   library hold time
          80.91   data required time
---------------------------------------------------------
          80.91   data required time
        -109.57   data arrival time
---------------------------------------------------------
          28.66   slack (MET)



==========================================================================
finish critical path target clock latency max path
--------------------------------------------------------------------------
67.9074

==========================================================================
finish critical path target clock latency min path
--------------------------------------------------------------------------
79.2683

==========================================================================
finish critical path source clock latency min path
--------------------------------------------------------------------------
0.0000

==========================================================================
finish critical path delay
--------------------------------------------------------------------------
651.3042

==========================================================================
finish critical path slack
--------------------------------------------------------------------------
-281.3212

==========================================================================
finish slack div critical path delay
--------------------------------------------------------------------------
-43.193518

==========================================================================
finish report_power
--------------------------------------------------------------------------
Group                  Internal  Switching    Leakage      Total
                          Power      Power      Power      Power (Watts)
----------------------------------------------------------------
Sequential             7.54e-03   3.98e-04   1.75e-07   7.94e-03  15.3%
Combinational          1.66e-02   2.48e-02   7.79e-07   4.15e-02  80.0%
Clock                  1.46e-03   9.52e-04   1.58e-08   2.41e-03   4.7%
Macro                  0.00e+00   0.00e+00   0.00e+00   0.00e+00   0.0%
Pad                    0.00e+00   0.00e+00   0.00e+00   0.00e+00   0.0%
----------------------------------------------------------------
Total                  2.56e-02   2.62e-02   9.70e-07   5.18e-02 100.0%
                          49.4%      50.6%       0.0%
