
==========================================================================
cts final report_tns
--------------------------------------------------------------------------
tns max 0.00

==========================================================================
cts final report_wns
--------------------------------------------------------------------------
wns max 0.00

==========================================================================
cts final report_worst_slack
--------------------------------------------------------------------------
worst slack max 2.52

==========================================================================
cts final report_clock_min_period
--------------------------------------------------------------------------
main_clk period_min = 997.48 fmax = 1002.53

==========================================================================
cts final report_clock_skew
--------------------------------------------------------------------------
Clock main_clk
 250.87 source latency issue_stage_i.i_issue_read_operands.branch_predict_o[27]$_DFFE_PN0P_/CLK ^
-182.50 target latency gen_cache_hpd.i_cache_subsystem.i_cva6_icache.gen_sram[1].data_sram.gen_techno_cut.genblk1.i_tc_sram_wrapper/clk ^
  -0.93 CRPR
--------------
  67.43 setup skew


==========================================================================
cts final report_checks -path_delay min
--------------------------------------------------------------------------
Startpoint: gen_cache_hpd.i_cache_subsystem.i_cva6_icache.cl_tag_q[19]$_DFF_PN0_
            (rising edge-triggered flip-flop clocked by main_clk)
Endpoint: gen_cache_hpd.i_cache_subsystem.i_cva6_icache.gen_sram[1].tag_sram.gen_techno_cut.genblk1.i_tc_sram_wrapper
          (rising edge-triggered flip-flop clocked by main_clk)
Path Group: main_clk
Path Type: min

Fanout     Cap    Slew   Delay    Time   Description
-----------------------------------------------------------------------------
                          0.00    0.00   clock main_clk (rise edge)
                          0.00    0.00   clock source latency
     1   12.96    0.00    0.00    0.00 ^ clk_i (in)
                                         clk_i (net)
                 65.44   20.64   20.64 ^ wire46595/A (BUFx10_ASAP7_75t_SL)
     2   15.48   12.32   18.81   39.46 ^ wire46595/Y (BUFx10_ASAP7_75t_SL)
                                         net46420 (net)
                 89.21   27.93   67.39 ^ clkbuf_regs_0_main_clk/A (BUFx24_ASAP7_75t_SL)
     1    2.64   14.10   21.68   89.07 ^ clkbuf_regs_0_main_clk/Y (BUFx24_ASAP7_75t_SL)
                                         clk_i_regs (net)
                 14.10    0.36   89.43 ^ clkbuf_0_clk_i_regs/A (BUFx24_ASAP7_75t_SL)
     2   15.50   11.19   15.75  105.18 ^ clkbuf_0_clk_i_regs/Y (BUFx24_ASAP7_75t_SL)
                                         clknet_0_clk_i_regs (net)
                 25.82    7.45  112.63 ^ clkbuf_1_0_0_clk_i_regs/A (BUFx24_ASAP7_75t_SL)
     2   15.54   12.10   17.49  130.13 ^ clkbuf_1_0_0_clk_i_regs/Y (BUFx24_ASAP7_75t_SL)
                                         clknet_1_0_0_clk_i_regs (net)
                 26.55    7.65  137.78 ^ clkbuf_2_1_0_clk_i_regs/A (BUFx24_ASAP7_75t_SL)
     4   22.36   13.77   18.08  155.86 ^ clkbuf_2_1_0_clk_i_regs/Y (BUFx24_ASAP7_75t_SL)
                                         clknet_2_1_0_clk_i_regs (net)
                 27.38    7.41  163.28 ^ clkbuf_4_5_0_clk_i_regs/A (BUFx24_ASAP7_75t_SL)
     4   14.44   12.37   17.70  180.98 ^ clkbuf_4_5_0_clk_i_regs/Y (BUFx24_ASAP7_75t_SL)
                                         clknet_4_5_0_clk_i_regs (net)
                 19.60    5.14  186.12 ^ clkbuf_6_21__f_clk_i_regs/A (BUFx24_ASAP7_75t_SL)
     6   19.21   13.62   17.47  203.59 ^ clkbuf_6_21__f_clk_i_regs/Y (BUFx24_ASAP7_75t_SL)
                                         clknet_6_21__leaf_clk_i_regs (net)
                 14.64    1.56  205.15 ^ clkbuf_leaf_283_clk_i_regs/A (BUFx24_ASAP7_75t_SL)
    17   13.37   11.94   16.32  221.46 ^ clkbuf_leaf_283_clk_i_regs/Y (BUFx24_ASAP7_75t_SL)
                                         clknet_leaf_283_clk_i_regs (net)
                 11.94    0.22  221.69 ^ gen_cache_hpd.i_cache_subsystem.i_cva6_icache.cl_tag_q[19]$_DFF_PN0_/CLK (DFFASRHQNx1_ASAP7_75t_SL)
     2    1.03   13.23   29.15  250.84 ^ gen_cache_hpd.i_cache_subsystem.i_cva6_icache.cl_tag_q[19]$_DFF_PN0_/QN (DFFASRHQNx1_ASAP7_75t_SL)
                                         _007351_ (net)
                 13.23    0.03  250.87 ^ hold46612/A (BUFx2_ASAP7_75t_R)
     1    0.55    5.16   13.83  264.70 ^ hold46612/Y (BUFx2_ASAP7_75t_R)
                                         net46437 (net)
                  5.16    0.02  264.71 ^ _127269_/A (INVx1_ASAP7_75t_R)
     2   13.80   75.78   32.72  297.43 v _127269_/Y (INVx1_ASAP7_75t_R)
                                         gen_cache_hpd.i_cache_subsystem.i_cva6_icache.cl_tag_q[19] (net)
                 57.79    5.50  302.94 v gen_cache_hpd.i_cache_subsystem.i_cva6_icache.gen_sram[1].tag_sram.gen_techno_cut.genblk1.i_tc_sram_wrapper/wd_in[19] (fakeram7_64x25)
                                302.94   data arrival time

                          0.00    0.00   clock main_clk (rise edge)
                          0.00    0.00   clock source latency
     1   13.22    0.00    0.00    0.00 ^ clk_i (in)
                                         clk_i (net)
                 67.85   21.40   21.40 ^ wire46595/A (BUFx10_ASAP7_75t_SL)
     2   16.56   12.47   18.99   40.39 ^ wire46595/Y (BUFx10_ASAP7_75t_SL)
                                         net46420 (net)
                 99.11   31.08   71.47 ^ clkbuf_0_clk_i/A (BUFx24_ASAP7_75t_SL)
     2   15.54   17.43   22.99   94.46 ^ clkbuf_0_clk_i/Y (BUFx24_ASAP7_75t_SL)
                                         clknet_0_clk_i (net)
                 36.14   10.47  104.93 ^ clkbuf_1_1_0_clk_i/A (BUFx24_ASAP7_75t_SL)
     4  130.21   16.99   20.41  125.33 ^ clkbuf_1_1_0_clk_i/Y (BUFx24_ASAP7_75t_SL)
                                         clknet_1_1_0_clk_i (net)
                300.01  126.57  251.90 ^ gen_cache_hpd.i_cache_subsystem.i_cva6_icache.gen_sram[1].tag_sram.gen_techno_cut.genblk1.i_tc_sram_wrapper/clk (fakeram7_64x25)
                         -0.93  250.97   clock reconvergence pessimism
                         50.00  300.97   library hold time
                                300.97   data required time
-----------------------------------------------------------------------------
                                300.97   data required time
                               -302.94   data arrival time
-----------------------------------------------------------------------------
                                  1.97   slack (MET)



==========================================================================
cts final report_checks -path_delay max
--------------------------------------------------------------------------
Startpoint: issue_stage_i.i_issue_read_operands.mult_valid_o[1]$_DFF_PN0_
            (rising edge-triggered flip-flop clocked by main_clk)
Endpoint: ex_stage_i.i_mult.i_multiplier.mult_result_q[62]$_DFF_PN0_
          (rising edge-triggered flip-flop clocked by main_clk)
Path Group: main_clk
Path Type: max

Fanout     Cap    Slew   Delay    Time   Description
-----------------------------------------------------------------------------
                          0.00    0.00   clock main_clk (rise edge)
                          0.00    0.00   clock source latency
     1   13.22    0.00    0.00    0.00 ^ clk_i (in)
                                         clk_i (net)
                 67.85   21.40   21.40 ^ wire46595/A (BUFx10_ASAP7_75t_SL)
     2   16.56   12.47   18.99   40.39 ^ wire46595/Y (BUFx10_ASAP7_75t_SL)
                                         net46420 (net)
                 98.47   30.87   71.26 ^ clkbuf_regs_0_main_clk/A (BUFx24_ASAP7_75t_SL)
     1    3.17   14.93   22.14   93.39 ^ clkbuf_regs_0_main_clk/Y (BUFx24_ASAP7_75t_SL)
                                         clk_i_regs (net)
                 14.93    0.44   93.83 ^ clkbuf_0_clk_i_regs/A (BUFx24_ASAP7_75t_SL)
     2   16.57   11.33   15.92  109.75 ^ clkbuf_0_clk_i_regs/Y (BUFx24_ASAP7_75t_SL)
                                         clknet_0_clk_i_regs (net)
                 30.39    8.95  118.70 ^ clkbuf_1_1_0_clk_i_regs/A (BUFx24_ASAP7_75t_SL)
     2   15.50   11.67   17.64  136.35 ^ clkbuf_1_1_0_clk_i_regs/Y (BUFx24_ASAP7_75t_SL)
                                         clknet_1_1_0_clk_i_regs (net)
                 36.81   11.05  147.39 ^ clkbuf_2_2_0_clk_i_regs/A (BUFx24_ASAP7_75t_SL)
     4   25.26   14.31   19.18  166.58 ^ clkbuf_2_2_0_clk_i_regs/Y (BUFx24_ASAP7_75t_SL)
                                         clknet_2_2_0_clk_i_regs (net)
                 34.52    9.61  176.19 ^ clkbuf_4_9_0_clk_i_regs/A (BUFx24_ASAP7_75t_SL)
     4   17.15   14.09   19.06  195.24 ^ clkbuf_4_9_0_clk_i_regs/Y (BUFx24_ASAP7_75t_SL)
                                         clknet_4_9_0_clk_i_regs (net)
                 18.79    4.24  199.49 ^ clkbuf_6_36__f_clk_i_regs/A (BUFx24_ASAP7_75t_SL)
     6   20.65   14.13   17.54  217.02 ^ clkbuf_6_36__f_clk_i_regs/Y (BUFx24_ASAP7_75t_SL)
                                         clknet_6_36__leaf_clk_i_regs (net)
                 14.71    1.10  218.12 ^ clkbuf_leaf_32_clk_i_regs/A (BUFx24_ASAP7_75t_SL)
    24   19.31   13.96   17.07  235.19 ^ clkbuf_leaf_32_clk_i_regs/Y (BUFx24_ASAP7_75t_SL)
                                         clknet_leaf_32_clk_i_regs (net)
                 14.42    1.26  236.46 ^ issue_stage_i.i_issue_read_operands.mult_valid_o[1]$_DFF_PN0_/CLK (DFFASRHQNx1_ASAP7_75t_SL)
     2    4.43   28.76   37.13  273.58 v issue_stage_i.i_issue_read_operands.mult_valid_o[1]$_DFF_PN0_/QN (DFFASRHQNx1_ASAP7_75t_SL)
                                         _008174_ (net)
                 28.76    0.11  273.69 v place43877/A (BUFx3_ASAP7_75t_L)
     7    9.72   19.08   21.80  295.49 v place43877/Y (BUFx3_ASAP7_75t_L)
                                         net43702 (net)
                 19.10    0.36  295.85 v place43876/A (BUFx6f_ASAP7_75t_L)
     9    7.91   10.08   15.49  311.34 v place43876/Y (BUFx6f_ASAP7_75t_L)
                                         net43701 (net)
                 10.21    0.62  311.96 v place43873/A (BUFx6f_ASAP7_75t_L)
    10   10.38   11.89   14.38  326.33 v place43873/Y (BUFx6f_ASAP7_75t_L)
                                         net43698 (net)
                 12.02    0.69  327.02 v place43872/A (BUFx6f_ASAP7_75t_L)
    10   11.09   12.62   14.92  341.94 v place43872/Y (BUFx6f_ASAP7_75t_L)
                                         net43697 (net)
                 13.00    1.20  343.13 v place43871/A (BUFx6f_ASAP7_75t_L)
     7    7.19    9.25   13.75  356.88 v place43871/Y (BUFx6f_ASAP7_75t_L)
                                         net43696 (net)
                  9.42    0.68  357.56 v place43870/A (BUFx3_ASAP7_75t_L)
    10    9.70   18.41   17.71  375.27 v place43870/Y (BUFx3_ASAP7_75t_L)
                                         net43695 (net)
                 18.43    0.32  375.59 v _120518_/A1 (OA22x2_ASAP7_75t_R)
     9    7.55   25.16   29.19  404.79 v _120518_/Y (OA22x2_ASAP7_75t_R)
                                         _052399_ (net)
                 25.34    1.21  406.00 v place40486/A (BUFx3_ASAP7_75t_L)
     6    5.76   12.56   18.49  424.49 v place40486/Y (BUFx3_ASAP7_75t_L)
                                         net40311 (net)
                 12.64    0.54  425.03 v _125582_/B (OR2x2_ASAP7_75t_SL)
     1    2.02    8.67   14.01  439.04 v _125582_/Y (OR2x2_ASAP7_75t_SL)
                                         _009391_ (net)
                  8.68    0.17  439.22 v _197017_/CI (FAx1_ASAP7_75t_R)
     1    2.34   49.81   47.57  486.79 v _197017_/SN (FAx1_ASAP7_75t_R)
                                         _102964_ (net)
                 49.81    0.10  486.89 v _197022_/B (FAx1_ASAP7_75t_R)
     1    2.53   49.47   37.50  524.40 ^ _197022_/CON (FAx1_ASAP7_75t_R)
                                         _102962_ (net)
     1    0.86   27.10   15.46  539.85 v _197022_/SN (FAx1_ASAP7_75t_R)
                                         _009404_ (net)
                 27.10    0.05  539.90 v _130957_/A (INVx1_ASAP7_75t_R)
     1    2.17   19.72   15.43  555.33 ^ _130957_/Y (INVx1_ASAP7_75t_R)
                                         _009405_ (net)
                 19.72    0.11  555.43 ^ _197032_/A (FAx1_ASAP7_75t_R)
     1    2.47   52.51   52.28  607.71 v _197032_/SN (FAx1_ASAP7_75t_R)
                                         _102979_ (net)
                 52.51    0.16  607.87 v _197037_/B (FAx1_ASAP7_75t_R)
     1    1.84   41.38   53.59  661.46 v _197037_/SN (FAx1_ASAP7_75t_R)
                                         _103001_ (net)
                 41.38    0.11  661.57 v _197059_/CI (FAx1_ASAP7_75t_R)
     1    2.98   53.38   36.64  698.21 ^ _197059_/CON (FAx1_ASAP7_75t_R)
                                         _102999_ (net)
     1    2.25   49.35   23.34  721.55 v _197059_/SN (FAx1_ASAP7_75t_R)
                                         _103008_ (net)
                 49.35    0.14  721.69 v _197068_/A (FAx1_ASAP7_75t_R)
     1    2.24   48.99   55.72  777.41 v _197068_/SN (FAx1_ASAP7_75t_R)
                                         _103015_ (net)
                 48.99    0.14  777.54 v _197073_/A (FAx1_ASAP7_75t_R)
     1    0.83   27.74   37.33  814.87 v _197073_/SN (FAx1_ASAP7_75t_R)
                                         _009550_ (net)
                 27.74    0.04  814.91 v _129382_/A (INVx1_ASAP7_75t_R)
     1    2.48   21.56   16.60  831.51 ^ _129382_/Y (INVx1_ASAP7_75t_R)
                                         _009551_ (net)
                 21.57    0.24  831.76 ^ _197075_/A (FAx1_ASAP7_75t_R)
     1    0.85   28.13   30.17  861.93 ^ _197075_/SN (FAx1_ASAP7_75t_R)
                                         _009556_ (net)
                 28.13    0.04  861.97 ^ _129372_/A (INVx1_ASAP7_75t_R)
     1    1.40   13.60   11.08  873.05 v _129372_/Y (INVx1_ASAP7_75t_R)
                                         _009558_ (net)
                 13.60    0.12  873.17 v _198680_/B (HAxp5_ASAP7_75t_R)
     4    3.00   35.99   21.06  894.23 ^ _198680_/CON (HAxp5_ASAP7_75t_R)
                                         _014506_ (net)
     1    0.75   16.38   11.87  906.11 v _198680_/SN (HAxp5_ASAP7_75t_R)
                                         _014507_ (net)
                 16.38    0.02  906.13 v rebuffer46598/A (BUFx3_ASAP7_75t_L)
     4    2.96    7.93   14.53  920.66 v rebuffer46598/Y (BUFx3_ASAP7_75t_L)
                                         net46423 (net)
                  7.94    0.12  920.79 v _137360_/A (OR3x1_ASAP7_75t_R)
     1    0.73    9.13   18.75  939.54 v _137360_/Y (OR3x1_ASAP7_75t_R)
                                         _066165_ (net)
                  9.13    0.04  939.57 v _137361_/B (AND2x2_ASAP7_75t_R)
     1    0.59    5.16   13.95  953.52 v _137361_/Y (AND2x2_ASAP7_75t_R)
                                         _066166_ (net)
                  5.16    0.03  953.55 v _137363_/B (OA211x2_ASAP7_75t_R)
     2    2.33   13.60   27.30  980.85 v _137363_/Y (OA211x2_ASAP7_75t_R)
                                         _066168_ (net)
                 13.62    0.28  981.13 v _137369_/A1 (OA31x2_ASAP7_75t_R)
     3    4.00   17.09   22.57 1003.70 v _137369_/Y (OA31x2_ASAP7_75t_R)
                                         _066174_ (net)
                 17.18    0.71 1004.41 v _137374_/A1 (AO211x2_ASAP7_75t_R)
     2    2.69   11.30   21.00 1025.40 v _137374_/Y (AO211x2_ASAP7_75t_R)
                                         _066179_ (net)
                 11.35    0.39 1025.79 v _137380_/A1 (AO31x2_ASAP7_75t_R)
     3    3.82   13.54   17.54 1043.33 v _137380_/Y (AO31x2_ASAP7_75t_R)
                                         _066185_ (net)
                 13.69    0.79 1044.12 v _137382_/C1 (OA222x2_ASAP7_75t_SL)
     2    1.65   11.35   18.78 1062.91 v _137382_/Y (OA222x2_ASAP7_75t_SL)
                                         _066187_ (net)
                 11.35    0.09 1063.00 v _137383_/D (AND4x1_ASAP7_75t_SL)
     1    0.83    7.68   10.23 1073.23 v _137383_/Y (AND4x1_ASAP7_75t_SL)
                                         _066188_ (net)
                  7.68    0.04 1073.27 v _137386_/A2 (OA21x2_ASAP7_75t_SL)
     3    3.12   10.61   14.85 1088.12 v _137386_/Y (OA21x2_ASAP7_75t_SL)
                                         _066191_ (net)
                 10.63    0.27 1088.39 v _137387_/A (OR4x1_ASAP7_75t_SL)
     2    1.70   14.33   18.86 1107.25 v _137387_/Y (OR4x1_ASAP7_75t_SL)
                                         _066192_ (net)
                 14.34    0.09 1107.34 v _137392_/A1 (OA21x2_ASAP7_75t_SL)
     1    1.10    6.78   12.77 1120.11 v _137392_/Y (OA21x2_ASAP7_75t_SL)
                                         _066197_ (net)
                  6.79    0.09 1120.20 v _137393_/A2 (OA21x2_ASAP7_75t_SL)
     2    2.07    9.98   13.42 1133.62 v _137393_/Y (OA21x2_ASAP7_75t_SL)
                                         _066198_ (net)
                  9.98    0.08 1133.70 v _137394_/A2 (OA21x2_ASAP7_75t_SL)
     1    1.06    8.74   12.92 1146.62 v _137394_/Y (OA21x2_ASAP7_75t_SL)
                                         _066199_ (net)
                  8.74    0.08 1146.70 v _137395_/A2 (OA21x2_ASAP7_75t_SL)
     2    1.99    9.74   13.78 1160.48 v _137395_/Y (OA21x2_ASAP7_75t_SL)
                                         _066200_ (net)
                  9.74    0.07 1160.55 v _137396_/A2 (OA21x2_ASAP7_75t_SL)
     1    0.80    8.15   12.55 1173.10 v _137396_/Y (OA21x2_ASAP7_75t_SL)
                                         _066201_ (net)
                  8.15    0.03 1173.14 v _137397_/A2 (OA21x2_ASAP7_75t_SL)
     2    2.22   10.37   13.94 1187.07 v _137397_/Y (OA21x2_ASAP7_75t_SL)
                                         _066202_ (net)
                 10.37    0.08 1187.15 v _137398_/A2 (OA21x2_ASAP7_75t_SL)
     1    0.90    7.71   12.81 1199.96 v _137398_/Y (OA21x2_ASAP7_75t_SL)
                                         _066203_ (net)
                  7.71    0.05 1200.02 v _137399_/A2 (OA21x2_ASAP7_75t_SL)
     1    1.19    8.22   12.55 1212.56 v _137399_/Y (OA21x2_ASAP7_75t_SL)
                                         _066204_ (net)
                  8.22    0.05 1212.61 v _137400_/A (XOR2x2_ASAP7_75t_SL)
     1    0.80    7.14   17.37 1229.98 ^ _137400_/Y (XOR2x2_ASAP7_75t_SL)
                                         ex_stage_i.i_mult.i_multiplier.mult_result_d[62] (net)
                  7.14    0.04 1230.02 ^ ex_stage_i.i_mult.i_multiplier.mult_result_q[62]$_DFF_PN0_/D (DFFASRHQNx1_ASAP7_75t_SL)
                               1230.02   data arrival time

                       1000.00 1000.00   clock main_clk (rise edge)
                          0.00 1000.00   clock source latency
     1   12.96    0.00    0.00 1000.00 ^ clk_i (in)
                                         clk_i (net)
                 65.44   20.64 1020.64 ^ wire46595/A (BUFx10_ASAP7_75t_SL)
     2   15.48   12.32   18.81 1039.46 ^ wire46595/Y (BUFx10_ASAP7_75t_SL)
                                         net46420 (net)
                 89.21   27.93 1067.39 ^ clkbuf_regs_0_main_clk/A (BUFx24_ASAP7_75t_SL)
     1    2.64   14.10   21.68 1089.07 ^ clkbuf_regs_0_main_clk/Y (BUFx24_ASAP7_75t_SL)
                                         clk_i_regs (net)
                 14.10    0.36 1089.43 ^ clkbuf_0_clk_i_regs/A (BUFx24_ASAP7_75t_SL)
     2   15.50   11.19   15.75 1105.18 ^ clkbuf_0_clk_i_regs/Y (BUFx24_ASAP7_75t_SL)
                                         clknet_0_clk_i_regs (net)
                 25.82    7.45 1112.63 ^ clkbuf_1_0_0_clk_i_regs/A (BUFx24_ASAP7_75t_SL)
     2   15.54   12.10   17.49 1130.13 ^ clkbuf_1_0_0_clk_i_regs/Y (BUFx24_ASAP7_75t_SL)
                                         clknet_1_0_0_clk_i_regs (net)
                 28.19    8.22 1138.35 ^ clkbuf_2_0_0_clk_i_regs/A (BUFx24_ASAP7_75t_SL)
     4   21.33   12.31   17.67 1156.02 ^ clkbuf_2_0_0_clk_i_regs/Y (BUFx24_ASAP7_75t_SL)
                                         clknet_2_0_0_clk_i_regs (net)
                 36.84   10.71 1166.73 ^ clkbuf_4_0_0_clk_i_regs/A (BUFx24_ASAP7_75t_SL)
     4   14.73   13.33   18.94 1185.67 ^ clkbuf_4_0_0_clk_i_regs/Y (BUFx24_ASAP7_75t_SL)
                                         clknet_4_0_0_clk_i_regs (net)
                 19.48    4.87 1190.54 ^ clkbuf_6_2__f_clk_i_regs/A (BUFx24_ASAP7_75t_SL)
     6   19.38   10.47   16.13 1206.67 ^ clkbuf_6_2__f_clk_i_regs/Y (BUFx24_ASAP7_75t_SL)
                                         clknet_6_2__leaf_clk_i_regs (net)
                 35.10   10.18 1216.85 ^ clkbuf_leaf_7_clk_i_regs/A (BUFx24_ASAP7_75t_SL)
    21   14.39   13.71   19.21 1236.06 ^ clkbuf_leaf_7_clk_i_regs/Y (BUFx24_ASAP7_75t_SL)
                                         clknet_leaf_7_clk_i_regs (net)
                 13.72    0.36 1236.43 ^ ex_stage_i.i_mult.i_multiplier.mult_result_q[62]$_DFF_PN0_/CLK (DFFASRHQNx1_ASAP7_75t_SL)
                          4.57 1240.99   clock reconvergence pessimism
                         -8.45 1232.54   library setup time
                               1232.54   data required time
-----------------------------------------------------------------------------
                               1232.54   data required time
                               -1230.02   data arrival time
-----------------------------------------------------------------------------
                                  2.52   slack (MET)



==========================================================================
cts final report_checks -unconstrained
--------------------------------------------------------------------------
Startpoint: issue_stage_i.i_issue_read_operands.mult_valid_o[1]$_DFF_PN0_
            (rising edge-triggered flip-flop clocked by main_clk)
Endpoint: ex_stage_i.i_mult.i_multiplier.mult_result_q[62]$_DFF_PN0_
          (rising edge-triggered flip-flop clocked by main_clk)
Path Group: main_clk
Path Type: max

Fanout     Cap    Slew   Delay    Time   Description
-----------------------------------------------------------------------------
                          0.00    0.00   clock main_clk (rise edge)
                          0.00    0.00   clock source latency
     1   13.22    0.00    0.00    0.00 ^ clk_i (in)
                                         clk_i (net)
                 67.85   21.40   21.40 ^ wire46595/A (BUFx10_ASAP7_75t_SL)
     2   16.56   12.47   18.99   40.39 ^ wire46595/Y (BUFx10_ASAP7_75t_SL)
                                         net46420 (net)
                 98.47   30.87   71.26 ^ clkbuf_regs_0_main_clk/A (BUFx24_ASAP7_75t_SL)
     1    3.17   14.93   22.14   93.39 ^ clkbuf_regs_0_main_clk/Y (BUFx24_ASAP7_75t_SL)
                                         clk_i_regs (net)
                 14.93    0.44   93.83 ^ clkbuf_0_clk_i_regs/A (BUFx24_ASAP7_75t_SL)
     2   16.57   11.33   15.92  109.75 ^ clkbuf_0_clk_i_regs/Y (BUFx24_ASAP7_75t_SL)
                                         clknet_0_clk_i_regs (net)
                 30.39    8.95  118.70 ^ clkbuf_1_1_0_clk_i_regs/A (BUFx24_ASAP7_75t_SL)
     2   15.50   11.67   17.64  136.35 ^ clkbuf_1_1_0_clk_i_regs/Y (BUFx24_ASAP7_75t_SL)
                                         clknet_1_1_0_clk_i_regs (net)
                 36.81   11.05  147.39 ^ clkbuf_2_2_0_clk_i_regs/A (BUFx24_ASAP7_75t_SL)
     4   25.26   14.31   19.18  166.58 ^ clkbuf_2_2_0_clk_i_regs/Y (BUFx24_ASAP7_75t_SL)
                                         clknet_2_2_0_clk_i_regs (net)
                 34.52    9.61  176.19 ^ clkbuf_4_9_0_clk_i_regs/A (BUFx24_ASAP7_75t_SL)
     4   17.15   14.09   19.06  195.24 ^ clkbuf_4_9_0_clk_i_regs/Y (BUFx24_ASAP7_75t_SL)
                                         clknet_4_9_0_clk_i_regs (net)
                 18.79    4.24  199.49 ^ clkbuf_6_36__f_clk_i_regs/A (BUFx24_ASAP7_75t_SL)
     6   20.65   14.13   17.54  217.02 ^ clkbuf_6_36__f_clk_i_regs/Y (BUFx24_ASAP7_75t_SL)
                                         clknet_6_36__leaf_clk_i_regs (net)
                 14.71    1.10  218.12 ^ clkbuf_leaf_32_clk_i_regs/A (BUFx24_ASAP7_75t_SL)
    24   19.31   13.96   17.07  235.19 ^ clkbuf_leaf_32_clk_i_regs/Y (BUFx24_ASAP7_75t_SL)
                                         clknet_leaf_32_clk_i_regs (net)
                 14.42    1.26  236.46 ^ issue_stage_i.i_issue_read_operands.mult_valid_o[1]$_DFF_PN0_/CLK (DFFASRHQNx1_ASAP7_75t_SL)
     2    4.43   28.76   37.13  273.58 v issue_stage_i.i_issue_read_operands.mult_valid_o[1]$_DFF_PN0_/QN (DFFASRHQNx1_ASAP7_75t_SL)
                                         _008174_ (net)
                 28.76    0.11  273.69 v place43877/A (BUFx3_ASAP7_75t_L)
     7    9.72   19.08   21.80  295.49 v place43877/Y (BUFx3_ASAP7_75t_L)
                                         net43702 (net)
                 19.10    0.36  295.85 v place43876/A (BUFx6f_ASAP7_75t_L)
     9    7.91   10.08   15.49  311.34 v place43876/Y (BUFx6f_ASAP7_75t_L)
                                         net43701 (net)
                 10.21    0.62  311.96 v place43873/A (BUFx6f_ASAP7_75t_L)
    10   10.38   11.89   14.38  326.33 v place43873/Y (BUFx6f_ASAP7_75t_L)
                                         net43698 (net)
                 12.02    0.69  327.02 v place43872/A (BUFx6f_ASAP7_75t_L)
    10   11.09   12.62   14.92  341.94 v place43872/Y (BUFx6f_ASAP7_75t_L)
                                         net43697 (net)
                 13.00    1.20  343.13 v place43871/A (BUFx6f_ASAP7_75t_L)
     7    7.19    9.25   13.75  356.88 v place43871/Y (BUFx6f_ASAP7_75t_L)
                                         net43696 (net)
                  9.42    0.68  357.56 v place43870/A (BUFx3_ASAP7_75t_L)
    10    9.70   18.41   17.71  375.27 v place43870/Y (BUFx3_ASAP7_75t_L)
                                         net43695 (net)
                 18.43    0.32  375.59 v _120518_/A1 (OA22x2_ASAP7_75t_R)
     9    7.55   25.16   29.19  404.79 v _120518_/Y (OA22x2_ASAP7_75t_R)
                                         _052399_ (net)
                 25.34    1.21  406.00 v place40486/A (BUFx3_ASAP7_75t_L)
     6    5.76   12.56   18.49  424.49 v place40486/Y (BUFx3_ASAP7_75t_L)
                                         net40311 (net)
                 12.64    0.54  425.03 v _125582_/B (OR2x2_ASAP7_75t_SL)
     1    2.02    8.67   14.01  439.04 v _125582_/Y (OR2x2_ASAP7_75t_SL)
                                         _009391_ (net)
                  8.68    0.17  439.22 v _197017_/CI (FAx1_ASAP7_75t_R)
     1    2.34   49.81   47.57  486.79 v _197017_/SN (FAx1_ASAP7_75t_R)
                                         _102964_ (net)
                 49.81    0.10  486.89 v _197022_/B (FAx1_ASAP7_75t_R)
     1    2.53   49.47   37.50  524.40 ^ _197022_/CON (FAx1_ASAP7_75t_R)
                                         _102962_ (net)
     1    0.86   27.10   15.46  539.85 v _197022_/SN (FAx1_ASAP7_75t_R)
                                         _009404_ (net)
                 27.10    0.05  539.90 v _130957_/A (INVx1_ASAP7_75t_R)
     1    2.17   19.72   15.43  555.33 ^ _130957_/Y (INVx1_ASAP7_75t_R)
                                         _009405_ (net)
                 19.72    0.11  555.43 ^ _197032_/A (FAx1_ASAP7_75t_R)
     1    2.47   52.51   52.28  607.71 v _197032_/SN (FAx1_ASAP7_75t_R)
                                         _102979_ (net)
                 52.51    0.16  607.87 v _197037_/B (FAx1_ASAP7_75t_R)
     1    1.84   41.38   53.59  661.46 v _197037_/SN (FAx1_ASAP7_75t_R)
                                         _103001_ (net)
                 41.38    0.11  661.57 v _197059_/CI (FAx1_ASAP7_75t_R)
     1    2.98   53.38   36.64  698.21 ^ _197059_/CON (FAx1_ASAP7_75t_R)
                                         _102999_ (net)
     1    2.25   49.35   23.34  721.55 v _197059_/SN (FAx1_ASAP7_75t_R)
                                         _103008_ (net)
                 49.35    0.14  721.69 v _197068_/A (FAx1_ASAP7_75t_R)
     1    2.24   48.99   55.72  777.41 v _197068_/SN (FAx1_ASAP7_75t_R)
                                         _103015_ (net)
                 48.99    0.14  777.54 v _197073_/A (FAx1_ASAP7_75t_R)
     1    0.83   27.74   37.33  814.87 v _197073_/SN (FAx1_ASAP7_75t_R)
                                         _009550_ (net)
                 27.74    0.04  814.91 v _129382_/A (INVx1_ASAP7_75t_R)
     1    2.48   21.56   16.60  831.51 ^ _129382_/Y (INVx1_ASAP7_75t_R)
                                         _009551_ (net)
                 21.57    0.24  831.76 ^ _197075_/A (FAx1_ASAP7_75t_R)
     1    0.85   28.13   30.17  861.93 ^ _197075_/SN (FAx1_ASAP7_75t_R)
                                         _009556_ (net)
                 28.13    0.04  861.97 ^ _129372_/A (INVx1_ASAP7_75t_R)
     1    1.40   13.60   11.08  873.05 v _129372_/Y (INVx1_ASAP7_75t_R)
                                         _009558_ (net)
                 13.60    0.12  873.17 v _198680_/B (HAxp5_ASAP7_75t_R)
     4    3.00   35.99   21.06  894.23 ^ _198680_/CON (HAxp5_ASAP7_75t_R)
                                         _014506_ (net)
     1    0.75   16.38   11.87  906.11 v _198680_/SN (HAxp5_ASAP7_75t_R)
                                         _014507_ (net)
                 16.38    0.02  906.13 v rebuffer46598/A (BUFx3_ASAP7_75t_L)
     4    2.96    7.93   14.53  920.66 v rebuffer46598/Y (BUFx3_ASAP7_75t_L)
                                         net46423 (net)
                  7.94    0.12  920.79 v _137360_/A (OR3x1_ASAP7_75t_R)
     1    0.73    9.13   18.75  939.54 v _137360_/Y (OR3x1_ASAP7_75t_R)
                                         _066165_ (net)
                  9.13    0.04  939.57 v _137361_/B (AND2x2_ASAP7_75t_R)
     1    0.59    5.16   13.95  953.52 v _137361_/Y (AND2x2_ASAP7_75t_R)
                                         _066166_ (net)
                  5.16    0.03  953.55 v _137363_/B (OA211x2_ASAP7_75t_R)
     2    2.33   13.60   27.30  980.85 v _137363_/Y (OA211x2_ASAP7_75t_R)
                                         _066168_ (net)
                 13.62    0.28  981.13 v _137369_/A1 (OA31x2_ASAP7_75t_R)
     3    4.00   17.09   22.57 1003.70 v _137369_/Y (OA31x2_ASAP7_75t_R)
                                         _066174_ (net)
                 17.18    0.71 1004.41 v _137374_/A1 (AO211x2_ASAP7_75t_R)
     2    2.69   11.30   21.00 1025.40 v _137374_/Y (AO211x2_ASAP7_75t_R)
                                         _066179_ (net)
                 11.35    0.39 1025.79 v _137380_/A1 (AO31x2_ASAP7_75t_R)
     3    3.82   13.54   17.54 1043.33 v _137380_/Y (AO31x2_ASAP7_75t_R)
                                         _066185_ (net)
                 13.69    0.79 1044.12 v _137382_/C1 (OA222x2_ASAP7_75t_SL)
     2    1.65   11.35   18.78 1062.91 v _137382_/Y (OA222x2_ASAP7_75t_SL)
                                         _066187_ (net)
                 11.35    0.09 1063.00 v _137383_/D (AND4x1_ASAP7_75t_SL)
     1    0.83    7.68   10.23 1073.23 v _137383_/Y (AND4x1_ASAP7_75t_SL)
                                         _066188_ (net)
                  7.68    0.04 1073.27 v _137386_/A2 (OA21x2_ASAP7_75t_SL)
     3    3.12   10.61   14.85 1088.12 v _137386_/Y (OA21x2_ASAP7_75t_SL)
                                         _066191_ (net)
                 10.63    0.27 1088.39 v _137387_/A (OR4x1_ASAP7_75t_SL)
     2    1.70   14.33   18.86 1107.25 v _137387_/Y (OR4x1_ASAP7_75t_SL)
                                         _066192_ (net)
                 14.34    0.09 1107.34 v _137392_/A1 (OA21x2_ASAP7_75t_SL)
     1    1.10    6.78   12.77 1120.11 v _137392_/Y (OA21x2_ASAP7_75t_SL)
                                         _066197_ (net)
                  6.79    0.09 1120.20 v _137393_/A2 (OA21x2_ASAP7_75t_SL)
     2    2.07    9.98   13.42 1133.62 v _137393_/Y (OA21x2_ASAP7_75t_SL)
                                         _066198_ (net)
                  9.98    0.08 1133.70 v _137394_/A2 (OA21x2_ASAP7_75t_SL)
     1    1.06    8.74   12.92 1146.62 v _137394_/Y (OA21x2_ASAP7_75t_SL)
                                         _066199_ (net)
                  8.74    0.08 1146.70 v _137395_/A2 (OA21x2_ASAP7_75t_SL)
     2    1.99    9.74   13.78 1160.48 v _137395_/Y (OA21x2_ASAP7_75t_SL)
                                         _066200_ (net)
                  9.74    0.07 1160.55 v _137396_/A2 (OA21x2_ASAP7_75t_SL)
     1    0.80    8.15   12.55 1173.10 v _137396_/Y (OA21x2_ASAP7_75t_SL)
                                         _066201_ (net)
                  8.15    0.03 1173.14 v _137397_/A2 (OA21x2_ASAP7_75t_SL)
     2    2.22   10.37   13.94 1187.07 v _137397_/Y (OA21x2_ASAP7_75t_SL)
                                         _066202_ (net)
                 10.37    0.08 1187.15 v _137398_/A2 (OA21x2_ASAP7_75t_SL)
     1    0.90    7.71   12.81 1199.96 v _137398_/Y (OA21x2_ASAP7_75t_SL)
                                         _066203_ (net)
                  7.71    0.05 1200.02 v _137399_/A2 (OA21x2_ASAP7_75t_SL)
     1    1.19    8.22   12.55 1212.56 v _137399_/Y (OA21x2_ASAP7_75t_SL)
                                         _066204_ (net)
                  8.22    0.05 1212.61 v _137400_/A (XOR2x2_ASAP7_75t_SL)
     1    0.80    7.14   17.37 1229.98 ^ _137400_/Y (XOR2x2_ASAP7_75t_SL)
                                         ex_stage_i.i_mult.i_multiplier.mult_result_d[62] (net)
                  7.14    0.04 1230.02 ^ ex_stage_i.i_mult.i_multiplier.mult_result_q[62]$_DFF_PN0_/D (DFFASRHQNx1_ASAP7_75t_SL)
                               1230.02   data arrival time

                       1000.00 1000.00   clock main_clk (rise edge)
                          0.00 1000.00   clock source latency
     1   12.96    0.00    0.00 1000.00 ^ clk_i (in)
                                         clk_i (net)
                 65.44   20.64 1020.64 ^ wire46595/A (BUFx10_ASAP7_75t_SL)
     2   15.48   12.32   18.81 1039.46 ^ wire46595/Y (BUFx10_ASAP7_75t_SL)
                                         net46420 (net)
                 89.21   27.93 1067.39 ^ clkbuf_regs_0_main_clk/A (BUFx24_ASAP7_75t_SL)
     1    2.64   14.10   21.68 1089.07 ^ clkbuf_regs_0_main_clk/Y (BUFx24_ASAP7_75t_SL)
                                         clk_i_regs (net)
                 14.10    0.36 1089.43 ^ clkbuf_0_clk_i_regs/A (BUFx24_ASAP7_75t_SL)
     2   15.50   11.19   15.75 1105.18 ^ clkbuf_0_clk_i_regs/Y (BUFx24_ASAP7_75t_SL)
                                         clknet_0_clk_i_regs (net)
                 25.82    7.45 1112.63 ^ clkbuf_1_0_0_clk_i_regs/A (BUFx24_ASAP7_75t_SL)
     2   15.54   12.10   17.49 1130.13 ^ clkbuf_1_0_0_clk_i_regs/Y (BUFx24_ASAP7_75t_SL)
                                         clknet_1_0_0_clk_i_regs (net)
                 28.19    8.22 1138.35 ^ clkbuf_2_0_0_clk_i_regs/A (BUFx24_ASAP7_75t_SL)
     4   21.33   12.31   17.67 1156.02 ^ clkbuf_2_0_0_clk_i_regs/Y (BUFx24_ASAP7_75t_SL)
                                         clknet_2_0_0_clk_i_regs (net)
                 36.84   10.71 1166.73 ^ clkbuf_4_0_0_clk_i_regs/A (BUFx24_ASAP7_75t_SL)
     4   14.73   13.33   18.94 1185.67 ^ clkbuf_4_0_0_clk_i_regs/Y (BUFx24_ASAP7_75t_SL)
                                         clknet_4_0_0_clk_i_regs (net)
                 19.48    4.87 1190.54 ^ clkbuf_6_2__f_clk_i_regs/A (BUFx24_ASAP7_75t_SL)
     6   19.38   10.47   16.13 1206.67 ^ clkbuf_6_2__f_clk_i_regs/Y (BUFx24_ASAP7_75t_SL)
                                         clknet_6_2__leaf_clk_i_regs (net)
                 35.10   10.18 1216.85 ^ clkbuf_leaf_7_clk_i_regs/A (BUFx24_ASAP7_75t_SL)
    21   14.39   13.71   19.21 1236.06 ^ clkbuf_leaf_7_clk_i_regs/Y (BUFx24_ASAP7_75t_SL)
                                         clknet_leaf_7_clk_i_regs (net)
                 13.72    0.36 1236.43 ^ ex_stage_i.i_mult.i_multiplier.mult_result_q[62]$_DFF_PN0_/CLK (DFFASRHQNx1_ASAP7_75t_SL)
                          4.57 1240.99   clock reconvergence pessimism
                         -8.45 1232.54   library setup time
                               1232.54   data required time
-----------------------------------------------------------------------------
                               1232.54   data required time
                               -1230.02   data arrival time
-----------------------------------------------------------------------------
                                  2.52   slack (MET)



==========================================================================
cts final report_check_types -max_slew -max_cap -max_fanout -violators
--------------------------------------------------------------------------
max fanout

Pin                                   Limit Fanout  Slack
---------------------------------------------------------
clkbuf_leaf_162_clk_i_regs/Y             10     28    -18 (VIOLATED)
clkbuf_leaf_164_clk_i_regs/Y             10     28    -18 (VIOLATED)
clkbuf_leaf_217_clk_i_regs/Y             10     28    -18 (VIOLATED)
clkbuf_leaf_34_clk_i_regs/Y              10     28    -18 (VIOLATED)
clkbuf_leaf_35_clk_i_regs/Y              10     28    -18 (VIOLATED)
clkbuf_leaf_212_clk_i_regs/Y             10     27    -17 (VIOLATED)
clkbuf_leaf_30_clk_i_regs/Y              10     27    -17 (VIOLATED)
clkbuf_leaf_312_clk_i_regs/Y             10     27    -17 (VIOLATED)
clkbuf_leaf_317_clk_i_regs/Y             10     27    -17 (VIOLATED)
clkbuf_leaf_318_clk_i_regs/Y             10     27    -17 (VIOLATED)
clkbuf_leaf_324_clk_i_regs/Y             10     27    -17 (VIOLATED)
clkbuf_leaf_33_clk_i_regs/Y              10     27    -17 (VIOLATED)
clkbuf_leaf_109_clk_i_regs/Y             10     26    -16 (VIOLATED)
clkbuf_leaf_10_clk_i_regs/Y              10     26    -16 (VIOLATED)
clkbuf_leaf_110_clk_i_regs/Y             10     26    -16 (VIOLATED)
clkbuf_leaf_118_clk_i_regs/Y             10     26    -16 (VIOLATED)
clkbuf_leaf_11_clk_i_regs/Y              10     26    -16 (VIOLATED)
clkbuf_leaf_149_clk_i_regs/Y             10     26    -16 (VIOLATED)
clkbuf_leaf_153_clk_i_regs/Y             10     26    -16 (VIOLATED)
clkbuf_leaf_155_clk_i_regs/Y             10     26    -16 (VIOLATED)
clkbuf_leaf_156_clk_i_regs/Y             10     26    -16 (VIOLATED)
clkbuf_leaf_161_clk_i_regs/Y             10     26    -16 (VIOLATED)
clkbuf_leaf_163_clk_i_regs/Y             10     26    -16 (VIOLATED)
clkbuf_leaf_169_clk_i_regs/Y             10     26    -16 (VIOLATED)
clkbuf_leaf_173_clk_i_regs/Y             10     26    -16 (VIOLATED)
clkbuf_leaf_189_clk_i_regs/Y             10     26    -16 (VIOLATED)
clkbuf_leaf_18_clk_i_regs/Y              10     26    -16 (VIOLATED)
clkbuf_leaf_190_clk_i_regs/Y             10     26    -16 (VIOLATED)
clkbuf_leaf_196_clk_i_regs/Y             10     26    -16 (VIOLATED)
clkbuf_leaf_198_clk_i_regs/Y             10     26    -16 (VIOLATED)
clkbuf_leaf_199_clk_i_regs/Y             10     26    -16 (VIOLATED)
clkbuf_leaf_203_clk_i_regs/Y             10     26    -16 (VIOLATED)
clkbuf_leaf_215_clk_i_regs/Y             10     26    -16 (VIOLATED)
clkbuf_leaf_233_clk_i_regs/Y             10     26    -16 (VIOLATED)
clkbuf_leaf_259_clk_i_regs/Y             10     26    -16 (VIOLATED)
clkbuf_leaf_262_clk_i_regs/Y             10     26    -16 (VIOLATED)
clkbuf_leaf_299_clk_i_regs/Y             10     26    -16 (VIOLATED)
clkbuf_leaf_29_clk_i_regs/Y              10     26    -16 (VIOLATED)
clkbuf_leaf_319_clk_i_regs/Y             10     26    -16 (VIOLATED)
clkbuf_leaf_333_clk_i_regs/Y             10     26    -16 (VIOLATED)
clkbuf_leaf_334_clk_i_regs/Y             10     26    -16 (VIOLATED)
clkbuf_leaf_340_clk_i_regs/Y             10     26    -16 (VIOLATED)
clkbuf_leaf_348_clk_i_regs/Y             10     26    -16 (VIOLATED)
clkbuf_leaf_49_clk_i_regs/Y              10     26    -16 (VIOLATED)
clkbuf_leaf_9_clk_i_regs/Y               10     26    -16 (VIOLATED)
clkbuf_leaf_111_clk_i_regs/Y             10     25    -15 (VIOLATED)
clkbuf_leaf_113_clk_i_regs/Y             10     25    -15 (VIOLATED)
clkbuf_leaf_114_clk_i_regs/Y             10     25    -15 (VIOLATED)
clkbuf_leaf_126_clk_i_regs/Y             10     25    -15 (VIOLATED)
clkbuf_leaf_12_clk_i_regs/Y              10     25    -15 (VIOLATED)
clkbuf_leaf_135_clk_i_regs/Y             10     25    -15 (VIOLATED)
clkbuf_leaf_147_clk_i_regs/Y             10     25    -15 (VIOLATED)
clkbuf_leaf_148_clk_i_regs/Y             10     25    -15 (VIOLATED)
clkbuf_leaf_177_clk_i_regs/Y             10     25    -15 (VIOLATED)
clkbuf_leaf_178_clk_i_regs/Y             10     25    -15 (VIOLATED)
clkbuf_leaf_180_clk_i_regs/Y             10     25    -15 (VIOLATED)
clkbuf_leaf_183_clk_i_regs/Y             10     25    -15 (VIOLATED)
clkbuf_leaf_186_clk_i_regs/Y             10     25    -15 (VIOLATED)
clkbuf_leaf_192_clk_i_regs/Y             10     25    -15 (VIOLATED)
clkbuf_leaf_195_clk_i_regs/Y             10     25    -15 (VIOLATED)
clkbuf_leaf_200_clk_i_regs/Y             10     25    -15 (VIOLATED)
clkbuf_leaf_201_clk_i_regs/Y             10     25    -15 (VIOLATED)
clkbuf_leaf_204_clk_i_regs/Y             10     25    -15 (VIOLATED)
clkbuf_leaf_216_clk_i_regs/Y             10     25    -15 (VIOLATED)
clkbuf_leaf_218_clk_i_regs/Y             10     25    -15 (VIOLATED)
clkbuf_leaf_219_clk_i_regs/Y             10     25    -15 (VIOLATED)
clkbuf_leaf_225_clk_i_regs/Y             10     25    -15 (VIOLATED)
clkbuf_leaf_237_clk_i_regs/Y             10     25    -15 (VIOLATED)
clkbuf_leaf_238_clk_i_regs/Y             10     25    -15 (VIOLATED)
clkbuf_leaf_239_clk_i_regs/Y             10     25    -15 (VIOLATED)
clkbuf_leaf_241_clk_i_regs/Y             10     25    -15 (VIOLATED)
clkbuf_leaf_243_clk_i_regs/Y             10     25    -15 (VIOLATED)
clkbuf_leaf_245_clk_i_regs/Y             10     25    -15 (VIOLATED)
clkbuf_leaf_254_clk_i_regs/Y             10     25    -15 (VIOLATED)
clkbuf_leaf_255_clk_i_regs/Y             10     25    -15 (VIOLATED)
clkbuf_leaf_257_clk_i_regs/Y             10     25    -15 (VIOLATED)
clkbuf_leaf_25_clk_i_regs/Y              10     25    -15 (VIOLATED)
clkbuf_leaf_265_clk_i_regs/Y             10     25    -15 (VIOLATED)
clkbuf_leaf_26_clk_i_regs/Y              10     25    -15 (VIOLATED)
clkbuf_leaf_272_clk_i_regs/Y             10     25    -15 (VIOLATED)
clkbuf_leaf_287_clk_i_regs/Y             10     25    -15 (VIOLATED)
clkbuf_leaf_288_clk_i_regs/Y             10     25    -15 (VIOLATED)
clkbuf_leaf_289_clk_i_regs/Y             10     25    -15 (VIOLATED)
clkbuf_leaf_294_clk_i_regs/Y             10     25    -15 (VIOLATED)
clkbuf_leaf_307_clk_i_regs/Y             10     25    -15 (VIOLATED)
clkbuf_leaf_321_clk_i_regs/Y             10     25    -15 (VIOLATED)
clkbuf_leaf_330_clk_i_regs/Y             10     25    -15 (VIOLATED)
clkbuf_leaf_347_clk_i_regs/Y             10     25    -15 (VIOLATED)
clkbuf_leaf_38_clk_i_regs/Y              10     25    -15 (VIOLATED)
clkbuf_leaf_44_clk_i_regs/Y              10     25    -15 (VIOLATED)
clkbuf_leaf_46_clk_i_regs/Y              10     25    -15 (VIOLATED)
clkbuf_leaf_53_clk_i_regs/Y              10     25    -15 (VIOLATED)
clkbuf_leaf_67_clk_i_regs/Y              10     25    -15 (VIOLATED)
clkbuf_leaf_115_clk_i_regs/Y             10     24    -14 (VIOLATED)
clkbuf_leaf_116_clk_i_regs/Y             10     24    -14 (VIOLATED)
clkbuf_leaf_127_clk_i_regs/Y             10     24    -14 (VIOLATED)
clkbuf_leaf_128_clk_i_regs/Y             10     24    -14 (VIOLATED)
clkbuf_leaf_129_clk_i_regs/Y             10     24    -14 (VIOLATED)
clkbuf_leaf_131_clk_i_regs/Y             10     24    -14 (VIOLATED)
clkbuf_leaf_133_clk_i_regs/Y             10     24    -14 (VIOLATED)
clkbuf_leaf_141_clk_i_regs/Y             10     24    -14 (VIOLATED)
clkbuf_leaf_142_clk_i_regs/Y             10     24    -14 (VIOLATED)
clkbuf_leaf_143_clk_i_regs/Y             10     24    -14 (VIOLATED)
clkbuf_leaf_144_clk_i_regs/Y             10     24    -14 (VIOLATED)
clkbuf_leaf_145_clk_i_regs/Y             10     24    -14 (VIOLATED)
clkbuf_leaf_158_clk_i_regs/Y             10     24    -14 (VIOLATED)
clkbuf_leaf_160_clk_i_regs/Y             10     24    -14 (VIOLATED)
clkbuf_leaf_175_clk_i_regs/Y             10     24    -14 (VIOLATED)
clkbuf_leaf_176_clk_i_regs/Y             10     24    -14 (VIOLATED)
clkbuf_leaf_179_clk_i_regs/Y             10     24    -14 (VIOLATED)
clkbuf_leaf_184_clk_i_regs/Y             10     24    -14 (VIOLATED)
clkbuf_leaf_185_clk_i_regs/Y             10     24    -14 (VIOLATED)
clkbuf_leaf_197_clk_i_regs/Y             10     24    -14 (VIOLATED)
clkbuf_leaf_209_clk_i_regs/Y             10     24    -14 (VIOLATED)
clkbuf_leaf_214_clk_i_regs/Y             10     24    -14 (VIOLATED)
clkbuf_leaf_220_clk_i_regs/Y             10     24    -14 (VIOLATED)
clkbuf_leaf_227_clk_i_regs/Y             10     24    -14 (VIOLATED)
clkbuf_leaf_236_clk_i_regs/Y             10     24    -14 (VIOLATED)
clkbuf_leaf_240_clk_i_regs/Y             10     24    -14 (VIOLATED)
clkbuf_leaf_247_clk_i_regs/Y             10     24    -14 (VIOLATED)
clkbuf_leaf_260_clk_i_regs/Y             10     24    -14 (VIOLATED)
clkbuf_leaf_263_clk_i_regs/Y             10     24    -14 (VIOLATED)
clkbuf_leaf_267_clk_i_regs/Y             10     24    -14 (VIOLATED)
clkbuf_leaf_269_clk_i_regs/Y             10     24    -14 (VIOLATED)
clkbuf_leaf_278_clk_i_regs/Y             10     24    -14 (VIOLATED)
clkbuf_leaf_27_clk_i_regs/Y              10     24    -14 (VIOLATED)
clkbuf_leaf_282_clk_i_regs/Y             10     24    -14 (VIOLATED)
clkbuf_leaf_285_clk_i_regs/Y             10     24    -14 (VIOLATED)
clkbuf_leaf_292_clk_i_regs/Y             10     24    -14 (VIOLATED)
clkbuf_leaf_296_clk_i_regs/Y             10     24    -14 (VIOLATED)
clkbuf_leaf_301_clk_i_regs/Y             10     24    -14 (VIOLATED)
clkbuf_leaf_302_clk_i_regs/Y             10     24    -14 (VIOLATED)
clkbuf_leaf_305_clk_i_regs/Y             10     24    -14 (VIOLATED)
clkbuf_leaf_308_clk_i_regs/Y             10     24    -14 (VIOLATED)
clkbuf_leaf_322_clk_i_regs/Y             10     24    -14 (VIOLATED)
clkbuf_leaf_32_clk_i_regs/Y              10     24    -14 (VIOLATED)
clkbuf_leaf_331_clk_i_regs/Y             10     24    -14 (VIOLATED)
clkbuf_leaf_337_clk_i_regs/Y             10     24    -14 (VIOLATED)
clkbuf_leaf_343_clk_i_regs/Y             10     24    -14 (VIOLATED)
clkbuf_leaf_52_clk_i_regs/Y              10     24    -14 (VIOLATED)
clkbuf_leaf_105_clk_i_regs/Y             10     23    -13 (VIOLATED)
clkbuf_leaf_119_clk_i_regs/Y             10     23    -13 (VIOLATED)
clkbuf_leaf_134_clk_i_regs/Y             10     23    -13 (VIOLATED)
clkbuf_leaf_136_clk_i_regs/Y             10     23    -13 (VIOLATED)
clkbuf_leaf_137_clk_i_regs/Y             10     23    -13 (VIOLATED)
clkbuf_leaf_139_clk_i_regs/Y             10     23    -13 (VIOLATED)
clkbuf_leaf_151_clk_i_regs/Y             10     23    -13 (VIOLATED)
clkbuf_leaf_154_clk_i_regs/Y             10     23    -13 (VIOLATED)
clkbuf_leaf_157_clk_i_regs/Y             10     23    -13 (VIOLATED)
clkbuf_leaf_16_clk_i_regs/Y              10     23    -13 (VIOLATED)
clkbuf_leaf_174_clk_i_regs/Y             10     23    -13 (VIOLATED)
clkbuf_leaf_182_clk_i_regs/Y             10     23    -13 (VIOLATED)
clkbuf_leaf_191_clk_i_regs/Y             10     23    -13 (VIOLATED)
clkbuf_leaf_194_clk_i_regs/Y             10     23    -13 (VIOLATED)
clkbuf_leaf_19_clk_i_regs/Y              10     23    -13 (VIOLATED)
clkbuf_leaf_205_clk_i_regs/Y             10     23    -13 (VIOLATED)
clkbuf_leaf_235_clk_i_regs/Y             10     23    -13 (VIOLATED)
clkbuf_leaf_242_clk_i_regs/Y             10     23    -13 (VIOLATED)
clkbuf_leaf_248_clk_i_regs/Y             10     23    -13 (VIOLATED)
clkbuf_leaf_252_clk_i_regs/Y             10     23    -13 (VIOLATED)
clkbuf_leaf_253_clk_i_regs/Y             10     23    -13 (VIOLATED)
clkbuf_leaf_261_clk_i_regs/Y             10     23    -13 (VIOLATED)
clkbuf_leaf_266_clk_i_regs/Y             10     23    -13 (VIOLATED)
clkbuf_leaf_275_clk_i_regs/Y             10     23    -13 (VIOLATED)
clkbuf_leaf_276_clk_i_regs/Y             10     23    -13 (VIOLATED)
clkbuf_leaf_277_clk_i_regs/Y             10     23    -13 (VIOLATED)
clkbuf_leaf_280_clk_i_regs/Y             10     23    -13 (VIOLATED)
clkbuf_leaf_286_clk_i_regs/Y             10     23    -13 (VIOLATED)
clkbuf_leaf_290_clk_i_regs/Y             10     23    -13 (VIOLATED)
clkbuf_leaf_293_clk_i_regs/Y             10     23    -13 (VIOLATED)
clkbuf_leaf_295_clk_i_regs/Y             10     23    -13 (VIOLATED)
clkbuf_leaf_297_clk_i_regs/Y             10     23    -13 (VIOLATED)
clkbuf_leaf_313_clk_i_regs/Y             10     23    -13 (VIOLATED)
clkbuf_leaf_315_clk_i_regs/Y             10     23    -13 (VIOLATED)
clkbuf_leaf_328_clk_i_regs/Y             10     23    -13 (VIOLATED)
clkbuf_leaf_335_clk_i_regs/Y             10     23    -13 (VIOLATED)
clkbuf_leaf_338_clk_i_regs/Y             10     23    -13 (VIOLATED)
clkbuf_leaf_339_clk_i_regs/Y             10     23    -13 (VIOLATED)
clkbuf_leaf_341_clk_i_regs/Y             10     23    -13 (VIOLATED)
clkbuf_leaf_342_clk_i_regs/Y             10     23    -13 (VIOLATED)
clkbuf_leaf_344_clk_i_regs/Y             10     23    -13 (VIOLATED)
clkbuf_leaf_345_clk_i_regs/Y             10     23    -13 (VIOLATED)
clkbuf_leaf_346_clk_i_regs/Y             10     23    -13 (VIOLATED)
clkbuf_leaf_350_clk_i_regs/Y             10     23    -13 (VIOLATED)
clkbuf_leaf_351_clk_i_regs/Y             10     23    -13 (VIOLATED)
clkbuf_leaf_45_clk_i_regs/Y              10     23    -13 (VIOLATED)
clkbuf_leaf_57_clk_i_regs/Y              10     23    -13 (VIOLATED)
clkbuf_leaf_59_clk_i_regs/Y              10     23    -13 (VIOLATED)
clkbuf_leaf_6_clk_i_regs/Y               10     23    -13 (VIOLATED)
clkbuf_leaf_74_clk_i_regs/Y              10     23    -13 (VIOLATED)
clkbuf_leaf_75_clk_i_regs/Y              10     23    -13 (VIOLATED)
clkbuf_leaf_85_clk_i_regs/Y              10     23    -13 (VIOLATED)
clkbuf_leaf_86_clk_i_regs/Y              10     23    -13 (VIOLATED)
clkbuf_leaf_89_clk_i_regs/Y              10     23    -13 (VIOLATED)
clkbuf_leaf_90_clk_i_regs/Y              10     23    -13 (VIOLATED)
clkbuf_leaf_92_clk_i_regs/Y              10     23    -13 (VIOLATED)
clkbuf_leaf_121_clk_i_regs/Y             10     22    -12 (VIOLATED)
clkbuf_leaf_122_clk_i_regs/Y             10     22    -12 (VIOLATED)
clkbuf_leaf_130_clk_i_regs/Y             10     22    -12 (VIOLATED)
clkbuf_leaf_132_clk_i_regs/Y             10     22    -12 (VIOLATED)
clkbuf_leaf_14_clk_i_regs/Y              10     22    -12 (VIOLATED)
clkbuf_leaf_159_clk_i_regs/Y             10     22    -12 (VIOLATED)
clkbuf_leaf_171_clk_i_regs/Y             10     22    -12 (VIOLATED)
clkbuf_leaf_17_clk_i_regs/Y              10     22    -12 (VIOLATED)
clkbuf_leaf_188_clk_i_regs/Y             10     22    -12 (VIOLATED)
clkbuf_leaf_208_clk_i_regs/Y             10     22    -12 (VIOLATED)
clkbuf_leaf_20_clk_i_regs/Y              10     22    -12 (VIOLATED)
clkbuf_leaf_213_clk_i_regs/Y             10     22    -12 (VIOLATED)
clkbuf_leaf_221_clk_i_regs/Y             10     22    -12 (VIOLATED)
clkbuf_leaf_223_clk_i_regs/Y             10     22    -12 (VIOLATED)
clkbuf_leaf_228_clk_i_regs/Y             10     22    -12 (VIOLATED)
clkbuf_leaf_230_clk_i_regs/Y             10     22    -12 (VIOLATED)
clkbuf_leaf_231_clk_i_regs/Y             10     22    -12 (VIOLATED)
clkbuf_leaf_23_clk_i_regs/Y              10     22    -12 (VIOLATED)
clkbuf_leaf_258_clk_i_regs/Y             10     22    -12 (VIOLATED)
clkbuf_leaf_281_clk_i_regs/Y             10     22    -12 (VIOLATED)
clkbuf_leaf_306_clk_i_regs/Y             10     22    -12 (VIOLATED)
clkbuf_leaf_311_clk_i_regs/Y             10     22    -12 (VIOLATED)
clkbuf_leaf_323_clk_i_regs/Y             10     22    -12 (VIOLATED)
clkbuf_leaf_325_clk_i_regs/Y             10     22    -12 (VIOLATED)
clkbuf_leaf_326_clk_i_regs/Y             10     22    -12 (VIOLATED)
clkbuf_leaf_354_clk_i_regs/Y             10     22    -12 (VIOLATED)
clkbuf_leaf_362_clk_i_regs/Y             10     22    -12 (VIOLATED)
clkbuf_leaf_50_clk_i_regs/Y              10     22    -12 (VIOLATED)
clkbuf_leaf_61_clk_i_regs/Y              10     22    -12 (VIOLATED)
clkbuf_leaf_63_clk_i_regs/Y              10     22    -12 (VIOLATED)
clkbuf_leaf_64_clk_i_regs/Y              10     22    -12 (VIOLATED)
clkbuf_leaf_69_clk_i_regs/Y              10     22    -12 (VIOLATED)
clkbuf_leaf_76_clk_i_regs/Y              10     22    -12 (VIOLATED)
clkbuf_leaf_77_clk_i_regs/Y              10     22    -12 (VIOLATED)
clkbuf_leaf_81_clk_i_regs/Y              10     22    -12 (VIOLATED)
clkbuf_leaf_83_clk_i_regs/Y              10     22    -12 (VIOLATED)
clkbuf_leaf_8_clk_i_regs/Y               10     22    -12 (VIOLATED)
clkbuf_leaf_97_clk_i_regs/Y              10     22    -12 (VIOLATED)
clkbuf_leaf_106_clk_i_regs/Y             10     21    -11 (VIOLATED)
clkbuf_leaf_112_clk_i_regs/Y             10     21    -11 (VIOLATED)
clkbuf_leaf_117_clk_i_regs/Y             10     21    -11 (VIOLATED)
clkbuf_leaf_140_clk_i_regs/Y             10     21    -11 (VIOLATED)
clkbuf_leaf_146_clk_i_regs/Y             10     21    -11 (VIOLATED)
clkbuf_leaf_150_clk_i_regs/Y             10     21    -11 (VIOLATED)
clkbuf_leaf_167_clk_i_regs/Y             10     21    -11 (VIOLATED)
clkbuf_leaf_170_clk_i_regs/Y             10     21    -11 (VIOLATED)
clkbuf_leaf_172_clk_i_regs/Y             10     21    -11 (VIOLATED)
clkbuf_leaf_181_clk_i_regs/Y             10     21    -11 (VIOLATED)
clkbuf_leaf_187_clk_i_regs/Y             10     21    -11 (VIOLATED)
clkbuf_leaf_193_clk_i_regs/Y             10     21    -11 (VIOLATED)
clkbuf_leaf_1_clk_i_regs/Y               10     21    -11 (VIOLATED)
clkbuf_leaf_207_clk_i_regs/Y             10     21    -11 (VIOLATED)
clkbuf_leaf_224_clk_i_regs/Y             10     21    -11 (VIOLATED)
clkbuf_leaf_226_clk_i_regs/Y             10     21    -11 (VIOLATED)
clkbuf_leaf_229_clk_i_regs/Y             10     21    -11 (VIOLATED)
clkbuf_leaf_22_clk_i_regs/Y              10     21    -11 (VIOLATED)
clkbuf_leaf_249_clk_i_regs/Y             10     21    -11 (VIOLATED)
clkbuf_leaf_264_clk_i_regs/Y             10     21    -11 (VIOLATED)
clkbuf_leaf_268_clk_i_regs/Y             10     21    -11 (VIOLATED)
clkbuf_leaf_273_clk_i_regs/Y             10     21    -11 (VIOLATED)
clkbuf_leaf_291_clk_i_regs/Y             10     21    -11 (VIOLATED)
clkbuf_leaf_298_clk_i_regs/Y             10     21    -11 (VIOLATED)
clkbuf_leaf_2_clk_i_regs/Y               10     21    -11 (VIOLATED)
clkbuf_leaf_314_clk_i_regs/Y             10     21    -11 (VIOLATED)
clkbuf_leaf_36_clk_i_regs/Y              10     21    -11 (VIOLATED)
clkbuf_leaf_4_clk_i_regs/Y               10     21    -11 (VIOLATED)
clkbuf_leaf_56_clk_i_regs/Y              10     21    -11 (VIOLATED)
clkbuf_leaf_60_clk_i_regs/Y              10     21    -11 (VIOLATED)
clkbuf_leaf_70_clk_i_regs/Y              10     21    -11 (VIOLATED)
clkbuf_leaf_72_clk_i_regs/Y              10     21    -11 (VIOLATED)
clkbuf_leaf_7_clk_i_regs/Y               10     21    -11 (VIOLATED)
clkbuf_leaf_101_clk_i_regs/Y             10     20    -10 (VIOLATED)
clkbuf_leaf_102_clk_i_regs/Y             10     20    -10 (VIOLATED)
clkbuf_leaf_120_clk_i_regs/Y             10     20    -10 (VIOLATED)
clkbuf_leaf_123_clk_i_regs/Y             10     20    -10 (VIOLATED)
clkbuf_leaf_124_clk_i_regs/Y             10     20    -10 (VIOLATED)
clkbuf_leaf_152_clk_i_regs/Y             10     20    -10 (VIOLATED)
clkbuf_leaf_168_clk_i_regs/Y             10     20    -10 (VIOLATED)
clkbuf_leaf_202_clk_i_regs/Y             10     20    -10 (VIOLATED)
clkbuf_leaf_211_clk_i_regs/Y             10     20    -10 (VIOLATED)
clkbuf_leaf_21_clk_i_regs/Y              10     20    -10 (VIOLATED)
clkbuf_leaf_234_clk_i_regs/Y             10     20    -10 (VIOLATED)
clkbuf_leaf_246_clk_i_regs/Y             10     20    -10 (VIOLATED)
clkbuf_leaf_274_clk_i_regs/Y             10     20    -10 (VIOLATED)
clkbuf_leaf_304_clk_i_regs/Y             10     20    -10 (VIOLATED)
clkbuf_leaf_316_clk_i_regs/Y             10     20    -10 (VIOLATED)
clkbuf_leaf_320_clk_i_regs/Y             10     20    -10 (VIOLATED)
clkbuf_leaf_327_clk_i_regs/Y             10     20    -10 (VIOLATED)
clkbuf_leaf_329_clk_i_regs/Y             10     20    -10 (VIOLATED)
clkbuf_leaf_353_clk_i_regs/Y             10     20    -10 (VIOLATED)
clkbuf_leaf_43_clk_i_regs/Y              10     20    -10 (VIOLATED)
clkbuf_leaf_47_clk_i_regs/Y              10     20    -10 (VIOLATED)
clkbuf_leaf_48_clk_i_regs/Y              10     20    -10 (VIOLATED)
clkbuf_leaf_55_clk_i_regs/Y              10     20    -10 (VIOLATED)
clkbuf_leaf_58_clk_i_regs/Y              10     20    -10 (VIOLATED)
clkbuf_leaf_68_clk_i_regs/Y              10     20    -10 (VIOLATED)
clkbuf_leaf_82_clk_i_regs/Y              10     20    -10 (VIOLATED)
clkbuf_leaf_88_clk_i_regs/Y              10     20    -10 (VIOLATED)
clkbuf_leaf_95_clk_i_regs/Y              10     20    -10 (VIOLATED)
clkbuf_leaf_96_clk_i_regs/Y              10     20    -10 (VIOLATED)
clkbuf_leaf_0_clk_i_regs/Y               10     19     -9 (VIOLATED)
clkbuf_leaf_108_clk_i_regs/Y             10     19     -9 (VIOLATED)
clkbuf_leaf_166_clk_i_regs/Y             10     19     -9 (VIOLATED)
clkbuf_leaf_222_clk_i_regs/Y             10     19     -9 (VIOLATED)
clkbuf_leaf_251_clk_i_regs/Y             10     19     -9 (VIOLATED)
clkbuf_leaf_256_clk_i_regs/Y             10     19     -9 (VIOLATED)
clkbuf_leaf_270_clk_i_regs/Y             10     19     -9 (VIOLATED)
clkbuf_leaf_284_clk_i_regs/Y             10     19     -9 (VIOLATED)
clkbuf_leaf_300_clk_i_regs/Y             10     19     -9 (VIOLATED)
clkbuf_leaf_309_clk_i_regs/Y             10     19     -9 (VIOLATED)
clkbuf_leaf_310_clk_i_regs/Y             10     19     -9 (VIOLATED)
clkbuf_leaf_332_clk_i_regs/Y             10     19     -9 (VIOLATED)
clkbuf_leaf_361_clk_i_regs/Y             10     19     -9 (VIOLATED)
clkbuf_leaf_363_clk_i_regs/Y             10     19     -9 (VIOLATED)
clkbuf_leaf_40_clk_i_regs/Y              10     19     -9 (VIOLATED)
clkbuf_leaf_42_clk_i_regs/Y              10     19     -9 (VIOLATED)
clkbuf_leaf_54_clk_i_regs/Y              10     19     -9 (VIOLATED)
clkbuf_leaf_62_clk_i_regs/Y              10     19     -9 (VIOLATED)
clkbuf_leaf_73_clk_i_regs/Y              10     19     -9 (VIOLATED)
clkbuf_leaf_84_clk_i_regs/Y              10     19     -9 (VIOLATED)
clkbuf_leaf_87_clk_i_regs/Y              10     19     -9 (VIOLATED)
clkbuf_leaf_91_clk_i_regs/Y              10     19     -9 (VIOLATED)
clkbuf_leaf_93_clk_i_regs/Y              10     19     -9 (VIOLATED)
clkbuf_leaf_94_clk_i_regs/Y              10     19     -9 (VIOLATED)
clkbuf_leaf_98_clk_i_regs/Y              10     19     -9 (VIOLATED)
clkbuf_leaf_125_clk_i_regs/Y             10     18     -8 (VIOLATED)
clkbuf_leaf_138_clk_i_regs/Y             10     18     -8 (VIOLATED)
clkbuf_leaf_250_clk_i_regs/Y             10     18     -8 (VIOLATED)
clkbuf_leaf_39_clk_i_regs/Y              10     18     -8 (VIOLATED)
clkbuf_leaf_3_clk_i_regs/Y               10     18     -8 (VIOLATED)
clkbuf_leaf_71_clk_i_regs/Y              10     18     -8 (VIOLATED)
clkbuf_leaf_79_clk_i_regs/Y              10     18     -8 (VIOLATED)
clkbuf_leaf_100_clk_i_regs/Y             10     17     -7 (VIOLATED)
clkbuf_leaf_104_clk_i_regs/Y             10     17     -7 (VIOLATED)
clkbuf_leaf_283_clk_i_regs/Y             10     17     -7 (VIOLATED)
clkbuf_leaf_31_clk_i_regs/Y              10     17     -7 (VIOLATED)
clkbuf_leaf_359_clk_i_regs/Y             10     17     -7 (VIOLATED)
clkbuf_leaf_37_clk_i_regs/Y              10     17     -7 (VIOLATED)
clkbuf_leaf_51_clk_i_regs/Y              10     17     -7 (VIOLATED)
clkbuf_leaf_5_clk_i_regs/Y               10     17     -7 (VIOLATED)
clkbuf_leaf_78_clk_i_regs/Y              10     17     -7 (VIOLATED)
clkbuf_leaf_232_clk_i_regs/Y             10     16     -6 (VIOLATED)
clkbuf_leaf_279_clk_i_regs/Y             10     16     -6 (VIOLATED)
clkbuf_leaf_364_clk_i_regs/Y             10     16     -6 (VIOLATED)
clkbuf_leaf_80_clk_i_regs/Y              10     16     -6 (VIOLATED)
clkbuf_leaf_206_clk_i_regs/Y             10     15     -5 (VIOLATED)
clkbuf_leaf_352_clk_i_regs/Y             10     15     -5 (VIOLATED)
clkbuf_leaf_66_clk_i_regs/Y              10     15     -5 (VIOLATED)
clkbuf_leaf_99_clk_i_regs/Y              10     15     -5 (VIOLATED)
clkbuf_leaf_103_clk_i_regs/Y             10     14     -4 (VIOLATED)
clkbuf_leaf_107_clk_i_regs/Y             10     14     -4 (VIOLATED)
clkbuf_leaf_165_clk_i_regs/Y             10     14     -4 (VIOLATED)
clkbuf_leaf_244_clk_i_regs/Y             10     14     -4 (VIOLATED)
clkbuf_leaf_356_clk_i_regs/Y             10     14     -4 (VIOLATED)
clkbuf_leaf_41_clk_i_regs/Y              10     14     -4 (VIOLATED)
clkbuf_leaf_28_clk_i_regs/Y              10     13     -3 (VIOLATED)
clkbuf_leaf_303_clk_i_regs/Y             10     13     -3 (VIOLATED)
clkbuf_leaf_349_clk_i_regs/Y             10     13     -3 (VIOLATED)
clkbuf_leaf_13_clk_i_regs/Y              10     12     -2 (VIOLATED)
clkbuf_leaf_15_clk_i_regs/Y              10     12     -2 (VIOLATED)
clkbuf_leaf_271_clk_i_regs/Y             10     12     -2 (VIOLATED)
clkbuf_leaf_336_clk_i_regs/Y             10     12     -2 (VIOLATED)
clkbuf_leaf_355_clk_i_regs/Y             10     12     -2 (VIOLATED)
clkbuf_leaf_357_clk_i_regs/Y             10     12     -2 (VIOLATED)
clkbuf_leaf_358_clk_i_regs/Y             10     12     -2 (VIOLATED)
clkbuf_leaf_65_clk_i_regs/Y              10     12     -2 (VIOLATED)


==========================================================================
cts final max_slew_check_slack
--------------------------------------------------------------------------
83.38970947265625

==========================================================================
cts final max_slew_check_limit
--------------------------------------------------------------------------
320.0

==========================================================================
cts final max_slew_check_slack_limit
--------------------------------------------------------------------------
0.2606

==========================================================================
cts final max_fanout_check_slack
--------------------------------------------------------------------------
-18.0

==========================================================================
cts final max_fanout_check_limit
--------------------------------------------------------------------------
10.0

==========================================================================
cts final max_fanout_check_slack_limit
--------------------------------------------------------------------------
-1.8000

==========================================================================
cts final max_capacitance_check_slack
--------------------------------------------------------------------------
2.279989004135132

==========================================================================
cts final max_capacitance_check_limit
--------------------------------------------------------------------------
23.040000915527344

==========================================================================
cts final max_capacitance_check_slack_limit
--------------------------------------------------------------------------
0.0990

==========================================================================
cts final max_slew_violation_count
--------------------------------------------------------------------------
max slew violation count 0

==========================================================================
cts final max_fanout_violation_count
--------------------------------------------------------------------------
max fanout violation count 362

==========================================================================
cts final max_cap_violation_count
--------------------------------------------------------------------------
max cap violation count 0

==========================================================================
cts final setup_violation_count
--------------------------------------------------------------------------
setup violation count 0

==========================================================================
cts final hold_violation_count
--------------------------------------------------------------------------
hold violation count 0

==========================================================================
cts final report_checks -path_delay max reg to reg
--------------------------------------------------------------------------
Startpoint: issue_stage_i.i_issue_read_operands.mult_valid_o[1]$_DFF_PN0_
            (rising edge-triggered flip-flop clocked by main_clk)
Endpoint: ex_stage_i.i_mult.i_multiplier.mult_result_q[62]$_DFF_PN0_
          (rising edge-triggered flip-flop clocked by main_clk)
Path Group: main_clk
Path Type: max

  Delay    Time   Description
---------------------------------------------------------
   0.00    0.00   clock main_clk (rise edge)
   0.00    0.00   clock source latency
   0.00    0.00 ^ clk_i (in)
  40.39   40.39 ^ wire46595/Y (BUFx10_ASAP7_75t_SL)
  53.00   93.39 ^ clkbuf_regs_0_main_clk/Y (BUFx24_ASAP7_75t_SL)
  16.35  109.75 ^ clkbuf_0_clk_i_regs/Y (BUFx24_ASAP7_75t_SL)
  26.60  136.35 ^ clkbuf_1_1_0_clk_i_regs/Y (BUFx24_ASAP7_75t_SL)
  30.23  166.58 ^ clkbuf_2_2_0_clk_i_regs/Y (BUFx24_ASAP7_75t_SL)
  28.67  195.24 ^ clkbuf_4_9_0_clk_i_regs/Y (BUFx24_ASAP7_75t_SL)
  21.78  217.02 ^ clkbuf_6_36__f_clk_i_regs/Y (BUFx24_ASAP7_75t_SL)
  18.17  235.19 ^ clkbuf_leaf_32_clk_i_regs/Y (BUFx24_ASAP7_75t_SL)
   1.26  236.46 ^ issue_stage_i.i_issue_read_operands.mult_valid_o[1]$_DFF_PN0_/CLK (DFFASRHQNx1_ASAP7_75t_SL)
  37.13  273.58 v issue_stage_i.i_issue_read_operands.mult_valid_o[1]$_DFF_PN0_/QN (DFFASRHQNx1_ASAP7_75t_SL)
  21.91  295.49 v place43877/Y (BUFx3_ASAP7_75t_L)
  15.85  311.34 v place43876/Y (BUFx6f_ASAP7_75t_L)
  14.99  326.33 v place43873/Y (BUFx6f_ASAP7_75t_L)
  15.61  341.94 v place43872/Y (BUFx6f_ASAP7_75t_L)
  14.94  356.88 v place43871/Y (BUFx6f_ASAP7_75t_L)
  18.39  375.27 v place43870/Y (BUFx3_ASAP7_75t_L)
  29.52  404.79 v _120518_/Y (OA22x2_ASAP7_75t_R)
  19.70  424.49 v place40486/Y (BUFx3_ASAP7_75t_L)
  14.55  439.04 v _125582_/Y (OR2x2_ASAP7_75t_SL)
  47.74  486.79 v _197017_/SN (FAx1_ASAP7_75t_R)
  37.61  524.40 ^ _197022_/CON (FAx1_ASAP7_75t_R)
  15.46  539.85 v _197022_/SN (FAx1_ASAP7_75t_R)
  15.48  555.33 ^ _130957_/Y (INVx1_ASAP7_75t_R)
  52.38  607.71 v _197032_/SN (FAx1_ASAP7_75t_R)
  53.75  661.46 v _197037_/SN (FAx1_ASAP7_75t_R)
  36.75  698.21 ^ _197059_/CON (FAx1_ASAP7_75t_R)
  23.34  721.55 v _197059_/SN (FAx1_ASAP7_75t_R)
  55.86  777.41 v _197068_/SN (FAx1_ASAP7_75t_R)
  37.46  814.87 v _197073_/SN (FAx1_ASAP7_75t_R)
  16.64  831.51 ^ _129382_/Y (INVx1_ASAP7_75t_R)
  30.42  861.93 ^ _197075_/SN (FAx1_ASAP7_75t_R)
  11.12  873.05 v _129372_/Y (INVx1_ASAP7_75t_R)
  21.18  894.23 ^ _198680_/CON (HAxp5_ASAP7_75t_R)
  11.87  906.11 v _198680_/SN (HAxp5_ASAP7_75t_R)
  14.56  920.66 v rebuffer46598/Y (BUFx3_ASAP7_75t_L)
  18.87  939.53 v _137360_/Y (OR3x1_ASAP7_75t_R)
  13.99  953.52 v _137361_/Y (AND2x2_ASAP7_75t_R)
  27.33  980.85 v _137363_/Y (OA211x2_ASAP7_75t_R)
  22.85 1003.70 v _137369_/Y (OA31x2_ASAP7_75t_R)
  21.70 1025.40 v _137374_/Y (AO211x2_ASAP7_75t_R)
  17.93 1043.33 v _137380_/Y (AO31x2_ASAP7_75t_R)
  19.57 1062.91 v _137382_/Y (OA222x2_ASAP7_75t_SL)
  10.32 1073.23 v _137383_/Y (AND4x1_ASAP7_75t_SL)
  14.89 1088.12 v _137386_/Y (OA21x2_ASAP7_75t_SL)
  19.13 1107.25 v _137387_/Y (OR4x1_ASAP7_75t_SL)
  12.86 1120.11 v _137392_/Y (OA21x2_ASAP7_75t_SL)
  13.51 1133.62 v _137393_/Y (OA21x2_ASAP7_75t_SL)
  13.00 1146.62 v _137394_/Y (OA21x2_ASAP7_75t_SL)
  13.86 1160.48 v _137395_/Y (OA21x2_ASAP7_75t_SL)
  12.62 1173.10 v _137396_/Y (OA21x2_ASAP7_75t_SL)
  13.97 1187.07 v _137397_/Y (OA21x2_ASAP7_75t_SL)
  12.89 1199.96 v _137398_/Y (OA21x2_ASAP7_75t_SL)
  12.60 1212.56 v _137399_/Y (OA21x2_ASAP7_75t_SL)
  17.42 1229.98 ^ _137400_/Y (XOR2x2_ASAP7_75t_SL)
   0.04 1230.02 ^ ex_stage_i.i_mult.i_multiplier.mult_result_q[62]$_DFF_PN0_/D (DFFASRHQNx1_ASAP7_75t_SL)
        1230.02   data arrival time

1000.00 1000.00   clock main_clk (rise edge)
   0.00 1000.00   clock source latency
   0.00 1000.00 ^ clk_i (in)
  39.46 1039.46 ^ wire46595/Y (BUFx10_ASAP7_75t_SL)
  49.61 1089.07 ^ clkbuf_regs_0_main_clk/Y (BUFx24_ASAP7_75t_SL)
  16.11 1105.18 ^ clkbuf_0_clk_i_regs/Y (BUFx24_ASAP7_75t_SL)
  24.94 1130.13 ^ clkbuf_1_0_0_clk_i_regs/Y (BUFx24_ASAP7_75t_SL)
  25.89 1156.02 ^ clkbuf_2_0_0_clk_i_regs/Y (BUFx24_ASAP7_75t_SL)
  29.65 1185.67 ^ clkbuf_4_0_0_clk_i_regs/Y (BUFx24_ASAP7_75t_SL)
  21.00 1206.67 ^ clkbuf_6_2__f_clk_i_regs/Y (BUFx24_ASAP7_75t_SL)
  29.40 1236.06 ^ clkbuf_leaf_7_clk_i_regs/Y (BUFx24_ASAP7_75t_SL)
   0.36 1236.43 ^ ex_stage_i.i_mult.i_multiplier.mult_result_q[62]$_DFF_PN0_/CLK (DFFASRHQNx1_ASAP7_75t_SL)
   4.57 1240.99   clock reconvergence pessimism
  -8.45 1232.54   library setup time
        1232.54   data required time
---------------------------------------------------------
        1232.54   data required time
        -1230.02   data arrival time
---------------------------------------------------------
           2.52   slack (MET)



==========================================================================
cts final report_checks -path_delay min reg to reg
--------------------------------------------------------------------------
Startpoint: gen_cache_hpd.i_cache_subsystem.i_cva6_icache.cl_tag_q[19]$_DFF_PN0_
            (rising edge-triggered flip-flop clocked by main_clk)
Endpoint: gen_cache_hpd.i_cache_subsystem.i_cva6_icache.gen_sram[1].tag_sram.gen_techno_cut.genblk1.i_tc_sram_wrapper
          (rising edge-triggered flip-flop clocked by main_clk)
Path Group: main_clk
Path Type: min

  Delay    Time   Description
---------------------------------------------------------
   0.00    0.00   clock main_clk (rise edge)
   0.00    0.00   clock source latency
   0.00    0.00 ^ clk_i (in)
  39.46   39.46 ^ wire46595/Y (BUFx10_ASAP7_75t_SL)
  49.61   89.07 ^ clkbuf_regs_0_main_clk/Y (BUFx24_ASAP7_75t_SL)
  16.11  105.18 ^ clkbuf_0_clk_i_regs/Y (BUFx24_ASAP7_75t_SL)
  24.94  130.13 ^ clkbuf_1_0_0_clk_i_regs/Y (BUFx24_ASAP7_75t_SL)
  25.74  155.86 ^ clkbuf_2_1_0_clk_i_regs/Y (BUFx24_ASAP7_75t_SL)
  25.12  180.98 ^ clkbuf_4_5_0_clk_i_regs/Y (BUFx24_ASAP7_75t_SL)
  22.61  203.59 ^ clkbuf_6_21__f_clk_i_regs/Y (BUFx24_ASAP7_75t_SL)
  17.87  221.46 ^ clkbuf_leaf_283_clk_i_regs/Y (BUFx24_ASAP7_75t_SL)
   0.22  221.69 ^ gen_cache_hpd.i_cache_subsystem.i_cva6_icache.cl_tag_q[19]$_DFF_PN0_/CLK (DFFASRHQNx1_ASAP7_75t_SL)
  29.15  250.84 ^ gen_cache_hpd.i_cache_subsystem.i_cva6_icache.cl_tag_q[19]$_DFF_PN0_/QN (DFFASRHQNx1_ASAP7_75t_SL)
  13.86  264.70 ^ hold46612/Y (BUFx2_ASAP7_75t_R)
  32.73  297.43 v _127269_/Y (INVx1_ASAP7_75t_R)
   5.50  302.94 v gen_cache_hpd.i_cache_subsystem.i_cva6_icache.gen_sram[1].tag_sram.gen_techno_cut.genblk1.i_tc_sram_wrapper/wd_in[19] (fakeram7_64x25)
         302.94   data arrival time

   0.00    0.00   clock main_clk (rise edge)
   0.00    0.00   clock source latency
   0.00    0.00 ^ clk_i (in)
  40.39   40.39 ^ wire46595/Y (BUFx10_ASAP7_75t_SL)
  54.07   94.46 ^ clkbuf_0_clk_i/Y (BUFx24_ASAP7_75t_SL)
  30.88  125.33 ^ clkbuf_1_1_0_clk_i/Y (BUFx24_ASAP7_75t_SL)
 126.57  251.90 ^ gen_cache_hpd.i_cache_subsystem.i_cva6_icache.gen_sram[1].tag_sram.gen_techno_cut.genblk1.i_tc_sram_wrapper/clk (fakeram7_64x25)
  -0.93  250.97   clock reconvergence pessimism
  50.00  300.97   library hold time
         300.97   data required time
---------------------------------------------------------
         300.97   data required time
        -302.94   data arrival time
---------------------------------------------------------
           1.97   slack (MET)



==========================================================================
cts final critical path target clock latency max path
--------------------------------------------------------------------------
0

==========================================================================
cts final critical path target clock latency min path
--------------------------------------------------------------------------
0

==========================================================================
cts final critical path source clock latency min path
--------------------------------------------------------------------------
0

==========================================================================
cts final critical path delay
--------------------------------------------------------------------------
1230.0167

==========================================================================
cts final critical path slack
--------------------------------------------------------------------------
2.5236

==========================================================================
cts final slack div critical path delay
--------------------------------------------------------------------------
0.205168

==========================================================================
cts final report_power
--------------------------------------------------------------------------
Group                  Internal  Switching    Leakage      Total
                          Power      Power      Power      Power (Watts)
----------------------------------------------------------------
Sequential             1.70e-02   3.86e-03   6.44e-05   2.09e-02  16.4%
Combinational          2.97e-02   3.45e-02   7.34e-05   6.42e-02  50.3%
Clock                  1.20e-02   4.98e-03   2.42e-05   1.70e-02  13.3%
Macro                  2.45e-02   0.00e+00   1.03e-03   2.55e-02  20.0%
Pad                    0.00e+00   0.00e+00   0.00e+00   0.00e+00   0.0%
----------------------------------------------------------------
Total                  8.32e-02   4.33e-02   1.19e-03   1.28e-01 100.0%
                          65.2%      33.9%       0.9%
