OpenROAD fe1aa0f9d0254fac87b82c886c04ee1544e46885 
Features included (+) or not (-): +GPU +GUI +Python
This program is licensed under the BSD-3 license. See the LICENSE file for details.
Components of this program may be licensed under more restrictive licenses which must be honored.
[INFO ORD-0030] Using 32 thread(s).
source /home/lucast/workspace/OR-flow-TCC/flow/platforms/asap7/liberty_suppressions.tcl
read_liberty /home/lucast/workspace/OR-flow-TCC/flow/platforms/asap7/lib/NLDM/asap7sc7p5t_AO_LVT_FF_nldm_211120.lib.gz
read_liberty /home/lucast/workspace/OR-flow-TCC/flow/platforms/asap7/lib/NLDM/asap7sc7p5t_INVBUF_LVT_FF_nldm_220122.lib.gz
read_liberty /home/lucast/workspace/OR-flow-TCC/flow/platforms/asap7/lib/NLDM/asap7sc7p5t_OA_LVT_FF_nldm_211120.lib.gz
read_liberty /home/lucast/workspace/OR-flow-TCC/flow/platforms/asap7/lib/NLDM/asap7sc7p5t_SIMPLE_LVT_FF_nldm_211120.lib.gz
read_liberty /home/lucast/workspace/OR-flow-TCC/flow/platforms/asap7/lib/NLDM/asap7sc7p5t_SEQ_LVT_FF_nldm_220123.lib
read_liberty /home/lucast/workspace/OR-flow-TCC/flow/platforms/asap7/lib/NLDM/asap7sc7p5t_DFFHQNH2V2X_LVT_TT_nldm_FAKE.lib
read_liberty /home/lucast/workspace/OR-flow-TCC/flow/platforms/asap7/lib/NLDM/asap7sc7p5t_DFFHQNV2X_LVT_TT_nldm_FAKE.lib
read_db ./results/asap7/aes_lvt/baseline_alpha_67-beta_0.1/2_floorplan.odb
source /home/lucast/workspace/OR-flow-TCC/flow/platforms/asap7/setRC.tcl
global_placement -skip_io -density 0.65 -pad_left 0 -pad_right 0
[INFO GPL-0001] ---- Initialize GPL Main Data Structures
[INFO GPL-0002] DBU: 1000
[INFO GPL-0003] SiteSize: (  0.054  0.270 ) um
[INFO GPL-0004] CoreBBox: (  2.052  2.160 ) ( 66.312 66.150 ) um
[INFO GPL-0036] Movable instances area:       1657.775 um^2
[INFO GPL-0037] Total instances area:         1678.566 um^2
[INFO GPL-0035] Pin density area adjust:       122.910 um^2
[INFO GPL-0032] ---- Initialize Region: Top-level
[INFO GPL-0006] Number of instances:             16231
[INFO GPL-0007] Movable instances:               15518
[INFO GPL-0008] Fixed instances:                   713
[INFO GPL-0009] Dummy instances:                     0
[INFO GPL-0010] Number of nets:                  16068
[INFO GPL-0011] Number of pins:                  51460
[INFO GPL-0012] Die BBox:  (  0.000  0.000 ) ( 68.362 68.362 ) um
[INFO GPL-0013] Core BBox: (  2.052  2.160 ) ( 66.312 66.150 ) um
[INFO GPL-0016] Core area:                    4111.997 um^2
[INFO GPL-0014] Region name: top-level.
[INFO GPL-0015] Region area:                  4111.997 um^2
[INFO GPL-0017] Fixed instances area:           20.791 um^2
[INFO GPL-0018] Movable instances area:       1780.685 um^2
[INFO GPL-0019] Utilization:                    43.525 %
[INFO GPL-0020] Standard cells area:          1780.685 um^2
[INFO GPL-0021] Large instances area:            0.000 um^2
[INFO GPL-0005] ---- Execute Conjugate Gradient Initial Placement.
[INFO GPL-0051] Source of initial instance position counters:
	Odb location = 0	Core center = 15518	Region center = 0
[INFO GPL-0033] ---- Initialize Nesterov Region: Top-level
[INFO GPL-0023] Placement target density:       0.6500
[INFO GPL-0024] Movable insts average area:      0.115 um^2
[INFO GPL-0025] Ideal bin area:                  0.177 um^2
[INFO GPL-0026] Ideal bin count:                 23292
[INFO GPL-0027] Total bin area:               4111.997 um^2
[INFO GPL-0028] Bin count (X, Y):         128 ,    128
[INFO GPL-0029] Bin size (W * H):       0.502 *  0.500 um
[INFO GPL-0030] Number of bins:                  16384
[INFO GPL-0007] ---- Execute Nesterov Global Placement.
[INFO GPL-0031] HPWL: Half-Perimeter Wirelength
Iteration | Overflow |     HPWL (um) |  HPWL(%) |   Penalty | Group
---------------------------------------------------------------
        0 |   0.9931 |  1.098651e+04 |   +0.00% |  1.63e-13 |      
       10 |   0.9951 |  1.776542e+03 |  -83.83% |  2.65e-13 |      
       20 |   0.9947 |  1.681518e+03 |   -5.35% |  4.32e-13 |      
       30 |   0.9947 |  1.672778e+03 |   -0.52% |  7.04e-13 |      
       40 |   0.9947 |  1.670199e+03 |   -0.15% |  1.15e-12 |      
       50 |   0.9947 |  1.669044e+03 |   -0.07% |  1.87e-12 |      
       60 |   0.9947 |  1.670125e+03 |   +0.06% |  3.04e-12 |      
       70 |   0.9947 |  1.678093e+03 |   +0.48% |  4.96e-12 |      
       80 |   0.9947 |  1.699335e+03 |   +1.27% |  8.07e-12 |      
       90 |   0.9945 |  1.755435e+03 |   +3.30% |  1.32e-11 |      
      100 |   0.9934 |  1.896368e+03 |   +8.03% |  2.14e-11 |      
      110 |   0.9917 |  2.241927e+03 |  +18.22% |  3.49e-11 |      
      120 |   0.9885 |  2.873484e+03 |  +28.17% |  5.68e-11 |      
      130 |   0.9825 |  3.712076e+03 |  +29.18% |  9.26e-11 |      
      140 |   0.9735 |  4.659824e+03 |  +25.53% |  1.51e-10 |      
      150 |   0.9651 |  5.688878e+03 |  +22.08% |  2.46e-10 |      
      160 |   0.9558 |  6.825230e+03 |  +19.97% |  4.00e-10 |      
      170 |   0.9439 |  8.160014e+03 |  +19.56% |  6.51e-10 |      
      180 |   0.9284 |  9.785803e+03 |  +19.92% |  1.06e-09 |      
      190 |   0.9114 |  1.172248e+04 |  +19.79% |  1.73e-09 |      
      200 |   0.8900 |  1.395644e+04 |  +19.06% |  2.81e-09 |      
      210 |   0.8672 |  1.652073e+04 |  +18.37% |  4.58e-09 |      
      220 |   0.8400 |  1.940453e+04 |  +17.46% |  7.46e-09 |      
      230 |   0.8124 |  2.192747e+04 |  +13.00% |  1.21e-08 |      
      240 |   0.7860 |  2.406853e+04 |   +9.76% |  1.98e-08 |      
      250 |   0.7590 |  2.614791e+04 |   +8.64% |  3.22e-08 |      
      260 |   0.7279 |  2.822395e+04 |   +7.94% |  5.25e-08 |      
      270 |   0.6933 |  3.025653e+04 |   +7.20% |  8.55e-08 |      
      280 |   0.6571 |  3.203860e+04 |   +5.89% |  1.39e-07 |      
      290 |   0.6196 |  3.355805e+04 |   +4.74% |  2.27e-07 |      
      300 |   0.5800 |  3.530126e+04 |   +5.19% |  3.69e-07 |      
      310 |   0.5371 |  3.704849e+04 |   +4.95% |  6.01e-07 |      
      320 |   0.4885 |  3.864518e+04 |   +4.31% |  9.79e-07 |      
      330 |   0.4317 |  4.048106e+04 |   +4.75% |  1.59e-06 |      
      340 |   0.3567 |  4.259208e+04 |   +5.21% |  2.60e-06 |      
      350 |   0.2965 |  4.421253e+04 |   +3.80% |  3.90e-06 |      
      360 |   0.2482 |  4.548116e+04 |   +2.87% |  5.75e-06 |      
      370 |   0.2118 |  4.638306e+04 |   +1.98% |  8.47e-06 |      
      380 |   0.1793 |  4.707900e+04 |   +1.50% |  1.25e-05 |      
      390 |   0.1527 |  4.758436e+04 |   +1.07% |  1.84e-05 |      
      400 |   0.1308 |  4.794173e+04 |   +0.75% |  2.71e-05 |      
      410 |   0.1130 |  4.821936e+04 |   +0.58% |  3.99e-05 |      
      418 |   0.1000 |  4.839610e+04 |          |  5.65e-05 |      
---------------------------------------------------------------
[INFO GPL-1001] Global placement finished at iteration 418
[INFO GPL-1002] Placed Cell Area             1780.6854
[INFO GPL-1003] Available Free Area          4091.2063
[INFO GPL-1004] Minimum Feasible Density        0.4400 (cell_area / free_area)
[INFO GPL-1006]   Suggested Target Densities:
[INFO GPL-1007]     - For 90% usage of free space: 0.4836
[INFO GPL-1008]     - For 80% usage of free space: 0.5441
[INFO GPL-1009]     - For 50% usage of free space: 0.8705
[INFO GPL-1014] Final placement area: 1780.69 (+0.00%)
write_db ./results/asap7/aes_lvt/baseline_alpha_67-beta_0.1/3_1_place_gp_skip_io.odb
Elapsed time: 0:03.23[h:]min:sec. CPU time: user 78.51 sys 0.07 (2426%). Peak memory: 240008KB.
Log                        Elapsed/s Peak Memory/MB  sha1sum .odb [0:20)
3_1_place_gp_skip_io               3            234 8e99cd00e011f3c85e55
