OpenROAD fe1aa0f9d0254fac87b82c886c04ee1544e46885 
Features included (+) or not (-): +GPU +GUI +Python
This program is licensed under the BSD-3 license. See the LICENSE file for details.
Components of this program may be licensed under more restrictive licenses which must be honored.
[INFO ORD-0030] Using 32 thread(s).
source /home/lucast/workspace/OR-flow-TCC/flow/platforms/asap7/liberty_suppressions.tcl
read_liberty /home/lucast/workspace/OR-flow-TCC/flow/platforms/asap7/lib/NLDM/asap7sc7p5t_AO_RVT_FF_nldm_211120.lib.gz
read_liberty /home/lucast/workspace/OR-flow-TCC/flow/platforms/asap7/lib/NLDM/asap7sc7p5t_INVBUF_RVT_FF_nldm_220122.lib.gz
read_liberty /home/lucast/workspace/OR-flow-TCC/flow/platforms/asap7/lib/NLDM/asap7sc7p5t_OA_RVT_FF_nldm_211120.lib.gz
read_liberty /home/lucast/workspace/OR-flow-TCC/flow/platforms/asap7/lib/NLDM/asap7sc7p5t_SIMPLE_RVT_FF_nldm_211120.lib.gz
read_liberty /home/lucast/workspace/OR-flow-TCC/flow/platforms/asap7/lib/NLDM/asap7sc7p5t_SEQ_RVT_FF_nldm_220123.lib
read_liberty /home/lucast/workspace/OR-flow-TCC/flow/platforms/asap7/lib/NLDM/asap7sc7p5t_DFFHQNH2V2X_RVT_TT_nldm_FAKE.lib
read_liberty /home/lucast/workspace/OR-flow-TCC/flow/platforms/asap7/lib/NLDM/asap7sc7p5t_DFFHQNV2X_RVT_TT_nldm_FAKE.lib
read_db ./results/asap7/aes-mbff/baseline_alpha_4-beta_0.1/6_1_fill.odb
source /home/lucast/workspace/OR-flow-TCC/flow/platforms/asap7/setRC.tcl
write_db ./results/asap7/aes-mbff/baseline_alpha_4-beta_0.1/6_final.odb
Deleted 0 routing obstructions
Warning: master DFFHQNH2V2Xx1_ASAP7_75t_L has signal pins but no liberty cell
Warning: master DFFHQNH2V2Xx1_ASAP7_75t_SL has signal pins but no liberty cell
Warning: master DFFHQNH2V2Xx2_ASAP7_75t_L has signal pins but no liberty cell
Warning: master DFFHQNH2V2Xx2_ASAP7_75t_SL has signal pins but no liberty cell
Warning: master DFFHQNH2V2Xx3_ASAP7_75t_L has signal pins but no liberty cell
Warning: master DFFHQNH2V2Xx3_ASAP7_75t_SL has signal pins but no liberty cell
Warning: master DFFHQNV2Xx1_ASAP7_75t_L has signal pins but no liberty cell
Warning: master DFFHQNV2Xx1_ASAP7_75t_SL has signal pins but no liberty cell
Warning: master DFFHQNV2Xx2_ASAP7_75t_L has signal pins but no liberty cell
Warning: master DFFHQNV2Xx2_ASAP7_75t_SL has signal pins but no liberty cell
Warning: master DFFHQNV2Xx3_ASAP7_75t_L has signal pins but no liberty cell
Warning: master DFFHQNV2Xx3_ASAP7_75t_SL has signal pins but no liberty cell
[INFO RCX-0431] Defined process_corner X with ext_model_index 0
[INFO RCX-0029] Defined extraction corner X
[INFO RCX-0435] Reading extraction model file /home/lucast/workspace/OR-flow-TCC/flow/platforms/asap7/rcx_patterns.rules ...
[INFO RCX-0436] RC segment generation aes_cipher_top (max_merge_res 50.0) ...
[INFO RCX-0040] Final 121561 rc segments
[INFO RCX-0439] Coupling Cap extraction aes_cipher_top ...
[INFO RCX-0440] Coupling threshhold is 0.1000 fF, coupling capacitance less than 0.1000 fF will be grounded.
[INFO RCX-0442] 54% of 125273 wires extracted
[INFO RCX-0442] 100% of 125273 wires extracted
[INFO RCX-0045] Extract 17907 nets, 139218 rsegs, 139218 caps, 190698 ccs
[INFO RCX-0443] 17907 nets finished
[INFO PSM-0040] All shapes on net VDD are connected.
########## IR report #################
Net              : VDD
Corner           : default
Total power      : 1.72e-01 W
Supply voltage   : 7.70e-01 V
Worstcase voltage: 7.43e-01 V
Average voltage  : 7.62e-01 V
Average IR drop  : 8.33e-03 V
Worstcase IR drop: 2.67e-02 V
Percentage drop  : 3.47 %
######################################
[INFO PSM-0040] All shapes on net VSS are connected.
########## IR report #################
Net              : VSS
Corner           : default
Total power      : 1.72e-01 W
Supply voltage   : 0.00e+00 V
Worstcase voltage: 2.71e-02 V
Average voltage  : 8.35e-03 V
Average IR drop  : 8.35e-03 V
Worstcase IR drop: 2.71e-02 V
Percentage drop  : 3.51 %
######################################
Cell type report:                       Count       Area
  Fill cell                             20906    2192.51
  Tap cell                                713      20.79
  Clock buffer                             40      15.25
  Timing Repair Buffer                   2913     281.09
  Inverter                               1025      47.73
  Clock inverter                           12       2.60
  Sequential cell                         367     164.59
  Multi-Input combinational cell        12829    1387.43
  Total                                 38805    4112.00
Report metrics stage 6, finish...

==========================================================================
finish report_design_area
--------------------------------------------------------------------------
Design area 1919 um^2 47% utilization.
Elapsed time: 0:10.36[h:]min:sec. CPU time: user 12.93 sys 4.42 (167%). Peak memory: 663228KB.
Log                        Elapsed/s Peak Memory/MB  sha1sum .odb [0:20)
6_report                          10            647                  N/A
