
==========================================================================
global route report_tns
--------------------------------------------------------------------------
tns max -20865.30

==========================================================================
global route report_wns
--------------------------------------------------------------------------
wns max -41.65

==========================================================================
global route report_worst_slack
--------------------------------------------------------------------------
worst slack max -41.65

==========================================================================
global route report_clock_min_period
--------------------------------------------------------------------------
clk period_min = 991.65 fmax = 1008.42

==========================================================================
global route report_clock_skew
--------------------------------------------------------------------------
Clock clk
 109.26 source latency _tray_size4_2057/CLK ^
 -78.38 target latency dmem/dmem3/clk ^
   0.00 CRPR
--------------
  30.88 setup skew


==========================================================================
global route report_checks -path_delay min
--------------------------------------------------------------------------
Startpoint: reset (input port clocked by clk)
Endpoint: riscv.dp.pcreg.q[23]$_DFF_PP0_
          (removal check against rising-edge clock clk)
Path Group: asynchronous
Path Type: min

Fanout     Cap    Slew   Delay    Time   Description
-----------------------------------------------------------------------------
                          0.00    0.00   clock clk (rise edge)
                          0.00    0.00   clock network delay (propagated)
                        118.75  118.75 v input external delay
     1    1.57    0.00    0.00  118.75 v reset (in)
                                         reset (net)
                  0.39    0.12  118.87 v input102/A (BUFx2_ASAP7_75t_R)
     1    0.61    4.90   10.61  129.48 v input102/Y (BUFx2_ASAP7_75t_R)
                                         net64 (net)
                  4.90    0.03  129.51 v _14755_/A (INVx1_ASAP7_75t_R)
     1    0.76    6.47    5.21  134.72 ^ _14755_/Y (INVx1_ASAP7_75t_R)
                                         _07680_ (net)
                  6.47    0.08  134.80 ^ place2387/A (BUFx3_ASAP7_75t_R)
    32   30.71   72.69   30.52  165.33 ^ place2387/Y (BUFx3_ASAP7_75t_R)
                                         net2350 (net)
                 73.00    3.04  168.37 ^ riscv.dp.pcreg.q[23]$_DFF_PP0_/RESETN (DFFASRHQNx1_ASAP7_75t_R)
                                168.37   data arrival time

                          0.00    0.00   clock clk (rise edge)
                          0.00    0.00   clock source latency
     2   14.17    0.00    0.00    0.00 ^ clk (in)
                                         clk (net)
                 19.19    6.05    6.05 ^ clkbuf_regs_0_clk/A (BUFx16f_ASAP7_75t_R)
     1    3.39    6.21   16.99   23.04 ^ clkbuf_regs_0_clk/Y (BUFx16f_ASAP7_75t_R)
                                         clk_regs (net)
                  6.46    0.73   23.78 ^ clkbuf_0_clk_regs/A (BUFx16f_ASAP7_75t_R)
     4   20.02   14.82   14.57   38.35 ^ clkbuf_0_clk_regs/Y (BUFx16f_ASAP7_75t_R)
                                         clknet_0_clk_regs (net)
                 19.26    3.82   42.17 ^ clkbuf_2_1__f_clk_regs/A (BUFx16f_ASAP7_75t_R)
     9   35.11   22.74   20.72   62.88 ^ clkbuf_2_1__f_clk_regs/Y (BUFx16f_ASAP7_75t_R)
                                         clknet_2_1__leaf_clk_regs (net)
                 40.64   11.21   74.09 ^ clkbuf_leaf_15_clk_regs/A (BUFx24_ASAP7_75t_R)
    10    7.81    9.97   26.40  100.50 ^ clkbuf_leaf_15_clk_regs/Y (BUFx24_ASAP7_75t_R)
                                         clknet_leaf_15_clk_regs (net)
                 10.19    0.87  101.36 ^ riscv.dp.pcreg.q[23]$_DFF_PP0_/CLK (DFFASRHQNx1_ASAP7_75t_R)
                          0.00  101.36   clock reconvergence pessimism
                         26.55  127.91   library removal time
                                127.91   data required time
-----------------------------------------------------------------------------
                                127.91   data required time
                               -168.37   data arrival time
-----------------------------------------------------------------------------
                                 40.45   slack (MET)


Startpoint: riscv.dp.rf.rf[0][0]$_DFFE_PP_
            (rising edge-triggered flip-flop clocked by clk)
Endpoint: riscv.dp.rf.rf[0][0]$_DFFE_PP_
          (rising edge-triggered flip-flop clocked by clk)
Path Group: clk
Path Type: min

Fanout     Cap    Slew   Delay    Time   Description
-----------------------------------------------------------------------------
                          0.00    0.00   clock clk (rise edge)
                          0.00    0.00   clock source latency
     2   12.85    0.00    0.00    0.00 ^ clk (in)
                                         clk (net)
                 16.91    5.33    5.33 ^ clkbuf_regs_0_clk/A (BUFx16f_ASAP7_75t_R)
     1    2.73    5.84   16.21   21.55 ^ clkbuf_regs_0_clk/Y (BUFx16f_ASAP7_75t_R)
                                         clk_regs (net)
                  5.96    0.57   22.12 ^ clkbuf_0_clk_regs/A (BUFx16f_ASAP7_75t_R)
     4   17.38   13.31   14.25   36.38 ^ clkbuf_0_clk_regs/Y (BUFx16f_ASAP7_75t_R)
                                         clknet_0_clk_regs (net)
                 20.98    5.01   41.39 ^ clkbuf_2_0__f_clk_regs/A (BUFx16f_ASAP7_75t_R)
    10   32.92   22.22   21.25   62.64 ^ clkbuf_2_0__f_clk_regs/Y (BUFx16f_ASAP7_75t_R)
                                         clknet_2_0__leaf_clk_regs (net)
                 25.43    4.31   66.95 ^ clkbuf_leaf_24_clk_regs/A (BUFx24_ASAP7_75t_R)
    11    8.77    9.63   22.74   89.68 ^ clkbuf_leaf_24_clk_regs/Y (BUFx24_ASAP7_75t_R)
                                         clknet_leaf_24_clk_regs (net)
                 10.88    1.72   91.41 ^ riscv.dp.rf.rf[0][0]$_DFFE_PP_/CLK (DFFHQNx1_ASAP7_75t_R)
     3    2.03   21.15   41.02  132.42 ^ riscv.dp.rf.rf[0][0]$_DFFE_PP_/QN (DFFHQNx1_ASAP7_75t_R)
                                         _01025_ (net)
                 21.15    0.13  132.56 ^ _08716_/A (INVx1_ASAP7_75t_R)
     1    0.60    8.07    7.08  139.64 v _08716_/Y (INVx1_ASAP7_75t_R)
                                         _01739_ (net)
                  8.07    0.03  139.67 v riscv.dp.rf.rf[0][0]$_DFFE_PP_/D (DFFHQNx1_ASAP7_75t_R)
                                139.67   data arrival time

                          0.00    0.00   clock clk (rise edge)
                          0.00    0.00   clock source latency
     2   14.17    0.00    0.00    0.00 ^ clk (in)
                                         clk (net)
                 19.19    6.05    6.05 ^ clkbuf_regs_0_clk/A (BUFx16f_ASAP7_75t_R)
     1    3.39    6.21   16.99   23.04 ^ clkbuf_regs_0_clk/Y (BUFx16f_ASAP7_75t_R)
                                         clk_regs (net)
                  6.46    0.73   23.78 ^ clkbuf_0_clk_regs/A (BUFx16f_ASAP7_75t_R)
     4   20.02   14.82   14.57   38.35 ^ clkbuf_0_clk_regs/Y (BUFx16f_ASAP7_75t_R)
                                         clknet_0_clk_regs (net)
                 23.85    5.78   44.13 ^ clkbuf_2_0__f_clk_regs/A (BUFx16f_ASAP7_75t_R)
    10   38.93   25.68   22.42   66.55 ^ clkbuf_2_0__f_clk_regs/Y (BUFx16f_ASAP7_75t_R)
                                         clknet_2_0__leaf_clk_regs (net)
                 29.58    5.08   71.63 ^ clkbuf_leaf_24_clk_regs/A (BUFx24_ASAP7_75t_R)
    11   10.09   10.24   23.94   95.57 ^ clkbuf_leaf_24_clk_regs/Y (BUFx24_ASAP7_75t_R)
                                         clknet_leaf_24_clk_regs (net)
                 11.88    1.98   97.55 ^ riscv.dp.rf.rf[0][0]$_DFFE_PP_/CLK (DFFHQNx1_ASAP7_75t_R)
                         -6.14   91.41   clock reconvergence pessimism
                         11.40  102.80   library hold time
                                102.80   data required time
-----------------------------------------------------------------------------
                                102.80   data required time
                               -139.67   data arrival time
-----------------------------------------------------------------------------
                                 36.86   slack (MET)



==========================================================================
global route report_checks -path_delay max
--------------------------------------------------------------------------
Startpoint: reset (input port clocked by clk)
Endpoint: riscv.dp.pcreg.q[3]$_DFF_PP0_
          (recovery check against rising-edge clock clk)
Path Group: asynchronous
Path Type: max

Fanout     Cap    Slew   Delay    Time   Description
-----------------------------------------------------------------------------
                          0.00    0.00   clock clk (rise edge)
                          0.00    0.00   clock network delay (propagated)
                        118.75  118.75 v input external delay
     1    1.70    0.00    0.00  118.75 v reset (in)
                                         reset (net)
                  0.45    0.14  118.89 v input102/A (BUFx2_ASAP7_75t_R)
     1    0.78    5.30   10.89  129.78 v input102/Y (BUFx2_ASAP7_75t_R)
                                         net64 (net)
                  5.30    0.04  129.83 v _14755_/A (INVx1_ASAP7_75t_R)
     1    0.92    7.46    5.74  135.56 ^ _14755_/Y (INVx1_ASAP7_75t_R)
                                         _07680_ (net)
                  7.46    0.10  135.66 ^ place2387/A (BUFx3_ASAP7_75t_R)
    32   34.08   80.12   32.69  168.35 ^ place2387/Y (BUFx3_ASAP7_75t_R)
                                         net2350 (net)
                 96.31   18.80  187.15 ^ riscv.dp.pcreg.q[3]$_DFF_PP0_/RESETN (DFFASRHQNx1_ASAP7_75t_R)
                                187.15   data arrival time

                        950.00  950.00   clock clk (rise edge)
                          0.00  950.00   clock source latency
     2   12.85    0.00    0.00  950.00 ^ clk (in)
                                         clk (net)
                 16.91    5.33  955.33 ^ clkbuf_regs_0_clk/A (BUFx16f_ASAP7_75t_R)
     1    2.73    5.84   16.21  971.55 ^ clkbuf_regs_0_clk/Y (BUFx16f_ASAP7_75t_R)
                                         clk_regs (net)
                  5.96    0.57  972.12 ^ clkbuf_0_clk_regs/A (BUFx16f_ASAP7_75t_R)
     4   17.38   13.31   14.25  986.38 ^ clkbuf_0_clk_regs/Y (BUFx16f_ASAP7_75t_R)
                                         clknet_0_clk_regs (net)
                 17.01    3.33  989.70 ^ clkbuf_2_1__f_clk_regs/A (BUFx16f_ASAP7_75t_R)
     9   28.96   19.38   19.44 1009.15 ^ clkbuf_2_1__f_clk_regs/Y (BUFx16f_ASAP7_75t_R)
                                         clknet_2_1__leaf_clk_regs (net)
                 31.08    7.95 1017.09 ^ clkbuf_leaf_18_clk_regs/A (BUFx24_ASAP7_75t_R)
    11    7.94    9.63   24.12 1041.22 ^ clkbuf_leaf_18_clk_regs/Y (BUFx24_ASAP7_75t_R)
                                         clknet_leaf_18_clk_regs (net)
                  9.91    0.89 1042.11 ^ riscv.dp.pcreg.q[3]$_DFF_PP0_/CLK (DFFASRHQNx1_ASAP7_75t_R)
                          0.00 1042.11   clock reconvergence pessimism
                         19.72 1061.83   library recovery time
                               1061.83   data required time
-----------------------------------------------------------------------------
                               1061.83   data required time
                               -187.15   data arrival time
-----------------------------------------------------------------------------
                                874.68   slack (MET)


Startpoint: riscv.dp.pcreg.q[31]$_DFF_PP0_
            (rising edge-triggered flip-flop clocked by clk)
Endpoint: _tray_size4_2007 (rising edge-triggered flip-flop clocked by clk)
Path Group: clk
Path Type: max

Fanout     Cap    Slew   Delay    Time   Description
-----------------------------------------------------------------------------
                          0.00    0.00   clock clk (rise edge)
                          0.00    0.00   clock source latency
     2   14.17    0.00    0.00    0.00 ^ clk (in)
                                         clk (net)
                 19.19    6.05    6.05 ^ clkbuf_regs_0_clk/A (BUFx16f_ASAP7_75t_R)
     1    3.39    6.21   16.99   23.04 ^ clkbuf_regs_0_clk/Y (BUFx16f_ASAP7_75t_R)
                                         clk_regs (net)
                  6.46    0.73   23.78 ^ clkbuf_0_clk_regs/A (BUFx16f_ASAP7_75t_R)
     4   20.02   14.82   14.57   38.35 ^ clkbuf_0_clk_regs/Y (BUFx16f_ASAP7_75t_R)
                                         clknet_0_clk_regs (net)
                 19.26    3.82   42.17 ^ clkbuf_2_1__f_clk_regs/A (BUFx16f_ASAP7_75t_R)
     9   35.11   22.74   20.72   62.88 ^ clkbuf_2_1__f_clk_regs/Y (BUFx16f_ASAP7_75t_R)
                                         clknet_2_1__leaf_clk_regs (net)
                 39.06   10.52   73.40 ^ clkbuf_leaf_16_clk_regs/A (BUFx24_ASAP7_75t_R)
    10    7.39    9.76   26.00   99.40 ^ clkbuf_leaf_16_clk_regs/Y (BUFx24_ASAP7_75t_R)
                                         clknet_leaf_16_clk_regs (net)
                  9.92    0.79  100.19 ^ riscv.dp.pcreg.q[31]$_DFF_PP0_/CLK (DFFASRHQNx1_ASAP7_75t_R)
     2    2.48   25.26   46.36  146.55 v riscv.dp.pcreg.q[31]$_DFF_PP0_/QN (DFFASRHQNx1_ASAP7_75t_R)
                                         _00000_ (net)
                 25.27    0.28  146.82 v place2386/A (BUFx6f_ASAP7_75t_R)
     3   12.22   15.37   21.55  168.38 v place2386/Y (BUFx6f_ASAP7_75t_R)
                                         net2349 (net)
                 15.94    1.60  169.98 v _09833_/A (INVx13_ASAP7_75t_R)
     8   14.77   13.73    8.14  178.12 ^ _09833_/Y (INVx13_ASAP7_75t_R)
                                         net122 (net)
                 26.42    7.25  185.37 ^ rebuffer2595/A (BUFx12f_ASAP7_75t_R)
     4    7.51    9.31   16.63  202.00 ^ rebuffer2595/Y (BUFx12f_ASAP7_75t_R)
                                         net2559 (net)
                 12.50    2.80  204.80 ^ place2370/A (BUFx12f_ASAP7_75t_R)
     5    7.64    8.88   13.93  218.73 ^ place2370/Y (BUFx12f_ASAP7_75t_R)
                                         net2333 (net)
                 10.69    2.08  220.81 ^ rebuffer2473/A (BUFx3_ASAP7_75t_R)
     1    2.45    8.35   14.38  235.20 ^ rebuffer2473/Y (BUFx3_ASAP7_75t_R)
                                         net2436 (net)
                  8.37    0.21  235.41 ^ _12450_/B (NAND2x2_ASAP7_75t_R)
     3    4.43   17.57    8.77  244.18 v _12450_/Y (NAND2x2_ASAP7_75t_R)
                                         _05376_ (net)
                 18.05    1.56  245.75 v place2283/A (BUFx6f_ASAP7_75t_R)
    23   32.38   33.18   20.81  266.56 v place2283/Y (BUFx6f_ASAP7_75t_R)
                                         net2246 (net)
                 41.83    7.81  274.37 v place2281/A (BUFx10_ASAP7_75t_R)
    50   55.29   25.35   29.37  303.74 v place2281/Y (BUFx10_ASAP7_75t_R)
                                         net2244 (net)
                172.06   54.67  358.41 v _14737_/A (AND2x4_ASAP7_75t_R)
     1    0.67    9.36   41.20  399.61 v _14737_/Y (AND2x4_ASAP7_75t_R)
                                         _07662_ (net)
                  9.36    0.04  399.65 v _14739_/C (AO221x1_ASAP7_75t_R)
     1    1.49   13.57   24.60  424.24 v _14739_/Y (AO221x1_ASAP7_75t_R)
                                         _07664_ (net)
                 13.59    0.31  424.55 v _14744_/B (OA211x2_ASAP7_75t_R)
     1    0.75    9.36   26.89  451.44 v _14744_/Y (OA211x2_ASAP7_75t_R)
                                         _07669_ (net)
                  9.36    0.04  451.49 v _14745_/D (OR4x1_ASAP7_75t_R)
     1    0.81   11.40   26.50  477.99 v _14745_/Y (OR4x1_ASAP7_75t_R)
                                         _07670_ (net)
                 11.40    0.09  478.08 v _14761_/A (AND2x2_ASAP7_75t_R)
     2   14.85   45.82   28.19  506.27 v _14761_/Y (AND2x2_ASAP7_75t_R)
                                         _07686_ (net)
                 56.25   11.45  517.72 v _14771_/A (NAND2x1_ASAP7_75t_R)
     2    2.05   27.59   24.94  542.66 ^ _14771_/Y (NAND2x1_ASAP7_75t_R)
                                         _07696_ (net)
                 27.59    0.11  542.77 ^ riscv.dp.alu.sum\\ALU_33_0_33_0_33_unused_CO_X_HAN_CARLSON/_337_/A (HAxp5_ASAP7_75t_R)
     2    1.47   28.04   34.88  577.66 v riscv.dp.alu.sum\\ALU_33_0_33_0_33_unused_CO_X_HAN_CARLSON/_337_/SN (HAxp5_ASAP7_75t_R)
                                         riscv.dp.alu.sum\\ALU_33_0_33_0_33_unused_CO_X_HAN_CARLSON/_049_ (net)
                 28.04    0.07  577.72 v riscv.dp.alu.sum\\ALU_33_0_33_0_33_unused_CO_X_HAN_CARLSON/_613_/B (OR2x2_ASAP7_75t_R)
     3    2.42   11.09   24.16  601.89 v riscv.dp.alu.sum\\ALU_33_0_33_0_33_unused_CO_X_HAN_CARLSON/_613_/Y (OR2x2_ASAP7_75t_R)
                                         riscv.dp.alu.sum\\ALU_33_0_33_0_33_unused_CO_X_HAN_CARLSON/_301_ (net)
                 11.11    0.27  602.16 v riscv.dp.alu.sum\\ALU_33_0_33_0_33_unused_CO_X_HAN_CARLSON/_617_/A (OR2x2_ASAP7_75t_R)
     2    2.15    9.98   19.17  621.33 v riscv.dp.alu.sum\\ALU_33_0_33_0_33_unused_CO_X_HAN_CARLSON/_617_/Y (OR2x2_ASAP7_75t_R)
                                         riscv.dp.alu.sum\\ALU_33_0_33_0_33_unused_CO_X_HAN_CARLSON/_305_ (net)
                  9.99    0.22  621.55 v riscv.dp.alu.sum\\ALU_33_0_33_0_33_unused_CO_X_HAN_CARLSON/_366_/A (NOR2x1_ASAP7_75t_R)
     1    0.85   12.60    8.43  629.98 ^ riscv.dp.alu.sum\\ALU_33_0_33_0_33_unused_CO_X_HAN_CARLSON/_366_/Y (NOR2x1_ASAP7_75t_R)
                                         riscv.dp.alu.sum\\ALU_33_0_33_0_33_unused_CO_X_HAN_CARLSON/_083_ (net)
                 12.60    0.06  630.04 ^ riscv.dp.alu.sum\\ALU_33_0_33_0_33_unused_CO_X_HAN_CARLSON/_371_/A2 (AO21x2_ASAP7_75t_R)
     3    3.25   14.25   20.06  650.11 ^ riscv.dp.alu.sum\\ALU_33_0_33_0_33_unused_CO_X_HAN_CARLSON/_371_/Y (AO21x2_ASAP7_75t_R)
                                         riscv.dp.alu.sum\\ALU_33_0_33_0_33_unused_CO_X_HAN_CARLSON/_088_ (net)
                 14.30    0.46  650.56 ^ riscv.dp.alu.sum\\ALU_33_0_33_0_33_unused_CO_X_HAN_CARLSON/place1751/A (BUFx3_ASAP7_75t_R)
     1    1.10    5.79   13.88  664.45 ^ riscv.dp.alu.sum\\ALU_33_0_33_0_33_unused_CO_X_HAN_CARLSON/place1751/Y (BUFx3_ASAP7_75t_R)
                                         riscv.dp.alu.sum\\ALU_33_0_33_0_33_unused_CO_X_HAN_CARLSON/net1714 (net)
                  5.79    0.06  664.51 ^ riscv.dp.alu.sum\\ALU_33_0_33_0_33_unused_CO_X_HAN_CARLSON/_372_/B (XNOR2x2_ASAP7_75t_R)
     1    0.79    6.84   23.57  688.08 v riscv.dp.alu.sum\\ALU_33_0_33_0_33_unused_CO_X_HAN_CARLSON/_372_/Y (XNOR2x2_ASAP7_75t_R)
                                         riscv.dp.alu.sum[15] (net)
                  6.84    0.06  688.13 v _11326_/A1 (AO222x2_ASAP7_75t_R)
     1    0.61   10.11   28.81  716.94 v _11326_/Y (AO222x2_ASAP7_75t_R)
                                         _04295_ (net)
                 10.11    0.06  717.00 v _11347_/B2 (AO32x2_ASAP7_75t_R)
     2    6.90   27.70   35.38  752.38 v _11347_/Y (AO32x2_ASAP7_75t_R)
                                         net71 (net)
                 28.84    3.05  755.43 v rebuffer2487/A (BUFx6f_ASAP7_75t_R)
     2    2.17    5.96   17.96  773.39 v rebuffer2487/Y (BUFx6f_ASAP7_75t_R)
                                         net2450 (net)
                  5.97    0.10  773.49 v dmem/rebuffer2464/A (BUFx6f_ASAP7_75t_R)
     1    3.15    6.24   12.00  785.50 v dmem/rebuffer2464/Y (BUFx6f_ASAP7_75t_R)
                                         dmem/net2427 (net)
                  6.35    0.44  785.93 v dmem/_221_/B (NOR3x2_ASAP7_75t_R)
     7   14.96   57.78   18.24  804.17 ^ dmem/_221_/Y (NOR3x2_ASAP7_75t_R)
                                         dmem/_068_ (net)
                 84.63   20.92  825.09 ^ dmem/_262_/B2 (AO22x2_ASAP7_75t_R)
     1    0.84    9.12   28.40  853.49 ^ dmem/_262_/Y (AO22x2_ASAP7_75t_R)
                                         dmem/_102_ (net)
                  9.12    0.07  853.56 ^ dmem/_263_/B (AO21x2_ASAP7_75t_R)
     2   14.15   51.67   25.72  879.27 ^ dmem/_263_/Y (AO21x2_ASAP7_75t_R)
                                         readdata[7] (net)
                 59.68   10.56  889.83 ^ _11914_/B (NAND2x1_ASAP7_75t_R)
     2    2.08   22.61   16.07  905.90 v _11914_/Y (NAND2x1_ASAP7_75t_R)
                                         _04842_ (net)
                 22.62    0.14  906.05 v _11916_/A2 (OAI21x1_ASAP7_75t_R)
     4    4.21   54.62   20.62  926.66 ^ _11916_/Y (OAI21x1_ASAP7_75t_R)
                                         _04844_ (net)
                 54.63    0.28  926.94 ^ place1688/A (BUFx6f_ASAP7_75t_R)
     5    4.73    9.91   21.33  948.27 ^ place1688/Y (BUFx6f_ASAP7_75t_R)
                                         net1651 (net)
                 10.08    0.69  948.97 ^ place1687/A (BUFx3_ASAP7_75t_R)
     2    1.48    6.37   13.17  962.14 ^ place1687/Y (BUFx3_ASAP7_75t_R)
                                         net1650 (net)
                  6.38    0.11  962.25 ^ _12245_/B (AO21x1_ASAP7_75t_R)
     1    0.96   11.50   11.42  973.67 ^ _12245_/Y (AO21x1_ASAP7_75t_R)
                                         _05173_ (net)
                 11.51    0.12  973.79 ^ _12246_/B (OA21x2_ASAP7_75t_R)
     1    1.21   10.48   16.99  990.78 ^ _12246_/Y (OA21x2_ASAP7_75t_R)
                                         _05174_ (net)
                 10.48    0.08  990.85 ^ _12247_/A (AND3x4_ASAP7_75t_R)
     3   13.56   28.87   23.69 1014.55 ^ _12247_/Y (AND3x4_ASAP7_75t_R)
                                         _05175_ (net)
                 57.10   16.04 1030.59 ^ place1623/A (BUFx6f_ASAP7_75t_R)
    12   11.28   17.45   24.08 1054.67 ^ place1623/Y (BUFx6f_ASAP7_75t_R)
                                         net1586 (net)
                 18.93    2.69 1057.36 ^ _12388_/A2 (AO21x1_ASAP7_75t_R)
     1    1.09   11.88   16.85 1074.21 ^ _12388_/Y (AO21x1_ASAP7_75t_R)
                                         _05314_ (net)
                 11.89    0.16 1074.37 ^ _tray_size4_2007/D1 (DFFHQNH2V2Xx1_ASAP7_75t_R)
                               1074.37   data arrival time

                        950.00  950.00   clock clk (rise edge)
                          0.00  950.00   clock source latency
     2   12.85    0.00    0.00  950.00 ^ clk (in)
                                         clk (net)
                 16.91    5.33  955.33 ^ clkbuf_regs_0_clk/A (BUFx16f_ASAP7_75t_R)
     1    2.73    5.84   16.21  971.55 ^ clkbuf_regs_0_clk/Y (BUFx16f_ASAP7_75t_R)
                                         clk_regs (net)
                  5.96    0.57  972.12 ^ clkbuf_0_clk_regs/A (BUFx16f_ASAP7_75t_R)
     4   17.38   13.31   14.25  986.38 ^ clkbuf_0_clk_regs/Y (BUFx16f_ASAP7_75t_R)
                                         clknet_0_clk_regs (net)
                 28.25    8.04  994.42 ^ clkbuf_2_3__f_clk_regs/A (BUFx16f_ASAP7_75t_R)
     6   24.37   17.71   22.58 1017.00 ^ clkbuf_2_3__f_clk_regs/Y (BUFx16f_ASAP7_75t_R)
                                         clknet_2_3__leaf_clk_regs (net)
                 19.99    3.33 1020.32 ^ clkbuf_leaf_4_clk_regs/A (BUFx24_ASAP7_75t_R)
    10    7.26    8.91   21.28 1041.60 ^ clkbuf_leaf_4_clk_regs/Y (BUFx24_ASAP7_75t_R)
                                         clknet_leaf_4_clk_regs (net)
                  9.02    0.58 1042.18 ^ _tray_size4_2007/CLK (DFFHQNH2V2Xx1_ASAP7_75t_R)
                          1.97 1044.15   clock reconvergence pessimism
                        -11.43 1032.72   library setup time
                               1032.72   data required time
-----------------------------------------------------------------------------
                               1032.72   data required time
                               -1074.37   data arrival time
-----------------------------------------------------------------------------
                                -41.65   slack (VIOLATED)



==========================================================================
global route report_checks -unconstrained
--------------------------------------------------------------------------
Startpoint: reset (input port clocked by clk)
Endpoint: riscv.dp.pcreg.q[3]$_DFF_PP0_
          (recovery check against rising-edge clock clk)
Path Group: asynchronous
Path Type: max

Fanout     Cap    Slew   Delay    Time   Description
-----------------------------------------------------------------------------
                          0.00    0.00   clock clk (rise edge)
                          0.00    0.00   clock network delay (propagated)
                        118.75  118.75 v input external delay
     1    1.70    0.00    0.00  118.75 v reset (in)
                                         reset (net)
                  0.45    0.14  118.89 v input102/A (BUFx2_ASAP7_75t_R)
     1    0.78    5.30   10.89  129.78 v input102/Y (BUFx2_ASAP7_75t_R)
                                         net64 (net)
                  5.30    0.04  129.83 v _14755_/A (INVx1_ASAP7_75t_R)
     1    0.92    7.46    5.74  135.56 ^ _14755_/Y (INVx1_ASAP7_75t_R)
                                         _07680_ (net)
                  7.46    0.10  135.66 ^ place2387/A (BUFx3_ASAP7_75t_R)
    32   34.08   80.12   32.69  168.35 ^ place2387/Y (BUFx3_ASAP7_75t_R)
                                         net2350 (net)
                 96.31   18.80  187.15 ^ riscv.dp.pcreg.q[3]$_DFF_PP0_/RESETN (DFFASRHQNx1_ASAP7_75t_R)
                                187.15   data arrival time

                        950.00  950.00   clock clk (rise edge)
                          0.00  950.00   clock source latency
     2   12.85    0.00    0.00  950.00 ^ clk (in)
                                         clk (net)
                 16.91    5.33  955.33 ^ clkbuf_regs_0_clk/A (BUFx16f_ASAP7_75t_R)
     1    2.73    5.84   16.21  971.55 ^ clkbuf_regs_0_clk/Y (BUFx16f_ASAP7_75t_R)
                                         clk_regs (net)
                  5.96    0.57  972.12 ^ clkbuf_0_clk_regs/A (BUFx16f_ASAP7_75t_R)
     4   17.38   13.31   14.25  986.38 ^ clkbuf_0_clk_regs/Y (BUFx16f_ASAP7_75t_R)
                                         clknet_0_clk_regs (net)
                 17.01    3.33  989.70 ^ clkbuf_2_1__f_clk_regs/A (BUFx16f_ASAP7_75t_R)
     9   28.96   19.38   19.44 1009.15 ^ clkbuf_2_1__f_clk_regs/Y (BUFx16f_ASAP7_75t_R)
                                         clknet_2_1__leaf_clk_regs (net)
                 31.08    7.95 1017.09 ^ clkbuf_leaf_18_clk_regs/A (BUFx24_ASAP7_75t_R)
    11    7.94    9.63   24.12 1041.22 ^ clkbuf_leaf_18_clk_regs/Y (BUFx24_ASAP7_75t_R)
                                         clknet_leaf_18_clk_regs (net)
                  9.91    0.89 1042.11 ^ riscv.dp.pcreg.q[3]$_DFF_PP0_/CLK (DFFASRHQNx1_ASAP7_75t_R)
                          0.00 1042.11   clock reconvergence pessimism
                         19.72 1061.83   library recovery time
                               1061.83   data required time
-----------------------------------------------------------------------------
                               1061.83   data required time
                               -187.15   data arrival time
-----------------------------------------------------------------------------
                                874.68   slack (MET)


Startpoint: riscv.dp.pcreg.q[31]$_DFF_PP0_
            (rising edge-triggered flip-flop clocked by clk)
Endpoint: _tray_size4_2007 (rising edge-triggered flip-flop clocked by clk)
Path Group: clk
Path Type: max

Fanout     Cap    Slew   Delay    Time   Description
-----------------------------------------------------------------------------
                          0.00    0.00   clock clk (rise edge)
                          0.00    0.00   clock source latency
     2   14.17    0.00    0.00    0.00 ^ clk (in)
                                         clk (net)
                 19.19    6.05    6.05 ^ clkbuf_regs_0_clk/A (BUFx16f_ASAP7_75t_R)
     1    3.39    6.21   16.99   23.04 ^ clkbuf_regs_0_clk/Y (BUFx16f_ASAP7_75t_R)
                                         clk_regs (net)
                  6.46    0.73   23.78 ^ clkbuf_0_clk_regs/A (BUFx16f_ASAP7_75t_R)
     4   20.02   14.82   14.57   38.35 ^ clkbuf_0_clk_regs/Y (BUFx16f_ASAP7_75t_R)
                                         clknet_0_clk_regs (net)
                 19.26    3.82   42.17 ^ clkbuf_2_1__f_clk_regs/A (BUFx16f_ASAP7_75t_R)
     9   35.11   22.74   20.72   62.88 ^ clkbuf_2_1__f_clk_regs/Y (BUFx16f_ASAP7_75t_R)
                                         clknet_2_1__leaf_clk_regs (net)
                 39.06   10.52   73.40 ^ clkbuf_leaf_16_clk_regs/A (BUFx24_ASAP7_75t_R)
    10    7.39    9.76   26.00   99.40 ^ clkbuf_leaf_16_clk_regs/Y (BUFx24_ASAP7_75t_R)
                                         clknet_leaf_16_clk_regs (net)
                  9.92    0.79  100.19 ^ riscv.dp.pcreg.q[31]$_DFF_PP0_/CLK (DFFASRHQNx1_ASAP7_75t_R)
     2    2.48   25.26   46.36  146.55 v riscv.dp.pcreg.q[31]$_DFF_PP0_/QN (DFFASRHQNx1_ASAP7_75t_R)
                                         _00000_ (net)
                 25.27    0.28  146.82 v place2386/A (BUFx6f_ASAP7_75t_R)
     3   12.22   15.37   21.55  168.38 v place2386/Y (BUFx6f_ASAP7_75t_R)
                                         net2349 (net)
                 15.94    1.60  169.98 v _09833_/A (INVx13_ASAP7_75t_R)
     8   14.77   13.73    8.14  178.12 ^ _09833_/Y (INVx13_ASAP7_75t_R)
                                         net122 (net)
                 26.42    7.25  185.37 ^ rebuffer2595/A (BUFx12f_ASAP7_75t_R)
     4    7.51    9.31   16.63  202.00 ^ rebuffer2595/Y (BUFx12f_ASAP7_75t_R)
                                         net2559 (net)
                 12.50    2.80  204.80 ^ place2370/A (BUFx12f_ASAP7_75t_R)
     5    7.64    8.88   13.93  218.73 ^ place2370/Y (BUFx12f_ASAP7_75t_R)
                                         net2333 (net)
                 10.69    2.08  220.81 ^ rebuffer2473/A (BUFx3_ASAP7_75t_R)
     1    2.45    8.35   14.38  235.20 ^ rebuffer2473/Y (BUFx3_ASAP7_75t_R)
                                         net2436 (net)
                  8.37    0.21  235.41 ^ _12450_/B (NAND2x2_ASAP7_75t_R)
     3    4.43   17.57    8.77  244.18 v _12450_/Y (NAND2x2_ASAP7_75t_R)
                                         _05376_ (net)
                 18.05    1.56  245.75 v place2283/A (BUFx6f_ASAP7_75t_R)
    23   32.38   33.18   20.81  266.56 v place2283/Y (BUFx6f_ASAP7_75t_R)
                                         net2246 (net)
                 41.83    7.81  274.37 v place2281/A (BUFx10_ASAP7_75t_R)
    50   55.29   25.35   29.37  303.74 v place2281/Y (BUFx10_ASAP7_75t_R)
                                         net2244 (net)
                172.06   54.67  358.41 v _14737_/A (AND2x4_ASAP7_75t_R)
     1    0.67    9.36   41.20  399.61 v _14737_/Y (AND2x4_ASAP7_75t_R)
                                         _07662_ (net)
                  9.36    0.04  399.65 v _14739_/C (AO221x1_ASAP7_75t_R)
     1    1.49   13.57   24.60  424.24 v _14739_/Y (AO221x1_ASAP7_75t_R)
                                         _07664_ (net)
                 13.59    0.31  424.55 v _14744_/B (OA211x2_ASAP7_75t_R)
     1    0.75    9.36   26.89  451.44 v _14744_/Y (OA211x2_ASAP7_75t_R)
                                         _07669_ (net)
                  9.36    0.04  451.49 v _14745_/D (OR4x1_ASAP7_75t_R)
     1    0.81   11.40   26.50  477.99 v _14745_/Y (OR4x1_ASAP7_75t_R)
                                         _07670_ (net)
                 11.40    0.09  478.08 v _14761_/A (AND2x2_ASAP7_75t_R)
     2   14.85   45.82   28.19  506.27 v _14761_/Y (AND2x2_ASAP7_75t_R)
                                         _07686_ (net)
                 56.25   11.45  517.72 v _14771_/A (NAND2x1_ASAP7_75t_R)
     2    2.05   27.59   24.94  542.66 ^ _14771_/Y (NAND2x1_ASAP7_75t_R)
                                         _07696_ (net)
                 27.59    0.11  542.77 ^ riscv.dp.alu.sum\\ALU_33_0_33_0_33_unused_CO_X_HAN_CARLSON/_337_/A (HAxp5_ASAP7_75t_R)
     2    1.47   28.04   34.88  577.66 v riscv.dp.alu.sum\\ALU_33_0_33_0_33_unused_CO_X_HAN_CARLSON/_337_/SN (HAxp5_ASAP7_75t_R)
                                         riscv.dp.alu.sum\\ALU_33_0_33_0_33_unused_CO_X_HAN_CARLSON/_049_ (net)
                 28.04    0.07  577.72 v riscv.dp.alu.sum\\ALU_33_0_33_0_33_unused_CO_X_HAN_CARLSON/_613_/B (OR2x2_ASAP7_75t_R)
     3    2.42   11.09   24.16  601.89 v riscv.dp.alu.sum\\ALU_33_0_33_0_33_unused_CO_X_HAN_CARLSON/_613_/Y (OR2x2_ASAP7_75t_R)
                                         riscv.dp.alu.sum\\ALU_33_0_33_0_33_unused_CO_X_HAN_CARLSON/_301_ (net)
                 11.11    0.27  602.16 v riscv.dp.alu.sum\\ALU_33_0_33_0_33_unused_CO_X_HAN_CARLSON/_617_/A (OR2x2_ASAP7_75t_R)
     2    2.15    9.98   19.17  621.33 v riscv.dp.alu.sum\\ALU_33_0_33_0_33_unused_CO_X_HAN_CARLSON/_617_/Y (OR2x2_ASAP7_75t_R)
                                         riscv.dp.alu.sum\\ALU_33_0_33_0_33_unused_CO_X_HAN_CARLSON/_305_ (net)
                  9.99    0.22  621.55 v riscv.dp.alu.sum\\ALU_33_0_33_0_33_unused_CO_X_HAN_CARLSON/_366_/A (NOR2x1_ASAP7_75t_R)
     1    0.85   12.60    8.43  629.98 ^ riscv.dp.alu.sum\\ALU_33_0_33_0_33_unused_CO_X_HAN_CARLSON/_366_/Y (NOR2x1_ASAP7_75t_R)
                                         riscv.dp.alu.sum\\ALU_33_0_33_0_33_unused_CO_X_HAN_CARLSON/_083_ (net)
                 12.60    0.06  630.04 ^ riscv.dp.alu.sum\\ALU_33_0_33_0_33_unused_CO_X_HAN_CARLSON/_371_/A2 (AO21x2_ASAP7_75t_R)
     3    3.25   14.25   20.06  650.11 ^ riscv.dp.alu.sum\\ALU_33_0_33_0_33_unused_CO_X_HAN_CARLSON/_371_/Y (AO21x2_ASAP7_75t_R)
                                         riscv.dp.alu.sum\\ALU_33_0_33_0_33_unused_CO_X_HAN_CARLSON/_088_ (net)
                 14.30    0.46  650.56 ^ riscv.dp.alu.sum\\ALU_33_0_33_0_33_unused_CO_X_HAN_CARLSON/place1751/A (BUFx3_ASAP7_75t_R)
     1    1.10    5.79   13.88  664.45 ^ riscv.dp.alu.sum\\ALU_33_0_33_0_33_unused_CO_X_HAN_CARLSON/place1751/Y (BUFx3_ASAP7_75t_R)
                                         riscv.dp.alu.sum\\ALU_33_0_33_0_33_unused_CO_X_HAN_CARLSON/net1714 (net)
                  5.79    0.06  664.51 ^ riscv.dp.alu.sum\\ALU_33_0_33_0_33_unused_CO_X_HAN_CARLSON/_372_/B (XNOR2x2_ASAP7_75t_R)
     1    0.79    6.84   23.57  688.08 v riscv.dp.alu.sum\\ALU_33_0_33_0_33_unused_CO_X_HAN_CARLSON/_372_/Y (XNOR2x2_ASAP7_75t_R)
                                         riscv.dp.alu.sum[15] (net)
                  6.84    0.06  688.13 v _11326_/A1 (AO222x2_ASAP7_75t_R)
     1    0.61   10.11   28.81  716.94 v _11326_/Y (AO222x2_ASAP7_75t_R)
                                         _04295_ (net)
                 10.11    0.06  717.00 v _11347_/B2 (AO32x2_ASAP7_75t_R)
     2    6.90   27.70   35.38  752.38 v _11347_/Y (AO32x2_ASAP7_75t_R)
                                         net71 (net)
                 28.84    3.05  755.43 v rebuffer2487/A (BUFx6f_ASAP7_75t_R)
     2    2.17    5.96   17.96  773.39 v rebuffer2487/Y (BUFx6f_ASAP7_75t_R)
                                         net2450 (net)
                  5.97    0.10  773.49 v dmem/rebuffer2464/A (BUFx6f_ASAP7_75t_R)
     1    3.15    6.24   12.00  785.50 v dmem/rebuffer2464/Y (BUFx6f_ASAP7_75t_R)
                                         dmem/net2427 (net)
                  6.35    0.44  785.93 v dmem/_221_/B (NOR3x2_ASAP7_75t_R)
     7   14.96   57.78   18.24  804.17 ^ dmem/_221_/Y (NOR3x2_ASAP7_75t_R)
                                         dmem/_068_ (net)
                 84.63   20.92  825.09 ^ dmem/_262_/B2 (AO22x2_ASAP7_75t_R)
     1    0.84    9.12   28.40  853.49 ^ dmem/_262_/Y (AO22x2_ASAP7_75t_R)
                                         dmem/_102_ (net)
                  9.12    0.07  853.56 ^ dmem/_263_/B (AO21x2_ASAP7_75t_R)
     2   14.15   51.67   25.72  879.27 ^ dmem/_263_/Y (AO21x2_ASAP7_75t_R)
                                         readdata[7] (net)
                 59.68   10.56  889.83 ^ _11914_/B (NAND2x1_ASAP7_75t_R)
     2    2.08   22.61   16.07  905.90 v _11914_/Y (NAND2x1_ASAP7_75t_R)
                                         _04842_ (net)
                 22.62    0.14  906.05 v _11916_/A2 (OAI21x1_ASAP7_75t_R)
     4    4.21   54.62   20.62  926.66 ^ _11916_/Y (OAI21x1_ASAP7_75t_R)
                                         _04844_ (net)
                 54.63    0.28  926.94 ^ place1688/A (BUFx6f_ASAP7_75t_R)
     5    4.73    9.91   21.33  948.27 ^ place1688/Y (BUFx6f_ASAP7_75t_R)
                                         net1651 (net)
                 10.08    0.69  948.97 ^ place1687/A (BUFx3_ASAP7_75t_R)
     2    1.48    6.37   13.17  962.14 ^ place1687/Y (BUFx3_ASAP7_75t_R)
                                         net1650 (net)
                  6.38    0.11  962.25 ^ _12245_/B (AO21x1_ASAP7_75t_R)
     1    0.96   11.50   11.42  973.67 ^ _12245_/Y (AO21x1_ASAP7_75t_R)
                                         _05173_ (net)
                 11.51    0.12  973.79 ^ _12246_/B (OA21x2_ASAP7_75t_R)
     1    1.21   10.48   16.99  990.78 ^ _12246_/Y (OA21x2_ASAP7_75t_R)
                                         _05174_ (net)
                 10.48    0.08  990.85 ^ _12247_/A (AND3x4_ASAP7_75t_R)
     3   13.56   28.87   23.69 1014.55 ^ _12247_/Y (AND3x4_ASAP7_75t_R)
                                         _05175_ (net)
                 57.10   16.04 1030.59 ^ place1623/A (BUFx6f_ASAP7_75t_R)
    12   11.28   17.45   24.08 1054.67 ^ place1623/Y (BUFx6f_ASAP7_75t_R)
                                         net1586 (net)
                 18.93    2.69 1057.36 ^ _12388_/A2 (AO21x1_ASAP7_75t_R)
     1    1.09   11.88   16.85 1074.21 ^ _12388_/Y (AO21x1_ASAP7_75t_R)
                                         _05314_ (net)
                 11.89    0.16 1074.37 ^ _tray_size4_2007/D1 (DFFHQNH2V2Xx1_ASAP7_75t_R)
                               1074.37   data arrival time

                        950.00  950.00   clock clk (rise edge)
                          0.00  950.00   clock source latency
     2   12.85    0.00    0.00  950.00 ^ clk (in)
                                         clk (net)
                 16.91    5.33  955.33 ^ clkbuf_regs_0_clk/A (BUFx16f_ASAP7_75t_R)
     1    2.73    5.84   16.21  971.55 ^ clkbuf_regs_0_clk/Y (BUFx16f_ASAP7_75t_R)
                                         clk_regs (net)
                  5.96    0.57  972.12 ^ clkbuf_0_clk_regs/A (BUFx16f_ASAP7_75t_R)
     4   17.38   13.31   14.25  986.38 ^ clkbuf_0_clk_regs/Y (BUFx16f_ASAP7_75t_R)
                                         clknet_0_clk_regs (net)
                 28.25    8.04  994.42 ^ clkbuf_2_3__f_clk_regs/A (BUFx16f_ASAP7_75t_R)
     6   24.37   17.71   22.58 1017.00 ^ clkbuf_2_3__f_clk_regs/Y (BUFx16f_ASAP7_75t_R)
                                         clknet_2_3__leaf_clk_regs (net)
                 19.99    3.33 1020.32 ^ clkbuf_leaf_4_clk_regs/A (BUFx24_ASAP7_75t_R)
    10    7.26    8.91   21.28 1041.60 ^ clkbuf_leaf_4_clk_regs/Y (BUFx24_ASAP7_75t_R)
                                         clknet_leaf_4_clk_regs (net)
                  9.02    0.58 1042.18 ^ _tray_size4_2007/CLK (DFFHQNH2V2Xx1_ASAP7_75t_R)
                          1.97 1044.15   clock reconvergence pessimism
                        -11.43 1032.72   library setup time
                               1032.72   data required time
-----------------------------------------------------------------------------
                               1032.72   data required time
                               -1074.37   data arrival time
-----------------------------------------------------------------------------
                                -41.65   slack (VIOLATED)



==========================================================================
global route report_check_types -max_slew -max_cap -max_fanout -violators
--------------------------------------------------------------------------

==========================================================================
global route max_slew_check_slack
--------------------------------------------------------------------------
106.14724731445312

==========================================================================
global route max_slew_check_limit
--------------------------------------------------------------------------
320.0

==========================================================================
global route max_slew_check_slack_limit
--------------------------------------------------------------------------
0.3317

==========================================================================
global route max_fanout_check_slack
--------------------------------------------------------------------------
1.0000000150474662e+30

==========================================================================
global route max_fanout_check_limit
--------------------------------------------------------------------------
1.0000000150474662e+30

==========================================================================
global route max_capacitance_check_slack
--------------------------------------------------------------------------
5.318570613861084

==========================================================================
global route max_capacitance_check_limit
--------------------------------------------------------------------------
23.040000915527344

==========================================================================
global route max_capacitance_check_slack_limit
--------------------------------------------------------------------------
0.2308

==========================================================================
global route max_slew_violation_count
--------------------------------------------------------------------------
max slew violation count 0

==========================================================================
global route max_fanout_violation_count
--------------------------------------------------------------------------
max fanout violation count 0

==========================================================================
global route max_cap_violation_count
--------------------------------------------------------------------------
max cap violation count 0

==========================================================================
global route setup_violation_count
--------------------------------------------------------------------------
setup violation count 967

==========================================================================
global route hold_violation_count
--------------------------------------------------------------------------
hold violation count 0

==========================================================================
global route report_checks -path_delay max reg to reg
--------------------------------------------------------------------------
Startpoint: riscv.dp.pcreg.q[31]$_DFF_PP0_
            (rising edge-triggered flip-flop clocked by clk)
Endpoint: _tray_size4_2007 (rising edge-triggered flip-flop clocked by clk)
Path Group: clk
Path Type: max

  Delay    Time   Description
---------------------------------------------------------
   0.00    0.00   clock clk (rise edge)
   0.00    0.00   clock source latency
   0.00    0.00 ^ clk (in)
  23.04   23.04 ^ clkbuf_regs_0_clk/Y (BUFx16f_ASAP7_75t_R)
  15.31   38.35 ^ clkbuf_0_clk_regs/Y (BUFx16f_ASAP7_75t_R)
  24.53   62.88 ^ clkbuf_2_1__f_clk_regs/Y (BUFx16f_ASAP7_75t_R)
  36.52   99.40 ^ clkbuf_leaf_16_clk_regs/Y (BUFx24_ASAP7_75t_R)
   0.79  100.19 ^ riscv.dp.pcreg.q[31]$_DFF_PP0_/CLK (DFFASRHQNx1_ASAP7_75t_R)
  46.36  146.55 v riscv.dp.pcreg.q[31]$_DFF_PP0_/QN (DFFASRHQNx1_ASAP7_75t_R)
  21.83  168.38 v place2386/Y (BUFx6f_ASAP7_75t_R)
   9.74  178.12 ^ _09833_/Y (INVx13_ASAP7_75t_R)
  23.88  202.00 ^ rebuffer2595/Y (BUFx12f_ASAP7_75t_R)
  16.74  218.73 ^ place2370/Y (BUFx12f_ASAP7_75t_R)
  16.47  235.20 ^ rebuffer2473/Y (BUFx3_ASAP7_75t_R)
   8.98  244.18 v _12450_/Y (NAND2x2_ASAP7_75t_R)
  22.37  266.56 v place2283/Y (BUFx6f_ASAP7_75t_R)
  37.18  303.74 v place2281/Y (BUFx10_ASAP7_75t_R)
  95.87  399.61 v _14737_/Y (AND2x4_ASAP7_75t_R)
  24.64  424.24 v _14739_/Y (AO221x1_ASAP7_75t_R)
  27.20  451.44 v _14744_/Y (OA211x2_ASAP7_75t_R)
  26.55  477.99 v _14745_/Y (OR4x1_ASAP7_75t_R)
  28.28  506.27 v _14761_/Y (AND2x2_ASAP7_75t_R)
  36.39  542.66 ^ _14771_/Y (NAND2x1_ASAP7_75t_R)
  34.99  577.66 v riscv.dp.alu.sum\\ALU_33_0_33_0_33_unused_CO_X_HAN_CARLSON/_337_/SN (HAxp5_ASAP7_75t_R)
  24.23  601.89 v riscv.dp.alu.sum\\ALU_33_0_33_0_33_unused_CO_X_HAN_CARLSON/_613_/Y (OR2x2_ASAP7_75t_R)
  19.45  621.33 v riscv.dp.alu.sum\\ALU_33_0_33_0_33_unused_CO_X_HAN_CARLSON/_617_/Y (OR2x2_ASAP7_75t_R)
   8.65  629.98 ^ riscv.dp.alu.sum\\ALU_33_0_33_0_33_unused_CO_X_HAN_CARLSON/_366_/Y (NOR2x1_ASAP7_75t_R)
  20.13  650.11 ^ riscv.dp.alu.sum\\ALU_33_0_33_0_33_unused_CO_X_HAN_CARLSON/_371_/Y (AO21x2_ASAP7_75t_R)
  14.34  664.45 ^ riscv.dp.alu.sum\\ALU_33_0_33_0_33_unused_CO_X_HAN_CARLSON/place1751/Y (BUFx3_ASAP7_75t_R)
  23.63  688.08 v riscv.dp.alu.sum\\ALU_33_0_33_0_33_unused_CO_X_HAN_CARLSON/_372_/Y (XNOR2x2_ASAP7_75t_R)
  28.87  716.94 v _11326_/Y (AO222x2_ASAP7_75t_R)
  35.44  752.38 v _11347_/Y (AO32x2_ASAP7_75t_R)
  21.01  773.39 v rebuffer2487/Y (BUFx6f_ASAP7_75t_R)
  12.10  785.50 v dmem/rebuffer2464/Y (BUFx6f_ASAP7_75t_R)
  18.67  804.17 ^ dmem/_221_/Y (NOR3x2_ASAP7_75t_R)
  49.32  853.49 ^ dmem/_262_/Y (AO22x2_ASAP7_75t_R)
  25.78  879.27 ^ dmem/_263_/Y (AO21x2_ASAP7_75t_R)
  26.63  905.90 v _11914_/Y (NAND2x1_ASAP7_75t_R)
  20.76  926.66 ^ _11916_/Y (OAI21x1_ASAP7_75t_R)
  21.61  948.27 ^ place1688/Y (BUFx6f_ASAP7_75t_R)
  13.86  962.14 ^ place1687/Y (BUFx3_ASAP7_75t_R)
  11.54  973.67 ^ _12245_/Y (AO21x1_ASAP7_75t_R)
  17.11  990.78 ^ _12246_/Y (OA21x2_ASAP7_75t_R)
  23.77 1014.55 ^ _12247_/Y (AND3x4_ASAP7_75t_R)
  40.12 1054.67 ^ place1623/Y (BUFx6f_ASAP7_75t_R)
  19.54 1074.21 ^ _12388_/Y (AO21x1_ASAP7_75t_R)
   0.16 1074.37 ^ _tray_size4_2007/D1 (DFFHQNH2V2Xx1_ASAP7_75t_R)
        1074.37   data arrival time

 950.00  950.00   clock clk (rise edge)
   0.00  950.00   clock source latency
   0.00  950.00 ^ clk (in)
  21.55  971.55 ^ clkbuf_regs_0_clk/Y (BUFx16f_ASAP7_75t_R)
  14.83  986.38 ^ clkbuf_0_clk_regs/Y (BUFx16f_ASAP7_75t_R)
  30.62 1017.00 ^ clkbuf_2_3__f_clk_regs/Y (BUFx16f_ASAP7_75t_R)
  24.60 1041.60 ^ clkbuf_leaf_4_clk_regs/Y (BUFx24_ASAP7_75t_R)
   0.58 1042.18 ^ _tray_size4_2007/CLK (DFFHQNH2V2Xx1_ASAP7_75t_R)
   1.97 1044.15   clock reconvergence pessimism
 -11.43 1032.72   library setup time
        1032.72   data required time
---------------------------------------------------------
        1032.72   data required time
        -1074.37   data arrival time
---------------------------------------------------------
         -41.65   slack (VIOLATED)



==========================================================================
global route report_checks -path_delay min reg to reg
--------------------------------------------------------------------------
Startpoint: riscv.dp.rf.rf[0][0]$_DFFE_PP_
            (rising edge-triggered flip-flop clocked by clk)
Endpoint: riscv.dp.rf.rf[0][0]$_DFFE_PP_
          (rising edge-triggered flip-flop clocked by clk)
Path Group: clk
Path Type: min

  Delay    Time   Description
---------------------------------------------------------
   0.00    0.00   clock clk (rise edge)
   0.00    0.00   clock source latency
   0.00    0.00 ^ clk (in)
  21.55   21.55 ^ clkbuf_regs_0_clk/Y (BUFx16f_ASAP7_75t_R)
  14.83   36.38 ^ clkbuf_0_clk_regs/Y (BUFx16f_ASAP7_75t_R)
  26.26   62.64 ^ clkbuf_2_0__f_clk_regs/Y (BUFx16f_ASAP7_75t_R)
  27.05   89.68 ^ clkbuf_leaf_24_clk_regs/Y (BUFx24_ASAP7_75t_R)
   1.72   91.41 ^ riscv.dp.rf.rf[0][0]$_DFFE_PP_/CLK (DFFHQNx1_ASAP7_75t_R)
  41.02  132.42 ^ riscv.dp.rf.rf[0][0]$_DFFE_PP_/QN (DFFHQNx1_ASAP7_75t_R)
   7.22  139.64 v _08716_/Y (INVx1_ASAP7_75t_R)
   0.03  139.67 v riscv.dp.rf.rf[0][0]$_DFFE_PP_/D (DFFHQNx1_ASAP7_75t_R)
         139.67   data arrival time

   0.00    0.00   clock clk (rise edge)
   0.00    0.00   clock source latency
   0.00    0.00 ^ clk (in)
  23.04   23.04 ^ clkbuf_regs_0_clk/Y (BUFx16f_ASAP7_75t_R)
  15.31   38.35 ^ clkbuf_0_clk_regs/Y (BUFx16f_ASAP7_75t_R)
  28.20   66.55 ^ clkbuf_2_0__f_clk_regs/Y (BUFx16f_ASAP7_75t_R)
  29.02   95.57 ^ clkbuf_leaf_24_clk_regs/Y (BUFx24_ASAP7_75t_R)
   1.98   97.55 ^ riscv.dp.rf.rf[0][0]$_DFFE_PP_/CLK (DFFHQNx1_ASAP7_75t_R)
  -6.14   91.41   clock reconvergence pessimism
  11.40  102.80   library hold time
         102.80   data required time
---------------------------------------------------------
         102.80   data required time
        -139.67   data arrival time
---------------------------------------------------------
          36.86   slack (MET)



==========================================================================
global route critical path target clock latency max path
--------------------------------------------------------------------------
92.1068

==========================================================================
global route critical path target clock latency min path
--------------------------------------------------------------------------
101.3643

==========================================================================
global route critical path source clock latency min path
--------------------------------------------------------------------------
0.0000

==========================================================================
global route critical path delay
--------------------------------------------------------------------------
1074.3737

==========================================================================
global route critical path slack
--------------------------------------------------------------------------
-41.6503

==========================================================================
global route slack div critical path delay
--------------------------------------------------------------------------
-3.876705

==========================================================================
global route report_power
--------------------------------------------------------------------------
Group                  Internal  Switching    Leakage      Total
                          Power      Power      Power      Power (Watts)
----------------------------------------------------------------
Sequential             1.50e-03   1.88e-04   1.27e-07   1.69e-03   5.3%
Combinational          5.57e-03   8.02e-03   7.43e-07   1.36e-02  42.4%
Clock                  5.56e-04   3.47e-04   1.86e-08   9.03e-04   2.8%
Macro                  1.54e-02   0.00e+00   5.16e-04   1.59e-02  49.5%
Pad                    0.00e+00   0.00e+00   0.00e+00   0.00e+00   0.0%
----------------------------------------------------------------
Total                  2.30e-02   8.56e-03   5.16e-04   3.21e-02 100.0%
                          71.7%      26.7%       1.6%
