
==========================================================================
finish report_tns
--------------------------------------------------------------------------
tns max 0.00

==========================================================================
finish report_wns
--------------------------------------------------------------------------
wns max 0.00

==========================================================================
finish report_worst_slack
--------------------------------------------------------------------------
worst slack max 17.89

==========================================================================
finish report_clock_min_period
--------------------------------------------------------------------------
clk period_min = 932.11 fmax = 1072.84

==========================================================================
finish report_clock_skew
--------------------------------------------------------------------------
Clock clk
 101.89 source latency _tray_size4_2057/CLK ^
 -71.90 target latency dmem/dmem2/clk ^
   0.00 CRPR
--------------
  29.99 setup skew


==========================================================================
finish report_checks -path_delay min
--------------------------------------------------------------------------
Startpoint: reset (input port clocked by clk)
Endpoint: riscv.dp.pcreg.q[24]$_DFF_PP0_
          (removal check against rising-edge clock clk)
Path Group: asynchronous
Path Type: min

Fanout     Cap    Slew   Delay    Time   Description
-----------------------------------------------------------------------------
                          0.00    0.00   clock clk (rise edge)
                          0.00    0.00   clock network delay (propagated)
                        118.75  118.75 v input external delay
     1    0.90    0.00    0.00  118.75 v reset (in)
                                         reset (net)
                  0.24    0.08  118.83 v input102/A (BUFx2_ASAP7_75t_R)
     1    0.52    4.71   10.42  129.25 v input102/Y (BUFx2_ASAP7_75t_R)
                                         net64 (net)
                  4.71    0.02  129.27 v _14755_/A (INVx1_ASAP7_75t_R)
     1    0.72    6.15    5.03  134.30 ^ _14755_/Y (INVx1_ASAP7_75t_R)
                                         _07680_ (net)
                  6.15    0.07  134.37 ^ place2387/A (BUFx3_ASAP7_75t_R)
    32   28.16   66.51   29.04  163.41 ^ place2387/Y (BUFx3_ASAP7_75t_R)
                                         net2350 (net)
                 66.60    1.67  165.09 ^ riscv.dp.pcreg.q[24]$_DFF_PP0_/RESETN (DFFASRHQNx1_ASAP7_75t_R)
                                165.09   data arrival time

                          0.00    0.00   clock clk (rise edge)
                          0.00    0.00   clock source latency
     2   10.73    0.00    0.00    0.00 ^ clk (in)
                                         clk (net)
                 15.95    5.03    5.03 ^ clkbuf_regs_0_clk/A (BUFx16f_ASAP7_75t_R)
     1    2.77    5.83   15.97   21.01 ^ clkbuf_regs_0_clk/Y (BUFx16f_ASAP7_75t_R)
                                         clk_regs (net)
                  5.84    0.29   21.29 ^ clkbuf_0_clk_regs/A (BUFx16f_ASAP7_75t_R)
     4   17.28   13.38   14.35   35.64 ^ clkbuf_0_clk_regs/Y (BUFx16f_ASAP7_75t_R)
                                         clknet_0_clk_regs (net)
                 15.89    2.80   38.44 ^ clkbuf_2_1__f_clk_regs/A (BUFx16f_ASAP7_75t_R)
    10   36.56   23.34   20.38   58.82 ^ clkbuf_2_1__f_clk_regs/Y (BUFx16f_ASAP7_75t_R)
                                         clknet_2_1__leaf_clk_regs (net)
                 40.23   10.89   69.71 ^ clkbuf_leaf_16_clk_regs/A (BUFx24_ASAP7_75t_R)
    10    6.96    9.64   26.20   95.91 ^ clkbuf_leaf_16_clk_regs/Y (BUFx24_ASAP7_75t_R)
                                         clknet_leaf_16_clk_regs (net)
                  9.65    0.37   96.28 ^ riscv.dp.pcreg.q[24]$_DFF_PP0_/CLK (DFFASRHQNx1_ASAP7_75t_R)
                          0.00   96.28   clock reconvergence pessimism
                         25.54  121.82   library removal time
                                121.82   data required time
-----------------------------------------------------------------------------
                                121.82   data required time
                               -165.09   data arrival time
-----------------------------------------------------------------------------
                                 43.27   slack (MET)


Startpoint: riscv.dp.rf.rf[0][0]$_DFFE_PP_
            (rising edge-triggered flip-flop clocked by clk)
Endpoint: riscv.dp.rf.rf[0][0]$_DFFE_PP_
          (rising edge-triggered flip-flop clocked by clk)
Path Group: clk
Path Type: min

Fanout     Cap    Slew   Delay    Time   Description
-----------------------------------------------------------------------------
                          0.00    0.00   clock clk (rise edge)
                          0.00    0.00   clock source latency
     2    9.41    0.00    0.00    0.00 ^ clk (in)
                                         clk (net)
                 13.73    4.33    4.33 ^ clkbuf_regs_0_clk/A (BUFx16f_ASAP7_75t_R)
     1    2.12    5.45   15.19   19.52 ^ clkbuf_regs_0_clk/Y (BUFx16f_ASAP7_75t_R)
                                         clk_regs (net)
                  5.46    0.22   19.74 ^ clkbuf_0_clk_regs/A (BUFx16f_ASAP7_75t_R)
     4   14.64   11.85   14.03   33.77 ^ clkbuf_0_clk_regs/Y (BUFx16f_ASAP7_75t_R)
                                         clknet_0_clk_regs (net)
                 13.89    2.37   36.15 ^ clkbuf_2_1__f_clk_regs/A (BUFx16f_ASAP7_75t_R)
    10   30.55   20.09   19.10   55.25 ^ clkbuf_2_1__f_clk_regs/Y (BUFx16f_ASAP7_75t_R)
                                         clknet_2_1__leaf_clk_regs (net)
                 26.70    5.75   61.00 ^ clkbuf_leaf_25_clk_regs/A (BUFx24_ASAP7_75t_R)
    11    7.49    9.25   22.92   83.92 ^ clkbuf_leaf_25_clk_regs/Y (BUFx24_ASAP7_75t_R)
                                         clknet_leaf_25_clk_regs (net)
                 10.16    1.61   85.53 ^ riscv.dp.rf.rf[0][0]$_DFFE_PP_/CLK (DFFHQNx1_ASAP7_75t_R)
     3    1.81   19.65   40.02  125.54 ^ riscv.dp.rf.rf[0][0]$_DFFE_PP_/QN (DFFHQNx1_ASAP7_75t_R)
                                         _01025_ (net)
                 19.66    0.11  125.66 ^ _08716_/A (INVx1_ASAP7_75t_R)
     1    0.57    7.69    6.82  132.47 v _08716_/Y (INVx1_ASAP7_75t_R)
                                         _01739_ (net)
                  7.69    0.04  132.51 v riscv.dp.rf.rf[0][0]$_DFFE_PP_/D (DFFHQNx1_ASAP7_75t_R)
                                132.51   data arrival time

                          0.00    0.00   clock clk (rise edge)
                          0.00    0.00   clock source latency
     2   10.73    0.00    0.00    0.00 ^ clk (in)
                                         clk (net)
                 15.95    5.03    5.03 ^ clkbuf_regs_0_clk/A (BUFx16f_ASAP7_75t_R)
     1    2.77    5.83   15.97   21.01 ^ clkbuf_regs_0_clk/Y (BUFx16f_ASAP7_75t_R)
                                         clk_regs (net)
                  5.84    0.29   21.29 ^ clkbuf_0_clk_regs/A (BUFx16f_ASAP7_75t_R)
     4   17.28   13.38   14.35   35.64 ^ clkbuf_0_clk_regs/Y (BUFx16f_ASAP7_75t_R)
                                         clknet_0_clk_regs (net)
                 15.89    2.80   38.44 ^ clkbuf_2_1__f_clk_regs/A (BUFx16f_ASAP7_75t_R)
    10   36.56   23.34   20.38   58.82 ^ clkbuf_2_1__f_clk_regs/Y (BUFx16f_ASAP7_75t_R)
                                         clknet_2_1__leaf_clk_regs (net)
                 31.34    6.83   65.65 ^ clkbuf_leaf_25_clk_regs/A (BUFx24_ASAP7_75t_R)
    11    8.79    9.90   24.26   89.91 ^ clkbuf_leaf_25_clk_regs/Y (BUFx24_ASAP7_75t_R)
                                         clknet_leaf_25_clk_regs (net)
                 11.17    1.89   91.80 ^ riscv.dp.rf.rf[0][0]$_DFFE_PP_/CLK (DFFHQNx1_ASAP7_75t_R)
                         -6.27   85.53   clock reconvergence pessimism
                         11.26   96.79   library hold time
                                 96.79   data required time
-----------------------------------------------------------------------------
                                 96.79   data required time
                               -132.51   data arrival time
-----------------------------------------------------------------------------
                                 35.72   slack (MET)



==========================================================================
finish report_checks -path_delay max
--------------------------------------------------------------------------
Startpoint: reset (input port clocked by clk)
Endpoint: riscv.dp.pcreg.q[13]$_DFF_PP0_
          (recovery check against rising-edge clock clk)
Path Group: asynchronous
Path Type: max

Fanout     Cap    Slew   Delay    Time   Description
-----------------------------------------------------------------------------
                          0.00    0.00   clock clk (rise edge)
                          0.00    0.00   clock network delay (propagated)
                        118.75  118.75 v input external delay
     1    1.03    0.00    0.00  118.75 v reset (in)
                                         reset (net)
                  0.29    0.09  118.84 v input102/A (BUFx2_ASAP7_75t_R)
     1    0.69    5.09   10.70  129.55 v input102/Y (BUFx2_ASAP7_75t_R)
                                         net64 (net)
                  5.09    0.03  129.57 v _14755_/A (INVx1_ASAP7_75t_R)
     1    0.87    7.15    5.55  135.12 ^ _14755_/Y (INVx1_ASAP7_75t_R)
                                         _07680_ (net)
                  7.16    0.09  135.21 ^ place2387/A (BUFx3_ASAP7_75t_R)
    32   31.53   74.18   31.37  166.58 ^ place2387/Y (BUFx3_ASAP7_75t_R)
                                         net2350 (net)
                 91.30   18.54  185.12 ^ riscv.dp.pcreg.q[13]$_DFF_PP0_/RESETN (DFFASRHQNx1_ASAP7_75t_R)
                                185.12   data arrival time

                        950.00  950.00   clock clk (rise edge)
                          0.00  950.00   clock source latency
     2    9.41    0.00    0.00  950.00 ^ clk (in)
                                         clk (net)
                 13.73    4.33  954.33 ^ clkbuf_regs_0_clk/A (BUFx16f_ASAP7_75t_R)
     1    2.12    5.45   15.19  969.52 ^ clkbuf_regs_0_clk/Y (BUFx16f_ASAP7_75t_R)
                                         clk_regs (net)
                  5.46    0.22  969.74 ^ clkbuf_0_clk_regs/A (BUFx16f_ASAP7_75t_R)
     4   14.64   11.85   14.03  983.77 ^ clkbuf_0_clk_regs/Y (BUFx16f_ASAP7_75t_R)
                                         clknet_0_clk_regs (net)
                 13.89    2.37  986.15 ^ clkbuf_2_1__f_clk_regs/A (BUFx16f_ASAP7_75t_R)
    10   30.55   20.09   19.10 1005.25 ^ clkbuf_2_1__f_clk_regs/Y (BUFx16f_ASAP7_75t_R)
                                         clknet_2_1__leaf_clk_regs (net)
                 33.01    8.63 1013.88 ^ clkbuf_leaf_18_clk_regs/A (BUFx24_ASAP7_75t_R)
    10    5.41    8.75   24.17 1038.05 ^ clkbuf_leaf_18_clk_regs/Y (BUFx24_ASAP7_75t_R)
                                         clknet_leaf_18_clk_regs (net)
                  8.76    0.28 1038.33 ^ riscv.dp.pcreg.q[13]$_DFF_PP0_/CLK (DFFASRHQNx1_ASAP7_75t_R)
                          0.00 1038.33   clock reconvergence pessimism
                         19.23 1057.56   library recovery time
                               1057.56   data required time
-----------------------------------------------------------------------------
                               1057.56   data required time
                               -185.12   data arrival time
-----------------------------------------------------------------------------
                                872.44   slack (MET)


Startpoint: riscv.dp.pcreg.q[31]$_DFF_PP0_
            (rising edge-triggered flip-flop clocked by clk)
Endpoint: _tray_size4_1995 (rising edge-triggered flip-flop clocked by clk)
Path Group: clk
Path Type: max

Fanout     Cap    Slew   Delay    Time   Description
-----------------------------------------------------------------------------
                          0.00    0.00   clock clk (rise edge)
                          0.00    0.00   clock source latency
     2   10.73    0.00    0.00    0.00 ^ clk (in)
                                         clk (net)
                 15.95    5.03    5.03 ^ clkbuf_regs_0_clk/A (BUFx16f_ASAP7_75t_R)
     1    2.77    5.83   15.97   21.01 ^ clkbuf_regs_0_clk/Y (BUFx16f_ASAP7_75t_R)
                                         clk_regs (net)
                  5.84    0.29   21.29 ^ clkbuf_0_clk_regs/A (BUFx16f_ASAP7_75t_R)
     4   17.28   13.38   14.35   35.64 ^ clkbuf_0_clk_regs/Y (BUFx16f_ASAP7_75t_R)
                                         clknet_0_clk_regs (net)
                 15.89    2.80   38.44 ^ clkbuf_2_1__f_clk_regs/A (BUFx16f_ASAP7_75t_R)
    10   36.56   23.34   20.38   58.82 ^ clkbuf_2_1__f_clk_regs/Y (BUFx16f_ASAP7_75t_R)
                                         clknet_2_1__leaf_clk_regs (net)
                 38.66   10.20   69.02 ^ clkbuf_leaf_17_clk_regs/A (BUFx24_ASAP7_75t_R)
    10    7.01    9.60   25.85   94.86 ^ clkbuf_leaf_17_clk_regs/Y (BUFx24_ASAP7_75t_R)
                                         clknet_leaf_17_clk_regs (net)
                  9.75    0.82   95.68 ^ riscv.dp.pcreg.q[31]$_DFF_PP0_/CLK (DFFASRHQNx1_ASAP7_75t_R)
     2    2.54   25.62   46.53  142.21 v riscv.dp.pcreg.q[31]$_DFF_PP0_/QN (DFFASRHQNx1_ASAP7_75t_R)
                                         _00000_ (net)
                 25.64    0.35  142.55 v place2386/A (BUFx6f_ASAP7_75t_R)
     3   11.74   14.38   21.86  164.41 v place2386/Y (BUFx6f_ASAP7_75t_R)
                                         net2349 (net)
                 14.50    0.72  165.13 v _09833_/A (INVx13_ASAP7_75t_R)
     4    7.23    8.47    7.83  172.97 ^ _09833_/Y (INVx13_ASAP7_75t_R)
                                         net122 (net)
                  8.47    0.00  172.97 ^ rebuffer2517/A (BUFx6f_ASAP7_75t_R)
     2    4.46    8.08   13.04  186.01 ^ rebuffer2517/Y (BUFx6f_ASAP7_75t_R)
                                         net2480 (net)
                  8.14    0.38  186.39 ^ place2370/A (BUFx12f_ASAP7_75t_R)
     4    6.79    8.15   12.58  198.97 ^ place2370/Y (BUFx12f_ASAP7_75t_R)
                                         net2333 (net)
                  9.47    1.70  200.67 ^ rebuffer2467/A (BUFx6f_ASAP7_75t_R)
     2    4.49    8.41   13.21  213.88 ^ rebuffer2467/Y (BUFx6f_ASAP7_75t_R)
                                         net2430 (net)
                  8.63    0.74  214.62 ^ _12450_/B (NAND2x2_ASAP7_75t_R)
     3    4.19   16.87    8.72  223.34 v _12450_/Y (NAND2x2_ASAP7_75t_R)
                                         _05376_ (net)
                 17.11    1.09  224.43 v place2283/A (BUFx6f_ASAP7_75t_R)
    22   26.89   18.39   17.37  241.80 v place2283/Y (BUFx6f_ASAP7_75t_R)
                                         net2246 (net)
                 31.37    6.26  248.07 v place2280/A (BUFx6f_ASAP7_75t_R)
    58   61.46   47.13   22.84  270.91 v place2280/Y (BUFx6f_ASAP7_75t_R)
                                         net2243 (net)
                275.30   88.12  359.03 v _08434_/A2 (OA211x2_ASAP7_75t_R)
     1    0.87   15.60   64.42  423.45 v _08434_/Y (OA211x2_ASAP7_75t_R)
                                         _01457_ (net)
                 15.60    0.10  423.55 v _08438_/B (AO21x1_ASAP7_75t_R)
     1    0.97    8.45   17.98  441.53 v _08438_/Y (AO21x1_ASAP7_75t_R)
                                         _01461_ (net)
                  8.46    0.12  441.66 v _08445_/A2 (OA22x2_ASAP7_75t_R)
     1    0.87    8.16   17.53  459.19 v _08445_/Y (OA22x2_ASAP7_75t_R)
                                         _01468_ (net)
                  8.17    0.09  459.28 v _08446_/A2 (AO21x1_ASAP7_75t_R)
     1    2.65   17.01   19.42  478.70 v _08446_/Y (AO21x1_ASAP7_75t_R)
                                         _01469_ (net)
                 17.09    0.65  479.34 v _08447_/C (OA211x2_ASAP7_75t_R)
     2    7.49   29.15   39.18  518.53 v _08447_/Y (OA211x2_ASAP7_75t_R)
                                         _01470_ (net)
                 30.57    3.47  522.00 v _08448_/A (INVx1_ASAP7_75t_R)
     2    1.62   17.40   14.25  536.25 ^ _08448_/Y (INVx1_ASAP7_75t_R)
                                         _01471_ (net)
                 17.40    0.00  536.25 ^ riscv.dp.alu.sum\\ALU_33_0_33_0_33_unused_CO_X_HAN_CARLSON/_323_/B (HAxp5_ASAP7_75t_R)
     2    1.47   23.61   15.67  551.93 v riscv.dp.alu.sum\\ALU_33_0_33_0_33_unused_CO_X_HAN_CARLSON/_323_/CON (HAxp5_ASAP7_75t_R)
                                         riscv.dp.alu.sum\\ALU_33_0_33_0_33_unused_CO_X_HAN_CARLSON/_020_ (net)
                 23.61    0.08  552.01 v riscv.dp.alu.sum\\ALU_33_0_33_0_33_unused_CO_X_HAN_CARLSON/_462_/A1 (OA21x2_ASAP7_75t_R)
     2    1.65    9.16   21.18  573.19 v riscv.dp.alu.sum\\ALU_33_0_33_0_33_unused_CO_X_HAN_CARLSON/_462_/Y (OA21x2_ASAP7_75t_R)
                                         riscv.dp.alu.sum\\ALU_33_0_33_0_33_unused_CO_X_HAN_CARLSON/_167_ (net)
                  9.18    0.21  573.40 v riscv.dp.alu.sum\\ALU_33_0_33_0_33_unused_CO_X_HAN_CARLSON/_483_/C (OR3x1_ASAP7_75t_R)
     1    0.59    7.71   20.01  593.41 v riscv.dp.alu.sum\\ALU_33_0_33_0_33_unused_CO_X_HAN_CARLSON/_483_/Y (OR3x1_ASAP7_75t_R)
                                         riscv.dp.alu.sum\\ALU_33_0_33_0_33_unused_CO_X_HAN_CARLSON/_186_ (net)
                  7.71    0.02  593.43 v riscv.dp.alu.sum\\ALU_33_0_33_0_33_unused_CO_X_HAN_CARLSON/_484_/B (AND2x2_ASAP7_75t_R)
     2    1.39    7.09   14.73  608.16 v riscv.dp.alu.sum\\ALU_33_0_33_0_33_unused_CO_X_HAN_CARLSON/_484_/Y (AND2x2_ASAP7_75t_R)
                                         riscv.dp.alu.sum\\ALU_33_0_33_0_33_unused_CO_X_HAN_CARLSON/_187_ (net)
                  7.09    0.07  608.23 v riscv.dp.alu.sum\\ALU_33_0_33_0_33_unused_CO_X_HAN_CARLSON/_521_/A1 (OA21x2_ASAP7_75t_R)
     1    1.39    8.01   17.34  625.56 v riscv.dp.alu.sum\\ALU_33_0_33_0_33_unused_CO_X_HAN_CARLSON/_521_/Y (OA21x2_ASAP7_75t_R)
                                         riscv.dp.alu.sum\\ALU_33_0_33_0_33_unused_CO_X_HAN_CARLSON/_220_ (net)
                  8.01    0.05  625.62 v riscv.dp.alu.sum\\ALU_33_0_33_0_33_unused_CO_X_HAN_CARLSON/_522_/B (OAI21x1_ASAP7_75t_R)
     1    1.06   12.91    5.80  631.42 ^ riscv.dp.alu.sum\\ALU_33_0_33_0_33_unused_CO_X_HAN_CARLSON/_522_/Y (OAI21x1_ASAP7_75t_R)
                                         riscv.dp.alu.sum\\ALU_33_0_33_0_33_unused_CO_X_HAN_CARLSON/_221_ (net)
                 12.92    0.14  631.56 ^ riscv.dp.alu.sum\\ALU_33_0_33_0_33_unused_CO_X_HAN_CARLSON/_523_/C (AO221x1_ASAP7_75t_R)
     1    1.27   12.87   17.57  649.12 ^ riscv.dp.alu.sum\\ALU_33_0_33_0_33_unused_CO_X_HAN_CARLSON/_523_/Y (AO221x1_ASAP7_75t_R)
                                         riscv.dp.alu.sum\\ALU_33_0_33_0_33_unused_CO_X_HAN_CARLSON/_222_ (net)
                 12.88    0.18  649.30 ^ riscv.dp.alu.sum\\ALU_33_0_33_0_33_unused_CO_X_HAN_CARLSON/_524_/B (XNOR2x2_ASAP7_75t_R)
     1    0.61    6.54   24.82  674.12 v riscv.dp.alu.sum\\ALU_33_0_33_0_33_unused_CO_X_HAN_CARLSON/_524_/Y (XNOR2x2_ASAP7_75t_R)
                                         riscv.dp.alu.sum[31] (net)
                  6.54    0.00  674.12 v _11613_/A1 (AO222x2_ASAP7_75t_R)
     2    1.47   12.20   30.60  704.72 v _11613_/Y (AO222x2_ASAP7_75t_R)
                                         _04566_ (net)
                 12.20    0.08  704.80 v _11636_/A2 (AO21x2_ASAP7_75t_R)
     1    3.74   16.81   21.98  726.77 v _11636_/Y (AO21x2_ASAP7_75t_R)
                                         net89 (net)
                 17.00    0.98  727.76 v place1716/A (BUFx6f_ASAP7_75t_R)
     4    6.87    9.48   17.68  745.44 v place1716/Y (BUFx6f_ASAP7_75t_R)
                                         net1679 (net)
                  9.48    0.00  745.44 v dmem/place1715/A (BUFx12f_ASAP7_75t_R)
     6   13.76   10.28   13.32  758.76 v dmem/place1715/Y (BUFx12f_ASAP7_75t_R)
                                         dmem/net1678 (net)
                 31.71    9.65  768.41 v dmem/rebuffer2566/A (BUFx6f_ASAP7_75t_R)
     2    4.50    9.11   19.40  787.81 v dmem/rebuffer2566/Y (BUFx6f_ASAP7_75t_R)
                                         dmem/net2529 (net)
                 10.58    1.91  789.72 v dmem/place1713/A (BUFx4f_ASAP7_75t_R)
    13   10.55   19.68   16.75  806.47 v dmem/place1713/Y (BUFx4f_ASAP7_75t_R)
                                         dmem/net1676 (net)
                 28.47    7.07  813.54 v dmem/_193_/A1 (AO22x2_ASAP7_75t_R)
     1    7.90   29.23   29.87  843.41 v dmem/_193_/Y (AO22x2_ASAP7_75t_R)
                                         dmem/_045_ (net)
                 36.02    7.34  850.75 v dmem/_194_/B (AO21x1_ASAP7_75t_R)
     1    0.61    7.53   20.43  871.18 v dmem/_194_/Y (AO21x1_ASAP7_75t_R)
                                         readdata[27] (net)
                  7.53    0.00  871.18 v _12287_/A1 (AO21x1_ASAP7_75t_R)
     1    0.87    9.54   15.45  886.62 v _12287_/Y (AO21x1_ASAP7_75t_R)
                                         _05214_ (net)
                  9.55    0.09  886.72 v _12288_/A2 (AO21x1_ASAP7_75t_R)
     1    0.68    9.51   14.63  901.34 v _12288_/Y (AO21x1_ASAP7_75t_R)
                                         _05215_ (net)
                  9.51    0.06  901.40 v _12289_/B (AND2x2_ASAP7_75t_R)
     1    2.63   13.13   16.97  918.38 v _12289_/Y (AND2x2_ASAP7_75t_R)
                                         _05216_ (net)
                 13.23    0.63  919.01 v _12293_/A1 (AO221x2_ASAP7_75t_R)
     6   13.74   45.57   41.89  960.90 v _12293_/Y (AO221x2_ASAP7_75t_R)
                                         _05220_ (net)
                 47.18    4.71  965.61 v place1614/A (BUFx6f_ASAP7_75t_R)
     7    8.89   14.44   23.62  989.24 v place1614/Y (BUFx6f_ASAP7_75t_R)
                                         net1577 (net)
                 19.42    4.36  993.60 v _13452_/A2 (OA21x2_ASAP7_75t_R)
     1    0.72    8.05   19.88 1013.48 v _13452_/Y (OA21x2_ASAP7_75t_R)
                                         _06378_ (net)
                  8.05    0.06 1013.54 v _tray_size4_1995/D3 (DFFHQNH2V2Xx1_ASAP7_75t_R)
                               1013.54   data arrival time

                        950.00  950.00   clock clk (rise edge)
                          0.00  950.00   clock source latency
     2    9.41    0.00    0.00  950.00 ^ clk (in)
                                         clk (net)
                 13.73    4.33  954.33 ^ clkbuf_regs_0_clk/A (BUFx16f_ASAP7_75t_R)
     1    2.12    5.45   15.19  969.52 ^ clkbuf_regs_0_clk/Y (BUFx16f_ASAP7_75t_R)
                                         clk_regs (net)
                  5.46    0.22  969.74 ^ clkbuf_0_clk_regs/A (BUFx16f_ASAP7_75t_R)
     4   14.64   11.85   14.03  983.77 ^ clkbuf_0_clk_regs/Y (BUFx16f_ASAP7_75t_R)
                                         clknet_0_clk_regs (net)
                 13.89    2.37  986.15 ^ clkbuf_2_1__f_clk_regs/A (BUFx16f_ASAP7_75t_R)
    10   30.55   20.09   19.10 1005.25 ^ clkbuf_2_1__f_clk_regs/Y (BUFx16f_ASAP7_75t_R)
                                         clknet_2_1__leaf_clk_regs (net)
                 21.69    2.93 1008.18 ^ clkbuf_leaf_24_clk_regs/A (BUFx24_ASAP7_75t_R)
    11    8.21    9.35   21.88 1030.05 ^ clkbuf_leaf_24_clk_regs/Y (BUFx24_ASAP7_75t_R)
                                         clknet_leaf_24_clk_regs (net)
                  9.52    0.70 1030.76 ^ _tray_size4_1995/CLK (DFFHQNH2V2Xx1_ASAP7_75t_R)
                          3.57 1034.32   clock reconvergence pessimism
                         -2.89 1031.43   library setup time
                               1031.43   data required time
-----------------------------------------------------------------------------
                               1031.43   data required time
                               -1013.54   data arrival time
-----------------------------------------------------------------------------
                                 17.89   slack (MET)



==========================================================================
finish report_checks -unconstrained
--------------------------------------------------------------------------
Startpoint: reset (input port clocked by clk)
Endpoint: riscv.dp.pcreg.q[13]$_DFF_PP0_
          (recovery check against rising-edge clock clk)
Path Group: asynchronous
Path Type: max

Fanout     Cap    Slew   Delay    Time   Description
-----------------------------------------------------------------------------
                          0.00    0.00   clock clk (rise edge)
                          0.00    0.00   clock network delay (propagated)
                        118.75  118.75 v input external delay
     1    1.03    0.00    0.00  118.75 v reset (in)
                                         reset (net)
                  0.29    0.09  118.84 v input102/A (BUFx2_ASAP7_75t_R)
     1    0.69    5.09   10.70  129.55 v input102/Y (BUFx2_ASAP7_75t_R)
                                         net64 (net)
                  5.09    0.03  129.57 v _14755_/A (INVx1_ASAP7_75t_R)
     1    0.87    7.15    5.55  135.12 ^ _14755_/Y (INVx1_ASAP7_75t_R)
                                         _07680_ (net)
                  7.16    0.09  135.21 ^ place2387/A (BUFx3_ASAP7_75t_R)
    32   31.53   74.18   31.37  166.58 ^ place2387/Y (BUFx3_ASAP7_75t_R)
                                         net2350 (net)
                 91.30   18.54  185.12 ^ riscv.dp.pcreg.q[13]$_DFF_PP0_/RESETN (DFFASRHQNx1_ASAP7_75t_R)
                                185.12   data arrival time

                        950.00  950.00   clock clk (rise edge)
                          0.00  950.00   clock source latency
     2    9.41    0.00    0.00  950.00 ^ clk (in)
                                         clk (net)
                 13.73    4.33  954.33 ^ clkbuf_regs_0_clk/A (BUFx16f_ASAP7_75t_R)
     1    2.12    5.45   15.19  969.52 ^ clkbuf_regs_0_clk/Y (BUFx16f_ASAP7_75t_R)
                                         clk_regs (net)
                  5.46    0.22  969.74 ^ clkbuf_0_clk_regs/A (BUFx16f_ASAP7_75t_R)
     4   14.64   11.85   14.03  983.77 ^ clkbuf_0_clk_regs/Y (BUFx16f_ASAP7_75t_R)
                                         clknet_0_clk_regs (net)
                 13.89    2.37  986.15 ^ clkbuf_2_1__f_clk_regs/A (BUFx16f_ASAP7_75t_R)
    10   30.55   20.09   19.10 1005.25 ^ clkbuf_2_1__f_clk_regs/Y (BUFx16f_ASAP7_75t_R)
                                         clknet_2_1__leaf_clk_regs (net)
                 33.01    8.63 1013.88 ^ clkbuf_leaf_18_clk_regs/A (BUFx24_ASAP7_75t_R)
    10    5.41    8.75   24.17 1038.05 ^ clkbuf_leaf_18_clk_regs/Y (BUFx24_ASAP7_75t_R)
                                         clknet_leaf_18_clk_regs (net)
                  8.76    0.28 1038.33 ^ riscv.dp.pcreg.q[13]$_DFF_PP0_/CLK (DFFASRHQNx1_ASAP7_75t_R)
                          0.00 1038.33   clock reconvergence pessimism
                         19.23 1057.56   library recovery time
                               1057.56   data required time
-----------------------------------------------------------------------------
                               1057.56   data required time
                               -185.12   data arrival time
-----------------------------------------------------------------------------
                                872.44   slack (MET)


Startpoint: riscv.dp.pcreg.q[31]$_DFF_PP0_
            (rising edge-triggered flip-flop clocked by clk)
Endpoint: _tray_size4_1995 (rising edge-triggered flip-flop clocked by clk)
Path Group: clk
Path Type: max

Fanout     Cap    Slew   Delay    Time   Description
-----------------------------------------------------------------------------
                          0.00    0.00   clock clk (rise edge)
                          0.00    0.00   clock source latency
     2   10.73    0.00    0.00    0.00 ^ clk (in)
                                         clk (net)
                 15.95    5.03    5.03 ^ clkbuf_regs_0_clk/A (BUFx16f_ASAP7_75t_R)
     1    2.77    5.83   15.97   21.01 ^ clkbuf_regs_0_clk/Y (BUFx16f_ASAP7_75t_R)
                                         clk_regs (net)
                  5.84    0.29   21.29 ^ clkbuf_0_clk_regs/A (BUFx16f_ASAP7_75t_R)
     4   17.28   13.38   14.35   35.64 ^ clkbuf_0_clk_regs/Y (BUFx16f_ASAP7_75t_R)
                                         clknet_0_clk_regs (net)
                 15.89    2.80   38.44 ^ clkbuf_2_1__f_clk_regs/A (BUFx16f_ASAP7_75t_R)
    10   36.56   23.34   20.38   58.82 ^ clkbuf_2_1__f_clk_regs/Y (BUFx16f_ASAP7_75t_R)
                                         clknet_2_1__leaf_clk_regs (net)
                 38.66   10.20   69.02 ^ clkbuf_leaf_17_clk_regs/A (BUFx24_ASAP7_75t_R)
    10    7.01    9.60   25.85   94.86 ^ clkbuf_leaf_17_clk_regs/Y (BUFx24_ASAP7_75t_R)
                                         clknet_leaf_17_clk_regs (net)
                  9.75    0.82   95.68 ^ riscv.dp.pcreg.q[31]$_DFF_PP0_/CLK (DFFASRHQNx1_ASAP7_75t_R)
     2    2.54   25.62   46.53  142.21 v riscv.dp.pcreg.q[31]$_DFF_PP0_/QN (DFFASRHQNx1_ASAP7_75t_R)
                                         _00000_ (net)
                 25.64    0.35  142.55 v place2386/A (BUFx6f_ASAP7_75t_R)
     3   11.74   14.38   21.86  164.41 v place2386/Y (BUFx6f_ASAP7_75t_R)
                                         net2349 (net)
                 14.50    0.72  165.13 v _09833_/A (INVx13_ASAP7_75t_R)
     4    7.23    8.47    7.83  172.97 ^ _09833_/Y (INVx13_ASAP7_75t_R)
                                         net122 (net)
                  8.47    0.00  172.97 ^ rebuffer2517/A (BUFx6f_ASAP7_75t_R)
     2    4.46    8.08   13.04  186.01 ^ rebuffer2517/Y (BUFx6f_ASAP7_75t_R)
                                         net2480 (net)
                  8.14    0.38  186.39 ^ place2370/A (BUFx12f_ASAP7_75t_R)
     4    6.79    8.15   12.58  198.97 ^ place2370/Y (BUFx12f_ASAP7_75t_R)
                                         net2333 (net)
                  9.47    1.70  200.67 ^ rebuffer2467/A (BUFx6f_ASAP7_75t_R)
     2    4.49    8.41   13.21  213.88 ^ rebuffer2467/Y (BUFx6f_ASAP7_75t_R)
                                         net2430 (net)
                  8.63    0.74  214.62 ^ _12450_/B (NAND2x2_ASAP7_75t_R)
     3    4.19   16.87    8.72  223.34 v _12450_/Y (NAND2x2_ASAP7_75t_R)
                                         _05376_ (net)
                 17.11    1.09  224.43 v place2283/A (BUFx6f_ASAP7_75t_R)
    22   26.89   18.39   17.37  241.80 v place2283/Y (BUFx6f_ASAP7_75t_R)
                                         net2246 (net)
                 31.37    6.26  248.07 v place2280/A (BUFx6f_ASAP7_75t_R)
    58   61.46   47.13   22.84  270.91 v place2280/Y (BUFx6f_ASAP7_75t_R)
                                         net2243 (net)
                275.30   88.12  359.03 v _08434_/A2 (OA211x2_ASAP7_75t_R)
     1    0.87   15.60   64.42  423.45 v _08434_/Y (OA211x2_ASAP7_75t_R)
                                         _01457_ (net)
                 15.60    0.10  423.55 v _08438_/B (AO21x1_ASAP7_75t_R)
     1    0.97    8.45   17.98  441.53 v _08438_/Y (AO21x1_ASAP7_75t_R)
                                         _01461_ (net)
                  8.46    0.12  441.66 v _08445_/A2 (OA22x2_ASAP7_75t_R)
     1    0.87    8.16   17.53  459.19 v _08445_/Y (OA22x2_ASAP7_75t_R)
                                         _01468_ (net)
                  8.17    0.09  459.28 v _08446_/A2 (AO21x1_ASAP7_75t_R)
     1    2.65   17.01   19.42  478.70 v _08446_/Y (AO21x1_ASAP7_75t_R)
                                         _01469_ (net)
                 17.09    0.65  479.34 v _08447_/C (OA211x2_ASAP7_75t_R)
     2    7.49   29.15   39.18  518.53 v _08447_/Y (OA211x2_ASAP7_75t_R)
                                         _01470_ (net)
                 30.57    3.47  522.00 v _08448_/A (INVx1_ASAP7_75t_R)
     2    1.62   17.40   14.25  536.25 ^ _08448_/Y (INVx1_ASAP7_75t_R)
                                         _01471_ (net)
                 17.40    0.00  536.25 ^ riscv.dp.alu.sum\\ALU_33_0_33_0_33_unused_CO_X_HAN_CARLSON/_323_/B (HAxp5_ASAP7_75t_R)
     2    1.47   23.61   15.67  551.93 v riscv.dp.alu.sum\\ALU_33_0_33_0_33_unused_CO_X_HAN_CARLSON/_323_/CON (HAxp5_ASAP7_75t_R)
                                         riscv.dp.alu.sum\\ALU_33_0_33_0_33_unused_CO_X_HAN_CARLSON/_020_ (net)
                 23.61    0.08  552.01 v riscv.dp.alu.sum\\ALU_33_0_33_0_33_unused_CO_X_HAN_CARLSON/_462_/A1 (OA21x2_ASAP7_75t_R)
     2    1.65    9.16   21.18  573.19 v riscv.dp.alu.sum\\ALU_33_0_33_0_33_unused_CO_X_HAN_CARLSON/_462_/Y (OA21x2_ASAP7_75t_R)
                                         riscv.dp.alu.sum\\ALU_33_0_33_0_33_unused_CO_X_HAN_CARLSON/_167_ (net)
                  9.18    0.21  573.40 v riscv.dp.alu.sum\\ALU_33_0_33_0_33_unused_CO_X_HAN_CARLSON/_483_/C (OR3x1_ASAP7_75t_R)
     1    0.59    7.71   20.01  593.41 v riscv.dp.alu.sum\\ALU_33_0_33_0_33_unused_CO_X_HAN_CARLSON/_483_/Y (OR3x1_ASAP7_75t_R)
                                         riscv.dp.alu.sum\\ALU_33_0_33_0_33_unused_CO_X_HAN_CARLSON/_186_ (net)
                  7.71    0.02  593.43 v riscv.dp.alu.sum\\ALU_33_0_33_0_33_unused_CO_X_HAN_CARLSON/_484_/B (AND2x2_ASAP7_75t_R)
     2    1.39    7.09   14.73  608.16 v riscv.dp.alu.sum\\ALU_33_0_33_0_33_unused_CO_X_HAN_CARLSON/_484_/Y (AND2x2_ASAP7_75t_R)
                                         riscv.dp.alu.sum\\ALU_33_0_33_0_33_unused_CO_X_HAN_CARLSON/_187_ (net)
                  7.09    0.07  608.23 v riscv.dp.alu.sum\\ALU_33_0_33_0_33_unused_CO_X_HAN_CARLSON/_521_/A1 (OA21x2_ASAP7_75t_R)
     1    1.39    8.01   17.34  625.56 v riscv.dp.alu.sum\\ALU_33_0_33_0_33_unused_CO_X_HAN_CARLSON/_521_/Y (OA21x2_ASAP7_75t_R)
                                         riscv.dp.alu.sum\\ALU_33_0_33_0_33_unused_CO_X_HAN_CARLSON/_220_ (net)
                  8.01    0.05  625.62 v riscv.dp.alu.sum\\ALU_33_0_33_0_33_unused_CO_X_HAN_CARLSON/_522_/B (OAI21x1_ASAP7_75t_R)
     1    1.06   12.91    5.80  631.42 ^ riscv.dp.alu.sum\\ALU_33_0_33_0_33_unused_CO_X_HAN_CARLSON/_522_/Y (OAI21x1_ASAP7_75t_R)
                                         riscv.dp.alu.sum\\ALU_33_0_33_0_33_unused_CO_X_HAN_CARLSON/_221_ (net)
                 12.92    0.14  631.56 ^ riscv.dp.alu.sum\\ALU_33_0_33_0_33_unused_CO_X_HAN_CARLSON/_523_/C (AO221x1_ASAP7_75t_R)
     1    1.27   12.87   17.57  649.12 ^ riscv.dp.alu.sum\\ALU_33_0_33_0_33_unused_CO_X_HAN_CARLSON/_523_/Y (AO221x1_ASAP7_75t_R)
                                         riscv.dp.alu.sum\\ALU_33_0_33_0_33_unused_CO_X_HAN_CARLSON/_222_ (net)
                 12.88    0.18  649.30 ^ riscv.dp.alu.sum\\ALU_33_0_33_0_33_unused_CO_X_HAN_CARLSON/_524_/B (XNOR2x2_ASAP7_75t_R)
     1    0.61    6.54   24.82  674.12 v riscv.dp.alu.sum\\ALU_33_0_33_0_33_unused_CO_X_HAN_CARLSON/_524_/Y (XNOR2x2_ASAP7_75t_R)
                                         riscv.dp.alu.sum[31] (net)
                  6.54    0.00  674.12 v _11613_/A1 (AO222x2_ASAP7_75t_R)
     2    1.47   12.20   30.60  704.72 v _11613_/Y (AO222x2_ASAP7_75t_R)
                                         _04566_ (net)
                 12.20    0.08  704.80 v _11636_/A2 (AO21x2_ASAP7_75t_R)
     1    3.74   16.81   21.98  726.77 v _11636_/Y (AO21x2_ASAP7_75t_R)
                                         net89 (net)
                 17.00    0.98  727.76 v place1716/A (BUFx6f_ASAP7_75t_R)
     4    6.87    9.48   17.68  745.44 v place1716/Y (BUFx6f_ASAP7_75t_R)
                                         net1679 (net)
                  9.48    0.00  745.44 v dmem/place1715/A (BUFx12f_ASAP7_75t_R)
     6   13.76   10.28   13.32  758.76 v dmem/place1715/Y (BUFx12f_ASAP7_75t_R)
                                         dmem/net1678 (net)
                 31.71    9.65  768.41 v dmem/rebuffer2566/A (BUFx6f_ASAP7_75t_R)
     2    4.50    9.11   19.40  787.81 v dmem/rebuffer2566/Y (BUFx6f_ASAP7_75t_R)
                                         dmem/net2529 (net)
                 10.58    1.91  789.72 v dmem/place1713/A (BUFx4f_ASAP7_75t_R)
    13   10.55   19.68   16.75  806.47 v dmem/place1713/Y (BUFx4f_ASAP7_75t_R)
                                         dmem/net1676 (net)
                 28.47    7.07  813.54 v dmem/_193_/A1 (AO22x2_ASAP7_75t_R)
     1    7.90   29.23   29.87  843.41 v dmem/_193_/Y (AO22x2_ASAP7_75t_R)
                                         dmem/_045_ (net)
                 36.02    7.34  850.75 v dmem/_194_/B (AO21x1_ASAP7_75t_R)
     1    0.61    7.53   20.43  871.18 v dmem/_194_/Y (AO21x1_ASAP7_75t_R)
                                         readdata[27] (net)
                  7.53    0.00  871.18 v _12287_/A1 (AO21x1_ASAP7_75t_R)
     1    0.87    9.54   15.45  886.62 v _12287_/Y (AO21x1_ASAP7_75t_R)
                                         _05214_ (net)
                  9.55    0.09  886.72 v _12288_/A2 (AO21x1_ASAP7_75t_R)
     1    0.68    9.51   14.63  901.34 v _12288_/Y (AO21x1_ASAP7_75t_R)
                                         _05215_ (net)
                  9.51    0.06  901.40 v _12289_/B (AND2x2_ASAP7_75t_R)
     1    2.63   13.13   16.97  918.38 v _12289_/Y (AND2x2_ASAP7_75t_R)
                                         _05216_ (net)
                 13.23    0.63  919.01 v _12293_/A1 (AO221x2_ASAP7_75t_R)
     6   13.74   45.57   41.89  960.90 v _12293_/Y (AO221x2_ASAP7_75t_R)
                                         _05220_ (net)
                 47.18    4.71  965.61 v place1614/A (BUFx6f_ASAP7_75t_R)
     7    8.89   14.44   23.62  989.24 v place1614/Y (BUFx6f_ASAP7_75t_R)
                                         net1577 (net)
                 19.42    4.36  993.60 v _13452_/A2 (OA21x2_ASAP7_75t_R)
     1    0.72    8.05   19.88 1013.48 v _13452_/Y (OA21x2_ASAP7_75t_R)
                                         _06378_ (net)
                  8.05    0.06 1013.54 v _tray_size4_1995/D3 (DFFHQNH2V2Xx1_ASAP7_75t_R)
                               1013.54   data arrival time

                        950.00  950.00   clock clk (rise edge)
                          0.00  950.00   clock source latency
     2    9.41    0.00    0.00  950.00 ^ clk (in)
                                         clk (net)
                 13.73    4.33  954.33 ^ clkbuf_regs_0_clk/A (BUFx16f_ASAP7_75t_R)
     1    2.12    5.45   15.19  969.52 ^ clkbuf_regs_0_clk/Y (BUFx16f_ASAP7_75t_R)
                                         clk_regs (net)
                  5.46    0.22  969.74 ^ clkbuf_0_clk_regs/A (BUFx16f_ASAP7_75t_R)
     4   14.64   11.85   14.03  983.77 ^ clkbuf_0_clk_regs/Y (BUFx16f_ASAP7_75t_R)
                                         clknet_0_clk_regs (net)
                 13.89    2.37  986.15 ^ clkbuf_2_1__f_clk_regs/A (BUFx16f_ASAP7_75t_R)
    10   30.55   20.09   19.10 1005.25 ^ clkbuf_2_1__f_clk_regs/Y (BUFx16f_ASAP7_75t_R)
                                         clknet_2_1__leaf_clk_regs (net)
                 21.69    2.93 1008.18 ^ clkbuf_leaf_24_clk_regs/A (BUFx24_ASAP7_75t_R)
    11    8.21    9.35   21.88 1030.05 ^ clkbuf_leaf_24_clk_regs/Y (BUFx24_ASAP7_75t_R)
                                         clknet_leaf_24_clk_regs (net)
                  9.52    0.70 1030.76 ^ _tray_size4_1995/CLK (DFFHQNH2V2Xx1_ASAP7_75t_R)
                          3.57 1034.32   clock reconvergence pessimism
                         -2.89 1031.43   library setup time
                               1031.43   data required time
-----------------------------------------------------------------------------
                               1031.43   data required time
                               -1013.54   data arrival time
-----------------------------------------------------------------------------
                                 17.89   slack (MET)



==========================================================================
finish report_check_types -max_slew -max_cap -max_fanout -violators
--------------------------------------------------------------------------

==========================================================================
finish max_slew_check_slack
--------------------------------------------------------------------------
38.99233627319336

==========================================================================
finish max_slew_check_limit
--------------------------------------------------------------------------
320.0

==========================================================================
finish max_slew_check_slack_limit
--------------------------------------------------------------------------
0.1219

==========================================================================
finish max_fanout_check_slack
--------------------------------------------------------------------------
1.0000000150474662e+30

==========================================================================
finish max_fanout_check_limit
--------------------------------------------------------------------------
1.0000000150474662e+30

==========================================================================
finish max_capacitance_check_slack
--------------------------------------------------------------------------
4.829678535461426

==========================================================================
finish max_capacitance_check_limit
--------------------------------------------------------------------------
23.040000915527344

==========================================================================
finish max_capacitance_check_slack_limit
--------------------------------------------------------------------------
0.2096

==========================================================================
finish max_slew_violation_count
--------------------------------------------------------------------------
max slew violation count 0

==========================================================================
finish max_fanout_violation_count
--------------------------------------------------------------------------
max fanout violation count 0

==========================================================================
finish max_cap_violation_count
--------------------------------------------------------------------------
max cap violation count 0

==========================================================================
finish setup_violation_count
--------------------------------------------------------------------------
setup violation count 0

==========================================================================
finish hold_violation_count
--------------------------------------------------------------------------
hold violation count 0

==========================================================================
finish report_checks -path_delay max reg to reg
--------------------------------------------------------------------------
Startpoint: riscv.dp.pcreg.q[31]$_DFF_PP0_
            (rising edge-triggered flip-flop clocked by clk)
Endpoint: _tray_size4_1995 (rising edge-triggered flip-flop clocked by clk)
Path Group: clk
Path Type: max

  Delay    Time   Description
---------------------------------------------------------
   0.00    0.00   clock clk (rise edge)
   0.00    0.00   clock source latency
   0.00    0.00 ^ clk (in)
  21.01   21.01 ^ clkbuf_regs_0_clk/Y (BUFx16f_ASAP7_75t_R)
  14.63   35.64 ^ clkbuf_0_clk_regs/Y (BUFx16f_ASAP7_75t_R)
  23.18   58.82 ^ clkbuf_2_1__f_clk_regs/Y (BUFx16f_ASAP7_75t_R)
  36.05   94.86 ^ clkbuf_leaf_17_clk_regs/Y (BUFx24_ASAP7_75t_R)
   0.82   95.68 ^ riscv.dp.pcreg.q[31]$_DFF_PP0_/CLK (DFFASRHQNx1_ASAP7_75t_R)
  46.53  142.21 v riscv.dp.pcreg.q[31]$_DFF_PP0_/QN (DFFASRHQNx1_ASAP7_75t_R)
  22.20  164.41 v place2386/Y (BUFx6f_ASAP7_75t_R)
   8.55  172.97 ^ _09833_/Y (INVx13_ASAP7_75t_R)
  13.04  186.01 ^ rebuffer2517/Y (BUFx6f_ASAP7_75t_R)
  12.96  198.97 ^ place2370/Y (BUFx12f_ASAP7_75t_R)
  14.91  213.88 ^ rebuffer2467/Y (BUFx6f_ASAP7_75t_R)
   9.45  223.34 v _12450_/Y (NAND2x2_ASAP7_75t_R)
  18.47  241.80 v place2283/Y (BUFx6f_ASAP7_75t_R)
  29.11  270.91 v place2280/Y (BUFx6f_ASAP7_75t_R)
 152.54  423.45 v _08434_/Y (OA211x2_ASAP7_75t_R)
  18.08  441.53 v _08438_/Y (AO21x1_ASAP7_75t_R)
  17.66  459.19 v _08445_/Y (OA22x2_ASAP7_75t_R)
  19.51  478.70 v _08446_/Y (AO21x1_ASAP7_75t_R)
  39.83  518.53 v _08447_/Y (OA211x2_ASAP7_75t_R)
  17.73  536.25 ^ _08448_/Y (INVx1_ASAP7_75t_R)
  15.67  551.93 v riscv.dp.alu.sum\\ALU_33_0_33_0_33_unused_CO_X_HAN_CARLSON/_323_/CON (HAxp5_ASAP7_75t_R)
  21.27  573.19 v riscv.dp.alu.sum\\ALU_33_0_33_0_33_unused_CO_X_HAN_CARLSON/_462_/Y (OA21x2_ASAP7_75t_R)
  20.22  593.41 v riscv.dp.alu.sum\\ALU_33_0_33_0_33_unused_CO_X_HAN_CARLSON/_483_/Y (OR3x1_ASAP7_75t_R)
  14.75  608.16 v riscv.dp.alu.sum\\ALU_33_0_33_0_33_unused_CO_X_HAN_CARLSON/_484_/Y (AND2x2_ASAP7_75t_R)
  17.40  625.56 v riscv.dp.alu.sum\\ALU_33_0_33_0_33_unused_CO_X_HAN_CARLSON/_521_/Y (OA21x2_ASAP7_75t_R)
   5.85  631.42 ^ riscv.dp.alu.sum\\ALU_33_0_33_0_33_unused_CO_X_HAN_CARLSON/_522_/Y (OAI21x1_ASAP7_75t_R)
  17.71  649.12 ^ riscv.dp.alu.sum\\ALU_33_0_33_0_33_unused_CO_X_HAN_CARLSON/_523_/Y (AO221x1_ASAP7_75t_R)
  25.00  674.12 v riscv.dp.alu.sum\\ALU_33_0_33_0_33_unused_CO_X_HAN_CARLSON/_524_/Y (XNOR2x2_ASAP7_75t_R)
  30.60  704.72 v _11613_/Y (AO222x2_ASAP7_75t_R)
  22.06  726.77 v _11636_/Y (AO21x2_ASAP7_75t_R)
  18.66  745.44 v place1716/Y (BUFx6f_ASAP7_75t_R)
  13.32  758.76 v dmem/place1715/Y (BUFx12f_ASAP7_75t_R)
  29.05  787.81 v dmem/rebuffer2566/Y (BUFx6f_ASAP7_75t_R)
  18.66  806.47 v dmem/place1713/Y (BUFx4f_ASAP7_75t_R)
  36.94  843.41 v dmem/_193_/Y (AO22x2_ASAP7_75t_R)
  27.77  871.18 v dmem/_194_/Y (AO21x1_ASAP7_75t_R)
  15.45  886.62 v _12287_/Y (AO21x1_ASAP7_75t_R)
  14.72  901.34 v _12288_/Y (AO21x1_ASAP7_75t_R)
  17.03  918.38 v _12289_/Y (AND2x2_ASAP7_75t_R)
  42.52  960.90 v _12293_/Y (AO221x2_ASAP7_75t_R)
  28.34  989.24 v place1614/Y (BUFx6f_ASAP7_75t_R)
  24.24 1013.48 v _13452_/Y (OA21x2_ASAP7_75t_R)
   0.06 1013.54 v _tray_size4_1995/D3 (DFFHQNH2V2Xx1_ASAP7_75t_R)
        1013.54   data arrival time

 950.00  950.00   clock clk (rise edge)
   0.00  950.00   clock source latency
   0.00  950.00 ^ clk (in)
  19.52  969.52 ^ clkbuf_regs_0_clk/Y (BUFx16f_ASAP7_75t_R)
  14.25  983.77 ^ clkbuf_0_clk_regs/Y (BUFx16f_ASAP7_75t_R)
  21.48 1005.25 ^ clkbuf_2_1__f_clk_regs/Y (BUFx16f_ASAP7_75t_R)
  24.80 1030.05 ^ clkbuf_leaf_24_clk_regs/Y (BUFx24_ASAP7_75t_R)
   0.70 1030.76 ^ _tray_size4_1995/CLK (DFFHQNH2V2Xx1_ASAP7_75t_R)
   3.57 1034.32   clock reconvergence pessimism
  -2.89 1031.43   library setup time
        1031.43   data required time
---------------------------------------------------------
        1031.43   data required time
        -1013.54   data arrival time
---------------------------------------------------------
          17.89   slack (MET)



==========================================================================
finish report_checks -path_delay min reg to reg
--------------------------------------------------------------------------
Startpoint: riscv.dp.rf.rf[0][0]$_DFFE_PP_
            (rising edge-triggered flip-flop clocked by clk)
Endpoint: riscv.dp.rf.rf[0][0]$_DFFE_PP_
          (rising edge-triggered flip-flop clocked by clk)
Path Group: clk
Path Type: min

  Delay    Time   Description
---------------------------------------------------------
   0.00    0.00   clock clk (rise edge)
   0.00    0.00   clock source latency
   0.00    0.00 ^ clk (in)
  19.52   19.52 ^ clkbuf_regs_0_clk/Y (BUFx16f_ASAP7_75t_R)
  14.25   33.77 ^ clkbuf_0_clk_regs/Y (BUFx16f_ASAP7_75t_R)
  21.48   55.25 ^ clkbuf_2_1__f_clk_regs/Y (BUFx16f_ASAP7_75t_R)
  28.67   83.92 ^ clkbuf_leaf_25_clk_regs/Y (BUFx24_ASAP7_75t_R)
   1.61   85.53 ^ riscv.dp.rf.rf[0][0]$_DFFE_PP_/CLK (DFFHQNx1_ASAP7_75t_R)
  40.02  125.54 ^ riscv.dp.rf.rf[0][0]$_DFFE_PP_/QN (DFFHQNx1_ASAP7_75t_R)
   6.93  132.47 v _08716_/Y (INVx1_ASAP7_75t_R)
   0.04  132.51 v riscv.dp.rf.rf[0][0]$_DFFE_PP_/D (DFFHQNx1_ASAP7_75t_R)
         132.51   data arrival time

   0.00    0.00   clock clk (rise edge)
   0.00    0.00   clock source latency
   0.00    0.00 ^ clk (in)
  21.01   21.01 ^ clkbuf_regs_0_clk/Y (BUFx16f_ASAP7_75t_R)
  14.63   35.64 ^ clkbuf_0_clk_regs/Y (BUFx16f_ASAP7_75t_R)
  23.18   58.82 ^ clkbuf_2_1__f_clk_regs/Y (BUFx16f_ASAP7_75t_R)
  31.09   89.91 ^ clkbuf_leaf_25_clk_regs/Y (BUFx24_ASAP7_75t_R)
   1.89   91.80 ^ riscv.dp.rf.rf[0][0]$_DFFE_PP_/CLK (DFFHQNx1_ASAP7_75t_R)
  -6.27   85.53   clock reconvergence pessimism
  11.26   96.79   library hold time
          96.79   data required time
---------------------------------------------------------
          96.79   data required time
        -132.51   data arrival time
---------------------------------------------------------
          35.72   slack (MET)



==========================================================================
finish critical path target clock latency max path
--------------------------------------------------------------------------
88.3278

==========================================================================
finish critical path target clock latency min path
--------------------------------------------------------------------------
96.2803

==========================================================================
finish critical path source clock latency min path
--------------------------------------------------------------------------
0.0000

==========================================================================
finish critical path delay
--------------------------------------------------------------------------
1013.5402

==========================================================================
finish critical path slack
--------------------------------------------------------------------------
17.8930

==========================================================================
finish slack div critical path delay
--------------------------------------------------------------------------
1.765396

==========================================================================
finish report_power
--------------------------------------------------------------------------
Group                  Internal  Switching    Leakage      Total
                          Power      Power      Power      Power (Watts)
----------------------------------------------------------------
Sequential             1.51e-03   1.79e-04   1.28e-07   1.69e-03   5.4%
Combinational          5.52e-03   7.14e-03   7.43e-07   1.27e-02  40.6%
Clock                  6.00e-04   3.36e-04   2.01e-08   9.36e-04   3.0%
Macro                  1.54e-02   0.00e+00   5.16e-04   1.59e-02  51.0%
Pad                    0.00e+00   0.00e+00   0.00e+00   0.00e+00   0.0%
----------------------------------------------------------------
Total                  2.30e-02   7.66e-03   5.16e-04   3.12e-02 100.0%
                          73.8%      24.5%       1.7%
