
==========================================================================
cts final report_tns
--------------------------------------------------------------------------
tns max 0.00

==========================================================================
cts final report_wns
--------------------------------------------------------------------------
wns max 0.00

==========================================================================
cts final report_worst_slack
--------------------------------------------------------------------------
worst slack max 0.04

==========================================================================
cts final report_clock_min_period
--------------------------------------------------------------------------
clk period_min = 949.96 fmax = 1052.68

==========================================================================
cts final report_clock_skew
--------------------------------------------------------------------------
Clock clk
 143.94 source latency _tray_size4_2040/CLK ^
 -93.00 target latency _tray_size4_1969/CLK ^
  -3.03 CRPR
--------------
  47.91 setup skew


==========================================================================
cts final report_checks -path_delay min
--------------------------------------------------------------------------
Startpoint: reset (input port clocked by clk)
Endpoint: riscv.dp.pcreg.q[24]$_DFF_PP0_
          (removal check against rising-edge clock clk)
Path Group: asynchronous
Path Type: min

Fanout     Cap    Slew   Delay    Time   Description
-----------------------------------------------------------------------------
                          0.00    0.00   clock clk (rise edge)
                          0.00    0.00   clock network delay (propagated)
                        118.75  118.75 v input external delay
     1    1.39    0.00    0.00  118.75 v reset (in)
                                         reset (net)
                  0.41    0.13  118.88 v input102/A (BUFx2_ASAP7_75t_R)
     1    0.53    4.72   10.49  129.37 v input102/Y (BUFx2_ASAP7_75t_R)
                                         net64 (net)
                  4.72    0.02  129.38 v _14755_/A (INVx1_ASAP7_75t_R)
     1    0.80    6.62    5.26  134.64 ^ _14755_/Y (INVx1_ASAP7_75t_R)
                                         _07680_ (net)
                  6.62    0.05  134.69 ^ place2387/A (BUFx3_ASAP7_75t_R)
    32   27.88   64.08   33.21  167.90 ^ place2387/Y (BUFx3_ASAP7_75t_R)
                                         net2350 (net)
                 64.12    1.02  168.91 ^ riscv.dp.pcreg.q[24]$_DFF_PP0_/RESETN (DFFASRHQNx1_ASAP7_75t_R)
                                168.91   data arrival time

                          0.00    0.00   clock clk (rise edge)
                          0.00    0.00   clock source latency
     2   12.17    0.00    0.00    0.00 ^ clk (in)
                                         clk (net)
                 38.24   12.06   12.06 ^ clkbuf_regs_0_clk/A (BUFx16f_ASAP7_75t_R)
     1    2.88    6.71   20.81   32.87 ^ clkbuf_regs_0_clk/Y (BUFx16f_ASAP7_75t_R)
                                         clk_regs (net)
                  6.73    0.34   33.21 ^ clkbuf_0_clk_regs/A (BUFx16f_ASAP7_75t_R)
     4   18.20    8.31   14.21   47.42 ^ clkbuf_0_clk_regs/Y (BUFx16f_ASAP7_75t_R)
                                         clknet_0_clk_regs (net)
                 17.22    4.00   51.42 ^ clkbuf_2_1_0_clk_regs/A (BUFx24_ASAP7_75t_R)
     9   36.38   20.99   23.99   75.41 ^ clkbuf_2_1_0_clk_regs/Y (BUFx24_ASAP7_75t_R)
                                         clknet_2_1_0_clk_regs (net)
                 39.28   10.86   86.26 ^ clkbuf_leaf_16_clk_regs/A (BUFx24_ASAP7_75t_R)
    10    6.85    9.56   26.00  112.27 ^ clkbuf_leaf_16_clk_regs/Y (BUFx24_ASAP7_75t_R)
                                         clknet_leaf_16_clk_regs (net)
                  9.57    0.32  112.59 ^ riscv.dp.pcreg.q[24]$_DFF_PP0_/CLK (DFFASRHQNx1_ASAP7_75t_R)
                          0.00  112.59   clock reconvergence pessimism
                         25.18  137.76   library removal time
                                137.76   data required time
-----------------------------------------------------------------------------
                                137.76   data required time
                               -168.91   data arrival time
-----------------------------------------------------------------------------
                                 31.15   slack (MET)


Startpoint: _tray_size4_2102 (rising edge-triggered flip-flop clocked by clk)
Endpoint: _tray_size4_2102 (rising edge-triggered flip-flop clocked by clk)
Path Group: clk
Path Type: min

Fanout     Cap    Slew   Delay    Time   Description
-----------------------------------------------------------------------------
                          0.00    0.00   clock clk (rise edge)
                          0.00    0.00   clock source latency
     2   10.85    0.00    0.00    0.00 ^ clk (in)
                                         clk (net)
                 33.40   10.54   10.54 ^ clkbuf_regs_0_clk/A (BUFx16f_ASAP7_75t_R)
     1    2.22    6.22   19.69   30.23 ^ clkbuf_regs_0_clk/Y (BUFx16f_ASAP7_75t_R)
                                         clk_regs (net)
                  6.23    0.26   30.49 ^ clkbuf_0_clk_regs/A (BUFx16f_ASAP7_75t_R)
     4   15.79    7.91   13.91   44.40 ^ clkbuf_0_clk_regs/Y (BUFx16f_ASAP7_75t_R)
                                         clknet_0_clk_regs (net)
                 50.20   15.71   60.11 ^ clkbuf_2_2_0_clk_regs/A (BUFx24_ASAP7_75t_R)
     9   29.55   19.85   30.39   90.50 ^ clkbuf_2_2_0_clk_regs/Y (BUFx24_ASAP7_75t_R)
                                         clknet_2_2_0_clk_regs (net)
                 21.61    2.92   93.42 ^ clkbuf_leaf_7_clk_regs/A (BUFx24_ASAP7_75t_R)
    10    6.86    8.83   21.64  115.06 ^ clkbuf_leaf_7_clk_regs/Y (BUFx24_ASAP7_75t_R)
                                         clknet_leaf_7_clk_regs (net)
                  8.86    0.36  115.43 ^ _tray_size4_2102/CLK (DFFHQNH2V2Xx1_ASAP7_75t_R)
     1    0.67   16.99   47.86  163.29 ^ _tray_size4_2102/QN1 (DFFHQNH2V2Xx1_ASAP7_75t_R)
                                         _01047_ (net)
                 16.99    0.03  163.32 ^ _09506_/A (INVx1_ASAP7_75t_R)
     2    1.17   10.13    8.55  171.87 v _09506_/Y (INVx1_ASAP7_75t_R)
                                         _02522_ (net)
                 10.13    0.05  171.92 v _tray_size4_2102/D1 (DFFHQNH2V2Xx1_ASAP7_75t_R)
                                171.92   data arrival time

                          0.00    0.00   clock clk (rise edge)
                          0.00    0.00   clock source latency
     2   12.17    0.00    0.00    0.00 ^ clk (in)
                                         clk (net)
                 38.24   12.06   12.06 ^ clkbuf_regs_0_clk/A (BUFx16f_ASAP7_75t_R)
     1    2.88    6.71   20.81   32.87 ^ clkbuf_regs_0_clk/Y (BUFx16f_ASAP7_75t_R)
                                         clk_regs (net)
                  6.73    0.34   33.21 ^ clkbuf_0_clk_regs/A (BUFx16f_ASAP7_75t_R)
     4   18.20    8.31   14.21   47.42 ^ clkbuf_0_clk_regs/Y (BUFx16f_ASAP7_75t_R)
                                         clknet_0_clk_regs (net)
                 58.44   18.35   65.77 ^ clkbuf_2_2_0_clk_regs/A (BUFx24_ASAP7_75t_R)
     9   36.57   23.46   32.57   98.34 ^ clkbuf_2_2_0_clk_regs/Y (BUFx24_ASAP7_75t_R)
                                         clknet_2_2_0_clk_regs (net)
                 25.62    3.58  101.91 ^ clkbuf_leaf_7_clk_regs/A (BUFx24_ASAP7_75t_R)
    10    8.06    9.45   22.84  124.75 ^ clkbuf_leaf_7_clk_regs/Y (BUFx24_ASAP7_75t_R)
                                         clknet_leaf_7_clk_regs (net)
                  9.51    0.43  125.18 ^ _tray_size4_2102/CLK (DFFHQNH2V2Xx1_ASAP7_75t_R)
                         -9.75  115.43   clock reconvergence pessimism
                         11.37  126.80   library hold time
                                126.80   data required time
-----------------------------------------------------------------------------
                                126.80   data required time
                               -171.92   data arrival time
-----------------------------------------------------------------------------
                                 45.12   slack (MET)



==========================================================================
cts final report_checks -path_delay max
--------------------------------------------------------------------------
Startpoint: reset (input port clocked by clk)
Endpoint: riscv.dp.pcreg.q[2]$_DFF_PP0_
          (recovery check against rising-edge clock clk)
Path Group: asynchronous
Path Type: max

Fanout     Cap    Slew   Delay    Time   Description
-----------------------------------------------------------------------------
                          0.00    0.00   clock clk (rise edge)
                          0.00    0.00   clock network delay (propagated)
                        118.75  118.75 v input external delay
     1    1.53    0.00    0.00  118.75 v reset (in)
                                         reset (net)
                  0.47    0.15  118.90 v input102/A (BUFx2_ASAP7_75t_R)
     1    0.70    5.10   10.77  129.67 v input102/Y (BUFx2_ASAP7_75t_R)
                                         net64 (net)
                  5.10    0.02  129.69 v _14755_/A (INVx1_ASAP7_75t_R)
     1    0.95    7.60    5.78  135.47 ^ _14755_/Y (INVx1_ASAP7_75t_R)
                                         _07680_ (net)
                  7.61    0.06  135.53 ^ place2387/A (BUFx3_ASAP7_75t_R)
    32   31.25   71.60   36.05  171.58 ^ place2387/Y (BUFx3_ASAP7_75t_R)
                                         net2350 (net)
                 75.37    8.84  180.41 ^ riscv.dp.pcreg.q[2]$_DFF_PP0_/RESETN (DFFASRHQNx1_ASAP7_75t_R)
                                180.41   data arrival time

                        950.00  950.00   clock clk (rise edge)
                          0.00  950.00   clock source latency
     2   10.85    0.00    0.00  950.00 ^ clk (in)
                                         clk (net)
                 33.40   10.54  960.54 ^ clkbuf_regs_0_clk/A (BUFx16f_ASAP7_75t_R)
     1    2.22    6.22   19.69  980.23 ^ clkbuf_regs_0_clk/Y (BUFx16f_ASAP7_75t_R)
                                         clk_regs (net)
                  6.23    0.26  980.49 ^ clkbuf_0_clk_regs/A (BUFx16f_ASAP7_75t_R)
     4   15.79    7.91   13.91  994.40 ^ clkbuf_0_clk_regs/Y (BUFx16f_ASAP7_75t_R)
                                         clknet_0_clk_regs (net)
                 15.19    3.49  997.89 ^ clkbuf_2_1_0_clk_regs/A (BUFx24_ASAP7_75t_R)
     9   29.36   17.79   22.53 1020.42 ^ clkbuf_2_1_0_clk_regs/Y (BUFx24_ASAP7_75t_R)
                                         clknet_2_1_0_clk_regs (net)
                 25.72    6.01 1026.43 ^ clkbuf_leaf_19_clk_regs/A (BUFx24_ASAP7_75t_R)
    11    7.88    9.39   22.84 1049.27 ^ clkbuf_leaf_19_clk_regs/Y (BUFx24_ASAP7_75t_R)
                                         clknet_leaf_19_clk_regs (net)
                  9.40    0.26 1049.53 ^ riscv.dp.pcreg.q[2]$_DFF_PP0_/CLK (DFFASRHQNx1_ASAP7_75t_R)
                          0.00 1049.53   clock reconvergence pessimism
                         18.93 1068.46   library recovery time
                               1068.46   data required time
-----------------------------------------------------------------------------
                               1068.46   data required time
                               -180.41   data arrival time
-----------------------------------------------------------------------------
                                888.04   slack (MET)


Startpoint: riscv.dp.pcreg.q[31]$_DFF_PP0_
            (rising edge-triggered flip-flop clocked by clk)
Endpoint: _tray_size4_1970 (rising edge-triggered flip-flop clocked by clk)
Path Group: clk
Path Type: max

Fanout     Cap    Slew   Delay    Time   Description
-----------------------------------------------------------------------------
                          0.00    0.00   clock clk (rise edge)
                          0.00    0.00   clock source latency
     2   12.17    0.00    0.00    0.00 ^ clk (in)
                                         clk (net)
                 38.24   12.06   12.06 ^ clkbuf_regs_0_clk/A (BUFx16f_ASAP7_75t_R)
     1    2.88    6.71   20.81   32.87 ^ clkbuf_regs_0_clk/Y (BUFx16f_ASAP7_75t_R)
                                         clk_regs (net)
                  6.73    0.34   33.21 ^ clkbuf_0_clk_regs/A (BUFx16f_ASAP7_75t_R)
     4   18.20    8.31   14.21   47.42 ^ clkbuf_0_clk_regs/Y (BUFx16f_ASAP7_75t_R)
                                         clknet_0_clk_regs (net)
                 17.22    4.00   51.42 ^ clkbuf_2_1_0_clk_regs/A (BUFx24_ASAP7_75t_R)
     9   36.38   20.99   23.99   75.41 ^ clkbuf_2_1_0_clk_regs/Y (BUFx24_ASAP7_75t_R)
                                         clknet_2_1_0_clk_regs (net)
                 36.24    9.59   85.00 ^ clkbuf_leaf_17_clk_regs/A (BUFx24_ASAP7_75t_R)
    10    7.13    9.53   25.30  110.30 ^ clkbuf_leaf_17_clk_regs/Y (BUFx24_ASAP7_75t_R)
                                         clknet_leaf_17_clk_regs (net)
                  9.57    0.46  110.77 ^ riscv.dp.pcreg.q[31]$_DFF_PP0_/CLK (DFFASRHQNx1_ASAP7_75t_R)
     2    2.44   25.00   46.13  156.90 v riscv.dp.pcreg.q[31]$_DFF_PP0_/QN (DFFASRHQNx1_ASAP7_75t_R)
                                         _00000_ (net)
                 25.01    0.21  157.10 v place2386/A (BUFx6f_ASAP7_75t_R)
     3   10.55   13.45   21.28  178.38 v place2386/Y (BUFx6f_ASAP7_75t_R)
                                         net2349 (net)
                 13.49    0.44  178.82 v _09833_/A (INVx13_ASAP7_75t_R)
    19   36.31   17.65    9.13  187.96 ^ _09833_/Y (INVx13_ASAP7_75t_R)
                                         net122 (net)
                 74.69   22.84  210.79 ^ place2370/A (BUFx12f_ASAP7_75t_R)
     4    6.67    9.65   23.04  233.83 ^ place2370/Y (BUFx12f_ASAP7_75t_R)
                                         net2333 (net)
                  9.68    0.30  234.13 ^ rebuffer2489/A (BUFx6f_ASAP7_75t_R)
     2    3.44    6.91   12.89  247.02 ^ rebuffer2489/Y (BUFx6f_ASAP7_75t_R)
                                         net2452 (net)
                  6.98    0.37  247.39 ^ _11730_/A (NAND2x2_ASAP7_75t_R)
     6   13.46   41.53   16.35  263.74 v _11730_/Y (NAND2x2_ASAP7_75t_R)
                                         _04658_ (net)
                 44.64    5.97  269.72 v place2304/A (BUFx6f_ASAP7_75t_R)
     5    8.92   14.13   23.63  293.34 v place2304/Y (BUFx6f_ASAP7_75t_R)
                                         net2267 (net)
                 16.59    3.06  296.40 v _09109_/B2 (AO221x1_ASAP7_75t_R)
     1    0.54    8.08   22.09  318.49 v _09109_/Y (AO221x1_ASAP7_75t_R)
                                         _02128_ (net)
                  8.08    0.02  318.52 v _09110_/B (OA211x2_ASAP7_75t_R)
     1    0.65    9.14   24.96  343.48 v _09110_/Y (OA211x2_ASAP7_75t_R)
                                         _02129_ (net)
                  9.14    0.02  343.50 v _09118_/B (OR3x1_ASAP7_75t_R)
     1    0.66    8.82   19.86  363.35 v _09118_/Y (OR3x1_ASAP7_75t_R)
                                         _02137_ (net)
                  8.83    0.04  363.39 v _09119_/C (OA211x2_ASAP7_75t_R)
     1    4.30   19.63   33.00  396.39 v _09119_/Y (OA211x2_ASAP7_75t_R)
                                         _02138_ (net)
                 20.14    1.72  398.11 v _09150_/C (OR3x2_ASAP7_75t_R)
     2    9.97   36.14   37.26  435.38 v _09150_/Y (OR3x2_ASAP7_75t_R)
                                         _02168_ (net)
                 43.28    8.26  443.63 v _09153_/A2 (OA21x2_ASAP7_75t_R)
     1    1.00    8.24   25.74  469.37 v _09153_/Y (OA21x2_ASAP7_75t_R)
                                         _02171_ (net)
                  8.24    0.04  469.41 v _09155_/B (XNOR2x2_ASAP7_75t_R)
     2    3.43   14.54   22.35  491.76 v _09155_/Y (XNOR2x2_ASAP7_75t_R)
                                         _02173_ (net)
                 14.66    0.72  492.48 v riscv.dp.alu.sum\\ALU_33_0_33_0_33_unused_CO_X_HAN_CARLSON/_543_/A (XOR2x2_ASAP7_75t_R)
     1    1.06    7.45   21.09  513.56 v riscv.dp.alu.sum\\ALU_33_0_33_0_33_unused_CO_X_HAN_CARLSON/_543_/Y (XOR2x2_ASAP7_75t_R)
                                         riscv.dp.alu.sum\\ALU_33_0_33_0_33_unused_CO_X_HAN_CARLSON/_240_ (net)
                  7.45    0.04  513.60 v riscv.dp.alu.sum\\ALU_33_0_33_0_33_unused_CO_X_HAN_CARLSON/_341_/B (HAxp5_ASAP7_75t_R)
     2    2.02   31.84   15.09  528.69 ^ riscv.dp.alu.sum\\ALU_33_0_33_0_33_unused_CO_X_HAN_CARLSON/_341_/CON (HAxp5_ASAP7_75t_R)
                                         riscv.dp.alu.sum\\ALU_33_0_33_0_33_unused_CO_X_HAN_CARLSON/_056_ (net)
     2    1.50   28.81   15.09  543.79 v riscv.dp.alu.sum\\ALU_33_0_33_0_33_unused_CO_X_HAN_CARLSON/_341_/SN (HAxp5_ASAP7_75t_R)
                                         riscv.dp.alu.sum\\ALU_33_0_33_0_33_unused_CO_X_HAN_CARLSON/_057_ (net)
                 28.81    0.05  543.84 v riscv.dp.alu.sum\\ALU_33_0_33_0_33_unused_CO_X_HAN_CARLSON/_588_/A (OR4x1_ASAP7_75t_R)
     1    0.78   10.31   27.82  571.67 v riscv.dp.alu.sum\\ALU_33_0_33_0_33_unused_CO_X_HAN_CARLSON/_588_/Y (OR4x1_ASAP7_75t_R)
                                         riscv.dp.alu.sum\\ALU_33_0_33_0_33_unused_CO_X_HAN_CARLSON/_280_ (net)
                 10.31    0.03  571.70 v riscv.dp.alu.sum\\ALU_33_0_33_0_33_unused_CO_X_HAN_CARLSON/_587_/A (INVx1_ASAP7_75t_R)
     1    0.74    7.59    6.72  578.42 ^ riscv.dp.alu.sum\\ALU_33_0_33_0_33_unused_CO_X_HAN_CARLSON/_587_/Y (INVx1_ASAP7_75t_R)
                                         riscv.dp.alu.sum\\ALU_33_0_33_0_33_unused_CO_X_HAN_CARLSON/_279_ (net)
                  7.59    0.04  578.46 ^ riscv.dp.alu.sum\\ALU_33_0_33_0_33_unused_CO_X_HAN_CARLSON/_591_/B1 (AO221x2_ASAP7_75t_R)
     2    2.32   13.62   23.39  601.85 ^ riscv.dp.alu.sum\\ALU_33_0_33_0_33_unused_CO_X_HAN_CARLSON/_591_/Y (AO221x2_ASAP7_75t_R)
                                         riscv.dp.alu.sum\\ALU_33_0_33_0_33_unused_CO_X_HAN_CARLSON/_283_ (net)
                 13.64    0.26  602.11 ^ riscv.dp.alu.sum\\ALU_33_0_33_0_33_unused_CO_X_HAN_CARLSON/_371_/A2 (AO21x2_ASAP7_75t_R)
     3    3.29   14.27   20.47  622.58 ^ riscv.dp.alu.sum\\ALU_33_0_33_0_33_unused_CO_X_HAN_CARLSON/_371_/Y (AO21x2_ASAP7_75t_R)
                                         riscv.dp.alu.sum\\ALU_33_0_33_0_33_unused_CO_X_HAN_CARLSON/_088_ (net)
                 14.29    0.30  622.88 ^ riscv.dp.alu.sum\\ALU_33_0_33_0_33_unused_CO_X_HAN_CARLSON/place1751/A (BUFx3_ASAP7_75t_R)
     1    1.11    5.80   13.89  636.77 ^ riscv.dp.alu.sum\\ALU_33_0_33_0_33_unused_CO_X_HAN_CARLSON/place1751/Y (BUFx3_ASAP7_75t_R)
                                         riscv.dp.alu.sum\\ALU_33_0_33_0_33_unused_CO_X_HAN_CARLSON/net1714 (net)
                  5.80    0.05  636.82 ^ riscv.dp.alu.sum\\ALU_33_0_33_0_33_unused_CO_X_HAN_CARLSON/_372_/B (XNOR2x2_ASAP7_75t_R)
     1    0.74    6.71   23.48  660.30 v riscv.dp.alu.sum\\ALU_33_0_33_0_33_unused_CO_X_HAN_CARLSON/_372_/Y (XNOR2x2_ASAP7_75t_R)
                                         riscv.dp.alu.sum[15] (net)
                  6.71    0.03  660.33 v _11326_/A1 (AO222x2_ASAP7_75t_R)
     1    0.55    9.82   28.66  689.00 v _11326_/Y (AO222x2_ASAP7_75t_R)
                                         _04295_ (net)
                  9.82    0.02  689.02 v _11347_/B2 (AO32x2_ASAP7_75t_R)
     2    9.20   35.40   36.78  725.80 v _11347_/Y (AO32x2_ASAP7_75t_R)
                                         net71 (net)
                 39.87    6.58  732.38 v dmem/place1738/A (BUFx6f_ASAP7_75t_R)
     2    3.20    7.44   20.93  753.31 v dmem/place1738/Y (BUFx6f_ASAP7_75t_R)
                                         dmem/net1701 (net)
                  7.55    0.48  753.78 v dmem/place1736/A (BUFx10_ASAP7_75t_R)
    21   49.05   33.48   18.98  772.76 v dmem/place1736/Y (BUFx10_ASAP7_75t_R)
                                         dmem/net1699 (net)
                 92.04   28.20  800.97 v dmem/_160_/B (NAND2x2_ASAP7_75t_R)
     1   13.76   66.41   44.54  845.51 ^ dmem/_160_/Y (NAND2x2_ASAP7_75t_R)
                                         dmem/_018_ (net)
                 81.66   16.27  861.78 ^ dmem/_162_/A2 (OAI21x1_ASAP7_75t_R)
     1    0.85   17.78   12.83  874.61 v dmem/_162_/Y (OAI21x1_ASAP7_75t_R)
                                         dmem/_020_ (net)
                 17.78    0.05  874.66 v dmem/_164_/A2 (AO21x2_ASAP7_75t_R)
     1   12.01   36.70   30.88  905.54 v dmem/_164_/Y (AO21x2_ASAP7_75t_R)
                                         readdata[21] (net)
                 51.22   11.86  917.39 v _12234_/A2 (AO21x1_ASAP7_75t_R)
     1    1.06   10.31   23.72  941.12 v _12234_/Y (AO21x1_ASAP7_75t_R)
                                         _05162_ (net)
                 10.31    0.09  941.21 v _12235_/A2 (AO21x1_ASAP7_75t_R)
     1    1.22   11.80   16.46  957.67 v _12235_/Y (AO21x1_ASAP7_75t_R)
                                         _05163_ (net)
                 11.80    0.06  957.73 v _12236_/B (NAND2x1_ASAP7_75t_R)
     1    2.52   36.71   13.29  971.02 ^ _12236_/Y (NAND2x1_ASAP7_75t_R)
                                         _05164_ (net)
                 36.72    0.49  971.52 ^ _12238_/B2 (OAI22x1_ASAP7_75t_R)
     1    1.36   27.59   12.74  984.26 v _12238_/Y (OAI22x1_ASAP7_75t_R)
                                         _05166_ (net)
                 27.59    0.04  984.30 v rebuffer2463/A (BUFx6f_ASAP7_75t_R)
     5   15.76   20.00   20.31 1004.61 v rebuffer2463/Y (BUFx6f_ASAP7_75t_R)
                                         net2426 (net)
                 31.37    7.95 1012.56 v place1625/A (BUFx12f_ASAP7_75t_R)
     7    5.64    7.29   19.20 1031.76 v place1625/Y (BUFx12f_ASAP7_75t_R)
                                         net1588 (net)
                  7.34    0.34 1032.10 v _14065_/A2 (OA21x2_ASAP7_75t_R)
     1    0.72    7.67   16.31 1048.40 v _14065_/Y (OA21x2_ASAP7_75t_R)
                                         _06991_ (net)
                  7.67    0.04 1048.44 v _tray_size4_1970/D3 (DFFHQNH2V2Xx1_ASAP7_75t_R)
                               1048.44   data arrival time

                        950.00  950.00   clock clk (rise edge)
                          0.00  950.00   clock source latency
     2   10.85    0.00    0.00  950.00 ^ clk (in)
                                         clk (net)
                 33.40   10.54  960.54 ^ clkbuf_regs_0_clk/A (BUFx16f_ASAP7_75t_R)
     1    2.22    6.22   19.69  980.23 ^ clkbuf_regs_0_clk/Y (BUFx16f_ASAP7_75t_R)
                                         clk_regs (net)
                  6.23    0.26  980.49 ^ clkbuf_0_clk_regs/A (BUFx16f_ASAP7_75t_R)
     4   15.79    7.91   13.91  994.40 ^ clkbuf_0_clk_regs/Y (BUFx16f_ASAP7_75t_R)
                                         clknet_0_clk_regs (net)
                 15.19    3.49  997.89 ^ clkbuf_2_1_0_clk_regs/A (BUFx24_ASAP7_75t_R)
     9   29.36   17.79   22.53 1020.42 ^ clkbuf_2_1_0_clk_regs/Y (BUFx24_ASAP7_75t_R)
                                         clknet_2_1_0_clk_regs (net)
                 21.07    3.63 1024.05 ^ clkbuf_leaf_25_clk_regs/A (BUFx24_ASAP7_75t_R)
    11    8.34    9.37   21.78 1045.83 ^ clkbuf_leaf_25_clk_regs/Y (BUFx24_ASAP7_75t_R)
                                         clknet_leaf_25_clk_regs (net)
                  9.45    0.47 1046.30 ^ _tray_size4_1970/CLK (DFFHQNH2V2Xx1_ASAP7_75t_R)
                          4.98 1051.29   clock reconvergence pessimism
                         -2.80 1048.48   library setup time
                               1048.48   data required time
-----------------------------------------------------------------------------
                               1048.48   data required time
                               -1048.44   data arrival time
-----------------------------------------------------------------------------
                                  0.04   slack (MET)



==========================================================================
cts final report_checks -unconstrained
--------------------------------------------------------------------------
Startpoint: reset (input port clocked by clk)
Endpoint: riscv.dp.pcreg.q[2]$_DFF_PP0_
          (recovery check against rising-edge clock clk)
Path Group: asynchronous
Path Type: max

Fanout     Cap    Slew   Delay    Time   Description
-----------------------------------------------------------------------------
                          0.00    0.00   clock clk (rise edge)
                          0.00    0.00   clock network delay (propagated)
                        118.75  118.75 v input external delay
     1    1.53    0.00    0.00  118.75 v reset (in)
                                         reset (net)
                  0.47    0.15  118.90 v input102/A (BUFx2_ASAP7_75t_R)
     1    0.70    5.10   10.77  129.67 v input102/Y (BUFx2_ASAP7_75t_R)
                                         net64 (net)
                  5.10    0.02  129.69 v _14755_/A (INVx1_ASAP7_75t_R)
     1    0.95    7.60    5.78  135.47 ^ _14755_/Y (INVx1_ASAP7_75t_R)
                                         _07680_ (net)
                  7.61    0.06  135.53 ^ place2387/A (BUFx3_ASAP7_75t_R)
    32   31.25   71.60   36.05  171.58 ^ place2387/Y (BUFx3_ASAP7_75t_R)
                                         net2350 (net)
                 75.37    8.84  180.41 ^ riscv.dp.pcreg.q[2]$_DFF_PP0_/RESETN (DFFASRHQNx1_ASAP7_75t_R)
                                180.41   data arrival time

                        950.00  950.00   clock clk (rise edge)
                          0.00  950.00   clock source latency
     2   10.85    0.00    0.00  950.00 ^ clk (in)
                                         clk (net)
                 33.40   10.54  960.54 ^ clkbuf_regs_0_clk/A (BUFx16f_ASAP7_75t_R)
     1    2.22    6.22   19.69  980.23 ^ clkbuf_regs_0_clk/Y (BUFx16f_ASAP7_75t_R)
                                         clk_regs (net)
                  6.23    0.26  980.49 ^ clkbuf_0_clk_regs/A (BUFx16f_ASAP7_75t_R)
     4   15.79    7.91   13.91  994.40 ^ clkbuf_0_clk_regs/Y (BUFx16f_ASAP7_75t_R)
                                         clknet_0_clk_regs (net)
                 15.19    3.49  997.89 ^ clkbuf_2_1_0_clk_regs/A (BUFx24_ASAP7_75t_R)
     9   29.36   17.79   22.53 1020.42 ^ clkbuf_2_1_0_clk_regs/Y (BUFx24_ASAP7_75t_R)
                                         clknet_2_1_0_clk_regs (net)
                 25.72    6.01 1026.43 ^ clkbuf_leaf_19_clk_regs/A (BUFx24_ASAP7_75t_R)
    11    7.88    9.39   22.84 1049.27 ^ clkbuf_leaf_19_clk_regs/Y (BUFx24_ASAP7_75t_R)
                                         clknet_leaf_19_clk_regs (net)
                  9.40    0.26 1049.53 ^ riscv.dp.pcreg.q[2]$_DFF_PP0_/CLK (DFFASRHQNx1_ASAP7_75t_R)
                          0.00 1049.53   clock reconvergence pessimism
                         18.93 1068.46   library recovery time
                               1068.46   data required time
-----------------------------------------------------------------------------
                               1068.46   data required time
                               -180.41   data arrival time
-----------------------------------------------------------------------------
                                888.04   slack (MET)


Startpoint: riscv.dp.pcreg.q[31]$_DFF_PP0_
            (rising edge-triggered flip-flop clocked by clk)
Endpoint: _tray_size4_1970 (rising edge-triggered flip-flop clocked by clk)
Path Group: clk
Path Type: max

Fanout     Cap    Slew   Delay    Time   Description
-----------------------------------------------------------------------------
                          0.00    0.00   clock clk (rise edge)
                          0.00    0.00   clock source latency
     2   12.17    0.00    0.00    0.00 ^ clk (in)
                                         clk (net)
                 38.24   12.06   12.06 ^ clkbuf_regs_0_clk/A (BUFx16f_ASAP7_75t_R)
     1    2.88    6.71   20.81   32.87 ^ clkbuf_regs_0_clk/Y (BUFx16f_ASAP7_75t_R)
                                         clk_regs (net)
                  6.73    0.34   33.21 ^ clkbuf_0_clk_regs/A (BUFx16f_ASAP7_75t_R)
     4   18.20    8.31   14.21   47.42 ^ clkbuf_0_clk_regs/Y (BUFx16f_ASAP7_75t_R)
                                         clknet_0_clk_regs (net)
                 17.22    4.00   51.42 ^ clkbuf_2_1_0_clk_regs/A (BUFx24_ASAP7_75t_R)
     9   36.38   20.99   23.99   75.41 ^ clkbuf_2_1_0_clk_regs/Y (BUFx24_ASAP7_75t_R)
                                         clknet_2_1_0_clk_regs (net)
                 36.24    9.59   85.00 ^ clkbuf_leaf_17_clk_regs/A (BUFx24_ASAP7_75t_R)
    10    7.13    9.53   25.30  110.30 ^ clkbuf_leaf_17_clk_regs/Y (BUFx24_ASAP7_75t_R)
                                         clknet_leaf_17_clk_regs (net)
                  9.57    0.46  110.77 ^ riscv.dp.pcreg.q[31]$_DFF_PP0_/CLK (DFFASRHQNx1_ASAP7_75t_R)
     2    2.44   25.00   46.13  156.90 v riscv.dp.pcreg.q[31]$_DFF_PP0_/QN (DFFASRHQNx1_ASAP7_75t_R)
                                         _00000_ (net)
                 25.01    0.21  157.10 v place2386/A (BUFx6f_ASAP7_75t_R)
     3   10.55   13.45   21.28  178.38 v place2386/Y (BUFx6f_ASAP7_75t_R)
                                         net2349 (net)
                 13.49    0.44  178.82 v _09833_/A (INVx13_ASAP7_75t_R)
    19   36.31   17.65    9.13  187.96 ^ _09833_/Y (INVx13_ASAP7_75t_R)
                                         net122 (net)
                 74.69   22.84  210.79 ^ place2370/A (BUFx12f_ASAP7_75t_R)
     4    6.67    9.65   23.04  233.83 ^ place2370/Y (BUFx12f_ASAP7_75t_R)
                                         net2333 (net)
                  9.68    0.30  234.13 ^ rebuffer2489/A (BUFx6f_ASAP7_75t_R)
     2    3.44    6.91   12.89  247.02 ^ rebuffer2489/Y (BUFx6f_ASAP7_75t_R)
                                         net2452 (net)
                  6.98    0.37  247.39 ^ _11730_/A (NAND2x2_ASAP7_75t_R)
     6   13.46   41.53   16.35  263.74 v _11730_/Y (NAND2x2_ASAP7_75t_R)
                                         _04658_ (net)
                 44.64    5.97  269.72 v place2304/A (BUFx6f_ASAP7_75t_R)
     5    8.92   14.13   23.63  293.34 v place2304/Y (BUFx6f_ASAP7_75t_R)
                                         net2267 (net)
                 16.59    3.06  296.40 v _09109_/B2 (AO221x1_ASAP7_75t_R)
     1    0.54    8.08   22.09  318.49 v _09109_/Y (AO221x1_ASAP7_75t_R)
                                         _02128_ (net)
                  8.08    0.02  318.52 v _09110_/B (OA211x2_ASAP7_75t_R)
     1    0.65    9.14   24.96  343.48 v _09110_/Y (OA211x2_ASAP7_75t_R)
                                         _02129_ (net)
                  9.14    0.02  343.50 v _09118_/B (OR3x1_ASAP7_75t_R)
     1    0.66    8.82   19.86  363.35 v _09118_/Y (OR3x1_ASAP7_75t_R)
                                         _02137_ (net)
                  8.83    0.04  363.39 v _09119_/C (OA211x2_ASAP7_75t_R)
     1    4.30   19.63   33.00  396.39 v _09119_/Y (OA211x2_ASAP7_75t_R)
                                         _02138_ (net)
                 20.14    1.72  398.11 v _09150_/C (OR3x2_ASAP7_75t_R)
     2    9.97   36.14   37.26  435.38 v _09150_/Y (OR3x2_ASAP7_75t_R)
                                         _02168_ (net)
                 43.28    8.26  443.63 v _09153_/A2 (OA21x2_ASAP7_75t_R)
     1    1.00    8.24   25.74  469.37 v _09153_/Y (OA21x2_ASAP7_75t_R)
                                         _02171_ (net)
                  8.24    0.04  469.41 v _09155_/B (XNOR2x2_ASAP7_75t_R)
     2    3.43   14.54   22.35  491.76 v _09155_/Y (XNOR2x2_ASAP7_75t_R)
                                         _02173_ (net)
                 14.66    0.72  492.48 v riscv.dp.alu.sum\\ALU_33_0_33_0_33_unused_CO_X_HAN_CARLSON/_543_/A (XOR2x2_ASAP7_75t_R)
     1    1.06    7.45   21.09  513.56 v riscv.dp.alu.sum\\ALU_33_0_33_0_33_unused_CO_X_HAN_CARLSON/_543_/Y (XOR2x2_ASAP7_75t_R)
                                         riscv.dp.alu.sum\\ALU_33_0_33_0_33_unused_CO_X_HAN_CARLSON/_240_ (net)
                  7.45    0.04  513.60 v riscv.dp.alu.sum\\ALU_33_0_33_0_33_unused_CO_X_HAN_CARLSON/_341_/B (HAxp5_ASAP7_75t_R)
     2    2.02   31.84   15.09  528.69 ^ riscv.dp.alu.sum\\ALU_33_0_33_0_33_unused_CO_X_HAN_CARLSON/_341_/CON (HAxp5_ASAP7_75t_R)
                                         riscv.dp.alu.sum\\ALU_33_0_33_0_33_unused_CO_X_HAN_CARLSON/_056_ (net)
     2    1.50   28.81   15.09  543.79 v riscv.dp.alu.sum\\ALU_33_0_33_0_33_unused_CO_X_HAN_CARLSON/_341_/SN (HAxp5_ASAP7_75t_R)
                                         riscv.dp.alu.sum\\ALU_33_0_33_0_33_unused_CO_X_HAN_CARLSON/_057_ (net)
                 28.81    0.05  543.84 v riscv.dp.alu.sum\\ALU_33_0_33_0_33_unused_CO_X_HAN_CARLSON/_588_/A (OR4x1_ASAP7_75t_R)
     1    0.78   10.31   27.82  571.67 v riscv.dp.alu.sum\\ALU_33_0_33_0_33_unused_CO_X_HAN_CARLSON/_588_/Y (OR4x1_ASAP7_75t_R)
                                         riscv.dp.alu.sum\\ALU_33_0_33_0_33_unused_CO_X_HAN_CARLSON/_280_ (net)
                 10.31    0.03  571.70 v riscv.dp.alu.sum\\ALU_33_0_33_0_33_unused_CO_X_HAN_CARLSON/_587_/A (INVx1_ASAP7_75t_R)
     1    0.74    7.59    6.72  578.42 ^ riscv.dp.alu.sum\\ALU_33_0_33_0_33_unused_CO_X_HAN_CARLSON/_587_/Y (INVx1_ASAP7_75t_R)
                                         riscv.dp.alu.sum\\ALU_33_0_33_0_33_unused_CO_X_HAN_CARLSON/_279_ (net)
                  7.59    0.04  578.46 ^ riscv.dp.alu.sum\\ALU_33_0_33_0_33_unused_CO_X_HAN_CARLSON/_591_/B1 (AO221x2_ASAP7_75t_R)
     2    2.32   13.62   23.39  601.85 ^ riscv.dp.alu.sum\\ALU_33_0_33_0_33_unused_CO_X_HAN_CARLSON/_591_/Y (AO221x2_ASAP7_75t_R)
                                         riscv.dp.alu.sum\\ALU_33_0_33_0_33_unused_CO_X_HAN_CARLSON/_283_ (net)
                 13.64    0.26  602.11 ^ riscv.dp.alu.sum\\ALU_33_0_33_0_33_unused_CO_X_HAN_CARLSON/_371_/A2 (AO21x2_ASAP7_75t_R)
     3    3.29   14.27   20.47  622.58 ^ riscv.dp.alu.sum\\ALU_33_0_33_0_33_unused_CO_X_HAN_CARLSON/_371_/Y (AO21x2_ASAP7_75t_R)
                                         riscv.dp.alu.sum\\ALU_33_0_33_0_33_unused_CO_X_HAN_CARLSON/_088_ (net)
                 14.29    0.30  622.88 ^ riscv.dp.alu.sum\\ALU_33_0_33_0_33_unused_CO_X_HAN_CARLSON/place1751/A (BUFx3_ASAP7_75t_R)
     1    1.11    5.80   13.89  636.77 ^ riscv.dp.alu.sum\\ALU_33_0_33_0_33_unused_CO_X_HAN_CARLSON/place1751/Y (BUFx3_ASAP7_75t_R)
                                         riscv.dp.alu.sum\\ALU_33_0_33_0_33_unused_CO_X_HAN_CARLSON/net1714 (net)
                  5.80    0.05  636.82 ^ riscv.dp.alu.sum\\ALU_33_0_33_0_33_unused_CO_X_HAN_CARLSON/_372_/B (XNOR2x2_ASAP7_75t_R)
     1    0.74    6.71   23.48  660.30 v riscv.dp.alu.sum\\ALU_33_0_33_0_33_unused_CO_X_HAN_CARLSON/_372_/Y (XNOR2x2_ASAP7_75t_R)
                                         riscv.dp.alu.sum[15] (net)
                  6.71    0.03  660.33 v _11326_/A1 (AO222x2_ASAP7_75t_R)
     1    0.55    9.82   28.66  689.00 v _11326_/Y (AO222x2_ASAP7_75t_R)
                                         _04295_ (net)
                  9.82    0.02  689.02 v _11347_/B2 (AO32x2_ASAP7_75t_R)
     2    9.20   35.40   36.78  725.80 v _11347_/Y (AO32x2_ASAP7_75t_R)
                                         net71 (net)
                 39.87    6.58  732.38 v dmem/place1738/A (BUFx6f_ASAP7_75t_R)
     2    3.20    7.44   20.93  753.31 v dmem/place1738/Y (BUFx6f_ASAP7_75t_R)
                                         dmem/net1701 (net)
                  7.55    0.48  753.78 v dmem/place1736/A (BUFx10_ASAP7_75t_R)
    21   49.05   33.48   18.98  772.76 v dmem/place1736/Y (BUFx10_ASAP7_75t_R)
                                         dmem/net1699 (net)
                 92.04   28.20  800.97 v dmem/_160_/B (NAND2x2_ASAP7_75t_R)
     1   13.76   66.41   44.54  845.51 ^ dmem/_160_/Y (NAND2x2_ASAP7_75t_R)
                                         dmem/_018_ (net)
                 81.66   16.27  861.78 ^ dmem/_162_/A2 (OAI21x1_ASAP7_75t_R)
     1    0.85   17.78   12.83  874.61 v dmem/_162_/Y (OAI21x1_ASAP7_75t_R)
                                         dmem/_020_ (net)
                 17.78    0.05  874.66 v dmem/_164_/A2 (AO21x2_ASAP7_75t_R)
     1   12.01   36.70   30.88  905.54 v dmem/_164_/Y (AO21x2_ASAP7_75t_R)
                                         readdata[21] (net)
                 51.22   11.86  917.39 v _12234_/A2 (AO21x1_ASAP7_75t_R)
     1    1.06   10.31   23.72  941.12 v _12234_/Y (AO21x1_ASAP7_75t_R)
                                         _05162_ (net)
                 10.31    0.09  941.21 v _12235_/A2 (AO21x1_ASAP7_75t_R)
     1    1.22   11.80   16.46  957.67 v _12235_/Y (AO21x1_ASAP7_75t_R)
                                         _05163_ (net)
                 11.80    0.06  957.73 v _12236_/B (NAND2x1_ASAP7_75t_R)
     1    2.52   36.71   13.29  971.02 ^ _12236_/Y (NAND2x1_ASAP7_75t_R)
                                         _05164_ (net)
                 36.72    0.49  971.52 ^ _12238_/B2 (OAI22x1_ASAP7_75t_R)
     1    1.36   27.59   12.74  984.26 v _12238_/Y (OAI22x1_ASAP7_75t_R)
                                         _05166_ (net)
                 27.59    0.04  984.30 v rebuffer2463/A (BUFx6f_ASAP7_75t_R)
     5   15.76   20.00   20.31 1004.61 v rebuffer2463/Y (BUFx6f_ASAP7_75t_R)
                                         net2426 (net)
                 31.37    7.95 1012.56 v place1625/A (BUFx12f_ASAP7_75t_R)
     7    5.64    7.29   19.20 1031.76 v place1625/Y (BUFx12f_ASAP7_75t_R)
                                         net1588 (net)
                  7.34    0.34 1032.10 v _14065_/A2 (OA21x2_ASAP7_75t_R)
     1    0.72    7.67   16.31 1048.40 v _14065_/Y (OA21x2_ASAP7_75t_R)
                                         _06991_ (net)
                  7.67    0.04 1048.44 v _tray_size4_1970/D3 (DFFHQNH2V2Xx1_ASAP7_75t_R)
                               1048.44   data arrival time

                        950.00  950.00   clock clk (rise edge)
                          0.00  950.00   clock source latency
     2   10.85    0.00    0.00  950.00 ^ clk (in)
                                         clk (net)
                 33.40   10.54  960.54 ^ clkbuf_regs_0_clk/A (BUFx16f_ASAP7_75t_R)
     1    2.22    6.22   19.69  980.23 ^ clkbuf_regs_0_clk/Y (BUFx16f_ASAP7_75t_R)
                                         clk_regs (net)
                  6.23    0.26  980.49 ^ clkbuf_0_clk_regs/A (BUFx16f_ASAP7_75t_R)
     4   15.79    7.91   13.91  994.40 ^ clkbuf_0_clk_regs/Y (BUFx16f_ASAP7_75t_R)
                                         clknet_0_clk_regs (net)
                 15.19    3.49  997.89 ^ clkbuf_2_1_0_clk_regs/A (BUFx24_ASAP7_75t_R)
     9   29.36   17.79   22.53 1020.42 ^ clkbuf_2_1_0_clk_regs/Y (BUFx24_ASAP7_75t_R)
                                         clknet_2_1_0_clk_regs (net)
                 21.07    3.63 1024.05 ^ clkbuf_leaf_25_clk_regs/A (BUFx24_ASAP7_75t_R)
    11    8.34    9.37   21.78 1045.83 ^ clkbuf_leaf_25_clk_regs/Y (BUFx24_ASAP7_75t_R)
                                         clknet_leaf_25_clk_regs (net)
                  9.45    0.47 1046.30 ^ _tray_size4_1970/CLK (DFFHQNH2V2Xx1_ASAP7_75t_R)
                          4.98 1051.29   clock reconvergence pessimism
                         -2.80 1048.48   library setup time
                               1048.48   data required time
-----------------------------------------------------------------------------
                               1048.48   data required time
                               -1048.44   data arrival time
-----------------------------------------------------------------------------
                                  0.04   slack (MET)



==========================================================================
cts final report_check_types -max_slew -max_cap -max_fanout -violators
--------------------------------------------------------------------------

==========================================================================
cts final max_slew_check_slack
--------------------------------------------------------------------------
148.05972290039062

==========================================================================
cts final max_slew_check_limit
--------------------------------------------------------------------------
320.0

==========================================================================
cts final max_slew_check_slack_limit
--------------------------------------------------------------------------
0.4627

==========================================================================
cts final max_fanout_check_slack
--------------------------------------------------------------------------
1.0000000150474662e+30

==========================================================================
cts final max_fanout_check_limit
--------------------------------------------------------------------------
1.0000000150474662e+30

==========================================================================
cts final max_capacitance_check_slack
--------------------------------------------------------------------------
5.018820762634277

==========================================================================
cts final max_capacitance_check_limit
--------------------------------------------------------------------------
23.040000915527344

==========================================================================
cts final max_capacitance_check_slack_limit
--------------------------------------------------------------------------
0.2178

==========================================================================
cts final max_slew_violation_count
--------------------------------------------------------------------------
max slew violation count 0

==========================================================================
cts final max_fanout_violation_count
--------------------------------------------------------------------------
max fanout violation count 0

==========================================================================
cts final max_cap_violation_count
--------------------------------------------------------------------------
max cap violation count 0

==========================================================================
cts final setup_violation_count
--------------------------------------------------------------------------
setup violation count 0

==========================================================================
cts final hold_violation_count
--------------------------------------------------------------------------
hold violation count 0

==========================================================================
cts final report_checks -path_delay max reg to reg
--------------------------------------------------------------------------
Startpoint: riscv.dp.pcreg.q[31]$_DFF_PP0_
            (rising edge-triggered flip-flop clocked by clk)
Endpoint: _tray_size4_1970 (rising edge-triggered flip-flop clocked by clk)
Path Group: clk
Path Type: max

  Delay    Time   Description
---------------------------------------------------------
   0.00    0.00   clock clk (rise edge)
   0.00    0.00   clock source latency
   0.00    0.00 ^ clk (in)
  32.87   32.87 ^ clkbuf_regs_0_clk/Y (BUFx16f_ASAP7_75t_R)
  14.55   47.42 ^ clkbuf_0_clk_regs/Y (BUFx16f_ASAP7_75t_R)
  27.99   75.41 ^ clkbuf_2_1_0_clk_regs/Y (BUFx24_ASAP7_75t_R)
  34.90  110.30 ^ clkbuf_leaf_17_clk_regs/Y (BUFx24_ASAP7_75t_R)
   0.46  110.77 ^ riscv.dp.pcreg.q[31]$_DFF_PP0_/CLK (DFFASRHQNx1_ASAP7_75t_R)
  46.13  156.90 v riscv.dp.pcreg.q[31]$_DFF_PP0_/QN (DFFASRHQNx1_ASAP7_75t_R)
  21.49  178.38 v place2386/Y (BUFx6f_ASAP7_75t_R)
   9.57  187.96 ^ _09833_/Y (INVx13_ASAP7_75t_R)
  45.88  233.83 ^ place2370/Y (BUFx12f_ASAP7_75t_R)
  13.18  247.02 ^ rebuffer2489/Y (BUFx6f_ASAP7_75t_R)
  16.72  263.74 v _11730_/Y (NAND2x2_ASAP7_75t_R)
  29.60  293.34 v place2304/Y (BUFx6f_ASAP7_75t_R)
  25.15  318.49 v _09109_/Y (AO221x1_ASAP7_75t_R)
  24.98  343.48 v _09110_/Y (OA211x2_ASAP7_75t_R)
  19.88  363.35 v _09118_/Y (OR3x1_ASAP7_75t_R)
  33.04  396.39 v _09119_/Y (OA211x2_ASAP7_75t_R)
  38.99  435.38 v _09150_/Y (OR3x2_ASAP7_75t_R)
  33.99  469.37 v _09153_/Y (OA21x2_ASAP7_75t_R)
  22.38  491.76 v _09155_/Y (XNOR2x2_ASAP7_75t_R)
  21.81  513.56 v riscv.dp.alu.sum\\ALU_33_0_33_0_33_unused_CO_X_HAN_CARLSON/_543_/Y (XOR2x2_ASAP7_75t_R)
  15.13  528.69 ^ riscv.dp.alu.sum\\ALU_33_0_33_0_33_unused_CO_X_HAN_CARLSON/_341_/CON (HAxp5_ASAP7_75t_R)
  15.09  543.79 v riscv.dp.alu.sum\\ALU_33_0_33_0_33_unused_CO_X_HAN_CARLSON/_341_/SN (HAxp5_ASAP7_75t_R)
  27.88  571.67 v riscv.dp.alu.sum\\ALU_33_0_33_0_33_unused_CO_X_HAN_CARLSON/_588_/Y (OR4x1_ASAP7_75t_R)
   6.75  578.42 ^ riscv.dp.alu.sum\\ALU_33_0_33_0_33_unused_CO_X_HAN_CARLSON/_587_/Y (INVx1_ASAP7_75t_R)
  23.43  601.85 ^ riscv.dp.alu.sum\\ALU_33_0_33_0_33_unused_CO_X_HAN_CARLSON/_591_/Y (AO221x2_ASAP7_75t_R)
  20.73  622.58 ^ riscv.dp.alu.sum\\ALU_33_0_33_0_33_unused_CO_X_HAN_CARLSON/_371_/Y (AO21x2_ASAP7_75t_R)
  14.20  636.77 ^ riscv.dp.alu.sum\\ALU_33_0_33_0_33_unused_CO_X_HAN_CARLSON/place1751/Y (BUFx3_ASAP7_75t_R)
  23.53  660.30 v riscv.dp.alu.sum\\ALU_33_0_33_0_33_unused_CO_X_HAN_CARLSON/_372_/Y (XNOR2x2_ASAP7_75t_R)
  28.70  689.00 v _11326_/Y (AO222x2_ASAP7_75t_R)
  36.80  725.80 v _11347_/Y (AO32x2_ASAP7_75t_R)
  27.51  753.31 v dmem/place1738/Y (BUFx6f_ASAP7_75t_R)
  19.45  772.76 v dmem/place1736/Y (BUFx10_ASAP7_75t_R)
  72.75  845.51 ^ dmem/_160_/Y (NAND2x2_ASAP7_75t_R)
  29.10  874.61 v dmem/_162_/Y (OAI21x1_ASAP7_75t_R)
  30.93  905.54 v dmem/_164_/Y (AO21x2_ASAP7_75t_R)
  35.58  941.12 v _12234_/Y (AO21x1_ASAP7_75t_R)
  16.55  957.67 v _12235_/Y (AO21x1_ASAP7_75t_R)
  13.35  971.02 ^ _12236_/Y (NAND2x1_ASAP7_75t_R)
  13.24  984.26 v _12238_/Y (OAI22x1_ASAP7_75t_R)
  20.35 1004.61 v rebuffer2463/Y (BUFx6f_ASAP7_75t_R)
  27.14 1031.76 v place1625/Y (BUFx12f_ASAP7_75t_R)
  16.65 1048.40 v _14065_/Y (OA21x2_ASAP7_75t_R)
   0.04 1048.44 v _tray_size4_1970/D3 (DFFHQNH2V2Xx1_ASAP7_75t_R)
        1048.44   data arrival time

 950.00  950.00   clock clk (rise edge)
   0.00  950.00   clock source latency
   0.00  950.00 ^ clk (in)
  30.23  980.23 ^ clkbuf_regs_0_clk/Y (BUFx16f_ASAP7_75t_R)
  14.17  994.40 ^ clkbuf_0_clk_regs/Y (BUFx16f_ASAP7_75t_R)
  26.03 1020.42 ^ clkbuf_2_1_0_clk_regs/Y (BUFx24_ASAP7_75t_R)
  25.41 1045.83 ^ clkbuf_leaf_25_clk_regs/Y (BUFx24_ASAP7_75t_R)
   0.47 1046.30 ^ _tray_size4_1970/CLK (DFFHQNH2V2Xx1_ASAP7_75t_R)
   4.98 1051.29   clock reconvergence pessimism
  -2.80 1048.48   library setup time
        1048.48   data required time
---------------------------------------------------------
        1048.48   data required time
        -1048.44   data arrival time
---------------------------------------------------------
           0.04   slack (MET)



==========================================================================
cts final report_checks -path_delay min reg to reg
--------------------------------------------------------------------------
Startpoint: _tray_size4_2102 (rising edge-triggered flip-flop clocked by clk)
Endpoint: _tray_size4_2102 (rising edge-triggered flip-flop clocked by clk)
Path Group: clk
Path Type: min

  Delay    Time   Description
---------------------------------------------------------
   0.00    0.00   clock clk (rise edge)
   0.00    0.00   clock source latency
   0.00    0.00 ^ clk (in)
  30.23   30.23 ^ clkbuf_regs_0_clk/Y (BUFx16f_ASAP7_75t_R)
  14.17   44.40 ^ clkbuf_0_clk_regs/Y (BUFx16f_ASAP7_75t_R)
  46.11   90.50 ^ clkbuf_2_2_0_clk_regs/Y (BUFx24_ASAP7_75t_R)
  24.56  115.06 ^ clkbuf_leaf_7_clk_regs/Y (BUFx24_ASAP7_75t_R)
   0.36  115.43 ^ _tray_size4_2102/CLK (DFFHQNH2V2Xx1_ASAP7_75t_R)
  47.86  163.29 ^ _tray_size4_2102/QN1 (DFFHQNH2V2Xx1_ASAP7_75t_R)
   8.58  171.87 v _09506_/Y (INVx1_ASAP7_75t_R)
   0.05  171.92 v _tray_size4_2102/D1 (DFFHQNH2V2Xx1_ASAP7_75t_R)
         171.92   data arrival time

   0.00    0.00   clock clk (rise edge)
   0.00    0.00   clock source latency
   0.00    0.00 ^ clk (in)
  32.87   32.87 ^ clkbuf_regs_0_clk/Y (BUFx16f_ASAP7_75t_R)
  14.55   47.42 ^ clkbuf_0_clk_regs/Y (BUFx16f_ASAP7_75t_R)
  50.92   98.34 ^ clkbuf_2_2_0_clk_regs/Y (BUFx24_ASAP7_75t_R)
  26.41  124.75 ^ clkbuf_leaf_7_clk_regs/Y (BUFx24_ASAP7_75t_R)
   0.43  125.18 ^ _tray_size4_2102/CLK (DFFHQNH2V2Xx1_ASAP7_75t_R)
  -9.75  115.43   clock reconvergence pessimism
  11.37  126.80   library hold time
         126.80   data required time
---------------------------------------------------------
         126.80   data required time
        -171.92   data arrival time
---------------------------------------------------------
          45.12   slack (MET)



==========================================================================
cts final critical path target clock latency max path
--------------------------------------------------------------------------
99.5260

==========================================================================
cts final critical path target clock latency min path
--------------------------------------------------------------------------
112.5866

==========================================================================
cts final critical path source clock latency min path
--------------------------------------------------------------------------
0.0000

==========================================================================
cts final critical path delay
--------------------------------------------------------------------------
1048.4388

==========================================================================
cts final critical path slack
--------------------------------------------------------------------------
0.0436

==========================================================================
cts final slack div critical path delay
--------------------------------------------------------------------------
0.004159

==========================================================================
cts final report_power
--------------------------------------------------------------------------
Group                  Internal  Switching    Leakage      Total
                          Power      Power      Power      Power (Watts)
----------------------------------------------------------------
Sequential             2.25e-04   3.44e-05   1.28e-07   2.60e-04   0.9%
Combinational          5.04e-03   7.39e-03   7.31e-07   1.24e-02  42.0%
Clock                  6.17e-04   3.45e-04   2.06e-08   9.62e-04   3.3%
Macro                  1.54e-02   0.00e+00   5.16e-04   1.59e-02  53.8%
Pad                    0.00e+00   0.00e+00   0.00e+00   0.00e+00   0.0%
----------------------------------------------------------------
Total                  2.13e-02   7.77e-03   5.16e-04   2.96e-02 100.0%
                          72.0%      26.3%       1.7%
