OpenROAD 206ac68d3d40c3348b7d5dd95efee7cae4c2eb83 
Features included (+) or not (-): +GPU +GUI +Python
This program is licensed under the BSD-3 license. See the LICENSE file for details.
Components of this program may be licensed under more restrictive licenses which must be honored.
[INFO ORD-0030] Using 32 thread(s).
source /home/lucast/workspace/OR-flow-TCC/flow/platforms/asap7/liberty_suppressions.tcl
read_liberty /home/lucast/workspace/OR-flow-TCC/flow/platforms/asap7/lib/NLDM/asap7sc7p5t_AO_RVT_FF_nldm_211120.lib.gz
read_liberty /home/lucast/workspace/OR-flow-TCC/flow/platforms/asap7/lib/NLDM/asap7sc7p5t_INVBUF_RVT_FF_nldm_220122.lib.gz
read_liberty /home/lucast/workspace/OR-flow-TCC/flow/platforms/asap7/lib/NLDM/asap7sc7p5t_OA_RVT_FF_nldm_211120.lib.gz
read_liberty /home/lucast/workspace/OR-flow-TCC/flow/platforms/asap7/lib/NLDM/asap7sc7p5t_SIMPLE_RVT_FF_nldm_211120.lib.gz
read_liberty /home/lucast/workspace/OR-flow-TCC/flow/platforms/asap7/lib/NLDM/asap7sc7p5t_SEQ_RVT_FF_nldm_220123.lib
read_liberty /home/lucast/workspace/OR-flow-TCC/flow/platforms/asap7/lib/NLDM/fakeram7_256x32.lib
read_liberty /home/lucast/workspace/OR-flow-TCC/flow/platforms/asap7/lib/NLDM/asap7sc7p5t_DFFHQNH2V2X_RVT_TT_nldm_FAKE.lib
read_liberty /home/lucast/workspace/OR-flow-TCC/flow/platforms/asap7/lib/NLDM/asap7sc7p5t_DFFHQNV2X_RVT_TT_nldm_FAKE.lib
read_db -hier ./results/asap7/riscv32i/modified_mcf_lp_alpha_8-beta_0.1-run6/5_1_grt.odb
[WARNING ORD-0012] Hierarchical flow (-hier) is currently in development and may cause multiple issues. Do not use in production environments.
source /home/lucast/workspace/OR-flow-TCC/flow/platforms/asap7/setRC.tcl
[INFO ORD-0030] Using 16 thread(s).
detailed_route -output_drc ./reports/asap7/riscv32i/modified_mcf_lp_alpha_8-beta_0.1-run6/5_route_drc.rpt -output_maze ./results/asap7/riscv32i/modified_mcf_lp_alpha_8-beta_0.1-run6/maze.log -droute_end_iter 64 -verbose 1 -drc_report_iter_step 5
[INFO DRT-0149] Reading tech and libs.

Units:                1000
Number of layers:     21
Number of macros:     231
Number of vias:       15
Number of viarulegen: 11

[INFO DRT-0150] Reading design.
[WARNING DRT-0120] Large net net2406 has 106 pins which may impact routing performance. Consider optimization.

Design:                   riscv_top
Die area:                 ( 0 0 ) ( 73373 73373 )
Number of track patterns: 32
Number of DEF vias:       0
Number of components:     10062
Number of terminals:      137
Number of snets:          2
Number of nets:           10609

[INFO DRT-0167] List of default vias:
  Layer V2
    default via: VIA23
  Layer V3
    default via: VIA34
  Layer V4
    default via: VIA45
  Layer V5
    default via: VIA56
  Layer V6
    default via: VIA67
  Layer V7
    default via: VIA78
  Layer V8
    default via: VIA89
  Layer V9
    default via: VIA9Pad
[INFO DRT-0162] Library cell analysis.
[INFO DRT-0163] Instance analysis.
[INFO DRT-0164] Number of unique instances = 259.
[INFO DRT-0168] Init region query.
[INFO DRT-0024]   Complete Active.
[INFO DRT-0024]   Complete V0.
[INFO DRT-0024]   Complete M1.
[INFO DRT-0024]   Complete V1.
[INFO DRT-0024]   Complete M2.
[INFO DRT-0024]   Complete V2.
[INFO DRT-0024]   Complete M3.
[INFO DRT-0024]   Complete V3.
[INFO DRT-0024]   Complete M4.
[INFO DRT-0024]   Complete V4.
[INFO DRT-0024]   Complete M5.
[INFO DRT-0024]   Complete V5.
[INFO DRT-0024]   Complete M6.
[INFO DRT-0024]   Complete V6.
[INFO DRT-0024]   Complete M7.
[INFO DRT-0024]   Complete V7.
[INFO DRT-0024]   Complete M8.
[INFO DRT-0024]   Complete V8.
[INFO DRT-0024]   Complete M9.
[INFO DRT-0024]   Complete V9.
[INFO DRT-0024]   Complete Pad.
[INFO DRT-0033] Active shape region query size = 0.
[INFO DRT-0033] V0 shape region query size = 0.
[INFO DRT-0033] M1 shape region query size = 177675.
[INFO DRT-0033] V1 shape region query size = 189697.
[INFO DRT-0033] M2 shape region query size = 5732.
[INFO DRT-0033] V2 shape region query size = 4347.
[INFO DRT-0033] M3 shape region query size = 4099.
[INFO DRT-0033] V3 shape region query size = 2562.
[INFO DRT-0033] M4 shape region query size = 4021.
[INFO DRT-0033] V4 shape region query size = 3937.
[INFO DRT-0033] M5 shape region query size = 2443.
[INFO DRT-0033] V5 shape region query size = 576.
[INFO DRT-0033] M6 shape region query size = 336.
[INFO DRT-0033] V6 shape region query size = 0.
[INFO DRT-0033] M7 shape region query size = 0.
[INFO DRT-0033] V7 shape region query size = 0.
[INFO DRT-0033] M8 shape region query size = 0.
[INFO DRT-0033] V8 shape region query size = 0.
[INFO DRT-0033] M9 shape region query size = 0.
[INFO DRT-0033] V9 shape region query size = 0.
[INFO DRT-0033] Pad shape region query size = 0.
[INFO DRT-0165] Start pin access.
[INFO DRT-0076]   Complete 1000 pins.
[INFO DRT-0078]   Complete 1773 pins.
[INFO DRT-0079]   Complete 100 unique inst patterns.
[INFO DRT-0079]   Complete 200 unique inst patterns.
[INFO DRT-0081]   Complete 256 unique inst patterns.
[INFO DRT-0084]   Complete 5418 groups.
#scanned instances     = 10062
#unique  instances     = 259
#stdCellGenAp          = 8268
#stdCellValidPlanarAp  = 70
#stdCellValidViaAp     = 6549
#stdCellPinNoAp        = 0
#stdCellPinCnt         = 35207
#instTermValidViaApCnt = 0
#macroGenAp            = 225
#macroValidPlanarAp    = 225
#macroValidViaAp       = 0
#macroNoAp             = 0
[INFO DRT-0166] Complete pin access.
[INFO DRT-0267] cpu time = 00:03:50, elapsed time = 00:00:17, memory = 392.73 (MB), peak = 388.86 (MB)

[INFO DRT-0157] Number of guides:     95242

[INFO DRT-0169] Post process guides.
[INFO DRT-0176] GCELLGRID X 0 DO 128 STEP 570 ;
[INFO DRT-0177] GCELLGRID Y 0 DO 128 STEP 570 ;
[INFO DRT-0028]   Complete Active.
[INFO DRT-0028]   Complete V0.
[INFO DRT-0028]   Complete M1.
[INFO DRT-0028]   Complete V1.
[INFO DRT-0028]   Complete M2.
[INFO DRT-0028]   Complete V2.
[INFO DRT-0028]   Complete M3.
[INFO DRT-0028]   Complete V3.
[INFO DRT-0028]   Complete M4.
[INFO DRT-0028]   Complete V4.
[INFO DRT-0028]   Complete M5.
[INFO DRT-0028]   Complete V5.
[INFO DRT-0028]   Complete M6.
[INFO DRT-0028]   Complete V6.
[INFO DRT-0028]   Complete M7.
[INFO DRT-0028]   Complete V7.
[INFO DRT-0028]   Complete M8.
[INFO DRT-0028]   Complete V8.
[INFO DRT-0028]   Complete M9.
[INFO DRT-0028]   Complete V9.
[INFO DRT-0028]   Complete Pad.
[INFO DRT-0178] Init guide query.
[INFO DRT-0035]   Complete Active (guide).
[INFO DRT-0035]   Complete V0 (guide).
[INFO DRT-0035]   Complete M1 (guide).
[INFO DRT-0035]   Complete V1 (guide).
[INFO DRT-0035]   Complete M2 (guide).
[INFO DRT-0035]   Complete V2 (guide).
[INFO DRT-0035]   Complete M3 (guide).
[INFO DRT-0035]   Complete V3 (guide).
[INFO DRT-0035]   Complete M4 (guide).
[INFO DRT-0035]   Complete V4 (guide).
[INFO DRT-0035]   Complete M5 (guide).
[INFO DRT-0035]   Complete V5 (guide).
[INFO DRT-0035]   Complete M6 (guide).
[INFO DRT-0035]   Complete V6 (guide).
[INFO DRT-0035]   Complete M7 (guide).
[INFO DRT-0035]   Complete V7 (guide).
[INFO DRT-0035]   Complete M8 (guide).
[INFO DRT-0035]   Complete V8 (guide).
[INFO DRT-0035]   Complete M9 (guide).
[INFO DRT-0035]   Complete V9 (guide).
[INFO DRT-0035]   Complete Pad (guide).
[INFO DRT-0036] Active guide region query size = 0.
[INFO DRT-0036] V0 guide region query size = 0.
[INFO DRT-0036] M1 guide region query size = 30683.
[INFO DRT-0036] V1 guide region query size = 0.
[INFO DRT-0036] M2 guide region query size = 27598.
[INFO DRT-0036] V2 guide region query size = 0.
[INFO DRT-0036] M3 guide region query size = 15331.
[INFO DRT-0036] V3 guide region query size = 0.
[INFO DRT-0036] M4 guide region query size = 2353.
[INFO DRT-0036] V4 guide region query size = 0.
[INFO DRT-0036] M5 guide region query size = 1038.
[INFO DRT-0036] V5 guide region query size = 0.
[INFO DRT-0036] M6 guide region query size = 282.
[INFO DRT-0036] V6 guide region query size = 0.
[INFO DRT-0036] M7 guide region query size = 20.
[INFO DRT-0036] V7 guide region query size = 0.
[INFO DRT-0036] M8 guide region query size = 0.
[INFO DRT-0036] V8 guide region query size = 0.
[INFO DRT-0036] M9 guide region query size = 0.
[INFO DRT-0036] V9 guide region query size = 0.
[INFO DRT-0036] Pad guide region query size = 0.
[INFO DRT-0179] Init gr pin query.
[INFO DRT-0267] cpu time = 00:00:00, elapsed time = 00:00:00, memory = 421.30 (MB), peak = 417.36 (MB)
[INFO DRT-0245] skipped writing guide updates to database.
[INFO DRT-0185] Post process initialize RPin region query.
[INFO DRT-0181] Start track assignment.
[INFO DRT-0184] Done with 47072 vertical wires in 3 frboxes and 30233 horizontal wires in 3 frboxes.
[INFO DRT-0186] Done with 6538 vertical wires in 3 frboxes and 10125 horizontal wires in 3 frboxes.
[INFO DRT-0182] Complete track assignment.
[INFO DRT-0267] cpu time = 00:00:02, elapsed time = 00:00:01, memory = 568.09 (MB), peak = 564.12 (MB)
[INFO DRT-0187] Start routing data preparation.
[INFO DRT-0267] cpu time = 00:00:00, elapsed time = 00:00:00, memory = 568.15 (MB), peak = 564.12 (MB)
[INFO DRT-0194] Start detail routing.
[INFO DRT-0195] Start 0th optimization iteration.
    Completing 10% with 0 violations.
    elapsed time = 00:00:02, memory = 3698.62 (MB).
    Completing 20% with 0 violations.
    elapsed time = 00:00:04, memory = 4347.02 (MB).
    Completing 30% with 820 violations.
    elapsed time = 00:00:06, memory = 4125.21 (MB).
    Completing 40% with 820 violations.
    elapsed time = 00:00:10, memory = 4822.45 (MB).
    Completing 50% with 820 violations.
    elapsed time = 00:00:12, memory = 3992.78 (MB).
    Completing 60% with 1638 violations.
    elapsed time = 00:00:18, memory = 5342.01 (MB).
    Completing 70% with 1638 violations.
    elapsed time = 00:00:21, memory = 5564.57 (MB).
    Completing 80% with 2356 violations.
    elapsed time = 00:00:30, memory = 6045.68 (MB).
    Completing 90% with 2356 violations.
    elapsed time = 00:00:35, memory = 6138.12 (MB).
    Completing 100% with 3118 violations.
    elapsed time = 00:00:42, memory = 3156.05 (MB).
[INFO DRT-0199]   Number of violations = 3653.
Viol/Layer          M1     M2     V2     M3     V3     M4     V4     M5     V5     M6     V6
CutSpcTbl            0      0      0      0     23      0      9      0      2      0      1
EOL                  0    339      0     35      0     13      0      1      0      0      0
Metal Spacing       31     99      0    216      0     19      0      3      0      4      0
Recheck              1    289      0    176      0     55      0     11      0      3      0
Rect Only            0      4      0      0      0      0      0      0      0      0      0
Short                5    296      4     57      3     29      1      6      1      7      0
eolKeepOut           0   1737      0    114      0     53      0      6      0      0      0
[INFO DRT-0267] cpu time = 00:08:09, elapsed time = 00:00:42, memory = 3517.11 (MB), peak = 6501.47 (MB)
Total wire length = 58253 um.
Total wire length on LAYER M1 = 0 um.
Total wire length on LAYER M2 = 12678 um.
Total wire length on LAYER M3 = 21545 um.
Total wire length on LAYER M4 = 13361 um.
Total wire length on LAYER M5 = 6124 um.
Total wire length on LAYER M6 = 4249 um.
Total wire length on LAYER M7 = 293 um.
Total wire length on LAYER M8 = 0 um.
Total wire length on LAYER M9 = 0 um.
Total wire length on LAYER Pad = 0 um.
Total number of vias = 115013.
Up-via summary (total 115013):

-----------------
 Active         0
     M1     35033
     M2     59904
     M3     16353
     M4      2990
     M5       672
     M6        61
     M7         0
     M8         0
     M9         0
-----------------
       115013


[INFO DRT-0195] Start 1st optimization iteration.
    Completing 10% with 3653 violations.
    elapsed time = 00:00:04, memory = 6399.57 (MB).
    Completing 20% with 3653 violations.
    elapsed time = 00:00:06, memory = 6656.12 (MB).
    Completing 30% with 2695 violations.
    elapsed time = 00:00:13, memory = 6328.46 (MB).
    Completing 40% with 2695 violations.
    elapsed time = 00:00:18, memory = 7180.40 (MB).
    Completing 50% with 2695 violations.
    elapsed time = 00:00:21, memory = 6072.25 (MB).
    Completing 60% with 1869 violations.
    elapsed time = 00:00:29, memory = 7069.21 (MB).
    Completing 70% with 1869 violations.
    elapsed time = 00:00:32, memory = 7191.70 (MB).
    Completing 80% with 1207 violations.
    elapsed time = 00:00:41, memory = 7178.31 (MB).
    Completing 90% with 1207 violations.
    elapsed time = 00:00:45, memory = 7299.59 (MB).
    Completing 100% with 610 violations.
    elapsed time = 00:00:51, memory = 4010.27 (MB).
[INFO DRT-0199]   Number of violations = 610.
Viol/Layer          M1     M2     M3     V3     M4     V4     V6
CutSpcTbl            0      0      0     10      0      4      1
EOL                  0     57      3      0      5      0      0
Metal Spacing       13     12    112      0      8      0      0
Short                1     43     21      0      4      0      0
eolKeepOut           0    282     10      0     24      0      0
[INFO DRT-0267] cpu time = 00:09:23, elapsed time = 00:00:51, memory = 3983.21 (MB), peak = 7802.16 (MB)
Total wire length = 57900 um.
Total wire length on LAYER M1 = 0 um.
Total wire length on LAYER M2 = 11854 um.
Total wire length on LAYER M3 = 21349 um.
Total wire length on LAYER M4 = 13898 um.
Total wire length on LAYER M5 = 6163 um.
Total wire length on LAYER M6 = 4340 um.
Total wire length on LAYER M7 = 293 um.
Total wire length on LAYER M8 = 0 um.
Total wire length on LAYER M9 = 0 um.
Total wire length on LAYER Pad = 0 um.
Total number of vias = 111919.
Up-via summary (total 111919):

-----------------
 Active         0
     M1     35028
     M2     57209
     M3     15638
     M4      3220
     M5       778
     M6        46
     M7         0
     M8         0
     M9         0
-----------------
       111919


[INFO DRT-0195] Start 2nd optimization iteration.
    Completing 10% with 610 violations.
    elapsed time = 00:00:03, memory = 7417.09 (MB).
    Completing 20% with 610 violations.
    elapsed time = 00:00:04, memory = 7560.47 (MB).
    Completing 30% with 663 violations.
    elapsed time = 00:00:10, memory = 3983.47 (MB).
    Completing 40% with 663 violations.
    elapsed time = 00:00:14, memory = 7662.79 (MB).
    Completing 50% with 663 violations.
    elapsed time = 00:00:16, memory = 6134.39 (MB).
    Completing 60% with 623 violations.
    elapsed time = 00:00:22, memory = 7265.92 (MB).
    Completing 70% with 623 violations.
    elapsed time = 00:00:24, memory = 7146.79 (MB).
    Completing 80% with 573 violations.
    elapsed time = 00:00:31, memory = 3986.66 (MB).
    Completing 90% with 573 violations.
    elapsed time = 00:00:35, memory = 7480.55 (MB).
    Completing 100% with 567 violations.
    elapsed time = 00:00:40, memory = 3966.74 (MB).
[INFO DRT-0199]   Number of violations = 567.
Viol/Layer          M1     M2     V2     M3     V3     M4     V4     V6
CutSpcTbl            0      0      0      0      9      0      3      1
EOL                  0     62      0      5      0      4      0      0
Metal Spacing       12     16      0     89      0      2      0      0
Short                2     28      1     24      0      3      0      0
eolKeepOut           0    276      0     12      0     18      0      0
[INFO DRT-0267] cpu time = 00:07:07, elapsed time = 00:00:40, memory = 3911.67 (MB), peak = 7873.60 (MB)
Total wire length = 57863 um.
Total wire length on LAYER M1 = 0 um.
Total wire length on LAYER M2 = 11721 um.
Total wire length on LAYER M3 = 21341 um.
Total wire length on LAYER M4 = 13891 um.
Total wire length on LAYER M5 = 6194 um.
Total wire length on LAYER M6 = 4419 um.
Total wire length on LAYER M7 = 295 um.
Total wire length on LAYER M8 = 0 um.
Total wire length on LAYER M9 = 0 um.
Total wire length on LAYER Pad = 0 um.
Total number of vias = 111756.
Up-via summary (total 111756):

-----------------
 Active         0
     M1     35028
     M2     56825
     M3     15529
     M4      3452
     M5       874
     M6        48
     M7         0
     M8         0
     M9         0
-----------------
       111756


[INFO DRT-0195] Start 3rd optimization iteration.
    Completing 10% with 567 violations.
    elapsed time = 00:00:02, memory = 7447.64 (MB).
    Completing 20% with 567 violations.
    elapsed time = 00:00:02, memory = 7199.61 (MB).
    Completing 30% with 417 violations.
    elapsed time = 00:00:06, memory = 3911.67 (MB).
    Completing 40% with 417 violations.
    elapsed time = 00:00:08, memory = 7496.85 (MB).
    Completing 50% with 417 violations.
    elapsed time = 00:00:10, memory = 6050.20 (MB).
    Completing 60% with 272 violations.
    elapsed time = 00:00:13, memory = 7226.08 (MB).
    Completing 70% with 272 violations.
    elapsed time = 00:00:14, memory = 7476.71 (MB).
    Completing 80% with 138 violations.
    elapsed time = 00:00:19, memory = 3901.92 (MB).
    Completing 90% with 138 violations.
    elapsed time = 00:00:20, memory = 7198.69 (MB).
    Completing 100% with 22 violations.
    elapsed time = 00:00:25, memory = 3901.92 (MB).
[INFO DRT-0199]   Number of violations = 22.
Viol/Layer          M2     M3     M5
EOL                  4      0      0
Metal Spacing        0      2      1
Short                2      1      0
eolKeepOut          12      0      0
[INFO DRT-0267] cpu time = 00:03:42, elapsed time = 00:00:25, memory = 3881.77 (MB), peak = 7873.60 (MB)
Total wire length = 57876 um.
Total wire length on LAYER M1 = 0 um.
Total wire length on LAYER M2 = 11445 um.
Total wire length on LAYER M3 = 21168 um.
Total wire length on LAYER M4 = 14139 um.
Total wire length on LAYER M5 = 6359 um.
Total wire length on LAYER M6 = 4469 um.
Total wire length on LAYER M7 = 294 um.
Total wire length on LAYER M8 = 0 um.
Total wire length on LAYER M9 = 0 um.
Total wire length on LAYER Pad = 0 um.
Total number of vias = 111812.
Up-via summary (total 111812):

-----------------
 Active         0
     M1     35028
     M2     56052
     M3     16005
     M4      3744
     M5       934
     M6        49
     M7         0
     M8         0
     M9         0
-----------------
       111812


[INFO DRT-0195] Start 4th guides tiles iteration.
    Completing 10% with 22 violations.
    elapsed time = 00:00:00, memory = 4502.30 (MB).
    Completing 20% with 22 violations.
    elapsed time = 00:00:00, memory = 4363.42 (MB).
    Completing 30% with 22 violations.
    elapsed time = 00:00:01, memory = 4212.82 (MB).
    Completing 40% with 22 violations.
    elapsed time = 00:00:01, memory = 4073.38 (MB).
    Completing 50% with 22 violations.
    elapsed time = 00:00:01, memory = 4073.38 (MB).
    Completing 60% with 6 violations.
    elapsed time = 00:00:01, memory = 3881.77 (MB).
    Completing 70% with 6 violations.
    elapsed time = 00:00:01, memory = 3881.77 (MB).
    Completing 80% with 6 violations.
    elapsed time = 00:00:01, memory = 3881.77 (MB).
    Completing 90% with 6 violations.
    elapsed time = 00:00:02, memory = 4079.75 (MB).
    Completing 100% with 4 violations.
    elapsed time = 00:00:03, memory = 3881.77 (MB).
[INFO DRT-0199]   Number of violations = 4.
Viol/Layer          M2
EOL                  1
eolKeepOut           3
[INFO DRT-0267] cpu time = 00:00:09, elapsed time = 00:00:03, memory = 3881.77 (MB), peak = 7873.60 (MB)
Total wire length = 57875 um.
Total wire length on LAYER M1 = 0 um.
Total wire length on LAYER M2 = 11444 um.
Total wire length on LAYER M3 = 21167 um.
Total wire length on LAYER M4 = 14140 um.
Total wire length on LAYER M5 = 6359 um.
Total wire length on LAYER M6 = 4468 um.
Total wire length on LAYER M7 = 296 um.
Total wire length on LAYER M8 = 0 um.
Total wire length on LAYER M9 = 0 um.
Total wire length on LAYER Pad = 0 um.
Total number of vias = 111796.
Up-via summary (total 111796):

-----------------
 Active         0
     M1     35028
     M2     56034
     M3     16001
     M4      3746
     M5       934
     M6        53
     M7         0
     M8         0
     M9         0
-----------------
       111796


[INFO DRT-0195] Start 5th guides tiles iteration.
    Completing 100% with 4 violations.
    elapsed time = 00:00:01, memory = 3881.77 (MB).
[INFO DRT-0199]   Number of violations = 4.
Viol/Layer          M2
EOL                  1
eolKeepOut           3
[INFO DRT-0267] cpu time = 00:00:01, elapsed time = 00:00:01, memory = 3881.77 (MB), peak = 7873.60 (MB)
Total wire length = 57875 um.
Total wire length on LAYER M1 = 0 um.
Total wire length on LAYER M2 = 11444 um.
Total wire length on LAYER M3 = 21167 um.
Total wire length on LAYER M4 = 14140 um.
Total wire length on LAYER M5 = 6359 um.
Total wire length on LAYER M6 = 4468 um.
Total wire length on LAYER M7 = 296 um.
Total wire length on LAYER M8 = 0 um.
Total wire length on LAYER M9 = 0 um.
Total wire length on LAYER Pad = 0 um.
Total number of vias = 111796.
Up-via summary (total 111796):

-----------------
 Active         0
     M1     35028
     M2     56034
     M3     16001
     M4      3746
     M5       934
     M6        53
     M7         0
     M8         0
     M9         0
-----------------
       111796


[INFO DRT-0195] Start 6th stubborn tiles iteration.
    Completing 10% with 4 violations.
    elapsed time = 00:00:01, memory = 6602.76 (MB).
    Completing 20% with 4 violations.
    elapsed time = 00:00:01, memory = 6898.36 (MB).
    Completing 30% with 4 violations.
    elapsed time = 00:00:02, memory = 6745.72 (MB).
    Completing 40% with 4 violations.
    elapsed time = 00:00:03, memory = 6965.36 (MB).
    Completing 50% with 4 violations.
    elapsed time = 00:00:03, memory = 6885.73 (MB).
    Completing 60% with 4 violations.
    elapsed time = 00:00:04, memory = 7115.01 (MB).
    Completing 70% with 4 violations.
    elapsed time = 00:00:05, memory = 6826.10 (MB).
    Completing 80% with 4 violations.
    elapsed time = 00:00:05, memory = 6007.24 (MB).
    Completing 90% with 4 violations.
    elapsed time = 00:00:06, memory = 5020.67 (MB).
    Completing 100% with 0 violations.
    elapsed time = 00:00:09, memory = 4190.91 (MB).
[INFO DRT-0199]   Number of violations = 0.
[INFO DRT-0267] cpu time = 00:01:44, elapsed time = 00:00:10, memory = 4190.91 (MB), peak = 7873.60 (MB)
Total wire length = 57874 um.
Total wire length on LAYER M1 = 0 um.
Total wire length on LAYER M2 = 11442 um.
Total wire length on LAYER M3 = 21163 um.
Total wire length on LAYER M4 = 14140 um.
Total wire length on LAYER M5 = 6363 um.
Total wire length on LAYER M6 = 4469 um.
Total wire length on LAYER M7 = 296 um.
Total wire length on LAYER M8 = 0 um.
Total wire length on LAYER M9 = 0 um.
Total wire length on LAYER Pad = 0 um.
Total number of vias = 111795.
Up-via summary (total 111795):

-----------------
 Active         0
     M1     35028
     M2     56021
     M3     16006
     M4      3753
     M5       934
     M6        53
     M7         0
     M8         0
     M9         0
-----------------
       111795


[INFO DRT-0198] Complete detail routing.
Total wire length = 57874 um.
Total wire length on LAYER M1 = 0 um.
Total wire length on LAYER M2 = 11442 um.
Total wire length on LAYER M3 = 21163 um.
Total wire length on LAYER M4 = 14140 um.
Total wire length on LAYER M5 = 6363 um.
Total wire length on LAYER M6 = 4469 um.
Total wire length on LAYER M7 = 296 um.
Total wire length on LAYER M8 = 0 um.
Total wire length on LAYER M9 = 0 um.
Total wire length on LAYER Pad = 0 um.
Total number of vias = 111795.
Up-via summary (total 111795):

-----------------
 Active         0
     M1     35028
     M2     56021
     M3     16006
     M4      3753
     M5       934
     M6        53
     M7         0
     M8         0
     M9         0
-----------------
       111795


[INFO DRT-0267] cpu time = 00:30:17, elapsed time = 00:02:55, memory = 4190.91 (MB), peak = 7873.60 (MB)

[INFO DRT-0180] Post processing.
Took 194 seconds: detailed_route -output_drc ./reports/asap7/riscv32i/modified_mcf_lp_alpha_8-beta_0.1-run6/5_route_drc.rpt -output_maze ./results/asap7/riscv32i/modified_mcf_lp_alpha_8-beta_0.1-run6/maze.log -droute_end_iter 64 -verbose 1 -drc_report_iter_step 5
[WARNING GRT-0246] No diode with LEF class CORE ANTENNACELL found.
[INFO ANT-0002] Found 0 net violations.
[INFO ANT-0001] Found 0 pin violations.
[INFO ANT-0002] Found 0 net violations.
[INFO ANT-0001] Found 0 pin violations.
write_db ./results/asap7/riscv32i/modified_mcf_lp_alpha_8-beta_0.1-run6/5_2_route.odb
[INFO ORD-0030] Using 32 thread(s).
Elapsed time: 3:16.84[h:]min:sec. CPU time: user 2015.48 sys 49.94 (1049%). Peak memory: 8062568KB.
Log                        Elapsed/s Peak Memory/MB  sha1sum .odb [0:20)
5_2_route                        196           7873 669d2560ca222d0b2ea2
