OpenROAD 1447ce3293b9688b91b8c635d3811ac25a1ea20f 
Features included (+) or not (-): +GPU +GUI +Python
This program is licensed under the BSD-3 license. See the LICENSE file for details.
Components of this program may be licensed under more restrictive licenses which must be honored.
[INFO ORD-0030] Using 32 thread(s).
source /home/lucast/workspace/OR-flow-TCC/flow/platforms/asap7/liberty_suppressions.tcl
read_liberty /home/lucast/workspace/OR-flow-TCC/flow/platforms/asap7/lib/NLDM/asap7sc7p5t_AO_RVT_FF_nldm_211120.lib.gz
read_liberty /home/lucast/workspace/OR-flow-TCC/flow/platforms/asap7/lib/NLDM/asap7sc7p5t_INVBUF_RVT_FF_nldm_220122.lib.gz
read_liberty /home/lucast/workspace/OR-flow-TCC/flow/platforms/asap7/lib/NLDM/asap7sc7p5t_OA_RVT_FF_nldm_211120.lib.gz
read_liberty /home/lucast/workspace/OR-flow-TCC/flow/platforms/asap7/lib/NLDM/asap7sc7p5t_SIMPLE_RVT_FF_nldm_211120.lib.gz
read_liberty /home/lucast/workspace/OR-flow-TCC/flow/platforms/asap7/lib/NLDM/asap7sc7p5t_SEQ_RVT_FF_nldm_220123.lib
read_liberty /home/lucast/workspace/OR-flow-TCC/flow/platforms/asap7/lib/NLDM/asap7sc7p5t_DFFHQNH2V2X_RVT_TT_nldm_FAKE.lib
read_liberty /home/lucast/workspace/OR-flow-TCC/flow/platforms/asap7/lib/NLDM/asap7sc7p5t_DFFHQNV2X_RVT_TT_nldm_FAKE.lib
read_db ./results/asap7/jpeg/modified_alpha_4-beta_0.1-v3/5_1_grt.odb
source /home/lucast/workspace/OR-flow-TCC/flow/platforms/asap7/setRC.tcl
[INFO ORD-0030] Using 16 thread(s).
detailed_route -output_drc ./reports/asap7/jpeg/modified_alpha_4-beta_0.1-v3/5_route_drc.rpt -output_maze ./results/asap7/jpeg/modified_alpha_4-beta_0.1-v3/maze.log -droute_end_iter 64 -verbose 1 -drc_report_iter_step 5
[INFO DRT-0149] Reading tech and libs.

Units:                1000
Number of layers:     21
Number of macros:     230
Number of vias:       14
Number of viarulegen: 11

[INFO DRT-0150] Reading design.

Design:                   jpeg_encoder
Die area:                 ( 0 0 ) ( 98136 98136 )
Number of track patterns: 32
Number of DEF vias:       0
Number of components:     55000
Number of terminals:      49
Number of snets:          2
Number of nets:           63852

[INFO DRT-0167] List of default vias:
  Layer V2
    default via: VIA23
  Layer V3
    default via: VIA34
  Layer V4
    default via: VIA45
  Layer V5
    default via: VIA56
  Layer V6
    default via: VIA67
  Layer V7
    default via: VIA78
  Layer V8
    default via: VIA89
  Layer V9
    default via: VIA9Pad
[INFO DRT-0162] Library cell analysis.
[INFO DRT-0163] Instance analysis.
[INFO DRT-0164] Number of unique instances = 232.
[INFO DRT-0168] Init region query.
[INFO DRT-0024]   Complete Active.
[INFO DRT-0024]   Complete V0.
[INFO DRT-0024]   Complete M1.
[INFO DRT-0024]   Complete V1.
[INFO DRT-0024]   Complete M2.
[INFO DRT-0024]   Complete V2.
[INFO DRT-0024]   Complete M3.
[INFO DRT-0024]   Complete V3.
[INFO DRT-0024]   Complete M4.
[INFO DRT-0024]   Complete V4.
[INFO DRT-0024]   Complete M5.
[INFO DRT-0024]   Complete V5.
[INFO DRT-0024]   Complete M6.
[INFO DRT-0024]   Complete V6.
[INFO DRT-0024]   Complete M7.
[INFO DRT-0024]   Complete V7.
[INFO DRT-0024]   Complete M8.
[INFO DRT-0024]   Complete V8.
[INFO DRT-0024]   Complete M9.
[INFO DRT-0024]   Complete V9.
[INFO DRT-0024]   Complete Pad.
[INFO DRT-0033] Active shape region query size = 0.
[INFO DRT-0033] V0 shape region query size = 0.
[INFO DRT-0033] M1 shape region query size = 971550.
[INFO DRT-0033] V1 shape region query size = 1001074.
[INFO DRT-0033] M2 shape region query size = 38775.
[INFO DRT-0033] V2 shape region query size = 20510.
[INFO DRT-0033] M3 shape region query size = 19678.
[INFO DRT-0033] V3 shape region query size = 12564.
[INFO DRT-0033] M4 shape region query size = 12586.
[INFO DRT-0033] V4 shape region query size = 12564.
[INFO DRT-0033] M5 shape region query size = 6991.
[INFO DRT-0033] V5 shape region query size = 1296.
[INFO DRT-0033] M6 shape region query size = 720.
[INFO DRT-0033] V6 shape region query size = 0.
[INFO DRT-0033] M7 shape region query size = 0.
[INFO DRT-0033] V7 shape region query size = 0.
[INFO DRT-0033] M8 shape region query size = 0.
[INFO DRT-0033] V8 shape region query size = 0.
[INFO DRT-0033] M9 shape region query size = 0.
[INFO DRT-0033] V9 shape region query size = 0.
[INFO DRT-0033] Pad shape region query size = 0.
[INFO DRT-0165] Start pin access.
[INFO DRT-0076]   Complete 1000 pins.
[INFO DRT-0078]   Complete 1335 pins.
[INFO DRT-0079]   Complete 100 unique inst patterns.
[INFO DRT-0079]   Complete 200 unique inst patterns.
[INFO DRT-0081]   Complete 232 unique inst patterns.
[INFO DRT-0082]   Complete 10000 groups.
[INFO DRT-0082]   Complete 20000 groups.
[INFO DRT-0084]   Complete 28447 groups.
#scanned instances     = 55000
#unique  instances     = 232
#stdCellGenAp          = 7379
#stdCellValidPlanarAp  = 68
#stdCellValidViaAp     = 5399
#stdCellPinNoAp        = 0
#stdCellPinCnt         = 181498
#instTermValidViaApCnt = 0
#macroGenAp            = 0
#macroValidPlanarAp    = 0
#macroValidViaAp       = 0
#macroNoAp             = 0
[INFO DRT-0166] Complete pin access.
[INFO DRT-0267] cpu time = 00:16:45, elapsed time = 00:01:06, memory = 745.78 (MB), peak = 750.35 (MB)
[INFO DRT-0156] guideIn read 100000 guides.
[INFO DRT-0156] guideIn read 200000 guides.
[INFO DRT-0156] guideIn read 300000 guides.
[INFO DRT-0156] guideIn read 400000 guides.

[INFO DRT-0157] Number of guides:     430051

[INFO DRT-0169] Post process guides.
[INFO DRT-0176] GCELLGRID X 0 DO 172 STEP 570 ;
[INFO DRT-0177] GCELLGRID Y 0 DO 172 STEP 570 ;
[INFO DRT-0026]   Complete 100000 origin guides.
[INFO DRT-0026]   Complete 200000 origin guides.
[INFO DRT-0026]   Complete 300000 origin guides.
[INFO DRT-0026]   Complete 400000 origin guides.
[INFO DRT-0028]   Complete Active.
[INFO DRT-0028]   Complete V0.
[INFO DRT-0028]   Complete M1.
[INFO DRT-0028]   Complete V1.
[INFO DRT-0028]   Complete M2.
[INFO DRT-0028]   Complete V2.
[INFO DRT-0028]   Complete M3.
[INFO DRT-0028]   Complete V3.
[INFO DRT-0028]   Complete M4.
[INFO DRT-0028]   Complete V4.
[INFO DRT-0028]   Complete M5.
[INFO DRT-0028]   Complete V5.
[INFO DRT-0028]   Complete M6.
[INFO DRT-0028]   Complete V6.
[INFO DRT-0028]   Complete M7.
[INFO DRT-0028]   Complete V7.
[INFO DRT-0028]   Complete M8.
[INFO DRT-0028]   Complete V8.
[INFO DRT-0028]   Complete M9.
[INFO DRT-0028]   Complete V9.
[INFO DRT-0028]   Complete Pad.
[INFO DRT-0178] Init guide query.
[INFO DRT-0035]   Complete Active (guide).
[INFO DRT-0035]   Complete V0 (guide).
[INFO DRT-0035]   Complete M1 (guide).
[INFO DRT-0035]   Complete V1 (guide).
[INFO DRT-0035]   Complete M2 (guide).
[INFO DRT-0035]   Complete V2 (guide).
[INFO DRT-0035]   Complete M3 (guide).
[INFO DRT-0035]   Complete V3 (guide).
[INFO DRT-0035]   Complete M4 (guide).
[INFO DRT-0035]   Complete V4 (guide).
[INFO DRT-0035]   Complete M5 (guide).
[INFO DRT-0035]   Complete V5 (guide).
[INFO DRT-0035]   Complete M6 (guide).
[INFO DRT-0035]   Complete V6 (guide).
[INFO DRT-0035]   Complete M7 (guide).
[INFO DRT-0035]   Complete V7 (guide).
[INFO DRT-0035]   Complete M8 (guide).
[INFO DRT-0035]   Complete V8 (guide).
[INFO DRT-0035]   Complete M9 (guide).
[INFO DRT-0035]   Complete V9 (guide).
[INFO DRT-0035]   Complete Pad (guide).
[INFO DRT-0036] Active guide region query size = 0.
[INFO DRT-0036] V0 guide region query size = 0.
[INFO DRT-0036] M1 guide region query size = 141854.
[INFO DRT-0036] V1 guide region query size = 0.
[INFO DRT-0036] M2 guide region query size = 130452.
[INFO DRT-0036] V2 guide region query size = 0.
[INFO DRT-0036] M3 guide region query size = 63500.
[INFO DRT-0036] V3 guide region query size = 0.
[INFO DRT-0036] M4 guide region query size = 4586.
[INFO DRT-0036] V4 guide region query size = 0.
[INFO DRT-0036] M5 guide region query size = 771.
[INFO DRT-0036] V5 guide region query size = 0.
[INFO DRT-0036] M6 guide region query size = 34.
[INFO DRT-0036] V6 guide region query size = 0.
[INFO DRT-0036] M7 guide region query size = 1.
[INFO DRT-0036] V7 guide region query size = 0.
[INFO DRT-0036] M8 guide region query size = 0.
[INFO DRT-0036] V8 guide region query size = 0.
[INFO DRT-0036] M9 guide region query size = 0.
[INFO DRT-0036] V9 guide region query size = 0.
[INFO DRT-0036] Pad guide region query size = 0.
[INFO DRT-0179] Init gr pin query.
[INFO DRT-0267] cpu time = 00:00:00, elapsed time = 00:00:00, memory = 891.56 (MB), peak = 887.04 (MB)
[INFO DRT-0245] skipped writing guide updates to database.
[INFO DRT-0185] Post process initialize RPin region query.
[INFO DRT-0181] Start track assignment.
[INFO DRT-0184] Done with 206126 vertical wires in 4 frboxes and 135072 horizontal wires in 4 frboxes.
[INFO DRT-0186] Done with 24963 vertical wires in 4 frboxes and 37681 horizontal wires in 4 frboxes.
[INFO DRT-0182] Complete track assignment.
[INFO DRT-0267] cpu time = 00:00:12, elapsed time = 00:00:04, memory = 1693.74 (MB), peak = 1822.16 (MB)
[INFO DRT-0187] Start routing data preparation.
[INFO DRT-0267] cpu time = 00:00:00, elapsed time = 00:00:00, memory = 1693.86 (MB), peak = 1822.16 (MB)
[INFO DRT-0194] Start detail routing.
[INFO DRT-0195] Start 0th optimization iteration.
    Completing 10% with 0 violations.
    elapsed time = 00:00:05, memory = 6765.98 (MB).
    Completing 20% with 0 violations.
    elapsed time = 00:00:10, memory = 9797.51 (MB).
    Completing 30% with 2075 violations.
    elapsed time = 00:00:17, memory = 10971.91 (MB).
    Completing 40% with 2075 violations.
    elapsed time = 00:00:25, memory = 10950.11 (MB).
    Completing 50% with 2075 violations.
    elapsed time = 00:00:31, memory = 10944.33 (MB).
    Completing 60% with 4275 violations.
    elapsed time = 00:00:42, memory = 12117.90 (MB).
    Completing 70% with 4275 violations.
    elapsed time = 00:00:52, memory = 12559.97 (MB).
    Completing 80% with 6297 violations.
    elapsed time = 00:01:02, memory = 13902.31 (MB).
    Completing 90% with 6297 violations.
    elapsed time = 00:01:15, memory = 13926.21 (MB).
    Completing 100% with 8460 violations.
    elapsed time = 00:01:27, memory = 11484.35 (MB).
[INFO DRT-0199]   Number of violations = 10487.
Viol/Layer          M1     M2     V2     M3     V3     M4     V4     M5
CutSpcTbl            0      0      0      0     38      0     14      0
EOL                  0    589      0     75      0     32      0      1
Metal Spacing     1583    220      0    531      0     12      0      2
Recheck              4   1146      0    642      0    198      0     37
Rect Only            0      4      0      8      0      0      0      0
Short              466    529      6    103      6     29      0      5
eolKeepOut           0   3821      0    254      0    129      0      3
[INFO DRT-0267] cpu time = 00:19:53, elapsed time = 00:01:28, memory = 11484.48 (MB), peak = 14372.38 (MB)
Total wire length = 164497 um.
Total wire length on LAYER M1 = 0 um.
Total wire length on LAYER M2 = 48938 um.
Total wire length on LAYER M3 = 72165 um.
Total wire length on LAYER M4 = 37031 um.
Total wire length on LAYER M5 = 5575 um.
Total wire length on LAYER M6 = 775 um.
Total wire length on LAYER M7 = 12 um.
Total wire length on LAYER M8 = 0 um.
Total wire length on LAYER M9 = 0 um.
Total wire length on LAYER Pad = 0 um.
Total number of vias = 475980.
Up-via summary (total 475980):

-----------------
 Active         0
     M1    164984
     M2    263562
     M3     43477
     M4      3700
     M5       241
     M6        16
     M7         0
     M8         0
     M9         0
-----------------
       475980


[INFO DRT-0195] Start 1st optimization iteration.
    Completing 10% with 10487 violations.
    elapsed time = 00:00:09, memory = 14901.66 (MB).
    Completing 20% with 10487 violations.
    elapsed time = 00:00:18, memory = 14884.31 (MB).
    Completing 30% with 8325 violations.
    elapsed time = 00:00:28, memory = 15021.91 (MB).
    Completing 40% with 8325 violations.
    elapsed time = 00:00:39, memory = 15464.73 (MB).
    Completing 50% with 8325 violations.
    elapsed time = 00:00:48, memory = 14185.66 (MB).
    Completing 60% with 6243 violations.
    elapsed time = 00:01:01, memory = 15533.30 (MB).
    Completing 70% with 6243 violations.
    elapsed time = 00:01:10, memory = 15483.69 (MB).
    Completing 80% with 4079 violations.
    elapsed time = 00:01:22, memory = 15547.64 (MB).
    Completing 90% with 4079 violations.
    elapsed time = 00:01:34, memory = 15558.12 (MB).
    Completing 100% with 2111 violations.
    elapsed time = 00:01:45, memory = 12192.27 (MB).
[INFO DRT-0199]   Number of violations = 2111.
Viol/Layer          M1     M2     M3     V3     M4     V4     V5
CutSpcTbl            0      0      0     11      0      2      1
EOL                  0    154     10      0      4      0      0
Metal Spacing      620     31    194      0      1      0      0
Short              181     74     50      0      5      0      0
eolKeepOut           0    726     31      0     16      0      0
[INFO DRT-0267] cpu time = 00:24:12, elapsed time = 00:01:46, memory = 12148.55 (MB), peak = 15919.06 (MB)
Total wire length = 162827 um.
Total wire length on LAYER M1 = 0 um.
Total wire length on LAYER M2 = 46861 um.
Total wire length on LAYER M3 = 71248 um.
Total wire length on LAYER M4 = 38249 um.
Total wire length on LAYER M5 = 5627 um.
Total wire length on LAYER M6 = 829 um.
Total wire length on LAYER M7 = 11 um.
Total wire length on LAYER M8 = 0 um.
Total wire length on LAYER M9 = 0 um.
Total wire length on LAYER Pad = 0 um.
Total number of vias = 461747.
Up-via summary (total 461747):

-----------------
 Active         0
     M1    164866
     M2    251358
     M3     41310
     M4      3894
     M5       303
     M6        16
     M7         0
     M8         0
     M9         0
-----------------
       461747


[INFO DRT-0195] Start 2nd optimization iteration.
    Completing 10% with 2111 violations.
    elapsed time = 00:00:07, memory = 15539.35 (MB).
    Completing 20% with 2111 violations.
    elapsed time = 00:00:15, memory = 15438.10 (MB).
    Completing 30% with 2081 violations.
    elapsed time = 00:00:22, memory = 15276.98 (MB).
    Completing 40% with 2081 violations.
    elapsed time = 00:00:31, memory = 15510.03 (MB).
    Completing 50% with 2081 violations.
    elapsed time = 00:00:37, memory = 12144.08 (MB).
    Completing 60% with 1937 violations.
    elapsed time = 00:00:47, memory = 15475.78 (MB).
    Completing 70% with 1937 violations.
    elapsed time = 00:00:54, memory = 15143.31 (MB).
    Completing 80% with 1741 violations.
    elapsed time = 00:01:02, memory = 15243.94 (MB).
    Completing 90% with 1741 violations.
    elapsed time = 00:01:10, memory = 15281.94 (MB).
    Completing 100% with 1636 violations.
    elapsed time = 00:01:17, memory = 12095.06 (MB).
[INFO DRT-0199]   Number of violations = 1636.
Viol/Layer          M1     M2     V2     M3     V3     M4     V4
CutSpcTbl            0      0      0      0     11      0      8
EOL                  0    110      0      4      0      2      0
Metal Spacing      509     25      0    149      0      2      0
Short              157     53      1     32      0      9      0
eolKeepOut           0    534      0     15      0     15      0
[INFO DRT-0267] cpu time = 00:17:29, elapsed time = 00:01:18, memory = 12095.06 (MB), peak = 15919.06 (MB)
Total wire length = 162634 um.
Total wire length on LAYER M1 = 0 um.
Total wire length on LAYER M2 = 46555 um.
Total wire length on LAYER M3 = 71201 um.
Total wire length on LAYER M4 = 38399 um.
Total wire length on LAYER M5 = 5618 um.
Total wire length on LAYER M6 = 845 um.
Total wire length on LAYER M7 = 15 um.
Total wire length on LAYER M8 = 0 um.
Total wire length on LAYER M9 = 0 um.
Total wire length on LAYER Pad = 0 um.
Total number of vias = 461318.
Up-via summary (total 461318):

-----------------
 Active         0
     M1    164869
     M2    251070
     M3     41134
     M4      3932
     M5       301
     M6        12
     M7         0
     M8         0
     M9         0
-----------------
       461318


[INFO DRT-0195] Start 3rd optimization iteration.
    Completing 10% with 1636 violations.
    elapsed time = 00:00:03, memory = 15580.86 (MB).
    Completing 20% with 1636 violations.
    elapsed time = 00:00:08, memory = 15407.04 (MB).
    Completing 30% with 1254 violations.
    elapsed time = 00:00:11, memory = 12095.06 (MB).
    Completing 40% with 1254 violations.
    elapsed time = 00:00:16, memory = 15465.54 (MB).
    Completing 50% with 1254 violations.
    elapsed time = 00:00:19, memory = 14609.60 (MB).
    Completing 60% with 886 violations.
    elapsed time = 00:00:25, memory = 15568.94 (MB).
    Completing 70% with 886 violations.
    elapsed time = 00:00:29, memory = 15357.74 (MB).
    Completing 80% with 418 violations.
    elapsed time = 00:00:33, memory = 12095.06 (MB).
    Completing 90% with 418 violations.
    elapsed time = 00:00:37, memory = 15442.18 (MB).
    Completing 100% with 53 violations.
    elapsed time = 00:00:42, memory = 12095.06 (MB).
[INFO DRT-0199]   Number of violations = 53.
Viol/Layer          M1     M2     V2     M3
EOL                  0      2      0      0
Metal Spacing        7      4      0      1
Short                2      2      1      4
eolKeepOut           0     30      0      0
[INFO DRT-0267] cpu time = 00:08:56, elapsed time = 00:00:42, memory = 12095.06 (MB), peak = 15919.06 (MB)
Total wire length = 162648 um.
Total wire length on LAYER M1 = 0 um.
Total wire length on LAYER M2 = 46104 um.
Total wire length on LAYER M3 = 71089 um.
Total wire length on LAYER M4 = 38824 um.
Total wire length on LAYER M5 = 5712 um.
Total wire length on LAYER M6 = 901 um.
Total wire length on LAYER M7 = 15 um.
Total wire length on LAYER M8 = 0 um.
Total wire length on LAYER M9 = 0 um.
Total wire length on LAYER Pad = 0 um.
Total number of vias = 461720.
Up-via summary (total 461720):

-----------------
 Active         0
     M1    164868
     M2    250160
     M3     42163
     M4      4136
     M5       379
     M6        14
     M7         0
     M8         0
     M9         0
-----------------
       461720


[INFO DRT-0195] Start 4th guides tiles iteration.
    Completing 10% with 53 violations.
    elapsed time = 00:00:00, memory = 13229.00 (MB).
    Completing 20% with 53 violations.
    elapsed time = 00:00:00, memory = 12866.05 (MB).
    Completing 30% with 53 violations.
    elapsed time = 00:00:01, memory = 12554.46 (MB).
    Completing 40% with 21 violations.
    elapsed time = 00:00:01, memory = 12095.06 (MB).
    Completing 50% with 21 violations.
    elapsed time = 00:00:01, memory = 12095.06 (MB).
    Completing 60% with 21 violations.
    elapsed time = 00:00:01, memory = 12095.06 (MB).
    Completing 70% with 12 violations.
    elapsed time = 00:00:02, memory = 12095.06 (MB).
    Completing 80% with 12 violations.
    elapsed time = 00:00:03, memory = 12268.09 (MB).
    Completing 90% with 8 violations.
    elapsed time = 00:00:04, memory = 12095.06 (MB).
    Completing 100% with 4 violations.
    elapsed time = 00:00:05, memory = 12095.12 (MB).
[INFO DRT-0199]   Number of violations = 4.
Viol/Layer          M1
Metal Spacing        3
Short                1
[INFO DRT-0267] cpu time = 00:00:15, elapsed time = 00:00:05, memory = 12095.12 (MB), peak = 15919.06 (MB)
Total wire length = 162651 um.
Total wire length on LAYER M1 = 0 um.
Total wire length on LAYER M2 = 46099 um.
Total wire length on LAYER M3 = 71088 um.
Total wire length on LAYER M4 = 38831 um.
Total wire length on LAYER M5 = 5714 um.
Total wire length on LAYER M6 = 901 um.
Total wire length on LAYER M7 = 15 um.
Total wire length on LAYER M8 = 0 um.
Total wire length on LAYER M9 = 0 um.
Total wire length on LAYER Pad = 0 um.
Total number of vias = 461732.
Up-via summary (total 461732):

-----------------
 Active         0
     M1    164868
     M2    250151
     M3     42178
     M4      4142
     M5       379
     M6        14
     M7         0
     M8         0
     M9         0
-----------------
       461732


[INFO DRT-0195] Start 5th guides tiles iteration.
    Completing 100% with 4 violations.
    elapsed time = 00:00:00, memory = 12095.12 (MB).
[INFO DRT-0199]   Number of violations = 4.
Viol/Layer          M1
Metal Spacing        3
Short                1
[INFO DRT-0267] cpu time = 00:00:00, elapsed time = 00:00:00, memory = 12095.31 (MB), peak = 15919.06 (MB)
Total wire length = 162651 um.
Total wire length on LAYER M1 = 0 um.
Total wire length on LAYER M2 = 46099 um.
Total wire length on LAYER M3 = 71088 um.
Total wire length on LAYER M4 = 38831 um.
Total wire length on LAYER M5 = 5714 um.
Total wire length on LAYER M6 = 901 um.
Total wire length on LAYER M7 = 15 um.
Total wire length on LAYER M8 = 0 um.
Total wire length on LAYER M9 = 0 um.
Total wire length on LAYER Pad = 0 um.
Total number of vias = 461732.
Up-via summary (total 461732):

-----------------
 Active         0
     M1    164868
     M2    250151
     M3     42178
     M4      4142
     M5       379
     M6        14
     M7         0
     M8         0
     M9         0
-----------------
       461732


[INFO DRT-0195] Start 6th stubborn tiles iteration.
    Completing 10% with 4 violations.
    elapsed time = 00:00:01, memory = 14818.10 (MB).
    Completing 20% with 4 violations.
    elapsed time = 00:00:01, memory = 14284.36 (MB).
    Completing 30% with 4 violations.
    elapsed time = 00:00:01, memory = 13291.82 (MB).
    Completing 40% with 4 violations.
    elapsed time = 00:00:02, memory = 15315.96 (MB).
    Completing 50% with 4 violations.
    elapsed time = 00:00:03, memory = 14997.52 (MB).
    Completing 60% with 4 violations.
    elapsed time = 00:00:03, memory = 15073.97 (MB).
    Completing 70% with 4 violations.
    elapsed time = 00:00:03, memory = 15080.64 (MB).
    Completing 80% with 4 violations.
    elapsed time = 00:00:04, memory = 14157.61 (MB).
    Completing 90% with 4 violations.
    elapsed time = 00:00:04, memory = 13006.71 (MB).
    Completing 100% with 0 violations.
    elapsed time = 00:00:05, memory = 12095.31 (MB).
[INFO DRT-0199]   Number of violations = 0.
[INFO DRT-0267] cpu time = 00:01:09, elapsed time = 00:00:05, memory = 12095.31 (MB), peak = 15919.06 (MB)
Total wire length = 162651 um.
Total wire length on LAYER M1 = 0 um.
Total wire length on LAYER M2 = 46099 um.
Total wire length on LAYER M3 = 71088 um.
Total wire length on LAYER M4 = 38831 um.
Total wire length on LAYER M5 = 5714 um.
Total wire length on LAYER M6 = 901 um.
Total wire length on LAYER M7 = 15 um.
Total wire length on LAYER M8 = 0 um.
Total wire length on LAYER M9 = 0 um.
Total wire length on LAYER Pad = 0 um.
Total number of vias = 461732.
Up-via summary (total 461732):

-----------------
 Active         0
     M1    164868
     M2    250151
     M3     42178
     M4      4142
     M5       379
     M6        14
     M7         0
     M8         0
     M9         0
-----------------
       461732


[INFO DRT-0198] Complete detail routing.
Total wire length = 162651 um.
Total wire length on LAYER M1 = 0 um.
Total wire length on LAYER M2 = 46099 um.
Total wire length on LAYER M3 = 71088 um.
Total wire length on LAYER M4 = 38831 um.
Total wire length on LAYER M5 = 5714 um.
Total wire length on LAYER M6 = 901 um.
Total wire length on LAYER M7 = 15 um.
Total wire length on LAYER M8 = 0 um.
Total wire length on LAYER M9 = 0 um.
Total wire length on LAYER Pad = 0 um.
Total number of vias = 461732.
Up-via summary (total 461732):

-----------------
 Active         0
     M1    164868
     M2    250151
     M3     42178
     M4      4142
     M5       379
     M6        14
     M7         0
     M8         0
     M9         0
-----------------
       461732


[INFO DRT-0267] cpu time = 01:11:59, elapsed time = 00:05:28, memory = 12095.31 (MB), peak = 15919.06 (MB)

[INFO DRT-0180] Post processing.
Took 401 seconds: detailed_route -output_drc ./reports/asap7/jpeg/modified_alpha_4-beta_0.1-v3/5_route_drc.rpt -output_maze ./results/asap7/jpeg/modified_alpha_4-beta_0.1-v3/maze.log -droute_end_iter 64 -verbose 1 -drc_report_iter_step 5
[WARNING GRT-0246] No diode with LEF class CORE ANTENNACELL found.
[INFO ANT-0002] Found 0 net violations.
[INFO ANT-0001] Found 0 pin violations.
[INFO ANT-0002] Found 0 net violations.
[INFO ANT-0001] Found 0 pin violations.
write_db ./results/asap7/jpeg/modified_alpha_4-beta_0.1-v3/5_2_route.odb
[INFO ORD-0030] Using 32 thread(s).
Elapsed time: 6:46.04[h:]min:sec. CPU time: user 5265.65 sys 108.45 (1323%). Peak memory: 16301120KB.
Log                        Elapsed/s Peak Memory/MB  sha1sum .odb [0:20)
5_2_route                        406          15919 68c3ea4a11dfb4f15e2f
