
==========================================================================
global place report_tns
--------------------------------------------------------------------------
tns max -3737.45

==========================================================================
global place report_wns
--------------------------------------------------------------------------
wns max -119.28

==========================================================================
global place report_worst_slack
--------------------------------------------------------------------------
worst slack max -119.28

==========================================================================
global place report_clock_min_period
--------------------------------------------------------------------------
clk period_min = 157.81 fmax = 6336.79
clk_uncore period_min = 112.28 fmax = 8905.96

==========================================================================
global place report_checks -path_delay min
--------------------------------------------------------------------------
Startpoint: _tray_size4_35240 (rising edge-triggered flip-flop clocked by clk)
Endpoint: _tray_size4_35239 (rising edge-triggered flip-flop clocked by clk)
Path Group: clk
Path Type: min

Fanout     Cap    Slew   Delay    Time   Description
-----------------------------------------------------------------------------
                  0.00    0.00    0.00   clock clk (rise edge)
                          0.00    0.00   clock network delay (ideal)
                  0.00    0.00    0.00 ^ _tray_size4_35240/CLK (DFFHQNH2V2Xx1_ASAP7_75t_R)
     1    0.53   15.65   43.84   43.84 ^ _tray_size4_35240/QN0 (DFFHQNH2V2Xx1_ASAP7_75t_R)
                                         _14877_ (net)
                 15.65    0.01   43.86 ^ _34816_/A (INVx1_ASAP7_75t_R)
     1    0.56    6.82    6.23   50.09 v _34816_/Y (INVx1_ASAP7_75t_R)
                                         mult_result[921][8] (net)
                  6.82    0.02   50.11 v _tray_size4_35239/D3 (DFFHQNH2V2Xx1_ASAP7_75t_R)
                                 50.11   data arrival time

                  0.00    0.00    0.00   clock clk (rise edge)
                          0.00    0.00   clock network delay (ideal)
                         10.00   10.00   clock uncertainty
                          0.00   10.00   clock reconvergence pessimism
                                 10.00 ^ _tray_size4_35239/CLK (DFFHQNH2V2Xx1_ASAP7_75t_R)
                          9.21   19.21   library hold time
                                 19.21   data required time
-----------------------------------------------------------------------------
                                 19.21   data required time
                                -50.11   data arrival time
-----------------------------------------------------------------------------
                                 30.90   slack (MET)


Startpoint: _tray_size2_34883
            (rising edge-triggered flip-flop clocked by clk_uncore)
Endpoint: _tray_size2_34883
          (rising edge-triggered flip-flop clocked by clk_uncore)
Path Group: clk_uncore
Path Type: min

Fanout     Cap    Slew   Delay    Time   Description
-----------------------------------------------------------------------------
                  0.00    0.00    0.00   clock clk_uncore (rise edge)
                          0.00    0.00   clock network delay (ideal)
                  0.00    0.00    0.00 ^ _tray_size2_34883/CLK (DFFHQNV2Xx1_ASAP7_75t_R)
     2    1.99   29.77   53.03   53.03 ^ _tray_size2_34883/QN1 (DFFHQNV2Xx1_ASAP7_75t_R)
                                         _00193_ (net)
                 29.77    0.06   53.09 ^ _36529_/A1 (OAI21x1_ASAP7_75t_R)
     1    0.71    5.70    8.21   61.30 v _36529_/Y (OAI21x1_ASAP7_75t_R)
                                         _18803_ (net)
                  5.70    0.04   61.34 v _tray_size2_34883/D1 (DFFHQNV2Xx1_ASAP7_75t_R)
                                 61.34   data arrival time

                  0.00    0.00    0.00   clock clk_uncore (rise edge)
                          0.00    0.00   clock network delay (ideal)
                         10.00   10.00   clock uncertainty
                          0.00   10.00   clock reconvergence pessimism
                                 10.00 ^ _tray_size2_34883/CLK (DFFHQNV2Xx1_ASAP7_75t_R)
                          9.44   19.44   library hold time
                                 19.44   data required time
-----------------------------------------------------------------------------
                                 19.44   data required time
                                -61.34   data arrival time
-----------------------------------------------------------------------------
                                 41.90   slack (MET)



==========================================================================
global place report_checks -path_delay max
--------------------------------------------------------------------------
Startpoint: rinc (input port)
Endpoint: fifo_out.rptr_empty.rempty$_DFF_PN1_
          (rising edge-triggered flip-flop clocked by clk_uncore)
Path Group: in2reg
Path Type: max

Fanout     Cap    Slew   Delay    Time   Description
-----------------------------------------------------------------------------
                          0.00    0.00 ^ input external delay
     1    1.02    0.00    0.00    0.00 ^ rinc (in)
                                         rinc (net)
                  0.19    0.06    0.06 ^ input64/A (BUFx2_ASAP7_75t_R)
     1    2.53   10.98   12.93   12.99 ^ input64/Y (BUFx2_ASAP7_75t_R)
                                         net63 (net)
                 11.06    0.52   13.51 ^ _19818_/A (AND2x4_ASAP7_75t_R)
     1    1.29    6.29   13.92   27.43 ^ _19818_/Y (AND2x4_ASAP7_75t_R)
                                         _18759_ (net)
                  6.29    0.08   27.51 ^ _39102_/A (HAxp5_ASAP7_75t_R)
     2    1.69   24.62   13.10   40.61 v _39102_/CON (HAxp5_ASAP7_75t_R)
                                         _18760_ (net)
                 24.62    0.06   40.66 v _19790_/A (INVx1_ASAP7_75t_R)
     1    1.02   12.55   10.64   51.30 ^ _19790_/Y (INVx1_ASAP7_75t_R)
                                         _18749_ (net)
                 12.55    0.04   51.35 ^ _39098_/B (HAxp5_ASAP7_75t_R)
     2    1.71   32.22   32.50   83.84 v _39098_/SN (HAxp5_ASAP7_75t_R)
                                         _18751_ (net)
                 32.22    0.06   83.90 v place165/A (BUFx3_ASAP7_75t_R)
     1    1.27    6.46   19.46  103.36 v place165/Y (BUFx3_ASAP7_75t_R)
                                         net164 (net)
                  6.47    0.09  103.45 v _19859_/A (XOR2x2_ASAP7_75t_R)
     2    1.90   10.65   24.72  128.17 ^ _19859_/Y (XOR2x2_ASAP7_75t_R)
                                         fifo_out.rptr_empty.rgraynext[0] (net)
                 10.66    0.08  128.25 ^ _20143_/B (XOR2x2_ASAP7_75t_R)
     1    0.70    6.77   24.24  152.49 ^ _20143_/Y (XOR2x2_ASAP7_75t_R)
                                         _19362_ (net)
                  6.77    0.03  152.52 ^ _20146_/B (AND4x1_ASAP7_75t_R)
     1    0.96   11.65   21.58  174.11 ^ _20146_/Y (AND4x1_ASAP7_75t_R)
                                         fifo_out.rptr_empty.rempty_val (net)
                 11.65    0.07  174.18 ^ fifo_out.rptr_empty.rempty$_DFF_PN1_/D (DFFASRHQNx1_ASAP7_75t_R)
                                174.18   data arrival time

                         80.00   80.00   max_delay
                        -10.00   70.00   clock uncertainty
                          0.00   70.00   clock reconvergence pessimism
                        -15.10   54.90   library setup time
                                 54.90   data required time
-----------------------------------------------------------------------------
                                 54.90   data required time
                               -174.18   data arrival time
-----------------------------------------------------------------------------
                               -119.28   slack (VIOLATED)


Startpoint: fifo_out.rptr_empty.rbin[1]$_DFF_PN0_/QN (internal pin)
Endpoint: rdata[2] (output port)
Path Group: reg2out
Path Type: max

Fanout     Cap    Slew   Delay    Time   Description
-----------------------------------------------------------------------------
    27   31.09  171.92    0.00    0.00 v fifo_out.rptr_empty.rbin[1]$_DFF_PN0_/QN (DFFASRHQNx1_ASAP7_75t_R)
                                         _16519_ (net)
                172.24    4.39    4.39 v place225/A (BUFx3_ASAP7_75t_R)
     5    5.45   16.99   42.72   47.11 v place225/Y (BUFx3_ASAP7_75t_R)
                                         net224 (net)
                 17.00    0.19   47.30 v _19815_/A (INVx3_ASAP7_75t_R)
     4    5.66   15.67   11.75   59.06 ^ _19815_/Y (INVx3_ASAP7_75t_R)
                                         _19086_ (net)
                 15.72    0.50   59.56 ^ place208/A (BUFx6f_ASAP7_75t_R)
     7    9.50   13.76   17.41   76.97 ^ place208/Y (BUFx6f_ASAP7_75t_R)
                                         net207 (net)
                 13.79    0.37   77.34 ^ _20073_/A2 (OAI21x1_ASAP7_75t_R)
     1    0.82    9.70    7.76   85.10 v _20073_/Y (OAI21x1_ASAP7_75t_R)
                                         _19303_ (net)
                  9.70    0.04   85.14 v _20077_/A2 (AO21x1_ASAP7_75t_R)
     1    0.99    8.93   15.60  100.74 v _20077_/Y (AO21x1_ASAP7_75t_R)
                                         _19307_ (net)
                  8.93    0.07  100.81 v _20085_/A2 (OA21x2_ASAP7_75t_R)
     1    2.97   14.44   20.32  121.14 v _20085_/Y (OA21x2_ASAP7_75t_R)
                                         net108 (net)
                 14.61    0.83  121.97 v output109/A (BUFx2_ASAP7_75t_R)
     1    0.47    4.83   14.98  136.96 v output109/Y (BUFx2_ASAP7_75t_R)
                                         rdata[2] (net)
                  4.83    0.03  136.98 v rdata[2] (out)
                                136.98   data arrival time

                         80.00   80.00   max_delay
                          0.00   80.00   output external delay
                                 80.00   data required time
-----------------------------------------------------------------------------
                                 80.00   data required time
                               -136.98   data arrival time
-----------------------------------------------------------------------------
                                -56.98   slack (VIOLATED)


Startpoint: _tray_size2_34883
            (rising edge-triggered flip-flop clocked by clk_uncore)
Endpoint: mult_result[0][12]$_DFF_P_
          (rising edge-triggered flip-flop clocked by clk)
Path Group: path delay
Path Type: max

Fanout     Cap    Slew   Delay    Time   Description
-----------------------------------------------------------------------------
                  0.00    0.00    0.00 ^ _tray_size2_34883/CLK (DFFHQNV2Xx1_ASAP7_75t_R)
     2    2.47   32.57   54.77   54.77 v _tray_size2_34883/QN1 (DFFHQNV2Xx1_ASAP7_75t_R)
                                         _00193_ (net)
                 32.57    0.09   54.86 v _19694_/A (NAND2x1_ASAP7_75t_R)
     1    0.73   25.13   14.97   69.83 ^ _19694_/Y (NAND2x1_ASAP7_75t_R)
                                         _18999_ (net)
                 25.13    0.03   69.86 ^ _19695_/B (OA21x2_ASAP7_75t_R)
     1    2.87   16.01   21.96   91.82 ^ _19695_/Y (OA21x2_ASAP7_75t_R)
                                         _18723_ (net)
                 16.12    0.71   92.52 ^ _39091_/A (HAxp5_ASAP7_75t_R)
     6    4.60   80.81   63.74  156.26 v _39091_/SN (HAxp5_ASAP7_75t_R)
                                         _18726_ (net)
                 80.81    0.22  156.48 v _19754_/C (OR4x1_ASAP7_75t_R)
     4    3.37   24.88   44.66  201.14 v _19754_/Y (OR4x1_ASAP7_75t_R)
                                         _19039_ (net)
                 24.88    0.13  201.27 v _19757_/B (AO21x1_ASAP7_75t_R)
     2    1.72   13.00   21.90  223.17 v _19757_/Y (AO21x1_ASAP7_75t_R)
                                         _19042_ (net)
                 13.00    0.15  223.31 v _19762_/D (AND5x1_ASAP7_75t_R)
     3    2.42   15.58   23.07  246.38 v _19762_/Y (AND5x1_ASAP7_75t_R)
                                         _19047_ (net)
                 15.59    0.09  246.47 v _20117_/B (AO21x1_ASAP7_75t_R)
     1    1.13   10.22   18.51  264.99 v _20117_/Y (AO21x1_ASAP7_75t_R)
                                         _19342_ (net)
                 10.22    0.04  265.03 v _20118_/B (XOR2x2_ASAP7_75t_R)
     1    0.69    7.59   24.09  289.12 ^ _20118_/Y (XOR2x2_ASAP7_75t_R)
                                         _00005_ (net)
                  7.59    0.03  289.14 ^ mult_result[0][12]$_DFF_P_/D (DFFHQNx1_ASAP7_75t_R)
                                289.14   data arrival time

                        333.00  333.00   max_delay
                        -15.17  317.83   library setup time
                                317.83   data required time
-----------------------------------------------------------------------------
                                317.83   data required time
                               -289.14   data arrival time
-----------------------------------------------------------------------------
                                 28.69   slack (MET)


Startpoint: _tray_size4_34922 (rising edge-triggered flip-flop clocked by clk)
Endpoint: _tray_size4_34927 (rising edge-triggered flip-flop clocked by clk)
Path Group: clk
Path Type: max

Fanout     Cap    Slew   Delay    Time   Description
-----------------------------------------------------------------------------
                  0.00    0.00    0.00   clock clk (rise edge)
                          0.00    0.00   clock network delay (ideal)
                  0.00    0.00    0.00 ^ _tray_size4_34922/CLK (DFFHQNH2V2Xx1_ASAP7_75t_R)
     8    9.86   86.28   82.24   82.24 v _tray_size4_34922/QN1 (DFFHQNH2V2Xx1_ASAP7_75t_R)
                                         _16508_ (net)
                 86.81    3.99   86.23 v _36916_/A (AND2x2_ASAP7_75t_R)
     1    1.33    9.70   33.24  119.46 v _36916_/Y (AND2x2_ASAP7_75t_R)
                                         _19632_ (net)
                  9.70    0.05  119.52 v _36917_/B (AOI21x1_ASAP7_75t_R)
     1    0.82   27.72    9.20  128.72 ^ _36917_/Y (AOI21x1_ASAP7_75t_R)
                                         _18960_ (net)
                 27.72    0.05  128.77 ^ _tray_size4_34927/D3 (DFFHQNH2V2Xx1_ASAP7_75t_R)
                                128.77   data arrival time

                  0.00  333.00  333.00   clock clk (rise edge)
                          0.00  333.00   clock network delay (ideal)
                        -10.00  323.00   clock uncertainty
                          0.00  323.00   clock reconvergence pessimism
                                323.00 ^ _tray_size4_34927/CLK (DFFHQNH2V2Xx1_ASAP7_75t_R)
                        -19.04  303.96   library setup time
                                303.96   data required time
-----------------------------------------------------------------------------
                                303.96   data required time
                               -128.77   data arrival time
-----------------------------------------------------------------------------
                                175.19   slack (MET)


Startpoint: _tray_size4_34882
            (rising edge-triggered flip-flop clocked by clk_uncore)
Endpoint: _tray_size4_34882
          (rising edge-triggered flip-flop clocked by clk_uncore)
Path Group: clk_uncore
Path Type: max

Fanout     Cap    Slew   Delay    Time   Description
-----------------------------------------------------------------------------
                  0.00    0.00    0.00   clock clk_uncore (rise edge)
                          0.00    0.00   clock network delay (ideal)
                  0.00    0.00    0.00 ^ _tray_size4_34882/CLK (DFFHQNH2V2Xx1_ASAP7_75t_R)
     1    0.82   19.17   44.35   44.35 v _tray_size4_34882/QN0 (DFFHQNH2V2Xx1_ASAP7_75t_R)
                                         _00169_ (net)
                 19.17    0.04   44.39 v _36584_/A (INVx1_ASAP7_75t_R)
     2    2.38   18.81   14.14   58.53 ^ _36584_/Y (INVx1_ASAP7_75t_R)
                                         _19433_ (net)
                 18.81    0.05   58.58 ^ _36585_/A (AND2x2_ASAP7_75t_R)
     1    0.79    6.60   16.03   74.60 ^ _36585_/Y (AND2x2_ASAP7_75t_R)
                                         _19434_ (net)
                  6.60    0.04   74.64 ^ _36586_/B (AO21x1_ASAP7_75t_R)
     1    0.76    8.12   10.92   85.56 ^ _36586_/Y (AO21x1_ASAP7_75t_R)
                                         _18827_ (net)
                  8.12    0.04   85.60 ^ _tray_size4_34882/D0 (DFFHQNH2V2Xx1_ASAP7_75t_R)
                                 85.60   data arrival time

                  0.00 1000.00 1000.00   clock clk_uncore (rise edge)
                          0.00 1000.00   clock network delay (ideal)
                        -10.00  990.00   clock uncertainty
                          0.00  990.00   clock reconvergence pessimism
                                990.00 ^ _tray_size4_34882/CLK (DFFHQNH2V2Xx1_ASAP7_75t_R)
                        -16.69  973.31   library setup time
                                973.31   data required time
-----------------------------------------------------------------------------
                                973.31   data required time
                                -85.60   data arrival time
-----------------------------------------------------------------------------
                                887.72   slack (MET)



==========================================================================
global place report_checks -unconstrained
--------------------------------------------------------------------------
Startpoint: rinc (input port)
Endpoint: fifo_out.rptr_empty.rempty$_DFF_PN1_
          (rising edge-triggered flip-flop clocked by clk_uncore)
Path Group: in2reg
Path Type: max

Fanout     Cap    Slew   Delay    Time   Description
-----------------------------------------------------------------------------
                          0.00    0.00 ^ input external delay
     1    1.02    0.00    0.00    0.00 ^ rinc (in)
                                         rinc (net)
                  0.19    0.06    0.06 ^ input64/A (BUFx2_ASAP7_75t_R)
     1    2.53   10.98   12.93   12.99 ^ input64/Y (BUFx2_ASAP7_75t_R)
                                         net63 (net)
                 11.06    0.52   13.51 ^ _19818_/A (AND2x4_ASAP7_75t_R)
     1    1.29    6.29   13.92   27.43 ^ _19818_/Y (AND2x4_ASAP7_75t_R)
                                         _18759_ (net)
                  6.29    0.08   27.51 ^ _39102_/A (HAxp5_ASAP7_75t_R)
     2    1.69   24.62   13.10   40.61 v _39102_/CON (HAxp5_ASAP7_75t_R)
                                         _18760_ (net)
                 24.62    0.06   40.66 v _19790_/A (INVx1_ASAP7_75t_R)
     1    1.02   12.55   10.64   51.30 ^ _19790_/Y (INVx1_ASAP7_75t_R)
                                         _18749_ (net)
                 12.55    0.04   51.35 ^ _39098_/B (HAxp5_ASAP7_75t_R)
     2    1.71   32.22   32.50   83.84 v _39098_/SN (HAxp5_ASAP7_75t_R)
                                         _18751_ (net)
                 32.22    0.06   83.90 v place165/A (BUFx3_ASAP7_75t_R)
     1    1.27    6.46   19.46  103.36 v place165/Y (BUFx3_ASAP7_75t_R)
                                         net164 (net)
                  6.47    0.09  103.45 v _19859_/A (XOR2x2_ASAP7_75t_R)
     2    1.90   10.65   24.72  128.17 ^ _19859_/Y (XOR2x2_ASAP7_75t_R)
                                         fifo_out.rptr_empty.rgraynext[0] (net)
                 10.66    0.08  128.25 ^ _20143_/B (XOR2x2_ASAP7_75t_R)
     1    0.70    6.77   24.24  152.49 ^ _20143_/Y (XOR2x2_ASAP7_75t_R)
                                         _19362_ (net)
                  6.77    0.03  152.52 ^ _20146_/B (AND4x1_ASAP7_75t_R)
     1    0.96   11.65   21.58  174.11 ^ _20146_/Y (AND4x1_ASAP7_75t_R)
                                         fifo_out.rptr_empty.rempty_val (net)
                 11.65    0.07  174.18 ^ fifo_out.rptr_empty.rempty$_DFF_PN1_/D (DFFASRHQNx1_ASAP7_75t_R)
                                174.18   data arrival time

                         80.00   80.00   max_delay
                        -10.00   70.00   clock uncertainty
                          0.00   70.00   clock reconvergence pessimism
                        -15.10   54.90   library setup time
                                 54.90   data required time
-----------------------------------------------------------------------------
                                 54.90   data required time
                               -174.18   data arrival time
-----------------------------------------------------------------------------
                               -119.28   slack (VIOLATED)


Startpoint: fifo_out.rptr_empty.rbin[1]$_DFF_PN0_/QN (internal pin)
Endpoint: rdata[2] (output port)
Path Group: reg2out
Path Type: max

Fanout     Cap    Slew   Delay    Time   Description
-----------------------------------------------------------------------------
    27   31.09  171.92    0.00    0.00 v fifo_out.rptr_empty.rbin[1]$_DFF_PN0_/QN (DFFASRHQNx1_ASAP7_75t_R)
                                         _16519_ (net)
                172.24    4.39    4.39 v place225/A (BUFx3_ASAP7_75t_R)
     5    5.45   16.99   42.72   47.11 v place225/Y (BUFx3_ASAP7_75t_R)
                                         net224 (net)
                 17.00    0.19   47.30 v _19815_/A (INVx3_ASAP7_75t_R)
     4    5.66   15.67   11.75   59.06 ^ _19815_/Y (INVx3_ASAP7_75t_R)
                                         _19086_ (net)
                 15.72    0.50   59.56 ^ place208/A (BUFx6f_ASAP7_75t_R)
     7    9.50   13.76   17.41   76.97 ^ place208/Y (BUFx6f_ASAP7_75t_R)
                                         net207 (net)
                 13.79    0.37   77.34 ^ _20073_/A2 (OAI21x1_ASAP7_75t_R)
     1    0.82    9.70    7.76   85.10 v _20073_/Y (OAI21x1_ASAP7_75t_R)
                                         _19303_ (net)
                  9.70    0.04   85.14 v _20077_/A2 (AO21x1_ASAP7_75t_R)
     1    0.99    8.93   15.60  100.74 v _20077_/Y (AO21x1_ASAP7_75t_R)
                                         _19307_ (net)
                  8.93    0.07  100.81 v _20085_/A2 (OA21x2_ASAP7_75t_R)
     1    2.97   14.44   20.32  121.14 v _20085_/Y (OA21x2_ASAP7_75t_R)
                                         net108 (net)
                 14.61    0.83  121.97 v output109/A (BUFx2_ASAP7_75t_R)
     1    0.47    4.83   14.98  136.96 v output109/Y (BUFx2_ASAP7_75t_R)
                                         rdata[2] (net)
                  4.83    0.03  136.98 v rdata[2] (out)
                                136.98   data arrival time

                         80.00   80.00   max_delay
                          0.00   80.00   output external delay
                                 80.00   data required time
-----------------------------------------------------------------------------
                                 80.00   data required time
                               -136.98   data arrival time
-----------------------------------------------------------------------------
                                -56.98   slack (VIOLATED)


Startpoint: _tray_size2_34883
            (rising edge-triggered flip-flop clocked by clk_uncore)
Endpoint: mult_result[0][12]$_DFF_P_
          (rising edge-triggered flip-flop clocked by clk)
Path Group: path delay
Path Type: max

Fanout     Cap    Slew   Delay    Time   Description
-----------------------------------------------------------------------------
                  0.00    0.00    0.00 ^ _tray_size2_34883/CLK (DFFHQNV2Xx1_ASAP7_75t_R)
     2    2.47   32.57   54.77   54.77 v _tray_size2_34883/QN1 (DFFHQNV2Xx1_ASAP7_75t_R)
                                         _00193_ (net)
                 32.57    0.09   54.86 v _19694_/A (NAND2x1_ASAP7_75t_R)
     1    0.73   25.13   14.97   69.83 ^ _19694_/Y (NAND2x1_ASAP7_75t_R)
                                         _18999_ (net)
                 25.13    0.03   69.86 ^ _19695_/B (OA21x2_ASAP7_75t_R)
     1    2.87   16.01   21.96   91.82 ^ _19695_/Y (OA21x2_ASAP7_75t_R)
                                         _18723_ (net)
                 16.12    0.71   92.52 ^ _39091_/A (HAxp5_ASAP7_75t_R)
     6    4.60   80.81   63.74  156.26 v _39091_/SN (HAxp5_ASAP7_75t_R)
                                         _18726_ (net)
                 80.81    0.22  156.48 v _19754_/C (OR4x1_ASAP7_75t_R)
     4    3.37   24.88   44.66  201.14 v _19754_/Y (OR4x1_ASAP7_75t_R)
                                         _19039_ (net)
                 24.88    0.13  201.27 v _19757_/B (AO21x1_ASAP7_75t_R)
     2    1.72   13.00   21.90  223.17 v _19757_/Y (AO21x1_ASAP7_75t_R)
                                         _19042_ (net)
                 13.00    0.15  223.31 v _19762_/D (AND5x1_ASAP7_75t_R)
     3    2.42   15.58   23.07  246.38 v _19762_/Y (AND5x1_ASAP7_75t_R)
                                         _19047_ (net)
                 15.59    0.09  246.47 v _20117_/B (AO21x1_ASAP7_75t_R)
     1    1.13   10.22   18.51  264.99 v _20117_/Y (AO21x1_ASAP7_75t_R)
                                         _19342_ (net)
                 10.22    0.04  265.03 v _20118_/B (XOR2x2_ASAP7_75t_R)
     1    0.69    7.59   24.09  289.12 ^ _20118_/Y (XOR2x2_ASAP7_75t_R)
                                         _00005_ (net)
                  7.59    0.03  289.14 ^ mult_result[0][12]$_DFF_P_/D (DFFHQNx1_ASAP7_75t_R)
                                289.14   data arrival time

                        333.00  333.00   max_delay
                        -15.17  317.83   library setup time
                                317.83   data required time
-----------------------------------------------------------------------------
                                317.83   data required time
                               -289.14   data arrival time
-----------------------------------------------------------------------------
                                 28.69   slack (MET)


Startpoint: _tray_size4_34922 (rising edge-triggered flip-flop clocked by clk)
Endpoint: _tray_size4_34927 (rising edge-triggered flip-flop clocked by clk)
Path Group: clk
Path Type: max

Fanout     Cap    Slew   Delay    Time   Description
-----------------------------------------------------------------------------
                  0.00    0.00    0.00   clock clk (rise edge)
                          0.00    0.00   clock network delay (ideal)
                  0.00    0.00    0.00 ^ _tray_size4_34922/CLK (DFFHQNH2V2Xx1_ASAP7_75t_R)
     8    9.86   86.28   82.24   82.24 v _tray_size4_34922/QN1 (DFFHQNH2V2Xx1_ASAP7_75t_R)
                                         _16508_ (net)
                 86.81    3.99   86.23 v _36916_/A (AND2x2_ASAP7_75t_R)
     1    1.33    9.70   33.24  119.46 v _36916_/Y (AND2x2_ASAP7_75t_R)
                                         _19632_ (net)
                  9.70    0.05  119.52 v _36917_/B (AOI21x1_ASAP7_75t_R)
     1    0.82   27.72    9.20  128.72 ^ _36917_/Y (AOI21x1_ASAP7_75t_R)
                                         _18960_ (net)
                 27.72    0.05  128.77 ^ _tray_size4_34927/D3 (DFFHQNH2V2Xx1_ASAP7_75t_R)
                                128.77   data arrival time

                  0.00  333.00  333.00   clock clk (rise edge)
                          0.00  333.00   clock network delay (ideal)
                        -10.00  323.00   clock uncertainty
                          0.00  323.00   clock reconvergence pessimism
                                323.00 ^ _tray_size4_34927/CLK (DFFHQNH2V2Xx1_ASAP7_75t_R)
                        -19.04  303.96   library setup time
                                303.96   data required time
-----------------------------------------------------------------------------
                                303.96   data required time
                               -128.77   data arrival time
-----------------------------------------------------------------------------
                                175.19   slack (MET)


Startpoint: _tray_size4_34882
            (rising edge-triggered flip-flop clocked by clk_uncore)
Endpoint: _tray_size4_34882
          (rising edge-triggered flip-flop clocked by clk_uncore)
Path Group: clk_uncore
Path Type: max

Fanout     Cap    Slew   Delay    Time   Description
-----------------------------------------------------------------------------
                  0.00    0.00    0.00   clock clk_uncore (rise edge)
                          0.00    0.00   clock network delay (ideal)
                  0.00    0.00    0.00 ^ _tray_size4_34882/CLK (DFFHQNH2V2Xx1_ASAP7_75t_R)
     1    0.82   19.17   44.35   44.35 v _tray_size4_34882/QN0 (DFFHQNH2V2Xx1_ASAP7_75t_R)
                                         _00169_ (net)
                 19.17    0.04   44.39 v _36584_/A (INVx1_ASAP7_75t_R)
     2    2.38   18.81   14.14   58.53 ^ _36584_/Y (INVx1_ASAP7_75t_R)
                                         _19433_ (net)
                 18.81    0.05   58.58 ^ _36585_/A (AND2x2_ASAP7_75t_R)
     1    0.79    6.60   16.03   74.60 ^ _36585_/Y (AND2x2_ASAP7_75t_R)
                                         _19434_ (net)
                  6.60    0.04   74.64 ^ _36586_/B (AO21x1_ASAP7_75t_R)
     1    0.76    8.12   10.92   85.56 ^ _36586_/Y (AO21x1_ASAP7_75t_R)
                                         _18827_ (net)
                  8.12    0.04   85.60 ^ _tray_size4_34882/D0 (DFFHQNH2V2Xx1_ASAP7_75t_R)
                                 85.60   data arrival time

                  0.00 1000.00 1000.00   clock clk_uncore (rise edge)
                          0.00 1000.00   clock network delay (ideal)
                        -10.00  990.00   clock uncertainty
                          0.00  990.00   clock reconvergence pessimism
                                990.00 ^ _tray_size4_34882/CLK (DFFHQNH2V2Xx1_ASAP7_75t_R)
                        -16.69  973.31   library setup time
                                973.31   data required time
-----------------------------------------------------------------------------
                                973.31   data required time
                                -85.60   data arrival time
-----------------------------------------------------------------------------
                                887.72   slack (MET)



==========================================================================
global place report_power
--------------------------------------------------------------------------
