
==========================================================================
detailed place report_tns
--------------------------------------------------------------------------
tns max -5122.35

==========================================================================
detailed place report_wns
--------------------------------------------------------------------------
wns max -120.01

==========================================================================
detailed place report_worst_slack
--------------------------------------------------------------------------
worst slack max -120.01

==========================================================================
detailed place report_clock_min_period
--------------------------------------------------------------------------
clk period_min = 0.00 fmax = inf
clk_uncore period_min = 0.00 fmax = inf

==========================================================================
detailed place report_checks -path_delay min
--------------------------------------------------------------------------
No paths found.

==========================================================================
detailed place report_checks -path_delay max
--------------------------------------------------------------------------
Startpoint: rinc (input port)
Endpoint: fifo_out.rptr_empty.rempty$_DFF_PN1_
          (rising edge-triggered flip-flop clocked by clk_uncore)
Path Group: in2reg
Path Type: max

Fanout     Cap    Slew   Delay    Time   Description
-----------------------------------------------------------------------------
                          0.00    0.00 ^ input external delay
     1    1.04    0.00    0.00    0.00 ^ rinc (in)
                                         rinc (net)
                  0.20    0.06    0.06 ^ input64/A (BUFx2_ASAP7_75t_R)
     1    2.52   10.95   12.91   12.98 ^ input64/Y (BUFx2_ASAP7_75t_R)
                                         net63 (net)
                 11.03    0.52   13.49 ^ _19818_/A (AND2x4_ASAP7_75t_R)
     1    1.34    6.29   13.95   27.45 ^ _19818_/Y (AND2x4_ASAP7_75t_R)
                                         _18759_ (net)
                  6.30    0.09   27.54 ^ _39102_/A (HAxp5_ASAP7_75t_R)
     2    1.72   24.80   13.21   40.74 v _39102_/CON (HAxp5_ASAP7_75t_R)
                                         _18760_ (net)
                 24.80    0.07   40.81 v _19790_/A (INVx1_ASAP7_75t_R)
     1    0.98   12.34   10.50   51.31 ^ _19790_/Y (INVx1_ASAP7_75t_R)
                                         _18749_ (net)
                 12.34    0.03   51.34 ^ _39098_/B (HAxp5_ASAP7_75t_R)
     2    1.81   33.84   33.35   84.69 v _39098_/SN (HAxp5_ASAP7_75t_R)
                                         _18751_ (net)
                 33.84    0.11   84.80 v place165/A (BUFx3_ASAP7_75t_R)
     1    1.20    6.42   19.75  104.54 v place165/Y (BUFx3_ASAP7_75t_R)
                                         net164 (net)
                  6.42    0.07  104.62 v _19859_/A (XOR2x2_ASAP7_75t_R)
     2    1.83   10.41   24.58  129.20 ^ _19859_/Y (XOR2x2_ASAP7_75t_R)
                                         fifo_out.rptr_empty.rgraynext[0] (net)
                 10.41    0.07  129.26 ^ _20143_/B (XOR2x2_ASAP7_75t_R)
     1    0.67    6.65   24.10  153.37 ^ _20143_/Y (XOR2x2_ASAP7_75t_R)
                                         _19362_ (net)
                  6.65    0.02  153.39 ^ _20146_/B (AND4x1_ASAP7_75t_R)
     1    0.93   11.50   21.47  174.86 ^ _20146_/Y (AND4x1_ASAP7_75t_R)
                                         fifo_out.rptr_empty.rempty_val (net)
                 11.51    0.07  174.93 ^ fifo_out.rptr_empty.rempty$_DFF_PN1_/D (DFFASRHQNx1_ASAP7_75t_R)
                                174.93   data arrival time

                         80.00   80.00   max_delay
                        -10.00   70.00   clock uncertainty
                          0.00   70.00   clock reconvergence pessimism
                        -15.09   54.91   library setup time
                                 54.91   data required time
-----------------------------------------------------------------------------
                                 54.91   data required time
                               -174.93   data arrival time
-----------------------------------------------------------------------------
                               -120.01   slack (VIOLATED)


Startpoint: fifo_out.rptr_empty.rbin[1]$_DFF_PN0_/QN (internal pin)
Endpoint: rdata[2] (output port)
Path Group: reg2out
Path Type: max

Fanout     Cap    Slew   Delay    Time   Description
-----------------------------------------------------------------------------
    27   30.55  167.39    0.00    0.00 v fifo_out.rptr_empty.rbin[1]$_DFF_PN0_/QN (DFFASRHQNx1_ASAP7_75t_R)
                                         _16519_ (net)
                167.44    1.81    1.81 v place225/A (BUFx3_ASAP7_75t_R)
     5    5.41   16.81   42.29   44.10 v place225/Y (BUFx3_ASAP7_75t_R)
                                         net224 (net)
                 16.82    0.16   44.26 v _19815_/A (INVx3_ASAP7_75t_R)
     4    5.46   15.31   11.52   55.77 ^ _19815_/Y (INVx3_ASAP7_75t_R)
                                         _19086_ (net)
                 15.35    0.45   56.22 ^ place208/A (BUFx6f_ASAP7_75t_R)
     7    9.43   13.70   17.26   73.48 ^ place208/Y (BUFx6f_ASAP7_75t_R)
                                         net207 (net)
                 13.73    0.39   73.87 ^ _20073_/A2 (OAI21x1_ASAP7_75t_R)
     1    0.94   10.23    8.03   81.90 v _20073_/Y (OAI21x1_ASAP7_75t_R)
                                         _19303_ (net)
                 10.23    0.07   81.96 v _20077_/A2 (AO21x1_ASAP7_75t_R)
     1    0.83    8.12   15.26   97.22 v _20077_/Y (AO21x1_ASAP7_75t_R)
                                         _19307_ (net)
                  8.13    0.04   97.27 v _20085_/A2 (OA21x2_ASAP7_75t_R)
     1    2.98   14.42   20.11  117.38 v _20085_/Y (OA21x2_ASAP7_75t_R)
                                         net108 (net)
                 14.59    0.84  118.22 v output109/A (BUFx2_ASAP7_75t_R)
     1    0.44    4.77   14.93  133.15 v output109/Y (BUFx2_ASAP7_75t_R)
                                         rdata[2] (net)
                  4.77    0.02  133.17 v rdata[2] (out)
                                133.17   data arrival time

                         80.00   80.00   max_delay
                          0.00   80.00   output external delay
                                 80.00   data required time
-----------------------------------------------------------------------------
                                 80.00   data required time
                               -133.17   data arrival time
-----------------------------------------------------------------------------
                                -53.17   slack (VIOLATED)



==========================================================================
detailed place report_checks -unconstrained
--------------------------------------------------------------------------
Startpoint: rinc (input port)
Endpoint: fifo_out.rptr_empty.rempty$_DFF_PN1_
          (rising edge-triggered flip-flop clocked by clk_uncore)
Path Group: in2reg
Path Type: max

Fanout     Cap    Slew   Delay    Time   Description
-----------------------------------------------------------------------------
                          0.00    0.00 ^ input external delay
     1    1.04    0.00    0.00    0.00 ^ rinc (in)
                                         rinc (net)
                  0.20    0.06    0.06 ^ input64/A (BUFx2_ASAP7_75t_R)
     1    2.52   10.95   12.91   12.98 ^ input64/Y (BUFx2_ASAP7_75t_R)
                                         net63 (net)
                 11.03    0.52   13.49 ^ _19818_/A (AND2x4_ASAP7_75t_R)
     1    1.34    6.29   13.95   27.45 ^ _19818_/Y (AND2x4_ASAP7_75t_R)
                                         _18759_ (net)
                  6.30    0.09   27.54 ^ _39102_/A (HAxp5_ASAP7_75t_R)
     2    1.72   24.80   13.21   40.74 v _39102_/CON (HAxp5_ASAP7_75t_R)
                                         _18760_ (net)
                 24.80    0.07   40.81 v _19790_/A (INVx1_ASAP7_75t_R)
     1    0.98   12.34   10.50   51.31 ^ _19790_/Y (INVx1_ASAP7_75t_R)
                                         _18749_ (net)
                 12.34    0.03   51.34 ^ _39098_/B (HAxp5_ASAP7_75t_R)
     2    1.81   33.84   33.35   84.69 v _39098_/SN (HAxp5_ASAP7_75t_R)
                                         _18751_ (net)
                 33.84    0.11   84.80 v place165/A (BUFx3_ASAP7_75t_R)
     1    1.20    6.42   19.75  104.54 v place165/Y (BUFx3_ASAP7_75t_R)
                                         net164 (net)
                  6.42    0.07  104.62 v _19859_/A (XOR2x2_ASAP7_75t_R)
     2    1.83   10.41   24.58  129.20 ^ _19859_/Y (XOR2x2_ASAP7_75t_R)
                                         fifo_out.rptr_empty.rgraynext[0] (net)
                 10.41    0.07  129.26 ^ _20143_/B (XOR2x2_ASAP7_75t_R)
     1    0.67    6.65   24.10  153.37 ^ _20143_/Y (XOR2x2_ASAP7_75t_R)
                                         _19362_ (net)
                  6.65    0.02  153.39 ^ _20146_/B (AND4x1_ASAP7_75t_R)
     1    0.93   11.50   21.47  174.86 ^ _20146_/Y (AND4x1_ASAP7_75t_R)
                                         fifo_out.rptr_empty.rempty_val (net)
                 11.51    0.07  174.93 ^ fifo_out.rptr_empty.rempty$_DFF_PN1_/D (DFFASRHQNx1_ASAP7_75t_R)
                                174.93   data arrival time

                         80.00   80.00   max_delay
                        -10.00   70.00   clock uncertainty
                          0.00   70.00   clock reconvergence pessimism
                        -15.09   54.91   library setup time
                                 54.91   data required time
-----------------------------------------------------------------------------
                                 54.91   data required time
                               -174.93   data arrival time
-----------------------------------------------------------------------------
                               -120.01   slack (VIOLATED)


Startpoint: fifo_out.rptr_empty.rbin[1]$_DFF_PN0_/QN (internal pin)
Endpoint: rdata[2] (output port)
Path Group: reg2out
Path Type: max

Fanout     Cap    Slew   Delay    Time   Description
-----------------------------------------------------------------------------
    27   30.55  167.39    0.00    0.00 v fifo_out.rptr_empty.rbin[1]$_DFF_PN0_/QN (DFFASRHQNx1_ASAP7_75t_R)
                                         _16519_ (net)
                167.44    1.81    1.81 v place225/A (BUFx3_ASAP7_75t_R)
     5    5.41   16.81   42.29   44.10 v place225/Y (BUFx3_ASAP7_75t_R)
                                         net224 (net)
                 16.82    0.16   44.26 v _19815_/A (INVx3_ASAP7_75t_R)
     4    5.46   15.31   11.52   55.77 ^ _19815_/Y (INVx3_ASAP7_75t_R)
                                         _19086_ (net)
                 15.35    0.45   56.22 ^ place208/A (BUFx6f_ASAP7_75t_R)
     7    9.43   13.70   17.26   73.48 ^ place208/Y (BUFx6f_ASAP7_75t_R)
                                         net207 (net)
                 13.73    0.39   73.87 ^ _20073_/A2 (OAI21x1_ASAP7_75t_R)
     1    0.94   10.23    8.03   81.90 v _20073_/Y (OAI21x1_ASAP7_75t_R)
                                         _19303_ (net)
                 10.23    0.07   81.96 v _20077_/A2 (AO21x1_ASAP7_75t_R)
     1    0.83    8.12   15.26   97.22 v _20077_/Y (AO21x1_ASAP7_75t_R)
                                         _19307_ (net)
                  8.13    0.04   97.27 v _20085_/A2 (OA21x2_ASAP7_75t_R)
     1    2.98   14.42   20.11  117.38 v _20085_/Y (OA21x2_ASAP7_75t_R)
                                         net108 (net)
                 14.59    0.84  118.22 v output109/A (BUFx2_ASAP7_75t_R)
     1    0.44    4.77   14.93  133.15 v output109/Y (BUFx2_ASAP7_75t_R)
                                         rdata[2] (net)
                  4.77    0.02  133.17 v rdata[2] (out)
                                133.17   data arrival time

                         80.00   80.00   max_delay
                          0.00   80.00   output external delay
                                 80.00   data required time
-----------------------------------------------------------------------------
                                 80.00   data required time
                               -133.17   data arrival time
-----------------------------------------------------------------------------
                                -53.17   slack (VIOLATED)



==========================================================================
detailed place report_check_types -max_slew -max_cap -max_fanout -violators
--------------------------------------------------------------------------

==========================================================================
detailed place max_slew_check_slack
--------------------------------------------------------------------------
124.70073699951172

==========================================================================
detailed place max_slew_check_limit
--------------------------------------------------------------------------
320.0

==========================================================================
detailed place max_slew_check_slack_limit
--------------------------------------------------------------------------
0.3897

==========================================================================
detailed place max_fanout_check_slack
--------------------------------------------------------------------------
1.0000000150474662e+30

==========================================================================
detailed place max_fanout_check_limit
--------------------------------------------------------------------------
1.0000000150474662e+30

==========================================================================
detailed place max_capacitance_check_slack
--------------------------------------------------------------------------
15.529787063598633

==========================================================================
detailed place max_capacitance_check_limit
--------------------------------------------------------------------------
46.08000183105469

==========================================================================
detailed place max_capacitance_check_slack_limit
--------------------------------------------------------------------------
0.3370

==========================================================================
detailed place max_slew_violation_count
--------------------------------------------------------------------------
max slew violation count 0

==========================================================================
detailed place max_fanout_violation_count
--------------------------------------------------------------------------
max fanout violation count 0

==========================================================================
detailed place max_cap_violation_count
--------------------------------------------------------------------------
max cap violation count 0

==========================================================================
detailed place setup_violation_count
--------------------------------------------------------------------------
setup violation count 93

==========================================================================
detailed place hold_violation_count
--------------------------------------------------------------------------
hold violation count 0

==========================================================================
detailed place report_checks -path_delay max reg to reg
--------------------------------------------------------------------------
No paths found.

==========================================================================
detailed place report_checks -path_delay min reg to reg
--------------------------------------------------------------------------
No paths found.

==========================================================================
detailed place critical path target clock latency max path
--------------------------------------------------------------------------
0.0000

==========================================================================
detailed place critical path target clock latency min path
--------------------------------------------------------------------------
0

==========================================================================
detailed place critical path source clock latency min path
--------------------------------------------------------------------------
0

==========================================================================
detailed place critical path delay
--------------------------------------------------------------------------
174.9268

==========================================================================
detailed place critical path slack
--------------------------------------------------------------------------
-120.0133

==========================================================================
detailed place slack div critical path delay
--------------------------------------------------------------------------
-68.607726

==========================================================================
detailed place report_power
--------------------------------------------------------------------------
Group                  Internal  Switching    Leakage      Total
                          Power      Power      Power      Power (Watts)
----------------------------------------------------------------
Sequential             7.74e-02   5.86e-04   2.65e-06   7.80e-02  97.0%
Combinational          1.15e-03   1.24e-03   1.02e-07   2.40e-03   3.0%
Clock                  0.00e+00   0.00e+00   0.00e+00   0.00e+00   0.0%
Macro                  0.00e+00   0.00e+00   0.00e+00   0.00e+00   0.0%
Pad                    0.00e+00   0.00e+00   0.00e+00   0.00e+00   0.0%
----------------------------------------------------------------
Total                  7.86e-02   1.83e-03   2.75e-06   8.04e-02 100.0%
                          97.7%       2.3%       0.0%
