
==========================================================================
cts final report_tns
--------------------------------------------------------------------------
tns max -1367.86

==========================================================================
cts final report_wns
--------------------------------------------------------------------------
wns max -72.85

==========================================================================
cts final report_worst_slack
--------------------------------------------------------------------------
worst slack max -72.85

==========================================================================
cts final report_clock_min_period
--------------------------------------------------------------------------
clk period_min = 0.00 fmax = inf
clk_uncore period_min = 0.00 fmax = inf

==========================================================================
cts final report_clock_skew
--------------------------------------------------------------------------
Clock clk
 225.22 source latency mult_result[266][15]$_DFF_P_/CLK ^
-188.36 target latency mult_result[267][15]$_DFF_P_/CLK ^
  10.00 clock uncertainty
  -2.82 CRPR
--------------
  44.05 setup skew

Clock clk_uncore
  43.87 source latency fifo_out.sync_w2r.rq1_wptr[3]$_DFF_PN0_/CLK ^
 -40.24 target latency fifo_out.sync_w2r.rq2_wptr[3]$_DFF_PN0_/CLK ^
  10.00 clock uncertainty
  -1.08 CRPR
--------------
  12.55 setup skew


==========================================================================
cts final report_checks -path_delay min
--------------------------------------------------------------------------
No paths found.

==========================================================================
cts final report_checks -path_delay max
--------------------------------------------------------------------------
Startpoint: rinc (input port)
Endpoint: fifo_out.rptr_empty.rempty$_DFF_PN1_
          (rising edge-triggered flip-flop clocked by clk_uncore)
Path Group: in2reg
Path Type: max

Fanout     Cap    Slew   Delay    Time   Description
-----------------------------------------------------------------------------
                          0.00    0.00 ^ input external delay
     1    3.10    0.00    0.00    0.00 ^ rinc (in)
                                         rinc (net)
                  0.74    0.23    0.23 ^ input64/A (BUFx12f_ASAP7_75t_R)
     1    2.58    5.06    9.38    9.62 ^ input64/Y (BUFx12f_ASAP7_75t_R)
                                         net63 (net)
                  5.29    0.55   10.17 ^ _19818_/A (AND2x4_ASAP7_75t_R)
     1    1.39    6.41   12.90   23.07 ^ _19818_/Y (AND2x4_ASAP7_75t_R)
                                         _18759_ (net)
                  6.41    0.10   23.17 ^ _39102_/A (HAxp5_ASAP7_75t_R)
     2    1.59   23.75   12.73   35.89 v _39102_/CON (HAxp5_ASAP7_75t_R)
                                         _18760_ (net)
                 23.75    0.07   35.96 v _19790_/A (INVx1_ASAP7_75t_R)
     1    1.15   13.07   11.01   46.97 ^ _19790_/Y (INVx1_ASAP7_75t_R)
                                         _18749_ (net)
                 13.07    0.04   47.02 ^ _39098_/A (HAxp5_ASAP7_75t_R)
     2    1.81   33.72   33.59   80.61 v _39098_/SN (HAxp5_ASAP7_75t_R)
                                         _18751_ (net)
                 33.72    0.09   80.69 v _19733_/A (INVx1_ASAP7_75t_R)
     2    1.86   19.65   15.79   96.48 ^ _19733_/Y (INVx1_ASAP7_75t_R)
                                         fifo_out.rptr_empty.rbinnext[1] (net)
                 19.65    0.05   96.53 ^ _19858_/A (XNOR2x2_ASAP7_75t_R)
     2    1.90    9.83   28.94  125.47 v _19858_/Y (XNOR2x2_ASAP7_75t_R)
                                         fifo_out.rptr_empty.rgraynext[1] (net)
                  9.84    0.08  125.55 v _20144_/B (XOR2x2_ASAP7_75t_R)
     1    0.70    6.80   23.98  149.53 ^ _20144_/Y (XOR2x2_ASAP7_75t_R)
                                         _19363_ (net)
                  6.80    0.03  149.56 ^ _20146_/B (AND4x1_ASAP7_75t_R)
     1    0.94   11.54   21.52  171.08 ^ _20146_/Y (AND4x1_ASAP7_75t_R)
                                         fifo_out.rptr_empty.rempty_val (net)
                 11.54    0.07  171.14 ^ fifo_out.rptr_empty.rempty$_DFF_PN1_/D (DFFASRHQNx1_ASAP7_75t_R)
                                171.14   data arrival time

                         80.00   80.00   max_delay
                          0.00   80.00   clock clk_uncore (rise edge)
                          0.00   80.00   clock source latency
     1    3.23    0.00    0.00   80.00 ^ clk_uncore (in)
                                         clk_uncore (net)
                  2.65    0.83   80.83 ^ clkbuf_0_clk_uncore/A (BUFx24_ASAP7_75t_R)
     8   18.52   13.79   17.77   98.61 ^ clkbuf_0_clk_uncore/Y (BUFx24_ASAP7_75t_R)
                                         clknet_0_clk_uncore (net)
                 14.66    1.78  100.39 ^ clkbuf_3_5__f_clk_uncore/A (BUFx24_ASAP7_75t_R)
    10    8.81    9.44   20.00  120.38 ^ clkbuf_3_5__f_clk_uncore/Y (BUFx24_ASAP7_75t_R)
                                         clknet_3_5__leaf_clk_uncore (net)
                  9.57    0.52  120.90 ^ fifo_out.rptr_empty.rempty$_DFF_PN1_/CLK (DFFASRHQNx1_ASAP7_75t_R)
                        -10.00  110.90   clock uncertainty
                          0.00  110.90   clock reconvergence pessimism
                        -12.61   98.29   library setup time
                                 98.29   data required time
-----------------------------------------------------------------------------
                                 98.29   data required time
                               -171.14   data arrival time
-----------------------------------------------------------------------------
                                -72.85   slack (VIOLATED)


Startpoint: fifo_out.rptr_empty.rbin[1]$_DFF_PN0_/QN (internal pin)
Endpoint: rdata[9] (output port)
Path Group: reg2out
Path Type: max

Fanout     Cap    Slew   Delay    Time   Description
-----------------------------------------------------------------------------
    29   33.08  182.61    0.00    0.00 v fifo_out.rptr_empty.rbin[1]$_DFF_PN0_/QN (DFFASRHQNx1_ASAP7_75t_R)
                                         _16519_ (net)
                182.87    4.09    4.09 v place225/A (BUFx3_ASAP7_75t_R)
     2    4.09   15.17   42.08   46.17 v place225/Y (BUFx3_ASAP7_75t_R)
                                         net224 (net)
                 15.17    0.16   46.33 v _19815_/A (INVx4_ASAP7_75t_R)
     4    6.93   14.74   10.60   56.93 ^ _19815_/Y (INVx4_ASAP7_75t_R)
                                         _19086_ (net)
                 14.83    0.63   57.57 ^ place206/A (BUFx6f_ASAP7_75t_R)
     7   10.31   14.73   17.50   75.07 ^ place206/Y (BUFx6f_ASAP7_75t_R)
                                         net205 (net)
                 14.80    0.62   75.69 ^ _19974_/A1 (OAI21x1_ASAP7_75t_R)
     1    0.90   10.94    7.45   83.14 v _19974_/Y (OAI21x1_ASAP7_75t_R)
                                         _19211_ (net)
                 10.95    0.06   83.19 v _19978_/A2 (AO21x1_ASAP7_75t_R)
     1    1.57   11.78   17.56  100.76 v _19978_/Y (AO21x1_ASAP7_75t_R)
                                         _19215_ (net)
                 11.79    0.22  100.97 v _19987_/A2 (OA21x2_ASAP7_75t_R)
     1    1.29    9.88   18.54  119.51 v _19987_/Y (OA21x2_ASAP7_75t_R)
                                         net115 (net)
                  9.89    0.14  119.65 v output116/A (BUFx3_ASAP7_75t_R)
     1    0.55    4.42   12.76  132.41 v output116/Y (BUFx3_ASAP7_75t_R)
                                         rdata[9] (net)
                  4.42    0.04  132.44 v rdata[9] (out)
                                132.44   data arrival time

                         80.00   80.00   max_delay
                          0.00   80.00   output external delay
                                 80.00   data required time
-----------------------------------------------------------------------------
                                 80.00   data required time
                               -132.44   data arrival time
-----------------------------------------------------------------------------
                                -52.44   slack (VIOLATED)



==========================================================================
cts final report_checks -unconstrained
--------------------------------------------------------------------------
Startpoint: rinc (input port)
Endpoint: fifo_out.rptr_empty.rempty$_DFF_PN1_
          (rising edge-triggered flip-flop clocked by clk_uncore)
Path Group: in2reg
Path Type: max

Fanout     Cap    Slew   Delay    Time   Description
-----------------------------------------------------------------------------
                          0.00    0.00 ^ input external delay
     1    3.10    0.00    0.00    0.00 ^ rinc (in)
                                         rinc (net)
                  0.74    0.23    0.23 ^ input64/A (BUFx12f_ASAP7_75t_R)
     1    2.58    5.06    9.38    9.62 ^ input64/Y (BUFx12f_ASAP7_75t_R)
                                         net63 (net)
                  5.29    0.55   10.17 ^ _19818_/A (AND2x4_ASAP7_75t_R)
     1    1.39    6.41   12.90   23.07 ^ _19818_/Y (AND2x4_ASAP7_75t_R)
                                         _18759_ (net)
                  6.41    0.10   23.17 ^ _39102_/A (HAxp5_ASAP7_75t_R)
     2    1.59   23.75   12.73   35.89 v _39102_/CON (HAxp5_ASAP7_75t_R)
                                         _18760_ (net)
                 23.75    0.07   35.96 v _19790_/A (INVx1_ASAP7_75t_R)
     1    1.15   13.07   11.01   46.97 ^ _19790_/Y (INVx1_ASAP7_75t_R)
                                         _18749_ (net)
                 13.07    0.04   47.02 ^ _39098_/A (HAxp5_ASAP7_75t_R)
     2    1.81   33.72   33.59   80.61 v _39098_/SN (HAxp5_ASAP7_75t_R)
                                         _18751_ (net)
                 33.72    0.09   80.69 v _19733_/A (INVx1_ASAP7_75t_R)
     2    1.86   19.65   15.79   96.48 ^ _19733_/Y (INVx1_ASAP7_75t_R)
                                         fifo_out.rptr_empty.rbinnext[1] (net)
                 19.65    0.05   96.53 ^ _19858_/A (XNOR2x2_ASAP7_75t_R)
     2    1.90    9.83   28.94  125.47 v _19858_/Y (XNOR2x2_ASAP7_75t_R)
                                         fifo_out.rptr_empty.rgraynext[1] (net)
                  9.84    0.08  125.55 v _20144_/B (XOR2x2_ASAP7_75t_R)
     1    0.70    6.80   23.98  149.53 ^ _20144_/Y (XOR2x2_ASAP7_75t_R)
                                         _19363_ (net)
                  6.80    0.03  149.56 ^ _20146_/B (AND4x1_ASAP7_75t_R)
     1    0.94   11.54   21.52  171.08 ^ _20146_/Y (AND4x1_ASAP7_75t_R)
                                         fifo_out.rptr_empty.rempty_val (net)
                 11.54    0.07  171.14 ^ fifo_out.rptr_empty.rempty$_DFF_PN1_/D (DFFASRHQNx1_ASAP7_75t_R)
                                171.14   data arrival time

                         80.00   80.00   max_delay
                          0.00   80.00   clock clk_uncore (rise edge)
                          0.00   80.00   clock source latency
     1    3.23    0.00    0.00   80.00 ^ clk_uncore (in)
                                         clk_uncore (net)
                  2.65    0.83   80.83 ^ clkbuf_0_clk_uncore/A (BUFx24_ASAP7_75t_R)
     8   18.52   13.79   17.77   98.61 ^ clkbuf_0_clk_uncore/Y (BUFx24_ASAP7_75t_R)
                                         clknet_0_clk_uncore (net)
                 14.66    1.78  100.39 ^ clkbuf_3_5__f_clk_uncore/A (BUFx24_ASAP7_75t_R)
    10    8.81    9.44   20.00  120.38 ^ clkbuf_3_5__f_clk_uncore/Y (BUFx24_ASAP7_75t_R)
                                         clknet_3_5__leaf_clk_uncore (net)
                  9.57    0.52  120.90 ^ fifo_out.rptr_empty.rempty$_DFF_PN1_/CLK (DFFASRHQNx1_ASAP7_75t_R)
                        -10.00  110.90   clock uncertainty
                          0.00  110.90   clock reconvergence pessimism
                        -12.61   98.29   library setup time
                                 98.29   data required time
-----------------------------------------------------------------------------
                                 98.29   data required time
                               -171.14   data arrival time
-----------------------------------------------------------------------------
                                -72.85   slack (VIOLATED)


Startpoint: fifo_out.rptr_empty.rbin[1]$_DFF_PN0_/QN (internal pin)
Endpoint: rdata[9] (output port)
Path Group: reg2out
Path Type: max

Fanout     Cap    Slew   Delay    Time   Description
-----------------------------------------------------------------------------
    29   33.08  182.61    0.00    0.00 v fifo_out.rptr_empty.rbin[1]$_DFF_PN0_/QN (DFFASRHQNx1_ASAP7_75t_R)
                                         _16519_ (net)
                182.87    4.09    4.09 v place225/A (BUFx3_ASAP7_75t_R)
     2    4.09   15.17   42.08   46.17 v place225/Y (BUFx3_ASAP7_75t_R)
                                         net224 (net)
                 15.17    0.16   46.33 v _19815_/A (INVx4_ASAP7_75t_R)
     4    6.93   14.74   10.60   56.93 ^ _19815_/Y (INVx4_ASAP7_75t_R)
                                         _19086_ (net)
                 14.83    0.63   57.57 ^ place206/A (BUFx6f_ASAP7_75t_R)
     7   10.31   14.73   17.50   75.07 ^ place206/Y (BUFx6f_ASAP7_75t_R)
                                         net205 (net)
                 14.80    0.62   75.69 ^ _19974_/A1 (OAI21x1_ASAP7_75t_R)
     1    0.90   10.94    7.45   83.14 v _19974_/Y (OAI21x1_ASAP7_75t_R)
                                         _19211_ (net)
                 10.95    0.06   83.19 v _19978_/A2 (AO21x1_ASAP7_75t_R)
     1    1.57   11.78   17.56  100.76 v _19978_/Y (AO21x1_ASAP7_75t_R)
                                         _19215_ (net)
                 11.79    0.22  100.97 v _19987_/A2 (OA21x2_ASAP7_75t_R)
     1    1.29    9.88   18.54  119.51 v _19987_/Y (OA21x2_ASAP7_75t_R)
                                         net115 (net)
                  9.89    0.14  119.65 v output116/A (BUFx3_ASAP7_75t_R)
     1    0.55    4.42   12.76  132.41 v output116/Y (BUFx3_ASAP7_75t_R)
                                         rdata[9] (net)
                  4.42    0.04  132.44 v rdata[9] (out)
                                132.44   data arrival time

                         80.00   80.00   max_delay
                          0.00   80.00   output external delay
                                 80.00   data required time
-----------------------------------------------------------------------------
                                 80.00   data required time
                               -132.44   data arrival time
-----------------------------------------------------------------------------
                                -52.44   slack (VIOLATED)



==========================================================================
cts final report_check_types -max_slew -max_cap -max_fanout -violators
--------------------------------------------------------------------------

==========================================================================
cts final max_slew_check_slack
--------------------------------------------------------------------------
104.91143035888672

==========================================================================
cts final max_slew_check_limit
--------------------------------------------------------------------------
320.0

==========================================================================
cts final max_slew_check_slack_limit
--------------------------------------------------------------------------
0.3278

==========================================================================
cts final max_fanout_check_slack
--------------------------------------------------------------------------
1.0000000150474662e+30

==========================================================================
cts final max_fanout_check_limit
--------------------------------------------------------------------------
1.0000000150474662e+30

==========================================================================
cts final max_capacitance_check_slack
--------------------------------------------------------------------------
12.989660263061523

==========================================================================
cts final max_capacitance_check_limit
--------------------------------------------------------------------------
46.08000183105469

==========================================================================
cts final max_capacitance_check_slack_limit
--------------------------------------------------------------------------
0.2819

==========================================================================
cts final max_slew_violation_count
--------------------------------------------------------------------------
max slew violation count 0

==========================================================================
cts final max_fanout_violation_count
--------------------------------------------------------------------------
max fanout violation count 0

==========================================================================
cts final max_cap_violation_count
--------------------------------------------------------------------------
max cap violation count 0

==========================================================================
cts final setup_violation_count
--------------------------------------------------------------------------
setup violation count 88

==========================================================================
cts final hold_violation_count
--------------------------------------------------------------------------
hold violation count 0

==========================================================================
cts final report_checks -path_delay max reg to reg
--------------------------------------------------------------------------
No paths found.

==========================================================================
cts final report_checks -path_delay min reg to reg
--------------------------------------------------------------------------
No paths found.

==========================================================================
cts final critical path target clock latency max path
--------------------------------------------------------------------------
40.8996

==========================================================================
cts final critical path target clock latency min path
--------------------------------------------------------------------------
0

==========================================================================
cts final critical path source clock latency min path
--------------------------------------------------------------------------
0

==========================================================================
cts final critical path delay
--------------------------------------------------------------------------
171.1449

==========================================================================
cts final critical path slack
--------------------------------------------------------------------------
-72.8536

==========================================================================
cts final slack div critical path delay
--------------------------------------------------------------------------
-42.568373

==========================================================================
cts final report_power
--------------------------------------------------------------------------
Group                  Internal  Switching    Leakage      Total
                          Power      Power      Power      Power (Watts)
----------------------------------------------------------------
Sequential             7.59e-02   6.05e-04   2.65e-06   7.65e-02  51.4%
Combinational          1.22e-03   1.28e-03   1.09e-07   2.51e-03   1.7%
Clock                  4.07e-02   2.90e-02   4.82e-07   6.97e-02  46.9%
Macro                  0.00e+00   0.00e+00   0.00e+00   0.00e+00   0.0%
Pad                    0.00e+00   0.00e+00   0.00e+00   0.00e+00   0.0%
----------------------------------------------------------------
Total                  1.18e-01   3.09e-02   3.24e-06   1.49e-01 100.0%
                          79.2%      20.8%       0.0%
