OpenROAD fe1aa0f9d0254fac87b82c886c04ee1544e46885 
Features included (+) or not (-): +GPU +GUI +Python
This program is licensed under the BSD-3 license. See the LICENSE file for details.
Components of this program may be licensed under more restrictive licenses which must be honored.
[INFO ORD-0030] Using 32 thread(s).
source /home/lucast/workspace/OR-flow-TCC/flow/platforms/asap7/liberty_suppressions.tcl
read_liberty /home/lucast/workspace/OR-flow-TCC/flow/platforms/asap7/lib/NLDM/asap7sc7p5t_AO_RVT_FF_nldm_211120.lib.gz
read_liberty /home/lucast/workspace/OR-flow-TCC/flow/platforms/asap7/lib/NLDM/asap7sc7p5t_INVBUF_RVT_FF_nldm_220122.lib.gz
read_liberty /home/lucast/workspace/OR-flow-TCC/flow/platforms/asap7/lib/NLDM/asap7sc7p5t_OA_RVT_FF_nldm_211120.lib.gz
read_liberty /home/lucast/workspace/OR-flow-TCC/flow/platforms/asap7/lib/NLDM/asap7sc7p5t_SIMPLE_RVT_FF_nldm_211120.lib.gz
read_liberty /home/lucast/workspace/OR-flow-TCC/flow/platforms/asap7/lib/NLDM/asap7sc7p5t_SEQ_RVT_FF_nldm_220123.lib
read_liberty /home/lucast/workspace/OR-flow-TCC/flow/platforms/asap7/lib/NLDM/asap7sc7p5t_DFFHQNH2V2X_RVT_TT_nldm_FAKE.lib
read_liberty /home/lucast/workspace/OR-flow-TCC/flow/platforms/asap7/lib/NLDM/asap7sc7p5t_DFFHQNV2X_RVT_TT_nldm_FAKE.lib
read_db ./results/asap7/aes/baseline_alpha_193-beta_0.1/3_place.odb
source /home/lucast/workspace/OR-flow-TCC/flow/platforms/asap7/setRC.tcl
clock_tree_synthesis -sink_clustering_enable -repair_clock_nets
[INFO CTS-0050] Root buffer is BUFx16f_ASAP7_75t_R.
[INFO CTS-0051] Sink buffer is BUFx24_ASAP7_75t_R.
[INFO CTS-0052] The following clock buffers will be used for CTS:
                    BUFx16f_ASAP7_75t_R
                    BUFx24_ASAP7_75t_R
[INFO CTS-0049] Characterization buffer is BUFx24_ASAP7_75t_R.
[INFO CTS-0007] Net "clk" found for clock "clk".
[INFO CTS-0010]  Clock net "clk" has 149 sinks.
[INFO CTS-0008] TritonCTS found 1 clock nets.
[INFO CTS-0097] Characterization used 2 buffer(s) types.
[INFO CTS-0201] 0 blockages from hard placement blockages and placed macros will be used.
[INFO CTS-0027] Generating H-Tree topology for net clk.
[INFO CTS-0028]  Total number of sinks: 149.
[INFO CTS-0090]  Sinks will be clustered based on buffer max cap.
[INFO CTS-0030]  Number of static layers: 0.
[INFO CTS-0020]  Wire segment unit: 1350  dbu (1 um).
[INFO CTS-0023]  Original sink region: [(3234, 2430), (50284, 49409)].
[INFO CTS-0024]  Normalized sink region: [(2.39556, 1.8), (37.2474, 36.5993)].
[INFO CTS-0025]     Width:  34.8519.
[INFO CTS-0026]     Height: 34.7993.
 Level 1
    Direction: Horizontal
    Sinks per sub-region: 75
    Sub-region size: 17.4259 X 34.7993
[INFO CTS-0034]     Segment length (rounded): 8.
 Level 2
    Direction: Vertical
    Sinks per sub-region: 38
    Sub-region size: 17.4259 X 17.3996
[INFO CTS-0034]     Segment length (rounded): 8.
 Level 3
    Direction: Horizontal
    Sinks per sub-region: 19
    Sub-region size: 8.7130 X 17.3996
[INFO CTS-0034]     Segment length (rounded): 4.
 Level 4
    Direction: Vertical
    Sinks per sub-region: 10
    Sub-region size: 8.7130 X 8.6998
[INFO CTS-0034]     Segment length (rounded): 4.
[INFO CTS-0032]  Stop criterion found. Max number of sinks is 15.
[INFO CTS-0035]  Number of sinks covered: 149.
[INFO CTS-0018]     Created 17 clock buffers.
[INFO CTS-0012]     Minimum number of buffers in the clock path: 2.
[INFO CTS-0013]     Maximum number of buffers in the clock path: 2.
[INFO CTS-0015]     Created 17 clock nets.
[INFO CTS-0016]     Fanout distribution for the current clock = 6:1, 7:4, 8:2, 9:1, 10:4, 12:2, 13:2..
[INFO CTS-0017]     Max level of the clock tree: 4.
[INFO CTS-0098] Clock net "clk"
[INFO CTS-0099]  Sinks 163
[INFO CTS-0100]  Leaf buffers 0
[INFO CTS-0101]  Average sink wire length 61.88 um
[INFO CTS-0102]  Path depth 2 - 2
[INFO CTS-0207]  Dummy loads inserted 14
estimate_parasitics -placement
[INFO DPL-0005] Max displacement: +/- 500 sites horizontally, +/- 100 rows vertically.
Movements Summary
---------------------------------------
Total cells:                   15825
Diamond Move Success:          15825 (100.00%)
Diamond Move Failure:              0
Rip-up and replace Success:        0 (  0.00% of diamond failures)
Rip-up and replace Failure:        0
Total Placement Failures:          0
---------------------------------------
Placement Analysis
---------------------------------
total displacement        152.4 u
average displacement        0.0 u
max displacement            1.4 u
original HPWL           47121.7 u
legalized HPWL          48053.9 u
delta HPWL                    2 %

estimate_parasitics -placement
repair_timing -setup_margin 0 -hold_margin 0 -repair_tns 100 -verbose
[INFO RSZ-0100] Repair move sequence: UnbufferMove SizeUpMove SwapPinsMove BufferMove CloneMove SplitLoadMove 
[INFO RSZ-0094] Found 159 endpoints with setup violations.
[INFO RSZ-0099] Repairing 159 out of 159 (100.00%) violating endpoints...
   Iter   | Removed | Resized | Inserted | Cloned |  Pin  |   Area   |    WNS   |   TNS      |  Viol  | Worst
          | Buffers |  Gates  | Buffers  |  Gates | Swaps |          |          |            | Endpts | Endpt
--------------------------------------------------------------------------------------------------------------
        0 |       0 |       0 |        0 |      0 |     0 |    +0.0% |  -83.967 |    -6412.0 |    159 | _tray_size4_1051/D1
       10 |       0 |       6 |        1 |      0 |     2 |    +0.0% |  -64.114 |    -5665.3 |    159 | _tray_size4_1050/D1
       20 |       0 |      11 |        8 |      0 |     3 |    +0.1% |  -60.277 |    -5256.1 |    159 | _tray_size4_1118/D0
       30 |       0 |      18 |       12 |      0 |     4 |    +0.1% |  -56.670 |    -5023.1 |    159 | _tray_size4_1046/D2
       40 |       0 |      21 |       18 |      0 |     6 |    +0.1% |  -54.522 |    -4984.4 |    159 | _tray_size4_1074/D3
       50 |       0 |      24 |       23 |      0 |     9 |    +0.2% |  -53.564 |    -4886.9 |    159 | _tray_size4_1120/D0
       60 |       0 |      27 |       30 |      0 |    11 |    +0.2% |  -51.749 |    -4838.7 |    159 | _tray_size4_1051/D0
       70 |       0 |      30 |       34 |      0 |    15 |    +0.2% |  -49.861 |    -4822.1 |    159 | _tray_size4_1074/D3
       80 |       0 |      33 |       34 |      0 |    22 |    +0.2% |  -51.635 |    -4824.3 |    159 | _tray_size4_1073/D1
       81 |       0 |      33 |       34 |      0 |    16 |    +0.2% |  -48.602 |    -4816.2 |    159 | _tray_size4_1051/D0
       90 |       0 |      35 |       38 |      0 |    18 |    +0.3% |  -48.633 |    -4806.2 |    159 | _tray_size4_1051/D0
       94 |       0 |      34 |       38 |      0 |    17 |    +0.3% |  -48.601 |    -4808.2 |    159 | _tray_size4_1051/D0
      100 |       0 |      35 |       40 |      0 |    19 |    +0.3% |  -50.167 |    -4808.5 |    159 | _tray_size4_1051/D0
      101 |       0 |      34 |       39 |      0 |    17 |    +0.3% |  -48.601 |    -4806.1 |    159 | _tray_size4_1051/D0
      110 |       0 |      40 |       39 |      0 |    19 |    +0.3% |  -49.167 |    -4786.3 |    159 | _tray_size4_1122/D0
      120 |       0 |      44 |       46 |      0 |    22 |    +0.3% |  -49.167 |    -4783.2 |    159 | _tray_size4_1122/D0
      130 |       0 |      47 |       49 |      1 |    25 |    +0.4% |  -49.600 |    -4747.8 |    159 | _tray_size4_1122/D0
      134 |       0 |      36 |       39 |      0 |    17 |    +0.3% |  -48.601 |    -4778.0 |    159 | _tray_size4_1051/D0
      136 |       0 |      36 |       39 |      0 |    17 |    +0.3% |  -48.601 |    -4778.0 |    159 | _tray_size4_1051/D0
      137 |       0 |      36 |       39 |      0 |    17 |    +0.3% |  -48.601 |    -4778.0 |    159 | _tray_size4_1051/D0
      140 |       0 |      36 |       39 |      0 |    19 |    +0.3% |  -48.599 |    -4776.7 |    159 | _tray_size4_1051/D0
      150 |       0 |      40 |       41 |      0 |    23 |    +0.3% |  -48.386 |    -4771.6 |    159 | _tray_size4_1073/D1
      152 |       0 |      40 |       41 |      0 |    22 |    +0.3% |  -48.386 |    -4771.4 |    159 | _tray_size4_1073/D1
      160 |       0 |      42 |       45 |      0 |    24 |    +0.3% |  -48.386 |    -4601.3 |    159 | _tray_size4_1073/D1
      170 |       0 |      45 |       51 |      0 |    27 |    +0.4% |  -48.386 |    -4554.9 |    159 | _tray_size4_1073/D1
      179 |       0 |      46 |       51 |      0 |    32 |    +0.4% |  -48.386 |    -4554.3 |    159 | _tray_size4_1073/D1
      180 |       0 |      46 |       51 |      0 |    32 |    +0.4% |  -48.386 |    -4554.3 |    159 | _tray_size4_1073/D1
      190 |       0 |      48 |       52 |      0 |    39 |    +0.4% |  -48.822 |    -4551.5 |    159 | _tray_size4_1073/D1
      200 |       0 |      52 |       53 |      0 |    44 |    +0.4% |  -48.882 |    -4551.0 |    159 | _tray_size4_1073/D1
      200 |       0 |      46 |       51 |      0 |    32 |    +0.4% |  -48.386 |    -4554.3 |    159 | _tray_size4_1073/D1
      210 |       0 |      48 |       53 |      0 |    37 |    +0.4% |  -48.327 |    -4555.6 |    159 | _tray_size4_1083/D2
      210 |       0 |      48 |       53 |      0 |    35 |    +0.4% |  -48.046 |    -4554.8 |    159 | _tray_size4_1122/D0
      220 |       0 |      54 |       56 |      0 |    36 |    +0.4% |  -48.937 |    -4431.5 |    159 | _tray_size4_1118/D0
      230 |       0 |      59 |       59 |      0 |    38 |    +0.4% |  -48.995 |    -4442.6 |    159 | _tray_size4_1122/D0
      236 |       0 |      51 |       53 |      0 |    35 |    +0.4% |  -48.046 |    -4522.4 |    159 | _tray_size4_1122/D0
      240 |       0 |      53 |       55 |      0 |    35 |    +0.4% |  -47.926 |    -4510.3 |    159 | _tray_size4_1073/D1
      250 |       0 |      56 |       68 |      0 |    39 |    +0.5% |  -47.926 |    -4444.2 |    159 | _tray_size4_1073/D1
      260 |       0 |      58 |       73 |      0 |    42 |    +0.5% |  -47.926 |    -4424.0 |    159 | _tray_size4_1073/D1
      270 |       0 |      61 |       75 |      1 |    47 |    +0.5% |  -47.926 |    -4365.9 |    159 | _tray_size4_1073/D1
      280 |       0 |      67 |       76 |      1 |    50 |    +0.6% |  -47.926 |    -4342.1 |    159 | _tray_size4_1073/D1
      290 |       0 |      73 |       79 |      1 |    52 |    +0.6% |  -47.926 |    -4322.7 |    159 | _tray_size4_1073/D1
      300 |       0 |      75 |       80 |      1 |    59 |    +0.6% |  -47.926 |    -4308.7 |    159 | _tray_size4_1073/D1
      308 |       0 |      76 |       80 |      1 |    60 |    +0.6% |  -47.926 |    -4306.1 |    159 | _tray_size4_1073/D1
      310 |       0 |      77 |       80 |      1 |    60 |    +0.6% |  -47.926 |    -4285.4 |    159 | _tray_size4_1073/D1
      320 |       0 |      81 |       84 |      2 |    62 |    +0.6% |  -47.926 |    -4216.4 |    159 | _tray_size4_1073/D1
      330 |       0 |      85 |       85 |      2 |    67 |    +0.7% |  -47.926 |    -4211.9 |    159 | _tray_size4_1073/D1
      337 |       0 |      82 |       84 |      2 |    63 |    +0.6% |  -47.926 |    -4215.1 |    159 | _tray_size4_1073/D1
      340 |       0 |      84 |       84 |      2 |    63 |    +0.6% |  -47.926 |    -4206.2 |    159 | _tray_size4_1073/D1
      346 |       0 |      85 |       85 |      2 |    63 |    +0.7% |  -47.926 |    -4212.1 |    159 | _tray_size4_1073/D1
      350 |       0 |      85 |       88 |      2 |    64 |    +0.7% |  -47.926 |    -4208.5 |    159 | _tray_size4_1073/D1
      355 |       0 |      85 |       88 |      2 |    64 |    +0.7% |  -47.926 |    -4208.5 |    159 | _tray_size4_1073/D1
      360 |       0 |      86 |       89 |      2 |    66 |    +0.7% |  -47.926 |    -4210.3 |    159 | _tray_size4_1073/D1
      370 |       0 |      92 |       91 |      2 |    68 |    +0.7% |  -47.926 |    -4186.6 |    159 | _tray_size4_1073/D1
      374 |       0 |      92 |       93 |      2 |    69 |    +0.7% |  -47.926 |    -4238.3 |    159 | _tray_size4_1073/D1
      380 |       0 |      93 |       95 |      2 |    72 |    +0.7% |  -47.926 |    -4226.5 |    159 | _tray_size4_1073/D1
      390 |       1 |      95 |      100 |      2 |    76 |    +0.7% |  -47.926 |    -4168.6 |    159 | _tray_size4_1073/D1
      400 |       1 |      99 |      101 |      2 |    81 |    +0.8% |  -47.926 |    -4143.4 |    159 | _tray_size4_1073/D1
      405 |       1 |     101 |      101 |      2 |    81 |    +0.8% |  -47.926 |    -4145.4 |    159 | _tray_size4_1073/D1
      410 |       1 |     101 |      102 |      2 |    84 |    +0.8% |  -47.926 |    -4140.6 |    159 | _tray_size4_1073/D1
      412 |       1 |     101 |      102 |      2 |    84 |    +0.8% |  -47.926 |    -4140.6 |    159 | _tray_size4_1073/D1
      420 |       1 |     102 |      108 |      2 |    86 |    +0.8% |  -47.926 |    -4133.8 |    159 | _tray_size4_1073/D1
      422 |       1 |     102 |      108 |      2 |    84 |    +0.8% |  -47.926 |    -4131.3 |    159 | _tray_size4_1073/D1
      430 |       1 |     105 |      109 |      2 |    87 |    +0.8% |  -48.430 |    -4084.7 |    159 | _tray_size4_1118/D0
      440 |       1 |     108 |      113 |      2 |    91 |    +0.9% |  -48.965 |    -4111.2 |    159 | _tray_size4_1118/D0
      445 |       1 |     104 |      109 |      2 |    86 |    +0.8% |  -47.926 |    -4075.2 |    159 | _tray_size4_1073/D1
      450 |       1 |     105 |      111 |      2 |    88 |    +0.8% |  -47.926 |    -4058.4 |    159 | _tray_size4_1073/D1
      459 |       1 |     106 |      111 |      2 |    89 |    +0.8% |  -47.926 |    -4056.7 |    159 | _tray_size4_1073/D1
      460 |       1 |     106 |      111 |      2 |    89 |    +0.8% |  -47.926 |    -4056.7 |    159 | _tray_size4_1073/D1
      470 |       1 |     111 |      112 |      2 |    93 |    +0.9% |  -47.926 |    -4051.1 |    159 | _tray_size4_1073/D1
      470 |       1 |     108 |      111 |      2 |    89 |    +0.9% |  -47.926 |    -4048.3 |    159 | _tray_size4_1073/D1
      480 |       1 |     111 |      112 |      2 |    94 |    +0.9% |  -47.926 |    -4050.1 |    159 | _tray_size4_1073/D1
      482 |       1 |     113 |      112 |      2 |    94 |    +0.9% |  -47.926 |    -4049.3 |    159 | _tray_size4_1073/D1
      490 |       1 |     117 |      113 |      2 |    96 |    +0.9% |  -47.926 |    -4076.6 |    159 | _tray_size4_1073/D1
      500 |       1 |     120 |      116 |      2 |   100 |    +0.9% |  -47.926 |    -4058.9 |    159 | _tray_size4_1073/D1
      507 |       1 |     116 |      113 |      2 |    96 |    +0.9% |  -47.926 |    -4063.6 |    159 | _tray_size4_1073/D1
      510 |       1 |     117 |      114 |      2 |    96 |    +0.9% |  -47.926 |    -4060.4 |    159 | _tray_size4_1073/D1
      520 |       1 |     120 |      120 |      2 |   100 |    +0.9% |  -47.926 |    -4095.0 |    159 | _tray_size4_1073/D1
      522 |       1 |     120 |      120 |      2 |    97 |    +0.9% |  -47.926 |    -4092.5 |    159 | _tray_size4_1073/D1
      530 |       1 |     124 |      122 |      2 |    98 |    +1.0% |  -47.926 |    -4078.3 |    159 | _tray_size4_1073/D1
      540 |       1 |     126 |      124 |      2 |   105 |    +1.0% |  -47.926 |    -4066.0 |    159 | _tray_size4_1073/D1
      541 |       1 |     126 |      124 |      2 |   105 |    +1.0% |  -47.926 |    -4066.0 |    159 | _tray_size4_1073/D1
      546 |       1 |     126 |      124 |      2 |   105 |    +1.0% |  -47.926 |    -4066.0 |    159 | _tray_size4_1073/D1
      550 |       1 |     127 |      125 |      2 |   106 |    +1.0% |  -47.926 |    -4063.3 |    159 | _tray_size4_1073/D1
      560 |       1 |     131 |      129 |      3 |   108 |    +1.0% |  -47.926 |    -4001.9 |    159 | _tray_size4_1073/D1
      570 |       1 |     137 |      132 |      3 |   110 |    +1.1% |  -47.926 |    -4004.6 |    159 | _tray_size4_1073/D1
      571 |       1 |     127 |      125 |      2 |   105 |    +1.0% |  -47.926 |    -4062.9 |    159 | _tray_size4_1073/D1
      580 |       1 |     128 |      125 |      2 |   112 |    +1.0% |  -47.926 |    -4067.0 |    159 | _tray_size4_1073/D1
      586 |       1 |     129 |      127 |      2 |   113 |    +1.0% |  -47.926 |    -4048.0 |    159 | _tray_size4_1073/D1
      590 |       1 |     129 |      129 |      2 |   114 |    +1.0% |  -47.926 |    -3976.2 |    159 | _tray_size4_1073/D1
      600 |       1 |     136 |      133 |      2 |   115 |    +1.1% |  -47.926 |    -3880.4 |    159 | _tray_size4_1073/D1
      610 |       1 |     138 |      139 |      2 |   119 |    +1.1% |  -47.926 |    -3994.6 |    159 | _tray_size4_1073/D1
      620 |       1 |     142 |      143 |      2 |   124 |    +1.1% |  -47.926 |    -3960.4 |    159 | _tray_size4_1073/D1
      630 |       1 |     145 |      145 |      2 |   129 |    +1.1% |  -47.926 |    -3966.9 |    159 | _tray_size4_1073/D1
      639 |       2 |     146 |      147 |      2 |   132 |    +1.2% |  -47.926 |    -3950.6 |    159 | _tray_size4_1073/D1
      640 |       2 |     146 |      147 |      2 |   132 |    +1.2% |  -47.926 |    -3950.6 |    159 | _tray_size4_1073/D1
      645 |       2 |     148 |      148 |      2 |   133 |    +1.2% |  -47.926 |    -3950.8 |    159 | _tray_size4_1073/D1
      650 |       2 |     149 |      153 |      2 |   133 |    +1.2% |  -47.926 |    -3975.2 |    159 | _tray_size4_1073/D1
      660 |       2 |     155 |      153 |      2 |   137 |    +1.2% |  -47.926 |    -3949.0 |    159 | _tray_size4_1073/D1
      670 |       2 |     159 |      158 |      3 |   140 |    +1.2% |  -47.926 |    -3901.7 |    159 | _tray_size4_1073/D1
      677 |       2 |     162 |      158 |      3 |   141 |    +1.3% |  -47.926 |    -3909.4 |    159 | _tray_size4_1073/D1
      680 |       2 |     162 |      159 |      3 |   142 |    +1.3% |  -47.926 |    -3910.8 |    159 | _tray_size4_1073/D1
      686 |       2 |     162 |      159 |      3 |   141 |    +1.3% |  -47.926 |    -3908.8 |    159 | _tray_size4_1073/D1
      690 |       2 |     163 |      160 |      3 |   142 |    +1.3% |  -47.926 |    -3854.7 |    159 | _tray_size4_1073/D1
      700 |       2 |     167 |      166 |      3 |   143 |    +1.3% |  -47.926 |    -3861.0 |    159 | _tray_size4_1073/D1
      710 |       2 |     170 |      172 |      3 |   147 |    +1.3% |  -47.926 |    -3849.1 |    159 | _tray_size4_1073/D1
      720 |       2 |     172 |      176 |      3 |   152 |    +1.4% |  -47.926 |    -3848.6 |    159 | _tray_size4_1073/D1
      730 |       2 |     174 |      177 |      3 |   159 |    +1.4% |  -47.926 |    -3852.5 |    159 | _tray_size4_1073/D1
      732 |       2 |     172 |      175 |      3 |   149 |    +1.4% |  -47.926 |    -3834.2 |    159 | _tray_size4_1073/D1
      740 |       2 |     174 |      177 |      3 |   152 |    +1.4% |  -47.926 |    -3830.2 |    159 | _tray_size4_1073/D1
      749 |       2 |     175 |      177 |      3 |   157 |    +1.4% |  -47.926 |    -3816.3 |    159 | _tray_size4_1073/D1
      750 |       2 |     175 |      177 |      3 |   157 |    +1.4% |  -47.926 |    -3816.3 |    159 | _tray_size4_1073/D1
      760 |       2 |     183 |      177 |      3 |   159 |    +1.4% |  -47.926 |    -3782.3 |    159 | _tray_size4_1073/D1
      770 |       2 |     185 |      180 |      3 |   164 |    +1.4% |  -47.926 |    -3843.1 |    159 | _tray_size4_1073/D1
      772 |       2 |     183 |      178 |      3 |   159 |    +1.4% |  -47.926 |    -3778.9 |    159 | _tray_size4_1073/D1
      778 |       2 |     185 |      178 |      3 |   162 |    +1.4% |  -47.926 |    -3768.8 |    159 | _tray_size4_1073/D1
      780 |       2 |     185 |      178 |      3 |   163 |    +1.4% |  -47.926 |    -3766.6 |    159 | _tray_size4_1073/D1
      790 |       2 |     191 |      182 |      3 |   164 |    +1.5% |  -47.926 |    -3676.7 |    159 | _tray_size4_1073/D1
      800 |       2 |     195 |      183 |      3 |   169 |    +1.5% |  -47.926 |    -3680.8 |    159 | _tray_size4_1073/D1
      810 |       2 |     197 |      187 |      3 |   174 |    +1.5% |  -47.926 |    -3676.2 |    159 | _tray_size4_1073/D1
      816 |       2 |     198 |      187 |      3 |   174 |    +1.5% |  -47.926 |    -3651.2 |    159 | _tray_size4_1073/D1
      820 |       2 |     199 |      188 |      3 |   175 |    +1.5% |  -47.926 |    -3613.2 |    159 | _tray_size4_1073/D1
      830 |       2 |     203 |      194 |      4 |   176 |    +1.5% |  -47.926 |    -3627.5 |    159 | _tray_size4_1073/D1
      840 |       2 |     207 |      197 |      4 |   180 |    +1.6% |  -47.926 |    -3623.3 |    159 | _tray_size4_1073/D1
      850 |       2 |     211 |      200 |      4 |   183 |    +1.6% |  -47.926 |    -3653.2 |    159 | _tray_size4_1073/D1
      850 |       2 |     204 |      195 |      4 |   178 |    +1.6% |  -47.926 |    -3624.8 |    159 | _tray_size4_1073/D1
      857 |       2 |     206 |      195 |      4 |   178 |    +1.6% |  -47.926 |    -3602.5 |    159 | _tray_size4_1073/D1
      860 |       2 |     206 |      195 |      4 |   180 |    +1.6% |  -47.926 |    -3605.3 |    159 | _tray_size4_1073/D1
      868 |       2 |     208 |      196 |      4 |   183 |    +1.6% |  -47.926 |    -3586.9 |    159 | _tray_size4_1073/D1
      870 |       2 |     208 |      196 |      4 |   184 |    +1.6% |  -47.926 |    -3586.4 |    159 | _tray_size4_1073/D1
      880 |       2 |     208 |      199 |      4 |   191 |    +1.6% |  -47.926 |    -3576.2 |    159 | _tray_size4_1073/D1
      882 |       2 |     208 |      199 |      4 |   188 |    +1.6% |  -47.926 |    -3574.6 |    159 | _tray_size4_1073/D1
      890 |       2 |     211 |      202 |      4 |   190 |    +1.6% |  -47.926 |    -3512.7 |    159 | _tray_size4_1073/D1
      900 |       2 |     217 |      204 |      4 |   192 |    +1.7% |  -47.926 |    -3416.3 |    159 | _tray_size4_1073/D1
      910 |       2 |     223 |      207 |      4 |   194 |    +1.7% |  -47.926 |    -3414.2 |    159 | _tray_size4_1073/D1
      920 |       2 |     227 |      211 |      4 |   197 |    +1.7% |  -47.926 |    -3405.7 |    159 | _tray_size4_1073/D1
      930 |       2 |     230 |      215 |      4 |   201 |    +1.8% |  -47.926 |    -3391.4 |    159 | _tray_size4_1073/D1
      940 |       2 |     234 |      224 |      4 |   204 |    +1.8% |  -47.926 |    -3386.1 |    159 | _tray_size4_1073/D1
      950 |       2 |     234 |      228 |      4 |   211 |    +1.8% |  -47.926 |    -3403.4 |    159 | _tray_size4_1073/D1
      960 |       2 |     236 |      230 |      4 |   217 |    +1.9% |  -47.926 |    -3401.3 |    159 | _tray_size4_1073/D1
      968 |       2 |     234 |      220 |      4 |   204 |    +1.8% |  -47.926 |    -3385.5 |    159 | _tray_size4_1073/D1
      970 |       2 |     235 |      220 |      4 |   204 |    +1.8% |  -47.926 |    -3385.5 |    159 | _tray_size4_1073/D1
      980 |       2 |     238 |      222 |      4 |   209 |    +1.8% |  -47.926 |    -3377.5 |    159 | _tray_size4_1073/D1
      981 |       2 |     238 |      222 |      4 |   207 |    +1.8% |  -47.926 |    -3373.4 |    159 | _tray_size4_1073/D1
      988 |       2 |     238 |      223 |      4 |   212 |    +1.8% |  -47.926 |    -3370.0 |    159 | _tray_size4_1073/D1
      990 |       2 |     238 |      223 |      4 |   213 |    +1.8% |  -47.926 |    -3372.0 |    159 | _tray_size4_1073/D1
     1000 |       2 |     242 |      227 |      4 |   216 |    +1.8% |  -47.926 |    -3359.8 |    159 | _tray_size4_1073/D1
     1006 |       2 |     242 |      227 |      4 |   221 |    +1.8% |  -47.926 |    -3359.3 |    159 | _tray_size4_1073/D1
     1010 |       2 |     242 |      229 |      4 |   222 |    +1.9% |  -47.926 |    -3362.0 |    159 | _tray_size4_1073/D1
     1020 |       2 |     246 |      229 |      5 |   227 |    +1.9% |  -47.926 |    -3365.4 |    159 | _tray_size4_1073/D1
     1030 |       2 |     248 |      232 |      5 |   232 |    +1.9% |  -47.926 |    -3376.6 |    159 | _tray_size4_1073/D1
     1035 |       2 |     247 |      229 |      5 |   227 |    +1.9% |  -47.926 |    -3364.9 |    159 | _tray_size4_1073/D1
     1040 |       2 |     248 |      230 |      5 |   229 |    +1.9% |  -47.926 |    -3367.1 |    159 | _tray_size4_1073/D1
     1043 |       2 |     248 |      229 |      5 |   227 |    +1.9% |  -47.926 |    -3363.4 |    159 | _tray_size4_1073/D1
     1049 |       2 |     248 |      230 |      5 |   227 |    +1.9% |  -47.926 |    -3361.8 |    159 | _tray_size4_1073/D1
     1050 |       2 |     248 |      230 |      5 |   227 |    +1.9% |  -47.926 |    -3361.8 |    159 | _tray_size4_1073/D1
     1056 |       2 |     248 |      230 |      5 |   227 |    +1.9% |  -47.926 |    -3361.8 |    159 | _tray_size4_1073/D1
     1060 |       2 |     248 |      230 |      5 |   230 |    +1.9% |  -47.926 |    -3358.7 |    159 | _tray_size4_1073/D1
     1062 |       2 |     248 |      230 |      5 |   230 |    +1.9% |  -47.926 |    -3358.7 |    159 | _tray_size4_1073/D1
     1070 |       2 |     251 |      231 |      5 |   233 |    +1.9% |  -47.926 |    -3350.1 |    159 | _tray_size4_1073/D1
     1080 |       2 |     255 |      233 |      6 |   236 |    +1.9% |  -47.926 |    -3351.8 |    159 | _tray_size4_1073/D1
     1090 |       2 |     259 |      237 |      6 |   239 |    +2.0% |  -47.926 |    -3388.3 |    159 | _tray_size4_1073/D1
     1100 |       2 |     260 |      243 |      6 |   242 |    +2.0% |  -47.926 |    -3422.1 |    159 | _tray_size4_1073/D1
     1100 |       2 |     254 |      233 |      6 |   235 |    +1.9% |  -47.926 |    -3346.4 |    159 | _tray_size4_1073/D1
     1110 |       2 |     256 |      238 |      6 |   237 |    +1.9% |  -47.926 |    -3345.8 |    159 | _tray_size4_1073/D1
     1116 |       2 |     257 |      240 |      6 |   239 |    +2.0% |  -47.926 |    -3343.2 |    159 | _tray_size4_1073/D1
     1120 |       2 |     258 |      241 |      6 |   240 |    +2.0% |  -47.926 |    -3339.9 |    159 | _tray_size4_1073/D1
     1130 |       2 |     261 |      243 |      6 |   245 |    +2.0% |  -47.926 |    -3332.3 |    159 | _tray_size4_1073/D1
     1135 |       2 |     261 |      243 |      6 |   244 |    +2.0% |  -47.926 |    -3332.0 |    159 | _tray_size4_1073/D1
     1140 |       2 |     262 |      244 |      6 |   246 |    +2.0% |  -47.926 |    -3317.2 |    159 | _tray_size4_1073/D1
     1149 |       2 |     264 |      246 |      6 |   246 |    +2.0% |  -47.926 |    -3390.3 |    159 | _tray_size4_1073/D1
     1150 |       2 |     264 |      246 |      6 |   246 |    +2.0% |  -47.926 |    -3390.3 |    159 | _tray_size4_1073/D1
     1160 |       2 |     266 |      254 |      6 |   249 |    +2.1% |  -47.926 |    -3388.7 |    159 | _tray_size4_1073/D1
     1166 |       2 |     265 |      250 |      6 |   246 |    +2.0% |  -47.926 |    -3365.7 |    159 | _tray_size4_1073/D1
     1170 |       2 |     265 |      253 |      6 |   246 |    +2.1% |  -47.926 |    -3382.0 |    159 | _tray_size4_1073/D1
     1177 |       2 |     265 |      250 |      6 |   246 |    +2.0% |  -47.926 |    -3365.7 |    159 | _tray_size4_1073/D1
     1180 |       2 |     266 |      250 |      6 |   247 |    +2.0% |  -47.926 |    -3354.7 |    159 | _tray_size4_1073/D1
     1187 |       2 |     268 |      250 |      6 |   247 |    +2.0% |  -47.926 |    -3352.1 |    159 | _tray_size4_1073/D1
     1190 |       2 |     268 |      250 |      6 |   249 |    +2.0% |  -47.926 |    -3351.4 |    159 | _tray_size4_1073/D1
     1194 |       2 |     268 |      251 |      6 |   252 |    +2.0% |  -47.926 |    -3350.0 |    159 | _tray_size4_1073/D1
     1200 |       2 |     270 |      252 |      6 |   254 |    +2.1% |  -47.926 |    -3345.6 |    159 | _tray_size4_1073/D1
     1206 |       2 |     271 |      254 |      6 |   257 |    +2.1% |  -47.926 |    -3342.8 |    159 | _tray_size4_1073/D1
     1210 |       2 |     272 |      255 |      6 |   258 |    +2.1% |  -47.926 |    -3362.3 |    159 | _tray_size4_1073/D1
     1220 |       2 |     275 |      258 |      6 |   262 |    +2.1% |  -47.926 |    -3372.2 |    159 | _tray_size4_1073/D1
     1220 |       2 |     272 |      254 |      6 |   258 |    +2.1% |  -47.926 |    -3342.6 |    159 | _tray_size4_1073/D1
     1230 |       2 |     275 |      258 |      6 |   260 |    +2.1% |  -47.926 |    -3297.7 |    159 | _tray_size4_1073/D1
     1233 |       2 |     275 |      258 |      6 |   262 |    +2.1% |  -47.926 |    -3297.5 |    159 | _tray_size4_1073/D1
     1240 |       2 |     277 |      260 |      6 |   265 |    +2.1% |  -47.926 |    -3290.8 |    159 | _tray_size4_1073/D1
     1244 |       2 |     277 |      260 |      6 |   265 |    +2.1% |  -47.926 |    -3290.8 |    159 | _tray_size4_1073/D1
     1250 |       2 |     277 |      260 |      6 |   270 |    +2.1% |  -47.926 |    -3294.3 |    159 | _tray_size4_1073/D1
     1250 |       2 |     277 |      260 |      6 |   267 |    +2.1% |  -47.926 |    -3287.5 |    159 | _tray_size4_1073/D1
     1257 |       2 |     278 |      261 |      6 |   268 |    +2.1% |  -47.926 |    -3286.2 |    159 | _tray_size4_1073/D1
     1260 |       2 |     278 |      262 |      6 |   269 |    +2.1% |  -47.926 |    -3280.3 |    159 | _tray_size4_1073/D1
     1266 |       2 |     278 |      262 |      6 |   269 |    +2.1% |  -47.926 |    -3280.3 |    159 | _tray_size4_1073/D1
     1270 |       2 |     278 |      262 |      6 |   272 |    +2.1% |  -47.926 |    -3277.7 |    159 | _tray_size4_1073/D1
     1277 |       2 |     278 |      262 |      6 |   271 |    +2.1% |  -47.926 |    -3276.3 |    159 | _tray_size4_1073/D1
     1280 |       2 |     280 |      262 |      6 |   271 |    +2.1% |  -47.926 |    -3272.8 |    159 | _tray_size4_1073/D1
     1283 |       2 |     280 |      262 |      6 |   271 |    +2.1% |  -47.926 |    -3272.8 |    159 | _tray_size4_1073/D1
     1287 |       2 |     280 |      262 |      6 |   273 |    +2.1% |  -47.926 |    -3272.2 |    159 | _tray_size4_1073/D1
     1290 |       2 |     280 |      263 |      6 |   274 |    +2.1% |  -47.926 |    -3271.6 |    159 | _tray_size4_1073/D1
     1294 |       2 |     280 |      263 |      7 |   274 |    +2.1% |  -47.926 |    -3287.4 |    159 | _tray_size4_1073/D1
     1300 |       2 |     280 |      263 |      7 |   279 |    +2.1% |  -47.926 |    -3287.6 |    159 | _tray_size4_1073/D1
     1306 |       2 |     280 |      263 |      7 |   275 |    +2.1% |  -47.926 |    -3286.6 |    159 | _tray_size4_1073/D1
     1310 |       2 |     280 |      263 |      7 |   278 |    +2.1% |  -47.926 |    -3284.2 |    159 | _tray_size4_1073/D1
     1313 |       2 |     280 |      263 |      7 |   277 |    +2.1% |  -47.926 |    -3283.9 |    159 | _tray_size4_1073/D1
     1320 |       2 |     280 |      263 |      7 |   283 |    +2.1% |  -47.926 |    -3286.0 |    159 | _tray_size4_1073/D1
     1321 |       2 |     280 |      263 |      7 |   278 |    +2.1% |  -47.926 |    -3282.6 |    159 | _tray_size4_1073/D1
     1328 |       2 |     280 |      263 |      7 |   278 |    +2.1% |  -47.926 |    -3282.6 |    159 | _tray_size4_1073/D1
     1330 |       2 |     280 |      264 |      7 |   278 |    +2.2% |  -47.926 |    -3281.5 |    159 | _tray_size4_1073/D1
     1336 |       2 |     280 |      264 |      7 |   279 |    +2.2% |  -47.926 |    -3280.0 |    159 | _tray_size4_1073/D1
     1338 |       2 |     281 |      264 |      7 |   279 |    +2.2% |  -47.926 |    -3273.8 |    157 | _tray_size4_1073/D1
     1340 |       2 |     281 |      265 |      7 |   279 |    +2.2% |  -47.926 |    -3265.2 |    157 | _tray_size4_1073/D1
     1350 |       2 |     285 |      268 |      7 |   282 |    +2.2% |  -47.926 |    -3260.0 |    157 | _tray_size4_1073/D1
     1354 |       2 |     285 |      269 |      7 |   282 |    +2.2% |  -47.926 |    -3259.0 |    157 | _tray_size4_1073/D1
     1360 |       2 |     287 |      269 |      7 |   285 |    +2.2% |  -47.926 |    -3258.4 |    157 | _tray_size4_1073/D1
     1363 |       2 |     288 |      269 |      7 |   287 |    +2.2% |  -47.926 |    -3259.0 |    157 | _tray_size4_1073/D1
     1370 |       2 |     292 |      270 |      7 |   288 |    +2.2% |  -47.926 |    -3211.9 |    157 | _tray_size4_1073/D1
     1380 |       2 |     295 |      276 |      7 |   291 |    +2.3% |  -47.926 |    -3200.0 |    157 | _tray_size4_1073/D1
     1390 |       2 |     299 |      281 |      7 |   293 |    +2.3% |  -47.926 |    -3148.0 |    157 | _tray_size4_1073/D1
     1400 |       2 |     302 |      281 |      8 |   299 |    +2.3% |  -47.926 |    -3138.8 |    157 | _tray_size4_1073/D1
     1410 |       2 |     306 |      281 |      8 |   305 |    +2.3% |  -47.926 |    -3141.9 |    157 | _tray_size4_1073/D1
     1411 |       2 |     304 |      281 |      8 |   300 |    +2.3% |  -47.926 |    -3135.8 |    157 | _tray_size4_1073/D1
     1420 |       2 |     307 |      284 |      8 |   302 |    +2.3% |  -47.926 |    -3151.0 |    157 | _tray_size4_1073/D1
     1427 |       2 |     304 |      282 |      8 |   300 |    +2.3% |  -47.926 |    -3132.3 |    157 | _tray_size4_1073/D1
     1430 |       2 |     304 |      282 |      8 |   302 |    +2.3% |  -47.926 |    -3136.3 |    157 | _tray_size4_1073/D1
     1431 |       2 |     304 |      282 |      8 |   300 |    +2.3% |  -47.926 |    -3132.3 |    157 | _tray_size4_1073/D1
     1440 |       2 |     308 |      284 |      8 |   302 |    +2.3% |  -47.926 |    -3104.1 |    157 | _tray_size4_1073/D1
     1450 |       2 |     312 |      287 |      8 |   306 |    +2.4% |  -47.926 |    -3087.3 |    157 | _tray_size4_1073/D1
     1460 |       2 |     316 |      293 |      8 |   308 |    +2.4% |  -47.926 |    -3098.3 |    157 | _tray_size4_1073/D1
     1470 |       2 |     322 |      295 |      8 |   310 |    +2.4% |  -47.931 |    -3067.2 |    157 | _tray_size4_1073/D1
     1480 |       2 |     326 |      296 |      8 |   315 |    +2.4% |  -47.931 |    -3064.5 |    157 | _tray_size4_1073/D1
     1488 |       2 |     316 |      293 |      8 |   307 |    +2.4% |  -47.926 |    -3090.9 |    157 | _tray_size4_1073/D1
     1490 |       2 |     316 |      293 |      8 |   308 |    +2.4% |  -47.926 |    -3088.4 |    157 | _tray_size4_1073/D1
     1500 |       2 |     318 |      300 |      8 |   312 |    +2.4% |  -47.926 |    -3065.5 |    157 | _tray_size4_1073/D1
     1510 |       2 |     320 |      301 |      8 |   319 |    +2.4% |  -47.926 |    -3046.0 |    157 | _tray_size4_1073/D1
     1516 |       2 |     320 |      302 |      8 |   320 |    +2.4% |  -47.926 |    -3044.5 |    157 | _tray_size4_1073/D1
     1520 |       2 |     321 |      303 |      8 |   321 |    +2.5% |  -47.926 |    -3044.2 |    157 | _tray_size4_1073/D1
     1528 |       2 |     323 |      304 |      8 |   326 |    +2.5% |  -47.926 |    -3045.6 |    157 | _tray_size4_1073/D1
     1530 |       2 |     323 |      304 |      8 |   327 |    +2.5% |  -47.926 |    -3047.4 |    157 | _tray_size4_1073/D1
     1534 |       2 |     323 |      304 |      8 |   326 |    +2.5% |  -47.926 |    -3045.6 |    157 | _tray_size4_1073/D1
     1540 |       2 |     325 |      307 |      8 |   327 |    +2.5% |  -47.926 |    -3038.0 |    157 | _tray_size4_1073/D1
     1550 |       2 |     327 |      308 |      8 |   334 |    +2.5% |  -47.926 |    -3051.8 |    157 | _tray_size4_1073/D1
     1551 |       2 |     326 |      307 |      8 |   332 |    +2.5% |  -47.926 |    -3039.5 |    157 | _tray_size4_1073/D1
     1560 |       2 |     328 |      308 |      8 |   337 |    +2.5% |  -47.926 |    -3058.4 |    157 | _tray_size4_1073/D1
     1561 |       2 |     327 |      307 |      8 |   332 |    +2.5% |  -47.926 |    -3037.9 |    157 | _tray_size4_1073/D1
     1570 |       2 |     327 |      312 |      8 |   335 |    +2.5% |  -47.926 |    -3027.1 |    157 | _tray_size4_1073/D1
     1580 |       2 |     330 |      316 |      8 |   339 |    +2.5% |  -47.926 |    -3025.1 |    157 | _tray_size4_1073/D1
     1581 |       2 |     330 |      316 |      8 |   337 |    +2.5% |  -47.926 |    -3024.3 |    157 | _tray_size4_1073/D1
     1586 |       2 |     332 |      316 |      8 |   337 |    +2.5% |  -47.926 |    -3024.0 |    157 | _tray_size4_1073/D1
     1590 |       2 |     334 |      321 |      8 |   337 |    +2.6% |  -47.926 |    -3022.2 |    157 | _tray_size4_1073/D1
     1600 |       2 |     337 |      323 |      8 |   343 |    +2.6% |  -47.926 |    -3100.2 |    157 | _tray_size4_1073/D1
     1600 |       2 |     335 |      321 |      8 |   338 |    +2.6% |  -47.926 |    -3037.2 |    157 | _tray_size4_1073/D1
     1610 |       3 |     339 |      322 |      8 |   341 |    +2.6% |  -47.926 |    -2986.5 |    157 | _tray_size4_1073/D1
     1615 |       3 |     339 |      323 |      8 |   344 |    +2.6% |  -47.926 |    -2987.9 |    157 | _tray_size4_1073/D1
     1620 |       3 |     340 |      326 |      8 |   344 |    +2.6% |  -47.926 |    -3017.0 |    157 | _tray_size4_1073/D1
     1629 |       3 |     339 |      323 |      8 |   344 |    +2.6% |  -47.926 |    -2987.9 |    157 | _tray_size4_1073/D1
     1630 |       3 |     339 |      323 |      8 |   344 |    +2.6% |  -47.926 |    -2987.9 |    157 | _tray_size4_1073/D1
     1640 |       3 |     342 |      325 |      9 |   348 |    +2.6% |  -47.926 |    -2987.0 |    157 | _tray_size4_1073/D1
     1645 |       3 |     342 |      326 |      9 |   351 |    +2.6% |  -47.926 |    -2986.8 |    157 | _tray_size4_1073/D1
     1650 |       3 |     343 |      327 |      9 |   353 |    +2.6% |  -47.926 |    -2973.9 |    157 | _tray_size4_1073/D1
     1656 |       3 |     344 |      327 |      9 |   356 |    +2.6% |  -47.926 |    -2973.1 |    157 | _tray_size4_1073/D1
     1660 |       3 |     345 |      328 |      9 |   357 |    +2.6% |  -47.926 |    -2967.5 |    157 | _tray_size4_1073/D1
     1666 |       3 |     346 |      328 |      9 |   357 |    +2.6% |  -47.926 |    -2964.1 |    157 | _tray_size4_1073/D1
     1670 |       3 |     348 |      329 |      9 |   357 |    +2.7% |  -47.926 |    -2911.8 |    157 | _tray_size4_1073/D1
     1679 |       3 |     352 |      334 |      9 |   360 |    +2.7% |  -47.926 |    -2859.0 |    155 | _tray_size4_1073/D1
     1680 |       3 |     352 |      334 |      9 |   360 |    +2.7% |  -47.926 |    -2859.0 |    155 | _tray_size4_1073/D1
     1684 |       3 |     352 |      334 |      9 |   360 |    +2.7% |  -47.926 |    -2859.0 |    155 | _tray_size4_1073/D1
     1689 |       3 |     352 |      334 |      9 |   360 |    +2.7% |  -47.926 |    -2859.0 |    155 | _tray_size4_1073/D1
     1690 |       3 |     352 |      334 |      9 |   360 |    +2.7% |  -47.926 |    -2859.0 |    155 | _tray_size4_1073/D1
     1692 |       3 |     353 |      338 |      9 |   360 |    +2.7% |  -47.926 |    -2857.5 |    153 | _tray_size4_1073/D1
     1700 |       3 |     353 |      339 |     10 |   365 |    +2.7% |  -47.926 |    -2877.8 |    153 | _tray_size4_1073/D1
     1701 |       3 |     354 |      339 |     10 |   365 |    +2.7% |  -47.926 |    -2881.5 |    151 | _tray_size4_1073/D1
     1708 |       3 |     354 |      339 |     10 |   365 |    +2.7% |  -47.926 |    -2881.5 |    151 | _tray_size4_1073/D1
     1710 |       3 |     354 |      339 |     10 |   366 |    +2.7% |  -47.926 |    -2882.9 |    151 | _tray_size4_1073/D1
     1716 |       3 |     354 |      340 |     10 |   366 |    +2.7% |  -47.926 |    -2879.2 |    151 | _tray_size4_1073/D1
     1720 |       3 |     356 |      341 |     10 |   366 |    +2.7% |  -47.926 |    -3126.2 |    151 | _tray_size4_1073/D1
     1730 |       3 |     361 |      341 |     10 |   371 |    +2.8% |  -47.926 |    -3072.1 |    151 | _tray_size4_1073/D1
     1731 |       3 |     354 |      340 |     10 |   366 |    +2.7% |  -47.926 |    -2879.2 |    151 | _tray_size4_1073/D1
     1734 |       3 |     355 |      341 |     10 |   366 |    +2.7% |  -47.926 |    -2833.6 |    149 | _tray_size4_1073/D1
     1740 |       3 |     359 |      341 |     10 |   367 |    +2.8% |  -47.926 |    -2830.5 |    148 | _tray_size4_1073/D1
     1740 |       3 |     359 |      341 |     10 |   367 |    +2.8% |  -47.926 |    -2830.5 |    147 | _tray_size4_1073/D1
     1741 |       3 |     359 |      341 |     10 |   367 |    +2.8% |  -47.926 |    -2830.5 |    146 | _tray_size4_1073/D1
     1743 |       3 |     360 |      341 |     10 |   367 |    +2.8% |  -47.926 |    -2827.5 |    144 | _tray_size4_1073/D1
     1749 |       3 |     360 |      341 |     10 |   368 |    +2.8% |  -47.926 |    -2825.8 |    144 | _tray_size4_1073/D1
     1750 |       3 |     360 |      341 |     10 |   368 |    +2.8% |  -47.926 |    -2825.8 |    144 | _tray_size4_1073/D1
     1757 |       3 |     360 |      341 |     10 |   368 |    +2.8% |  -47.926 |    -2825.8 |    144 | _tray_size4_1073/D1
     1760 |       3 |     361 |      342 |     10 |   368 |    +2.8% |  -47.926 |    -2811.7 |    144 | _tray_size4_1073/D1
     1770 |       3 |     365 |      342 |     10 |   374 |    +2.8% |  -47.926 |    -2807.4 |    144 | _tray_size4_1073/D1
     1770 |       3 |     365 |      342 |     10 |   374 |    +2.8% |  -47.926 |    -2807.4 |    144 | _tray_size4_1073/D1
     1775 |       3 |     365 |      342 |     10 |   374 |    +2.8% |  -47.926 |    -2807.4 |    144 | _tray_size4_1073/D1
     1780 |       3 |     366 |      342 |     10 |   377 |    +2.8% |  -47.926 |    -2808.7 |    144 | _tray_size4_1073/D1
     1781 |       3 |     365 |      342 |     10 |   374 |    +2.8% |  -47.926 |    -2807.4 |    144 | _tray_size4_1073/D1
     1790 |       3 |     365 |      343 |     10 |   381 |    +2.8% |  -47.926 |    -2822.4 |    144 | _tray_size4_1073/D1
     1790 |       3 |     365 |      343 |     10 |   378 |    +2.8% |  -47.926 |    -2820.0 |    144 | _tray_size4_1073/D1
     1794 |       3 |     366 |      343 |     10 |   380 |    +2.8% |  -47.926 |    -2819.0 |    144 | _tray_size4_1073/D1
     1795 |       3 |     366 |      343 |     10 |   380 |    +2.8% |  -47.926 |    -2819.0 |    143 | _tray_size4_1073/D1
     1800 |       3 |     368 |      345 |     10 |   380 |    +2.8% |  -47.926 |    -2842.9 |    143 | _tray_size4_1073/D1
     1809 |       4 |     370 |      346 |     10 |   383 |    +2.8% |  -47.926 |    -2808.2 |    143 | _tray_size4_1073/D1
     1810 |       4 |     370 |      346 |     10 |   383 |    +2.8% |  -47.926 |    -2808.2 |    143 | _tray_size4_1073/D1
     1820 |       4 |     376 |      350 |     10 |   385 |    +2.8% |  -47.926 |    -2762.9 |    143 | _tray_size4_1073/D1
     1830 |       4 |     381 |      352 |     10 |   388 |    +2.9% |  -47.926 |    -2717.4 |    143 | _tray_size4_1073/D1
     1831 |       4 |     381 |      352 |     10 |   389 |    +2.9% |  -47.926 |    -2716.9 |    143 | _tray_size4_1073/D1
     1840 |       4 |     385 |      352 |     10 |   393 |    +2.9% |  -47.926 |    -2712.1 |    143 | _tray_size4_1073/D1
     1841 |       4 |     386 |      352 |     10 |   393 |    +2.9% |  -47.926 |    -2711.8 |    143 | _tray_size4_1073/D1
     1842 |       4 |     386 |      352 |     10 |   393 |    +2.9% |  -47.926 |    -2711.8 |    142 | _tray_size4_1073/D1
     1846 |       4 |     387 |      353 |     10 |   394 |    +2.9% |  -47.926 |    -2581.9 |    140 | _tray_size4_1073/D1
     1850 |       4 |     388 |      353 |     10 |   396 |    +2.9% |  -47.931 |    -2559.7 |    140 | _tray_size4_1073/D1
     1860 |       4 |     393 |      354 |     10 |   400 |    +2.9% |  -47.931 |    -2546.1 |    140 | _tray_size4_1073/D1
     1870 |       4 |     399 |      356 |     10 |   402 |    +2.9% |  -47.931 |    -2536.2 |    140 | _tray_size4_1073/D1
     1870 |       4 |     387 |      353 |     10 |   396 |    +2.9% |  -47.926 |    -2576.5 |    140 | _tray_size4_1073/D1
     1873 |       4 |     387 |      354 |     10 |   397 |    +2.9% |  -47.926 |    -2575.3 |    138 | _tray_size4_1073/D1
     1877 |       4 |     389 |      354 |     10 |   398 |    +2.9% |  -47.926 |    -2573.2 |    136 | _tray_size4_1073/D1
     1880 |       4 |     389 |      355 |     10 |   399 |    +2.9% |  -47.926 |    -2574.7 |    136 | _tray_size4_1073/D1
     1883 |       4 |     389 |      355 |     10 |   398 |    +2.9% |  -47.926 |    -2572.5 |    136 | _tray_size4_1073/D1
     1887 |       4 |     390 |      357 |     10 |   398 |    +2.9% |  -47.926 |    -2567.4 |    134 | _tray_size4_1073/D1
     1890 |       4 |     390 |      358 |     10 |   399 |    +2.9% |  -47.926 |    -2553.3 |    134 | _tray_size4_1073/D1
     1900 |       4 |     393 |      360 |     10 |   404 |    +2.9% |  -47.926 |    -2497.5 |    134 | _tray_size4_1073/D1
     1907 |       4 |     395 |      361 |     10 |   406 |    +2.9% |  -47.926 |    -2492.0 |    134 | _tray_size4_1073/D1
     1910 |       4 |     396 |      362 |     10 |   406 |    +3.0% |  -47.926 |    -2486.3 |    134 | _tray_size4_1073/D1
     1920 |       4 |     400 |      368 |     10 |   408 |    +3.0% |  -47.926 |    -2467.0 |    134 | _tray_size4_1073/D1
     1922 |       4 |     400 |      370 |     10 |   409 |    +3.0% |  -47.926 |    -2466.9 |    132 | _tray_size4_1073/D1
     1930 |       4 |     400 |      371 |     10 |   415 |    +3.0% |  -47.926 |    -2463.3 |    132 | _tray_size4_1073/D1
     1931 |       4 |     400 |      371 |     10 |   415 |    +3.0% |  -47.926 |    -2463.3 |    132 | _tray_size4_1073/D1
     1936 |       4 |     400 |      371 |     10 |   415 |    +3.0% |  -47.926 |    -2463.3 |    132 | _tray_size4_1073/D1
     1940 |       4 |     403 |      371 |     10 |   415 |    +3.0% |  -47.926 |    -2457.7 |    132 | _tray_size4_1073/D1
     1941 |       4 |     403 |      371 |     10 |   416 |    +3.0% |  -47.926 |    -2456.9 |    130 | _tray_size4_1073/D1
     1950 |       4 |     405 |      373 |     10 |   420 |    +3.0% |  -47.926 |    -2734.3 |    130 | _tray_size4_1073/D1
     1953 |       4 |     403 |      371 |     10 |   416 |    +3.0% |  -47.926 |    -2456.9 |    130 | _tray_size4_1073/D1
     1955 |       4 |     404 |      371 |     10 |   416 |    +3.0% |  -47.926 |    -2456.2 |    128 | _tray_size4_1073/D1
     1960 |       4 |     406 |      372 |     10 |   417 |    +3.0% |  -47.926 |    -2520.0 |    128 | _tray_size4_1073/D1
     1964 |       4 |     406 |      371 |     10 |   417 |    +3.0% |  -47.926 |    -2461.8 |    128 | _tray_size4_1073/D1
     1967 |       4 |     407 |      372 |     10 |   417 |    +3.0% |  -47.926 |    -2453.2 |    126 | _tray_size4_1073/D1
     1970 |       4 |     407 |      373 |     10 |   418 |    +3.0% |  -47.926 |    -2517.4 |    126 | _tray_size4_1073/D1
     1974 |       4 |     407 |      372 |     10 |   417 |    +3.0% |  -47.926 |    -2453.2 |    126 | _tray_size4_1073/D1
     1980 |       4 |     410 |      374 |     10 |   417 |    +3.0% |  -47.931 |    -2427.4 |    126 | _tray_size4_1073/D1
     1989 |       4 |     408 |      373 |     10 |   417 |    +3.0% |  -47.926 |    -2448.1 |    126 | _tray_size4_1073/D1
     1990 |       4 |     408 |      373 |     10 |   417 |    +3.0% |  -47.926 |    -2448.1 |    126 | _tray_size4_1073/D1
     1995 |       4 |     409 |      373 |     10 |   419 |    +3.0% |  -47.926 |    -2446.6 |    126 | _tray_size4_1073/D1
     2000 |       4 |     409 |      373 |     10 |   423 |    +3.0% |  -47.926 |    -2447.2 |    126 | _tray_size4_1073/D1
     2002 |       4 |     409 |      373 |     10 |   419 |    +3.0% |  -47.926 |    -2446.6 |    126 | _tray_size4_1073/D1
     2010 |       4 |     411 |      373 |     10 |   424 |    +3.0% |  -47.926 |    -2439.2 |    126 | _tray_size4_1073/D1
     2017 |       4 |     411 |      373 |     10 |   424 |    +3.0% |  -47.926 |    -2439.2 |    126 | _tray_size4_1073/D1
     2020 |       4 |     411 |      373 |     10 |   426 |    +3.0% |  -47.926 |    -2439.6 |    126 | _tray_size4_1073/D1
     2023 |       4 |     411 |      373 |     10 |   424 |    +3.0% |  -47.926 |    -2439.2 |    126 | _tray_size4_1073/D1
     2024 |       4 |     411 |      373 |     10 |   424 |    +3.0% |  -47.926 |    -2439.2 |    125 | _tray_size4_1073/D1
     2030 |       4 |     413 |      374 |     10 |   426 |    +3.1% |  -47.931 |    -2418.4 |    125 | _tray_size4_1073/D1
     2040 |       4 |     417 |      377 |     10 |   429 |    +3.1% |  -47.931 |    -2411.7 |    125 | _tray_size4_1073/D1
     2050 |       4 |     421 |      380 |     10 |   432 |    +3.1% |  -47.931 |    -2408.9 |    125 | _tray_size4_1073/D1
     2060 |       4 |     425 |      382 |     10 |   436 |    +3.1% |  -47.931 |    -2404.9 |    125 | _tray_size4_1073/D1
     2064 |       4 |     411 |      373 |     10 |   424 |    +3.0% |  -47.926 |    -2439.2 |    125 | _tray_size4_1073/D1
     2070 |       4 |     411 |      373 |     10 |   429 |    +3.0% |  -47.926 |    -2435.7 |    125 | _tray_size4_1073/D1
     2071 |       4 |     411 |      373 |     10 |   430 |    +3.0% |  -47.926 |    -2435.4 |    125 | _tray_size4_1073/D1
     2072 |       4 |     411 |      373 |     10 |   430 |    +3.0% |  -47.926 |    -2435.4 |    124 | _tray_size4_1073/D1
     2080 |       4 |     415 |      375 |     10 |   431 |    +3.1% |  -47.926 |    -2386.9 |    124 | _tray_size4_1073/D1
     2083 |       4 |     417 |      376 |     10 |   431 |    +3.1% |  -47.926 |    -2380.0 |    122 | _tray_size4_1073/D1
     2090 |       4 |     420 |      379 |     10 |   432 |    +3.1% |  -47.931 |    -2360.2 |    122 | _tray_size4_1073/D1
     2100 |       4 |     421 |      380 |     10 |   440 |    +3.1% |  -47.931 |    -2356.1 |    122 | _tray_size4_1073/D1
     2100 |       4 |     417 |      376 |     10 |   431 |    +3.1% |  -47.926 |    -2380.0 |    122 | _tray_size4_1073/D1
     2103 |       4 |     419 |      376 |     10 |   431 |    +3.1% |  -47.926 |    -2371.2 |    120 | _tray_size4_1073/D1
     2104 |       4 |     419 |      376 |     10 |   431 |    +3.1% |  -47.926 |    -2371.2 |    119 | _tray_size4_1073/D1
     2105 |       4 |     419 |      376 |     10 |   431 |    +3.1% |  -47.926 |    -2371.2 |    118 | _tray_size4_1073/D1
     2110 |       4 |     421 |      377 |     10 |   432 |    +3.1% |  -47.931 |    -2349.7 |    118 | _tray_size4_1073/D1
     2112 |       4 |     420 |      376 |     10 |   431 |    +3.1% |  -47.926 |    -2369.9 |    117 | _tray_size4_1073/D1
     2113 |       4 |     420 |      376 |     10 |   431 |    +3.1% |  -47.926 |    -2369.9 |    116 | _tray_size4_1073/D1
     2114 |       4 |     420 |      376 |     10 |   431 |    +3.1% |  -47.926 |    -2369.9 |    115 | _tray_size4_1073/D1
     2120 |       4 |     422 |      376 |     10 |   434 |    +3.1% |  -47.931 |    -2347.0 |    115 | _tray_size4_1073/D1
     2123 |       4 |     420 |      376 |     10 |   432 |    +3.1% |  -47.926 |    -2368.2 |    115 | _tray_size4_1073/D1
     2126 |       4 |     422 |      376 |     10 |   432 |    +3.1% |  -47.926 |    -2366.9 |    113 | _tray_size4_1073/D1
     2127 |       4 |     422 |      376 |     10 |   432 |    +3.1% |  -47.926 |    -2366.9 |    112 | _tray_size4_1073/D1
     2130 |       4 |     422 |      376 |     10 |   434 |    +3.1% |  -47.926 |    -2364.5 |    112 | _tray_size4_1073/D1
     2139 |       4 |     422 |      376 |     10 |   434 |    +3.1% |  -47.926 |    -2364.5 |    111 | _tray_size4_1073/D1
     2140 |       4 |     422 |      376 |     10 |   434 |    +3.1% |  -47.926 |    -2364.5 |    111 | _tray_size4_1073/D1
     2140 |       4 |     422 |      376 |     10 |   434 |    +3.1% |  -47.926 |    -2364.5 |    110 | _tray_size4_1073/D1
     2141 |       4 |     422 |      376 |     10 |   434 |    +3.1% |  -47.926 |    -2364.5 |    109 | _tray_size4_1073/D1
     2142 |       4 |     422 |      376 |     10 |   434 |    +3.1% |  -47.926 |    -2364.5 |    108 | _tray_size4_1073/D1
    2143* |       4 |     422 |      376 |     10 |   434 |    +3.1% |  -47.926 |    -2364.5 |    130 | _tray_size4_1073/D1
    2144* |       4 |     422 |      376 |     10 |   434 |    +3.1% |  -47.926 |    -2364.5 |    130 | _tray_size4_1073/D1
    2145* |       4 |     422 |      376 |     10 |   434 |    +3.1% |  -47.926 |    -2364.5 |    130 | _tray_size4_1073/D1
    2146* |       4 |     422 |      376 |     10 |   434 |    +3.1% |  -47.926 |    -2364.5 |    130 | _tray_size4_1073/D1
    2148* |       4 |     422 |      376 |     10 |   435 |    +3.1% |  -47.926 |    -2364.3 |    130 | _tray_size4_1073/D1
    2149* |       4 |     422 |      376 |     10 |   435 |    +3.1% |  -47.926 |    -2364.3 |    130 | _tray_size4_1073/D1
    2150* |       4 |     422 |      376 |     10 |   435 |    +3.1% |  -47.926 |    -2364.3 |    130 | _tray_size4_1073/D1
    2150* |       4 |     422 |      376 |     10 |   435 |    +3.1% |  -47.926 |    -2364.3 |    130 | _tray_size4_1073/D1
    2151* |       4 |     422 |      376 |     10 |   435 |    +3.1% |  -47.926 |    -2364.3 |    130 | _tray_size4_1073/D1
    2154* |       4 |     423 |      376 |     10 |   436 |    +3.1% |  -47.926 |    -2363.3 |    130 | _tray_size4_1073/D1
    2155* |       4 |     423 |      376 |     10 |   436 |    +3.1% |  -47.926 |    -2363.3 |    130 | _tray_size4_1073/D1
    2156* |       4 |     423 |      376 |     10 |   436 |    +3.1% |  -47.926 |    -2363.3 |    130 | _tray_size4_1073/D1
    2158* |       4 |     424 |      376 |     10 |   436 |    +3.1% |  -47.926 |    -2361.3 |    130 | _tray_size4_1073/D1
    2159* |       4 |     424 |      376 |     10 |   436 |    +3.1% |  -47.926 |    -2361.3 |    130 | _tray_size4_1073/D1
    2160* |       4 |     424 |      376 |     10 |   436 |    +3.1% |  -47.926 |    -2361.3 |    130 | _tray_size4_1073/D1
    2160* |       4 |     424 |      376 |     10 |   436 |    +3.1% |  -47.926 |    -2361.3 |    130 | _tray_size4_1073/D1
    2161* |       4 |     424 |      376 |     10 |   436 |    +3.1% |  -47.926 |    -2361.3 |    130 | _tray_size4_1073/D1
    2162* |       4 |     424 |      376 |     10 |   436 |    +3.1% |  -47.926 |    -2361.3 |    130 | _tray_size4_1073/D1
    2164* |       4 |     425 |      376 |     10 |   436 |    +3.1% |  -47.926 |    -2360.9 |    130 | _tray_size4_1073/D1
    2165* |       4 |     425 |      376 |     10 |   436 |    +3.1% |  -47.926 |    -2360.9 |    130 | _tray_size4_1073/D1
    2166* |       4 |     425 |      376 |     10 |   436 |    +3.1% |  -47.926 |    -2360.9 |    130 | _tray_size4_1073/D1
    2167* |       4 |     425 |      376 |     10 |   436 |    +3.1% |  -47.926 |    -2360.9 |    130 | _tray_size4_1073/D1
    2169* |       4 |     425 |      376 |     10 |   437 |    +3.1% |  -47.926 |    -2359.5 |    130 | _tray_size4_1073/D1
    2170* |       4 |     425 |      376 |     10 |   437 |    +3.1% |  -47.926 |    -2359.5 |    130 | _tray_size4_1073/D1
    2174* |       4 |     428 |      376 |     10 |   438 |    +3.1% |  -47.926 |    -2354.4 |    130 | _tray_size4_1073/D1
    2175* |       4 |     428 |      376 |     10 |   438 |    +3.1% |  -47.926 |    -2354.4 |    130 | _tray_size4_1073/D1
    2176* |       4 |     428 |      376 |     10 |   438 |    +3.1% |  -47.926 |    -2354.4 |    130 | _tray_size4_1073/D1
    2180* |       4 |     431 |      376 |     10 |   438 |    +3.1% |  -47.926 |    -2350.9 |    130 | _tray_size4_1073/D1
    2180* |       4 |     431 |      376 |     10 |   438 |    +3.1% |  -47.926 |    -2350.9 |    130 | _tray_size4_1073/D1
    2181* |       4 |     431 |      376 |     10 |   438 |    +3.1% |  -47.926 |    -2350.9 |    130 | _tray_size4_1073/D1
    2185* |       4 |     434 |      376 |     10 |   438 |    +3.1% |  -47.926 |    -2345.6 |    130 | _tray_size4_1073/D1
    2186* |       4 |     434 |      376 |     10 |   438 |    +3.1% |  -47.926 |    -2345.6 |    130 | _tray_size4_1073/D1
    2187* |       4 |     434 |      376 |     10 |   438 |    +3.1% |  -47.926 |    -2345.6 |    130 | _tray_size4_1073/D1
    2188* |       4 |     434 |      376 |     10 |   438 |    +3.1% |  -47.926 |    -2345.6 |    130 | _tray_size4_1073/D1
    2189* |       4 |     434 |      376 |     10 |   438 |    +3.1% |  -47.926 |    -2345.6 |    130 | _tray_size4_1073/D1
    2190* |       4 |     434 |      376 |     10 |   438 |    +3.1% |  -47.926 |    -2345.6 |    130 | _tray_size4_1073/D1
    2190* |       4 |     434 |      376 |     10 |   438 |    +3.1% |  -47.926 |    -2345.6 |    130 | _tray_size4_1073/D1
    2191* |       4 |     434 |      376 |     10 |   438 |    +3.1% |  -47.926 |    -2345.6 |    130 | _tray_size4_1073/D1
    2193* |       4 |     435 |      376 |     10 |   438 |    +3.1% |  -47.926 |    -2345.3 |    130 | _tray_size4_1073/D1
    2195* |       4 |     436 |      376 |     10 |   438 |    +3.1% |  -47.926 |    -2344.4 |    130 | _tray_size4_1073/D1
    2196* |       4 |     436 |      376 |     10 |   438 |    +3.1% |  -47.926 |    -2344.4 |    130 | _tray_size4_1073/D1
    2198* |       4 |     436 |      376 |     10 |   439 |    +3.1% |  -47.926 |    -2343.9 |    130 | _tray_size4_1073/D1
    2199* |       4 |     436 |      376 |     10 |   439 |    +3.1% |  -47.926 |    -2343.9 |    130 | _tray_size4_1073/D1
    2200* |       4 |     436 |      376 |     10 |   439 |    +3.1% |  -47.926 |    -2343.9 |    130 | _tray_size4_1073/D1
    2202* |       4 |     436 |      376 |     10 |   440 |    +3.1% |  -47.926 |    -2343.3 |    130 | _tray_size4_1073/D1
    2205* |       4 |     436 |      376 |     10 |   442 |    +3.1% |  -47.926 |    -2342.8 |    130 | _tray_size4_1073/D1
    2207* |       4 |     436 |      376 |     10 |   443 |    +3.1% |  -47.926 |    -2342.7 |    130 | _tray_size4_1073/D1
    2208* |       4 |     436 |      376 |     10 |   443 |    +3.1% |  -47.926 |    -2342.7 |    130 | _tray_size4_1073/D1
    2209* |       4 |     436 |      376 |     10 |   443 |    +3.1% |  -47.926 |    -2342.7 |    130 | _tray_size4_1073/D1
    2210* |       4 |     436 |      376 |     10 |   443 |    +3.1% |  -47.926 |    -2342.7 |    130 | _tray_size4_1073/D1
    2210* |       4 |     436 |      376 |     10 |   443 |    +3.1% |  -47.926 |    -2342.7 |    130 | _tray_size4_1073/D1
    2212* |       4 |     437 |      376 |     10 |   443 |    +3.1% |  -47.926 |    -2331.3 |    130 | _tray_size4_1073/D1
    2214* |       4 |     438 |      376 |     10 |   443 |    +3.1% |  -47.926 |    -2330.9 |    130 | _tray_size4_1073/D1
    2215* |       4 |     438 |      376 |     10 |   443 |    +3.1% |  -47.926 |    -2330.9 |    130 | _tray_size4_1073/D1
    2216* |       4 |     438 |      376 |     10 |   443 |    +3.1% |  -47.926 |    -2330.9 |    130 | _tray_size4_1073/D1
    2217* |       4 |     438 |      376 |     10 |   443 |    +3.1% |  -47.926 |    -2330.9 |    130 | _tray_size4_1073/D1
    2218* |       4 |     438 |      376 |     10 |   443 |    +3.1% |  -47.926 |    -2330.9 |    130 | _tray_size4_1073/D1
    2219* |       4 |     438 |      376 |     10 |   443 |    +3.1% |  -47.926 |    -2330.9 |    130 | _tray_size4_1073/D1
    2220* |       4 |     438 |      376 |     10 |   443 |    +3.1% |  -47.926 |    -2330.9 |    130 | _tray_size4_1073/D1
    2220* |       4 |     438 |      376 |     10 |   443 |    +3.1% |  -47.926 |    -2330.9 |    130 | _tray_size4_1073/D1
    2222* |       4 |     439 |      376 |     10 |   443 |    +3.1% |  -47.926 |    -2328.8 |    130 | _tray_size4_1073/D1
    2223* |       4 |     439 |      376 |     10 |   443 |    +3.1% |  -47.926 |    -2328.8 |    130 | _tray_size4_1073/D1
    2225* |       4 |     440 |      376 |     10 |   443 |    +3.1% |  -47.926 |    -2328.4 |    130 | _tray_size4_1073/D1
    2230* |       4 |     441 |      376 |     10 |   446 |    +3.1% |  -47.926 |    -2324.9 |    130 | _tray_size4_1073/D1
    2231* |       4 |     442 |      376 |     10 |   446 |    +3.1% |  -47.926 |    -2324.5 |    130 | _tray_size4_1073/D1
    2232* |       4 |     442 |      376 |     10 |   446 |    +3.1% |  -47.926 |    -2324.5 |    130 | _tray_size4_1073/D1
    2233* |       4 |     442 |      376 |     10 |   446 |    +3.1% |  -47.926 |    -2324.5 |    130 | _tray_size4_1073/D1
    2235* |       4 |     443 |      376 |     10 |   446 |    +3.1% |  -47.926 |    -2323.7 |    130 | _tray_size4_1073/D1
    2236* |       4 |     443 |      376 |     10 |   446 |    +3.1% |  -47.926 |    -2323.7 |    130 | _tray_size4_1073/D1
    2238* |       4 |     444 |      376 |     10 |   446 |    +3.1% |  -47.926 |    -2323.6 |    130 | _tray_size4_1073/D1
    2240* |       4 |     444 |      376 |     10 |   447 |    +3.1% |  -47.926 |    -2323.5 |    130 | _tray_size4_1073/D1
    2240* |       4 |     444 |      376 |     10 |   447 |    +3.1% |  -47.926 |    -2323.5 |    130 | _tray_size4_1073/D1
    2241* |       4 |     444 |      376 |     10 |   447 |    +3.1% |  -47.926 |    -2323.5 |    130 | _tray_size4_1073/D1
    2242* |       4 |     444 |      376 |     10 |   447 |    +3.1% |  -47.926 |    -2323.5 |    130 | _tray_size4_1073/D1
    2244* |       4 |     445 |      376 |     10 |   447 |    +3.1% |  -47.926 |    -2315.6 |    130 | _tray_size4_1073/D1
    2245* |       4 |     445 |      376 |     10 |   447 |    +3.1% |  -47.926 |    -2315.6 |    130 | _tray_size4_1073/D1
    2248* |       4 |     445 |      376 |     10 |   449 |    +3.1% |  -47.926 |    -2313.9 |    130 | _tray_size4_1073/D1
    2249* |       4 |     445 |      376 |     10 |   449 |    +3.1% |  -47.926 |    -2313.9 |    130 | _tray_size4_1073/D1
    2250* |       4 |     445 |      376 |     10 |   449 |    +3.1% |  -47.926 |    -2313.9 |    130 | _tray_size4_1073/D1
    2250* |       4 |     445 |      376 |     10 |   449 |    +3.1% |  -47.926 |    -2313.9 |    130 | _tray_size4_1073/D1
    2255* |       4 |     445 |      376 |     10 |   453 |    +3.1% |  -47.926 |    -2310.2 |    130 | _tray_size4_1073/D1
    2256* |       4 |     445 |      376 |     10 |   453 |    +3.1% |  -47.926 |    -2310.2 |    130 | _tray_size4_1073/D1
    2257* |       4 |     445 |      376 |     10 |   453 |    +3.1% |  -47.926 |    -2310.2 |    130 | _tray_size4_1073/D1
    2258* |       4 |     445 |      376 |     10 |   453 |    +3.1% |  -47.926 |    -2310.2 |    130 | _tray_size4_1073/D1
    2259* |       4 |     445 |      376 |     10 |   453 |    +3.1% |  -47.926 |    -2310.2 |    130 | _tray_size4_1073/D1
    2260* |       4 |     445 |      376 |     10 |   453 |    +3.1% |  -47.926 |    -2310.2 |    130 | _tray_size4_1073/D1
    2260* |       4 |     445 |      376 |     10 |   453 |    +3.1% |  -47.926 |    -2310.2 |    130 | _tray_size4_1073/D1
    2261* |       4 |     445 |      376 |     10 |   453 |    +3.1% |  -47.926 |    -2310.2 |    130 | _tray_size4_1073/D1
    2262* |       4 |     445 |      376 |     10 |   453 |    +3.1% |  -47.926 |    -2310.2 |    130 | _tray_size4_1073/D1
    2263* |       4 |     445 |      376 |     10 |   453 |    +3.1% |  -47.926 |    -2310.2 |    130 | _tray_size4_1073/D1
    2264* |       4 |     445 |      376 |     10 |   453 |    +3.1% |  -47.926 |    -2310.2 |    130 | _tray_size4_1073/D1
    2265* |       4 |     445 |      376 |     10 |   453 |    +3.1% |  -47.926 |    -2310.2 |    130 | _tray_size4_1073/D1
    2266* |       4 |     445 |      376 |     10 |   453 |    +3.1% |  -47.926 |    -2310.2 |    130 | _tray_size4_1073/D1
    2267* |       4 |     445 |      376 |     10 |   453 |    +3.1% |  -47.926 |    -2310.2 |    130 | _tray_size4_1073/D1
    2269* |       4 |     446 |      376 |     10 |   453 |    +3.1% |  -47.926 |    -2310.1 |    130 | _tray_size4_1073/D1
    2270* |       4 |     446 |      376 |     10 |   453 |    +3.1% |  -47.926 |    -2310.1 |    130 | _tray_size4_1073/D1
    2270* |       4 |     446 |      376 |     10 |   453 |    +3.1% |  -47.926 |    -2310.1 |    130 | _tray_size4_1073/D1
    2271* |       4 |     446 |      376 |     10 |   453 |    +3.1% |  -47.926 |    -2310.1 |    130 | _tray_size4_1073/D1
    2272* |       4 |     446 |      376 |     10 |   453 |    +3.1% |  -47.926 |    -2310.1 |    130 | _tray_size4_1073/D1
    2273* |       4 |     446 |      376 |     10 |   453 |    +3.1% |  -47.926 |    -2310.1 |    130 | _tray_size4_1073/D1
    2275* |       4 |     446 |      376 |     10 |   454 |    +3.1% |  -47.926 |    -2309.9 |    130 | _tray_size4_1073/D1
    2276* |       4 |     446 |      376 |     10 |   454 |    +3.1% |  -47.926 |    -2309.9 |    130 | _tray_size4_1073/D1
    2277* |       4 |     446 |      376 |     10 |   454 |    +3.1% |  -47.926 |    -2309.9 |    130 | _tray_size4_1073/D1
    2279* |       4 |     447 |      376 |     10 |   454 |    +3.1% |  -47.926 |    -2309.2 |    130 | _tray_size4_1073/D1
    2280* |       4 |     447 |      376 |     10 |   454 |    +3.1% |  -47.926 |    -2309.2 |    130 | _tray_size4_1073/D1
    2281* |       4 |     448 |      376 |     10 |   454 |    +3.1% |  -47.926 |    -2307.9 |    130 | _tray_size4_1073/D1
    2282* |       4 |     448 |      376 |     10 |   454 |    +3.1% |  -47.926 |    -2307.9 |    130 | _tray_size4_1073/D1
    2283* |       4 |     448 |      376 |     10 |   454 |    +3.1% |  -47.926 |    -2307.9 |    130 | _tray_size4_1073/D1
    2284* |       4 |     448 |      376 |     10 |   454 |    +3.1% |  -47.926 |    -2307.9 |    130 | _tray_size4_1073/D1
    2285* |       4 |     448 |      376 |     10 |   454 |    +3.1% |  -47.926 |    -2307.9 |    130 | _tray_size4_1073/D1
    2286* |       4 |     448 |      376 |     10 |   454 |    +3.1% |  -47.926 |    -2307.9 |    130 | _tray_size4_1073/D1
    2287* |       4 |     448 |      376 |     10 |   454 |    +3.1% |  -47.926 |    -2307.9 |    130 | _tray_size4_1073/D1
    2288* |       4 |     448 |      376 |     10 |   454 |    +3.1% |  -47.926 |    -2307.9 |    130 | _tray_size4_1073/D1
    2289* |       4 |     448 |      376 |     10 |   454 |    +3.1% |  -47.926 |    -2307.9 |    130 | _tray_size4_1073/D1
    2290* |       4 |     448 |      376 |     10 |   454 |    +3.1% |  -47.926 |    -2307.9 |    130 | _tray_size4_1073/D1
    2290* |       4 |     448 |      376 |     10 |   454 |    +3.1% |  -47.926 |    -2307.9 |    130 | _tray_size4_1073/D1
    2291* |       4 |     448 |      376 |     10 |   454 |    +3.1% |  -47.926 |    -2307.9 |    130 | _tray_size4_1073/D1
    2292* |       4 |     448 |      376 |     10 |   454 |    +3.1% |  -47.926 |    -2307.9 |    130 | _tray_size4_1073/D1
    2293* |       4 |     448 |      376 |     10 |   454 |    +3.1% |  -47.926 |    -2307.9 |    130 | _tray_size4_1073/D1
    2294* |       4 |     448 |      376 |     10 |   454 |    +3.1% |  -47.926 |    -2307.9 |    130 | _tray_size4_1073/D1
    2295* |       4 |     448 |      376 |     10 |   454 |    +3.1% |  -47.926 |    -2307.9 |    130 | _tray_size4_1073/D1
    2296* |       4 |     448 |      376 |     10 |   454 |    +3.1% |  -47.926 |    -2307.9 |    130 | _tray_size4_1073/D1
    2298* |       4 |     448 |      376 |     10 |   455 |    +3.1% |  -47.926 |    -2305.0 |    130 | _tray_size4_1073/D1
    2299* |       4 |     448 |      376 |     10 |   455 |    +3.1% |  -47.926 |    -2305.0 |    130 | _tray_size4_1073/D1
    2300* |       4 |     448 |      376 |     10 |   455 |    +3.1% |  -47.926 |    -2305.0 |    130 | _tray_size4_1073/D1
    final |       4 |     448 |      376 |     10 |   455 |    +3.1% |  -47.926 |    -2305.0 |    130 | _tray_size4_1073/D1
--------------------------------------------------------------------------------------------------------------
[INFO RSZ-0059] Removed 4 buffers.
[INFO RSZ-0045] Inserted 376 buffers, 1 to split loads.
[INFO RSZ-0051] Resized 448 instances: 448 up, 0 up match, 0 down, 0 VT
[INFO RSZ-0043] Swapped pins on 455 instances.
[INFO RSZ-0049] Cloned 10 instances.
[WARNING RSZ-0062] Unable to repair all setup violations.
[INFO RSZ-0046] Found 8 endpoints with hold violations.
Iteration | Resized | Buffers | Cloned Gates |   Area   |   WNS   |   TNS   | Endpoint
--------------------------------------------------------------------------------------
        0 |       0 |       0 |            0 |    +0.0% |  -3.041 | -20.510 | _tray_size4_1029/D2
    final |       0 |       8 |            0 |    +0.0% |   1.834 |   0.000 | _tray_size4_1049/D0
--------------------------------------------------------------------------------------
[INFO RSZ-0032] Inserted 8 hold buffers.
Took 25 seconds: repair_timing -setup_margin 0 -hold_margin 0 -repair_tns 100 -verbose
[INFO DPL-0005] Max displacement: +/- 500 sites horizontally, +/- 100 rows vertically.
Movements Summary
---------------------------------------
Total cells:                   16215
Diamond Move Success:          16215 (100.00%)
Diamond Move Failure:              0
Rip-up and replace Success:        0 (  0.00% of diamond failures)
Rip-up and replace Failure:        0
Total Placement Failures:          0
---------------------------------------
Placement Analysis
---------------------------------
total displacement        968.3 u
average displacement        0.1 u
max displacement            2.4 u
original HPWL           48789.9 u
legalized HPWL          49529.4 u
delta HPWL                    2 %

Report metrics stage 4, cts final...

==========================================================================
cts final report_design_area
--------------------------------------------------------------------------
Design area 1834 um^2 78% utilization.
write_db ./results/asap7/aes/baseline_alpha_193-beta_0.1/4_1_cts.odb
write_sdc -no_timestamp ./results/asap7/aes/baseline_alpha_193-beta_0.1/4_cts.sdc
Elapsed time: 0:28.79[h:]min:sec. CPU time: user 76.24 sys 42.28 (411%). Peak memory: 324352KB.
Log                        Elapsed/s Peak Memory/MB  sha1sum .odb [0:20)
4_1_cts                           28            316 b0eb25ff1360dde2eed8
