OpenROAD ee3d65ce03b2656092ed62bf9205c5c11049c575 
Features included (+) or not (-): +GPU +GUI +Python
This program is licensed under the BSD-3 license. See the LICENSE file for details.
Components of this program may be licensed under more restrictive licenses which must be honored.
[INFO ORD-0030] Using 32 thread(s).
source /home/lucast/workspace/OR-flow-TCC/flow/platforms/asap7/liberty_suppressions.tcl
read_liberty /home/lucast/workspace/OR-flow-TCC/flow/platforms/asap7/lib/NLDM/asap7sc7p5t_AO_RVT_FF_nldm_211120.lib.gz
read_liberty /home/lucast/workspace/OR-flow-TCC/flow/platforms/asap7/lib/NLDM/asap7sc7p5t_INVBUF_RVT_FF_nldm_220122.lib.gz
read_liberty /home/lucast/workspace/OR-flow-TCC/flow/platforms/asap7/lib/NLDM/asap7sc7p5t_OA_RVT_FF_nldm_211120.lib.gz
read_liberty /home/lucast/workspace/OR-flow-TCC/flow/platforms/asap7/lib/NLDM/asap7sc7p5t_SIMPLE_RVT_FF_nldm_211120.lib.gz
read_liberty /home/lucast/workspace/OR-flow-TCC/flow/platforms/asap7/lib/NLDM/asap7sc7p5t_SEQ_RVT_FF_nldm_220123.lib
read_liberty /home/lucast/workspace/OR-flow-TCC/flow/platforms/asap7/lib/NLDM/asap7sc7p5t_DFFHQNH2V2X_RVT_TT_nldm_FAKE.lib
read_liberty /home/lucast/workspace/OR-flow-TCC/flow/platforms/asap7/lib/NLDM/asap7sc7p5t_DFFHQNV2X_RVT_TT_nldm_FAKE.lib
read_db -hier ./results/asap7/mock-alu/modified_alpha_4-beta_0.1/5_1_grt.odb
[WARNING ORD-0012] Hierarchical flow (-hier) is currently in development and may cause multiple issues. Do not use in production environments.
source /home/lucast/workspace/OR-flow-TCC/flow/platforms/asap7/setRC.tcl
detailed_route -output_drc ./reports/asap7/mock-alu/modified_alpha_4-beta_0.1/5_route_drc.rpt -output_maze ./results/asap7/mock-alu/modified_alpha_4-beta_0.1/maze.log -droute_end_iter 64 -verbose 1 -drc_report_iter_step 5
[INFO DRT-0149] Reading tech and libs.

Units:                1000
Number of layers:     21
Number of macros:     230
Number of vias:       14
Number of viarulegen: 11

[INFO DRT-0150] Reading design.

Design:                   MockAlu
Die area:                 ( 0 0 ) ( 57354 57354 )
Number of track patterns: 32
Number of DEF vias:       0
Number of components:     12595
Number of terminals:      202
Number of snets:          2
Number of nets:           14133

[INFO DRT-0167] List of default vias:
  Layer V2
    default via: VIA23
  Layer V3
    default via: VIA34
  Layer V4
    default via: VIA45
  Layer V5
    default via: VIA56
  Layer V6
    default via: VIA67
  Layer V7
    default via: VIA78
  Layer V8
    default via: VIA89
  Layer V9
    default via: VIA9Pad
[INFO DRT-0162] Library cell analysis.
[INFO DRT-0163] Instance analysis.
[INFO DRT-0164] Number of unique instances = 228.
[INFO DRT-0168] Init region query.
[INFO DRT-0024]   Complete Active.
[INFO DRT-0024]   Complete V0.
[INFO DRT-0024]   Complete M1.
[INFO DRT-0024]   Complete V1.
[INFO DRT-0024]   Complete M2.
[INFO DRT-0024]   Complete V2.
[INFO DRT-0024]   Complete M3.
[INFO DRT-0024]   Complete V3.
[INFO DRT-0024]   Complete M4.
[INFO DRT-0024]   Complete V4.
[INFO DRT-0024]   Complete M5.
[INFO DRT-0024]   Complete V5.
[INFO DRT-0024]   Complete M6.
[INFO DRT-0024]   Complete V6.
[INFO DRT-0024]   Complete M7.
[INFO DRT-0024]   Complete V7.
[INFO DRT-0024]   Complete M8.
[INFO DRT-0024]   Complete V8.
[INFO DRT-0024]   Complete M9.
[INFO DRT-0024]   Complete V9.
[INFO DRT-0024]   Complete Pad.
[INFO DRT-0033] Active shape region query size = 0.
[INFO DRT-0033] V0 shape region query size = 0.
[INFO DRT-0033] M1 shape region query size = 241007.
[INFO DRT-0033] V1 shape region query size = 321932.
[INFO DRT-0033] M2 shape region query size = 13301.
[INFO DRT-0033] V2 shape region query size = 6496.
[INFO DRT-0033] M3 shape region query size = 6218.
[INFO DRT-0033] V3 shape region query size = 3960.
[INFO DRT-0033] M4 shape region query size = 4088.
[INFO DRT-0033] V4 shape region query size = 3960.
[INFO DRT-0033] M5 shape region query size = 2272.
[INFO DRT-0033] V5 shape region query size = 400.
[INFO DRT-0033] M6 shape region query size = 240.
[INFO DRT-0033] V6 shape region query size = 0.
[INFO DRT-0033] M7 shape region query size = 0.
[INFO DRT-0033] V7 shape region query size = 0.
[INFO DRT-0033] M8 shape region query size = 0.
[INFO DRT-0033] V8 shape region query size = 0.
[INFO DRT-0033] M9 shape region query size = 0.
[INFO DRT-0033] V9 shape region query size = 0.
[INFO DRT-0033] Pad shape region query size = 0.
[INFO DRT-0165] Start pin access.
[INFO DRT-0076]   Complete 1000 pins.
[INFO DRT-0078]   Complete 1308 pins.
[INFO DRT-0079]   Complete 100 unique inst patterns.
[INFO DRT-0079]   Complete 200 unique inst patterns.
[INFO DRT-0081]   Complete 228 unique inst patterns.
[INFO DRT-0084]   Complete 6266 groups.
#scanned instances     = 12595
#unique  instances     = 228
#stdCellGenAp          = 7595
#stdCellValidPlanarAp  = 72
#stdCellValidViaAp     = 5735
#stdCellPinNoAp        = 0
#stdCellPinCnt         = 38974
#instTermValidViaApCnt = 0
#macroGenAp            = 0
#macroValidPlanarAp    = 0
#macroValidViaAp       = 0
#macroNoAp             = 0
[INFO DRT-0166] Complete pin access.
[INFO DRT-0267] cpu time = 00:09:32, elapsed time = 00:00:22, memory = 429.15 (MB), peak = 424.49 (MB)
[INFO DRT-0156] guideIn read 100000 guides.

[INFO DRT-0157] Number of guides:     104001

[INFO DRT-0169] Post process guides.
[INFO DRT-0176] GCELLGRID X 0 DO 100 STEP 570 ;
[INFO DRT-0177] GCELLGRID Y 0 DO 100 STEP 570 ;
[INFO DRT-0026]   Complete 100000 origin guides.
[INFO DRT-0028]   Complete Active.
[INFO DRT-0028]   Complete V0.
[INFO DRT-0028]   Complete M1.
[INFO DRT-0028]   Complete V1.
[INFO DRT-0028]   Complete M2.
[INFO DRT-0028]   Complete V2.
[INFO DRT-0028]   Complete M3.
[INFO DRT-0028]   Complete V3.
[INFO DRT-0028]   Complete M4.
[INFO DRT-0028]   Complete V4.
[INFO DRT-0028]   Complete M5.
[INFO DRT-0028]   Complete V5.
[INFO DRT-0028]   Complete M6.
[INFO DRT-0028]   Complete V6.
[INFO DRT-0028]   Complete M7.
[INFO DRT-0028]   Complete V7.
[INFO DRT-0028]   Complete M8.
[INFO DRT-0028]   Complete V8.
[INFO DRT-0028]   Complete M9.
[INFO DRT-0028]   Complete V9.
[INFO DRT-0028]   Complete Pad.
[INFO DRT-0178] Init guide query.
[INFO DRT-0035]   Complete Active (guide).
[INFO DRT-0035]   Complete V0 (guide).
[INFO DRT-0035]   Complete M1 (guide).
[INFO DRT-0035]   Complete V1 (guide).
[INFO DRT-0035]   Complete M2 (guide).
[INFO DRT-0035]   Complete V2 (guide).
[INFO DRT-0035]   Complete M3 (guide).
[INFO DRT-0035]   Complete V3 (guide).
[INFO DRT-0035]   Complete M4 (guide).
[INFO DRT-0035]   Complete V4 (guide).
[INFO DRT-0035]   Complete M5 (guide).
[INFO DRT-0035]   Complete V5 (guide).
[INFO DRT-0035]   Complete M6 (guide).
[INFO DRT-0035]   Complete V6 (guide).
[INFO DRT-0035]   Complete M7 (guide).
[INFO DRT-0035]   Complete V7 (guide).
[INFO DRT-0035]   Complete M8 (guide).
[INFO DRT-0035]   Complete V8 (guide).
[INFO DRT-0035]   Complete M9 (guide).
[INFO DRT-0035]   Complete V9 (guide).
[INFO DRT-0035]   Complete Pad (guide).
[INFO DRT-0036] Active guide region query size = 0.
[INFO DRT-0036] V0 guide region query size = 0.
[INFO DRT-0036] M1 guide region query size = 29979.
[INFO DRT-0036] V1 guide region query size = 0.
[INFO DRT-0036] M2 guide region query size = 30705.
[INFO DRT-0036] V2 guide region query size = 0.
[INFO DRT-0036] M3 guide region query size = 16705.
[INFO DRT-0036] V3 guide region query size = 0.
[INFO DRT-0036] M4 guide region query size = 2239.
[INFO DRT-0036] V4 guide region query size = 0.
[INFO DRT-0036] M5 guide region query size = 506.
[INFO DRT-0036] V5 guide region query size = 0.
[INFO DRT-0036] M6 guide region query size = 9.
[INFO DRT-0036] V6 guide region query size = 0.
[INFO DRT-0036] M7 guide region query size = 3.
[INFO DRT-0036] V7 guide region query size = 0.
[INFO DRT-0036] M8 guide region query size = 0.
[INFO DRT-0036] V8 guide region query size = 0.
[INFO DRT-0036] M9 guide region query size = 0.
[INFO DRT-0036] V9 guide region query size = 0.
[INFO DRT-0036] Pad guide region query size = 0.
[INFO DRT-0179] Init gr pin query.
[INFO DRT-0267] cpu time = 00:00:00, elapsed time = 00:00:00, memory = 457.45 (MB), peak = 452.74 (MB)
[INFO DRT-0245] skipped writing guide updates to database.
[INFO DRT-0185] Post process initialize RPin region query.
[INFO DRT-0181] Start track assignment.
[INFO DRT-0184] Done with 47193 vertical wires in 2 frboxes and 32953 horizontal wires in 2 frboxes.
[INFO DRT-0186] Done with 7147 vertical wires in 2 frboxes and 9580 horizontal wires in 2 frboxes.
[INFO DRT-0182] Complete track assignment.
[INFO DRT-0267] cpu time = 00:00:03, elapsed time = 00:00:01, memory = 770.16 (MB), peak = 765.75 (MB)
[INFO DRT-0187] Start routing data preparation.
[INFO DRT-0267] cpu time = 00:00:00, elapsed time = 00:00:00, memory = 770.22 (MB), peak = 765.75 (MB)
[INFO DRT-0194] Start detail routing.
[INFO DRT-0195] Start 0th optimization iteration.
    Completing 10% with 0 violations.
    elapsed time = 00:00:02, memory = 7506.88 (MB).
    Completing 20% with 0 violations.
    elapsed time = 00:00:03, memory = 5616.25 (MB).
    Completing 30% with 525 violations.
    elapsed time = 00:00:05, memory = 7519.95 (MB).
    Completing 40% with 525 violations.
    elapsed time = 00:00:08, memory = 7683.03 (MB).
    Completing 50% with 525 violations.
    elapsed time = 00:00:09, memory = 4208.65 (MB).
    Completing 60% with 1061 violations.
    elapsed time = 00:00:13, memory = 9173.84 (MB).
    Completing 70% with 1061 violations.
    elapsed time = 00:00:16, memory = 6947.58 (MB).
    Completing 80% with 1451 violations.
    elapsed time = 00:00:20, memory = 9592.83 (MB).
    Completing 90% with 1451 violations.
    elapsed time = 00:00:24, memory = 8325.20 (MB).
    Completing 100% with 2014 violations.
    elapsed time = 00:00:27, memory = 3783.15 (MB).
[INFO DRT-0199]   Number of violations = 2546.
Viol/Layer          M1     M2     V2     M3     V3     M4     V4     M5
CutSpcTbl            0      0      0      0      9      0      3      0
EOL                  0    120      0     24      0     14      0      0
Metal Spacing      454     67      0    147      0      2      0      0
Recheck              1    243      0    205      0     69      0     14
Rect Only            0      0      0      4      0      0      0      0
Short              141    171      5     46      0      3      0      3
eolKeepOut           0    677      0     75      0     49      0      0
[INFO DRT-0267] cpu time = 00:10:10, elapsed time = 00:00:27, memory = 4224.05 (MB), peak = 10118.47 (MB)
Total wire length = 48651 um.
Total wire length on LAYER M1 = 0 um.
Total wire length on LAYER M2 = 11981 um.
Total wire length on LAYER M3 = 23066 um.
Total wire length on LAYER M4 = 10253 um.
Total wire length on LAYER M5 = 3306 um.
Total wire length on LAYER M6 = 25 um.
Total wire length on LAYER M7 = 18 um.
Total wire length on LAYER M8 = 0 um.
Total wire length on LAYER M9 = 0 um.
Total wire length on LAYER Pad = 0 um.
Total number of vias = 112247.
Up-via summary (total 112247):

-----------------
 Active         0
     M1     33471
     M2     62382
     M3     14512
     M4      1823
     M5        53
     M6         6
     M7         0
     M8         0
     M9         0
-----------------
       112247


[INFO DRT-0195] Start 1st optimization iteration.
    Completing 10% with 2546 violations.
    elapsed time = 00:00:03, memory = 10845.80 (MB).
    Completing 20% with 2546 violations.
    elapsed time = 00:00:05, memory = 8496.09 (MB).
    Completing 30% with 1993 violations.
    elapsed time = 00:00:08, memory = 10067.35 (MB).
    Completing 40% with 1993 violations.
    elapsed time = 00:00:12, memory = 10603.63 (MB).
    Completing 50% with 1993 violations.
    elapsed time = 00:00:14, memory = 6161.95 (MB).
    Completing 60% with 1506 violations.
    elapsed time = 00:00:18, memory = 11024.13 (MB).
    Completing 70% with 1506 violations.
    elapsed time = 00:00:22, memory = 8684.98 (MB).
    Completing 80% with 991 violations.
    elapsed time = 00:00:25, memory = 10692.46 (MB).
    Completing 90% with 991 violations.
    elapsed time = 00:00:29, memory = 9252.18 (MB).
    Completing 100% with 544 violations.
    elapsed time = 00:00:31, memory = 4701.89 (MB).
[INFO DRT-0199]   Number of violations = 594.
Viol/Layer          M1     M2     M3     V3     M4
CutSpcTbl            0      0      0      7      0
EOL                  0     33      1      0      0
Metal Spacing      188     13     70      0      2
Recheck              0     18     28      0      4
Rect Only            0      4      0      0      0
Short               58     10     21      0      1
eolKeepOut           0    132      3      0      1
[INFO DRT-0267] cpu time = 00:12:12, elapsed time = 00:00:32, memory = 4686.50 (MB), peak = 11299.05 (MB)
Total wire length = 48252 um.
Total wire length on LAYER M1 = 0 um.
Total wire length on LAYER M2 = 11296 um.
Total wire length on LAYER M3 = 22850 um.
Total wire length on LAYER M4 = 10724 um.
Total wire length on LAYER M5 = 3324 um.
Total wire length on LAYER M6 = 37 um.
Total wire length on LAYER M7 = 18 um.
Total wire length on LAYER M8 = 0 um.
Total wire length on LAYER M9 = 0 um.
Total wire length on LAYER Pad = 0 um.
Total number of vias = 108757.
Up-via summary (total 108757):

-----------------
 Active         0
     M1     33462
     M2     59200
     M3     14088
     M4      1934
     M5        65
     M6         8
     M7         0
     M8         0
     M9         0
-----------------
       108757


[INFO DRT-0195] Start 2nd optimization iteration.
    Completing 10% with 594 violations.
    elapsed time = 00:00:00, memory = 4686.50 (MB).
    Completing 20% with 594 violations.
    elapsed time = 00:00:03, memory = 8714.81 (MB).
    Completing 30% with 468 violations.
    elapsed time = 00:00:05, memory = 4690.01 (MB).
    Completing 40% with 468 violations.
    elapsed time = 00:00:05, memory = 4690.01 (MB).
    Completing 50% with 468 violations.
    elapsed time = 00:00:10, memory = 6256.42 (MB).
    Completing 60% with 396 violations.
    elapsed time = 00:00:11, memory = 4684.47 (MB).
    Completing 70% with 396 violations.
    elapsed time = 00:00:15, memory = 8431.71 (MB).
    Completing 80% with 352 violations.
    elapsed time = 00:00:17, memory = 4658.94 (MB).
    Completing 90% with 352 violations.
    elapsed time = 00:00:19, memory = 9270.69 (MB).
    Completing 100% with 314 violations.
    elapsed time = 00:00:23, memory = 4665.37 (MB).
[INFO DRT-0199]   Number of violations = 385.
Viol/Layer          M1     M2     M3     V3     M4
CutSpcTbl            0      0      0      5      0
EOL                  0     14      1      0      0
Metal Spacing       93      4     46      0      0
Recheck              0     31     35      0      5
Short               30     19      9      0      0
eolKeepOut           0     87      6      0      0
[INFO DRT-0267] cpu time = 00:06:38, elapsed time = 00:00:23, memory = 4645.39 (MB), peak = 11299.05 (MB)
Total wire length = 48200 um.
Total wire length on LAYER M1 = 0 um.
Total wire length on LAYER M2 = 11196 um.
Total wire length on LAYER M3 = 22836 um.
Total wire length on LAYER M4 = 10762 um.
Total wire length on LAYER M5 = 3336 um.
Total wire length on LAYER M6 = 46 um.
Total wire length on LAYER M7 = 21 um.
Total wire length on LAYER M8 = 0 um.
Total wire length on LAYER M9 = 0 um.
Total wire length on LAYER Pad = 0 um.
Total number of vias = 107920.
Up-via summary (total 107920):

-----------------
 Active         0
     M1     33450
     M2     58724
     M3     13694
     M4      1977
     M5        69
     M6         6
     M7         0
     M8         0
     M9         0
-----------------
       107920


[INFO DRT-0195] Start 3rd optimization iteration.
    Completing 10% with 385 violations.
    elapsed time = 00:00:00, memory = 4645.39 (MB).
    Completing 20% with 385 violations.
    elapsed time = 00:00:00, memory = 4645.39 (MB).
    Completing 30% with 284 violations.
    elapsed time = 00:00:03, memory = 4632.78 (MB).
    Completing 40% with 284 violations.
    elapsed time = 00:00:03, memory = 4632.78 (MB).
    Completing 50% with 284 violations.
    elapsed time = 00:00:05, memory = 6239.38 (MB).
    Completing 60% with 203 violations.
    elapsed time = 00:00:06, memory = 4635.80 (MB).
    Completing 70% with 203 violations.
    elapsed time = 00:00:06, memory = 4635.80 (MB).
    Completing 80% with 92 violations.
    elapsed time = 00:00:09, memory = 4639.00 (MB).
    Completing 90% with 92 violations.
    elapsed time = 00:00:09, memory = 4639.00 (MB).
    Completing 100% with 0 violations.
    elapsed time = 00:00:12, memory = 4642.95 (MB).
[INFO DRT-0199]   Number of violations = 0.
[INFO DRT-0267] cpu time = 00:02:10, elapsed time = 00:00:12, memory = 4620.26 (MB), peak = 11299.05 (MB)
Total wire length = 48205 um.
Total wire length on LAYER M1 = 0 um.
Total wire length on LAYER M2 = 11103 um.
Total wire length on LAYER M3 = 22798 um.
Total wire length on LAYER M4 = 10851 um.
Total wire length on LAYER M5 = 3371 um.
Total wire length on LAYER M6 = 58 um.
Total wire length on LAYER M7 = 21 um.
Total wire length on LAYER M8 = 0 um.
Total wire length on LAYER M9 = 0 um.
Total wire length on LAYER Pad = 0 um.
Total number of vias = 108000.
Up-via summary (total 108000):

-----------------
 Active         0
     M1     33450
     M2     58540
     M3     13867
     M4      2054
     M5        83
     M6         6
     M7         0
     M8         0
     M9         0
-----------------
       108000


[INFO DRT-0198] Complete detail routing.
Total wire length = 48205 um.
Total wire length on LAYER M1 = 0 um.
Total wire length on LAYER M2 = 11103 um.
Total wire length on LAYER M3 = 22798 um.
Total wire length on LAYER M4 = 10851 um.
Total wire length on LAYER M5 = 3371 um.
Total wire length on LAYER M6 = 58 um.
Total wire length on LAYER M7 = 21 um.
Total wire length on LAYER M8 = 0 um.
Total wire length on LAYER M9 = 0 um.
Total wire length on LAYER Pad = 0 um.
Total number of vias = 108000.
Up-via summary (total 108000):

-----------------
 Active         0
     M1     33450
     M2     58540
     M3     13867
     M4      2054
     M5        83
     M6         6
     M7         0
     M8         0
     M9         0
-----------------
       108000


[INFO DRT-0267] cpu time = 00:31:11, elapsed time = 00:01:35, memory = 4620.38 (MB), peak = 11299.05 (MB)

[INFO DRT-0180] Post processing.
Took 121 seconds: detailed_route -output_drc ./reports/asap7/mock-alu/modified_alpha_4-beta_0.1/5_route_drc.rpt -output_maze ./results/asap7/mock-alu/modified_alpha_4-beta_0.1/maze.log -droute_end_iter 64 -verbose 1 -drc_report_iter_step 5
[WARNING GRT-0246] No diode with LEF class CORE ANTENNACELL found.
[INFO ANT-0002] Found 0 net violations.
[INFO ANT-0001] Found 0 pin violations.
[INFO ANT-0002] Found 0 net violations.
[INFO ANT-0001] Found 0 pin violations.
write_db ./results/asap7/mock-alu/modified_alpha_4-beta_0.1/5_2_route.odb
Elapsed time: 2:02.25[h:]min:sec. CPU time: user 2386.20 sys 84.70 (2021%). Peak memory: 11570224KB.
Log                        Elapsed/s Peak Memory/MB  sha1sum .odb [0:20)
5_2_route                        122          11299 1e1f2e5074c6fbd490cc
