
==========================================================================
detailed place report_tns
--------------------------------------------------------------------------
tns max -1749.43

==========================================================================
detailed place report_wns
--------------------------------------------------------------------------
wns max -110.45

==========================================================================
detailed place report_worst_slack
--------------------------------------------------------------------------
worst slack max -110.45

==========================================================================
detailed place report_clock_min_period
--------------------------------------------------------------------------
clk period_min = 1060.45 fmax = 942.99

==========================================================================
detailed place report_checks -path_delay min
--------------------------------------------------------------------------
Startpoint: reset (input port clocked by clk)
Endpoint: riscv.dp.pcreg.q[24]$_DFF_PP0_
          (removal check against rising-edge clock clk)
Path Group: asynchronous
Path Type: min

Fanout     Cap    Slew   Delay    Time   Description
-----------------------------------------------------------------------------
                  0.00    0.00    0.00   clock clk (rise edge)
                          0.00    0.00   clock network delay (ideal)
                        118.75  118.75 v input external delay
     1    1.39    0.00    0.00  118.75 v reset (in)
                                         reset (net)
                  0.41    0.13  118.88 v input102/A (BUFx2_ASAP7_75t_R)
     1    0.53    4.72   10.49  129.37 v input102/Y (BUFx2_ASAP7_75t_R)
                                         net64 (net)
                  4.72    0.02  129.38 v _14755_/A (INVx1_ASAP7_75t_R)
     1    0.80    6.62    5.26  134.64 ^ _14755_/Y (INVx1_ASAP7_75t_R)
                                         _07680_ (net)
                  6.62    0.05  134.69 ^ place2387/A (BUFx3_ASAP7_75t_R)
    32   27.92   64.18   33.22  167.91 ^ place2387/Y (BUFx3_ASAP7_75t_R)
                                         net2350 (net)
                 64.22    0.99  168.91 ^ riscv.dp.pcreg.q[24]$_DFF_PP0_/RESETN (DFFASRHQNx1_ASAP7_75t_R)
                                168.91   data arrival time

                  0.00    0.00    0.00   clock clk (rise edge)
                          0.00    0.00   clock network delay (ideal)
                          0.00    0.00   clock reconvergence pessimism
                                  0.00 ^ riscv.dp.pcreg.q[24]$_DFF_PP0_/CLK (DFFASRHQNx1_ASAP7_75t_R)
                         23.72   23.72   library removal time
                                 23.72   data required time
-----------------------------------------------------------------------------
                                 23.72   data required time
                               -168.91   data arrival time
-----------------------------------------------------------------------------
                                145.19   slack (MET)


Startpoint: riscv.dp.rf.rf[0][0]$_DFFE_PP_
            (rising edge-triggered flip-flop clocked by clk)
Endpoint: riscv.dp.rf.rf[0][0]$_DFFE_PP_
          (rising edge-triggered flip-flop clocked by clk)
Path Group: clk
Path Type: min

Fanout     Cap    Slew   Delay    Time   Description
-----------------------------------------------------------------------------
                  0.00    0.00    0.00   clock clk (rise edge)
                          0.00    0.00   clock network delay (ideal)
                  0.00    0.00    0.00 ^ riscv.dp.rf.rf[0][0]$_DFFE_PP_/CLK (DFFHQNx1_ASAP7_75t_R)
     3    1.84   19.82   37.03   37.03 ^ riscv.dp.rf.rf[0][0]$_DFFE_PP_/QN (DFFHQNx1_ASAP7_75t_R)
                                         _01025_ (net)
                 19.82    0.08   37.11 ^ _08716_/A (INVx1_ASAP7_75t_R)
     1    0.60    7.85    6.95   44.06 v _08716_/Y (INVx1_ASAP7_75t_R)
                                         _01739_ (net)
                  7.85    0.02   44.08 v riscv.dp.rf.rf[0][0]$_DFFE_PP_/D (DFFHQNx1_ASAP7_75t_R)
                                 44.08   data arrival time

                  0.00    0.00    0.00   clock clk (rise edge)
                          0.00    0.00   clock network delay (ideal)
                          0.00    0.00   clock reconvergence pessimism
                                  0.00 ^ riscv.dp.rf.rf[0][0]$_DFFE_PP_/CLK (DFFHQNx1_ASAP7_75t_R)
                          8.48    8.48   library hold time
                                  8.48   data required time
-----------------------------------------------------------------------------
                                  8.48   data required time
                                -44.08   data arrival time
-----------------------------------------------------------------------------
                                 35.60   slack (MET)



==========================================================================
detailed place report_checks -path_delay max
--------------------------------------------------------------------------
Startpoint: reset (input port clocked by clk)
Endpoint: riscv.dp.pcreg.q[7]$_DFF_PP0_
          (recovery check against rising-edge clock clk)
Path Group: asynchronous
Path Type: max

Fanout     Cap    Slew   Delay    Time   Description
-----------------------------------------------------------------------------
                  0.00    0.00    0.00   clock clk (rise edge)
                          0.00    0.00   clock network delay (ideal)
                        118.75  118.75 v input external delay
     1    1.53    0.00    0.00  118.75 v reset (in)
                                         reset (net)
                  0.47    0.15  118.90 v input102/A (BUFx2_ASAP7_75t_R)
     1    0.70    5.10   10.77  129.67 v input102/Y (BUFx2_ASAP7_75t_R)
                                         net64 (net)
                  5.10    0.02  129.69 v _14755_/A (INVx1_ASAP7_75t_R)
     1    0.95    7.60    5.78  135.47 ^ _14755_/Y (INVx1_ASAP7_75t_R)
                                         _07680_ (net)
                  7.61    0.06  135.53 ^ place2387/A (BUFx3_ASAP7_75t_R)
    32   31.29   71.69   36.06  171.59 ^ place2387/Y (BUFx3_ASAP7_75t_R)
                                         net2350 (net)
                 75.53    8.91  180.50 ^ riscv.dp.pcreg.q[7]$_DFF_PP0_/RESETN (DFFASRHQNx1_ASAP7_75t_R)
                                180.50   data arrival time

                  0.00  950.00  950.00   clock clk (rise edge)
                          0.00  950.00   clock network delay (ideal)
                          0.00  950.00   clock reconvergence pessimism
                                950.00 ^ riscv.dp.pcreg.q[7]$_DFF_PP0_/CLK (DFFASRHQNx1_ASAP7_75t_R)
                         15.75  965.75   library recovery time
                                965.75   data required time
-----------------------------------------------------------------------------
                                965.75   data required time
                               -180.50   data arrival time
-----------------------------------------------------------------------------
                                785.25   slack (MET)


Startpoint: instr[20] (input port clocked by clk)
Endpoint: riscv.dp.rf.rf[4][21]$_DFFE_PP_
          (rising edge-triggered flip-flop clocked by clk)
Path Group: clk
Path Type: max

Fanout     Cap    Slew   Delay    Time   Description
-----------------------------------------------------------------------------
                  0.00    0.00    0.00   clock clk (rise edge)
                          0.00    0.00   clock network delay (ideal)
                        118.75  118.75 v input external delay
     1    1.97    0.00    0.00  118.75 v instr[20] (in)
                                         instr[20] (net)
                  0.70    0.22  118.97 v input82/A (BUFx8_ASAP7_75t_R)
    23   37.17   34.48   21.91  140.88 v input82/Y (BUFx8_ASAP7_75t_R)
                                         net44 (net)
                 53.71   13.71  154.59 v place2443/A (BUFx24_ASAP7_75t_R)
   105   95.80   44.46   37.35  191.94 v place2443/Y (BUFx24_ASAP7_75t_R)
                                         net2406 (net)
                 77.12   20.86  212.80 v _09683_/A (AND2x2_ASAP7_75t_R)
     1    0.67    7.89   30.65  243.45 v _09683_/Y (AND2x2_ASAP7_75t_R)
                                         _02699_ (net)
                  7.89    0.02  243.47 v _09684_/B (AO21x1_ASAP7_75t_R)
     1    0.86    8.34   16.04  259.52 v _09684_/Y (AO21x1_ASAP7_75t_R)
                                         _02700_ (net)
                  8.34    0.06  259.57 v _09685_/B (OR2x2_ASAP7_75t_R)
     1    0.57    6.01   15.73  275.30 v _09685_/Y (OR2x2_ASAP7_75t_R)
                                         _02701_ (net)
                  6.01    0.03  275.33 v _09690_/B (OA211x2_ASAP7_75t_R)
     1    0.67    9.32   24.34  299.67 v _09690_/Y (OA211x2_ASAP7_75t_R)
                                         _02706_ (net)
                  9.32    0.02  299.69 v _09697_/B (OR3x1_ASAP7_75t_R)
     1    0.49    8.38   19.32  319.01 v _09697_/Y (OR3x1_ASAP7_75t_R)
                                         _02713_ (net)
                  8.38    0.02  319.03 v _09698_/B (OA211x2_ASAP7_75t_R)
     1    0.71    9.47   25.17  344.21 v _09698_/Y (OA211x2_ASAP7_75t_R)
                                         _02714_ (net)
                  9.47    0.03  344.23 v _09701_/C (OR3x1_ASAP7_75t_R)
     2   10.34   61.23   41.74  385.97 v _09701_/Y (OR3x1_ASAP7_75t_R)
                                         _02717_ (net)
                 66.26    9.27  395.25 v _09709_/A2 (OA21x2_ASAP7_75t_R)
     1    1.64   10.40   30.74  425.99 v _09709_/Y (OA21x2_ASAP7_75t_R)
                                         _02725_ (net)
                 10.41    0.21  426.20 v _09711_/B (XNOR2x2_ASAP7_75t_R)
     2    1.84   10.03   20.41  446.60 v _09711_/Y (XNOR2x2_ASAP7_75t_R)
                                         _02727_ (net)
                 10.03    0.07  446.67 v riscv.dp.alu.sum\\ALU_33_0_33_0_33_unused_CO_X_HAN_CARLSON/_552_/A (XOR2x2_ASAP7_75t_R)
     1    1.06    7.48   19.61  466.28 v riscv.dp.alu.sum\\ALU_33_0_33_0_33_unused_CO_X_HAN_CARLSON/_552_/Y (XOR2x2_ASAP7_75t_R)
                                         riscv.dp.alu.sum\\ALU_33_0_33_0_33_unused_CO_X_HAN_CARLSON/_249_ (net)
                  7.48    0.04  466.31 v riscv.dp.alu.sum\\ALU_33_0_33_0_33_unused_CO_X_HAN_CARLSON/_332_/B (HAxp5_ASAP7_75t_R)
     2    1.45   27.69   28.00  494.32 v riscv.dp.alu.sum\\ALU_33_0_33_0_33_unused_CO_X_HAN_CARLSON/_332_/SN (HAxp5_ASAP7_75t_R)
                                         riscv.dp.alu.sum\\ALU_33_0_33_0_33_unused_CO_X_HAN_CARLSON/_039_ (net)
                 27.69    0.06  494.38 v riscv.dp.alu.sum\\ALU_33_0_33_0_33_unused_CO_X_HAN_CARLSON/_364_/B (OR2x2_ASAP7_75t_R)
     2    1.63    8.91   22.81  517.19 v riscv.dp.alu.sum\\ALU_33_0_33_0_33_unused_CO_X_HAN_CARLSON/_364_/Y (OR2x2_ASAP7_75t_R)
                                         riscv.dp.alu.sum\\ALU_33_0_33_0_33_unused_CO_X_HAN_CARLSON/_081_ (net)
                  8.92    0.10  517.29 v riscv.dp.alu.sum\\ALU_33_0_33_0_33_unused_CO_X_HAN_CARLSON/_365_/C (OR3x1_ASAP7_75t_R)
     3    3.18   21.53   27.98  545.26 v riscv.dp.alu.sum\\ALU_33_0_33_0_33_unused_CO_X_HAN_CARLSON/_365_/Y (OR3x1_ASAP7_75t_R)
                                         riscv.dp.alu.sum\\ALU_33_0_33_0_33_unused_CO_X_HAN_CARLSON/_082_ (net)
                 21.54    0.11  545.38 v riscv.dp.alu.sum\\ALU_33_0_33_0_33_unused_CO_X_HAN_CARLSON/_366_/B (NOR2x1_ASAP7_75t_R)
     1    0.67   11.56    9.10  554.47 ^ riscv.dp.alu.sum\\ALU_33_0_33_0_33_unused_CO_X_HAN_CARLSON/_366_/Y (NOR2x1_ASAP7_75t_R)
                                         riscv.dp.alu.sum\\ALU_33_0_33_0_33_unused_CO_X_HAN_CARLSON/_083_ (net)
                 11.56    0.02  554.50 ^ riscv.dp.alu.sum\\ALU_33_0_33_0_33_unused_CO_X_HAN_CARLSON/_371_/A2 (AO21x1_ASAP7_75t_R)
     3    3.12   22.03   20.93  575.43 ^ riscv.dp.alu.sum\\ALU_33_0_33_0_33_unused_CO_X_HAN_CARLSON/_371_/Y (AO21x1_ASAP7_75t_R)
                                         riscv.dp.alu.sum\\ALU_33_0_33_0_33_unused_CO_X_HAN_CARLSON/_088_ (net)
                 22.04    0.28  575.71 ^ riscv.dp.alu.sum\\ALU_33_0_33_0_33_unused_CO_X_HAN_CARLSON/place1751/A (BUFx3_ASAP7_75t_R)
     1    1.10    6.07   15.78  591.49 ^ riscv.dp.alu.sum\\ALU_33_0_33_0_33_unused_CO_X_HAN_CARLSON/place1751/Y (BUFx3_ASAP7_75t_R)
                                         riscv.dp.alu.sum\\ALU_33_0_33_0_33_unused_CO_X_HAN_CARLSON/net1714 (net)
                  6.07    0.04  591.53 ^ riscv.dp.alu.sum\\ALU_33_0_33_0_33_unused_CO_X_HAN_CARLSON/_372_/B (XNOR2x2_ASAP7_75t_R)
     1    0.66    6.54   23.41  614.94 v riscv.dp.alu.sum\\ALU_33_0_33_0_33_unused_CO_X_HAN_CARLSON/_372_/Y (XNOR2x2_ASAP7_75t_R)
                                         riscv.dp.alu.sum[15] (net)
                  6.54    0.02  614.97 v _11326_/A1 (AO222x2_ASAP7_75t_R)
     1    0.55    9.84   28.63  643.60 v _11326_/Y (AO222x2_ASAP7_75t_R)
                                         _04295_ (net)
                  9.84    0.02  643.62 v _11347_/B2 (AO32x2_ASAP7_75t_R)
     3   11.69   41.42   38.80  682.42 v _11347_/Y (AO32x2_ASAP7_75t_R)
                                         net71 (net)
                 47.77    8.43  690.85 v dmem/place1738/A (BUFx3_ASAP7_75t_R)
     4   12.15   26.11   30.43  721.28 v dmem/place1738/Y (BUFx3_ASAP7_75t_R)
                                         dmem/net1701 (net)
                 26.14    0.67  721.95 v dmem/place1736/A (BUFx6f_ASAP7_75t_R)
    21   41.88   45.75   22.54  744.49 v dmem/place1736/Y (BUFx6f_ASAP7_75t_R)
                                         dmem/net1699 (net)
                 80.04   22.03  766.51 v dmem/_160_/A (NAND2x1_ASAP7_75t_R)
     1   13.99  103.85   64.48  831.00 ^ dmem/_160_/Y (NAND2x1_ASAP7_75t_R)
                                         dmem/_018_ (net)
                114.77   17.50  848.50 ^ dmem/_162_/A2 (OAI21x1_ASAP7_75t_R)
     1    0.83   21.24   13.74  862.24 v dmem/_162_/Y (OAI21x1_ASAP7_75t_R)
                                         dmem/_020_ (net)
                 21.24    0.05  862.29 v dmem/_164_/A2 (AO21x1_ASAP7_75t_R)
     1   12.28   69.76   41.04  903.32 v dmem/_164_/Y (AO21x1_ASAP7_75t_R)
                                         readdata[21] (net)
                 79.05   13.18  916.50 v _12234_/A1 (AO21x1_ASAP7_75t_R)
     1    0.98    9.98   29.56  946.06 v _12234_/Y (AO21x1_ASAP7_75t_R)
                                         _05162_ (net)
                  9.99    0.07  946.13 v _12235_/A2 (AO21x1_ASAP7_75t_R)
     1    1.15   11.46   16.17  962.30 v _12235_/Y (AO21x1_ASAP7_75t_R)
                                         _05163_ (net)
                 11.46    0.04  962.34 v _12236_/B (NAND2x1_ASAP7_75t_R)
     1    2.44   36.30   12.99  975.33 ^ _12236_/Y (NAND2x1_ASAP7_75t_R)
                                         _05164_ (net)
                 36.30    0.49  975.82 ^ _12238_/B1 (OAI22x1_ASAP7_75t_R)
     2    5.37   49.88   22.09  997.91 v _12238_/Y (OAI22x1_ASAP7_75t_R)
                                         _05166_ (net)
                 50.25    2.34 1000.25 v place1625/A (BUFx3_ASAP7_75t_R)
    13   10.26   22.71   31.04 1031.29 v place1625/Y (BUFx3_ASAP7_75t_R)
                                         net1588 (net)
                 22.74    0.48 1031.76 v _14200_/A2 (OA21x2_ASAP7_75t_R)
     1    0.69    7.14   20.65 1052.41 v _14200_/Y (OA21x2_ASAP7_75t_R)
                                         _07126_ (net)
                  7.14    0.03 1052.44 v riscv.dp.rf.rf[4][21]$_DFFE_PP_/D (DFFHQNx1_ASAP7_75t_R)
                               1052.44   data arrival time

                  0.00  950.00  950.00   clock clk (rise edge)
                          0.00  950.00   clock network delay (ideal)
                          0.00  950.00   clock reconvergence pessimism
                                950.00 ^ riscv.dp.rf.rf[4][21]$_DFFE_PP_/CLK (DFFHQNx1_ASAP7_75t_R)
                         -8.02  941.98   library setup time
                                941.98   data required time
-----------------------------------------------------------------------------
                                941.98   data required time
                               -1052.44   data arrival time
-----------------------------------------------------------------------------
                               -110.45   slack (VIOLATED)



==========================================================================
detailed place report_checks -unconstrained
--------------------------------------------------------------------------
Startpoint: reset (input port clocked by clk)
Endpoint: riscv.dp.pcreg.q[7]$_DFF_PP0_
          (recovery check against rising-edge clock clk)
Path Group: asynchronous
Path Type: max

Fanout     Cap    Slew   Delay    Time   Description
-----------------------------------------------------------------------------
                  0.00    0.00    0.00   clock clk (rise edge)
                          0.00    0.00   clock network delay (ideal)
                        118.75  118.75 v input external delay
     1    1.53    0.00    0.00  118.75 v reset (in)
                                         reset (net)
                  0.47    0.15  118.90 v input102/A (BUFx2_ASAP7_75t_R)
     1    0.70    5.10   10.77  129.67 v input102/Y (BUFx2_ASAP7_75t_R)
                                         net64 (net)
                  5.10    0.02  129.69 v _14755_/A (INVx1_ASAP7_75t_R)
     1    0.95    7.60    5.78  135.47 ^ _14755_/Y (INVx1_ASAP7_75t_R)
                                         _07680_ (net)
                  7.61    0.06  135.53 ^ place2387/A (BUFx3_ASAP7_75t_R)
    32   31.29   71.69   36.06  171.59 ^ place2387/Y (BUFx3_ASAP7_75t_R)
                                         net2350 (net)
                 75.53    8.91  180.50 ^ riscv.dp.pcreg.q[7]$_DFF_PP0_/RESETN (DFFASRHQNx1_ASAP7_75t_R)
                                180.50   data arrival time

                  0.00  950.00  950.00   clock clk (rise edge)
                          0.00  950.00   clock network delay (ideal)
                          0.00  950.00   clock reconvergence pessimism
                                950.00 ^ riscv.dp.pcreg.q[7]$_DFF_PP0_/CLK (DFFASRHQNx1_ASAP7_75t_R)
                         15.75  965.75   library recovery time
                                965.75   data required time
-----------------------------------------------------------------------------
                                965.75   data required time
                               -180.50   data arrival time
-----------------------------------------------------------------------------
                                785.25   slack (MET)


Startpoint: instr[20] (input port clocked by clk)
Endpoint: riscv.dp.rf.rf[4][21]$_DFFE_PP_
          (rising edge-triggered flip-flop clocked by clk)
Path Group: clk
Path Type: max

Fanout     Cap    Slew   Delay    Time   Description
-----------------------------------------------------------------------------
                  0.00    0.00    0.00   clock clk (rise edge)
                          0.00    0.00   clock network delay (ideal)
                        118.75  118.75 v input external delay
     1    1.97    0.00    0.00  118.75 v instr[20] (in)
                                         instr[20] (net)
                  0.70    0.22  118.97 v input82/A (BUFx8_ASAP7_75t_R)
    23   37.17   34.48   21.91  140.88 v input82/Y (BUFx8_ASAP7_75t_R)
                                         net44 (net)
                 53.71   13.71  154.59 v place2443/A (BUFx24_ASAP7_75t_R)
   105   95.80   44.46   37.35  191.94 v place2443/Y (BUFx24_ASAP7_75t_R)
                                         net2406 (net)
                 77.12   20.86  212.80 v _09683_/A (AND2x2_ASAP7_75t_R)
     1    0.67    7.89   30.65  243.45 v _09683_/Y (AND2x2_ASAP7_75t_R)
                                         _02699_ (net)
                  7.89    0.02  243.47 v _09684_/B (AO21x1_ASAP7_75t_R)
     1    0.86    8.34   16.04  259.52 v _09684_/Y (AO21x1_ASAP7_75t_R)
                                         _02700_ (net)
                  8.34    0.06  259.57 v _09685_/B (OR2x2_ASAP7_75t_R)
     1    0.57    6.01   15.73  275.30 v _09685_/Y (OR2x2_ASAP7_75t_R)
                                         _02701_ (net)
                  6.01    0.03  275.33 v _09690_/B (OA211x2_ASAP7_75t_R)
     1    0.67    9.32   24.34  299.67 v _09690_/Y (OA211x2_ASAP7_75t_R)
                                         _02706_ (net)
                  9.32    0.02  299.69 v _09697_/B (OR3x1_ASAP7_75t_R)
     1    0.49    8.38   19.32  319.01 v _09697_/Y (OR3x1_ASAP7_75t_R)
                                         _02713_ (net)
                  8.38    0.02  319.03 v _09698_/B (OA211x2_ASAP7_75t_R)
     1    0.71    9.47   25.17  344.21 v _09698_/Y (OA211x2_ASAP7_75t_R)
                                         _02714_ (net)
                  9.47    0.03  344.23 v _09701_/C (OR3x1_ASAP7_75t_R)
     2   10.34   61.23   41.74  385.97 v _09701_/Y (OR3x1_ASAP7_75t_R)
                                         _02717_ (net)
                 66.26    9.27  395.25 v _09709_/A2 (OA21x2_ASAP7_75t_R)
     1    1.64   10.40   30.74  425.99 v _09709_/Y (OA21x2_ASAP7_75t_R)
                                         _02725_ (net)
                 10.41    0.21  426.20 v _09711_/B (XNOR2x2_ASAP7_75t_R)
     2    1.84   10.03   20.41  446.60 v _09711_/Y (XNOR2x2_ASAP7_75t_R)
                                         _02727_ (net)
                 10.03    0.07  446.67 v riscv.dp.alu.sum\\ALU_33_0_33_0_33_unused_CO_X_HAN_CARLSON/_552_/A (XOR2x2_ASAP7_75t_R)
     1    1.06    7.48   19.61  466.28 v riscv.dp.alu.sum\\ALU_33_0_33_0_33_unused_CO_X_HAN_CARLSON/_552_/Y (XOR2x2_ASAP7_75t_R)
                                         riscv.dp.alu.sum\\ALU_33_0_33_0_33_unused_CO_X_HAN_CARLSON/_249_ (net)
                  7.48    0.04  466.31 v riscv.dp.alu.sum\\ALU_33_0_33_0_33_unused_CO_X_HAN_CARLSON/_332_/B (HAxp5_ASAP7_75t_R)
     2    1.45   27.69   28.00  494.32 v riscv.dp.alu.sum\\ALU_33_0_33_0_33_unused_CO_X_HAN_CARLSON/_332_/SN (HAxp5_ASAP7_75t_R)
                                         riscv.dp.alu.sum\\ALU_33_0_33_0_33_unused_CO_X_HAN_CARLSON/_039_ (net)
                 27.69    0.06  494.38 v riscv.dp.alu.sum\\ALU_33_0_33_0_33_unused_CO_X_HAN_CARLSON/_364_/B (OR2x2_ASAP7_75t_R)
     2    1.63    8.91   22.81  517.19 v riscv.dp.alu.sum\\ALU_33_0_33_0_33_unused_CO_X_HAN_CARLSON/_364_/Y (OR2x2_ASAP7_75t_R)
                                         riscv.dp.alu.sum\\ALU_33_0_33_0_33_unused_CO_X_HAN_CARLSON/_081_ (net)
                  8.92    0.10  517.29 v riscv.dp.alu.sum\\ALU_33_0_33_0_33_unused_CO_X_HAN_CARLSON/_365_/C (OR3x1_ASAP7_75t_R)
     3    3.18   21.53   27.98  545.26 v riscv.dp.alu.sum\\ALU_33_0_33_0_33_unused_CO_X_HAN_CARLSON/_365_/Y (OR3x1_ASAP7_75t_R)
                                         riscv.dp.alu.sum\\ALU_33_0_33_0_33_unused_CO_X_HAN_CARLSON/_082_ (net)
                 21.54    0.11  545.38 v riscv.dp.alu.sum\\ALU_33_0_33_0_33_unused_CO_X_HAN_CARLSON/_366_/B (NOR2x1_ASAP7_75t_R)
     1    0.67   11.56    9.10  554.47 ^ riscv.dp.alu.sum\\ALU_33_0_33_0_33_unused_CO_X_HAN_CARLSON/_366_/Y (NOR2x1_ASAP7_75t_R)
                                         riscv.dp.alu.sum\\ALU_33_0_33_0_33_unused_CO_X_HAN_CARLSON/_083_ (net)
                 11.56    0.02  554.50 ^ riscv.dp.alu.sum\\ALU_33_0_33_0_33_unused_CO_X_HAN_CARLSON/_371_/A2 (AO21x1_ASAP7_75t_R)
     3    3.12   22.03   20.93  575.43 ^ riscv.dp.alu.sum\\ALU_33_0_33_0_33_unused_CO_X_HAN_CARLSON/_371_/Y (AO21x1_ASAP7_75t_R)
                                         riscv.dp.alu.sum\\ALU_33_0_33_0_33_unused_CO_X_HAN_CARLSON/_088_ (net)
                 22.04    0.28  575.71 ^ riscv.dp.alu.sum\\ALU_33_0_33_0_33_unused_CO_X_HAN_CARLSON/place1751/A (BUFx3_ASAP7_75t_R)
     1    1.10    6.07   15.78  591.49 ^ riscv.dp.alu.sum\\ALU_33_0_33_0_33_unused_CO_X_HAN_CARLSON/place1751/Y (BUFx3_ASAP7_75t_R)
                                         riscv.dp.alu.sum\\ALU_33_0_33_0_33_unused_CO_X_HAN_CARLSON/net1714 (net)
                  6.07    0.04  591.53 ^ riscv.dp.alu.sum\\ALU_33_0_33_0_33_unused_CO_X_HAN_CARLSON/_372_/B (XNOR2x2_ASAP7_75t_R)
     1    0.66    6.54   23.41  614.94 v riscv.dp.alu.sum\\ALU_33_0_33_0_33_unused_CO_X_HAN_CARLSON/_372_/Y (XNOR2x2_ASAP7_75t_R)
                                         riscv.dp.alu.sum[15] (net)
                  6.54    0.02  614.97 v _11326_/A1 (AO222x2_ASAP7_75t_R)
     1    0.55    9.84   28.63  643.60 v _11326_/Y (AO222x2_ASAP7_75t_R)
                                         _04295_ (net)
                  9.84    0.02  643.62 v _11347_/B2 (AO32x2_ASAP7_75t_R)
     3   11.69   41.42   38.80  682.42 v _11347_/Y (AO32x2_ASAP7_75t_R)
                                         net71 (net)
                 47.77    8.43  690.85 v dmem/place1738/A (BUFx3_ASAP7_75t_R)
     4   12.15   26.11   30.43  721.28 v dmem/place1738/Y (BUFx3_ASAP7_75t_R)
                                         dmem/net1701 (net)
                 26.14    0.67  721.95 v dmem/place1736/A (BUFx6f_ASAP7_75t_R)
    21   41.88   45.75   22.54  744.49 v dmem/place1736/Y (BUFx6f_ASAP7_75t_R)
                                         dmem/net1699 (net)
                 80.04   22.03  766.51 v dmem/_160_/A (NAND2x1_ASAP7_75t_R)
     1   13.99  103.85   64.48  831.00 ^ dmem/_160_/Y (NAND2x1_ASAP7_75t_R)
                                         dmem/_018_ (net)
                114.77   17.50  848.50 ^ dmem/_162_/A2 (OAI21x1_ASAP7_75t_R)
     1    0.83   21.24   13.74  862.24 v dmem/_162_/Y (OAI21x1_ASAP7_75t_R)
                                         dmem/_020_ (net)
                 21.24    0.05  862.29 v dmem/_164_/A2 (AO21x1_ASAP7_75t_R)
     1   12.28   69.76   41.04  903.32 v dmem/_164_/Y (AO21x1_ASAP7_75t_R)
                                         readdata[21] (net)
                 79.05   13.18  916.50 v _12234_/A1 (AO21x1_ASAP7_75t_R)
     1    0.98    9.98   29.56  946.06 v _12234_/Y (AO21x1_ASAP7_75t_R)
                                         _05162_ (net)
                  9.99    0.07  946.13 v _12235_/A2 (AO21x1_ASAP7_75t_R)
     1    1.15   11.46   16.17  962.30 v _12235_/Y (AO21x1_ASAP7_75t_R)
                                         _05163_ (net)
                 11.46    0.04  962.34 v _12236_/B (NAND2x1_ASAP7_75t_R)
     1    2.44   36.30   12.99  975.33 ^ _12236_/Y (NAND2x1_ASAP7_75t_R)
                                         _05164_ (net)
                 36.30    0.49  975.82 ^ _12238_/B1 (OAI22x1_ASAP7_75t_R)
     2    5.37   49.88   22.09  997.91 v _12238_/Y (OAI22x1_ASAP7_75t_R)
                                         _05166_ (net)
                 50.25    2.34 1000.25 v place1625/A (BUFx3_ASAP7_75t_R)
    13   10.26   22.71   31.04 1031.29 v place1625/Y (BUFx3_ASAP7_75t_R)
                                         net1588 (net)
                 22.74    0.48 1031.76 v _14200_/A2 (OA21x2_ASAP7_75t_R)
     1    0.69    7.14   20.65 1052.41 v _14200_/Y (OA21x2_ASAP7_75t_R)
                                         _07126_ (net)
                  7.14    0.03 1052.44 v riscv.dp.rf.rf[4][21]$_DFFE_PP_/D (DFFHQNx1_ASAP7_75t_R)
                               1052.44   data arrival time

                  0.00  950.00  950.00   clock clk (rise edge)
                          0.00  950.00   clock network delay (ideal)
                          0.00  950.00   clock reconvergence pessimism
                                950.00 ^ riscv.dp.rf.rf[4][21]$_DFFE_PP_/CLK (DFFHQNx1_ASAP7_75t_R)
                         -8.02  941.98   library setup time
                                941.98   data required time
-----------------------------------------------------------------------------
                                941.98   data required time
                               -1052.44   data arrival time
-----------------------------------------------------------------------------
                               -110.45   slack (VIOLATED)



==========================================================================
detailed place report_check_types -max_slew -max_cap -max_fanout -violators
--------------------------------------------------------------------------

==========================================================================
detailed place max_slew_check_slack
--------------------------------------------------------------------------
149.00845336914062

==========================================================================
detailed place max_slew_check_limit
--------------------------------------------------------------------------
320.0

==========================================================================
detailed place max_slew_check_slack_limit
--------------------------------------------------------------------------
0.4657

==========================================================================
detailed place max_fanout_check_slack
--------------------------------------------------------------------------
1.0000000150474662e+30

==========================================================================
detailed place max_fanout_check_limit
--------------------------------------------------------------------------
1.0000000150474662e+30

==========================================================================
detailed place max_capacitance_check_slack
--------------------------------------------------------------------------
6.2712507247924805

==========================================================================
detailed place max_capacitance_check_limit
--------------------------------------------------------------------------
23.040000915527344

==========================================================================
detailed place max_capacitance_check_slack_limit
--------------------------------------------------------------------------
0.2722

==========================================================================
detailed place max_slew_violation_count
--------------------------------------------------------------------------
max slew violation count 0

==========================================================================
detailed place max_fanout_violation_count
--------------------------------------------------------------------------
max fanout violation count 0

==========================================================================
detailed place max_cap_violation_count
--------------------------------------------------------------------------
max cap violation count 0

==========================================================================
detailed place setup_violation_count
--------------------------------------------------------------------------
setup violation count 23

==========================================================================
detailed place hold_violation_count
--------------------------------------------------------------------------
hold violation count 0

==========================================================================
detailed place report_checks -path_delay max reg to reg
--------------------------------------------------------------------------
Startpoint: riscv.dp.pcreg.q[31]$_DFF_PP0_
            (rising edge-triggered flip-flop clocked by clk)
Endpoint: riscv.dp.rf.rf[4][21]$_DFFE_PP_
          (rising edge-triggered flip-flop clocked by clk)
Path Group: clk
Path Type: max

  Delay    Time   Description
---------------------------------------------------------
   0.00    0.00   clock clk (rise edge)
   0.00    0.00   clock network delay (ideal)
   0.00    0.00 ^ riscv.dp.pcreg.q[31]$_DFF_PP0_/CLK (DFFASRHQNx1_ASAP7_75t_R)
  39.38   39.38 v riscv.dp.pcreg.q[31]$_DFF_PP0_/QN (DFFASRHQNx1_ASAP7_75t_R)
  24.35   63.74 v place2386/Y (BUFx3_ASAP7_75t_R)
  14.66   78.40 ^ _09833_/Y (INVx13_ASAP7_75t_R)
  52.24  130.64 ^ place2370/Y (BUFx6f_ASAP7_75t_R)
  22.93  153.57 v _11622_/Y (NAND2x2_ASAP7_75t_R)
  32.79  186.36 v place2336/Y (BUFx24_ASAP7_75t_R)
  91.37  277.73 v _09040_/Y (OA211x2_ASAP7_75t_R)
  16.85  294.58 v _09046_/Y (AO21x1_ASAP7_75t_R)
  17.42  312.00 v _09053_/Y (OA21x2_ASAP7_75t_R)
  21.64  333.64 v _09086_/Y (AO221x1_ASAP7_75t_R)
  27.20  360.83 v _09089_/Y (AO21x1_ASAP7_75t_R)
  31.29  392.13 v _09092_/Y (AO21x1_ASAP7_75t_R)
  27.17  419.30 v _09093_/Y (XNOR2x2_ASAP7_75t_R)
  20.85  440.15 v riscv.dp.alu.sum\\ALU_33_0_33_0_33_unused_CO_X_HAN_CARLSON/_542_/Y (XOR2x2_ASAP7_75t_R)
  16.20  456.35 ^ riscv.dp.alu.sum\\ALU_33_0_33_0_33_unused_CO_X_HAN_CARLSON/_342_/CON (HAxp5_ASAP7_75t_R)
  16.03  472.39 v riscv.dp.alu.sum\\ALU_33_0_33_0_33_unused_CO_X_HAN_CARLSON/_342_/SN (HAxp5_ASAP7_75t_R)
  19.92  492.31 v riscv.dp.alu.sum\\ALU_33_0_33_0_33_unused_CO_X_HAN_CARLSON/place1773/Y (BUFx3_ASAP7_75t_R)
   9.87  502.17 ^ riscv.dp.alu.sum\\ALU_33_0_33_0_33_unused_CO_X_HAN_CARLSON/_578_/Y (OAI21x1_ASAP7_75t_R)
  29.24  531.42 ^ riscv.dp.alu.sum\\ALU_33_0_33_0_33_unused_CO_X_HAN_CARLSON/_591_/Y (AO221x2_ASAP7_75t_R)
  20.76  552.18 ^ riscv.dp.alu.sum\\ALU_33_0_33_0_33_unused_CO_X_HAN_CARLSON/_371_/Y (AO21x1_ASAP7_75t_R)
  16.06  568.24 ^ riscv.dp.alu.sum\\ALU_33_0_33_0_33_unused_CO_X_HAN_CARLSON/place1751/Y (BUFx3_ASAP7_75t_R)
  23.46  591.70 v riscv.dp.alu.sum\\ALU_33_0_33_0_33_unused_CO_X_HAN_CARLSON/_372_/Y (XNOR2x2_ASAP7_75t_R)
  28.65  620.35 v _11326_/Y (AO222x2_ASAP7_75t_R)
  38.82  659.17 v _11347_/Y (AO32x2_ASAP7_75t_R)
  38.86  698.04 v dmem/place1738/Y (BUFx3_ASAP7_75t_R)
  23.20  721.24 v dmem/place1736/Y (BUFx6f_ASAP7_75t_R)
  86.51  807.75 ^ dmem/_160_/Y (NAND2x1_ASAP7_75t_R)
  31.24  838.99 v dmem/_162_/Y (OAI21x1_ASAP7_75t_R)
  41.08  880.07 v dmem/_164_/Y (AO21x1_ASAP7_75t_R)
  42.73  922.81 v _12234_/Y (AO21x1_ASAP7_75t_R)
  16.24  939.05 v _12235_/Y (AO21x1_ASAP7_75t_R)
  13.03  952.08 ^ _12236_/Y (NAND2x1_ASAP7_75t_R)
  22.58  974.66 v _12238_/Y (OAI22x1_ASAP7_75t_R)
  33.38 1008.04 v place1625/Y (BUFx3_ASAP7_75t_R)
  21.12 1029.16 v _14200_/Y (OA21x2_ASAP7_75t_R)
   0.03 1029.19 v riscv.dp.rf.rf[4][21]$_DFFE_PP_/D (DFFHQNx1_ASAP7_75t_R)
        1029.19   data arrival time

 950.00  950.00   clock clk (rise edge)
   0.00  950.00   clock network delay (ideal)
   0.00  950.00   clock reconvergence pessimism
         950.00 ^ riscv.dp.rf.rf[4][21]$_DFFE_PP_/CLK (DFFHQNx1_ASAP7_75t_R)
  -8.02  941.98   library setup time
         941.98   data required time
---------------------------------------------------------
         941.98   data required time
        -1029.19   data arrival time
---------------------------------------------------------
         -87.20   slack (VIOLATED)



==========================================================================
detailed place report_checks -path_delay min reg to reg
--------------------------------------------------------------------------
Startpoint: riscv.dp.rf.rf[0][0]$_DFFE_PP_
            (rising edge-triggered flip-flop clocked by clk)
Endpoint: riscv.dp.rf.rf[0][0]$_DFFE_PP_
          (rising edge-triggered flip-flop clocked by clk)
Path Group: clk
Path Type: min

  Delay    Time   Description
---------------------------------------------------------
   0.00    0.00   clock clk (rise edge)
   0.00    0.00   clock network delay (ideal)
   0.00    0.00 ^ riscv.dp.rf.rf[0][0]$_DFFE_PP_/CLK (DFFHQNx1_ASAP7_75t_R)
  37.03   37.03 ^ riscv.dp.rf.rf[0][0]$_DFFE_PP_/QN (DFFHQNx1_ASAP7_75t_R)
   7.03   44.06 v _08716_/Y (INVx1_ASAP7_75t_R)
   0.02   44.08 v riscv.dp.rf.rf[0][0]$_DFFE_PP_/D (DFFHQNx1_ASAP7_75t_R)
          44.08   data arrival time

   0.00    0.00   clock clk (rise edge)
   0.00    0.00   clock network delay (ideal)
   0.00    0.00   clock reconvergence pessimism
           0.00 ^ riscv.dp.rf.rf[0][0]$_DFFE_PP_/CLK (DFFHQNx1_ASAP7_75t_R)
   8.48    8.48   library hold time
           8.48   data required time
---------------------------------------------------------
           8.48   data required time
         -44.08   data arrival time
---------------------------------------------------------
          35.60   slack (MET)



==========================================================================
detailed place critical path target clock latency max path
--------------------------------------------------------------------------
0.0000

==========================================================================
detailed place critical path target clock latency min path
--------------------------------------------------------------------------
0.0000

==========================================================================
detailed place critical path source clock latency min path
--------------------------------------------------------------------------
0.0000

==========================================================================
detailed place critical path delay
--------------------------------------------------------------------------
1052.4362

==========================================================================
detailed place critical path slack
--------------------------------------------------------------------------
-110.4519

==========================================================================
detailed place slack div critical path delay
--------------------------------------------------------------------------
-10.494878

==========================================================================
detailed place report_power
--------------------------------------------------------------------------
Group                  Internal  Switching    Leakage      Total
                          Power      Power      Power      Power (Watts)
----------------------------------------------------------------
Sequential             2.30e-04   3.38e-05   1.28e-07   2.64e-04   0.9%
Combinational          4.86e-03   7.29e-03   7.19e-07   1.21e-02  42.9%
Clock                  0.00e+00   0.00e+00   0.00e+00   0.00e+00   0.0%
Macro                  1.54e-02   0.00e+00   5.16e-04   1.59e-02  56.2%
Pad                    0.00e+00   0.00e+00   0.00e+00   0.00e+00   0.0%
----------------------------------------------------------------
Total                  2.05e-02   7.32e-03   5.16e-04   2.83e-02 100.0%
                          72.3%      25.8%       1.8%
